probe ok 1/3 2026-09-10T11:53:28Z
probe ok 2/3 2026-09-10T11:58:33Z
probe ok 3/3 2026-09-10T12:03:39Z
shared start 2026-09-10T12:03:39Z
shared done 2026-09-10T13:31:57Z {"usd": 8.68, "cap": 330.0, "by_run": {"e3-probe": 0.0, "e3-shared": 8.68}, "ts"
probe ok 1/3 2026-09-10T13:32:08Z
probe ok 2/3 2026-09-10T13:37:13Z
probe ok 3/3 2026-09-10T13:42:17Z
A start 2026-09-10T13:42:17Z
A done 2026-09-10T17:30:49Z {"usd": 41.95, "cap": 330.0, "by_run": {"e3-A": 33.27, "e3-probe": 0.0, "e3-shar
probe ok 1/3 2026-09-10T17:30:58Z
probe ok 2/3 2026-09-10T17:36:02Z
probe ok 3/3 2026-09-10T17:41:06Z
G start 2026-09-10T17:41:06Z
G done 2026-09-10T23:07:33Z {"usd": 69.58, "cap": 330.0, "by_run": {"e3-A": 33.27, "e3-G": 27.63, "e3-probe"
probe ok 1/3 2026-09-10T23:07:42Z
probe ok 2/3 2026-09-10T23:12:46Z
probe ok 3/3 2026-09-10T23:17:50Z
R start 2026-09-10T23:17:50Z
R done 2026-09-11T02:47:50Z {"usd": 87.36, "cap": 330.0, "by_run": {"e3-A": 33.27, "e3-G": 27.63, "e3-R": 17
probe ok 1/3 2026-09-11T02:47:58Z
probe ok 2/3 2026-09-11T02:53:03Z
probe ok 3/3 2026-09-11T02:58:07Z
h100 start 2026-09-11T02:58:07Z
h100 done 2026-09-11T03:22:57Z {"usd": 92.2, "cap": 330.0, "by_run": {"e3-A": 33.27, "e3-G": 27.63, "e3-H100":
probe ok 1/3 2026-09-11T03:23:06Z
probe ok 2/3 2026-09-11T03:28:11Z
probe ok 3/3 2026-09-11T03:33:15Z
confirm start 2026-09-11T03:33:15Z
confirm done 2026-09-11T05:43:24Z {"usd": 109.08, "cap": 330.0, "by_run": {"e3-A": 33.27, "e3-G": 27.63, "e3-H100"
tables done 2026-09-11T05:43:39Z
E3_DONE
