
  0%|          | 0/8810 [00:00<?, ?it/s]
  2%|▏         | 181/8810 [00:00<00:05, 1535.56it/s]
  4%|▍         | 382/8810 [00:00<00:04, 1784.49it/s]
  7%|▋         | 594/8810 [00:00<00:04, 1925.84it/s]
  9%|▉         | 789/8810 [00:00<00:04, 1650.38it/s]
 11%|█         | 960/8810 [00:00<00:05, 1535.37it/s]
 13%|█▎        | 1118/8810 [00:00<00:05, 1456.43it/s]
 14%|█▍        | 1267/8810 [00:00<00:05, 1460.04it/s]
 16%|█▌        | 1415/8810 [00:00<00:05, 1293.16it/s]
 18%|█▊        | 1548/8810 [00:01<00:05, 1241.52it/s]
 19%|█▉        | 1690/8810 [00:01<00:05, 1287.38it/s]
 21%|██        | 1822/8810 [00:01<00:05, 1263.51it/s]
 22%|██▏       | 1971/8810 [00:01<00:05, 1326.00it/s]
 24%|██▍       | 2133/8810 [00:01<00:04, 1409.00it/s]
 26%|██▌       | 2276/8810 [00:01<00:05, 1277.05it/s]
 28%|██▊       | 2447/8810 [00:01<00:04, 1389.26it/s]
 30%|██▉       | 2615/8810 [00:01<00:04, 1468.75it/s]
 31%|███▏      | 2765/8810 [00:01<00:04, 1396.16it/s]
 33%|███▎      | 2914/8810 [00:02<00:04, 1419.15it/s]
 35%|███▍      | 3058/8810 [00:02<00:04, 1355.92it/s]
 36%|███▋      | 3201/8810 [00:02<00:04, 1374.04it/s]
 38%|███▊      | 3362/8810 [00:02<00:03, 1434.69it/s]
 40%|███▉      | 3507/8810 [00:02<00:04, 1252.10it/s]
 42%|████▏     | 3679/8810 [00:02<00:03, 1372.07it/s]
 43%|████▎     | 3822/8810 [00:02<00:03, 1387.18it/s]
 45%|████▌     | 3973/8810 [00:02<00:03, 1416.50it/s]
 47%|████▋     | 4168/8810 [00:02<00:02, 1566.35it/s]
 49%|████▉     | 4328/8810 [00:03<00:03, 1469.33it/s]
 51%|█████     | 4500/8810 [00:03<00:02, 1536.61it/s]
 53%|█████▎    | 4657/8810 [00:03<00:02, 1432.56it/s]
 55%|█████▍    | 4804/8810 [00:03<00:02, 1418.72it/s]
 56%|█████▌    | 4948/8810 [00:03<00:03, 1280.83it/s]
 58%|█████▊    | 5101/8810 [00:03<00:02, 1343.00it/s]
 60%|█████▉    | 5274/8810 [00:03<00:02, 1441.32it/s]
 62%|██████▏   | 5422/8810 [00:03<00:02, 1379.21it/s]
 64%|██████▎   | 5597/8810 [00:03<00:02, 1478.56it/s]
 65%|██████▌   | 5754/8810 [00:04<00:02, 1469.08it/s]
 67%|██████▋   | 5903/8810 [00:04<00:02, 1414.04it/s]
 69%|██████▊   | 6046/8810 [00:04<00:02, 1311.05it/s]
 70%|███████   | 6204/8810 [00:04<00:01, 1380.49it/s]
 72%|███████▏  | 6366/8810 [00:04<00:01, 1445.58it/s]
 74%|███████▍  | 6513/8810 [00:04<00:01, 1378.30it/s]
 76%|███████▋  | 6739/8810 [00:04<00:01, 1619.68it/s]
 79%|███████▊  | 6935/8810 [00:04<00:01, 1714.52it/s]
 81%|████████  | 7110/8810 [00:04<00:01, 1623.68it/s]
 83%|████████▎ | 7276/8810 [00:05<00:00, 1610.22it/s]
 84%|████████▍ | 7443/8810 [00:05<00:00, 1625.09it/s]
 86%|████████▋ | 7607/8810 [00:05<00:00, 1556.90it/s]
 88%|████████▊ | 7765/8810 [00:05<00:00, 1509.72it/s]
 90%|█████████ | 7933/8810 [00:05<00:00, 1556.17it/s]
 92%|█████████▏| 8090/8810 [00:05<00:00, 1393.31it/s]
 93%|█████████▎| 8237/8810 [00:05<00:00, 1413.60it/s]
 95%|█████████▌| 8382/8810 [00:05<00:00, 1377.10it/s]
 97%|█████████▋| 8553/8810 [00:05<00:00, 1468.77it/s]
 99%|█████████▉| 8702/8810 [00:06<00:00, 1439.43it/s]
100%|██████████| 8810/8810 [00:06<00:00, 1444.39it/s]
