
  0%|          | 0/8810 [00:00<?, ?it/s]
  4%|▍         | 344/8810 [00:00<00:02, 3430.16it/s]
  8%|▊         | 696/8810 [00:00<00:02, 3456.78it/s]
 12%|█▏        | 1042/8810 [00:00<00:02, 3168.64it/s]
 15%|█▌        | 1362/8810 [00:00<00:02, 3039.35it/s]
 19%|█▉        | 1668/8810 [00:00<00:02, 2843.24it/s]
 22%|██▏       | 1955/8810 [00:00<00:02, 2731.30it/s]
 26%|██▌       | 2260/8810 [00:00<00:02, 2825.72it/s]
 29%|██▉       | 2545/8810 [00:00<00:02, 2747.65it/s]
 32%|███▏      | 2822/8810 [00:00<00:02, 2650.43it/s]
 35%|███▌      | 3101/8810 [00:01<00:02, 2685.45it/s]
 39%|███▊      | 3392/8810 [00:01<00:01, 2749.91it/s]
 42%|████▏     | 3679/8810 [00:01<00:01, 2782.59it/s]
 45%|████▍     | 3959/8810 [00:01<00:01, 2772.82it/s]
 49%|████▊     | 4276/8810 [00:01<00:01, 2886.84it/s]
 52%|█████▏    | 4625/8810 [00:01<00:01, 2943.59it/s]
 56%|█████▌    | 4922/8810 [00:01<00:01, 2946.15it/s]
 59%|█████▉    | 5217/8810 [00:01<00:01, 2804.19it/s]
 62%|██████▏   | 5503/8810 [00:01<00:01, 2816.32it/s]
 66%|██████▌   | 5786/8810 [00:02<00:01, 2762.27it/s]
 69%|██████▉   | 6063/8810 [00:02<00:01, 2665.18it/s]
 73%|███████▎  | 6400/8810 [00:02<00:00, 2717.07it/s]
 77%|███████▋  | 6773/8810 [00:02<00:00, 2997.25it/s]
 80%|████████  | 7076/8810 [00:02<00:00, 2983.19it/s]
 84%|████████▎ | 7376/8810 [00:02<00:00, 2986.64it/s]
 88%|████████▊ | 7715/8810 [00:02<00:00, 2926.88it/s]
 91%|█████████ | 8037/8810 [00:02<00:00, 2831.17it/s]
 95%|█████████▍| 8361/8810 [00:02<00:00, 2846.94it/s]
 99%|█████████▉| 8702/8810 [00:03<00:00, 2909.01it/s]
100%|██████████| 8810/8810 [00:03<00:00, 2874.14it/s]
