
  0%|          | 0/8810 [00:00<?, ?it/s]
  4%|▍         | 344/8810 [00:00<00:02, 3428.31it/s]
  8%|▊         | 696/8810 [00:00<00:02, 3458.17it/s]
 12%|█▏        | 1042/8810 [00:00<00:02, 3128.58it/s]
 15%|█▌        | 1359/8810 [00:00<00:02, 3042.92it/s]
 19%|█▉        | 1666/8810 [00:00<00:02, 2847.95it/s]
 22%|██▏       | 1954/8810 [00:00<00:02, 2737.96it/s]
 26%|██▌       | 2260/8810 [00:00<00:02, 2827.81it/s]
 29%|██▉       | 2545/8810 [00:00<00:02, 2750.31it/s]
 32%|███▏      | 2822/8810 [00:00<00:02, 2652.16it/s]
 35%|███▌      | 3101/8810 [00:01<00:02, 2686.72it/s]
 39%|███▊      | 3392/8810 [00:01<00:01, 2750.95it/s]
 42%|████▏     | 3679/8810 [00:01<00:01, 2783.78it/s]
 45%|████▍     | 3959/8810 [00:01<00:01, 2772.53it/s]
 49%|████▊     | 4276/8810 [00:01<00:01, 2887.25it/s]
 52%|█████▏    | 4625/8810 [00:01<00:01, 2925.40it/s]
 56%|█████▌    | 4925/8810 [00:01<00:01, 2944.83it/s]
 59%|█████▉    | 5220/8810 [00:01<00:01, 2806.11it/s]
 62%|██████▏   | 5506/8810 [00:01<00:01, 2817.91it/s]
 66%|██████▌   | 5789/8810 [00:02<00:01, 2770.07it/s]
 69%|██████▉   | 6067/8810 [00:02<00:01, 2676.30it/s]
 73%|███████▎  | 6400/8810 [00:02<00:00, 2717.38it/s]
 77%|███████▋  | 6771/8810 [00:02<00:00, 2992.02it/s]
 80%|████████  | 7073/8810 [00:02<00:00, 2980.09it/s]
 84%|████████▎ | 7373/8810 [00:02<00:00, 2982.58it/s]
 88%|████████▊ | 7715/8810 [00:02<00:00, 2929.39it/s]
 91%|█████████ | 8037/8810 [00:02<00:00, 2832.29it/s]
 95%|█████████▍| 8361/8810 [00:02<00:00, 2847.12it/s]
 99%|█████████▉| 8702/8810 [00:03<00:00, 2909.88it/s]
100%|██████████| 8810/8810 [00:03<00:00, 2874.11it/s]
