
  0%|          | 0/8810 [00:00<?, ?it/s]
  2%|▏         | 181/8810 [00:00<00:05, 1552.53it/s]
  5%|▍         | 434/8810 [00:00<00:04, 2081.90it/s]
  7%|▋         | 656/8810 [00:00<00:04, 2035.37it/s]
 10%|▉         | 862/8810 [00:00<00:03, 1992.74it/s]
 12%|█▏        | 1063/8810 [00:00<00:04, 1824.33it/s]
 15%|█▍        | 1284/8810 [00:00<00:03, 1942.84it/s]
 17%|█▋        | 1482/8810 [00:00<00:04, 1728.41it/s]
 19%|█▉        | 1697/8810 [00:00<00:03, 1844.72it/s]
 21%|██▏       | 1887/8810 [00:01<00:04, 1688.98it/s]
 24%|██▍       | 2140/8810 [00:01<00:03, 1914.56it/s]
 27%|██▋       | 2339/8810 [00:01<00:03, 1756.31it/s]
 30%|██▉       | 2620/8810 [00:01<00:03, 2029.47it/s]
 32%|███▏      | 2832/8810 [00:01<00:03, 1874.39it/s]
 35%|███▍      | 3057/8810 [00:01<00:03, 1810.16it/s]
 37%|███▋      | 3252/8810 [00:01<00:03, 1845.64it/s]
 39%|███▉      | 3442/8810 [00:01<00:03, 1711.82it/s]
 41%|████▏     | 3642/8810 [00:01<00:02, 1785.30it/s]
 43%|████▎     | 3825/8810 [00:02<00:02, 1724.71it/s]
 46%|████▌     | 4067/8810 [00:02<00:02, 1908.88it/s]
 48%|████▊     | 4262/8810 [00:02<00:02, 1790.15it/s]
 51%|█████     | 4476/8810 [00:02<00:02, 1882.40it/s]
 53%|█████▎    | 4668/8810 [00:02<00:02, 1605.06it/s]
 55%|█████▍    | 4838/8810 [00:02<00:02, 1618.28it/s]
 57%|█████▋    | 5007/8810 [00:02<00:02, 1497.78it/s]
 59%|█████▉    | 5204/8810 [00:02<00:02, 1618.75it/s]
 61%|██████    | 5372/8810 [00:03<00:02, 1564.25it/s]
 63%|██████▎   | 5564/8810 [00:03<00:01, 1659.24it/s]
 65%|██████▌   | 5754/8810 [00:03<00:01, 1607.04it/s]
 67%|██████▋   | 5918/8810 [00:03<00:01, 1589.91it/s]
 69%|██████▉   | 6080/8810 [00:03<00:01, 1535.05it/s]
 71%|███████▏  | 6295/8810 [00:03<00:01, 1699.94it/s]
 73%|███████▎  | 6468/8810 [00:03<00:01, 1571.15it/s]
 76%|███████▋  | 6719/8810 [00:03<00:01, 1823.41it/s]
 79%|███████▉  | 6947/8810 [00:03<00:00, 1949.51it/s]
 81%|████████  | 7147/8810 [00:04<00:00, 1777.53it/s]
 83%|████████▎ | 7334/8810 [00:04<00:00, 1802.35it/s]
 85%|████████▌ | 7519/8810 [00:04<00:00, 1613.89it/s]
 88%|████████▊ | 7715/8810 [00:04<00:00, 1564.67it/s]
 89%|████████▉ | 7877/8810 [00:04<00:00, 1496.79it/s]
 91%|█████████ | 8037/8810 [00:04<00:00, 1376.86it/s]
 93%|█████████▎| 8203/8810 [00:04<00:00, 1443.13it/s]
 95%|█████████▍| 8361/8810 [00:04<00:00, 1376.08it/s]
 97%|█████████▋| 8535/8810 [00:05<00:00, 1469.48it/s]
 99%|█████████▊| 8693/8810 [00:05<00:00, 1496.46it/s]
100%|██████████| 8810/8810 [00:05<00:00, 1683.31it/s]
