
  0%|          | 0/8810 [00:00<?, ?it/s]
  2%|▏         | 181/8810 [00:00<00:06, 1420.31it/s]
  5%|▍         | 412/8810 [00:00<00:04, 1888.03it/s]
  7%|▋         | 656/8810 [00:00<00:04, 1853.95it/s]
 10%|▉         | 855/8810 [00:00<00:04, 1900.55it/s]
 12%|█▏        | 1048/8810 [00:00<00:04, 1677.75it/s]
 14%|█▍        | 1270/8810 [00:00<00:04, 1836.83it/s]
 17%|█▋        | 1460/8810 [00:00<00:04, 1689.82it/s]
 19%|█▉        | 1667/8810 [00:00<00:03, 1794.34it/s]
 21%|██        | 1852/8810 [00:01<00:04, 1652.71it/s]
 23%|██▎       | 2067/8810 [00:01<00:03, 1782.69it/s]
 26%|██▌       | 2263/8810 [00:01<00:03, 1638.46it/s]
 28%|██▊       | 2456/8810 [00:01<00:03, 1713.64it/s]
 30%|███       | 2659/8810 [00:01<00:03, 1799.65it/s]
 32%|███▏      | 2844/8810 [00:01<00:03, 1601.20it/s]
 34%|███▍      | 3011/8810 [00:01<00:03, 1611.56it/s]
 36%|███▌      | 3177/8810 [00:01<00:03, 1466.49it/s]
 38%|███▊      | 3348/8810 [00:02<00:03, 1528.57it/s]
 40%|███▉      | 3506/8810 [00:02<00:03, 1375.40it/s]
 42%|████▏     | 3710/8810 [00:02<00:03, 1542.90it/s]
 44%|████▍     | 3871/8810 [00:02<00:03, 1415.92it/s]
 47%|████▋     | 4097/8810 [00:02<00:02, 1628.83it/s]
 48%|████▊     | 4268/8810 [00:02<00:02, 1591.11it/s]
 51%|█████     | 4485/8810 [00:02<00:02, 1741.49it/s]
 53%|█████▎    | 4665/8810 [00:02<00:02, 1546.24it/s]
 55%|█████▍    | 4827/8810 [00:02<00:02, 1520.59it/s]
 57%|█████▋    | 4984/8810 [00:03<00:02, 1337.14it/s]
 59%|█████▊    | 5157/8810 [00:03<00:02, 1432.09it/s]
 60%|██████    | 5330/8810 [00:03<00:02, 1509.37it/s]
 62%|██████▏   | 5487/8810 [00:03<00:02, 1419.95it/s]
 65%|██████▍   | 5711/8810 [00:03<00:01, 1632.14it/s]
 67%|██████▋   | 5880/8810 [00:03<00:01, 1486.31it/s]
 69%|██████▊   | 6035/8810 [00:03<00:01, 1459.80it/s]
 70%|███████   | 6185/8810 [00:03<00:01, 1413.67it/s]
 72%|███████▏  | 6367/8810 [00:04<00:01, 1521.49it/s]
 74%|███████▍  | 6523/8810 [00:04<00:01, 1337.89it/s]
 77%|███████▋  | 6763/8810 [00:04<00:01, 1609.27it/s]
 79%|███████▉  | 6947/8810 [00:04<00:01, 1668.04it/s]
 81%|████████  | 7121/8810 [00:04<00:01, 1515.32it/s]
 83%|████████▎ | 7291/8810 [00:04<00:00, 1562.62it/s]
 85%|████████▍ | 7453/8810 [00:04<00:00, 1494.99it/s]
 87%|████████▋ | 7621/8810 [00:04<00:00, 1542.55it/s]
 88%|████████▊ | 7779/8810 [00:04<00:00, 1434.42it/s]
 90%|█████████ | 7956/8810 [00:05<00:00, 1524.29it/s]
 92%|█████████▏| 8112/8810 [00:05<00:00, 1381.20it/s]
 94%|█████████▍| 8273/8810 [00:05<00:00, 1436.35it/s]
 96%|█████████▌| 8421/8810 [00:05<00:00, 1377.12it/s]
 98%|█████████▊| 8622/8810 [00:05<00:00, 1545.51it/s]
100%|█████████▉| 8781/8810 [00:05<00:00, 1460.02it/s]
100%|██████████| 8810/8810 [00:05<00:00, 1556.84it/s]
