
  0%|          | 0/8810 [00:00<?, ?it/s]
  2%|▏         | 181/8810 [00:00<00:05, 1586.19it/s]
  5%|▍         | 427/8810 [00:00<00:04, 2071.23it/s]
  7%|▋         | 656/8810 [00:00<00:04, 1973.91it/s]
 10%|▉         | 862/8810 [00:00<00:03, 2004.93it/s]
 12%|█▏        | 1065/8810 [00:00<00:04, 1728.33it/s]
 14%|█▍        | 1265/8810 [00:00<00:04, 1808.59it/s]
 17%|█▋        | 1457/8810 [00:00<00:04, 1737.76it/s]
 19%|█▉        | 1677/8810 [00:00<00:03, 1869.82it/s]
 21%|██        | 1868/8810 [00:01<00:04, 1720.79it/s]
 24%|██▍       | 2155/8810 [00:01<00:03, 2034.37it/s]
 27%|██▋       | 2366/8810 [00:01<00:03, 1889.68it/s]
 30%|██▉       | 2642/8810 [00:01<00:02, 2118.20it/s]
 32%|███▏      | 2861/8810 [00:01<00:03, 1974.98it/s]
 35%|███▍      | 3065/8810 [00:01<00:03, 1753.30it/s]
 37%|███▋      | 3281/8810 [00:01<00:02, 1854.50it/s]
 39%|███▉      | 3474/8810 [00:01<00:03, 1749.83it/s]
 42%|████▏     | 3718/8810 [00:01<00:02, 1928.51it/s]
 44%|████▍     | 3918/8810 [00:02<00:02, 1757.17it/s]
 47%|████▋     | 4180/8810 [00:02<00:02, 1844.86it/s]
 51%|█████     | 4450/8810 [00:02<00:02, 2060.49it/s]
 53%|█████▎    | 4663/8810 [00:02<00:02, 1919.36it/s]
 55%|█████▌    | 4861/8810 [00:02<00:02, 1878.43it/s]
 57%|█████▋    | 5053/8810 [00:02<00:02, 1677.22it/s]
 60%|█████▉    | 5274/8810 [00:02<00:01, 1811.07it/s]
 62%|██████▏   | 5462/8810 [00:02<00:01, 1718.16it/s]
 65%|██████▍   | 5700/8810 [00:03<00:01, 1888.71it/s]
 67%|██████▋   | 5895/8810 [00:03<00:01, 1688.24it/s]
 69%|██████▉   | 6071/8810 [00:03<00:01, 1632.82it/s]
 72%|███████▏  | 6301/8810 [00:03<00:01, 1801.60it/s]
 74%|███████▎  | 6487/8810 [00:03<00:01, 1703.26it/s]
 77%|███████▋  | 6753/8810 [00:03<00:01, 1954.66it/s]
 79%|███████▉  | 6972/8810 [00:03<00:00, 1933.40it/s]
 81%|████████▏ | 7170/8810 [00:03<00:00, 1896.74it/s]
 84%|████████▎ | 7363/8810 [00:03<00:00, 1846.71it/s]
 86%|████████▌ | 7550/8810 [00:04<00:00, 1746.53it/s]
 88%|████████▊ | 7727/8810 [00:04<00:00, 1716.06it/s]
 90%|████████▉ | 7900/8810 [00:04<00:00, 1669.29it/s]
 92%|█████████▏| 8068/8810 [00:04<00:00, 1561.78it/s]
 94%|█████████▍| 8277/8810 [00:04<00:00, 1699.65it/s]
 96%|█████████▌| 8450/8810 [00:04<00:00, 1595.50it/s]
 99%|█████████▊| 8693/8810 [00:04<00:00, 1817.47it/s]
100%|██████████| 8810/8810 [00:04<00:00, 1806.18it/s]
