
  0%|          | 0/8810 [00:00<?, ?it/s]
  2%|▏         | 181/8810 [00:00<00:05, 1444.65it/s]
  5%|▍         | 421/8810 [00:00<00:04, 1949.32it/s]
  7%|▋         | 656/8810 [00:00<00:04, 1847.66it/s]
 10%|▉         | 853/8810 [00:00<00:04, 1888.15it/s]
 12%|█▏        | 1045/8810 [00:00<00:04, 1709.35it/s]
 14%|█▍        | 1248/8810 [00:00<00:04, 1805.08it/s]
 16%|█▋        | 1433/8810 [00:00<00:04, 1801.24it/s]
 18%|█▊        | 1616/8810 [00:00<00:04, 1590.37it/s]
 21%|██        | 1821/8810 [00:01<00:04, 1614.52it/s]
 23%|██▎       | 1987/8810 [00:01<00:04, 1618.96it/s]
 25%|██▌       | 2219/8810 [00:01<00:03, 1806.88it/s]
 27%|██▋       | 2404/8810 [00:01<00:03, 1640.98it/s]
 30%|██▉       | 2620/8810 [00:01<00:03, 1777.51it/s]
 32%|███▏      | 2803/8810 [00:01<00:03, 1618.58it/s]
 34%|███▍      | 2989/8810 [00:01<00:03, 1680.33it/s]
 36%|███▌      | 3162/8810 [00:01<00:03, 1572.30it/s]
 38%|███▊      | 3324/8810 [00:01<00:03, 1580.44it/s]
 40%|███▉      | 3486/8810 [00:02<00:03, 1498.08it/s]
 42%|████▏     | 3705/8810 [00:02<00:03, 1682.99it/s]
 44%|████▍     | 3878/8810 [00:02<00:03, 1529.47it/s]
 47%|████▋     | 4111/8810 [00:02<00:02, 1735.18it/s]
 49%|████▊     | 4291/8810 [00:02<00:02, 1674.11it/s]
 51%|█████     | 4515/8810 [00:02<00:02, 1824.61it/s]
 53%|█████▎    | 4703/8810 [00:02<00:02, 1630.60it/s]
 55%|█████▌    | 4889/8810 [00:02<00:02, 1690.40it/s]
 57%|█████▋    | 5064/8810 [00:03<00:02, 1550.38it/s]
 60%|██████    | 5286/8810 [00:03<00:02, 1724.30it/s]
 62%|██████▏   | 5465/8810 [00:03<00:02, 1605.20it/s]
 65%|██████▍   | 5699/8810 [00:03<00:01, 1794.01it/s]
 67%|██████▋   | 5885/8810 [00:03<00:01, 1602.08it/s]
 69%|██████▊   | 6053/8810 [00:03<00:01, 1491.85it/s]
 71%|███████   | 6243/8810 [00:03<00:01, 1593.05it/s]
 73%|███████▎  | 6409/8810 [00:03<00:01, 1543.20it/s]
 75%|███████▌  | 6633/8810 [00:03<00:01, 1723.91it/s]
 78%|███████▊  | 6894/8810 [00:04<00:00, 1965.07it/s]
 81%|████████  | 7097/8810 [00:04<00:00, 1767.43it/s]
 83%|████████▎ | 7282/8810 [00:04<00:00, 1746.21it/s]
 85%|████████▍ | 7462/8810 [00:04<00:00, 1644.27it/s]
 87%|████████▋ | 7631/8810 [00:04<00:00, 1625.56it/s]
 89%|████████▊ | 7797/8810 [00:04<00:00, 1436.81it/s]
 90%|█████████ | 7946/8810 [00:04<00:00, 1431.37it/s]
 92%|█████████▏| 8093/8810 [00:04<00:00, 1320.06it/s]
 94%|█████████▍| 8261/8810 [00:05<00:00, 1409.23it/s]
 95%|█████████▌| 8406/8810 [00:05<00:00, 1362.82it/s]
 98%|█████████▊| 8604/8810 [00:05<00:00, 1525.41it/s]
 99%|█████████▉| 8761/8810 [00:05<00:00, 1466.04it/s]
100%|██████████| 8810/8810 [00:05<00:00, 1627.32it/s]
