
  0%|          | 0/8810 [00:00<?, ?it/s]
  2%|▏         | 181/8810 [00:00<00:06, 1410.88it/s]
  5%|▍         | 412/8810 [00:00<00:04, 1880.89it/s]
  7%|▋         | 656/8810 [00:00<00:04, 1814.35it/s]
 10%|▉         | 852/8810 [00:00<00:04, 1863.58it/s]
 12%|█▏        | 1042/8810 [00:00<00:04, 1669.82it/s]
 14%|█▍        | 1256/8810 [00:00<00:04, 1806.41it/s]
 17%|█▋        | 1457/8810 [00:00<00:04, 1701.30it/s]
 19%|█▊        | 1648/8810 [00:00<00:04, 1753.56it/s]
 21%|██        | 1827/8810 [00:01<00:04, 1651.38it/s]
 23%|██▎       | 2026/8810 [00:01<00:03, 1741.82it/s]
 25%|██▌       | 2229/8810 [00:01<00:03, 1814.24it/s]
 27%|██▋       | 2414/8810 [00:01<00:03, 1600.56it/s]
 30%|███       | 2654/8810 [00:01<00:03, 1808.08it/s]
 32%|███▏      | 2842/8810 [00:01<00:03, 1575.87it/s]
 34%|███▍      | 3037/8810 [00:01<00:03, 1668.17it/s]
 36%|███▋      | 3213/8810 [00:01<00:03, 1503.85it/s]
 38%|███▊      | 3390/8810 [00:02<00:03, 1567.59it/s]
 40%|████      | 3554/8810 [00:02<00:03, 1424.81it/s]
 43%|████▎     | 3760/8810 [00:02<00:03, 1583.63it/s]
 45%|████▍     | 3926/8810 [00:02<00:03, 1457.43it/s]
 47%|████▋     | 4175/8810 [00:02<00:02, 1719.70it/s]
 49%|████▉     | 4356/8810 [00:02<00:02, 1665.97it/s]
 51%|█████▏    | 4535/8810 [00:02<00:02, 1697.27it/s]
 53%|█████▎    | 4710/8810 [00:02<00:02, 1497.08it/s]
 55%|█████▌    | 4867/8810 [00:02<00:02, 1511.30it/s]
 57%|█████▋    | 5024/8810 [00:03<00:02, 1362.37it/s]
 59%|█████▉    | 5181/8810 [00:03<00:02, 1414.21it/s]
 61%|██████    | 5337/8810 [00:03<00:02, 1451.66it/s]
 62%|██████▏   | 5486/8810 [00:03<00:02, 1336.61it/s]
 65%|██████▍   | 5704/8810 [00:03<00:01, 1559.66it/s]
 67%|██████▋   | 5866/8810 [00:03<00:02, 1463.06it/s]
 68%|██████▊   | 6018/8810 [00:03<00:01, 1466.14it/s]
 70%|███████   | 6169/8810 [00:03<00:01, 1413.10it/s]
 72%|███████▏  | 6367/8810 [00:04<00:01, 1567.30it/s]
 74%|███████▍  | 6528/8810 [00:04<00:01, 1370.76it/s]
 77%|███████▋  | 6770/8810 [00:04<00:01, 1640.86it/s]
 79%|███████▉  | 6972/8810 [00:04<00:01, 1549.93it/s]
 81%|████████  | 7135/8810 [00:04<00:01, 1564.50it/s]
 83%|████████▎ | 7330/8810 [00:04<00:00, 1660.03it/s]
 85%|████████▌ | 7501/8810 [00:04<00:00, 1488.36it/s]
 87%|████████▋ | 7702/8810 [00:04<00:00, 1621.45it/s]
 89%|████████▉ | 7871/8810 [00:05<00:00, 1451.97it/s]
 91%|█████████ | 8037/8810 [00:05<00:00, 1370.58it/s]
 93%|█████████▎| 8192/8810 [00:05<00:00, 1414.46it/s]
 95%|█████████▍| 8361/8810 [00:05<00:00, 1374.91it/s]
 97%|█████████▋| 8552/8810 [00:05<00:00, 1512.12it/s]
 99%|█████████▉| 8708/8810 [00:05<00:00, 1473.92it/s]
100%|██████████| 8810/8810 [00:05<00:00, 1563.42it/s]
