
  0%|          | 0/8810 [00:00<?, ?it/s]
  2%|▏         | 181/8810 [00:00<00:05, 1485.48it/s]
  5%|▍         | 411/8810 [00:00<00:04, 1912.55it/s]
  7%|▋         | 651/8810 [00:00<00:03, 2115.81it/s]
 10%|▉         | 866/8810 [00:00<00:04, 1801.93it/s]
 12%|█▏        | 1054/8810 [00:00<00:04, 1591.83it/s]
 14%|█▍        | 1236/8810 [00:00<00:04, 1653.27it/s]
 16%|█▌        | 1408/8810 [00:00<00:04, 1636.31it/s]
 18%|█▊        | 1576/8810 [00:00<00:05, 1433.81it/s]
 20%|██        | 1780/8810 [00:01<00:04, 1589.62it/s]
 22%|██▏       | 1946/8810 [00:01<00:05, 1343.76it/s]
 24%|██▍       | 2127/8810 [00:01<00:04, 1457.66it/s]
 26%|██▌       | 2283/8810 [00:01<00:04, 1331.91it/s]
 28%|██▊       | 2464/8810 [00:01<00:04, 1447.80it/s]
 30%|███       | 2643/8810 [00:01<00:04, 1532.98it/s]
 32%|███▏      | 2804/8810 [00:01<00:04, 1339.06it/s]
 34%|███▎      | 2972/8810 [00:01<00:04, 1420.47it/s]
 35%|███▌      | 3122/8810 [00:02<00:04, 1285.16it/s]
 37%|███▋      | 3258/8810 [00:02<00:04, 1278.02it/s]
 39%|███▊      | 3410/8810 [00:02<00:04, 1200.33it/s]
 40%|████      | 3560/8810 [00:02<00:04, 1273.75it/s]
 42%|████▏     | 3732/8810 [00:02<00:03, 1388.05it/s]
 44%|████▍     | 3876/8810 [00:02<00:03, 1299.21it/s]
 46%|████▋     | 4080/8810 [00:02<00:03, 1492.86it/s]
 48%|████▊     | 4235/8810 [00:02<00:03, 1439.52it/s]
 50%|█████     | 4418/8810 [00:03<00:02, 1541.07it/s]
 52%|█████▏    | 4576/8810 [00:03<00:02, 1512.91it/s]
 54%|█████▎    | 4730/8810 [00:03<00:02, 1375.74it/s]
 56%|█████▌    | 4909/8810 [00:03<00:02, 1481.33it/s]
 57%|█████▋    | 5061/8810 [00:03<00:02, 1356.71it/s]
 60%|█████▉    | 5261/8810 [00:03<00:02, 1524.53it/s]
 62%|██████▏   | 5419/8810 [00:03<00:02, 1340.61it/s]
 64%|██████▎   | 5596/8810 [00:03<00:02, 1447.15it/s]
 65%|██████▌   | 5754/8810 [00:03<00:02, 1389.82it/s]
 67%|██████▋   | 5898/8810 [00:04<00:02, 1366.08it/s]
 69%|██████▊   | 6038/8810 [00:04<00:02, 1284.59it/s]
 71%|███████   | 6252/8810 [00:04<00:01, 1508.76it/s]
 73%|███████▎  | 6408/8810 [00:04<00:01, 1412.85it/s]
 75%|███████▍  | 6585/8810 [00:04<00:01, 1507.50it/s]
 77%|███████▋  | 6802/8810 [00:04<00:01, 1683.72it/s]
 79%|███████▉  | 6975/8810 [00:04<00:01, 1579.36it/s]
 81%|████████  | 7137/8810 [00:04<00:01, 1557.25it/s]
 83%|████████▎ | 7301/8810 [00:04<00:00, 1580.05it/s]
 85%|████████▍ | 7462/8810 [00:05<00:00, 1463.94it/s]
 86%|████████▋ | 7614/8810 [00:05<00:00, 1478.44it/s]
 88%|████████▊ | 7764/8810 [00:05<00:00, 1325.09it/s]
 90%|████████▉ | 7921/8810 [00:05<00:00, 1387.40it/s]
 92%|█████████▏| 8064/8810 [00:05<00:00, 1211.21it/s]
 93%|█████████▎| 8191/8810 [00:05<00:00, 1213.92it/s]
 95%|█████████▍| 8327/8810 [00:05<00:00, 1248.73it/s]
 96%|█████████▌| 8456/8810 [00:05<00:00, 1195.15it/s]
 98%|█████████▊| 8611/8810 [00:06<00:00, 1290.09it/s]
 99%|█████████▉| 8743/8810 [00:06<00:00, 1151.27it/s]
100%|██████████| 8810/8810 [00:06<00:00, 1414.31it/s]
