
  0%|          | 0/8810 [00:00<?, ?it/s]
  2%|▏         | 181/8810 [00:00<00:05, 1602.30it/s]
  5%|▍         | 427/8810 [00:00<00:04, 2074.59it/s]
  7%|▋         | 656/8810 [00:00<00:04, 1895.66it/s]
 10%|▉         | 869/8810 [00:00<00:04, 1977.19it/s]
 12%|█▏        | 1070/8810 [00:00<00:04, 1851.67it/s]
 15%|█▍        | 1297/8810 [00:00<00:03, 1975.71it/s]
 17%|█▋        | 1498/8810 [00:00<00:04, 1760.85it/s]
 19%|█▉        | 1717/8810 [00:00<00:03, 1873.12it/s]
 22%|██▏       | 1910/8810 [00:01<00:03, 1737.10it/s]
 25%|██▍       | 2174/8810 [00:01<00:03, 1980.64it/s]
 27%|██▋       | 2379/8810 [00:01<00:03, 1768.41it/s]
 30%|██▉       | 2618/8810 [00:01<00:03, 1920.12it/s]
 32%|███▏      | 2818/8810 [00:01<00:03, 1732.67it/s]
 34%|███▍      | 3006/8810 [00:01<00:03, 1768.60it/s]
 36%|███▌      | 3189/8810 [00:01<00:03, 1613.50it/s]
 38%|███▊      | 3389/8810 [00:01<00:03, 1711.44it/s]
 40%|████      | 3566/8810 [00:02<00:03, 1599.03it/s]
 43%|████▎     | 3774/8810 [00:02<00:03, 1650.10it/s]
 46%|████▌     | 4023/8810 [00:02<00:02, 1868.44it/s]
 48%|████▊     | 4216/8810 [00:02<00:02, 1848.01it/s]
 51%|█████     | 4460/8810 [00:02<00:02, 2010.82it/s]
 53%|█████▎    | 4666/8810 [00:02<00:02, 1867.17it/s]
 55%|█████▌    | 4858/8810 [00:02<00:02, 1875.11it/s]
 57%|█████▋    | 5049/8810 [00:02<00:02, 1835.31it/s]
 60%|██████    | 5286/8810 [00:02<00:01, 1984.65it/s]
 62%|██████▏   | 5488/8810 [00:02<00:01, 1864.41it/s]
 65%|██████▍   | 5721/8810 [00:03<00:01, 1989.29it/s]
 67%|██████▋   | 5924/8810 [00:03<00:01, 1737.33it/s]
 69%|██████▉   | 6106/8810 [00:03<00:01, 1665.35it/s]
 72%|███████▏  | 6304/8810 [00:03<00:01, 1744.65it/s]
 74%|███████▎  | 6484/8810 [00:03<00:01, 1630.10it/s]
 76%|███████▋  | 6725/8810 [00:03<00:01, 1832.57it/s]
 79%|███████▉  | 6968/8810 [00:03<00:00, 1988.97it/s]
 81%|████████▏ | 7173/8810 [00:03<00:00, 1708.18it/s]
 84%|████████▎ | 7360/8810 [00:04<00:00, 1668.02it/s]
 86%|████████▌ | 7556/8810 [00:04<00:00, 1740.59it/s]
 88%|████████▊ | 7737/8810 [00:04<00:00, 1643.24it/s]
 90%|████████▉ | 7921/8810 [00:04<00:00, 1693.10it/s]
 92%|█████████▏| 8095/8810 [00:04<00:00, 1515.62it/s]
 94%|█████████▍| 8261/8810 [00:04<00:00, 1547.68it/s]
 96%|█████████▌| 8421/8810 [00:04<00:00, 1450.02it/s]
 98%|█████████▊| 8629/8810 [00:04<00:00, 1614.48it/s]
100%|█████████▉| 8796/8810 [00:05<00:00, 1528.89it/s]
100%|██████████| 8810/8810 [00:05<00:00, 1754.18it/s]
