
  0%|          | 0/8810 [00:00<?, ?it/s]
  2%|▏         | 181/8810 [00:00<00:05, 1517.90it/s]
  5%|▍         | 426/8810 [00:00<00:04, 2024.52it/s]
  7%|▋         | 656/8810 [00:00<00:04, 1973.50it/s]
 10%|▉         | 862/8810 [00:00<00:03, 2000.17it/s]
 12%|█▏        | 1064/8810 [00:00<00:04, 1876.18it/s]
 14%|█▍        | 1254/8810 [00:00<00:04, 1882.48it/s]
 16%|█▋        | 1444/8810 [00:00<00:03, 1886.23it/s]
 19%|█▊        | 1634/8810 [00:00<00:04, 1729.59it/s]
 21%|██        | 1821/8810 [00:01<00:04, 1681.20it/s]
 23%|██▎       | 2001/8810 [00:01<00:03, 1713.02it/s]
 25%|██▌       | 2217/8810 [00:01<00:03, 1840.01it/s]
 27%|██▋       | 2404/8810 [00:01<00:03, 1673.72it/s]
 30%|███       | 2655/8810 [00:01<00:03, 1896.90it/s]
 32%|███▏      | 2850/8810 [00:01<00:03, 1745.72it/s]
 35%|███▍      | 3057/8810 [00:01<00:03, 1691.82it/s]
 37%|███▋      | 3241/8810 [00:01<00:03, 1728.65it/s]
 39%|███▉      | 3418/8810 [00:01<00:03, 1672.46it/s]
 41%|████▏     | 3640/8810 [00:02<00:02, 1820.64it/s]
 43%|████▎     | 3826/8810 [00:02<00:02, 1742.82it/s]
 46%|████▋     | 4083/8810 [00:02<00:02, 1969.58it/s]
 49%|████▊     | 4284/8810 [00:02<00:02, 1867.47it/s]
 51%|█████▏    | 4516/8810 [00:02<00:02, 1984.08it/s]
 54%|█████▎    | 4718/8810 [00:02<00:02, 1714.51it/s]
 56%|█████▌    | 4911/8810 [00:02<00:02, 1765.45it/s]
 58%|█████▊    | 5095/8810 [00:02<00:02, 1608.35it/s]
 60%|█████▉    | 5274/8810 [00:02<00:02, 1654.80it/s]
 62%|██████▏   | 5445/8810 [00:03<00:02, 1568.72it/s]
 64%|██████▍   | 5665/8810 [00:03<00:01, 1735.09it/s]
 66%|██████▋   | 5844/8810 [00:03<00:01, 1645.67it/s]
 68%|██████▊   | 6013/8810 [00:03<00:01, 1599.29it/s]
 70%|███████   | 6176/8810 [00:03<00:01, 1537.66it/s]
 73%|███████▎  | 6391/8810 [00:03<00:01, 1702.22it/s]
 75%|███████▍  | 6565/8810 [00:03<00:01, 1637.35it/s]
 77%|███████▋  | 6817/8810 [00:03<00:01, 1872.61it/s]
 80%|███████▉  | 7008/8810 [00:03<00:01, 1773.41it/s]
 82%|████████▏ | 7189/8810 [00:04<00:00, 1766.81it/s]
 84%|████████▎ | 7368/8810 [00:04<00:00, 1697.14it/s]
 86%|████████▌ | 7540/8810 [00:04<00:00, 1661.60it/s]
 88%|████████▊ | 7715/8810 [00:04<00:00, 1587.04it/s]
 90%|████████▉ | 7894/8810 [00:04<00:00, 1639.52it/s]
 91%|█████████▏| 8060/8810 [00:04<00:00, 1485.54it/s]
 93%|█████████▎| 8213/8810 [00:04<00:00, 1494.23it/s]
 95%|█████████▍| 8365/8810 [00:04<00:00, 1400.01it/s]
 97%|█████████▋| 8543/8810 [00:05<00:00, 1501.14it/s]
 99%|█████████▉| 8702/8810 [00:05<00:00, 1423.00it/s]
100%|██████████| 8810/8810 [00:05<00:00, 1699.17it/s]
