
  0%|          | 0/8810 [00:00<?, ?it/s]
  2%|▏         | 181/8810 [00:00<00:05, 1681.71it/s]
  5%|▌         | 466/8810 [00:00<00:03, 2343.07it/s]
  8%|▊         | 703/8810 [00:00<00:04, 1957.22it/s]
 10%|█         | 906/8810 [00:00<00:04, 1909.75it/s]
 12%|█▏        | 1101/8810 [00:00<00:04, 1828.83it/s]
 15%|█▌        | 1334/8810 [00:00<00:03, 1979.23it/s]
 17%|█▋        | 1536/8810 [00:00<00:04, 1787.50it/s]
 20%|██        | 1796/8810 [00:00<00:03, 2010.31it/s]
 23%|██▎       | 2004/8810 [00:01<00:03, 1864.44it/s]
 26%|██▌       | 2263/8810 [00:01<00:03, 1897.85it/s]
 29%|██▊       | 2516/8810 [00:01<00:03, 2062.88it/s]
 31%|███       | 2744/8810 [00:01<00:03, 1949.68it/s]
 33%|███▎      | 2944/8810 [00:01<00:03, 1884.66it/s]
 36%|███▌      | 3136/8810 [00:01<00:03, 1817.68it/s]
 38%|███▊      | 3379/8810 [00:01<00:02, 1979.14it/s]
 41%|████      | 3581/8810 [00:01<00:02, 1831.74it/s]
 43%|████▎     | 3774/8810 [00:01<00:02, 1829.49it/s]
 46%|████▌     | 4017/8810 [00:02<00:02, 1991.84it/s]
 48%|████▊     | 4220/8810 [00:02<00:02, 1954.65it/s]
 51%|█████     | 4489/8810 [00:02<00:02, 2159.93it/s]
 53%|█████▎    | 4709/8810 [00:02<00:02, 1933.81it/s]
 56%|█████▌    | 4932/8810 [00:02<00:02, 1825.88it/s]
 58%|█████▊    | 5152/8810 [00:02<00:01, 1919.67it/s]
 61%|██████    | 5372/8810 [00:02<00:01, 1887.01it/s]
 64%|██████▍   | 5644/8810 [00:02<00:01, 2103.56it/s]
 67%|██████▋   | 5860/8810 [00:03<00:01, 1949.00it/s]
 69%|██████▉   | 6061/8810 [00:03<00:01, 1850.31it/s]
 72%|███████▏  | 6302/8810 [00:03<00:01, 1992.57it/s]
 74%|███████▍  | 6506/8810 [00:03<00:01, 1869.07it/s]
 77%|███████▋  | 6803/8810 [00:03<00:00, 2156.66it/s]
 80%|███████▉  | 7025/8810 [00:03<00:00, 2027.15it/s]
 82%|████████▏ | 7244/8810 [00:03<00:00, 2066.54it/s]
 85%|████████▍ | 7455/8810 [00:03<00:00, 1982.65it/s]
 87%|████████▋ | 7693/8810 [00:03<00:00, 2089.15it/s]
 90%|████████▉ | 7906/8810 [00:04<00:00, 1908.77it/s]
 92%|█████████▏| 8102/8810 [00:04<00:00, 1753.80it/s]
 95%|█████████▍| 8336/8810 [00:04<00:00, 1904.63it/s]
 97%|█████████▋| 8533/8810 [00:04<00:00, 1763.85it/s]
 99%|█████████▉| 8715/8810 [00:04<00:00, 1708.05it/s]
100%|██████████| 8810/8810 [00:04<00:00, 1921.34it/s]
