
  0%|          | 0/8810 [00:00<?, ?it/s]
  2%|▏         | 181/8810 [00:00<00:05, 1516.69it/s]
  5%|▍         | 431/8810 [00:00<00:04, 2038.65it/s]
  7%|▋         | 656/8810 [00:00<00:04, 1911.07it/s]
 10%|▉         | 863/8810 [00:00<00:04, 1967.08it/s]
 12%|█▏        | 1063/8810 [00:00<00:04, 1883.99it/s]
 15%|█▍        | 1288/8810 [00:00<00:03, 1997.32it/s]
 17%|█▋        | 1490/8810 [00:00<00:04, 1745.88it/s]
 19%|█▉        | 1674/8810 [00:00<00:04, 1770.48it/s]
 21%|██        | 1856/8810 [00:01<00:04, 1669.19it/s]
 24%|██▍       | 2095/8810 [00:01<00:03, 1867.71it/s]
 26%|██▌       | 2287/8810 [00:01<00:03, 1726.09it/s]
 29%|██▊       | 2515/8810 [00:01<00:03, 1872.99it/s]
 31%|███       | 2744/8810 [00:01<00:03, 1786.88it/s]
 33%|███▎      | 2928/8810 [00:01<00:03, 1800.70it/s]
 35%|███▌      | 3112/8810 [00:01<00:03, 1690.88it/s]
 37%|███▋      | 3285/8810 [00:01<00:03, 1684.30it/s]
 39%|███▉      | 3456/8810 [00:01<00:03, 1590.30it/s]
 42%|████▏     | 3691/8810 [00:02<00:02, 1790.54it/s]
 44%|████▍     | 3874/8810 [00:02<00:02, 1673.50it/s]
 47%|████▋     | 4138/8810 [00:02<00:02, 1926.57it/s]
 49%|████▉     | 4336/8810 [00:02<00:02, 1885.57it/s]
 52%|█████▏    | 4566/8810 [00:02<00:02, 1997.49it/s]
 54%|█████▍    | 4770/8810 [00:02<00:02, 1753.69it/s]
 56%|█████▌    | 4953/8810 [00:02<00:02, 1675.71it/s]
 59%|█████▉    | 5194/8810 [00:02<00:01, 1866.81it/s]
 61%|██████    | 5388/8810 [00:03<00:02, 1700.70it/s]
 64%|██████▍   | 5624/8810 [00:03<00:01, 1869.14it/s]
 66%|██████▌   | 5819/8810 [00:03<00:01, 1802.69it/s]
 68%|██████▊   | 6005/8810 [00:03<00:01, 1743.93it/s]
 70%|███████   | 6183/8810 [00:03<00:01, 1650.04it/s]
 73%|███████▎  | 6389/8810 [00:03<00:01, 1757.96it/s]
 75%|███████▍  | 6569/8810 [00:03<00:01, 1692.64it/s]
 77%|███████▋  | 6820/8810 [00:03<00:01, 1909.66it/s]
 80%|███████▉  | 7015/8810 [00:03<00:01, 1723.60it/s]
 82%|████████▏ | 7193/8810 [00:04<00:00, 1727.99it/s]
 84%|████████▎ | 7370/8810 [00:04<00:00, 1690.94it/s]
 86%|████████▌ | 7556/8810 [00:04<00:00, 1736.83it/s]
 88%|████████▊ | 7732/8810 [00:04<00:00, 1700.39it/s]
 90%|████████▉ | 7921/8810 [00:04<00:00, 1753.15it/s]
 92%|█████████▏| 8098/8810 [00:04<00:00, 1593.75it/s]
 94%|█████████▍| 8268/8810 [00:04<00:00, 1622.04it/s]
 96%|█████████▌| 8433/8810 [00:04<00:00, 1527.47it/s]
 98%|█████████▊| 8644/8810 [00:04<00:00, 1685.85it/s]
100%|██████████| 8810/8810 [00:05<00:00, 1746.70it/s]
