
  0%|          | 0/8810 [00:00<?, ?it/s]
  2%|▏         | 181/8810 [00:00<00:05, 1536.74it/s]
  5%|▍         | 411/8810 [00:00<00:04, 1944.21it/s]
  7%|▋         | 651/8810 [00:00<00:03, 2142.76it/s]
 10%|▉         | 868/8810 [00:00<00:04, 1804.35it/s]
 12%|█▏        | 1057/8810 [00:00<00:04, 1676.93it/s]
 14%|█▍        | 1256/8810 [00:00<00:04, 1767.36it/s]
 17%|█▋        | 1457/8810 [00:00<00:04, 1662.10it/s]
 19%|█▊        | 1636/8810 [00:00<00:04, 1695.48it/s]
 21%|██        | 1817/8810 [00:01<00:04, 1727.27it/s]
 23%|██▎       | 1993/8810 [00:01<00:04, 1575.05it/s]
 25%|██▌       | 2230/8810 [00:01<00:03, 1782.98it/s]
 27%|██▋       | 2414/8810 [00:01<00:03, 1648.09it/s]
 30%|███       | 2673/8810 [00:01<00:03, 1898.24it/s]
 33%|███▎      | 2870/8810 [00:01<00:03, 1801.85it/s]
 35%|███▍      | 3057/8810 [00:01<00:03, 1661.72it/s]
 37%|███▋      | 3235/8810 [00:01<00:03, 1691.86it/s]
 39%|███▊      | 3410/8810 [00:01<00:03, 1586.79it/s]
 41%|████▏     | 3639/8810 [00:02<00:02, 1772.21it/s]
 43%|████▎     | 3822/8810 [00:02<00:02, 1672.76it/s]
 46%|████▌     | 4069/8810 [00:02<00:02, 1885.24it/s]
 48%|████▊     | 4263/8810 [00:02<00:02, 1794.17it/s]
 51%|█████     | 4503/8810 [00:02<00:02, 1954.17it/s]
 53%|█████▎    | 4703/8810 [00:02<00:02, 1724.76it/s]
 56%|█████▌    | 4892/8810 [00:02<00:02, 1766.14it/s]
 58%|█████▊    | 5075/8810 [00:02<00:02, 1612.20it/s]
 60%|█████▉    | 5278/8810 [00:03<00:02, 1717.14it/s]
 62%|██████▏   | 5456/8810 [00:03<00:02, 1618.38it/s]
 64%|██████▍   | 5679/8810 [00:03<00:01, 1776.71it/s]
 67%|██████▋   | 5862/8810 [00:03<00:01, 1641.46it/s]
 68%|██████▊   | 6032/8810 [00:03<00:01, 1608.11it/s]
 70%|███████   | 6197/8810 [00:03<00:01, 1553.60it/s]
 73%|███████▎  | 6393/8810 [00:03<00:01, 1661.26it/s]
 74%|███████▍  | 6562/8810 [00:03<00:01, 1498.97it/s]
 77%|███████▋  | 6778/8810 [00:03<00:01, 1671.05it/s]
 79%|███████▉  | 6972/8810 [00:04<00:01, 1671.24it/s]
 81%|████████  | 7152/8810 [00:04<00:00, 1703.66it/s]
 84%|████████▎ | 7360/8810 [00:04<00:00, 1643.98it/s]
 85%|████████▌ | 7528/8810 [00:04<00:00, 1617.44it/s]
 88%|████████▊ | 7715/8810 [00:04<00:00, 1521.37it/s]
 89%|████████▉ | 7876/8810 [00:04<00:00, 1543.62it/s]
 91%|█████████ | 8036/8810 [00:04<00:00, 1552.17it/s]
 93%|█████████▎| 8193/8810 [00:04<00:00, 1448.68it/s]
 95%|█████████▍| 8361/8810 [00:05<00:00, 1397.94it/s]
 97%|█████████▋| 8549/8810 [00:05<00:00, 1524.22it/s]
 99%|█████████▉| 8705/8810 [00:05<00:00, 1442.85it/s]
100%|██████████| 8810/8810 [00:05<00:00, 1660.20it/s]
