
  0%|          | 0/8810 [00:00<?, ?it/s]
  2%|▏         | 181/8810 [00:00<00:05, 1543.22it/s]
  5%|▍         | 430/8810 [00:00<00:04, 2051.48it/s]
  7%|▋         | 656/8810 [00:00<00:04, 1840.35it/s]
 10%|▉         | 863/8810 [00:00<00:04, 1919.71it/s]
 12%|█▏        | 1059/8810 [00:00<00:04, 1767.75it/s]
 14%|█▍        | 1271/8810 [00:00<00:04, 1873.83it/s]
 17%|█▋        | 1462/8810 [00:00<00:04, 1728.74it/s]
 19%|█▉        | 1661/8810 [00:00<00:03, 1798.22it/s]
 21%|██        | 1845/8810 [00:01<00:04, 1685.42it/s]
 24%|██▎       | 2077/8810 [00:01<00:03, 1858.15it/s]
 26%|██▌       | 2267/8810 [00:01<00:03, 1736.89it/s]
 29%|██▊       | 2513/8810 [00:01<00:03, 1930.78it/s]
 31%|███       | 2744/8810 [00:01<00:03, 1828.57it/s]
 33%|███▎      | 2937/8810 [00:01<00:03, 1849.18it/s]
 35%|███▌      | 3126/8810 [00:01<00:03, 1721.45it/s]
 37%|███▋      | 3302/8810 [00:01<00:03, 1714.59it/s]
 39%|███▉      | 3476/8810 [00:01<00:03, 1635.01it/s]
 42%|████▏     | 3709/8810 [00:02<00:02, 1815.17it/s]
 44%|████▍     | 3894/8810 [00:02<00:02, 1690.26it/s]
 47%|████▋     | 4152/8810 [00:02<00:02, 1926.41it/s]
 49%|████▉     | 4350/8810 [00:02<00:02, 1865.67it/s]
 52%|█████▏    | 4563/8810 [00:02<00:02, 1938.39it/s]
 54%|█████▍    | 4761/8810 [00:02<00:02, 1738.68it/s]
 56%|█████▌    | 4941/8810 [00:02<00:02, 1609.77it/s]
 59%|█████▉    | 5192/8810 [00:02<00:01, 1839.55it/s]
 61%|██████    | 5384/8810 [00:03<00:01, 1724.87it/s]
 64%|██████▎   | 5609/8810 [00:03<00:01, 1858.47it/s]
 66%|██████▌   | 5801/8810 [00:03<00:01, 1778.47it/s]
 68%|██████▊   | 5984/8810 [00:03<00:01, 1749.36it/s]
 70%|██████▉   | 6162/8810 [00:03<00:01, 1631.81it/s]
 72%|███████▏  | 6366/8810 [00:03<00:01, 1737.78it/s]
 74%|███████▍  | 6544/8810 [00:03<00:01, 1661.89it/s]
 77%|███████▋  | 6778/8810 [00:03<00:01, 1839.43it/s]
 79%|███████▉  | 6972/8810 [00:03<00:01, 1768.71it/s]
 81%|████████▏ | 7162/8810 [00:04<00:00, 1799.31it/s]
 84%|████████▎ | 7360/8810 [00:04<00:00, 1715.36it/s]
 86%|████████▌ | 7545/8810 [00:04<00:00, 1750.52it/s]
 88%|████████▊ | 7723/8810 [00:04<00:00, 1713.51it/s]
 90%|████████▉ | 7896/8810 [00:04<00:00, 1699.33it/s]
 92%|█████████▏| 8067/8810 [00:04<00:00, 1532.72it/s]
 94%|█████████▎| 8244/8810 [00:04<00:00, 1595.67it/s]
 95%|█████████▌| 8407/8810 [00:04<00:00, 1488.18it/s]
 98%|█████████▊| 8634/8810 [00:04<00:00, 1688.57it/s]
100%|█████████▉| 8808/8810 [00:05<00:00, 1508.93it/s]
100%|██████████| 8810/8810 [00:05<00:00, 1736.10it/s]
