
  0%|          | 0/8810 [00:00<?, ?it/s]
  2%|▏         | 181/8810 [00:00<00:05, 1473.69it/s]
  5%|▍         | 434/8810 [00:00<00:04, 2032.96it/s]
  7%|▋         | 656/8810 [00:00<00:04, 1907.66it/s]
 10%|▉         | 866/8810 [00:00<00:04, 1973.66it/s]
 12%|█▏        | 1067/8810 [00:00<00:04, 1892.65it/s]
 14%|█▍        | 1271/8810 [00:00<00:03, 1935.72it/s]
 17%|█▋        | 1467/8810 [00:00<00:04, 1772.57it/s]
 19%|█▉        | 1655/8810 [00:00<00:03, 1801.93it/s]
 21%|██        | 1838/8810 [00:01<00:04, 1672.78it/s]
 23%|██▎       | 2040/8810 [00:01<00:03, 1767.67it/s]
 26%|██▌       | 2263/8810 [00:01<00:03, 1731.71it/s]
 28%|██▊       | 2479/8810 [00:01<00:03, 1842.05it/s]
 31%|███       | 2730/8810 [00:01<00:03, 2020.91it/s]
 33%|███▎      | 2936/8810 [00:01<00:03, 1848.59it/s]
 35%|███▌      | 3126/8810 [00:01<00:03, 1784.06it/s]
 38%|███▊      | 3327/8810 [00:01<00:02, 1841.73it/s]
 40%|███▉      | 3515/8810 [00:01<00:03, 1752.92it/s]
 43%|████▎     | 3770/8810 [00:02<00:02, 1970.14it/s]
 45%|████▌     | 3971/8810 [00:02<00:02, 1841.12it/s]
 47%|████▋     | 4180/8810 [00:02<00:02, 1863.22it/s]
 50%|█████     | 4436/8810 [00:02<00:02, 2048.19it/s]
 53%|█████▎    | 4645/8810 [00:02<00:02, 1824.54it/s]
 55%|█████▍    | 4834/8810 [00:02<00:02, 1829.36it/s]
 57%|█████▋    | 5022/8810 [00:02<00:02, 1683.70it/s]
 59%|█████▉    | 5232/8810 [00:02<00:01, 1792.48it/s]
 61%|██████▏   | 5417/8810 [00:02<00:01, 1725.48it/s]
 64%|██████▍   | 5663/8810 [00:03<00:01, 1922.90it/s]
 67%|██████▋   | 5860/8810 [00:03<00:01, 1741.70it/s]
 69%|██████▊   | 6041/8810 [00:03<00:01, 1602.64it/s]
 71%|███████▏  | 6287/8810 [00:03<00:01, 1820.62it/s]
 74%|███████▎  | 6477/8810 [00:03<00:01, 1679.15it/s]
 77%|███████▋  | 6750/8810 [00:03<00:01, 1944.99it/s]
 79%|███████▉  | 6972/8810 [00:03<00:01, 1828.74it/s]
 81%|████████▏ | 7163/8810 [00:03<00:00, 1839.19it/s]
 84%|████████▎ | 7360/8810 [00:04<00:00, 1750.12it/s]
 86%|████████▌ | 7540/8810 [00:04<00:00, 1759.79it/s]
 88%|████████▊ | 7720/8810 [00:04<00:00, 1703.48it/s]
 90%|████████▉ | 7893/8810 [00:04<00:00, 1706.25it/s]
 92%|█████████▏| 8066/8810 [00:04<00:00, 1560.75it/s]
 93%|█████████▎| 8237/8810 [00:04<00:00, 1599.14it/s]
 95%|█████████▌| 8400/8810 [00:04<00:00, 1530.70it/s]
 98%|█████████▊| 8600/8810 [00:04<00:00, 1658.31it/s]
100%|█████████▉| 8769/8810 [00:04<00:00, 1566.69it/s]
100%|██████████| 8810/8810 [00:04<00:00, 1775.70it/s]
