
  0%|          | 0/8810 [00:00<?, ?it/s]
  2%|▏         | 181/8810 [00:00<00:05, 1565.60it/s]
  5%|▍         | 435/8810 [00:00<00:03, 2095.03it/s]
  7%|▋         | 656/8810 [00:00<00:04, 2018.67it/s]
 10%|█         | 882/8810 [00:00<00:03, 2105.97it/s]
 12%|█▏        | 1095/8810 [00:00<00:03, 1949.76it/s]
 15%|█▌        | 1334/8810 [00:00<00:03, 2079.31it/s]
 18%|█▊        | 1545/8810 [00:00<00:03, 1824.29it/s]
 20%|██        | 1795/8810 [00:00<00:03, 2009.76it/s]
 23%|██▎       | 2003/8810 [00:01<00:03, 1863.21it/s]
 25%|██▌       | 2240/8810 [00:01<00:03, 1996.87it/s]
 28%|██▊       | 2446/8810 [00:01<00:03, 1924.06it/s]
 30%|███       | 2670/8810 [00:01<00:03, 2007.65it/s]
 33%|███▎      | 2875/8810 [00:01<00:03, 1889.54it/s]
 35%|███▍      | 3068/8810 [00:01<00:03, 1693.15it/s]
 37%|███▋      | 3269/8810 [00:01<00:03, 1771.24it/s]
 39%|███▉      | 3452/8810 [00:01<00:03, 1682.40it/s]
 42%|████▏     | 3659/8810 [00:01<00:02, 1779.77it/s]
 44%|████▎     | 3841/8810 [00:02<00:02, 1690.79it/s]
 46%|████▌     | 4069/8810 [00:02<00:02, 1844.22it/s]
 48%|████▊     | 4258/8810 [00:02<00:02, 1770.24it/s]
 51%|█████     | 4486/8810 [00:02<00:02, 1905.51it/s]
 53%|█████▎    | 4680/8810 [00:02<00:02, 1645.62it/s]
 55%|█████▌    | 4857/8810 [00:02<00:02, 1672.86it/s]
 57%|█████▋    | 5031/8810 [00:02<00:02, 1588.73it/s]
 60%|█████▉    | 5261/8810 [00:02<00:02, 1773.86it/s]
 62%|██████▏   | 5444/8810 [00:03<00:02, 1634.90it/s]
 65%|██████▍   | 5683/8810 [00:03<00:01, 1832.46it/s]
 67%|██████▋   | 5873/8810 [00:03<00:01, 1664.36it/s]
 69%|██████▊   | 6047/8810 [00:03<00:01, 1535.00it/s]
 71%|███████   | 6253/8810 [00:03<00:01, 1666.41it/s]
 73%|███████▎  | 6427/8810 [00:03<00:01, 1554.23it/s]
 75%|███████▌  | 6626/8810 [00:03<00:01, 1666.27it/s]
 78%|███████▊  | 6875/8810 [00:03<00:01, 1886.11it/s]
 80%|████████  | 7070/8810 [00:03<00:00, 1780.70it/s]
 82%|████████▏ | 7254/8810 [00:04<00:00, 1770.32it/s]
 84%|████████▍ | 7435/8810 [00:04<00:00, 1759.89it/s]
 86%|████████▋ | 7614/8810 [00:04<00:00, 1750.98it/s]
 88%|████████▊ | 7791/8810 [00:04<00:00, 1553.59it/s]
 91%|█████████ | 7975/8810 [00:04<00:00, 1628.90it/s]
 92%|█████████▏| 8143/8810 [00:04<00:00, 1506.14it/s]
 95%|█████████▍| 8328/8810 [00:04<00:00, 1591.46it/s]
 96%|█████████▋| 8492/8810 [00:04<00:00, 1526.80it/s]
 99%|█████████▊| 8693/8810 [00:04<00:00, 1652.37it/s]
100%|██████████| 8810/8810 [00:05<00:00, 1746.02it/s]
