
  0%|          | 0/8810 [00:00<?, ?it/s]
  2%|▏         | 181/8810 [00:00<00:06, 1319.02it/s]
  5%|▍         | 409/8810 [00:00<00:04, 1802.42it/s]
  7%|▋         | 645/8810 [00:00<00:04, 2026.55it/s]
 10%|▉         | 854/8810 [00:00<00:04, 1721.22it/s]
 12%|█▏        | 1035/8810 [00:00<00:04, 1661.56it/s]
 14%|█▍        | 1254/8810 [00:00<00:04, 1814.04it/s]
 16%|█▋        | 1451/8810 [00:00<00:03, 1857.51it/s]
 19%|█▊        | 1641/8810 [00:00<00:04, 1682.00it/s]
 21%|██        | 1821/8810 [00:01<00:04, 1625.87it/s]
 23%|██▎       | 2011/8810 [00:01<00:04, 1698.05it/s]
 25%|██▌       | 2229/8810 [00:01<00:03, 1827.17it/s]
 27%|██▋       | 2416/8810 [00:01<00:03, 1710.98it/s]
 30%|███       | 2670/8810 [00:01<00:03, 1935.87it/s]
 33%|███▎      | 2869/8810 [00:01<00:03, 1839.36it/s]
 35%|███▍      | 3057/8810 [00:01<00:03, 1700.53it/s]
 37%|███▋      | 3238/8810 [00:01<00:03, 1723.28it/s]
 39%|███▉      | 3414/8810 [00:01<00:03, 1602.67it/s]
 41%|████      | 3621/8810 [00:02<00:03, 1724.59it/s]
 43%|████▎     | 3798/8810 [00:02<00:03, 1632.57it/s]
 46%|████▌     | 4027/8810 [00:02<00:02, 1809.65it/s]
 48%|████▊     | 4213/8810 [00:02<00:02, 1700.96it/s]
 50%|█████     | 4412/8810 [00:02<00:02, 1778.32it/s]
 52%|█████▏    | 4594/8810 [00:02<00:02, 1749.65it/s]
 54%|█████▍    | 4772/8810 [00:02<00:02, 1593.20it/s]
 56%|█████▌    | 4936/8810 [00:02<00:02, 1474.77it/s]
 58%|█████▊    | 5121/8810 [00:03<00:02, 1571.16it/s]
 60%|██████    | 5319/8810 [00:03<00:02, 1680.38it/s]
 62%|██████▏   | 5492/8810 [00:03<00:02, 1551.25it/s]
 65%|██████▍   | 5704/8810 [00:03<00:01, 1702.26it/s]
 67%|██████▋   | 5880/8810 [00:03<00:01, 1571.64it/s]
 69%|██████▊   | 6043/8810 [00:03<00:01, 1426.31it/s]
 71%|███████   | 6232/8810 [00:03<00:01, 1541.91it/s]
 73%|███████▎  | 6400/8810 [00:03<00:01, 1479.33it/s]
 75%|███████▌  | 6619/8810 [00:03<00:01, 1664.67it/s]
 78%|███████▊  | 6853/8810 [00:04<00:01, 1848.28it/s]
 80%|███████▉  | 7044/8810 [00:04<00:01, 1702.87it/s]
 82%|████████▏ | 7221/8810 [00:04<00:00, 1686.20it/s]
 84%|████████▍ | 7394/8810 [00:04<00:00, 1571.04it/s]
 86%|████████▌ | 7555/8810 [00:04<00:00, 1506.42it/s]
 88%|████████▊ | 7715/8810 [00:04<00:00, 1424.89it/s]
 89%|████████▉ | 7860/8810 [00:04<00:00, 1426.56it/s]
 91%|█████████ | 8037/8810 [00:04<00:00, 1362.96it/s]
 93%|█████████▎| 8201/8810 [00:05<00:00, 1431.14it/s]
 95%|█████████▍| 8361/8810 [00:05<00:00, 1394.90it/s]
 97%|█████████▋| 8544/8810 [00:05<00:00, 1507.94it/s]
 99%|█████████▉| 8702/8810 [00:05<00:00, 1424.65it/s]
100%|██████████| 8810/8810 [00:05<00:00, 1627.63it/s]
