
  0%|          | 0/8810 [00:00<?, ?it/s]
  2%|▏         | 181/8810 [00:00<00:05, 1569.25it/s]
  5%|▍         | 425/8810 [00:00<00:04, 2043.82it/s]
  7%|▋         | 656/8810 [00:00<00:04, 1923.52it/s]
 10%|▉         | 866/8810 [00:00<00:04, 1981.65it/s]
 12%|█▏        | 1067/8810 [00:00<00:04, 1807.24it/s]
 14%|█▍        | 1276/8810 [00:00<00:03, 1892.37it/s]
 17%|█▋        | 1469/8810 [00:00<00:04, 1677.81it/s]
 19%|█▉        | 1666/8810 [00:00<00:04, 1758.22it/s]
 21%|██        | 1847/8810 [00:01<00:04, 1659.64it/s]
 23%|██▎       | 2067/8810 [00:01<00:03, 1804.80it/s]
 26%|██▌       | 2263/8810 [00:01<00:03, 1729.61it/s]
 29%|██▊       | 2513/8810 [00:01<00:03, 1936.23it/s]
 31%|███       | 2744/8810 [00:01<00:03, 1912.92it/s]
 34%|███▎      | 2961/8810 [00:01<00:02, 1980.33it/s]
 36%|███▌      | 3163/8810 [00:01<00:03, 1757.13it/s]
 38%|███▊      | 3359/8810 [00:01<00:03, 1809.17it/s]
 40%|████      | 3545/8810 [00:01<00:03, 1682.03it/s]
 43%|████▎     | 3774/8810 [00:02<00:02, 1694.03it/s]
 45%|████▌     | 3992/8810 [00:02<00:02, 1817.74it/s]
 47%|████▋     | 4180/8810 [00:02<00:02, 1731.48it/s]
 50%|█████     | 4411/8810 [00:02<00:02, 1883.33it/s]
 52%|█████▏    | 4604/8810 [00:02<00:02, 1832.90it/s]
 54%|█████▍    | 4791/8810 [00:02<00:02, 1666.46it/s]
 56%|█████▋    | 4962/8810 [00:02<00:02, 1493.31it/s]
 58%|█████▊    | 5153/8810 [00:02<00:02, 1593.68it/s]
 61%|██████    | 5331/8810 [00:03<00:02, 1641.63it/s]
 62%|██████▏   | 5500/8810 [00:03<00:02, 1613.84it/s]
 65%|██████▌   | 5736/8810 [00:03<00:01, 1812.96it/s]
 67%|██████▋   | 5922/8810 [00:03<00:01, 1614.98it/s]
 69%|██████▉   | 6090/8810 [00:03<00:01, 1562.43it/s]
 71%|███████▏  | 6298/8810 [00:03<00:01, 1697.36it/s]
 73%|███████▎  | 6473/8810 [00:03<00:01, 1583.85it/s]
 76%|███████▋  | 6727/8810 [00:03<00:01, 1834.40it/s]
 79%|███████▉  | 6947/8810 [00:03<00:00, 1928.57it/s]
 81%|████████  | 7145/8810 [00:04<00:00, 1768.16it/s]
 83%|████████▎ | 7332/8810 [00:04<00:00, 1794.66it/s]
 85%|████████▌ | 7516/8810 [00:04<00:00, 1618.37it/s]
 88%|████████▊ | 7715/8810 [00:04<00:00, 1558.15it/s]
 89%|████████▉ | 7876/8810 [00:04<00:00, 1568.28it/s]
 91%|█████████ | 8037/8810 [00:04<00:00, 1411.50it/s]
 93%|█████████▎| 8195/8810 [00:04<00:00, 1452.91it/s]
 95%|█████████▍| 8361/8810 [00:04<00:00, 1409.53it/s]
 97%|█████████▋| 8525/8810 [00:05<00:00, 1465.55it/s]
 99%|█████████▊| 8687/8810 [00:05<00:00, 1502.07it/s]
100%|██████████| 8810/8810 [00:05<00:00, 1684.18it/s]
