
  0%|          | 0/8810 [00:00<?, ?it/s]
  2%|▏         | 181/8810 [00:00<00:06, 1395.83it/s]
  5%|▍         | 411/8810 [00:00<00:04, 1859.11it/s]
  7%|▋         | 645/8810 [00:00<00:03, 2063.62it/s]
 10%|▉         | 856/8810 [00:00<00:04, 1728.23it/s]
 12%|█▏        | 1038/8810 [00:00<00:04, 1671.84it/s]
 14%|█▍        | 1247/8810 [00:00<00:04, 1795.63it/s]
 16%|█▋        | 1453/8810 [00:00<00:03, 1871.88it/s]
 19%|█▊        | 1645/8810 [00:00<00:04, 1699.10it/s]
 21%|██        | 1821/8810 [00:01<00:04, 1644.32it/s]
 23%|██▎       | 2000/8810 [00:01<00:04, 1682.31it/s]
 25%|██▌       | 2222/8810 [00:01<00:03, 1832.33it/s]
 27%|██▋       | 2409/8810 [00:01<00:03, 1702.21it/s]
 30%|██▉       | 2641/8810 [00:01<00:03, 1869.30it/s]
 32%|███▏      | 2833/8810 [00:01<00:03, 1738.74it/s]
 34%|███▍      | 3036/8810 [00:01<00:03, 1817.10it/s]
 37%|███▋      | 3222/8810 [00:01<00:03, 1735.28it/s]
 39%|███▊      | 3399/8810 [00:01<00:03, 1724.24it/s]
 41%|████      | 3574/8810 [00:02<00:03, 1684.19it/s]
 43%|████▎     | 3774/8810 [00:02<00:03, 1668.21it/s]
 45%|████▌     | 3988/8810 [00:02<00:02, 1793.67it/s]
 47%|████▋     | 4180/8810 [00:02<00:02, 1820.21it/s]
 50%|█████     | 4412/8810 [00:02<00:02, 1959.89it/s]
 52%|█████▏    | 4610/8810 [00:02<00:02, 1951.45it/s]
 55%|█████▍    | 4807/8810 [00:02<00:02, 1814.79it/s]
 57%|█████▋    | 4992/8810 [00:02<00:02, 1688.03it/s]
 59%|█████▉    | 5207/8810 [00:02<00:01, 1809.93it/s]
 61%|██████    | 5392/8810 [00:03<00:01, 1794.05it/s]
 64%|██████▎   | 5612/8810 [00:03<00:01, 1907.86it/s]
 66%|██████▌   | 5806/8810 [00:03<00:01, 1828.70it/s]
 68%|██████▊   | 5992/8810 [00:03<00:01, 1772.10it/s]
 70%|███████   | 6171/8810 [00:03<00:01, 1711.46it/s]
 73%|███████▎  | 6400/8810 [00:03<00:01, 1708.56it/s]
 76%|███████▌  | 6652/8810 [00:03<00:01, 1921.89it/s]
 79%|███████▊  | 6933/8810 [00:03<00:00, 2164.05it/s]
 81%|████████  | 7154/8810 [00:03<00:00, 1966.81it/s]
 84%|████████▎ | 7357/8810 [00:04<00:00, 1976.21it/s]
 86%|████████▌ | 7559/8810 [00:04<00:00, 1724.40it/s]
 88%|████████▊ | 7740/8810 [00:04<00:00, 1689.90it/s]
 90%|█████████ | 7929/8810 [00:04<00:00, 1735.80it/s]
 92%|█████████▏| 8107/8810 [00:04<00:00, 1562.99it/s]
 94%|█████████▍| 8269/8810 [00:04<00:00, 1577.12it/s]
 96%|█████████▌| 8431/8810 [00:04<00:00, 1506.79it/s]
 98%|█████████▊| 8634/8810 [00:04<00:00, 1637.93it/s]
100%|█████████▉| 8802/8810 [00:05<00:00, 1524.54it/s]
100%|██████████| 8810/8810 [00:05<00:00, 1753.02it/s]
