
  0%|          | 0/8810 [00:00<?, ?it/s]
  2%|▏         | 181/8810 [00:00<00:05, 1680.10it/s]
  5%|▍         | 425/8810 [00:00<00:03, 2100.86it/s]
  7%|▋         | 656/8810 [00:00<00:04, 2011.21it/s]
 10%|▉         | 859/8810 [00:00<00:04, 1961.62it/s]
 12%|█▏        | 1056/8810 [00:00<00:04, 1629.69it/s]
 15%|█▍        | 1284/8810 [00:00<00:04, 1815.69it/s]
 17%|█▋        | 1474/8810 [00:00<00:04, 1712.46it/s]
 19%|█▉        | 1717/8810 [00:00<00:03, 1909.44it/s]
 22%|██▏       | 1915/8810 [00:01<00:03, 1774.23it/s]
 25%|██▍       | 2176/8810 [00:01<00:03, 1998.34it/s]
 27%|██▋       | 2383/8810 [00:01<00:03, 1823.61it/s]
 30%|██▉       | 2639/8810 [00:01<00:03, 2017.04it/s]
 32%|███▏      | 2849/8810 [00:01<00:03, 1883.12it/s]
 35%|███▍      | 3057/8810 [00:01<00:03, 1766.31it/s]
 37%|███▋      | 3246/8810 [00:01<00:03, 1792.73it/s]
 39%|███▉      | 3430/8810 [00:01<00:03, 1754.77it/s]
 41%|████▏     | 3655/8810 [00:01<00:02, 1887.99it/s]
 44%|████▎     | 3848/8810 [00:02<00:02, 1823.55it/s]
 47%|████▋     | 4118/8810 [00:02<00:02, 2064.85it/s]
 49%|████▉     | 4329/8810 [00:02<00:02, 1960.80it/s]
 52%|█████▏    | 4564/8810 [00:02<00:02, 2066.25it/s]
 54%|█████▍    | 4774/8810 [00:02<00:02, 1872.88it/s]
 56%|█████▋    | 4967/8810 [00:02<00:02, 1641.48it/s]
 59%|█████▉    | 5180/8810 [00:02<00:02, 1762.58it/s]
 61%|██████    | 5372/8810 [00:02<00:02, 1703.04it/s]
 63%|██████▎   | 5563/8810 [00:03<00:01, 1754.05it/s]
 65%|██████▌   | 5754/8810 [00:03<00:01, 1734.50it/s]
 67%|██████▋   | 5931/8810 [00:03<00:01, 1686.01it/s]
 69%|██████▉   | 6102/8810 [00:03<00:01, 1682.64it/s]
 72%|███████▏  | 6322/8810 [00:03<00:01, 1824.23it/s]
 74%|███████▍  | 6507/8810 [00:03<00:01, 1673.40it/s]
 77%|███████▋  | 6777/8810 [00:03<00:01, 1948.05it/s]
 79%|███████▉  | 6977/8810 [00:03<00:00, 1928.43it/s]
 81%|████████▏ | 7174/8810 [00:03<00:00, 1879.76it/s]
 84%|████████▎ | 7365/8810 [00:04<00:00, 1816.05it/s]
 86%|████████▌ | 7549/8810 [00:04<00:00, 1799.80it/s]
 88%|████████▊ | 7731/8810 [00:04<00:00, 1747.69it/s]
 90%|█████████ | 7930/8810 [00:04<00:00, 1814.74it/s]
 92%|█████████▏| 8113/8810 [00:04<00:00, 1597.96it/s]
 94%|█████████▍| 8323/8810 [00:04<00:00, 1729.24it/s]
 97%|█████████▋| 8502/8810 [00:04<00:00, 1609.93it/s]
 99%|█████████▉| 8702/8810 [00:04<00:00, 1577.81it/s]
100%|██████████| 8810/8810 [00:04<00:00, 1799.69it/s]
