
  0%|          | 0/8810 [00:00<?, ?it/s]
  2%|▏         | 181/8810 [00:00<00:06, 1424.01it/s]
  5%|▍         | 427/8810 [00:00<00:04, 1964.02it/s]
  7%|▋         | 656/8810 [00:00<00:04, 1839.91it/s]
 10%|▉         | 849/8810 [00:00<00:04, 1868.62it/s]
 12%|█▏        | 1039/8810 [00:00<00:04, 1798.95it/s]
 14%|█▍        | 1271/8810 [00:00<00:03, 1960.48it/s]
 17%|█▋        | 1470/8810 [00:00<00:04, 1817.68it/s]
 19%|█▉        | 1706/8810 [00:00<00:03, 1967.38it/s]
 22%|██▏       | 1907/8810 [00:01<00:03, 1797.51it/s]
 25%|██▍       | 2176/8810 [00:01<00:03, 2037.90it/s]
 27%|██▋       | 2386/8810 [00:01<00:03, 1843.95it/s]
 30%|███       | 2668/8810 [00:01<00:02, 2098.64it/s]
 33%|███▎      | 2887/8810 [00:01<00:03, 1972.27it/s]
 35%|███▌      | 3091/8810 [00:01<00:03, 1887.84it/s]
 37%|███▋      | 3285/8810 [00:01<00:02, 1888.48it/s]
 39%|███▉      | 3478/8810 [00:01<00:02, 1815.98it/s]
 42%|████▏     | 3725/8810 [00:01<00:02, 1992.58it/s]
 45%|████▍     | 3928/8810 [00:02<00:02, 1867.18it/s]
 47%|████▋     | 4180/8810 [00:02<00:02, 1903.80it/s]
 50%|████▉     | 4404/8810 [00:02<00:02, 1988.77it/s]
 52%|█████▏    | 4606/8810 [00:02<00:02, 1972.08it/s]
 55%|█████▍    | 4805/8810 [00:02<00:02, 1845.80it/s]
 57%|█████▋    | 4992/8810 [00:02<00:02, 1739.89it/s]
 59%|█████▉    | 5214/8810 [00:02<00:01, 1866.87it/s]
 61%|██████▏   | 5404/8810 [00:02<00:01, 1777.26it/s]
 64%|██████▍   | 5671/8810 [00:02<00:01, 2017.21it/s]
 67%|██████▋   | 5877/8810 [00:03<00:01, 1895.13it/s]
 69%|██████▉   | 6071/8810 [00:03<00:01, 1700.29it/s]
 71%|███████▏  | 6294/8810 [00:03<00:01, 1833.94it/s]
 74%|███████▎  | 6484/8810 [00:03<00:01, 1713.60it/s]
 76%|███████▋  | 6728/8810 [00:03<00:01, 1901.96it/s]
 79%|███████▉  | 6949/8810 [00:03<00:00, 1978.59it/s]
 81%|████████  | 7152/8810 [00:03<00:00, 1852.33it/s]
 84%|████████▎ | 7360/8810 [00:03<00:00, 1729.15it/s]
 86%|████████▌ | 7538/8810 [00:04<00:00, 1704.18it/s]
 88%|████████▊ | 7715/8810 [00:04<00:00, 1595.59it/s]
 90%|████████▉ | 7885/8810 [00:04<00:00, 1615.21it/s]
 91%|█████████▏| 8049/8810 [00:04<00:00, 1381.29it/s]
 93%|█████████▎| 8194/8810 [00:04<00:00, 1369.13it/s]
 95%|█████████▍| 8361/8810 [00:04<00:00, 1290.45it/s]
 97%|█████████▋| 8526/8810 [00:04<00:00, 1377.40it/s]
 99%|█████████▉| 8702/8810 [00:04<00:00, 1316.95it/s]
100%|██████████| 8810/8810 [00:05<00:00, 1760.01it/s]
