
  0%|          | 0/8810 [00:00<?, ?it/s]
  2%|▏         | 181/8810 [00:00<00:05, 1515.32it/s]
  5%|▍         | 427/8810 [00:00<00:04, 2022.32it/s]
  7%|▋         | 656/8810 [00:00<00:04, 1925.38it/s]
 10%|▉         | 852/8810 [00:00<00:04, 1934.21it/s]
 12%|█▏        | 1048/8810 [00:00<00:04, 1814.57it/s]
 15%|█▍        | 1310/8810 [00:00<00:03, 2062.65it/s]
 17%|█▋        | 1520/8810 [00:00<00:03, 1870.20it/s]
 20%|██        | 1778/8810 [00:00<00:03, 2065.23it/s]
 23%|██▎       | 1990/8810 [00:01<00:03, 1768.87it/s]
 25%|██▌       | 2233/8810 [00:01<00:03, 1936.24it/s]
 28%|██▊       | 2437/8810 [00:01<00:03, 1903.22it/s]
 31%|███       | 2725/8810 [00:01<00:02, 2167.59it/s]
 33%|███▎      | 2950/8810 [00:01<00:02, 1985.90it/s]
 36%|███▌      | 3157/8810 [00:01<00:03, 1869.61it/s]
 38%|███▊      | 3378/8810 [00:01<00:02, 1956.14it/s]
 41%|████      | 3580/8810 [00:01<00:02, 1845.80it/s]
 43%|████▎     | 3774/8810 [00:01<00:02, 1756.75it/s]
 46%|████▌     | 4016/8810 [00:02<00:02, 1930.72it/s]
 48%|████▊     | 4214/8810 [00:02<00:02, 1855.98it/s]
 50%|█████     | 4418/8810 [00:02<00:02, 1904.63it/s]
 52%|█████▏    | 4625/8810 [00:02<00:02, 1804.87it/s]
 55%|█████▍    | 4809/8810 [00:02<00:02, 1770.49it/s]
 57%|█████▋    | 4989/8810 [00:02<00:02, 1633.78it/s]
 59%|█████▉    | 5197/8810 [00:02<00:02, 1745.40it/s]
 61%|██████    | 5375/8810 [00:02<00:02, 1699.23it/s]
 64%|██████▎   | 5595/8810 [00:02<00:01, 1833.85it/s]
 66%|██████▌   | 5782/8810 [00:03<00:01, 1799.14it/s]
 68%|██████▊   | 5964/8810 [00:03<00:01, 1733.93it/s]
 70%|██████▉   | 6139/8810 [00:03<00:01, 1668.85it/s]
 72%|███████▏  | 6370/8810 [00:03<00:01, 1845.34it/s]
 74%|███████▍  | 6557/8810 [00:03<00:01, 1727.33it/s]
 77%|███████▋  | 6826/8810 [00:03<00:00, 1990.81it/s]
 80%|███████▉  | 7030/8810 [00:03<00:00, 1931.88it/s]
 82%|████████▏ | 7227/8810 [00:03<00:00, 1942.14it/s]
 84%|████████▍ | 7424/8810 [00:03<00:00, 1879.92it/s]
 86%|████████▋ | 7614/8810 [00:04<00:00, 1869.48it/s]
 89%|████████▊ | 7803/8810 [00:04<00:00, 1724.17it/s]
 91%|█████████ | 8001/8810 [00:04<00:00, 1789.40it/s]
 93%|█████████▎| 8183/8810 [00:04<00:00, 1627.40it/s]
 95%|█████████▍| 8361/8810 [00:04<00:00, 1541.72it/s]
 98%|█████████▊| 8592/8810 [00:04<00:00, 1740.07it/s]
100%|█████████▉| 8772/8810 [00:04<00:00, 1653.44it/s]
100%|██████████| 8810/8810 [00:04<00:00, 1825.34it/s]
