
  0%|          | 0/8810 [00:00<?, ?it/s]
  2%|▏         | 181/8810 [00:00<00:05, 1489.00it/s]
  4%|▍         | 372/8810 [00:00<00:04, 1712.20it/s]
  7%|▋         | 595/8810 [00:00<00:04, 1936.18it/s]
  9%|▉         | 791/8810 [00:00<00:05, 1595.77it/s]
 11%|█         | 964/8810 [00:00<00:04, 1632.65it/s]
 13%|█▎        | 1134/8810 [00:00<00:05, 1481.16it/s]
 15%|█▌        | 1322/8810 [00:00<00:04, 1588.41it/s]
 17%|█▋        | 1487/8810 [00:00<00:04, 1488.27it/s]
 19%|█▉        | 1705/8810 [00:01<00:04, 1677.66it/s]
 21%|██▏       | 1879/8810 [00:01<00:04, 1508.27it/s]
 24%|██▎       | 2089/8810 [00:01<00:04, 1656.51it/s]
 26%|██▌       | 2263/8810 [00:01<00:04, 1559.04it/s]
 28%|██▊       | 2464/8810 [00:01<00:03, 1677.66it/s]
 31%|███       | 2703/8810 [00:01<00:03, 1873.17it/s]
 33%|███▎      | 2896/8810 [00:01<00:03, 1704.43it/s]
 35%|███▍      | 3073/8810 [00:01<00:03, 1619.42it/s]
 37%|███▋      | 3240/8810 [00:01<00:03, 1613.49it/s]
 39%|███▊      | 3410/8810 [00:02<00:03, 1499.01it/s]
 41%|████      | 3621/8810 [00:02<00:03, 1652.73it/s]
 43%|████▎     | 3791/8810 [00:02<00:03, 1548.84it/s]
 45%|████▌     | 3969/8810 [00:02<00:03, 1608.73it/s]
 47%|████▋     | 4180/8810 [00:02<00:02, 1653.77it/s]
 50%|████▉     | 4394/8810 [00:02<00:02, 1779.24it/s]
 52%|█████▏    | 4575/8810 [00:02<00:02, 1769.43it/s]
 54%|█████▍    | 4754/8810 [00:02<00:02, 1559.25it/s]
 56%|█████▌    | 4928/8810 [00:03<00:02, 1605.70it/s]
 58%|█████▊    | 5093/8810 [00:03<00:02, 1530.50it/s]
 60%|█████▉    | 5285/8810 [00:03<00:02, 1630.10it/s]
 62%|██████▏   | 5452/8810 [00:03<00:02, 1531.22it/s]
 64%|██████▍   | 5653/8810 [00:03<00:01, 1658.07it/s]
 66%|██████▌   | 5823/8810 [00:03<00:01, 1580.56it/s]
 68%|██████▊   | 5984/8810 [00:03<00:01, 1511.40it/s]
 70%|██████▉   | 6138/8810 [00:03<00:01, 1451.61it/s]
 72%|███████▏  | 6344/8810 [00:03<00:01, 1614.06it/s]
 74%|███████▍  | 6509/8810 [00:04<00:01, 1470.55it/s]
 77%|███████▋  | 6747/8810 [00:04<00:01, 1705.36it/s]
 79%|███████▊  | 6936/8810 [00:04<00:01, 1755.11it/s]
 81%|████████  | 7116/8810 [00:04<00:01, 1550.90it/s]
 83%|████████▎ | 7279/8810 [00:04<00:00, 1544.04it/s]
 84%|████████▍ | 7439/8810 [00:04<00:00, 1542.71it/s]
 86%|████████▌ | 7597/8810 [00:04<00:00, 1495.77it/s]
 88%|████████▊ | 7749/8810 [00:04<00:00, 1416.46it/s]
 90%|████████▉ | 7911/8810 [00:04<00:00, 1467.62it/s]
 91%|█████████▏| 8060/8810 [00:05<00:00, 1336.05it/s]
 93%|█████████▎| 8209/8810 [00:05<00:00, 1371.35it/s]
 95%|█████████▍| 8361/8810 [00:05<00:00, 1349.00it/s]
 97%|█████████▋| 8544/8810 [00:05<00:00, 1477.14it/s]
 99%|█████████▉| 8702/8810 [00:05<00:00, 1412.38it/s]
100%|██████████| 8810/8810 [00:05<00:00, 1573.25it/s]
