
  0%|          | 0/8810 [00:00<?, ?it/s]
  2%|▏         | 181/8810 [00:00<00:05, 1439.13it/s]
  5%|▍         | 419/8810 [00:00<00:04, 1938.19it/s]
  7%|▋         | 638/8810 [00:00<00:03, 2044.12it/s]
 10%|▉         | 846/8810 [00:00<00:04, 1767.50it/s]
 12%|█▏        | 1030/8810 [00:00<00:04, 1643.42it/s]
 14%|█▍        | 1232/8810 [00:00<00:04, 1748.62it/s]
 16%|█▌        | 1412/8810 [00:00<00:04, 1746.54it/s]
 18%|█▊        | 1590/8810 [00:00<00:04, 1593.52it/s]
 21%|██        | 1821/8810 [00:01<00:04, 1628.70it/s]
 23%|██▎       | 1987/8810 [00:01<00:04, 1629.16it/s]
 25%|██▌       | 2204/8810 [00:01<00:03, 1774.08it/s]
 27%|██▋       | 2385/8810 [00:01<00:04, 1589.62it/s]
 30%|██▉       | 2627/8810 [00:01<00:03, 1798.09it/s]
 32%|███▏      | 2813/8810 [00:01<00:03, 1633.22it/s]
 34%|███▍      | 3004/8810 [00:01<00:03, 1703.31it/s]
 36%|███▌      | 3180/8810 [00:01<00:03, 1577.50it/s]
 38%|███▊      | 3370/8810 [00:01<00:03, 1659.83it/s]
 40%|████      | 3541/8810 [00:02<00:03, 1503.16it/s]
 43%|████▎     | 3759/8810 [00:02<00:03, 1675.25it/s]
 45%|████▍     | 3933/8810 [00:02<00:03, 1551.36it/s]
 47%|████▋     | 4154/8810 [00:02<00:02, 1722.35it/s]
 49%|████▉     | 4333/8810 [00:02<00:02, 1619.07it/s]
 52%|█████▏    | 4539/8810 [00:02<00:02, 1731.67it/s]
 54%|█████▎    | 4718/8810 [00:02<00:02, 1592.04it/s]
 56%|█████▌    | 4894/8810 [00:02<00:02, 1625.54it/s]
 57%|█████▋    | 5061/8810 [00:03<00:02, 1516.64it/s]
 60%|█████▉    | 5284/8810 [00:03<00:02, 1704.27it/s]
 62%|██████▏   | 5460/8810 [00:03<00:02, 1623.53it/s]
 64%|██████▍   | 5681/8810 [00:03<00:01, 1781.41it/s]
 67%|██████▋   | 5864/8810 [00:03<00:01, 1659.10it/s]
 69%|██████▊   | 6035/8810 [00:03<00:01, 1643.77it/s]
 70%|███████   | 6203/8810 [00:03<00:01, 1527.59it/s]
 73%|███████▎  | 6400/8810 [00:03<00:01, 1498.21it/s]
 75%|███████▌  | 6616/8810 [00:03<00:01, 1666.89it/s]
 78%|███████▊  | 6857/8810 [00:04<00:01, 1864.68it/s]
 80%|████████  | 7049/8810 [00:04<00:01, 1725.85it/s]
 82%|████████▏ | 7231/8810 [00:04<00:00, 1748.76it/s]
 84%|████████▍ | 7410/8810 [00:04<00:00, 1686.71it/s]
 86%|████████▌ | 7582/8810 [00:04<00:00, 1616.21it/s]
 88%|████████▊ | 7746/8810 [00:04<00:00, 1490.73it/s]
 90%|████████▉ | 7898/8810 [00:04<00:00, 1475.25it/s]
 91%|█████████▏| 8048/8810 [00:04<00:00, 1293.95it/s]
 93%|█████████▎| 8214/8810 [00:05<00:00, 1385.31it/s]
 95%|█████████▍| 8361/8810 [00:05<00:00, 1374.95it/s]
 97%|█████████▋| 8547/8810 [00:05<00:00, 1503.03it/s]
 99%|█████████▉| 8702/8810 [00:05<00:00, 1429.03it/s]
100%|██████████| 8810/8810 [00:05<00:00, 1621.17it/s]
