
  0%|          | 0/8810 [00:00<?, ?it/s]
  2%|▏         | 181/8810 [00:00<00:05, 1563.74it/s]
  5%|▍         | 422/8810 [00:00<00:04, 2019.48it/s]
  7%|▋         | 656/8810 [00:00<00:04, 1951.78it/s]
 10%|▉         | 869/8810 [00:00<00:03, 2012.58it/s]
 12%|█▏        | 1072/8810 [00:00<00:04, 1908.29it/s]
 15%|█▍        | 1309/8810 [00:00<00:03, 2045.32it/s]
 17%|█▋        | 1516/8810 [00:00<00:03, 1830.37it/s]
 20%|██        | 1778/8810 [00:00<00:03, 2053.46it/s]
 23%|██▎       | 1990/8810 [00:01<00:03, 1881.38it/s]
 25%|██▌       | 2218/8810 [00:01<00:03, 1988.67it/s]
 28%|██▊       | 2423/8810 [00:01<00:03, 1799.51it/s]
 30%|███       | 2679/8810 [00:01<00:03, 1996.41it/s]
 33%|███▎      | 2887/8810 [00:01<00:03, 1815.14it/s]
 35%|███▍      | 3076/8810 [00:01<00:03, 1713.02it/s]
 37%|███▋      | 3268/8810 [00:01<00:03, 1762.88it/s]
 39%|███▉      | 3449/8810 [00:01<00:03, 1656.77it/s]
 42%|████▏     | 3706/8810 [00:01<00:02, 1895.95it/s]
 44%|████▍     | 3902/8810 [00:02<00:02, 1799.03it/s]
 47%|████▋     | 4156/8810 [00:02<00:02, 1996.32it/s]
 50%|████▉     | 4362/8810 [00:02<00:02, 1876.38it/s]
 52%|█████▏    | 4571/8810 [00:02<00:02, 1929.09it/s]
 54%|█████▍    | 4768/8810 [00:02<00:02, 1722.82it/s]
 56%|█████▌    | 4947/8810 [00:02<00:02, 1592.83it/s]
 59%|█████▉    | 5180/8810 [00:02<00:02, 1775.24it/s]
 61%|██████    | 5372/8810 [00:02<00:01, 1729.64it/s]
 64%|██████▍   | 5625/8810 [00:03<00:01, 1940.27it/s]
 66%|██████▌   | 5825/8810 [00:03<00:01, 1854.09it/s]
 68%|██████▊   | 6015/8810 [00:03<00:01, 1764.66it/s]
 70%|███████   | 6195/8810 [00:03<00:01, 1547.38it/s]
 72%|███████▏  | 6385/8810 [00:03<00:01, 1633.56it/s]
 74%|███████▍  | 6555/8810 [00:03<00:01, 1528.14it/s]
 77%|███████▋  | 6802/8810 [00:03<00:01, 1763.61it/s]
 79%|███████▉  | 6986/8810 [00:03<00:01, 1718.78it/s]
 81%|████████▏ | 7168/8810 [00:03<00:00, 1744.61it/s]
 84%|████████▎ | 7360/8810 [00:04<00:00, 1655.57it/s]
 85%|████████▌ | 7529/8810 [00:04<00:00, 1640.16it/s]
 88%|████████▊ | 7715/8810 [00:04<00:00, 1627.90it/s]
 89%|████████▉ | 7884/8810 [00:04<00:00, 1642.51it/s]
 91%|█████████▏| 8050/8810 [00:04<00:00, 1474.04it/s]
 93%|█████████▎| 8224/8810 [00:04<00:00, 1542.05it/s]
 95%|█████████▌| 8382/8810 [00:04<00:00, 1475.79it/s]
 97%|█████████▋| 8533/8810 [00:04<00:00, 1404.04it/s]
 99%|█████████▉| 8700/8810 [00:05<00:00, 1454.61it/s]
100%|██████████| 8810/8810 [00:05<00:00, 1705.55it/s]
