
  0%|          | 0/8810 [00:00<?, ?it/s]
  2%|▏         | 181/8810 [00:00<00:06, 1357.17it/s]
  5%|▍         | 407/8810 [00:00<00:04, 1820.86it/s]
  7%|▋         | 624/8810 [00:00<00:04, 1964.58it/s]
  9%|▉         | 825/8810 [00:00<00:04, 1598.37it/s]
 11%|█▏        | 996/8810 [00:00<00:05, 1500.16it/s]
 14%|█▍        | 1226/8810 [00:00<00:04, 1721.51it/s]
 16%|█▋        | 1439/8810 [00:00<00:04, 1838.16it/s]
 19%|█▊        | 1631/8810 [00:00<00:04, 1693.34it/s]
 21%|██        | 1821/8810 [00:01<00:04, 1635.67it/s]
 23%|██▎       | 1990/8810 [00:01<00:04, 1639.36it/s]
 25%|██▌       | 2217/8810 [00:01<00:03, 1806.95it/s]
 27%|██▋       | 2402/8810 [00:01<00:03, 1641.07it/s]
 30%|███       | 2653/8810 [00:01<00:03, 1869.86it/s]
 32%|███▏      | 2847/8810 [00:01<00:03, 1696.50it/s]
 35%|███▍      | 3057/8810 [00:01<00:03, 1641.72it/s]
 37%|███▋      | 3235/8810 [00:01<00:03, 1676.05it/s]
 39%|███▊      | 3408/8810 [00:02<00:03, 1685.68it/s]
 41%|████      | 3580/8810 [00:02<00:03, 1586.54it/s]
 43%|████▎     | 3774/8810 [00:02<00:03, 1583.91it/s]
 45%|████▌     | 3986/8810 [00:02<00:02, 1724.03it/s]
 47%|████▋     | 4180/8810 [00:02<00:02, 1726.59it/s]
 50%|████▉     | 4400/8810 [00:02<00:02, 1856.73it/s]
 52%|█████▏    | 4589/8810 [00:02<00:02, 1852.93it/s]
 54%|█████▍    | 4777/8810 [00:02<00:02, 1700.46it/s]
 56%|█████▌    | 4951/8810 [00:02<00:02, 1500.84it/s]
 59%|█████▊    | 5168/8810 [00:03<00:02, 1667.49it/s]
 61%|██████    | 5366/8810 [00:03<00:01, 1748.92it/s]
 63%|██████▎   | 5547/8810 [00:03<00:02, 1584.36it/s]
 65%|██████▌   | 5754/8810 [00:03<00:01, 1544.21it/s]
 67%|██████▋   | 5914/8810 [00:03<00:01, 1507.88it/s]
 69%|██████▉   | 6068/8810 [00:03<00:01, 1470.87it/s]
 71%|███████   | 6230/8810 [00:03<00:01, 1509.77it/s]
 73%|███████▎  | 6400/8810 [00:03<00:01, 1471.55it/s]
 75%|███████▌  | 6623/8810 [00:03<00:01, 1673.76it/s]
 78%|███████▊  | 6885/8810 [00:04<00:00, 1936.02it/s]
 80%|████████  | 7084/8810 [00:04<00:00, 1813.87it/s]
 83%|████████▎ | 7270/8810 [00:04<00:00, 1812.08it/s]
 85%|████████▍ | 7455/8810 [00:04<00:00, 1746.51it/s]
 87%|████████▋ | 7635/8810 [00:04<00:00, 1758.51it/s]
 89%|████████▊ | 7813/8810 [00:04<00:00, 1569.64it/s]
 91%|█████████ | 7975/8810 [00:04<00:00, 1578.96it/s]
 92%|█████████▏| 8137/8810 [00:04<00:00, 1452.57it/s]
 95%|█████████▍| 8332/8810 [00:05<00:00, 1580.42it/s]
 96%|█████████▋| 8495/8810 [00:05<00:00, 1507.15it/s]
 99%|█████████▉| 8702/8810 [00:05<00:00, 1514.30it/s]
100%|██████████| 8810/8810 [00:05<00:00, 1654.83it/s]
