
  0%|          | 0/8810 [00:00<?, ?it/s]
  2%|▏         | 156/8810 [00:00<00:05, 1549.53it/s]
  4%|▎         | 311/8810 [00:00<00:05, 1453.01it/s]
  5%|▌         | 457/8810 [00:00<00:05, 1449.59it/s]
  7%|▋         | 652/8810 [00:00<00:04, 1638.10it/s]
  9%|▉         | 817/8810 [00:00<00:05, 1399.69it/s]
 11%|█         | 967/8810 [00:00<00:05, 1429.03it/s]
 13%|█▎        | 1114/8810 [00:00<00:05, 1417.73it/s]
 15%|█▍        | 1288/8810 [00:00<00:04, 1510.00it/s]
 16%|█▋        | 1446/8810 [00:00<00:04, 1524.88it/s]
 18%|█▊        | 1601/8810 [00:01<00:05, 1310.63it/s]
 20%|██        | 1793/8810 [00:01<00:04, 1467.69it/s]
 22%|██▏       | 1947/8810 [00:01<00:05, 1291.89it/s]
 24%|██▍       | 2157/8810 [00:01<00:04, 1494.59it/s]
 26%|██▋       | 2316/8810 [00:01<00:04, 1404.74it/s]
 29%|██▊       | 2520/8810 [00:01<00:04, 1567.56it/s]
 31%|███       | 2731/8810 [00:01<00:03, 1713.34it/s]
 33%|███▎      | 2910/8810 [00:01<00:03, 1536.29it/s]
 35%|███▍      | 3072/8810 [00:02<00:04, 1427.61it/s]
 37%|███▋      | 3227/8810 [00:02<00:03, 1456.12it/s]
 38%|███▊      | 3378/8810 [00:02<00:03, 1460.40it/s]
 40%|████      | 3528/8810 [00:02<00:04, 1240.64it/s]
 42%|████▏     | 3706/8810 [00:02<00:03, 1374.12it/s]
 44%|████▎     | 3852/8810 [00:02<00:03, 1259.32it/s]
 46%|████▌     | 4067/8810 [00:02<00:03, 1478.57it/s]
 48%|████▊     | 4224/8810 [00:02<00:03, 1432.49it/s]
 50%|█████     | 4422/8810 [00:03<00:02, 1574.31it/s]
 52%|█████▏    | 4586/8810 [00:03<00:02, 1560.34it/s]
 54%|█████▍    | 4747/8810 [00:03<00:02, 1399.76it/s]
 56%|█████▌    | 4908/8810 [00:03<00:02, 1452.44it/s]
 57%|█████▋    | 5058/8810 [00:03<00:02, 1313.27it/s]
 59%|█████▉    | 5229/8810 [00:03<00:02, 1414.79it/s]
 61%|██████    | 5376/8810 [00:03<00:02, 1277.00it/s]
 63%|██████▎   | 5512/8810 [00:03<00:02, 1297.98it/s]
 65%|██████▍   | 5711/8810 [00:03<00:02, 1481.12it/s]
 67%|██████▋   | 5865/8810 [00:04<00:02, 1302.87it/s]
 68%|██████▊   | 6003/8810 [00:04<00:02, 1308.09it/s]
 70%|██████▉   | 6139/8810 [00:04<00:02, 1239.32it/s]
 72%|███████▏  | 6301/8810 [00:04<00:01, 1338.68it/s]
 73%|███████▎  | 6439/8810 [00:04<00:01, 1246.36it/s]
 75%|███████▍  | 6588/8810 [00:04<00:01, 1310.53it/s]
 77%|███████▋  | 6777/8810 [00:04<00:01, 1466.15it/s]
 79%|███████▉  | 6972/8810 [00:04<00:01, 1443.07it/s]
 81%|████████  | 7144/8810 [00:05<00:01, 1515.15it/s]
 83%|████████▎ | 7312/8810 [00:05<00:00, 1559.23it/s]
 85%|████████▍ | 7471/8810 [00:05<00:00, 1451.98it/s]
 87%|████████▋ | 7636/8810 [00:05<00:00, 1501.45it/s]
 88%|████████▊ | 7789/8810 [00:05<00:00, 1342.75it/s]
 90%|█████████ | 7945/8810 [00:05<00:00, 1391.25it/s]
 92%|█████████▏| 8088/8810 [00:05<00:00, 1265.17it/s]
 94%|█████████▎| 8252/8810 [00:05<00:00, 1358.60it/s]
 95%|█████████▌| 8393/8810 [00:05<00:00, 1310.40it/s]
 97%|█████████▋| 8576/8810 [00:06<00:00, 1449.01it/s]
 99%|█████████▉| 8725/8810 [00:06<00:00, 1349.11it/s]
100%|██████████| 8810/8810 [00:06<00:00, 1412.68it/s]
