
  0%|          | 0/8810 [00:00<?, ?it/s]
  2%|▏         | 181/8810 [00:00<00:05, 1472.91it/s]
  5%|▍         | 422/8810 [00:00<00:04, 1972.10it/s]
  7%|▋         | 656/8810 [00:00<00:04, 1814.03it/s]
 10%|▉         | 852/8810 [00:00<00:04, 1859.96it/s]
 12%|█▏        | 1042/8810 [00:00<00:04, 1721.05it/s]
 14%|█▍        | 1250/8810 [00:00<00:04, 1821.15it/s]
 16%|█▋        | 1449/8810 [00:00<00:03, 1867.37it/s]
 19%|█▊        | 1639/8810 [00:00<00:04, 1633.21it/s]
 21%|██        | 1821/8810 [00:01<00:04, 1592.49it/s]
 23%|██▎       | 1985/8810 [00:01<00:04, 1568.06it/s]
 25%|██▌       | 2218/8810 [00:01<00:03, 1764.48it/s]
 27%|██▋       | 2399/8810 [00:01<00:03, 1622.25it/s]
 30%|██▉       | 2627/8810 [00:01<00:03, 1791.38it/s]
 32%|███▏      | 2812/8810 [00:01<00:03, 1645.13it/s]
 34%|███▍      | 3002/8810 [00:01<00:03, 1711.54it/s]
 36%|███▌      | 3178/8810 [00:01<00:03, 1548.83it/s]
 38%|███▊      | 3374/8810 [00:01<00:03, 1651.94it/s]
 40%|████      | 3545/8810 [00:02<00:03, 1519.56it/s]
 42%|████▏     | 3730/8810 [00:02<00:03, 1602.34it/s]
 44%|████▍     | 3896/8810 [00:02<00:03, 1525.80it/s]
 47%|████▋     | 4115/8810 [00:02<00:02, 1701.97it/s]
 49%|████▊     | 4290/8810 [00:02<00:02, 1644.45it/s]
 51%|█████     | 4506/8810 [00:02<00:02, 1780.07it/s]
 53%|█████▎    | 4688/8810 [00:02<00:02, 1583.06it/s]
 55%|█████▌    | 4876/8810 [00:02<00:02, 1659.76it/s]
 57%|█████▋    | 5048/8810 [00:03<00:02, 1561.18it/s]
 60%|█████▉    | 5268/8810 [00:03<00:02, 1726.79it/s]
 62%|██████▏   | 5446/8810 [00:03<00:02, 1618.17it/s]
 65%|██████▍   | 5683/8810 [00:03<00:01, 1816.44it/s]
 67%|██████▋   | 5871/8810 [00:03<00:01, 1656.94it/s]
 69%|██████▊   | 6043/8810 [00:03<00:01, 1463.69it/s]
 71%|███████   | 6230/8810 [00:03<00:01, 1557.86it/s]
 73%|███████▎  | 6400/8810 [00:03<00:01, 1507.57it/s]
 75%|███████▌  | 6627/8810 [00:03<00:01, 1704.47it/s]
 78%|███████▊  | 6895/8810 [00:04<00:00, 1964.70it/s]
 81%|████████  | 7099/8810 [00:04<00:00, 1776.18it/s]
 83%|████████▎ | 7285/8810 [00:04<00:00, 1789.89it/s]
 85%|████████▍ | 7470/8810 [00:04<00:00, 1644.80it/s]
 87%|████████▋ | 7646/8810 [00:04<00:00, 1672.38it/s]
 89%|████████▊ | 7818/8810 [00:04<00:00, 1458.03it/s]
 90%|█████████ | 7971/8810 [00:04<00:00, 1472.34it/s]
 92%|█████████▏| 8124/8810 [00:04<00:00, 1337.83it/s]
 94%|█████████▍| 8307/8810 [00:05<00:00, 1461.84it/s]
 96%|█████████▌| 8460/8810 [00:05<00:00, 1404.14it/s]
 98%|█████████▊| 8649/8810 [00:05<00:00, 1530.39it/s]
100%|█████████▉| 8807/8810 [00:05<00:00, 1491.67it/s]
100%|██████████| 8810/8810 [00:05<00:00, 1630.31it/s]
