
  0%|          | 0/8810 [00:00<?, ?it/s]
  2%|▏         | 181/8810 [00:00<00:04, 1734.64it/s]
  5%|▌         | 448/8810 [00:00<00:03, 2266.90it/s]
  8%|▊         | 676/8810 [00:00<00:03, 2144.60it/s]
 10%|█         | 892/8810 [00:00<00:03, 2113.33it/s]
 13%|█▎        | 1104/8810 [00:00<00:03, 1958.22it/s]
 15%|█▌        | 1326/8810 [00:00<00:03, 2036.72it/s]
 17%|█▋        | 1532/8810 [00:00<00:03, 1838.39it/s]
 20%|█▉        | 1739/8810 [00:00<00:03, 1902.66it/s]
 22%|██▏       | 1933/8810 [00:01<00:04, 1682.85it/s]
 25%|██▍       | 2179/8810 [00:01<00:03, 1887.47it/s]
 27%|██▋       | 2376/8810 [00:01<00:03, 1629.79it/s]
 30%|██▉       | 2622/8810 [00:01<00:03, 1835.74it/s]
 32%|███▏      | 2817/8810 [00:01<00:03, 1611.40it/s]
 34%|███▍      | 2990/8810 [00:01<00:03, 1615.50it/s]
 36%|███▌      | 3160/8810 [00:01<00:03, 1499.75it/s]
 38%|███▊      | 3328/8810 [00:01<00:03, 1541.48it/s]
 40%|███▉      | 3488/8810 [00:02<00:03, 1411.88it/s]
 42%|████▏     | 3680/8810 [00:02<00:03, 1535.69it/s]
 44%|████▎     | 3840/8810 [00:02<00:03, 1436.25it/s]
 46%|████▋     | 4079/8810 [00:02<00:02, 1682.94it/s]
 48%|████▊     | 4255/8810 [00:02<00:02, 1570.87it/s]
 51%|█████     | 4499/8810 [00:02<00:02, 1794.78it/s]
 53%|█████▎    | 4686/8810 [00:02<00:02, 1598.03it/s]
 55%|█████▌    | 4875/8810 [00:02<00:02, 1670.59it/s]
 57%|█████▋    | 5050/8810 [00:02<00:02, 1582.04it/s]
 59%|█████▉    | 5225/8810 [00:03<00:02, 1622.91it/s]
 61%|██████    | 5392/8810 [00:03<00:02, 1498.55it/s]
 63%|██████▎   | 5588/8810 [00:03<00:01, 1618.46it/s]
 65%|██████▌   | 5755/8810 [00:03<00:01, 1550.96it/s]
 67%|██████▋   | 5914/8810 [00:03<00:01, 1522.68it/s]
 69%|██████▉   | 6069/8810 [00:03<00:01, 1458.55it/s]
 71%|███████▏  | 6279/8810 [00:03<00:01, 1628.37it/s]
 73%|███████▎  | 6445/8810 [00:03<00:01, 1517.35it/s]
 76%|███████▌  | 6669/8810 [00:03<00:01, 1711.73it/s]
 79%|███████▊  | 6931/8810 [00:04<00:00, 1960.57it/s]
 81%|████████  | 7132/8810 [00:04<00:00, 1791.11it/s]
 83%|████████▎ | 7317/8810 [00:04<00:00, 1782.98it/s]
 85%|████████▌ | 7500/8810 [00:04<00:00, 1536.01it/s]
 88%|████████▊ | 7709/8810 [00:04<00:00, 1674.03it/s]
 90%|████████▉ | 7885/8810 [00:04<00:00, 1520.45it/s]
 91%|█████████▏| 8045/8810 [00:04<00:00, 1444.87it/s]
 94%|█████████▎| 8244/8810 [00:04<00:00, 1581.54it/s]
 95%|█████████▌| 8409/8810 [00:05<00:00, 1515.10it/s]
 98%|█████████▊| 8623/8810 [00:05<00:00, 1676.07it/s]
100%|█████████▉| 8796/8810 [00:05<00:00, 1549.70it/s]
100%|██████████| 8810/8810 [00:05<00:00, 1655.17it/s]
