
  0%|          | 0/8810 [00:00<?, ?it/s]
  2%|▏         | 181/8810 [00:00<00:06, 1313.96it/s]
  4%|▍         | 393/8810 [00:00<00:04, 1703.60it/s]
  7%|▋         | 574/8810 [00:00<00:04, 1747.84it/s]
  9%|▊         | 753/8810 [00:00<00:05, 1485.33it/s]
 10%|█         | 909/8810 [00:00<00:05, 1508.48it/s]
 12%|█▏        | 1065/8810 [00:00<00:05, 1466.54it/s]
 14%|█▍        | 1225/8810 [00:00<00:05, 1500.77it/s]
 16%|█▌        | 1378/8810 [00:00<00:05, 1467.27it/s]
 17%|█▋        | 1527/8810 [00:01<00:05, 1343.49it/s]
 19%|█▉        | 1694/8810 [00:01<00:04, 1433.21it/s]
 21%|██        | 1841/8810 [00:01<00:05, 1325.25it/s]
 23%|██▎       | 2028/8810 [00:01<00:04, 1470.92it/s]
 25%|██▌       | 2218/8810 [00:01<00:04, 1570.82it/s]
 27%|██▋       | 2379/8810 [00:01<00:04, 1466.95it/s]
 30%|██▉       | 2604/8810 [00:01<00:03, 1675.67it/s]
 32%|███▏      | 2776/8810 [00:01<00:03, 1527.04it/s]
 33%|███▎      | 2934/8810 [00:01<00:03, 1538.68it/s]
 35%|███▌      | 3092/8810 [00:02<00:03, 1443.78it/s]
 37%|███▋      | 3240/8810 [00:02<00:03, 1398.27it/s]
 38%|███▊      | 3383/8810 [00:02<00:03, 1364.51it/s]
 40%|███▉      | 3521/8810 [00:02<00:04, 1240.37it/s]
 42%|████▏     | 3679/8810 [00:02<00:03, 1328.45it/s]
 43%|████▎     | 3815/8810 [00:02<00:03, 1264.46it/s]
 45%|████▌     | 4008/8810 [00:02<00:03, 1442.34it/s]
 47%|████▋     | 4180/8810 [00:02<00:03, 1430.44it/s]
 50%|████▉     | 4393/8810 [00:02<00:02, 1615.75it/s]
 52%|█████▏    | 4559/8810 [00:03<00:02, 1587.40it/s]
 54%|█████▎    | 4721/8810 [00:03<00:02, 1439.11it/s]
 55%|█████▌    | 4874/8810 [00:03<00:02, 1460.39it/s]
 57%|█████▋    | 5024/8810 [00:03<00:02, 1384.19it/s]
 59%|█████▉    | 5185/8810 [00:03<00:02, 1442.32it/s]
 61%|██████    | 5332/8810 [00:03<00:02, 1409.66it/s]
 62%|██████▏   | 5475/8810 [00:03<00:02, 1279.49it/s]
 64%|██████▍   | 5673/8810 [00:03<00:02, 1459.38it/s]
 66%|██████▌   | 5824/8810 [00:04<00:02, 1415.57it/s]
 68%|██████▊   | 5969/8810 [00:04<00:02, 1314.89it/s]
 69%|██████▉   | 6104/8810 [00:04<00:02, 1235.64it/s]
 71%|███████   | 6255/8810 [00:04<00:01, 1303.09it/s]
 73%|███████▎  | 6400/8810 [00:04<00:01, 1242.12it/s]
 75%|███████▍  | 6570/8810 [00:04<00:01, 1359.65it/s]
 77%|███████▋  | 6794/8810 [00:04<00:01, 1599.68it/s]
 79%|███████▉  | 6972/8810 [00:04<00:01, 1535.32it/s]
 81%|████████  | 7142/8810 [00:04<00:01, 1578.28it/s]
 83%|████████▎ | 7303/8810 [00:05<00:00, 1575.63it/s]
 85%|████████▍ | 7463/8810 [00:05<00:00, 1445.98it/s]
 86%|████████▋ | 7620/8810 [00:05<00:00, 1478.44it/s]
 88%|████████▊ | 7771/8810 [00:05<00:00, 1340.86it/s]
 90%|█████████ | 7938/8810 [00:05<00:00, 1422.89it/s]
 92%|█████████▏| 8084/8810 [00:05<00:00, 1277.19it/s]
 93%|█████████▎| 8234/8810 [00:05<00:00, 1327.77it/s]
 95%|█████████▌| 8371/8810 [00:05<00:00, 1302.23it/s]
 97%|█████████▋| 8535/8810 [00:05<00:00, 1392.19it/s]
 99%|█████████▊| 8685/8810 [00:06<00:00, 1419.47it/s]
100%|██████████| 8810/8810 [00:06<00:00, 1425.03it/s]
