
  0%|          | 0/8810 [00:00<?, ?it/s]
  2%|▏         | 181/8810 [00:00<00:05, 1451.32it/s]
  5%|▍         | 411/8810 [00:00<00:04, 1892.78it/s]
  7%|▋         | 625/8810 [00:00<00:04, 1995.87it/s]
  9%|▉         | 828/8810 [00:00<00:04, 1633.82it/s]
 11%|█▏        | 1001/8810 [00:00<00:05, 1494.92it/s]
 14%|█▍        | 1225/8810 [00:00<00:04, 1697.04it/s]
 16%|█▌        | 1403/8810 [00:00<00:04, 1709.65it/s]
 18%|█▊        | 1580/8810 [00:00<00:04, 1587.58it/s]
 21%|██        | 1811/8810 [00:01<00:03, 1786.00it/s]
 23%|██▎       | 1996/8810 [00:01<00:04, 1569.04it/s]
 25%|██▌       | 2218/8810 [00:01<00:03, 1735.84it/s]
 27%|██▋       | 2401/8810 [00:01<00:04, 1577.43it/s]
 30%|███       | 2654/8810 [00:01<00:03, 1819.85it/s]
 32%|███▏      | 2846/8810 [00:01<00:03, 1622.24it/s]
 34%|███▍      | 3019/8810 [00:01<00:03, 1579.52it/s]
 36%|███▌      | 3184/8810 [00:01<00:03, 1472.99it/s]
 38%|███▊      | 3357/8810 [00:02<00:03, 1536.93it/s]
 40%|███▉      | 3516/8810 [00:02<00:03, 1442.45it/s]
 42%|████▏     | 3724/8810 [00:02<00:03, 1604.71it/s]
 44%|████▍     | 3890/8810 [00:02<00:03, 1508.31it/s]
 47%|████▋     | 4123/8810 [00:02<00:02, 1724.65it/s]
 49%|████▉     | 4302/8810 [00:02<00:02, 1616.77it/s]
 51%|█████     | 4514/8810 [00:02<00:02, 1749.22it/s]
 53%|█████▎    | 4694/8810 [00:02<00:02, 1543.28it/s]
 55%|█████▌    | 4872/8810 [00:02<00:02, 1602.74it/s]
 57%|█████▋    | 5039/8810 [00:03<00:02, 1481.24it/s]
 59%|█████▉    | 5221/8810 [00:03<00:02, 1567.82it/s]
 61%|██████    | 5383/8810 [00:03<00:02, 1526.90it/s]
 63%|██████▎   | 5585/8810 [00:03<00:01, 1659.45it/s]
 65%|██████▌   | 5755/8810 [00:03<00:01, 1576.20it/s]
 67%|██████▋   | 5916/8810 [00:03<00:01, 1515.73it/s]
 69%|██████▉   | 6070/8810 [00:03<00:01, 1474.21it/s]
 71%|███████   | 6253/8810 [00:03<00:01, 1570.44it/s]
 73%|███████▎  | 6413/8810 [00:04<00:01, 1490.93it/s]
 75%|███████▍  | 6593/8810 [00:04<00:01, 1575.13it/s]
 77%|███████▋  | 6816/8810 [00:04<00:01, 1757.75it/s]
 79%|███████▉  | 6995/8810 [00:04<00:01, 1667.96it/s]
 81%|████████▏ | 7165/8810 [00:04<00:00, 1651.56it/s]
 84%|████████▎ | 7360/8810 [00:04<00:00, 1587.10it/s]
 85%|████████▌ | 7521/8810 [00:04<00:00, 1574.44it/s]
 87%|████████▋ | 7695/8810 [00:04<00:00, 1618.76it/s]
 89%|████████▉ | 7859/8810 [00:04<00:00, 1411.80it/s]
 91%|█████████ | 8006/8810 [00:05<00:00, 1426.53it/s]
 93%|█████████▎| 8153/8810 [00:05<00:00, 1308.79it/s]
 94%|█████████▍| 8288/8810 [00:05<00:00, 1277.83it/s]
 96%|█████████▌| 8419/8810 [00:05<00:00, 1147.12it/s]
 97%|█████████▋| 8584/8810 [00:05<00:00, 1272.03it/s]
 99%|█████████▉| 8716/8810 [00:05<00:00, 1193.51it/s]
100%|██████████| 8810/8810 [00:05<00:00, 1540.82it/s]
