
  0%|          | 0/8810 [00:00<?, ?it/s]
  2%|▏         | 181/8810 [00:00<00:06, 1433.02it/s]
  5%|▍         | 417/8810 [00:00<00:04, 1922.39it/s]
  7%|▋         | 656/8810 [00:00<00:04, 1838.16it/s]
 10%|▉         | 853/8810 [00:00<00:04, 1882.93it/s]
 12%|█▏        | 1045/8810 [00:00<00:04, 1681.28it/s]
 14%|█▍        | 1266/8810 [00:00<00:04, 1837.10it/s]
 17%|█▋        | 1457/8810 [00:00<00:04, 1723.44it/s]
 19%|█▉        | 1655/8810 [00:00<00:03, 1793.60it/s]
 21%|██        | 1839/8810 [00:01<00:04, 1647.39it/s]
 23%|██▎       | 2062/8810 [00:01<00:03, 1801.16it/s]
 26%|██▌       | 2258/8810 [00:01<00:03, 1839.80it/s]
 28%|██▊       | 2446/8810 [00:01<00:03, 1664.60it/s]
 30%|███       | 2669/8810 [00:01<00:03, 1807.52it/s]
 32%|███▏      | 2855/8810 [00:01<00:03, 1614.53it/s]
 34%|███▍      | 3033/8810 [00:01<00:03, 1653.19it/s]
 36%|███▋      | 3204/8810 [00:01<00:03, 1488.56it/s]
 38%|███▊      | 3389/8810 [00:01<00:03, 1578.71it/s]
 40%|████      | 3553/8810 [00:02<00:03, 1391.09it/s]
 43%|████▎     | 3760/8810 [00:02<00:03, 1555.73it/s]
 45%|████▍     | 3924/8810 [00:02<00:03, 1426.70it/s]
 47%|████▋     | 4152/8810 [00:02<00:02, 1639.48it/s]
 49%|████▉     | 4325/8810 [00:02<00:02, 1559.74it/s]
 51%|█████▏    | 4521/8810 [00:02<00:02, 1664.32it/s]
 53%|█████▎    | 4694/8810 [00:02<00:02, 1471.32it/s]
 55%|█████▌    | 4857/8810 [00:02<00:02, 1507.86it/s]
 57%|█████▋    | 5014/8810 [00:03<00:02, 1401.61it/s]
 59%|█████▊    | 5172/8810 [00:03<00:02, 1446.75it/s]
 60%|██████    | 5327/8810 [00:03<00:02, 1473.54it/s]
 62%|██████▏   | 5478/8810 [00:03<00:02, 1366.23it/s]
 65%|██████▍   | 5705/8810 [00:03<00:01, 1602.87it/s]
 67%|██████▋   | 5871/8810 [00:03<00:01, 1491.07it/s]
 68%|██████▊   | 6025/8810 [00:03<00:01, 1481.99it/s]
 70%|███████   | 6177/8810 [00:03<00:01, 1412.53it/s]
 72%|███████▏  | 6370/8810 [00:03<00:01, 1550.30it/s]
 74%|███████▍  | 6529/8810 [00:04<00:01, 1334.81it/s]
 77%|███████▋  | 6757/8810 [00:04<00:01, 1570.36it/s]
 79%|███████▉  | 6953/8810 [00:04<00:01, 1670.88it/s]
 81%|████████  | 7128/8810 [00:04<00:01, 1534.13it/s]
 83%|████████▎ | 7312/8810 [00:04<00:00, 1613.37it/s]
 85%|████████▍ | 7480/8810 [00:04<00:00, 1473.70it/s]
 87%|████████▋ | 7669/8810 [00:04<00:00, 1578.11it/s]
 89%|████████▉ | 7833/8810 [00:04<00:00, 1428.85it/s]
 91%|█████████ | 8006/8810 [00:05<00:00, 1505.63it/s]
 93%|█████████▎| 8163/8810 [00:05<00:00, 1373.25it/s]
 95%|█████████▍| 8327/8810 [00:05<00:00, 1438.16it/s]
 96%|█████████▌| 8476/8810 [00:05<00:00, 1375.81it/s]
 99%|█████████▊| 8678/8810 [00:05<00:00, 1544.28it/s]
100%|██████████| 8810/8810 [00:05<00:00, 1558.08it/s]
