
  0%|          | 0/8810 [00:00<?, ?it/s]
  2%|▏         | 181/8810 [00:00<00:05, 1615.58it/s]
  5%|▍         | 430/8810 [00:00<00:03, 2096.07it/s]
  7%|▋         | 656/8810 [00:00<00:03, 2044.67it/s]
 10%|▉         | 863/8810 [00:00<00:03, 2049.37it/s]
 12%|█▏        | 1069/8810 [00:00<00:03, 1959.63it/s]
 14%|█▍        | 1277/8810 [00:00<00:03, 1997.53it/s]
 17%|█▋        | 1478/8810 [00:00<00:04, 1806.56it/s]
 19%|█▉        | 1713/8810 [00:00<00:03, 1960.30it/s]
 22%|██▏       | 1913/8810 [00:01<00:03, 1784.17it/s]
 24%|██▍       | 2145/8810 [00:01<00:03, 1925.83it/s]
 27%|██▋       | 2343/8810 [00:01<00:03, 1730.77it/s]
 29%|██▉       | 2593/8810 [00:01<00:03, 1929.60it/s]
 32%|███▏      | 2794/8810 [00:01<00:03, 1805.36it/s]
 34%|███▍      | 3002/8810 [00:01<00:03, 1877.04it/s]
 36%|███▋      | 3195/8810 [00:01<00:03, 1699.27it/s]
 39%|███▊      | 3396/8810 [00:01<00:03, 1776.67it/s]
 41%|████      | 3580/8810 [00:01<00:02, 1764.62it/s]
 43%|████▎     | 3774/8810 [00:02<00:02, 1747.93it/s]
 45%|████▌     | 4008/8810 [00:02<00:02, 1908.66it/s]
 48%|████▊     | 4203/8810 [00:02<00:02, 1745.30it/s]
 51%|█████     | 4458/8810 [00:02<00:02, 1958.66it/s]
 53%|█████▎    | 4660/8810 [00:02<00:02, 1841.20it/s]
 55%|█████▌    | 4849/8810 [00:02<00:02, 1838.17it/s]
 57%|█████▋    | 5037/8810 [00:02<00:02, 1689.55it/s]
 60%|█████▉    | 5278/8810 [00:02<00:01, 1878.46it/s]
 62%|██████▏   | 5472/8810 [00:02<00:01, 1768.15it/s]
 65%|██████▌   | 5736/8810 [00:03<00:01, 1999.87it/s]
 67%|██████▋   | 5942/8810 [00:03<00:01, 1765.21it/s]
 70%|██████▉   | 6127/8810 [00:03<00:01, 1612.26it/s]
 71%|███████▏  | 6298/8810 [00:03<00:01, 1635.87it/s]
 73%|███████▎  | 6468/8810 [00:03<00:01, 1494.17it/s]
 76%|███████▌  | 6714/8810 [00:03<00:01, 1736.80it/s]
 79%|███████▊  | 6937/8810 [00:03<00:01, 1865.36it/s]
 81%|████████  | 7131/8810 [00:03<00:00, 1704.98it/s]
 83%|████████▎ | 7309/8810 [00:04<00:00, 1717.01it/s]
 85%|████████▍ | 7486/8810 [00:04<00:00, 1576.87it/s]
 87%|████████▋ | 7692/8810 [00:04<00:00, 1700.50it/s]
 89%|████████▉ | 7868/8810 [00:04<00:00, 1513.23it/s]
 91%|█████████ | 8037/8810 [00:04<00:00, 1407.64it/s]
 93%|█████████▎| 8204/8810 [00:04<00:00, 1470.76it/s]
 95%|█████████▍| 8361/8810 [00:04<00:00, 1449.69it/s]
 97%|█████████▋| 8510/8810 [00:04<00:00, 1345.67it/s]
 98%|█████████▊| 8648/8810 [00:05<00:00, 1324.60it/s]
100%|█████████▉| 8783/8810 [00:05<00:00, 1096.65it/s]
100%|██████████| 8810/8810 [00:05<00:00, 1685.92it/s]
