
  0%|          | 0/8810 [00:00<?, ?it/s]
  2%|▏         | 181/8810 [00:00<00:05, 1471.03it/s]
  5%|▍         | 408/8810 [00:00<00:04, 1894.43it/s]
  7%|▋         | 656/8810 [00:00<00:04, 1863.34it/s]
 10%|▉         | 849/8810 [00:00<00:04, 1886.48it/s]
 12%|█▏        | 1040/8810 [00:00<00:04, 1825.60it/s]
 14%|█▍        | 1233/8810 [00:00<00:04, 1858.00it/s]
 16%|█▋        | 1441/8810 [00:00<00:03, 1926.56it/s]
 19%|█▊        | 1635/8810 [00:00<00:04, 1728.28it/s]
 21%|██        | 1821/8810 [00:01<00:04, 1634.54it/s]
 23%|██▎       | 2002/8810 [00:01<00:04, 1681.69it/s]
 25%|██▌       | 2233/8810 [00:01<00:03, 1851.07it/s]
 27%|██▋       | 2422/8810 [00:01<00:03, 1772.92it/s]
 30%|███       | 2669/8810 [00:01<00:03, 1963.70it/s]
 33%|███▎      | 2869/8810 [00:01<00:03, 1867.40it/s]
 35%|███▍      | 3059/8810 [00:01<00:03, 1657.64it/s]
 37%|███▋      | 3242/8810 [00:01<00:03, 1699.18it/s]
 39%|███▉      | 3417/8810 [00:01<00:03, 1606.83it/s]
 41%|████      | 3610/8810 [00:02<00:03, 1686.94it/s]
 43%|████▎     | 3783/8810 [00:02<00:03, 1590.76it/s]
 46%|████▌     | 4029/8810 [00:02<00:02, 1820.65it/s]
 48%|████▊     | 4216/8810 [00:02<00:02, 1753.33it/s]
 50%|█████     | 4436/8810 [00:02<00:02, 1874.04it/s]
 53%|█████▎    | 4627/8810 [00:02<00:02, 1636.85it/s]
 55%|█████▍    | 4803/8810 [00:02<00:02, 1666.53it/s]
 56%|█████▋    | 4976/8810 [00:02<00:02, 1542.19it/s]
 59%|█████▉    | 5182/8810 [00:02<00:02, 1676.60it/s]
 61%|██████    | 5372/8810 [00:03<00:02, 1635.20it/s]
 63%|██████▎   | 5564/8810 [00:03<00:01, 1711.22it/s]
 65%|██████▌   | 5754/8810 [00:03<00:01, 1694.29it/s]
 67%|██████▋   | 5927/8810 [00:03<00:01, 1676.93it/s]
 69%|██████▉   | 6097/8810 [00:03<00:01, 1571.45it/s]
 71%|███████   | 6258/8810 [00:03<00:01, 1579.84it/s]
 73%|███████▎  | 6418/8810 [00:03<00:01, 1515.47it/s]
 76%|███████▌  | 6652/8810 [00:03<00:01, 1738.20it/s]
 78%|███████▊  | 6870/8810 [00:03<00:01, 1860.83it/s]
 80%|████████  | 7059/8810 [00:04<00:01, 1588.59it/s]
 82%|████████▏ | 7227/8810 [00:04<00:00, 1603.75it/s]
 84%|████████▍ | 7394/8810 [00:04<00:00, 1512.74it/s]
 86%|████████▌ | 7551/8810 [00:04<00:00, 1454.29it/s]
 88%|████████▊ | 7715/8810 [00:04<00:00, 1409.50it/s]
 89%|████████▉ | 7859/8810 [00:04<00:00, 1404.23it/s]
 91%|█████████ | 8031/8810 [00:04<00:00, 1486.53it/s]
 93%|█████████▎| 8182/8810 [00:04<00:00, 1362.97it/s]
 95%|█████████▍| 8361/8810 [00:05<00:00, 1382.08it/s]
 97%|█████████▋| 8553/8810 [00:05<00:00, 1520.55it/s]
 99%|█████████▉| 8709/8810 [00:05<00:00, 1497.94it/s]
100%|██████████| 8810/8810 [00:05<00:00, 1653.39it/s]
