
  0%|          | 0/8810 [00:00<?, ?it/s]
  2%|▏         | 181/8810 [00:00<00:06, 1340.44it/s]
  5%|▍         | 421/8810 [00:00<00:04, 1875.22it/s]
  7%|▋         | 651/8810 [00:00<00:03, 2046.16it/s]
 10%|▉         | 861/8810 [00:00<00:04, 1732.26it/s]
 12%|█▏        | 1043/8810 [00:00<00:04, 1671.84it/s]
 14%|█▍        | 1251/8810 [00:00<00:04, 1788.17it/s]
 17%|█▋        | 1457/8810 [00:00<00:04, 1694.54it/s]
 19%|█▊        | 1651/8810 [00:00<00:04, 1761.30it/s]
 21%|██        | 1832/8810 [00:01<00:04, 1654.49it/s]
 23%|██▎       | 2019/8810 [00:01<00:03, 1712.35it/s]
 26%|██▌       | 2260/8810 [00:01<00:03, 1907.02it/s]
 28%|██▊       | 2455/8810 [00:01<00:03, 1814.85it/s]
 31%|███       | 2692/8810 [00:01<00:03, 1969.43it/s]
 33%|███▎      | 2893/8810 [00:01<00:03, 1829.08it/s]
 35%|███▍      | 3080/8810 [00:01<00:03, 1722.75it/s]
 37%|███▋      | 3268/8810 [00:01<00:03, 1761.99it/s]
 39%|███▉      | 3448/8810 [00:01<00:03, 1653.37it/s]
 42%|████▏     | 3657/8810 [00:02<00:02, 1770.52it/s]
 44%|████▎     | 3838/8810 [00:02<00:02, 1668.24it/s]
 46%|████▌     | 4055/8810 [00:02<00:02, 1801.24it/s]
 48%|████▊     | 4239/8810 [00:02<00:02, 1670.13it/s]
 51%|█████     | 4451/8810 [00:02<00:02, 1784.91it/s]
 53%|█████▎    | 4634/8810 [00:02<00:02, 1600.08it/s]
 55%|█████▍    | 4824/8810 [00:02<00:02, 1674.16it/s]
 57%|█████▋    | 4997/8810 [00:02<00:02, 1569.43it/s]
 59%|█████▊    | 5170/8810 [00:02<00:02, 1609.72it/s]
 61%|██████    | 5346/8810 [00:03<00:02, 1647.66it/s]
 63%|██████▎   | 5514/8810 [00:03<00:02, 1547.60it/s]
 65%|██████▌   | 5743/8810 [00:03<00:01, 1746.90it/s]
 67%|██████▋   | 5922/8810 [00:03<00:01, 1498.14it/s]
 69%|██████▉   | 6081/8810 [00:03<00:01, 1470.62it/s]
 71%|███████▏  | 6290/8810 [00:03<00:01, 1630.36it/s]
 73%|███████▎  | 6460/8810 [00:03<00:01, 1525.23it/s]
 76%|███████▌  | 6669/8810 [00:03<00:01, 1667.54it/s]
 78%|███████▊  | 6904/8810 [00:04<00:01, 1846.82it/s]
 81%|████████  | 7095/8810 [00:04<00:01, 1644.57it/s]
 82%|████████▏ | 7267/8810 [00:04<00:00, 1620.95it/s]
 84%|████████▍ | 7435/8810 [00:04<00:00, 1601.13it/s]
 86%|████████▋ | 7599/8810 [00:04<00:00, 1538.91it/s]
 88%|████████▊ | 7756/8810 [00:04<00:00, 1402.20it/s]
 90%|█████████ | 7946/8810 [00:04<00:00, 1527.49it/s]
 92%|█████████▏| 8103/8810 [00:04<00:00, 1425.18it/s]
 94%|█████████▍| 8275/8810 [00:04<00:00, 1500.32it/s]
 96%|█████████▌| 8429/8810 [00:05<00:00, 1378.62it/s]
 98%|█████████▊| 8634/8810 [00:05<00:00, 1547.77it/s]
100%|█████████▉| 8794/8810 [00:05<00:00, 1447.80it/s]
100%|██████████| 8810/8810 [00:05<00:00, 1643.33it/s]
