
  0%|          | 0/8810 [00:00<?, ?it/s]
  2%|▏         | 181/8810 [00:00<00:05, 1528.14it/s]
  5%|▍         | 412/8810 [00:00<00:04, 1944.42it/s]
  7%|▋         | 630/8810 [00:00<00:04, 2043.15it/s]
 10%|▉         | 837/8810 [00:00<00:04, 1819.92it/s]
 12%|█▏        | 1024/8810 [00:00<00:05, 1549.29it/s]
 13%|█▎        | 1187/8810 [00:00<00:05, 1494.38it/s]
 16%|█▌        | 1400/8810 [00:00<00:04, 1665.18it/s]
 18%|█▊        | 1573/8810 [00:00<00:04, 1568.74it/s]
 21%|██        | 1818/8810 [00:01<00:03, 1808.75it/s]
 23%|██▎       | 2006/8810 [00:01<00:04, 1661.04it/s]
 26%|██▌       | 2258/8810 [00:01<00:03, 1888.84it/s]
 28%|██▊       | 2455/8810 [00:01<00:03, 1806.63it/s]
 31%|███       | 2715/8810 [00:01<00:03, 2020.18it/s]
 33%|███▎      | 2924/8810 [00:01<00:03, 1725.08it/s]
 35%|███▌      | 3108/8810 [00:01<00:03, 1711.22it/s]
 37%|███▋      | 3287/8810 [00:01<00:03, 1699.99it/s]
 39%|███▉      | 3463/8810 [00:02<00:03, 1611.37it/s]
 42%|████▏     | 3709/8810 [00:02<00:02, 1832.29it/s]
 44%|████▍     | 3898/8810 [00:02<00:02, 1715.38it/s]
 47%|████▋     | 4124/8810 [00:02<00:02, 1859.83it/s]
 49%|████▉     | 4316/8810 [00:02<00:02, 1599.54it/s]
 51%|█████     | 4497/8810 [00:02<00:02, 1651.24it/s]
 53%|█████▎    | 4670/8810 [00:02<00:02, 1490.52it/s]
 55%|█████▍    | 4827/8810 [00:02<00:02, 1497.22it/s]
 57%|█████▋    | 4982/8810 [00:03<00:02, 1301.59it/s]
 59%|█████▊    | 5156/8810 [00:03<00:02, 1408.09it/s]
 60%|██████    | 5318/8810 [00:03<00:02, 1460.06it/s]
 62%|██████▏   | 5470/8810 [00:03<00:02, 1371.32it/s]
 64%|██████▍   | 5672/8810 [00:03<00:02, 1534.39it/s]
 66%|██████▌   | 5831/8810 [00:03<00:02, 1451.02it/s]
 68%|██████▊   | 5981/8810 [00:03<00:01, 1416.03it/s]
 70%|██████▉   | 6126/8810 [00:03<00:01, 1373.91it/s]
 72%|███████▏  | 6324/8810 [00:03<00:01, 1537.34it/s]
 74%|███████▎  | 6481/8810 [00:04<00:01, 1420.95it/s]
 76%|███████▋  | 6729/8810 [00:04<00:01, 1702.38it/s]
 79%|███████▉  | 6972/8810 [00:04<00:01, 1721.94it/s]
 81%|████████  | 7152/8810 [00:04<00:00, 1740.43it/s]
 83%|████████▎ | 7351/8810 [00:04<00:00, 1804.90it/s]
 86%|████████▌ | 7535/8810 [00:04<00:00, 1563.23it/s]
 88%|████████▊ | 7715/8810 [00:04<00:00, 1560.50it/s]
 89%|████████▉ | 7876/8810 [00:04<00:00, 1516.85it/s]
 91%|█████████ | 8031/8810 [00:04<00:00, 1490.94it/s]
 93%|█████████▎| 8183/8810 [00:05<00:00, 1382.89it/s]
 95%|█████████▍| 8354/8810 [00:05<00:00, 1465.15it/s]
 97%|█████████▋| 8504/8810 [00:05<00:00, 1358.83it/s]
 98%|█████████▊| 8655/8810 [00:05<00:00, 1396.79it/s]
100%|█████████▉| 8798/8810 [00:05<00:00, 1388.67it/s]
100%|██████████| 8810/8810 [00:05<00:00, 1587.76it/s]
