
  0%|          | 0/8810 [00:00<?, ?it/s]
  2%|▏         | 181/8810 [00:00<00:06, 1418.40it/s]
  5%|▍         | 421/8810 [00:00<00:04, 1932.09it/s]
  7%|▋         | 653/8810 [00:00<00:03, 2087.46it/s]
 10%|▉         | 866/8810 [00:00<00:04, 1872.58it/s]
 12%|█▏        | 1059/8810 [00:00<00:04, 1770.75it/s]
 15%|█▍        | 1280/8810 [00:00<00:03, 1900.34it/s]
 17%|█▋        | 1474/8810 [00:00<00:04, 1741.03it/s]
 19%|█▉        | 1705/8810 [00:00<00:03, 1893.15it/s]
 22%|██▏       | 1899/8810 [00:01<00:04, 1706.86it/s]
 25%|██▍       | 2175/8810 [00:01<00:03, 1985.33it/s]
 27%|██▋       | 2382/8810 [00:01<00:03, 1810.62it/s]
 30%|███       | 2659/8810 [00:01<00:02, 2054.78it/s]
 33%|███▎      | 2874/8810 [00:01<00:03, 1929.83it/s]
 35%|███▍      | 3075/8810 [00:01<00:03, 1815.24it/s]
 37%|███▋      | 3285/8810 [00:01<00:02, 1886.68it/s]
 39%|███▉      | 3479/8810 [00:01<00:02, 1790.62it/s]
 42%|████▏     | 3710/8810 [00:01<00:02, 1922.59it/s]
 44%|████▍     | 3907/8810 [00:02<00:02, 1804.87it/s]
 47%|████▋     | 4180/8810 [00:02<00:02, 1905.43it/s]
 50%|█████     | 4405/8810 [00:02<00:02, 1994.77it/s]
 52%|█████▏    | 4608/8810 [00:02<00:02, 1967.77it/s]
 55%|█████▍    | 4807/8810 [00:02<00:02, 1821.10it/s]
 57%|█████▋    | 4992/8810 [00:02<00:02, 1700.79it/s]
 59%|█████▉    | 5209/8810 [00:02<00:01, 1820.49it/s]
 61%|██████    | 5395/8810 [00:02<00:01, 1757.40it/s]
 64%|██████▍   | 5645/8810 [00:03<00:01, 1958.90it/s]
 66%|██████▋   | 5845/8810 [00:03<00:01, 1883.18it/s]
 69%|██████▊   | 6037/8810 [00:03<00:01, 1650.48it/s]
 71%|███████▏  | 6280/8810 [00:03<00:01, 1846.23it/s]
 73%|███████▎  | 6473/8810 [00:03<00:01, 1704.77it/s]
 76%|███████▋  | 6728/8810 [00:03<00:01, 1922.31it/s]
 79%|███████▉  | 6967/8810 [00:03<00:00, 2045.58it/s]
 81%|████████▏ | 7179/8810 [00:03<00:00, 1841.24it/s]
 84%|████████▎ | 7372/8810 [00:03<00:00, 1771.57it/s]
 86%|████████▌ | 7555/8810 [00:04<00:00, 1718.70it/s]
 88%|████████▊ | 7731/8810 [00:04<00:00, 1575.03it/s]
 90%|████████▉ | 7895/8810 [00:04<00:00, 1589.07it/s]
 91%|█████████▏| 8057/8810 [00:04<00:00, 1374.24it/s]
 93%|█████████▎| 8201/8810 [00:04<00:00, 1309.84it/s]
 95%|█████████▍| 8361/8810 [00:04<00:00, 1293.20it/s]
 97%|█████████▋| 8526/8810 [00:04<00:00, 1379.37it/s]
 99%|█████████▉| 8702/8810 [00:04<00:00, 1346.28it/s]
100%|██████████| 8810/8810 [00:05<00:00, 1741.83it/s]
