
  0%|          | 0/8810 [00:00<?, ?it/s]
  2%|▏         | 181/8810 [00:00<00:05, 1532.78it/s]
  5%|▍         | 429/8810 [00:00<00:04, 2051.11it/s]
  7%|▋         | 656/8810 [00:00<00:04, 1868.38it/s]
 10%|▉         | 847/8810 [00:00<00:04, 1849.61it/s]
 12%|█▏        | 1035/8810 [00:00<00:04, 1739.14it/s]
 14%|█▍        | 1243/8810 [00:00<00:04, 1841.80it/s]
 17%|█▋        | 1457/8810 [00:00<00:04, 1749.13it/s]
 19%|█▉        | 1669/8810 [00:00<00:03, 1851.85it/s]
 21%|██        | 1858/8810 [00:01<00:04, 1687.12it/s]
 24%|██▍       | 2118/8810 [00:01<00:03, 1931.55it/s]
 26%|██▋       | 2318/8810 [00:01<00:03, 1804.06it/s]
 29%|██▉       | 2580/8810 [00:01<00:03, 2022.41it/s]
 32%|███▏      | 2789/8810 [00:01<00:03, 1873.17it/s]
 34%|███▍      | 3002/8810 [00:01<00:02, 1937.58it/s]
 36%|███▋      | 3201/8810 [00:01<00:03, 1776.34it/s]
 39%|███▊      | 3394/8810 [00:01<00:02, 1814.22it/s]
 41%|████      | 3580/8810 [00:01<00:03, 1710.41it/s]
 43%|████▎     | 3774/8810 [00:02<00:03, 1673.74it/s]
 45%|████▌     | 3988/8810 [00:02<00:02, 1792.95it/s]
 47%|████▋     | 4180/8810 [00:02<00:02, 1799.26it/s]
 50%|█████     | 4430/8810 [00:02<00:02, 1994.05it/s]
 53%|█████▎    | 4633/8810 [00:02<00:02, 1785.69it/s]
 55%|█████▍    | 4836/8810 [00:02<00:02, 1849.14it/s]
 57%|█████▋    | 5026/8810 [00:02<00:02, 1715.72it/s]
 59%|█████▉    | 5232/8810 [00:02<00:01, 1806.61it/s]
 61%|██████▏   | 5418/8810 [00:03<00:02, 1688.87it/s]
 64%|██████▍   | 5667/8810 [00:03<00:01, 1902.60it/s]
 67%|██████▋   | 5863/8810 [00:03<00:01, 1739.37it/s]
 69%|██████▊   | 6043/8810 [00:03<00:01, 1606.16it/s]
 71%|███████   | 6260/8810 [00:03<00:01, 1748.58it/s]
 73%|███████▎  | 6441/8810 [00:03<00:01, 1673.77it/s]
 76%|███████▌  | 6667/8810 [00:03<00:01, 1829.30it/s]
 79%|███████▊  | 6931/8810 [00:03<00:00, 2045.15it/s]
 81%|████████  | 7141/8810 [00:03<00:00, 1828.82it/s]
 83%|████████▎ | 7346/8810 [00:04<00:00, 1886.73it/s]
 86%|████████▌ | 7541/8810 [00:04<00:00, 1654.89it/s]
 88%|████████▊ | 7715/8810 [00:04<00:00, 1594.22it/s]
 89%|████████▉ | 7881/8810 [00:04<00:00, 1601.24it/s]
 91%|█████████▏| 8046/8810 [00:04<00:00, 1469.24it/s]
 93%|█████████▎| 8234/8810 [00:04<00:00, 1574.01it/s]
 95%|█████████▌| 8397/8810 [00:04<00:00, 1517.04it/s]
 98%|█████████▊| 8598/8810 [00:04<00:00, 1643.73it/s]
100%|█████████▉| 8767/8810 [00:05<00:00, 1548.66it/s]
100%|██████████| 8810/8810 [00:05<00:00, 1753.56it/s]
