
  0%|          | 0/8810 [00:00<?, ?it/s]
  2%|▏         | 181/8810 [00:00<00:05, 1634.23it/s]
  5%|▌         | 461/8810 [00:00<00:03, 2288.75it/s]
  8%|▊         | 693/8810 [00:00<00:03, 2087.03it/s]
 10%|█         | 905/8810 [00:00<00:04, 1839.43it/s]
 12%|█▏        | 1094/8810 [00:00<00:04, 1830.86it/s]
 15%|█▌        | 1341/8810 [00:00<00:03, 2022.16it/s]
 18%|█▊        | 1548/8810 [00:00<00:04, 1786.33it/s]
 21%|██        | 1820/8810 [00:00<00:03, 2042.78it/s]
 23%|██▎       | 2033/8810 [00:01<00:03, 1889.17it/s]
 26%|██▌       | 2263/8810 [00:01<00:03, 1833.89it/s]
 28%|██▊       | 2479/8810 [00:01<00:03, 1912.41it/s]
 31%|███       | 2729/8810 [00:01<00:02, 2070.65it/s]
 33%|███▎      | 2942/8810 [00:01<00:03, 1848.45it/s]
 36%|███▌      | 3135/8810 [00:01<00:03, 1822.94it/s]
 38%|███▊      | 3378/8810 [00:01<00:02, 1984.07it/s]
 41%|████      | 3582/8810 [00:01<00:02, 1853.78it/s]
 43%|████▎     | 3774/8810 [00:01<00:02, 1783.34it/s]
 46%|████▌     | 4025/8810 [00:02<00:02, 1976.02it/s]
 48%|████▊     | 4228/8810 [00:02<00:02, 1923.63it/s]
 51%|█████     | 4499/8810 [00:02<00:02, 2138.92it/s]
 54%|█████▎    | 4718/8810 [00:02<00:02, 1898.39it/s]
 56%|█████▌    | 4932/8810 [00:02<00:02, 1786.21it/s]
 59%|█████▊    | 5173/8810 [00:02<00:01, 1939.33it/s]
 61%|██████    | 5374/8810 [00:02<00:01, 1875.43it/s]
 64%|██████▍   | 5637/8810 [00:02<00:01, 2074.92it/s]
 66%|██████▋   | 5851/8810 [00:03<00:01, 1984.79it/s]
 69%|██████▊   | 6054/8810 [00:03<00:01, 1845.40it/s]
 72%|███████▏  | 6302/8810 [00:03<00:01, 2008.27it/s]
 74%|███████▍  | 6508/8810 [00:03<00:01, 1874.86it/s]
 77%|███████▋  | 6816/8810 [00:03<00:00, 2193.73it/s]
 80%|███████▉  | 7043/8810 [00:03<00:00, 2039.59it/s]
 82%|████████▏ | 7254/8810 [00:03<00:00, 2054.47it/s]
 85%|████████▍ | 7465/8810 [00:03<00:00, 1971.85it/s]
 87%|████████▋ | 7703/8810 [00:03<00:00, 2081.91it/s]
 90%|████████▉ | 7915/8810 [00:04<00:00, 1921.15it/s]
 92%|█████████▏| 8112/8810 [00:04<00:00, 1700.54it/s]
 95%|█████████▍| 8355/8810 [00:04<00:00, 1882.09it/s]
 97%|█████████▋| 8552/8810 [00:04<00:00, 1760.38it/s]
 99%|█████████▉| 8735/8810 [00:04<00:00, 1759.55it/s]
100%|██████████| 8810/8810 [00:04<00:00, 1918.34it/s]
