
  0%|          | 0/8810 [00:00<?, ?it/s]
  2%|▏         | 181/8810 [00:00<00:05, 1528.27it/s]
  5%|▍         | 433/8810 [00:00<00:04, 2060.03it/s]
  7%|▋         | 656/8810 [00:00<00:04, 2005.52it/s]
 10%|▉         | 859/8810 [00:00<00:04, 1964.66it/s]
 12%|█▏        | 1057/8810 [00:00<00:04, 1733.99it/s]
 15%|█▍        | 1291/8810 [00:00<00:03, 1913.44it/s]
 17%|█▋        | 1488/8810 [00:00<00:04, 1765.59it/s]
 19%|█▉        | 1710/8810 [00:00<00:03, 1893.11it/s]
 22%|██▏       | 1905/8810 [00:01<00:03, 1755.48it/s]
 25%|██▍       | 2166/8810 [00:01<00:03, 1984.84it/s]
 27%|██▋       | 2371/8810 [00:01<00:03, 1835.54it/s]
 30%|███       | 2655/8810 [00:01<00:02, 2097.75it/s]
 33%|███▎      | 2872/8810 [00:01<00:03, 1960.74it/s]
 35%|███▍      | 3075/8810 [00:01<00:03, 1791.41it/s]
 37%|███▋      | 3276/8810 [00:01<00:02, 1846.35it/s]
 39%|███▉      | 3466/8810 [00:01<00:03, 1749.02it/s]
 42%|████▏     | 3692/8810 [00:01<00:02, 1880.99it/s]
 44%|████▍     | 3885/8810 [00:02<00:02, 1755.48it/s]
 47%|████▋     | 4158/8810 [00:02<00:02, 2014.45it/s]
 50%|████▉     | 4366/8810 [00:02<00:02, 1917.45it/s]
 52%|█████▏    | 4586/8810 [00:02<00:02, 1988.46it/s]
 54%|█████▍    | 4789/8810 [00:02<00:02, 1840.93it/s]
 57%|█████▋    | 4978/8810 [00:02<00:02, 1735.22it/s]
 59%|█████▉    | 5208/8810 [00:02<00:01, 1879.84it/s]
 61%|██████▏   | 5401/8810 [00:02<00:01, 1748.10it/s]
 64%|██████▍   | 5637/8810 [00:03<00:01, 1908.63it/s]
 66%|██████▌   | 5833/8810 [00:03<00:01, 1836.88it/s]
 68%|██████▊   | 6021/8810 [00:03<00:01, 1791.42it/s]
 70%|███████   | 6203/8810 [00:03<00:01, 1719.32it/s]
 73%|███████▎  | 6400/8810 [00:03<00:01, 1705.03it/s]
 76%|███████▌  | 6663/8810 [00:03<00:01, 1953.39it/s]
 79%|███████▊  | 6937/8810 [00:03<00:00, 2170.18it/s]
 81%|████████▏ | 7159/8810 [00:03<00:00, 1957.33it/s]
 84%|████████▎ | 7362/8810 [00:03<00:00, 1862.63it/s]
 86%|████████▌ | 7554/8810 [00:04<00:00, 1829.40it/s]
 88%|████████▊ | 7741/8810 [00:04<00:00, 1742.15it/s]
 90%|█████████ | 7941/8810 [00:04<00:00, 1809.22it/s]
 92%|█████████▏| 8125/8810 [00:04<00:00, 1573.92it/s]
 94%|█████████▍| 8318/8810 [00:04<00:00, 1663.24it/s]
 96%|█████████▋| 8491/8810 [00:04<00:00, 1562.51it/s]
 99%|█████████▊| 8692/8810 [00:04<00:00, 1674.88it/s]
100%|██████████| 8810/8810 [00:04<00:00, 1818.62it/s]
