
  0%|          | 0/8810 [00:00<?, ?it/s]
  2%|▏         | 181/8810 [00:00<00:05, 1486.66it/s]
  5%|▍         | 434/8810 [00:00<00:04, 2029.01it/s]
  7%|▋         | 656/8810 [00:00<00:04, 1962.29it/s]
 10%|▉         | 855/8810 [00:00<00:04, 1957.34it/s]
 12%|█▏        | 1053/8810 [00:00<00:04, 1697.53it/s]
 14%|█▍        | 1265/8810 [00:00<00:04, 1820.05it/s]
 17%|█▋        | 1457/8810 [00:00<00:04, 1744.87it/s]
 19%|█▉        | 1673/8810 [00:00<00:03, 1862.27it/s]
 21%|██        | 1864/8810 [00:01<00:04, 1735.97it/s]
 24%|██▍       | 2137/8810 [00:01<00:03, 2006.35it/s]
 27%|██▋       | 2344/8810 [00:01<00:03, 1831.68it/s]
 30%|██▉       | 2620/8810 [00:01<00:02, 2072.86it/s]
 32%|███▏      | 2835/8810 [00:01<00:03, 1884.57it/s]
 35%|███▍      | 3057/8810 [00:01<00:03, 1830.08it/s]
 37%|███▋      | 3246/8810 [00:01<00:03, 1756.63it/s]
 39%|███▉      | 3426/8810 [00:01<00:03, 1676.73it/s]
 42%|████▏     | 3663/8810 [00:01<00:02, 1855.68it/s]
 44%|████▎     | 3854/8810 [00:02<00:02, 1742.05it/s]
 47%|████▋     | 4098/8810 [00:02<00:02, 1922.03it/s]
 49%|████▉     | 4296/8810 [00:02<00:02, 1871.41it/s]
 51%|█████▏    | 4534/8810 [00:02<00:02, 2009.54it/s]
 54%|█████▍    | 4739/8810 [00:02<00:02, 1769.84it/s]
 56%|█████▌    | 4932/8810 [00:02<00:02, 1661.77it/s]
 58%|█████▊    | 5104/8810 [00:02<00:02, 1657.08it/s]
 60%|██████    | 5327/8810 [00:02<00:01, 1805.99it/s]
 63%|██████▎   | 5513/8810 [00:03<00:01, 1699.52it/s]
 65%|██████▌   | 5754/8810 [00:03<00:01, 1765.09it/s]
 67%|██████▋   | 5934/8810 [00:03<00:01, 1671.64it/s]
 69%|██████▉   | 6104/8810 [00:03<00:01, 1637.72it/s]
 72%|███████▏  | 6342/8810 [00:03<00:01, 1827.68it/s]
 74%|███████▍  | 6528/8810 [00:03<00:01, 1702.29it/s]
 77%|███████▋  | 6801/8810 [00:03<00:01, 1972.86it/s]
 80%|███████▉  | 7004/8810 [00:03<00:00, 1894.71it/s]
 82%|████████▏ | 7204/8810 [00:03<00:00, 1921.90it/s]
 84%|████████▍ | 7400/8810 [00:04<00:00, 1895.81it/s]
 86%|████████▌ | 7592/8810 [00:04<00:00, 1847.77it/s]
 88%|████████▊ | 7779/8810 [00:04<00:00, 1678.75it/s]
 90%|█████████ | 7956/8810 [00:04<00:00, 1695.43it/s]
 92%|█████████▏| 8129/8810 [00:04<00:00, 1590.40it/s]
 95%|█████████▍| 8355/8810 [00:04<00:00, 1769.56it/s]
 97%|█████████▋| 8536/8810 [00:04<00:00, 1640.78it/s]
 99%|█████████▉| 8705/8810 [00:04<00:00, 1573.09it/s]
100%|██████████| 8810/8810 [00:04<00:00, 1783.30it/s]
