
  0%|          | 0/8810 [00:00<?, ?it/s]
  2%|▏         | 181/8810 [00:00<00:05, 1617.06it/s]
  5%|▍         | 440/8810 [00:00<00:03, 2155.82it/s]
  7%|▋         | 659/8810 [00:00<00:03, 2066.39it/s]
 10%|▉         | 873/8810 [00:00<00:03, 2090.86it/s]
 12%|█▏        | 1084/8810 [00:00<00:04, 1924.34it/s]
 15%|█▌        | 1326/8810 [00:00<00:03, 2079.04it/s]
 17%|█▋        | 1537/8810 [00:00<00:03, 1955.35it/s]
 21%|██        | 1811/8810 [00:00<00:03, 2184.74it/s]
 23%|██▎       | 2034/8810 [00:01<00:03, 2021.20it/s]
 26%|██▌       | 2263/8810 [00:01<00:03, 1893.42it/s]
 28%|██▊       | 2501/8810 [00:01<00:03, 2020.06it/s]
 31%|███       | 2744/8810 [00:01<00:02, 2032.10it/s]
 33%|███▎      | 2951/8810 [00:01<00:02, 2029.08it/s]
 36%|███▌      | 3157/8810 [00:01<00:03, 1835.31it/s]
 38%|███▊      | 3370/8810 [00:01<00:02, 1912.15it/s]
 40%|████      | 3566/8810 [00:01<00:02, 1769.96it/s]
 43%|████▎     | 3774/8810 [00:01<00:02, 1753.10it/s]
 45%|████▌     | 3988/8810 [00:02<00:02, 1850.76it/s]
 48%|████▊     | 4187/8810 [00:02<00:02, 1878.82it/s]
 50%|█████     | 4419/8810 [00:02<00:02, 2001.61it/s]
 52%|█████▏    | 4625/8810 [00:02<00:02, 1882.53it/s]
 55%|█████▍    | 4817/8810 [00:02<00:02, 1883.65it/s]
 57%|█████▋    | 5008/8810 [00:02<00:02, 1705.66it/s]
 60%|█████▉    | 5251/8810 [00:02<00:01, 1895.66it/s]
 62%|██████▏   | 5446/8810 [00:02<00:01, 1788.20it/s]
 65%|██████▍   | 5694/8810 [00:02<00:01, 1972.94it/s]
 67%|██████▋   | 5897/8810 [00:03<00:01, 1760.73it/s]
 69%|██████▉   | 6081/8810 [00:03<00:01, 1641.75it/s]
 71%|███████▏  | 6297/8810 [00:03<00:01, 1772.22it/s]
 74%|███████▎  | 6481/8810 [00:03<00:01, 1712.58it/s]
 77%|███████▋  | 6763/8810 [00:03<00:01, 2007.52it/s]
 79%|███████▉  | 6972/8810 [00:03<00:00, 1954.20it/s]
 81%|████████▏ | 7173/8810 [00:03<00:00, 1914.41it/s]
 84%|████████▎ | 7368/8810 [00:03<00:00, 1855.18it/s]
 86%|████████▌ | 7556/8810 [00:03<00:00, 1835.44it/s]
 88%|████████▊ | 7742/8810 [00:04<00:00, 1796.53it/s]
 90%|█████████ | 7944/8810 [00:04<00:00, 1854.95it/s]
 92%|█████████▏| 8131/8810 [00:04<00:00, 1590.44it/s]
 95%|█████████▍| 8327/8810 [00:04<00:00, 1681.91it/s]
 97%|█████████▋| 8502/8810 [00:04<00:00, 1562.67it/s]
 99%|█████████▊| 8692/8810 [00:04<00:00, 1647.23it/s]
100%|██████████| 8810/8810 [00:04<00:00, 1839.30it/s]
