
  0%|          | 0/8810 [00:00<?, ?it/s]
  2%|▏         | 181/8810 [00:00<00:04, 1750.61it/s]
  5%|▌         | 446/8810 [00:00<00:03, 2265.81it/s]
  8%|▊         | 674/8810 [00:00<00:03, 2256.98it/s]
 10%|█         | 901/8810 [00:00<00:03, 2234.66it/s]
 13%|█▎        | 1125/8810 [00:00<00:03, 2092.74it/s]
 15%|█▌        | 1351/8810 [00:00<00:03, 2143.87it/s]
 18%|█▊        | 1567/8810 [00:00<00:03, 2042.10it/s]
 21%|██        | 1821/8810 [00:00<00:03, 2012.42it/s]
 23%|██▎       | 2040/8810 [00:00<00:03, 2060.56it/s]
 26%|██▌       | 2263/8810 [00:01<00:03, 1990.61it/s]
 29%|██▊       | 2520/8810 [00:01<00:02, 2152.13it/s]
 31%|███       | 2744/8810 [00:01<00:02, 2093.33it/s]
 34%|███▎      | 2956/8810 [00:01<00:02, 2096.64it/s]
 36%|███▌      | 3168/8810 [00:01<00:02, 1956.46it/s]
 38%|███▊      | 3382/8810 [00:01<00:02, 2003.85it/s]
 41%|████      | 3585/8810 [00:01<00:02, 1953.69it/s]
 43%|████▎     | 3782/8810 [00:01<00:02, 1917.04it/s]
 46%|████▌     | 4067/8810 [00:01<00:02, 2179.08it/s]
 49%|████▊     | 4288/8810 [00:02<00:02, 2074.89it/s]
 51%|█████▏    | 4534/8810 [00:02<00:01, 2181.38it/s]
 54%|█████▍    | 4755/8810 [00:02<00:02, 1851.04it/s]
 56%|█████▌    | 4950/8810 [00:02<00:02, 1737.64it/s]
 59%|█████▉    | 5181/8810 [00:02<00:01, 1879.30it/s]
 61%|██████    | 5377/8810 [00:02<00:01, 1801.63it/s]
 64%|██████▍   | 5638/8810 [00:02<00:01, 2012.66it/s]
 66%|██████▋   | 5846/8810 [00:02<00:01, 1916.89it/s]
 69%|██████▊   | 6043/8810 [00:03<00:01, 1723.46it/s]
 72%|███████▏  | 6301/8810 [00:03<00:01, 1941.70it/s]
 74%|███████▍  | 6504/8810 [00:03<00:01, 1822.84it/s]
 77%|███████▋  | 6789/8810 [00:03<00:00, 2087.67it/s]
 80%|███████▉  | 7006/8810 [00:03<00:00, 2032.99it/s]
 82%|████████▏ | 7229/8810 [00:03<00:00, 2080.79it/s]
 84%|████████▍ | 7442/8810 [00:03<00:00, 1956.56it/s]
 87%|████████▋ | 7644/8810 [00:03<00:00, 1968.37it/s]
 89%|████████▉ | 7844/8810 [00:03<00:00, 1734.62it/s]
 91%|█████████ | 8037/8810 [00:04<00:00, 1656.10it/s]
 93%|█████████▎| 8215/8810 [00:04<00:00, 1686.16it/s]
 95%|█████████▌| 8388/8810 [00:04<00:00, 1675.74it/s]
 98%|█████████▊| 8604/8810 [00:04<00:00, 1805.41it/s]
100%|█████████▉| 8788/8810 [00:04<00:00, 1718.29it/s]
100%|██████████| 8810/8810 [00:04<00:00, 1939.16it/s]
