
  0%|          | 0/8810 [00:00<?, ?it/s]
  2%|▏         | 181/8810 [00:00<00:05, 1535.19it/s]
  5%|▍         | 426/8810 [00:00<00:04, 2030.68it/s]
  7%|▋         | 656/8810 [00:00<00:04, 1929.91it/s]
 10%|▉         | 852/8810 [00:00<00:04, 1911.45it/s]
 12%|█▏        | 1045/8810 [00:00<00:04, 1747.23it/s]
 14%|█▍        | 1270/8810 [00:00<00:03, 1894.14it/s]
 17%|█▋        | 1463/8810 [00:00<00:04, 1723.53it/s]
 19%|█▉        | 1656/8810 [00:00<00:04, 1781.17it/s]
 21%|██        | 1838/8810 [00:01<00:04, 1673.69it/s]
 23%|██▎       | 2051/8810 [00:01<00:03, 1798.98it/s]
 25%|██▌       | 2240/8810 [00:01<00:03, 1819.84it/s]
 28%|██▊       | 2425/8810 [00:01<00:03, 1730.37it/s]
 30%|███       | 2672/8810 [00:01<00:03, 1934.53it/s]
 33%|███▎      | 2869/8810 [00:01<00:03, 1812.63it/s]
 35%|███▍      | 3054/8810 [00:01<00:03, 1822.62it/s]
 37%|███▋      | 3239/8810 [00:01<00:03, 1664.49it/s]
 39%|███▊      | 3410/8810 [00:01<00:03, 1575.06it/s]
 41%|████      | 3618/8810 [00:02<00:03, 1707.84it/s]
 43%|████▎     | 3793/8810 [00:02<00:03, 1654.31it/s]
 46%|████▌     | 4016/8810 [00:02<00:02, 1806.83it/s]
 48%|████▊     | 4200/8810 [00:02<00:02, 1754.18it/s]
 51%|█████     | 4452/8810 [00:02<00:02, 1961.91it/s]
 53%|█████▎    | 4652/8810 [00:02<00:02, 1806.83it/s]
 55%|█████▍    | 4837/8810 [00:02<00:02, 1786.14it/s]
 57%|█████▋    | 5019/8810 [00:02<00:02, 1634.51it/s]
 59%|█████▉    | 5207/8810 [00:02<00:02, 1698.48it/s]
 61%|██████    | 5381/8810 [00:03<00:02, 1560.45it/s]
 63%|██████▎   | 5584/8810 [00:03<00:01, 1682.53it/s]
 65%|██████▌   | 5757/8810 [00:03<00:01, 1611.60it/s]
 67%|██████▋   | 5922/8810 [00:03<00:01, 1553.15it/s]
 69%|██████▉   | 6080/8810 [00:03<00:01, 1499.37it/s]
 71%|███████▏  | 6288/8810 [00:03<00:01, 1655.00it/s]
 73%|███████▎  | 6457/8810 [00:03<00:01, 1591.96it/s]
 76%|███████▌  | 6713/8810 [00:03<00:01, 1858.16it/s]
 79%|███████▉  | 6947/8810 [00:03<00:00, 1991.33it/s]
 81%|████████  | 7150/8810 [00:04<00:00, 1785.91it/s]
 83%|████████▎ | 7335/8810 [00:04<00:00, 1791.96it/s]
 85%|████████▌ | 7519/8810 [00:04<00:00, 1602.79it/s]
 88%|████████▊ | 7715/8810 [00:04<00:00, 1575.37it/s]
 89%|████████▉ | 7877/8810 [00:04<00:00, 1565.22it/s]
 91%|█████████ | 8037/8810 [00:04<00:00, 1448.31it/s]
 93%|█████████▎| 8223/8810 [00:04<00:00, 1552.93it/s]
 95%|█████████▌| 8382/8810 [00:04<00:00, 1480.68it/s]
 97%|█████████▋| 8553/8810 [00:05<00:00, 1538.60it/s]
 99%|█████████▉| 8710/8810 [00:05<00:00, 1472.81it/s]
100%|██████████| 8810/8810 [00:05<00:00, 1693.97it/s]
