
  0%|          | 0/8810 [00:00<?, ?it/s]
  2%|▏         | 181/8810 [00:00<00:06, 1415.23it/s]
  5%|▍         | 430/8810 [00:00<00:04, 1976.72it/s]
  7%|▋         | 656/8810 [00:00<00:04, 1763.58it/s]
 10%|▉         | 839/8810 [00:00<00:04, 1760.54it/s]
 12%|█▏        | 1019/8810 [00:00<00:04, 1627.48it/s]
 14%|█▍        | 1247/8810 [00:00<00:04, 1818.42it/s]
 17%|█▋        | 1457/8810 [00:00<00:04, 1695.49it/s]
 19%|█▉        | 1653/8810 [00:00<00:04, 1763.62it/s]
 21%|██        | 1834/8810 [00:01<00:04, 1643.63it/s]
 23%|██▎       | 2020/8810 [00:01<00:03, 1700.90it/s]
 25%|██▌       | 2230/8810 [00:01<00:03, 1809.11it/s]
 27%|██▋       | 2415/8810 [00:01<00:03, 1654.67it/s]
 30%|███       | 2659/8810 [00:01<00:03, 1865.67it/s]
 32%|███▏      | 2852/8810 [00:01<00:03, 1701.66it/s]
 35%|███▍      | 3051/8810 [00:01<00:03, 1776.39it/s]
 37%|███▋      | 3234/8810 [00:01<00:03, 1598.22it/s]
 39%|███▊      | 3410/8810 [00:02<00:03, 1509.33it/s]
 41%|████      | 3621/8810 [00:02<00:03, 1661.75it/s]
 43%|████▎     | 3794/8810 [00:02<00:03, 1614.08it/s]
 46%|████▌     | 4017/8810 [00:02<00:02, 1774.11it/s]
 48%|████▊     | 4200/8810 [00:02<00:02, 1700.84it/s]
 50%|█████     | 4409/8810 [00:02<00:02, 1805.94it/s]
 52%|█████▏    | 4621/8810 [00:02<00:02, 1893.26it/s]
 55%|█████▍    | 4814/8810 [00:02<00:02, 1700.34it/s]
 57%|█████▋    | 4990/8810 [00:02<00:02, 1568.77it/s]
 59%|█████▉    | 5204/8810 [00:03<00:02, 1716.49it/s]
 61%|██████    | 5382/8810 [00:03<00:02, 1589.72it/s]
 64%|██████▎   | 5610/8810 [00:03<00:01, 1765.42it/s]
 66%|██████▌   | 5793/8810 [00:03<00:01, 1630.75it/s]
 68%|██████▊   | 5962/8810 [00:03<00:01, 1607.18it/s]
 70%|██████▉   | 6127/8810 [00:03<00:01, 1508.36it/s]
 72%|███████▏  | 6326/8810 [00:03<00:01, 1634.57it/s]
 74%|███████▎  | 6494/8810 [00:03<00:01, 1518.51it/s]
 77%|███████▋  | 6758/8810 [00:03<00:01, 1811.20it/s]
 79%|███████▉  | 6972/8810 [00:04<00:01, 1752.96it/s]
 81%|████████▏ | 7165/8810 [00:04<00:00, 1798.80it/s]
 84%|████████▎ | 7360/8810 [00:04<00:00, 1724.89it/s]
 86%|████████▌ | 7536/8810 [00:04<00:00, 1688.10it/s]
 88%|████████▊ | 7715/8810 [00:04<00:00, 1564.87it/s]
 90%|████████▉ | 7894/8810 [00:04<00:00, 1621.55it/s]
 91%|█████████▏| 8059/8810 [00:04<00:00, 1443.60it/s]
 94%|█████████▎| 8242/8810 [00:04<00:00, 1541.47it/s]
 95%|█████████▌| 8402/8810 [00:05<00:00, 1474.60it/s]
 98%|█████████▊| 8622/8810 [00:05<00:00, 1661.08it/s]
100%|█████████▉| 8793/8810 [00:05<00:00, 1555.57it/s]
100%|██████████| 8810/8810 [00:05<00:00, 1666.65it/s]
