
  0%|          | 0/8810 [00:00<?, ?it/s]
  2%|▏         | 178/8810 [00:00<00:04, 1778.42it/s]
  4%|▍         | 356/8810 [00:00<00:05, 1603.75it/s]
  6%|▌         | 533/8810 [00:00<00:04, 1666.60it/s]
  8%|▊         | 701/8810 [00:00<00:05, 1462.70it/s]
 10%|▉         | 868/8810 [00:00<00:05, 1525.12it/s]
 12%|█▏        | 1024/8810 [00:00<00:05, 1450.14it/s]
 14%|█▎        | 1209/8810 [00:00<00:04, 1566.00it/s]
 16%|█▌        | 1369/8810 [00:00<00:04, 1521.31it/s]
 17%|█▋        | 1523/8810 [00:01<00:05, 1419.76it/s]
 19%|█▉        | 1694/8810 [00:01<00:04, 1498.94it/s]
 21%|██        | 1847/8810 [00:01<00:05, 1351.61it/s]
 23%|██▎       | 2035/8810 [00:01<00:04, 1491.83it/s]
 25%|██▌       | 2222/8810 [00:01<00:04, 1593.22it/s]
 27%|██▋       | 2386/8810 [00:01<00:04, 1476.95it/s]
 30%|██▉       | 2638/8810 [00:01<00:03, 1755.90it/s]
 32%|███▏      | 2820/8810 [00:01<00:03, 1545.81it/s]
 34%|███▍      | 3006/8810 [00:01<00:03, 1624.62it/s]
 36%|███▌      | 3176/8810 [00:02<00:03, 1474.61it/s]
 38%|███▊      | 3331/8810 [00:02<00:03, 1447.34it/s]
 40%|███▉      | 3481/8810 [00:02<00:04, 1271.44it/s]
 41%|████▏     | 3642/8810 [00:02<00:03, 1350.83it/s]
 43%|████▎     | 3783/8810 [00:02<00:03, 1279.18it/s]
 45%|████▍     | 3940/8810 [00:02<00:03, 1353.33it/s]
 47%|████▋     | 4164/8810 [00:02<00:02, 1589.18it/s]
 49%|████▉     | 4329/8810 [00:02<00:02, 1514.18it/s]
 51%|█████     | 4515/8810 [00:03<00:02, 1605.14it/s]
 53%|█████▎    | 4680/8810 [00:03<00:02, 1430.48it/s]
 55%|█████▍    | 4833/8810 [00:03<00:02, 1452.63it/s]
 57%|█████▋    | 4983/8810 [00:03<00:02, 1283.25it/s]
 59%|█████▊    | 5168/8810 [00:03<00:02, 1425.03it/s]
 60%|██████    | 5325/8810 [00:03<00:02, 1462.16it/s]
 62%|██████▏   | 5477/8810 [00:03<00:02, 1280.96it/s]
 64%|██████▍   | 5652/8810 [00:03<00:02, 1397.29it/s]
 66%|██████▌   | 5799/8810 [00:03<00:02, 1317.86it/s]
 67%|██████▋   | 5937/8810 [00:04<00:02, 1274.64it/s]
 69%|██████▉   | 6069/8810 [00:04<00:02, 1232.57it/s]
 70%|███████   | 6205/8810 [00:04<00:02, 1265.66it/s]
 72%|███████▏  | 6378/8810 [00:04<00:01, 1390.59it/s]
 74%|███████▍  | 6520/8810 [00:04<00:01, 1242.88it/s]
 77%|███████▋  | 6746/8810 [00:04<00:01, 1510.03it/s]
 78%|███████▊  | 6910/8810 [00:04<00:01, 1542.33it/s]
 80%|████████  | 7070/8810 [00:04<00:01, 1443.87it/s]
 82%|████████▏ | 7219/8810 [00:05<00:01, 1435.97it/s]
 84%|████████▎ | 7366/8810 [00:05<00:01, 1432.15it/s]
 85%|████████▌ | 7512/8810 [00:05<00:00, 1399.63it/s]
 87%|████████▋ | 7679/8810 [00:05<00:00, 1471.18it/s]
 89%|████████▉ | 7828/8810 [00:05<00:00, 1328.07it/s]
 91%|█████████ | 7997/8810 [00:05<00:00, 1424.49it/s]
 92%|█████████▏| 8143/8810 [00:05<00:00, 1298.82it/s]
 94%|█████████▍| 8316/8810 [00:05<00:00, 1407.92it/s]
 96%|█████████▌| 8462/8810 [00:05<00:00, 1343.63it/s]
 98%|█████████▊| 8634/8810 [00:06<00:00, 1441.24it/s]
100%|█████████▉| 8782/8810 [00:06<00:00, 1369.82it/s]
100%|██████████| 8810/8810 [00:06<00:00, 1430.03it/s]
