
  0%|          | 0/8810 [00:00<?, ?it/s]
  2%|▏         | 181/8810 [00:00<00:05, 1589.76it/s]
  5%|▍         | 431/8810 [00:00<00:04, 2090.58it/s]
  7%|▋         | 656/8810 [00:00<00:04, 2014.85it/s]
 10%|▉         | 869/8810 [00:00<00:03, 2053.42it/s]
 12%|█▏        | 1076/8810 [00:00<00:04, 1878.06it/s]
 15%|█▍        | 1292/8810 [00:00<00:03, 1964.44it/s]
 17%|█▋        | 1492/8810 [00:00<00:04, 1776.47it/s]
 20%|█▉        | 1750/8810 [00:00<00:03, 2001.82it/s]
 22%|██▏       | 1956/8810 [00:01<00:03, 1791.15it/s]
 25%|██▍       | 2185/8810 [00:01<00:03, 1923.67it/s]
 27%|██▋       | 2385/8810 [00:01<00:03, 1751.61it/s]
 30%|███       | 2679/8810 [00:01<00:02, 2062.67it/s]
 33%|███▎      | 2896/8810 [00:01<00:03, 1917.78it/s]
 35%|███▌      | 3096/8810 [00:01<00:03, 1827.06it/s]
 37%|███▋      | 3285/8810 [00:01<00:03, 1792.60it/s]
 39%|███▉      | 3469/8810 [00:01<00:03, 1710.64it/s]
 42%|████▏     | 3720/8810 [00:01<00:02, 1921.15it/s]
 44%|████▍     | 3917/8810 [00:02<00:02, 1792.52it/s]
 47%|████▋     | 4180/8810 [00:02<00:02, 1870.74it/s]
 51%|█████     | 4451/8810 [00:02<00:02, 2088.04it/s]
 53%|█████▎    | 4665/8810 [00:02<00:02, 1909.07it/s]
 55%|█████▌    | 4862/8810 [00:02<00:02, 1897.33it/s]
 57%|█████▋    | 5056/8810 [00:02<00:02, 1759.43it/s]
 60%|██████    | 5293/8810 [00:02<00:01, 1916.99it/s]
 62%|██████▏   | 5490/8810 [00:02<00:01, 1786.98it/s]
 65%|██████▌   | 5742/8810 [00:03<00:01, 1978.78it/s]
 67%|██████▋   | 5946/8810 [00:03<00:01, 1726.87it/s]
 70%|██████▉   | 6128/8810 [00:03<00:01, 1689.14it/s]
 72%|███████▏  | 6334/8810 [00:03<00:01, 1779.63it/s]
 74%|███████▍  | 6518/8810 [00:03<00:01, 1723.29it/s]
 77%|███████▋  | 6789/8810 [00:03<00:01, 1988.71it/s]
 79%|███████▉  | 6994/8810 [00:03<00:00, 1927.64it/s]
 82%|████████▏ | 7191/8810 [00:03<00:00, 1932.98it/s]
 84%|████████▍ | 7388/8810 [00:03<00:00, 1889.79it/s]
 86%|████████▌ | 7580/8810 [00:04<00:00, 1868.45it/s]
 88%|████████▊ | 7769/8810 [00:04<00:00, 1695.32it/s]
 90%|█████████ | 7953/8810 [00:04<00:00, 1728.83it/s]
 92%|█████████▏| 8129/8810 [00:04<00:00, 1570.36it/s]
 95%|█████████▍| 8331/8810 [00:04<00:00, 1687.25it/s]
 97%|█████████▋| 8505/8810 [00:04<00:00, 1554.02it/s]
 99%|█████████▉| 8702/8810 [00:04<00:00, 1539.01it/s]
100%|██████████| 8810/8810 [00:04<00:00, 1819.06it/s]
