
  0%|          | 0/8810 [00:00<?, ?it/s]
  2%|▏         | 181/8810 [00:00<00:06, 1391.57it/s]
  5%|▍         | 411/8810 [00:00<00:04, 1857.27it/s]
  7%|▋         | 648/8810 [00:00<00:03, 2069.75it/s]
 10%|▉         | 860/8810 [00:00<00:04, 1756.20it/s]
 12%|█▏        | 1044/8810 [00:00<00:04, 1647.82it/s]
 14%|█▍        | 1251/8810 [00:00<00:04, 1770.22it/s]
 17%|█▋        | 1454/8810 [00:00<00:03, 1844.89it/s]
 19%|█▊        | 1643/8810 [00:00<00:04, 1649.22it/s]
 21%|██        | 1821/8810 [00:01<00:04, 1613.60it/s]
 23%|██▎       | 1987/8810 [00:01<00:04, 1622.27it/s]
 25%|██▌       | 2203/8810 [00:01<00:03, 1770.74it/s]
 27%|██▋       | 2384/8810 [00:01<00:04, 1580.93it/s]
 30%|██▉       | 2626/8810 [00:01<00:03, 1797.68it/s]
 32%|███▏      | 2813/8810 [00:01<00:03, 1615.31it/s]
 34%|███▍      | 3000/8810 [00:01<00:03, 1679.99it/s]
 36%|███▌      | 3175/8810 [00:01<00:03, 1559.85it/s]
 38%|███▊      | 3359/8810 [00:01<00:03, 1631.21it/s]
 40%|████      | 3527/8810 [00:02<00:03, 1477.76it/s]
 43%|████▎     | 3753/8810 [00:02<00:03, 1679.44it/s]
 45%|████▍     | 3928/8810 [00:02<00:03, 1524.76it/s]
 47%|████▋     | 4164/8810 [00:02<00:02, 1735.16it/s]
 49%|████▉     | 4346/8810 [00:02<00:02, 1641.20it/s]
 52%|█████▏    | 4548/8810 [00:02<00:02, 1736.37it/s]
 54%|█████▎    | 4728/8810 [00:02<00:02, 1599.95it/s]
 56%|█████▌    | 4894/8810 [00:02<00:02, 1612.21it/s]
 57%|█████▋    | 5060/8810 [00:03<00:02, 1488.41it/s]
 60%|██████    | 5297/8810 [00:03<00:02, 1717.23it/s]
 62%|██████▏   | 5475/8810 [00:03<00:02, 1605.30it/s]
 65%|██████▌   | 5729/8810 [00:03<00:01, 1852.04it/s]
 67%|██████▋   | 5921/8810 [00:03<00:01, 1617.00it/s]
 69%|██████▉   | 6093/8810 [00:03<00:01, 1543.60it/s]
 71%|███████▏  | 6287/8810 [00:03<00:01, 1642.86it/s]
 73%|███████▎  | 6458/8810 [00:03<00:01, 1561.00it/s]
 76%|███████▌  | 6670/8810 [00:04<00:01, 1703.57it/s]
 78%|███████▊  | 6904/8810 [00:04<00:01, 1875.16it/s]
 81%|████████  | 7097/8810 [00:04<00:00, 1731.64it/s]
 83%|████████▎ | 7276/8810 [00:04<00:00, 1712.33it/s]
 85%|████████▍ | 7451/8810 [00:04<00:00, 1663.55it/s]
 86%|████████▋ | 7620/8810 [00:04<00:00, 1642.90it/s]
 88%|████████▊ | 7786/8810 [00:04<00:00, 1483.36it/s]
 90%|█████████ | 7942/8810 [00:04<00:00, 1500.31it/s]
 92%|█████████▏| 8095/8810 [00:04<00:00, 1324.99it/s]
 94%|█████████▍| 8266/8810 [00:05<00:00, 1422.43it/s]
 96%|█████████▌| 8414/8810 [00:05<00:00, 1409.32it/s]
 98%|█████████▊| 8620/8810 [00:05<00:00, 1583.81it/s]
100%|█████████▉| 8783/8810 [00:05<00:00, 1508.24it/s]
100%|██████████| 8810/8810 [00:05<00:00, 1630.11it/s]
