
  0%|          | 0/8810 [00:00<?, ?it/s]
  2%|▏         | 181/8810 [00:00<00:05, 1561.46it/s]
  5%|▍         | 435/8810 [00:00<00:03, 2095.42it/s]
  7%|▋         | 656/8810 [00:00<00:04, 2026.83it/s]
 10%|▉         | 861/8810 [00:00<00:03, 2001.69it/s]
 12%|█▏        | 1063/8810 [00:00<00:04, 1908.49it/s]
 14%|█▍        | 1273/8810 [00:00<00:03, 1966.13it/s]
 17%|█▋        | 1471/8810 [00:00<00:04, 1804.22it/s]
 19%|█▉        | 1673/8810 [00:00<00:03, 1865.04it/s]
 21%|██        | 1862/8810 [00:01<00:04, 1675.34it/s]
 24%|██▎       | 2088/8810 [00:01<00:03, 1832.01it/s]
 26%|██▌       | 2277/8810 [00:01<00:03, 1641.15it/s]
 28%|██▊       | 2501/8810 [00:01<00:03, 1792.08it/s]
 31%|███       | 2724/8810 [00:01<00:03, 1907.44it/s]
 33%|███▎      | 2921/8810 [00:01<00:03, 1574.87it/s]
 35%|███▌      | 3092/8810 [00:01<00:03, 1498.55it/s]
 37%|███▋      | 3251/8810 [00:01<00:03, 1501.53it/s]
 39%|███▊      | 3410/8810 [00:02<00:03, 1438.84it/s]
 40%|████      | 3564/8810 [00:02<00:03, 1463.22it/s]
 43%|████▎     | 3760/8810 [00:02<00:03, 1592.95it/s]
 45%|████▍     | 3924/8810 [00:02<00:03, 1490.88it/s]
 47%|████▋     | 4175/8810 [00:02<00:02, 1759.85it/s]
 49%|████▉     | 4357/8810 [00:02<00:02, 1647.90it/s]
 52%|█████▏    | 4563/8810 [00:02<00:02, 1757.37it/s]
 54%|█████▍    | 4744/8810 [00:02<00:02, 1567.27it/s]
 56%|█████▌    | 4932/8810 [00:02<00:02, 1491.11it/s]
 58%|█████▊    | 5152/8810 [00:03<00:02, 1665.86it/s]
 60%|██████    | 5326/8810 [00:03<00:02, 1679.59it/s]
 62%|██████▏   | 5499/8810 [00:03<00:02, 1551.64it/s]
 65%|██████▍   | 5696/8810 [00:03<00:01, 1660.53it/s]
 67%|██████▋   | 5867/8810 [00:03<00:01, 1537.25it/s]
 68%|██████▊   | 6026/8810 [00:03<00:01, 1504.35it/s]
 70%|███████   | 6180/8810 [00:03<00:01, 1466.36it/s]
 73%|███████▎  | 6392/8810 [00:03<00:01, 1638.53it/s]
 74%|███████▍  | 6560/8810 [00:03<00:01, 1563.88it/s]
 77%|███████▋  | 6803/8810 [00:04<00:01, 1800.71it/s]
 79%|███████▉  | 6988/8810 [00:04<00:01, 1763.84it/s]
 81%|████████▏ | 7169/8810 [00:04<00:00, 1776.56it/s]
 83%|████████▎ | 7353/8810 [00:04<00:00, 1792.82it/s]
 86%|████████▌ | 7534/8810 [00:04<00:00, 1505.04it/s]
 88%|████████▊ | 7715/8810 [00:04<00:00, 1531.44it/s]
 90%|████████▉ | 7892/8810 [00:04<00:00, 1592.81it/s]
 91%|█████████▏| 8057/8810 [00:04<00:00, 1455.62it/s]
 94%|█████████▎| 8258/8810 [00:04<00:00, 1596.31it/s]
 96%|█████████▌| 8424/8810 [00:05<00:00, 1530.36it/s]
 98%|█████████▊| 8634/8810 [00:05<00:00, 1678.22it/s]
100%|█████████▉| 8807/8810 [00:05<00:00, 1576.45it/s]
100%|██████████| 8810/8810 [00:05<00:00, 1648.31it/s]
