
  0%|          | 0/8810 [00:00<?, ?it/s]
  2%|▏         | 164/8810 [00:00<00:05, 1616.02it/s]
  4%|▎         | 326/8810 [00:00<00:06, 1350.15it/s]
  6%|▌         | 530/8810 [00:00<00:05, 1632.04it/s]
  8%|▊         | 698/8810 [00:00<00:05, 1472.20it/s]
 10%|▉         | 850/8810 [00:00<00:05, 1477.19it/s]
 11%|█▏        | 1001/8810 [00:00<00:05, 1361.52it/s]
 13%|█▎        | 1181/8810 [00:00<00:05, 1487.74it/s]
 15%|█▌        | 1343/8810 [00:00<00:04, 1525.93it/s]
 17%|█▋        | 1499/8810 [00:01<00:05, 1439.95it/s]
 19%|█▉        | 1697/8810 [00:01<00:04, 1589.87it/s]
 21%|██        | 1860/8810 [00:01<00:05, 1385.09it/s]
 23%|██▎       | 2056/8810 [00:01<00:04, 1533.66it/s]
 25%|██▌       | 2231/8810 [00:01<00:04, 1590.34it/s]
 27%|██▋       | 2396/8810 [00:01<00:04, 1405.24it/s]
 30%|██▉       | 2623/8810 [00:01<00:03, 1627.26it/s]
 32%|███▏      | 2795/8810 [00:01<00:04, 1445.24it/s]
 34%|███▍      | 2976/8810 [00:01<00:03, 1534.69it/s]
 36%|███▌      | 3138/8810 [00:02<00:03, 1426.03it/s]
 37%|███▋      | 3288/8810 [00:02<00:04, 1335.24it/s]
 39%|███▉      | 3427/8810 [00:02<00:04, 1194.52it/s]
 40%|████      | 3563/8810 [00:02<00:04, 1232.32it/s]
 42%|████▏     | 3732/8810 [00:02<00:03, 1348.61it/s]
 44%|████▍     | 3872/8810 [00:02<00:03, 1267.49it/s]
 46%|████▋     | 4096/8810 [00:02<00:03, 1519.12it/s]
 48%|████▊     | 4255/8810 [00:02<00:03, 1454.60it/s]
 50%|█████     | 4430/8810 [00:03<00:02, 1531.71it/s]
 52%|█████▏    | 4593/8810 [00:03<00:02, 1558.56it/s]
 54%|█████▍    | 4752/8810 [00:03<00:02, 1390.06it/s]
 56%|█████▌    | 4921/8810 [00:03<00:02, 1469.14it/s]
 58%|█████▊    | 5073/8810 [00:03<00:02, 1330.72it/s]
 59%|█████▉    | 5228/8810 [00:03<00:02, 1385.37it/s]
 61%|██████    | 5372/8810 [00:03<00:02, 1284.27it/s]
 63%|██████▎   | 5524/8810 [00:03<00:02, 1341.51it/s]
 65%|██████▍   | 5712/8810 [00:03<00:02, 1485.14it/s]
 67%|██████▋   | 5865/8810 [00:04<00:02, 1327.24it/s]
 68%|██████▊   | 6004/8810 [00:04<00:02, 1331.88it/s]
 70%|██████▉   | 6142/8810 [00:04<00:02, 1289.48it/s]
 72%|███████▏  | 6330/8810 [00:04<00:01, 1448.16it/s]
 74%|███████▎  | 6479/8810 [00:04<00:01, 1319.91it/s]
 76%|███████▌  | 6688/8810 [00:04<00:01, 1523.34it/s]
 78%|███████▊  | 6886/8810 [00:04<00:01, 1645.38it/s]
 80%|████████  | 7056/8810 [00:04<00:01, 1512.78it/s]
 82%|████████▏ | 7213/8810 [00:05<00:01, 1495.11it/s]
 84%|████████▎ | 7367/8810 [00:05<00:00, 1466.39it/s]
 85%|████████▌ | 7522/8810 [00:05<00:00, 1486.16it/s]
 87%|████████▋ | 7707/8810 [00:05<00:00, 1586.08it/s]
 89%|████████▉ | 7868/8810 [00:05<00:00, 1437.61it/s]
 91%|█████████ | 8032/8810 [00:05<00:00, 1489.25it/s]
 93%|█████████▎| 8185/8810 [00:05<00:00, 1364.54it/s]
 95%|█████████▍| 8352/8810 [00:05<00:00, 1444.56it/s]
 96%|█████████▋| 8501/8810 [00:05<00:00, 1358.23it/s]
 99%|█████████▊| 8696/8810 [00:06<00:00, 1515.94it/s]
100%|██████████| 8810/8810 [00:06<00:00, 1434.18it/s]
