
  0%|          | 0/8810 [00:00<?, ?it/s]
  2%|▏         | 178/8810 [00:00<00:04, 1770.14it/s]
  4%|▍         | 356/8810 [00:00<00:05, 1662.44it/s]
  7%|▋         | 591/8810 [00:00<00:04, 1962.56it/s]
  9%|▉         | 789/8810 [00:00<00:04, 1722.50it/s]
 11%|█         | 979/8810 [00:00<00:04, 1776.53it/s]
 13%|█▎        | 1160/8810 [00:00<00:04, 1734.13it/s]
 15%|█▌        | 1365/8810 [00:00<00:04, 1829.31it/s]
 18%|█▊        | 1551/8810 [00:00<00:04, 1742.34it/s]
 20%|██        | 1792/8810 [00:00<00:03, 1935.00it/s]
 23%|██▎       | 1989/8810 [00:01<00:04, 1690.46it/s]
 25%|██▌       | 2226/8810 [00:01<00:03, 1871.23it/s]
 27%|██▋       | 2421/8810 [00:01<00:03, 1728.98it/s]
 30%|███       | 2657/8810 [00:01<00:03, 1890.95it/s]
 32%|███▏      | 2853/8810 [00:01<00:03, 1833.25it/s]
 35%|███▍      | 3042/8810 [00:01<00:03, 1819.38it/s]
 37%|███▋      | 3228/8810 [00:01<00:03, 1652.93it/s]
 39%|███▊      | 3410/8810 [00:01<00:03, 1556.02it/s]
 41%|████      | 3626/8810 [00:02<00:03, 1709.18it/s]
 43%|████▎     | 3803/8810 [00:02<00:03, 1642.97it/s]
 46%|████▌     | 4063/8810 [00:02<00:02, 1895.30it/s]
 48%|████▊     | 4259/8810 [00:02<00:02, 1848.10it/s]
 51%|█████     | 4482/8810 [00:02<00:02, 1951.80it/s]
 53%|█████▎    | 4681/8810 [00:02<00:02, 1827.05it/s]
 55%|█████▌    | 4874/8810 [00:02<00:02, 1852.91it/s]
 57%|█████▋    | 5063/8810 [00:02<00:02, 1730.91it/s]
 60%|██████    | 5286/8810 [00:02<00:01, 1860.24it/s]
 62%|██████▏   | 5476/8810 [00:03<00:01, 1757.48it/s]
 65%|██████▌   | 5743/8810 [00:03<00:01, 2004.25it/s]
 68%|██████▊   | 5949/8810 [00:03<00:01, 1663.53it/s]
 70%|██████▉   | 6128/8810 [00:03<00:01, 1634.27it/s]
 72%|███████▏  | 6365/8810 [00:03<00:01, 1820.29it/s]
 74%|███████▍  | 6557/8810 [00:03<00:01, 1744.81it/s]
 78%|███████▊  | 6828/8810 [00:03<00:00, 1999.72it/s]
 80%|███████▉  | 7036/8810 [00:03<00:00, 1867.24it/s]
 82%|████████▏ | 7237/8810 [00:04<00:00, 1903.16it/s]
 84%|████████▍ | 7433/8810 [00:04<00:00, 1853.21it/s]
 87%|████████▋ | 7622/8810 [00:04<00:00, 1793.31it/s]
 89%|████████▊ | 7804/8810 [00:04<00:00, 1675.12it/s]
 91%|█████████ | 7977/8810 [00:04<00:00, 1687.07it/s]
 92%|█████████▏| 8148/8810 [00:04<00:00, 1489.83it/s]
 95%|█████████▍| 8361/8810 [00:04<00:00, 1533.59it/s]
 97%|█████████▋| 8543/8810 [00:04<00:00, 1603.42it/s]
 99%|█████████▉| 8707/8810 [00:04<00:00, 1515.50it/s]
100%|██████████| 8810/8810 [00:05<00:00, 1753.12it/s]
