
  0%|          | 0/8810 [00:00<?, ?it/s]
  2%|▏         | 181/8810 [00:00<00:05, 1678.88it/s]
  5%|▍         | 434/8810 [00:00<00:03, 2151.34it/s]
  7%|▋         | 656/8810 [00:00<00:04, 2021.58it/s]
 10%|█         | 896/8810 [00:00<00:03, 2153.15it/s]
 13%|█▎        | 1113/8810 [00:00<00:03, 2020.34it/s]
 15%|█▌        | 1340/8810 [00:00<00:03, 2084.25it/s]
 18%|█▊        | 1551/8810 [00:00<00:03, 1868.35it/s]
 20%|██        | 1795/8810 [00:00<00:03, 2020.74it/s]
 23%|██▎       | 2002/8810 [00:01<00:03, 1870.86it/s]
 25%|██▌       | 2234/8810 [00:01<00:03, 1989.69it/s]
 28%|██▊       | 2438/8810 [00:01<00:03, 1844.33it/s]
 30%|███       | 2677/8810 [00:01<00:03, 1990.99it/s]
 33%|███▎      | 2882/8810 [00:01<00:03, 1856.17it/s]
 35%|███▍      | 3073/8810 [00:01<00:03, 1739.54it/s]
 37%|███▋      | 3259/8810 [00:01<00:03, 1769.62it/s]
 39%|███▉      | 3440/8810 [00:01<00:03, 1662.01it/s]
 41%|████▏     | 3655/8810 [00:01<00:02, 1788.71it/s]
 44%|████▎     | 3838/8810 [00:02<00:02, 1704.72it/s]
 46%|████▌     | 4071/8810 [00:02<00:02, 1874.52it/s]
 48%|████▊     | 4263/8810 [00:02<00:02, 1782.82it/s]
 51%|█████     | 4482/8810 [00:02<00:02, 1891.24it/s]
 53%|█████▎    | 4675/8810 [00:02<00:02, 1673.63it/s]
 55%|█████▌    | 4868/8810 [00:02<00:02, 1739.13it/s]
 57%|█████▋    | 5048/8810 [00:02<00:02, 1600.20it/s]
 59%|█████▉    | 5240/8810 [00:02<00:02, 1682.63it/s]
 61%|██████▏   | 5414/8810 [00:02<00:02, 1585.50it/s]
 64%|██████▍   | 5646/8810 [00:03<00:01, 1778.64it/s]
 66%|██████▌   | 5830/8810 [00:03<00:01, 1738.68it/s]
 68%|██████▊   | 6008/8810 [00:03<00:01, 1679.92it/s]
 70%|███████   | 6179/8810 [00:03<00:01, 1532.50it/s]
 73%|███████▎  | 6391/8810 [00:03<00:01, 1682.33it/s]
 75%|███████▍  | 6564/8810 [00:03<00:01, 1608.59it/s]
 77%|███████▋  | 6822/8810 [00:03<00:01, 1864.85it/s]
 80%|███████▉  | 7014/8810 [00:03<00:01, 1794.10it/s]
 82%|████████▏ | 7198/8810 [00:03<00:00, 1784.72it/s]
 84%|████████▍ | 7380/8810 [00:04<00:00, 1725.54it/s]
 86%|████████▌ | 7555/8810 [00:04<00:00, 1693.24it/s]
 88%|████████▊ | 7726/8810 [00:04<00:00, 1626.01it/s]
 90%|████████▉ | 7909/8810 [00:04<00:00, 1677.50it/s]
 92%|█████████▏| 8078/8810 [00:04<00:00, 1543.71it/s]
 94%|█████████▎| 8252/8810 [00:04<00:00, 1596.66it/s]
 96%|█████████▌| 8414/8810 [00:04<00:00, 1502.91it/s]
 98%|█████████▊| 8611/8810 [00:04<00:00, 1628.33it/s]
100%|█████████▉| 8777/8810 [00:05<00:00, 1565.03it/s]
100%|██████████| 8810/8810 [00:05<00:00, 1752.77it/s]
