
  0%|          | 0/8810 [00:00<?, ?it/s]
  2%|▏         | 181/8810 [00:00<00:05, 1606.50it/s]
  5%|▍         | 434/8810 [00:00<00:03, 2096.77it/s]
  7%|▋         | 656/8810 [00:00<00:04, 2022.82it/s]
 10%|▉         | 866/8810 [00:00<00:03, 2043.64it/s]
 12%|█▏        | 1072/8810 [00:00<00:04, 1923.11it/s]
 14%|█▍        | 1275/8810 [00:00<00:03, 1956.55it/s]
 17%|█▋        | 1472/8810 [00:00<00:03, 1866.62it/s]
 19%|█▉        | 1716/8810 [00:00<00:03, 2034.01it/s]
 22%|██▏       | 1922/8810 [00:00<00:03, 1862.75it/s]
 25%|██▍       | 2193/8810 [00:01<00:03, 2092.38it/s]
 27%|██▋       | 2407/8810 [00:01<00:03, 1916.23it/s]
 30%|███       | 2657/8810 [00:01<00:02, 2070.66it/s]
 33%|███▎      | 2870/8810 [00:01<00:03, 1943.36it/s]
 35%|███▍      | 3070/8810 [00:01<00:03, 1818.34it/s]
 38%|███▊      | 3316/8810 [00:01<00:02, 1984.94it/s]
 40%|███▉      | 3520/8810 [00:01<00:02, 1818.48it/s]
 43%|████▎     | 3774/8810 [00:01<00:02, 1832.23it/s]
 46%|████▌     | 4009/8810 [00:02<00:02, 1962.25it/s]
 48%|████▊     | 4211/8810 [00:02<00:02, 1934.11it/s]
 51%|█████     | 4468/8810 [00:02<00:02, 2103.13it/s]
 53%|█████▎    | 4683/8810 [00:02<00:02, 1909.15it/s]
 55%|█████▌    | 4889/8810 [00:02<00:02, 1946.59it/s]
 58%|█████▊    | 5089/8810 [00:02<00:02, 1755.59it/s]
 60%|██████    | 5322/8810 [00:02<00:01, 1903.30it/s]
 63%|██████▎   | 5519/8810 [00:02<00:01, 1814.74it/s]
 65%|██████▌   | 5754/8810 [00:03<00:01, 1779.07it/s]
 67%|██████▋   | 5936/8810 [00:03<00:01, 1704.85it/s]
 69%|██████▉   | 6109/8810 [00:03<00:01, 1665.58it/s]
 72%|███████▏  | 6323/8810 [00:03<00:01, 1786.86it/s]
 74%|███████▍  | 6505/8810 [00:03<00:01, 1647.78it/s]
 77%|███████▋  | 6780/8810 [00:03<00:01, 1938.30it/s]
 79%|███████▉  | 6980/8810 [00:03<00:00, 1857.44it/s]
 82%|████████▏ | 7183/8810 [00:03<00:00, 1898.54it/s]
 84%|████████▎ | 7377/8810 [00:03<00:00, 1779.79it/s]
 86%|████████▌ | 7559/8810 [00:04<00:00, 1648.46it/s]
 88%|████████▊ | 7728/8810 [00:04<00:00, 1606.35it/s]
 90%|████████▉ | 7895/8810 [00:04<00:00, 1621.11it/s]
 91%|█████████▏| 8059/8810 [00:04<00:00, 1417.92it/s]
 93%|█████████▎| 8236/8810 [00:04<00:00, 1506.75it/s]
 95%|█████████▌| 8392/8810 [00:04<00:00, 1477.37it/s]
 98%|█████████▊| 8600/8810 [00:04<00:00, 1637.71it/s]
100%|█████████▉| 8768/8810 [00:04<00:00, 1514.68it/s]
100%|██████████| 8810/8810 [00:04<00:00, 1803.95it/s]
