
  0%|          | 0/8810 [00:00<?, ?it/s]
  2%|▏         | 181/8810 [00:00<00:05, 1719.70it/s]
  5%|▌         | 464/8810 [00:00<00:03, 2358.76it/s]
  8%|▊         | 702/8810 [00:00<00:04, 1960.47it/s]
 10%|█         | 909/8810 [00:00<00:03, 1995.86it/s]
 13%|█▎        | 1114/8810 [00:00<00:03, 1954.74it/s]
 15%|█▌        | 1344/8810 [00:00<00:03, 2054.36it/s]
 18%|█▊        | 1553/8810 [00:00<00:03, 1838.87it/s]
 21%|██        | 1821/8810 [00:00<00:03, 1889.17it/s]
 23%|██▎       | 2052/8810 [00:01<00:03, 1999.68it/s]
 26%|██▌       | 2263/8810 [00:01<00:03, 1884.78it/s]
 29%|██▊       | 2516/8810 [00:01<00:03, 2055.96it/s]
 31%|███       | 2744/8810 [00:01<00:03, 1915.44it/s]
 34%|███▍      | 2987/8810 [00:01<00:02, 2045.43it/s]
 36%|███▋      | 3197/8810 [00:01<00:02, 1916.59it/s]
 39%|███▊      | 3410/8810 [00:01<00:02, 1870.83it/s]
 41%|████      | 3629/8810 [00:01<00:02, 1953.10it/s]
 43%|████▎     | 3828/8810 [00:01<00:02, 1887.03it/s]
 46%|████▌     | 4072/8810 [00:02<00:02, 2036.17it/s]
 49%|████▊     | 4279/8810 [00:02<00:02, 1981.06it/s]
 52%|█████▏    | 4549/8810 [00:02<00:01, 2170.57it/s]
 54%|█████▍    | 4769/8810 [00:02<00:02, 1959.70it/s]
 56%|█████▋    | 4971/8810 [00:02<00:02, 1797.71it/s]
 59%|█████▉    | 5219/8810 [00:02<00:01, 1971.10it/s]
 62%|██████▏   | 5423/8810 [00:02<00:01, 1852.81it/s]
 65%|██████▍   | 5721/8810 [00:02<00:01, 2149.35it/s]
 67%|██████▋   | 5944/8810 [00:03<00:01, 1893.67it/s]
 70%|██████▉   | 6144/8810 [00:03<00:01, 1838.08it/s]
 73%|███████▎  | 6400/8810 [00:03<00:01, 1867.90it/s]
 75%|███████▌  | 6635/8810 [00:03<00:01, 1986.75it/s]
 78%|███████▊  | 6909/8810 [00:03<00:00, 2186.80it/s]
 81%|████████  | 7134/8810 [00:03<00:00, 2051.54it/s]
 84%|████████▎ | 7360/8810 [00:03<00:00, 1972.89it/s]
 86%|████████▌ | 7562/8810 [00:03<00:00, 1962.12it/s]
 88%|████████▊ | 7762/8810 [00:03<00:00, 1877.61it/s]
 91%|█████████ | 8002/8810 [00:04<00:00, 2014.86it/s]
 93%|█████████▎| 8207/8810 [00:04<00:00, 1802.99it/s]
 95%|█████████▌| 8393/8810 [00:04<00:00, 1722.69it/s]
 98%|█████████▊| 8624/8810 [00:04<00:00, 1873.34it/s]
100%|██████████| 8810/8810 [00:04<00:00, 1939.92it/s]
