
  0%|          | 0/8810 [00:00<?, ?it/s]
  2%|▏         | 181/8810 [00:00<00:05, 1705.90it/s]
  5%|▌         | 444/8810 [00:00<00:03, 2227.47it/s]
  8%|▊         | 668/8810 [00:00<00:03, 2094.86it/s]
 10%|▉         | 879/8810 [00:00<00:03, 2064.87it/s]
 12%|█▏        | 1087/8810 [00:00<00:04, 1848.42it/s]
 15%|█▌        | 1325/8810 [00:00<00:03, 2010.48it/s]
 17%|█▋        | 1531/8810 [00:00<00:04, 1807.85it/s]
 20%|██        | 1784/8810 [00:00<00:03, 2000.69it/s]
 23%|██▎       | 1991/8810 [00:01<00:03, 1784.93it/s]
 25%|██▌       | 2229/8810 [00:01<00:03, 1938.34it/s]
 28%|██▊       | 2431/8810 [00:01<00:03, 1870.74it/s]
 31%|███       | 2690/8810 [00:01<00:02, 2064.93it/s]
 33%|███▎      | 2903/8810 [00:01<00:03, 1910.93it/s]
 35%|███▌      | 3100/8810 [00:01<00:03, 1827.91it/s]
 37%|███▋      | 3287/8810 [00:01<00:03, 1786.91it/s]
 39%|███▉      | 3469/8810 [00:01<00:03, 1722.65it/s]
 42%|████▏     | 3712/8810 [00:01<00:02, 1908.93it/s]
 44%|████▍     | 3907/8810 [00:02<00:02, 1794.92it/s]
 47%|████▋     | 4180/8810 [00:02<00:02, 1866.67it/s]
 51%|█████     | 4451/8810 [00:02<00:02, 2082.36it/s]
 53%|█████▎    | 4664/8810 [00:02<00:02, 1917.07it/s]
 55%|█████▌    | 4861/8810 [00:02<00:02, 1886.43it/s]
 57%|█████▋    | 5053/8810 [00:02<00:02, 1760.80it/s]
 60%|██████    | 5295/8810 [00:02<00:01, 1930.17it/s]
 62%|██████▏   | 5493/8810 [00:02<00:01, 1789.12it/s]
 65%|██████▌   | 5746/8810 [00:03<00:01, 1983.21it/s]
 68%|██████▊   | 5951/8810 [00:03<00:01, 1738.09it/s]
 70%|██████▉   | 6134/8810 [00:03<00:01, 1689.09it/s]
 72%|███████▏  | 6351/8810 [00:03<00:01, 1812.24it/s]
 74%|███████▍  | 6539/8810 [00:03<00:01, 1751.25it/s]
 77%|███████▋  | 6820/8810 [00:03<00:00, 2032.50it/s]
 80%|███████▉  | 7030/8810 [00:03<00:00, 1946.78it/s]
 82%|████████▏ | 7230/8810 [00:03<00:00, 1957.31it/s]
 84%|████████▍ | 7430/8810 [00:03<00:00, 1920.07it/s]
 87%|████████▋ | 7625/8810 [00:04<00:00, 1891.55it/s]
 89%|████████▊ | 7816/8810 [00:04<00:00, 1654.70it/s]
 91%|█████████ | 8004/8810 [00:04<00:00, 1705.19it/s]
 93%|█████████▎| 8180/8810 [00:04<00:00, 1569.90it/s]
 95%|█████████▍| 8361/8810 [00:04<00:00, 1500.57it/s]
 97%|█████████▋| 8544/8810 [00:04<00:00, 1584.17it/s]
 99%|█████████▉| 8707/8810 [00:04<00:00, 1551.03it/s]
100%|██████████| 8810/8810 [00:04<00:00, 1825.69it/s]
