
  0%|          | 0/8810 [00:00<?, ?it/s]
  2%|▏         | 181/8810 [00:00<00:05, 1564.20it/s]
  5%|▍         | 429/8810 [00:00<00:04, 2064.36it/s]
  7%|▋         | 656/8810 [00:00<00:04, 1887.25it/s]
 10%|▉         | 849/8810 [00:00<00:04, 1864.35it/s]
 12%|█▏        | 1038/8810 [00:00<00:04, 1730.87it/s]
 14%|█▍        | 1246/8810 [00:00<00:04, 1835.27it/s]
 16%|█▋        | 1447/8810 [00:00<00:03, 1885.76it/s]
 19%|█▊        | 1638/8810 [00:00<00:04, 1674.71it/s]
 21%|██        | 1821/8810 [00:01<00:04, 1639.50it/s]
 23%|██▎       | 2027/8810 [00:01<00:03, 1753.08it/s]
 25%|██▌       | 2225/8810 [00:01<00:03, 1816.45it/s]
 27%|██▋       | 2410/8810 [00:01<00:03, 1657.71it/s]
 30%|███       | 2655/8810 [00:01<00:03, 1869.69it/s]
 32%|███▏      | 2848/8810 [00:01<00:03, 1742.58it/s]
 35%|███▍      | 3041/8810 [00:01<00:03, 1789.21it/s]
 37%|███▋      | 3224/8810 [00:01<00:03, 1619.07it/s]
 39%|███▊      | 3410/8810 [00:01<00:03, 1555.69it/s]
 41%|████      | 3622/8810 [00:02<00:03, 1699.61it/s]
 43%|████▎     | 3798/8810 [00:02<00:03, 1632.91it/s]
 45%|████▌     | 3997/8810 [00:02<00:02, 1728.32it/s]
 47%|████▋     | 4180/8810 [00:02<00:02, 1686.66it/s]
 50%|█████     | 4412/8810 [00:02<00:02, 1860.47it/s]
 52%|█████▏    | 4602/8810 [00:02<00:02, 1810.34it/s]
 54%|█████▍    | 4786/8810 [00:02<00:02, 1608.93it/s]
 56%|█████▌    | 4953/8810 [00:02<00:02, 1476.94it/s]
 59%|█████▊    | 5166/8810 [00:03<00:02, 1641.59it/s]
 61%|██████    | 5372/8810 [00:03<00:02, 1601.46it/s]
 64%|██████▎   | 5597/8810 [00:03<00:01, 1767.06it/s]
 66%|██████▌   | 5780/8810 [00:03<00:01, 1719.68it/s]
 68%|██████▊   | 5957/8810 [00:03<00:01, 1668.20it/s]
 70%|██████▉   | 6127/8810 [00:03<00:01, 1587.59it/s]
 72%|███████▏  | 6328/8810 [00:03<00:01, 1699.12it/s]
 74%|███████▍  | 6501/8810 [00:03<00:01, 1549.52it/s]
 77%|███████▋  | 6758/8810 [00:03<00:01, 1812.96it/s]
 79%|███████▉  | 6972/8810 [00:04<00:01, 1755.35it/s]
 81%|████████▏ | 7162/8810 [00:04<00:00, 1792.73it/s]
 84%|████████▎ | 7360/8810 [00:04<00:00, 1703.57it/s]
 86%|████████▌ | 7534/8810 [00:04<00:00, 1672.30it/s]
 88%|████████▊ | 7715/8810 [00:04<00:00, 1658.08it/s]
 89%|████████▉ | 7884/8810 [00:04<00:00, 1662.05it/s]
 91%|█████████▏| 8052/8810 [00:04<00:00, 1460.29it/s]
 93%|█████████▎| 8214/8810 [00:04<00:00, 1500.69it/s]
 95%|█████████▍| 8368/8810 [00:04<00:00, 1446.62it/s]
 98%|█████████▊| 8590/8810 [00:05<00:00, 1654.07it/s]
 99%|█████████▉| 8760/8810 [00:05<00:00, 1512.37it/s]
100%|██████████| 8810/8810 [00:05<00:00, 1680.88it/s]
