
  0%|          | 0/8810 [00:00<?, ?it/s]
  2%|▏         | 181/8810 [00:00<00:06, 1314.44it/s]
  4%|▍         | 393/8810 [00:00<00:04, 1713.54it/s]
  7%|▋         | 576/8810 [00:00<00:04, 1760.69it/s]
  9%|▊         | 756/8810 [00:00<00:05, 1445.94it/s]
 10%|█         | 909/8810 [00:00<00:05, 1457.95it/s]
 12%|█▏        | 1061/8810 [00:00<00:05, 1450.02it/s]
 14%|█▍        | 1256/8810 [00:00<00:04, 1596.31it/s]
 16%|█▋        | 1449/8810 [00:00<00:04, 1690.13it/s]
 18%|█▊        | 1622/8810 [00:01<00:04, 1484.99it/s]
 20%|██        | 1777/8810 [00:01<00:04, 1476.05it/s]
 22%|██▏       | 1929/8810 [00:01<00:05, 1312.62it/s]
 24%|██▍       | 2142/8810 [00:01<00:04, 1521.19it/s]
 26%|██▌       | 2302/8810 [00:01<00:05, 1229.91it/s]
 28%|██▊       | 2472/8810 [00:01<00:04, 1338.37it/s]
 30%|██▉       | 2642/8810 [00:01<00:04, 1424.78it/s]
 32%|███▏      | 2795/8810 [00:01<00:04, 1334.07it/s]
 34%|███▍      | 2985/8810 [00:02<00:03, 1476.74it/s]
 36%|███▌      | 3141/8810 [00:02<00:03, 1428.27it/s]
 37%|███▋      | 3290/8810 [00:02<00:03, 1434.25it/s]
 39%|███▉      | 3438/8810 [00:02<00:03, 1367.21it/s]
 41%|████      | 3623/8810 [00:02<00:03, 1493.75it/s]
 43%|████▎     | 3776/8810 [00:02<00:03, 1463.72it/s]
 45%|████▌     | 3970/8810 [00:02<00:03, 1592.56it/s]
 47%|████▋     | 4180/8810 [00:02<00:02, 1556.83it/s]
 50%|█████     | 4409/8810 [00:02<00:02, 1748.43it/s]
 52%|█████▏    | 4588/8810 [00:03<00:02, 1750.34it/s]
 54%|█████▍    | 4766/8810 [00:03<00:02, 1555.31it/s]
 56%|█████▌    | 4927/8810 [00:03<00:02, 1561.21it/s]
 58%|█████▊    | 5087/8810 [00:03<00:02, 1441.07it/s]
 60%|█████▉    | 5277/8810 [00:03<00:02, 1561.14it/s]
 62%|██████▏   | 5438/8810 [00:03<00:02, 1463.04it/s]
 64%|██████▍   | 5653/8810 [00:03<00:01, 1643.74it/s]
 66%|██████▌   | 5823/8810 [00:03<00:01, 1554.93it/s]
 68%|██████▊   | 5983/8810 [00:04<00:01, 1463.52it/s]
 70%|██████▉   | 6133/8810 [00:04<00:01, 1338.83it/s]
 72%|███████▏  | 6332/8810 [00:04<00:01, 1503.19it/s]
 74%|███████▎  | 6488/8810 [00:04<00:01, 1405.11it/s]
 76%|███████▋  | 6725/8810 [00:04<00:01, 1652.28it/s]
 78%|███████▊  | 6910/8810 [00:04<00:01, 1705.66it/s]
 80%|████████  | 7086/8810 [00:04<00:01, 1567.24it/s]
 82%|████████▏ | 7249/8810 [00:04<00:01, 1482.94it/s]
 84%|████████▍ | 7402/8810 [00:04<00:00, 1480.59it/s]
 86%|████████▌ | 7553/8810 [00:05<00:00, 1437.80it/s]
 88%|████████▊ | 7715/8810 [00:05<00:00, 1387.86it/s]
 89%|████████▉ | 7856/8810 [00:05<00:00, 1373.41it/s]
 91%|█████████ | 8011/8810 [00:05<00:00, 1417.08it/s]
 93%|█████████▎| 8154/8810 [00:05<00:00, 1330.26it/s]
 95%|█████████▍| 8327/8810 [00:05<00:00, 1437.99it/s]
 96%|█████████▌| 8473/8810 [00:05<00:00, 1351.58it/s]
 98%|█████████▊| 8633/8810 [00:05<00:00, 1418.79it/s]
100%|█████████▉| 8778/8810 [00:05<00:00, 1353.29it/s]
100%|██████████| 8810/8810 [00:05<00:00, 1476.28it/s]
