
  0%|          | 0/8810 [00:00<?, ?it/s]
  2%|▏         | 181/8810 [00:00<00:05, 1629.50it/s]
  5%|▍         | 421/8810 [00:00<00:04, 2062.68it/s]
  7%|▋         | 656/8810 [00:00<00:04, 1908.75it/s]
 10%|▉         | 850/8810 [00:00<00:04, 1891.02it/s]
 12%|█▏        | 1041/8810 [00:00<00:04, 1650.98it/s]
 14%|█▍        | 1258/8810 [00:00<00:04, 1801.45it/s]
 17%|█▋        | 1457/8810 [00:00<00:04, 1713.40it/s]
 19%|█▉        | 1698/8810 [00:00<00:03, 1908.20it/s]
 22%|██▏       | 1895/8810 [00:01<00:03, 1740.66it/s]
 25%|██▍       | 2176/8810 [00:01<00:03, 2024.53it/s]
 27%|██▋       | 2387/8810 [00:01<00:03, 1858.44it/s]
 30%|███       | 2655/8810 [00:01<00:02, 2072.11it/s]
 33%|███▎      | 2871/8810 [00:01<00:03, 1955.27it/s]
 35%|███▍      | 3073/8810 [00:01<00:03, 1792.79it/s]
 37%|███▋      | 3276/8810 [00:01<00:02, 1853.22it/s]
 39%|███▉      | 3467/8810 [00:01<00:03, 1712.65it/s]
 42%|████▏     | 3708/8810 [00:01<00:02, 1891.50it/s]
 44%|████▍     | 3904/8810 [00:02<00:02, 1746.80it/s]
 47%|████▋     | 4176/8810 [00:02<00:02, 1995.95it/s]
 50%|████▉     | 4384/8810 [00:02<00:02, 1931.78it/s]
 52%|█████▏    | 4586/8810 [00:02<00:02, 1954.46it/s]
 54%|█████▍    | 4786/8810 [00:02<00:02, 1763.11it/s]
 56%|█████▋    | 4968/8810 [00:02<00:02, 1603.06it/s]
 59%|█████▊    | 5170/8810 [00:02<00:02, 1707.45it/s]
 61%|██████    | 5372/8810 [00:02<00:02, 1657.89it/s]
 63%|██████▎   | 5575/8810 [00:03<00:01, 1753.85it/s]
 65%|██████▌   | 5755/8810 [00:03<00:01, 1750.68it/s]
 67%|██████▋   | 5934/8810 [00:03<00:01, 1732.15it/s]
 69%|██████▉   | 6110/8810 [00:03<00:01, 1710.13it/s]
 72%|███████▏  | 6314/8810 [00:03<00:01, 1798.48it/s]
 74%|███████▎  | 6496/8810 [00:03<00:01, 1653.77it/s]
 77%|███████▋  | 6770/8810 [00:03<00:01, 1945.66it/s]
 79%|███████▉  | 6972/8810 [00:03<00:00, 1866.66it/s]
 82%|████████▏ | 7187/8810 [00:03<00:00, 1943.24it/s]
 84%|████████▍ | 7385/8810 [00:04<00:00, 1904.39it/s]
 86%|████████▌ | 7578/8810 [00:04<00:00, 1838.98it/s]
 88%|████████▊ | 7764/8810 [00:04<00:00, 1744.21it/s]
 90%|█████████ | 7945/8810 [00:04<00:00, 1756.00it/s]
 92%|█████████▏| 8122/8810 [00:04<00:00, 1601.64it/s]
 95%|█████████▍| 8338/8810 [00:04<00:00, 1747.03it/s]
 97%|█████████▋| 8517/8810 [00:04<00:00, 1645.32it/s]
 99%|█████████▉| 8702/8810 [00:04<00:00, 1613.19it/s]
100%|██████████| 8810/8810 [00:04<00:00, 1794.76it/s]
