
  0%|          | 0/8810 [00:00<?, ?it/s]
  2%|▏         | 181/8810 [00:00<00:05, 1485.64it/s]
  5%|▍         | 434/8810 [00:00<00:04, 2042.31it/s]
  7%|▋         | 656/8810 [00:00<00:04, 1988.76it/s]
 10%|▉         | 865/8810 [00:00<00:03, 2020.11it/s]
 12%|█▏        | 1069/8810 [00:00<00:04, 1880.61it/s]
 15%|█▍        | 1279/8810 [00:00<00:03, 1949.09it/s]
 17%|█▋        | 1477/8810 [00:00<00:04, 1772.04it/s]
 19%|█▉        | 1661/8810 [00:00<00:03, 1790.40it/s]
 21%|██        | 1843/8810 [00:01<00:04, 1659.63it/s]
 23%|██▎       | 2063/8810 [00:01<00:03, 1806.61it/s]
 26%|██▌       | 2263/8810 [00:01<00:03, 1717.31it/s]
 28%|██▊       | 2490/8810 [00:01<00:03, 1863.50it/s]
 31%|███       | 2744/8810 [00:01<00:03, 1887.40it/s]
 33%|███▎      | 2936/8810 [00:01<00:03, 1840.66it/s]
 35%|███▌      | 3122/8810 [00:01<00:03, 1729.32it/s]
 37%|███▋      | 3297/8810 [00:01<00:03, 1578.55it/s]
 39%|███▉      | 3460/8810 [00:01<00:03, 1589.62it/s]
 42%|████▏     | 3672/8810 [00:02<00:02, 1728.95it/s]
 44%|████▎     | 3848/8810 [00:02<00:03, 1598.48it/s]
 46%|████▋     | 4083/8810 [00:02<00:02, 1796.01it/s]
 48%|████▊     | 4268/8810 [00:02<00:02, 1578.77it/s]
 50%|█████     | 4443/8810 [00:02<00:02, 1620.10it/s]
 52%|█████▏    | 4611/8810 [00:02<00:02, 1501.82it/s]
 54%|█████▍    | 4767/8810 [00:02<00:02, 1390.41it/s]
 56%|█████▌    | 4928/8810 [00:02<00:02, 1445.71it/s]
 58%|█████▊    | 5077/8810 [00:03<00:02, 1415.57it/s]
 60%|█████▉    | 5250/8810 [00:03<00:02, 1498.99it/s]
 61%|██████▏   | 5403/8810 [00:03<00:02, 1434.15it/s]
 64%|██████▍   | 5634/8810 [00:03<00:01, 1671.04it/s]
 66%|██████▌   | 5819/8810 [00:03<00:01, 1717.27it/s]
 68%|██████▊   | 6005/8810 [00:03<00:01, 1757.17it/s]
 70%|███████   | 6183/8810 [00:03<00:01, 1747.06it/s]
 73%|███████▎  | 6400/8810 [00:03<00:01, 1775.16it/s]
 76%|███████▌  | 6673/8810 [00:03<00:01, 2044.42it/s]
 79%|███████▊  | 6936/8810 [00:03<00:00, 2211.69it/s]
 81%|████████▏ | 7160/8810 [00:04<00:00, 2060.49it/s]
 84%|████████▎ | 7370/8810 [00:04<00:00, 2043.62it/s]
 86%|████████▌ | 7577/8810 [00:04<00:00, 2037.16it/s]
 88%|████████▊ | 7783/8810 [00:04<00:00, 1924.88it/s]
 91%|█████████ | 7998/8810 [00:04<00:00, 1982.28it/s]
 93%|█████████▎| 8199/8810 [00:04<00:00, 1778.03it/s]
 95%|█████████▌| 8382/8810 [00:04<00:00, 1698.79it/s]
 98%|█████████▊| 8613/8810 [00:04<00:00, 1856.52it/s]
100%|█████████▉| 8804/8810 [00:05<00:00, 1807.96it/s]
100%|██████████| 8810/8810 [00:05<00:00, 1760.59it/s]
