
  0%|          | 0/8810 [00:00<?, ?it/s]
  2%|▏         | 181/8810 [00:00<00:06, 1315.22it/s]
  4%|▍         | 368/8810 [00:00<00:05, 1593.69it/s]
  7%|▋         | 597/8810 [00:00<00:04, 1882.48it/s]
  9%|▉         | 790/8810 [00:00<00:05, 1558.85it/s]
 11%|█         | 960/8810 [00:00<00:04, 1594.99it/s]
 13%|█▎        | 1126/8810 [00:00<00:05, 1479.27it/s]
 15%|█▍        | 1317/8810 [00:00<00:04, 1601.17it/s]
 17%|█▋        | 1483/8810 [00:00<00:04, 1473.24it/s]
 19%|█▉        | 1690/8810 [00:01<00:04, 1635.59it/s]
 21%|██        | 1860/8810 [00:01<00:04, 1447.22it/s]
 23%|██▎       | 2049/8810 [00:01<00:04, 1556.51it/s]
 25%|██▌       | 2241/8810 [00:01<00:03, 1654.37it/s]
 27%|██▋       | 2413/8810 [00:01<00:04, 1507.03it/s]
 30%|███       | 2659/8810 [00:01<00:03, 1750.88it/s]
 32%|███▏      | 2842/8810 [00:01<00:03, 1565.81it/s]
 34%|███▍      | 3007/8810 [00:01<00:03, 1579.98it/s]
 36%|███▌      | 3171/8810 [00:02<00:03, 1486.98it/s]
 38%|███▊      | 3325/8810 [00:02<00:03, 1494.97it/s]
 39%|███▉      | 3478/8810 [00:02<00:03, 1425.98it/s]
 42%|████▏     | 3691/8810 [00:02<00:03, 1614.32it/s]
 44%|████▍     | 3857/8810 [00:02<00:03, 1446.62it/s]
 46%|████▋     | 4083/8810 [00:02<00:02, 1653.42it/s]
 48%|████▊     | 4256/8810 [00:02<00:02, 1601.01it/s]
 51%|█████     | 4470/8810 [00:02<00:02, 1746.15it/s]
 53%|█████▎    | 4650/8810 [00:02<00:02, 1601.20it/s]
 55%|█████▍    | 4829/8810 [00:03<00:02, 1649.60it/s]
 57%|█████▋    | 4999/8810 [00:03<00:02, 1482.28it/s]
 59%|█████▊    | 5173/8810 [00:03<00:02, 1546.51it/s]
 61%|██████    | 5372/8810 [00:03<00:02, 1509.67it/s]
 63%|██████▎   | 5564/8810 [00:03<00:02, 1614.84it/s]
 65%|██████▌   | 5754/8810 [00:03<00:01, 1577.07it/s]
 67%|██████▋   | 5915/8810 [00:03<00:01, 1507.17it/s]
 69%|██████▉   | 6069/8810 [00:03<00:01, 1425.82it/s]
 71%|███████   | 6253/8810 [00:04<00:01, 1533.91it/s]
 73%|███████▎  | 6410/8810 [00:04<00:01, 1359.02it/s]
 75%|███████▍  | 6597/8810 [00:04<00:01, 1487.83it/s]
 78%|███████▊  | 6832/8810 [00:04<00:01, 1716.88it/s]
 80%|███████▉  | 7011/8810 [00:04<00:01, 1626.75it/s]
 81%|████████▏ | 7180/8810 [00:04<00:00, 1636.71it/s]
 83%|████████▎ | 7348/8810 [00:04<00:00, 1549.62it/s]
 85%|████████▌ | 7507/8810 [00:04<00:00, 1357.64it/s]
 87%|████████▋ | 7680/8810 [00:04<00:00, 1447.57it/s]
 89%|████████▉ | 7831/8810 [00:05<00:00, 1237.62it/s]
 91%|█████████ | 7985/8810 [00:05<00:00, 1310.13it/s]
 92%|█████████▏| 8124/8810 [00:05<00:00, 1224.31it/s]
 94%|█████████▍| 8318/8810 [00:05<00:00, 1400.41it/s]
 96%|█████████▌| 8466/8810 [00:05<00:00, 1336.09it/s]
 98%|█████████▊| 8649/8810 [00:05<00:00, 1463.23it/s]
100%|█████████▉| 8801/8810 [00:05<00:00, 1428.72it/s]
100%|██████████| 8810/8810 [00:05<00:00, 1515.71it/s]
