
  0%|          | 0/8810 [00:00<?, ?it/s]
  2%|▏         | 181/8810 [00:00<00:05, 1682.38it/s]
  5%|▍         | 435/8810 [00:00<00:03, 2152.12it/s]
  7%|▋         | 656/8810 [00:00<00:03, 2136.57it/s]
 10%|▉         | 871/8810 [00:00<00:03, 2084.98it/s]
 12%|█▏        | 1080/8810 [00:00<00:03, 1942.65it/s]
 15%|█▍        | 1289/8810 [00:00<00:03, 1985.46it/s]
 17%|█▋        | 1489/8810 [00:00<00:04, 1797.77it/s]
 19%|█▉        | 1690/8810 [00:00<00:03, 1857.77it/s]
 21%|██▏       | 1879/8810 [00:01<00:04, 1636.32it/s]
 24%|██▍       | 2125/8810 [00:01<00:03, 1853.30it/s]
 26%|██▋       | 2318/8810 [00:01<00:03, 1700.37it/s]
 29%|██▉       | 2563/8810 [00:01<00:03, 1894.52it/s]
 31%|███▏      | 2761/8810 [00:01<00:03, 1879.00it/s]
 34%|███▎      | 2970/8810 [00:01<00:03, 1937.02it/s]
 36%|███▌      | 3168/8810 [00:01<00:03, 1744.40it/s]
 38%|███▊      | 3349/8810 [00:01<00:03, 1612.49it/s]
 40%|███▉      | 3516/8810 [00:01<00:03, 1558.54it/s]
 43%|████▎     | 3753/8810 [00:02<00:02, 1768.19it/s]
 45%|████▍     | 3936/8810 [00:02<00:02, 1650.36it/s]
 47%|████▋     | 4176/8810 [00:02<00:02, 1840.26it/s]
 50%|████▉     | 4366/8810 [00:02<00:02, 1655.61it/s]
 52%|█████▏    | 4539/8810 [00:02<00:02, 1638.41it/s]
 53%|█████▎    | 4708/8810 [00:02<00:03, 1334.80it/s]
 55%|█████▌    | 4872/8810 [00:02<00:02, 1404.43it/s]
 57%|█████▋    | 5023/8810 [00:02<00:02, 1345.27it/s]
 59%|█████▉    | 5204/8810 [00:03<00:02, 1460.38it/s]
 61%|██████    | 5372/8810 [00:03<00:02, 1458.65it/s]
 63%|██████▎   | 5563/8810 [00:03<00:02, 1576.94it/s]
 65%|██████▌   | 5754/8810 [00:03<00:01, 1638.90it/s]
 67%|██████▋   | 5922/8810 [00:03<00:01, 1635.07it/s]
 69%|██████▉   | 6089/8810 [00:03<00:01, 1602.91it/s]
 72%|███████▏  | 6314/8810 [00:03<00:01, 1785.06it/s]
 74%|███████▎  | 6495/8810 [00:03<00:01, 1725.20it/s]
 77%|███████▋  | 6801/8810 [00:03<00:00, 2103.29it/s]
 80%|███████▉  | 7015/8810 [00:04<00:00, 2048.88it/s]
 82%|████████▏ | 7223/8810 [00:04<00:00, 2032.80it/s]
 84%|████████▍ | 7439/8810 [00:04<00:00, 2067.71it/s]
 87%|████████▋ | 7658/8810 [00:04<00:00, 2101.53it/s]
 89%|████████▉ | 7870/8810 [00:04<00:00, 1848.58it/s]
 91%|█████████▏| 8061/8810 [00:04<00:00, 1696.95it/s]
 94%|█████████▎| 8258/8810 [00:04<00:00, 1760.48it/s]
 96%|█████████▌| 8440/8810 [00:04<00:00, 1665.01it/s]
 98%|█████████▊| 8663/8810 [00:04<00:00, 1814.67it/s]
100%|██████████| 8810/8810 [00:05<00:00, 1751.78it/s]
