
  0%|          | 0/8810 [00:00<?, ?it/s]
  2%|▏         | 181/8810 [00:00<00:04, 1730.28it/s]
  5%|▌         | 460/8810 [00:00<00:03, 2341.17it/s]
  8%|▊         | 696/8810 [00:00<00:03, 2297.93it/s]
 11%|█         | 927/8810 [00:00<00:03, 2214.49it/s]
 13%|█▎        | 1150/8810 [00:00<00:03, 2030.94it/s]
 16%|█▌        | 1390/8810 [00:00<00:03, 2145.91it/s]
 18%|█▊        | 1608/8810 [00:00<00:03, 1978.64it/s]
 21%|██        | 1821/8810 [00:00<00:03, 1961.10it/s]
 23%|██▎       | 2055/8810 [00:00<00:03, 2067.19it/s]
 26%|██▌       | 2265/8810 [00:01<00:03, 1928.32it/s]
 29%|██▉       | 2548/8810 [00:01<00:02, 2175.63it/s]
 31%|███▏      | 2771/8810 [00:01<00:02, 2106.07it/s]
 34%|███▍      | 2985/8810 [00:01<00:02, 2081.33it/s]
 36%|███▋      | 3196/8810 [00:01<00:02, 1886.48it/s]
 39%|███▊      | 3392/8810 [00:01<00:02, 1898.47it/s]
 41%|████      | 3586/8810 [00:01<00:02, 1833.84it/s]
 43%|████▎     | 3774/8810 [00:01<00:02, 1821.39it/s]
 46%|████▌     | 4035/8810 [00:01<00:02, 2038.17it/s]
 48%|████▊     | 4242/8810 [00:02<00:02, 1991.42it/s]
 51%|█████     | 4493/8810 [00:02<00:02, 2136.12it/s]
 53%|█████▎    | 4709/8810 [00:02<00:02, 1867.37it/s]
 56%|█████▌    | 4918/8810 [00:02<00:02, 1924.98it/s]
 58%|█████▊    | 5117/8810 [00:02<00:02, 1828.38it/s]
 61%|██████    | 5338/8810 [00:02<00:01, 1929.87it/s]
 63%|██████▎   | 5536/8810 [00:02<00:01, 1897.11it/s]
 65%|██████▌   | 5754/8810 [00:02<00:01, 1881.83it/s]
 67%|██████▋   | 5945/8810 [00:03<00:01, 1798.13it/s]
 70%|██████▉   | 6127/8810 [00:03<00:01, 1754.27it/s]
 72%|███████▏  | 6376/8810 [00:03<00:01, 1955.18it/s]
 75%|███████▍  | 6575/8810 [00:03<00:01, 1853.61it/s]
 78%|███████▊  | 6853/8810 [00:03<00:00, 2106.43it/s]
 80%|████████  | 7068/8810 [00:03<00:00, 2031.17it/s]
 83%|████████▎ | 7275/8810 [00:03<00:00, 2025.73it/s]
 85%|████████▍ | 7480/8810 [00:03<00:00, 1852.41it/s]
 87%|████████▋ | 7704/8810 [00:03<00:00, 1953.04it/s]
 90%|████████▉ | 7904/8810 [00:04<00:00, 1773.30it/s]
 92%|█████████▏| 8087/8810 [00:04<00:00, 1649.38it/s]
 94%|█████████▍| 8284/8810 [00:04<00:00, 1731.06it/s]
 96%|█████████▌| 8462/8810 [00:04<00:00, 1611.60it/s]
 99%|█████████▉| 8700/8810 [00:04<00:00, 1809.58it/s]
100%|██████████| 8810/8810 [00:04<00:00, 1917.08it/s]
