
  0%|          | 0/8810 [00:00<?, ?it/s]
  2%|▏         | 181/8810 [00:00<00:05, 1638.57it/s]
  5%|▍         | 423/8810 [00:00<00:04, 2065.99it/s]
  7%|▋         | 656/8810 [00:00<00:04, 1999.40it/s]
 10%|█         | 901/8810 [00:00<00:03, 2163.77it/s]
 13%|█▎        | 1120/8810 [00:00<00:03, 1992.61it/s]
 15%|█▌        | 1339/8810 [00:00<00:03, 2050.58it/s]
 18%|█▊        | 1547/8810 [00:00<00:03, 1859.27it/s]
 20%|██        | 1778/8810 [00:00<00:03, 1984.84it/s]
 22%|██▏       | 1981/8810 [00:01<00:03, 1827.21it/s]
 25%|██▌       | 2229/8810 [00:01<00:03, 2000.08it/s]
 28%|██▊       | 2435/8810 [00:01<00:03, 1966.30it/s]
 30%|███       | 2679/8810 [00:01<00:02, 2098.58it/s]
 33%|███▎      | 2893/8810 [00:01<00:02, 2013.13it/s]
 35%|███▌      | 3098/8810 [00:01<00:02, 1936.97it/s]
 38%|███▊      | 3313/8810 [00:01<00:02, 1993.12it/s]
 40%|███▉      | 3515/8810 [00:01<00:02, 1843.14it/s]
 43%|████▎     | 3768/8810 [00:01<00:02, 2027.26it/s]
 45%|████▌     | 3975/8810 [00:02<00:02, 1895.86it/s]
 47%|████▋     | 4180/8810 [00:02<00:02, 1889.36it/s]
 50%|█████     | 4445/8810 [00:02<00:02, 2096.57it/s]
 53%|█████▎    | 4659/8810 [00:02<00:02, 1911.96it/s]
 55%|█████▌    | 4856/8810 [00:02<00:02, 1814.37it/s]
 57%|█████▋    | 5042/8810 [00:02<00:02, 1659.69it/s]
 60%|█████▉    | 5254/8810 [00:02<00:02, 1775.39it/s]
 62%|██████▏   | 5437/8810 [00:02<00:02, 1624.53it/s]
 64%|██████▍   | 5680/8810 [00:02<00:01, 1831.15it/s]
 67%|██████▋   | 5871/8810 [00:03<00:01, 1621.52it/s]
 69%|██████▊   | 6042/8810 [00:03<00:02, 1347.35it/s]
 70%|███████   | 6203/8810 [00:03<00:01, 1405.80it/s]
 72%|███████▏  | 6369/8810 [00:03<00:01, 1466.78it/s]
 74%|███████▍  | 6525/8810 [00:03<00:01, 1356.30it/s]
 77%|███████▋  | 6747/8810 [00:03<00:01, 1572.26it/s]
 79%|███████▉  | 6949/8810 [00:03<00:01, 1688.54it/s]
 81%|████████  | 7126/8810 [00:03<00:01, 1529.20it/s]
 83%|████████▎ | 7293/8810 [00:04<00:00, 1562.19it/s]
 85%|████████▍ | 7456/8810 [00:04<00:00, 1428.66it/s]
 86%|████████▋ | 7605/8810 [00:04<00:00, 1403.58it/s]
 88%|████████▊ | 7750/8810 [00:04<00:00, 1314.99it/s]
 90%|████████▉ | 7909/8810 [00:04<00:00, 1385.07it/s]
 91%|█████████▏| 8051/8810 [00:04<00:00, 1211.33it/s]
 93%|█████████▎| 8207/8810 [00:04<00:00, 1298.02it/s]
 95%|█████████▍| 8361/8810 [00:04<00:00, 1288.69it/s]
 97%|█████████▋| 8541/8810 [00:05<00:00, 1420.85it/s]
 99%|█████████▉| 8702/8810 [00:05<00:00, 1386.57it/s]
100%|██████████| 8810/8810 [00:05<00:00, 1685.67it/s]
