
  0%|          | 0/8810 [00:00<?, ?it/s]
  2%|▏         | 144/8810 [00:00<00:06, 1436.17it/s]
  3%|▎         | 288/8810 [00:00<00:06, 1285.42it/s]
  6%|▌         | 485/8810 [00:00<00:05, 1578.26it/s]
  7%|▋         | 656/8810 [00:00<00:05, 1479.51it/s]
  9%|▉         | 828/8810 [00:00<00:05, 1554.68it/s]
 11%|█▏        | 994/8810 [00:00<00:04, 1582.39it/s]
 13%|█▎        | 1154/8810 [00:00<00:05, 1458.65it/s]
 15%|█▌        | 1333/8810 [00:00<00:04, 1550.91it/s]
 17%|█▋        | 1491/8810 [00:01<00:05, 1400.59it/s]
 19%|█▉        | 1669/8810 [00:01<00:04, 1502.29it/s]
 21%|██        | 1824/8810 [00:01<00:04, 1420.30it/s]
 23%|██▎       | 1989/8810 [00:01<00:04, 1480.98it/s]
 25%|██▍       | 2197/8810 [00:01<00:04, 1648.45it/s]
 27%|██▋       | 2366/8810 [00:01<00:04, 1442.54it/s]
 30%|██▉       | 2604/8810 [00:01<00:03, 1685.53it/s]
 32%|███▏      | 2781/8810 [00:01<00:04, 1458.29it/s]
 33%|███▎      | 2941/8810 [00:01<00:03, 1491.54it/s]
 35%|███▌      | 3099/8810 [00:02<00:03, 1469.72it/s]
 37%|███▋      | 3252/8810 [00:02<00:03, 1397.52it/s]
 39%|███▊      | 3397/8810 [00:02<00:03, 1410.48it/s]
 40%|████      | 3542/8810 [00:02<00:04, 1237.35it/s]
 42%|████▏     | 3720/8810 [00:02<00:03, 1373.76it/s]
 44%|████▍     | 3864/8810 [00:02<00:03, 1298.76it/s]
 46%|████▌     | 4065/8810 [00:02<00:03, 1482.00it/s]
 48%|████▊     | 4220/8810 [00:02<00:03, 1453.32it/s]
 50%|█████     | 4428/8810 [00:02<00:02, 1623.64it/s]
 52%|█████▏    | 4601/8810 [00:03<00:02, 1652.85it/s]
 54%|█████▍    | 4770/8810 [00:03<00:02, 1487.34it/s]
 56%|█████▌    | 4928/8810 [00:03<00:02, 1511.99it/s]
 58%|█████▊    | 5084/8810 [00:03<00:02, 1398.55it/s]
 60%|█████▉    | 5261/8810 [00:03<00:02, 1495.50it/s]
 61%|██████▏   | 5415/8810 [00:03<00:02, 1351.97it/s]
 63%|██████▎   | 5586/8810 [00:03<00:02, 1442.56it/s]
 65%|██████▌   | 5754/8810 [00:03<00:02, 1382.67it/s]
 67%|██████▋   | 5897/8810 [00:04<00:02, 1358.48it/s]
 69%|██████▊   | 6036/8810 [00:04<00:02, 1220.74it/s]
 71%|███████   | 6223/8810 [00:04<00:01, 1383.50it/s]
 73%|███████▎  | 6399/8810 [00:04<00:01, 1483.20it/s]
 74%|███████▍  | 6553/8810 [00:04<00:01, 1403.52it/s]
 77%|███████▋  | 6750/8810 [00:04<00:01, 1547.90it/s]
 79%|███████▉  | 6940/8810 [00:04<00:01, 1643.58it/s]
 81%|████████  | 7109/8810 [00:04<00:01, 1506.34it/s]
 83%|████████▎ | 7275/8810 [00:04<00:00, 1546.78it/s]
 84%|████████▍ | 7434/8810 [00:05<00:00, 1491.03it/s]
 86%|████████▌ | 7586/8810 [00:05<00:00, 1439.47it/s]
 88%|████████▊ | 7732/8810 [00:05<00:00, 1418.89it/s]
 90%|████████▉ | 7918/8810 [00:05<00:00, 1535.88it/s]
 92%|█████████▏| 8074/8810 [00:05<00:00, 1337.52it/s]
 93%|█████████▎| 8223/8810 [00:05<00:00, 1374.61it/s]
 95%|█████████▍| 8365/8810 [00:05<00:00, 1346.58it/s]
 97%|█████████▋| 8549/8810 [00:05<00:00, 1481.01it/s]
 99%|█████████▉| 8702/8810 [00:05<00:00, 1412.23it/s]
100%|██████████| 8810/8810 [00:06<00:00, 1459.86it/s]
