
  0%|          | 0/8810 [00:00<?, ?it/s]
  2%|▏         | 181/8810 [00:00<00:06, 1292.24it/s]
  5%|▍         | 397/8810 [00:00<00:04, 1730.09it/s]
  7%|▋         | 611/8810 [00:00<00:04, 1889.99it/s]
  9%|▉         | 806/8810 [00:00<00:04, 1606.95it/s]
 11%|█         | 975/8810 [00:00<00:04, 1570.74it/s]
 13%|█▎        | 1137/8810 [00:00<00:05, 1451.27it/s]
 15%|█▌        | 1340/8810 [00:00<00:04, 1601.31it/s]
 17%|█▋        | 1505/8810 [00:00<00:04, 1493.29it/s]
 19%|█▉        | 1697/8810 [00:01<00:04, 1609.07it/s]
 21%|██        | 1863/8810 [00:01<00:04, 1424.52it/s]
 23%|██▎       | 2068/8810 [00:01<00:04, 1576.74it/s]
 26%|██▌       | 2263/8810 [00:01<00:04, 1505.66it/s]
 28%|██▊       | 2440/8810 [00:01<00:04, 1572.08it/s]
 30%|███       | 2669/8810 [00:01<00:03, 1764.26it/s]
 32%|███▏      | 2852/8810 [00:01<00:03, 1608.17it/s]
 34%|███▍      | 3019/8810 [00:01<00:03, 1578.81it/s]
 36%|███▌      | 3181/8810 [00:02<00:03, 1450.73it/s]
 38%|███▊      | 3342/8810 [00:02<00:03, 1490.43it/s]
 40%|███▉      | 3495/8810 [00:02<00:03, 1396.49it/s]
 42%|████▏     | 3709/8810 [00:02<00:03, 1590.96it/s]
 44%|████▍     | 3873/8810 [00:02<00:03, 1442.77it/s]
 46%|████▋     | 4092/8810 [00:02<00:02, 1634.66it/s]
 48%|████▊     | 4263/8810 [00:02<00:02, 1579.99it/s]
 51%|█████     | 4472/8810 [00:02<00:02, 1712.36it/s]
 53%|█████▎    | 4648/8810 [00:02<00:02, 1580.44it/s]
 55%|█████▍    | 4824/8810 [00:03<00:02, 1626.89it/s]
 57%|█████▋    | 4991/8810 [00:03<00:02, 1447.04it/s]
 59%|█████▊    | 5174/8810 [00:03<00:02, 1540.33it/s]
 61%|██████    | 5372/8810 [00:03<00:02, 1488.59it/s]
 63%|██████▎   | 5553/8810 [00:03<00:02, 1566.80it/s]
 65%|██████▌   | 5754/8810 [00:03<00:01, 1535.36it/s]
 67%|██████▋   | 5911/8810 [00:03<00:01, 1477.35it/s]
 69%|██████▉   | 6061/8810 [00:03<00:01, 1393.01it/s]
 71%|███████   | 6253/8810 [00:04<00:01, 1527.08it/s]
 73%|███████▎  | 6409/8810 [00:04<00:01, 1395.65it/s]
 75%|███████▍  | 6605/8810 [00:04<00:01, 1539.59it/s]
 77%|███████▋  | 6825/8810 [00:04<00:01, 1717.00it/s]
 79%|███████▉  | 7002/8810 [00:04<00:01, 1653.78it/s]
 81%|████████▏ | 7172/8810 [00:04<00:01, 1615.70it/s]
 83%|████████▎ | 7337/8810 [00:04<00:00, 1532.31it/s]
 85%|████████▌ | 7493/8810 [00:04<00:00, 1385.51it/s]
 87%|████████▋ | 7665/8810 [00:04<00:00, 1469.53it/s]
 89%|████████▊ | 7816/8810 [00:05<00:00, 1273.20it/s]
 91%|█████████ | 7975/8810 [00:05<00:00, 1348.60it/s]
 92%|█████████▏| 8116/8810 [00:05<00:00, 1218.75it/s]
 94%|█████████▍| 8306/8810 [00:05<00:00, 1387.12it/s]
 96%|█████████▌| 8452/8810 [00:05<00:00, 1304.42it/s]
 98%|█████████▊| 8640/8810 [00:05<00:00, 1453.10it/s]
100%|█████████▉| 8792/8810 [00:05<00:00, 1387.78it/s]
100%|██████████| 8810/8810 [00:05<00:00, 1508.33it/s]
