
  0%|          | 0/8810 [00:00<?, ?it/s]
  2%|▏         | 181/8810 [00:00<00:05, 1536.81it/s]
  5%|▍         | 434/8810 [00:00<00:04, 2075.18it/s]
  7%|▋         | 656/8810 [00:00<00:04, 1947.71it/s]
 10%|▉         | 854/8810 [00:00<00:04, 1938.58it/s]
 12%|█▏        | 1050/8810 [00:00<00:04, 1761.07it/s]
 14%|█▍        | 1271/8810 [00:00<00:03, 1892.37it/s]
 17%|█▋        | 1464/8810 [00:00<00:04, 1708.90it/s]
 19%|█▉        | 1669/8810 [00:00<00:03, 1803.82it/s]
 21%|██        | 1854/8810 [00:01<00:04, 1664.24it/s]
 24%|██▎       | 2088/8810 [00:01<00:03, 1846.80it/s]
 26%|██▌       | 2279/8810 [00:01<00:03, 1703.71it/s]
 29%|██▊       | 2524/8810 [00:01<00:03, 1897.87it/s]
 31%|███       | 2744/8810 [00:01<00:03, 1837.29it/s]
 33%|███▎      | 2933/8810 [00:01<00:03, 1796.09it/s]
 35%|███▌      | 3116/8810 [00:01<00:03, 1676.69it/s]
 37%|███▋      | 3296/8810 [00:01<00:03, 1708.25it/s]
 39%|███▉      | 3470/8810 [00:01<00:03, 1610.88it/s]
 42%|████▏     | 3709/8810 [00:02<00:02, 1810.26it/s]
 44%|████▍     | 3894/8810 [00:02<00:02, 1670.21it/s]
 47%|████▋     | 4144/8810 [00:02<00:02, 1885.13it/s]
 49%|████▉     | 4338/8810 [00:02<00:02, 1749.88it/s]
 52%|█████▏    | 4549/8810 [00:02<00:02, 1843.20it/s]
 54%|█████▍    | 4739/8810 [00:02<00:02, 1587.46it/s]
 56%|█████▌    | 4921/8810 [00:02<00:02, 1640.54it/s]
 58%|█████▊    | 5093/8810 [00:02<00:02, 1560.83it/s]
 60%|██████    | 5300/8810 [00:03<00:02, 1689.01it/s]
 62%|██████▏   | 5475/8810 [00:03<00:02, 1611.15it/s]
 65%|██████▌   | 5742/8810 [00:03<00:01, 1892.93it/s]
 67%|██████▋   | 5938/8810 [00:03<00:01, 1625.47it/s]
 69%|██████▉   | 6111/8810 [00:03<00:01, 1581.23it/s]
 72%|███████▏  | 6324/8810 [00:03<00:01, 1718.07it/s]
 74%|███████▍  | 6503/8810 [00:03<00:01, 1635.09it/s]
 77%|███████▋  | 6751/8810 [00:03<00:01, 1855.42it/s]
 79%|███████▉  | 6972/8810 [00:03<00:01, 1806.80it/s]
 81%|████████▏ | 7168/8810 [00:04<00:00, 1846.24it/s]
 84%|████████▎ | 7360/8810 [00:04<00:00, 1737.83it/s]
 86%|████████▌ | 7538/8810 [00:04<00:00, 1704.55it/s]
 88%|████████▊ | 7715/8810 [00:04<00:00, 1652.40it/s]
 90%|████████▉ | 7910/8810 [00:04<00:00, 1733.08it/s]
 92%|█████████▏| 8086/8810 [00:04<00:00, 1530.42it/s]
 94%|█████████▎| 8245/8810 [00:04<00:00, 1536.57it/s]
 95%|█████████▌| 8403/8810 [00:04<00:00, 1442.46it/s]
 98%|█████████▊| 8606/8810 [00:05<00:00, 1593.01it/s]
100%|█████████▉| 8770/8810 [00:05<00:00, 1521.47it/s]
100%|██████████| 8810/8810 [00:05<00:00, 1708.66it/s]
