
  0%|          | 0/8810 [00:00<?, ?it/s]
  2%|▏         | 181/8810 [00:00<00:05, 1450.51it/s]
  5%|▍         | 412/8810 [00:00<00:04, 1900.78it/s]
  7%|▋         | 624/8810 [00:00<00:04, 1994.52it/s]
  9%|▉         | 827/8810 [00:00<00:04, 1757.36it/s]
 11%|█▏        | 1008/8810 [00:00<00:05, 1550.62it/s]
 13%|█▎        | 1169/8810 [00:00<00:05, 1495.17it/s]
 15%|█▌        | 1322/8810 [00:00<00:05, 1429.79it/s]
 17%|█▋        | 1468/8810 [00:00<00:05, 1382.25it/s]
 19%|█▉        | 1660/8810 [00:01<00:04, 1529.74it/s]
 21%|██        | 1824/8810 [00:01<00:04, 1558.60it/s]
 23%|██▎       | 2030/8810 [00:01<00:03, 1701.32it/s]
 26%|██▌       | 2263/8810 [00:01<00:03, 1703.75it/s]
 28%|██▊       | 2494/8810 [00:01<00:03, 1867.58it/s]
 31%|███       | 2744/8810 [00:01<00:03, 1865.68it/s]
 33%|███▎      | 2936/8810 [00:01<00:03, 1874.21it/s]
 35%|███▌      | 3125/8810 [00:01<00:03, 1769.09it/s]
 38%|███▊      | 3324/8810 [00:01<00:03, 1825.12it/s]
 40%|███▉      | 3509/8810 [00:02<00:03, 1651.94it/s]
 43%|████▎     | 3757/8810 [00:02<00:02, 1864.81it/s]
 45%|████▍     | 3949/8810 [00:02<00:02, 1701.51it/s]
 47%|████▋     | 4150/8810 [00:02<00:02, 1781.11it/s]
 49%|████▉     | 4334/8810 [00:02<00:02, 1538.35it/s]
 51%|█████     | 4503/8810 [00:02<00:02, 1574.50it/s]
 53%|█████▎    | 4668/8810 [00:02<00:02, 1438.94it/s]
 55%|█████▍    | 4818/8810 [00:02<00:02, 1424.02it/s]
 56%|█████▋    | 4965/8810 [00:03<00:03, 1231.76it/s]
 58%|█████▊    | 5142/8810 [00:03<00:02, 1360.71it/s]
 60%|██████    | 5322/8810 [00:03<00:02, 1466.04it/s]
 62%|██████▏   | 5476/8810 [00:03<00:02, 1393.52it/s]
 64%|██████▍   | 5680/8810 [00:03<00:02, 1562.93it/s]
 66%|██████▋   | 5843/8810 [00:03<00:02, 1482.46it/s]
 68%|██████▊   | 5996/8810 [00:03<00:01, 1466.85it/s]
 70%|██████▉   | 6146/8810 [00:03<00:01, 1373.20it/s]
 72%|███████▏  | 6334/8810 [00:03<00:01, 1503.67it/s]
 74%|███████▎  | 6488/8810 [00:04<00:01, 1416.40it/s]
 77%|███████▋  | 6747/8810 [00:04<00:01, 1728.79it/s]
 79%|███████▉  | 6961/8810 [00:04<00:01, 1839.69it/s]
 81%|████████  | 7150/8810 [00:04<00:00, 1677.94it/s]
 83%|████████▎ | 7353/8810 [00:04<00:00, 1769.07it/s]
 86%|████████▌ | 7535/8810 [00:04<00:00, 1586.88it/s]
 88%|████████▊ | 7715/8810 [00:04<00:00, 1514.24it/s]
 89%|████████▉ | 7872/8810 [00:04<00:00, 1483.26it/s]
 91%|█████████ | 8027/8810 [00:05<00:00, 1495.92it/s]
 93%|█████████▎| 8179/8810 [00:05<00:00, 1258.13it/s]
 95%|█████████▍| 8332/8810 [00:05<00:00, 1320.63it/s]
 96%|█████████▌| 8471/8810 [00:05<00:00, 1256.14it/s]
 98%|█████████▊| 8645/8810 [00:05<00:00, 1378.78it/s]
100%|█████████▉| 8789/8810 [00:05<00:00, 1370.96it/s]
100%|██████████| 8810/8810 [00:05<00:00, 1555.24it/s]
