
  0%|          | 0/8810 [00:00<?, ?it/s]
  2%|▏         | 181/8810 [00:00<00:05, 1593.02it/s]
  5%|▍         | 433/8810 [00:00<00:03, 2096.07it/s]
  7%|▋         | 656/8810 [00:00<00:04, 2025.24it/s]
 10%|█         | 890/8810 [00:00<00:03, 2138.74it/s]
 13%|█▎        | 1106/8810 [00:00<00:03, 2031.79it/s]
 15%|█▌        | 1352/8810 [00:00<00:03, 2168.12it/s]
 18%|█▊        | 1571/8810 [00:00<00:03, 1976.40it/s]
 21%|██        | 1821/8810 [00:00<00:03, 1922.65it/s]
 24%|██▎       | 2078/8810 [00:01<00:03, 2095.71it/s]
 26%|██▌       | 2293/8810 [00:01<00:03, 1921.48it/s]
 29%|██▉       | 2563/8810 [00:01<00:02, 2124.59it/s]
 32%|███▏      | 2782/8810 [00:01<00:03, 1918.10it/s]
 34%|███▍      | 2982/8810 [00:01<00:03, 1937.19it/s]
 36%|███▌      | 3182/8810 [00:01<00:03, 1751.02it/s]
 38%|███▊      | 3389/8810 [00:01<00:02, 1830.29it/s]
 41%|████      | 3578/8810 [00:01<00:03, 1700.38it/s]
 43%|████▎     | 3774/8810 [00:02<00:03, 1618.72it/s]
 45%|████▌     | 3986/8810 [00:02<00:02, 1742.59it/s]
 47%|████▋     | 4180/8810 [00:02<00:02, 1708.88it/s]
 50%|█████     | 4408/8810 [00:02<00:02, 1857.84it/s]
 52%|█████▏    | 4599/8810 [00:02<00:02, 1858.94it/s]
 54%|█████▍    | 4788/8810 [00:02<00:02, 1672.22it/s]
 56%|█████▋    | 4961/8810 [00:02<00:02, 1547.24it/s]
 59%|█████▉    | 5180/8810 [00:02<00:02, 1711.37it/s]
 61%|██████    | 5372/8810 [00:02<00:02, 1666.56it/s]
 63%|██████▎   | 5574/8810 [00:03<00:01, 1757.31it/s]
 65%|██████▌   | 5754/8810 [00:03<00:01, 1728.54it/s]
 67%|██████▋   | 5930/8810 [00:03<00:01, 1641.85it/s]
 69%|██████▉   | 6097/8810 [00:03<00:01, 1571.63it/s]
 71%|███████▏  | 6287/8810 [00:03<00:01, 1658.35it/s]
 73%|███████▎  | 6456/8810 [00:03<00:01, 1547.34it/s]
 76%|███████▌  | 6715/8810 [00:03<00:01, 1827.38it/s]
 79%|███████▊  | 6937/8810 [00:03<00:00, 1932.79it/s]
 81%|████████  | 7135/8810 [00:03<00:00, 1741.38it/s]
 83%|████████▎ | 7351/8810 [00:04<00:00, 1849.81it/s]
 86%|████████▌ | 7542/8810 [00:04<00:00, 1648.39it/s]
 88%|████████▊ | 7715/8810 [00:04<00:00, 1621.53it/s]
 89%|████████▉ | 7884/8810 [00:04<00:00, 1637.44it/s]
 91%|█████████▏| 8052/8810 [00:04<00:00, 1530.81it/s]
 93%|█████████▎| 8214/8810 [00:04<00:00, 1553.73it/s]
 95%|█████████▌| 8373/8810 [00:04<00:00, 1495.20it/s]
 98%|█████████▊| 8592/8810 [00:04<00:00, 1683.56it/s]
 99%|█████████▉| 8764/8810 [00:04<00:00, 1528.21it/s]
100%|██████████| 8810/8810 [00:05<00:00, 1758.88it/s]
