
  0%|          | 0/8810 [00:00<?, ?it/s]
  2%|▏         | 181/8810 [00:00<00:05, 1461.83it/s]
  5%|▍         | 440/8810 [00:00<00:04, 2061.13it/s]
  7%|▋         | 656/8810 [00:00<00:04, 2010.66it/s]
 10%|▉         | 861/8810 [00:00<00:04, 1981.69it/s]
 12%|█▏        | 1061/8810 [00:00<00:04, 1834.27it/s]
 15%|█▍        | 1288/8810 [00:00<00:03, 1969.15it/s]
 17%|█▋        | 1488/8810 [00:00<00:04, 1765.16it/s]
 19%|█▉        | 1705/8810 [00:00<00:03, 1871.66it/s]
 22%|██▏       | 1897/8810 [00:01<00:04, 1654.70it/s]
 24%|██▍       | 2132/8810 [00:01<00:03, 1836.71it/s]
 26%|██▋       | 2324/8810 [00:01<00:03, 1762.76it/s]
 29%|██▉       | 2563/8810 [00:01<00:03, 1928.49it/s]
 31%|███▏      | 2762/8810 [00:01<00:03, 1851.61it/s]
 34%|███▍      | 2981/8810 [00:01<00:02, 1943.20it/s]
 36%|███▌      | 3180/8810 [00:01<00:03, 1774.71it/s]
 38%|███▊      | 3390/8810 [00:01<00:02, 1859.54it/s]
 41%|████      | 3581/8810 [00:01<00:03, 1740.04it/s]
 43%|████▎     | 3774/8810 [00:02<00:03, 1671.03it/s]
 45%|████▌     | 3986/8810 [00:02<00:02, 1785.34it/s]
 47%|████▋     | 4180/8810 [00:02<00:02, 1707.40it/s]
 50%|█████     | 4407/8810 [00:02<00:02, 1856.25it/s]
 52%|█████▏    | 4597/8810 [00:02<00:02, 1768.32it/s]
 54%|█████▍    | 4778/8810 [00:02<00:02, 1589.90it/s]
 56%|█████▌    | 4942/8810 [00:02<00:02, 1472.44it/s]
 58%|█████▊    | 5151/8810 [00:02<00:02, 1625.17it/s]
 61%|██████    | 5356/8810 [00:03<00:01, 1735.66it/s]
 63%|██████▎   | 5535/8810 [00:03<00:01, 1644.54it/s]
 65%|██████▌   | 5754/8810 [00:03<00:01, 1653.91it/s]
 67%|██████▋   | 5923/8810 [00:03<00:01, 1617.95it/s]
 69%|██████▉   | 6087/8810 [00:03<00:01, 1594.08it/s]
 71%|███████▏  | 6292/8810 [00:03<00:01, 1716.25it/s]
 73%|███████▎  | 6466/8810 [00:03<00:01, 1603.91it/s]
 76%|███████▌  | 6717/8810 [00:03<00:01, 1848.84it/s]
 78%|███████▊  | 6910/8810 [00:03<00:01, 1869.04it/s]
 81%|████████  | 7101/8810 [00:04<00:00, 1746.19it/s]
 83%|████████▎ | 7280/8810 [00:04<00:00, 1729.59it/s]
 85%|████████▍ | 7456/8810 [00:04<00:00, 1670.96it/s]
 87%|████████▋ | 7625/8810 [00:04<00:00, 1662.56it/s]
 88%|████████▊ | 7793/8810 [00:04<00:00, 1492.88it/s]
 90%|█████████ | 7956/8810 [00:04<00:00, 1527.34it/s]
 92%|█████████▏| 8112/8810 [00:04<00:00, 1377.34it/s]
 94%|█████████▍| 8268/8810 [00:04<00:00, 1424.42it/s]
 96%|█████████▌| 8415/8810 [00:04<00:00, 1347.24it/s]
 98%|█████████▊| 8605/8810 [00:05<00:00, 1489.48it/s]
 99%|█████████▉| 8758/8810 [00:05<00:00, 1373.28it/s]
100%|██████████| 8810/8810 [00:05<00:00, 1683.64it/s]
