
  0%|          | 0/8810 [00:00<?, ?it/s]
  2%|▏         | 143/8810 [00:00<00:06, 1425.77it/s]
  3%|▎         | 286/8810 [00:00<00:06, 1360.64it/s]
  5%|▌         | 448/8810 [00:00<00:05, 1475.50it/s]
  7%|▋         | 656/8810 [00:00<00:05, 1485.29it/s]
  9%|▉         | 829/8810 [00:00<00:05, 1562.60it/s]
 11%|█         | 987/8810 [00:00<00:05, 1564.50it/s]
 13%|█▎        | 1145/8810 [00:00<00:05, 1414.84it/s]
 15%|█▌        | 1334/8810 [00:00<00:04, 1549.22it/s]
 17%|█▋        | 1493/8810 [00:01<00:05, 1427.57it/s]
 19%|█▉        | 1705/8810 [00:01<00:04, 1616.86it/s]
 21%|██        | 1872/8810 [00:01<00:04, 1396.36it/s]
 24%|██▎       | 2079/8810 [00:01<00:04, 1567.99it/s]
 26%|██▌       | 2263/8810 [00:01<00:04, 1470.48it/s]
 28%|██▊       | 2470/8810 [00:01<00:03, 1621.56it/s]
 30%|███       | 2668/8810 [00:01<00:03, 1713.76it/s]
 32%|███▏      | 2846/8810 [00:01<00:03, 1531.48it/s]
 34%|███▍      | 3033/8810 [00:01<00:03, 1615.68it/s]
 36%|███▋      | 3202/8810 [00:02<00:03, 1448.94it/s]
 38%|███▊      | 3354/8810 [00:02<00:03, 1466.84it/s]
 40%|███▉      | 3506/8810 [00:02<00:04, 1218.32it/s]
 42%|████▏     | 3658/8810 [00:02<00:03, 1289.35it/s]
 43%|████▎     | 3796/8810 [00:02<00:04, 1244.85it/s]
 45%|████▌     | 3970/8810 [00:02<00:03, 1367.43it/s]
 47%|████▋     | 4180/8810 [00:02<00:03, 1423.38it/s]
 50%|████▉     | 4393/8810 [00:02<00:02, 1604.19it/s]
 52%|█████▏    | 4559/8810 [00:03<00:02, 1604.93it/s]
 54%|█████▎    | 4724/8810 [00:03<00:02, 1435.39it/s]
 55%|█████▌    | 4885/8810 [00:03<00:02, 1478.09it/s]
 57%|█████▋    | 5038/8810 [00:03<00:02, 1373.19it/s]
 59%|█████▉    | 5219/8810 [00:03<00:02, 1483.20it/s]
 61%|██████    | 5372/8810 [00:03<00:02, 1360.41it/s]
 63%|██████▎   | 5524/8810 [00:03<00:02, 1398.86it/s]
 65%|██████▍   | 5714/8810 [00:03<00:02, 1532.71it/s]
 67%|██████▋   | 5872/8810 [00:04<00:02, 1347.93it/s]
 68%|██████▊   | 6014/8810 [00:04<00:02, 1343.55it/s]
 70%|██████▉   | 6153/8810 [00:04<00:01, 1331.65it/s]
 72%|███████▏  | 6342/8810 [00:04<00:01, 1476.79it/s]
 74%|███████▎  | 6494/8810 [00:04<00:01, 1346.98it/s]
 76%|███████▌  | 6688/8810 [00:04<00:01, 1500.95it/s]
 78%|███████▊  | 6887/8810 [00:04<00:01, 1629.01it/s]
 80%|████████  | 7055/8810 [00:04<00:01, 1506.12it/s]
 82%|████████▏ | 7214/8810 [00:04<00:01, 1526.15it/s]
 84%|████████▎ | 7371/8810 [00:05<00:00, 1511.53it/s]
 85%|████████▌ | 7525/8810 [00:05<00:00, 1505.13it/s]
 88%|████████▊ | 7715/8810 [00:05<00:00, 1517.56it/s]
 90%|████████▉ | 7885/8810 [00:05<00:00, 1567.31it/s]
 91%|█████████▏| 8043/8810 [00:05<00:00, 1405.30it/s]
 93%|█████████▎| 8196/8810 [00:05<00:00, 1433.75it/s]
 95%|█████████▍| 8361/8810 [00:05<00:00, 1356.48it/s]
 97%|█████████▋| 8535/8810 [00:05<00:00, 1456.02it/s]
 99%|█████████▉| 8702/8810 [00:05<00:00, 1399.46it/s]
100%|██████████| 8810/8810 [00:06<00:00, 1463.75it/s]
