
  0%|          | 0/8810 [00:00<?, ?it/s]
  2%|▏         | 181/8810 [00:00<00:06, 1390.71it/s]
  5%|▍         | 407/8810 [00:00<00:04, 1841.80it/s]
  7%|▋         | 617/8810 [00:00<00:04, 1943.69it/s]
  9%|▉         | 815/8810 [00:00<00:04, 1650.46it/s]
 11%|█▏        | 996/8810 [00:00<00:05, 1528.67it/s]
 14%|█▍        | 1227/8810 [00:00<00:04, 1751.86it/s]
 16%|█▋        | 1451/8810 [00:00<00:03, 1893.38it/s]
 19%|█▊        | 1648/8810 [00:00<00:04, 1729.03it/s]
 21%|██        | 1828/8810 [00:01<00:04, 1620.85it/s]
 23%|██▎       | 1996/8810 [00:01<00:04, 1614.56it/s]
 25%|██▌       | 2223/8810 [00:01<00:03, 1790.86it/s]
 27%|██▋       | 2407/8810 [00:01<00:03, 1652.46it/s]
 30%|██▉       | 2626/8810 [00:01<00:03, 1792.13it/s]
 32%|███▏      | 2811/8810 [00:01<00:03, 1617.58it/s]
 34%|███▍      | 3013/8810 [00:01<00:03, 1721.54it/s]
 36%|███▌      | 3191/8810 [00:01<00:03, 1567.24it/s]
 38%|███▊      | 3379/8810 [00:02<00:03, 1646.86it/s]
 40%|████      | 3550/8810 [00:02<00:03, 1560.72it/s]
 43%|████▎     | 3774/8810 [00:02<00:03, 1615.55it/s]
 45%|████▌     | 3978/8810 [00:02<00:02, 1725.32it/s]
 47%|████▋     | 4180/8810 [00:02<00:02, 1707.30it/s]
 50%|█████     | 4419/8810 [00:02<00:02, 1884.29it/s]
 52%|█████▏    | 4625/8810 [00:02<00:02, 1787.73it/s]
 55%|█████▍    | 4808/8810 [00:02<00:02, 1781.00it/s]
 57%|█████▋    | 4989/8810 [00:02<00:02, 1615.05it/s]
 59%|█████▉    | 5200/8810 [00:03<00:02, 1744.39it/s]
 61%|██████    | 5380/8810 [00:03<00:02, 1653.40it/s]
 64%|██████▎   | 5595/8810 [00:03<00:01, 1784.33it/s]
 66%|██████▌   | 5778/8810 [00:03<00:01, 1632.06it/s]
 67%|██████▋   | 5946/8810 [00:03<00:01, 1586.50it/s]
 69%|██████▉   | 6108/8810 [00:03<00:01, 1545.75it/s]
 72%|███████▏  | 6300/8810 [00:03<00:01, 1643.15it/s]
 73%|███████▎  | 6467/8810 [00:03<00:01, 1504.78it/s]
 76%|███████▋  | 6721/8810 [00:03<00:01, 1777.86it/s]
 79%|███████▉  | 6969/8810 [00:04<00:00, 1962.38it/s]
 81%|████████▏ | 7171/8810 [00:04<00:00, 1761.83it/s]
 84%|████████▎ | 7360/8810 [00:04<00:00, 1735.98it/s]
 86%|████████▌ | 7539/8810 [00:04<00:00, 1723.81it/s]
 88%|████████▊ | 7715/8810 [00:04<00:00, 1668.39it/s]
 90%|████████▉ | 7885/8810 [00:04<00:00, 1661.53it/s]
 91%|█████████▏| 8053/8810 [00:04<00:00, 1499.31it/s]
 93%|█████████▎| 8217/8810 [00:04<00:00, 1535.66it/s]
 95%|█████████▌| 8374/8810 [00:05<00:00, 1451.86it/s]
 98%|█████████▊| 8596/8810 [00:05<00:00, 1654.54it/s]
100%|█████████▉| 8766/8810 [00:05<00:00, 1565.28it/s]
100%|██████████| 8810/8810 [00:05<00:00, 1673.80it/s]
