
  0%|          | 0/8810 [00:00<?, ?it/s]
  2%|▏         | 181/8810 [00:00<00:05, 1497.27it/s]
  5%|▍         | 429/8810 [00:00<00:04, 2022.95it/s]
  7%|▋         | 656/8810 [00:00<00:04, 1961.34it/s]
 10%|▉         | 863/8810 [00:00<00:03, 1994.55it/s]
 12%|█▏        | 1065/8810 [00:00<00:04, 1847.00it/s]
 14%|█▍        | 1271/8810 [00:00<00:03, 1908.31it/s]
 17%|█▋        | 1464/8810 [00:00<00:04, 1691.57it/s]
 19%|█▉        | 1671/8810 [00:00<00:03, 1796.65it/s]
 21%|██        | 1856/8810 [00:01<00:04, 1662.69it/s]
 24%|██▎       | 2081/8810 [00:01<00:03, 1820.98it/s]
 26%|██▌       | 2269/8810 [00:01<00:03, 1661.00it/s]
 28%|██▊       | 2500/8810 [00:01<00:03, 1829.99it/s]
 31%|███       | 2725/8810 [00:01<00:03, 1942.25it/s]
 33%|███▎      | 2925/8810 [00:01<00:03, 1776.72it/s]
 35%|███▌      | 3109/8810 [00:01<00:03, 1737.51it/s]
 37%|███▋      | 3287/8810 [00:01<00:03, 1736.89it/s]
 39%|███▉      | 3464/8810 [00:01<00:03, 1657.02it/s]
 42%|████▏     | 3688/8810 [00:02<00:02, 1813.26it/s]
 44%|████▍     | 3873/8810 [00:02<00:02, 1694.32it/s]
 47%|████▋     | 4150/8810 [00:02<00:02, 1984.23it/s]
 49%|████▉     | 4354/8810 [00:02<00:02, 1870.42it/s]
 52%|█████▏    | 4556/8810 [00:02<00:02, 1905.33it/s]
 54%|█████▍    | 4751/8810 [00:02<00:02, 1698.47it/s]
 56%|█████▌    | 4932/8810 [00:02<00:02, 1616.16it/s]
 58%|█████▊    | 5123/8810 [00:02<00:02, 1689.52it/s]
 60%|██████    | 5315/8810 [00:02<00:02, 1744.50it/s]
 62%|██████▏   | 5493/8810 [00:03<00:02, 1644.80it/s]
 65%|██████▍   | 5703/8810 [00:03<00:01, 1767.62it/s]
 67%|██████▋   | 5884/8810 [00:03<00:01, 1607.45it/s]
 69%|██████▊   | 6050/8810 [00:03<00:01, 1465.99it/s]
 71%|███████   | 6255/8810 [00:03<00:01, 1611.52it/s]
 73%|███████▎  | 6422/8810 [00:03<00:01, 1536.44it/s]
 75%|███████▌  | 6642/8810 [00:03<00:01, 1709.89it/s]
 78%|███████▊  | 6909/8810 [00:03<00:00, 1969.72it/s]
 81%|████████  | 7113/8810 [00:04<00:00, 1845.60it/s]
 83%|████████▎ | 7312/8810 [00:04<00:00, 1884.56it/s]
 85%|████████▌ | 7505/8810 [00:04<00:00, 1704.03it/s]
 88%|████████▊ | 7713/8810 [00:04<00:00, 1802.72it/s]
 90%|████████▉ | 7899/8810 [00:04<00:00, 1611.35it/s]
 92%|█████████▏| 8067/8810 [00:04<00:00, 1482.48it/s]
 94%|█████████▎| 8258/8810 [00:04<00:00, 1583.99it/s]
 96%|█████████▌| 8423/8810 [00:04<00:00, 1473.59it/s]
 98%|█████████▊| 8612/8810 [00:04<00:00, 1576.53it/s]
100%|█████████▉| 8775/8810 [00:05<00:00, 1469.49it/s]
100%|██████████| 8810/8810 [00:05<00:00, 1713.22it/s]
