
  0%|          | 0/8810 [00:00<?, ?it/s]
  2%|▏         | 181/8810 [00:00<00:04, 1758.16it/s]
  5%|▍         | 431/8810 [00:00<00:03, 2189.13it/s]
  7%|▋         | 656/8810 [00:00<00:03, 2091.29it/s]
 10%|█         | 881/8810 [00:00<00:03, 2148.14it/s]
 12%|█▏        | 1097/8810 [00:00<00:03, 2030.41it/s]
 15%|█▌        | 1334/8810 [00:00<00:03, 2133.50it/s]
 18%|█▊        | 1549/8810 [00:00<00:03, 1882.30it/s]
 20%|██        | 1801/8810 [00:00<00:03, 2062.04it/s]
 23%|██▎       | 2014/8810 [00:01<00:03, 1926.45it/s]
 26%|██▌       | 2263/8810 [00:01<00:03, 1914.35it/s]
 28%|██▊       | 2503/8810 [00:01<00:03, 2040.20it/s]
 31%|███       | 2744/8810 [00:01<00:03, 1937.37it/s]
 33%|███▎      | 2942/8810 [00:01<00:03, 1922.67it/s]
 36%|███▌      | 3138/8810 [00:01<00:03, 1788.67it/s]
 38%|███▊      | 3320/8810 [00:01<00:03, 1790.19it/s]
 40%|███▉      | 3502/8810 [00:01<00:03, 1647.61it/s]
 42%|████▏     | 3710/8810 [00:01<00:02, 1757.37it/s]
 44%|████▍     | 3890/8810 [00:02<00:02, 1680.67it/s]
 47%|████▋     | 4152/8810 [00:02<00:02, 1930.40it/s]
 49%|████▉     | 4350/8810 [00:02<00:02, 1866.15it/s]
 52%|█████▏    | 4541/8810 [00:02<00:02, 1873.95it/s]
 54%|█████▎    | 4731/8810 [00:02<00:02, 1649.99it/s]
 56%|█████▌    | 4930/8810 [00:02<00:02, 1737.95it/s]
 58%|█████▊    | 5110/8810 [00:02<00:02, 1658.03it/s]
 60%|██████    | 5326/8810 [00:02<00:01, 1790.71it/s]
 63%|██████▎   | 5510/8810 [00:02<00:01, 1679.12it/s]
 65%|██████▌   | 5750/8810 [00:03<00:01, 1872.74it/s]
 67%|██████▋   | 5943/8810 [00:03<00:01, 1652.21it/s]
 69%|██████▉   | 6116/8810 [00:03<00:01, 1594.84it/s]
 72%|███████▏  | 6301/8810 [00:03<00:01, 1653.02it/s]
 73%|███████▎  | 6471/8810 [00:03<00:01, 1517.56it/s]
 76%|███████▌  | 6706/8810 [00:03<00:01, 1732.49it/s]
 79%|███████▊  | 6936/8810 [00:03<00:00, 1883.22it/s]
 81%|████████  | 7131/8810 [00:03<00:00, 1718.78it/s]
 83%|████████▎ | 7349/8810 [00:04<00:00, 1833.65it/s]
 86%|████████▌ | 7539/8810 [00:04<00:00, 1646.17it/s]
 88%|████████▊ | 7715/8810 [00:04<00:00, 1615.35it/s]
 89%|████████▉ | 7882/8810 [00:04<00:00, 1612.60it/s]
 91%|█████████▏| 8047/8810 [00:04<00:00, 1488.51it/s]
 93%|█████████▎| 8220/8810 [00:04<00:00, 1551.26it/s]
 95%|█████████▌| 8379/8810 [00:04<00:00, 1489.31it/s]
 98%|█████████▊| 8611/8810 [00:04<00:00, 1711.50it/s]
100%|█████████▉| 8787/8810 [00:04<00:00, 1577.29it/s]
100%|██████████| 8810/8810 [00:04<00:00, 1765.48it/s]
