
  0%|          | 0/8810 [00:00<?, ?it/s]
  2%|▏         | 181/8810 [00:00<00:05, 1548.98it/s]
  5%|▍         | 431/8810 [00:00<00:04, 2071.89it/s]
  7%|▋         | 656/8810 [00:00<00:04, 2009.16it/s]
 10%|█         | 892/8810 [00:00<00:03, 2135.51it/s]
 13%|█▎        | 1108/8810 [00:00<00:03, 1947.60it/s]
 15%|█▌        | 1341/8810 [00:00<00:03, 2065.83it/s]
 18%|█▊        | 1552/8810 [00:00<00:03, 1891.67it/s]
 20%|██        | 1793/8810 [00:00<00:03, 2030.92it/s]
 23%|██▎       | 2001/8810 [00:01<00:03, 1795.08it/s]
 25%|██▌       | 2219/8810 [00:01<00:03, 1892.91it/s]
 27%|██▋       | 2415/8810 [00:01<00:03, 1707.66it/s]
 30%|███       | 2657/8810 [00:01<00:03, 1891.53it/s]
 32%|███▏      | 2855/8810 [00:01<00:03, 1749.63it/s]
 35%|███▍      | 3043/8810 [00:01<00:03, 1783.58it/s]
 37%|███▋      | 3227/8810 [00:01<00:03, 1621.09it/s]
 39%|███▊      | 3410/8810 [00:01<00:03, 1564.50it/s]
 41%|████      | 3614/8810 [00:01<00:03, 1685.50it/s]
 43%|████▎     | 3788/8810 [00:02<00:03, 1613.68it/s]
 46%|████▌     | 4009/8810 [00:02<00:02, 1772.62it/s]
 48%|████▊     | 4191/8810 [00:02<00:02, 1659.58it/s]
 50%|█████     | 4416/8810 [00:02<00:02, 1816.40it/s]
 52%|█████▏    | 4625/8810 [00:02<00:02, 1719.73it/s]
 55%|█████▍    | 4802/8810 [00:02<00:02, 1728.40it/s]
 57%|█████▋    | 4979/8810 [00:02<00:02, 1534.96it/s]
 59%|█████▉    | 5180/8810 [00:02<00:02, 1651.32it/s]
 61%|██████    | 5372/8810 [00:03<00:02, 1573.34it/s]
 63%|██████▎   | 5566/8810 [00:03<00:01, 1666.24it/s]
 65%|██████▌   | 5754/8810 [00:03<00:01, 1632.56it/s]
 67%|██████▋   | 5921/8810 [00:03<00:01, 1525.15it/s]
 69%|██████▉   | 6077/8810 [00:03<00:01, 1487.76it/s]
 71%|███████▏  | 6280/8810 [00:03<00:01, 1629.12it/s]
 73%|███████▎  | 6446/8810 [00:03<00:01, 1525.33it/s]
 76%|███████▌  | 6652/8810 [00:03<00:01, 1668.36it/s]
 78%|███████▊  | 6897/8810 [00:03<00:01, 1884.65it/s]
 80%|████████  | 7090/8810 [00:04<00:00, 1756.80it/s]
 83%|████████▎ | 7271/8810 [00:04<00:00, 1768.93it/s]
 85%|████████▍ | 7452/8810 [00:04<00:00, 1742.91it/s]
 87%|████████▋ | 7642/8810 [00:04<00:00, 1780.91it/s]
 89%|████████▉ | 7822/8810 [00:04<00:00, 1599.34it/s]
 91%|█████████ | 8004/8810 [00:04<00:00, 1655.57it/s]
 93%|█████████▎| 8174/8810 [00:04<00:00, 1522.69it/s]
 95%|█████████▍| 8334/8810 [00:04<00:00, 1542.02it/s]
 96%|█████████▋| 8492/8810 [00:04<00:00, 1472.81it/s]
 99%|█████████▊| 8697/8810 [00:05<00:00, 1628.74it/s]
100%|██████████| 8810/8810 [00:05<00:00, 1700.23it/s]
