
  0%|          | 0/8810 [00:00<?, ?it/s]
  2%|▏         | 181/8810 [00:00<00:05, 1675.55it/s]
  5%|▍         | 431/8810 [00:00<00:03, 2141.94it/s]
  7%|▋         | 656/8810 [00:00<00:03, 2076.13it/s]
 10%|▉         | 870/8810 [00:00<00:03, 2099.90it/s]
 12%|█▏        | 1081/8810 [00:00<00:04, 1886.47it/s]
 15%|█▍        | 1298/8810 [00:00<00:03, 1969.68it/s]
 17%|█▋        | 1498/8810 [00:00<00:04, 1767.64it/s]
 19%|█▉        | 1717/8810 [00:00<00:03, 1883.30it/s]
 22%|██▏       | 1911/8810 [00:01<00:03, 1756.68it/s]
 25%|██▍       | 2197/8810 [00:01<00:03, 2057.30it/s]
 27%|██▋       | 2410/8810 [00:01<00:03, 1957.38it/s]
 30%|███       | 2673/8810 [00:01<00:02, 2140.84it/s]
 33%|███▎      | 2893/8810 [00:01<00:02, 1990.29it/s]
 35%|███▌      | 3098/8810 [00:01<00:02, 1915.24it/s]
 37%|███▋      | 3294/8810 [00:01<00:02, 1873.47it/s]
 40%|███▉      | 3484/8810 [00:01<00:03, 1739.42it/s]
 43%|████▎     | 3759/8810 [00:01<00:02, 2001.64it/s]
 45%|████▌     | 3965/8810 [00:02<00:02, 1891.78it/s]
 47%|████▋     | 4180/8810 [00:02<00:02, 1888.33it/s]
 50%|█████     | 4428/8810 [00:02<00:02, 2044.25it/s]
 53%|█████▎    | 4637/8810 [00:02<00:02, 1875.95it/s]
 55%|█████▍    | 4830/8810 [00:02<00:02, 1866.06it/s]
 57%|█████▋    | 5020/8810 [00:02<00:02, 1688.30it/s]
 59%|█████▉    | 5214/8810 [00:02<00:02, 1750.06it/s]
 61%|██████    | 5394/8810 [00:02<00:02, 1625.67it/s]
 64%|██████▎   | 5609/8810 [00:02<00:01, 1757.30it/s]
 66%|██████▌   | 5790/8810 [00:03<00:01, 1623.00it/s]
 68%|██████▊   | 5957/8810 [00:03<00:01, 1533.34it/s]
 69%|██████▉   | 6114/8810 [00:03<00:01, 1445.61it/s]
 71%|███████▏  | 6294/8810 [00:03<00:01, 1530.44it/s]
 73%|███████▎  | 6451/8810 [00:03<00:01, 1356.84it/s]
 75%|███████▌  | 6621/8810 [00:03<00:01, 1441.77it/s]
 77%|███████▋  | 6821/8810 [00:03<00:01, 1587.23it/s]
 79%|███████▉  | 6986/8810 [00:03<00:01, 1471.23it/s]
 81%|████████▏ | 7159/8810 [00:04<00:01, 1533.18it/s]
 83%|████████▎ | 7347/8810 [00:04<00:00, 1626.27it/s]
 85%|████████▌ | 7514/8810 [00:04<00:00, 1392.84it/s]
 87%|████████▋ | 7671/8810 [00:04<00:00, 1436.73it/s]
 89%|████████▉ | 7822/8810 [00:04<00:00, 1290.39it/s]
 91%|█████████ | 7975/8810 [00:04<00:00, 1349.89it/s]
 92%|█████████▏| 8116/8810 [00:04<00:00, 1267.22it/s]
 94%|█████████▍| 8277/8810 [00:04<00:00, 1354.84it/s]
 96%|█████████▌| 8417/8810 [00:05<00:00, 1285.46it/s]
 98%|█████████▊| 8623/8810 [00:05<00:00, 1491.80it/s]
100%|█████████▉| 8778/8810 [00:05<00:00, 1454.67it/s]
100%|██████████| 8810/8810 [00:05<00:00, 1678.34it/s]
