
  0%|          | 0/8810 [00:00<?, ?it/s]
  2%|▏         | 181/8810 [00:00<00:04, 1750.87it/s]
  5%|▍         | 430/8810 [00:00<00:03, 2171.46it/s]
  7%|▋         | 656/8810 [00:00<00:03, 2123.28it/s]
 10%|▉         | 873/8810 [00:00<00:03, 2140.23it/s]
 12%|█▏        | 1088/8810 [00:00<00:04, 1922.37it/s]
 15%|█▌        | 1332/8810 [00:00<00:03, 2080.57it/s]
 18%|█▊        | 1544/8810 [00:00<00:03, 1920.26it/s]
 20%|██        | 1805/8810 [00:00<00:03, 2117.94it/s]
 23%|██▎       | 2022/8810 [00:01<00:03, 1925.20it/s]
 25%|██▌       | 2231/8810 [00:01<00:03, 1969.00it/s]
 28%|██▊       | 2433/8810 [00:01<00:03, 1846.61it/s]
 31%|███       | 2692/8810 [00:01<00:02, 2046.81it/s]
 33%|███▎      | 2902/8810 [00:01<00:03, 1900.75it/s]
 35%|███▌      | 3098/8810 [00:01<00:03, 1826.71it/s]
 37%|███▋      | 3285/8810 [00:01<00:03, 1810.75it/s]
 39%|███▉      | 3469/8810 [00:01<00:03, 1730.24it/s]
 42%|████▏     | 3718/8810 [00:01<00:02, 1934.32it/s]
 44%|████▍     | 3915/8810 [00:02<00:02, 1739.32it/s]
 47%|████▋     | 4180/8810 [00:02<00:02, 1876.09it/s]
 50%|█████     | 4411/8810 [00:02<00:02, 1988.64it/s]
 52%|█████▏    | 4625/8810 [00:02<00:02, 1885.13it/s]
 55%|█████▍    | 4818/8810 [00:02<00:02, 1861.70it/s]
 57%|█████▋    | 5007/8810 [00:02<00:02, 1695.00it/s]
 59%|█████▉    | 5228/8810 [00:02<00:01, 1827.99it/s]
 61%|██████▏   | 5416/8810 [00:02<00:01, 1773.76it/s]
 64%|██████▍   | 5673/8810 [00:02<00:01, 1986.80it/s]
 67%|██████▋   | 5877/8810 [00:03<00:01, 1880.87it/s]
 69%|██████▉   | 6069/8810 [00:03<00:01, 1738.11it/s]
 71%|███████   | 6263/8810 [00:03<00:01, 1790.02it/s]
 73%|███████▎  | 6446/8810 [00:03<00:01, 1704.82it/s]
 76%|███████▋  | 6718/8810 [00:03<00:01, 1978.51it/s]
 79%|███████▉  | 6950/8810 [00:03<00:00, 2071.86it/s]
 81%|████████▏ | 7162/8810 [00:03<00:00, 1836.47it/s]
 84%|████████▎ | 7360/8810 [00:03<00:00, 1748.44it/s]
 86%|████████▌ | 7541/8810 [00:04<00:00, 1750.08it/s]
 88%|████████▊ | 7720/8810 [00:04<00:00, 1742.50it/s]
 90%|█████████ | 7930/8810 [00:04<00:00, 1836.20it/s]
 92%|█████████▏| 8117/8810 [00:04<00:00, 1618.18it/s]
 94%|█████████▍| 8301/8810 [00:04<00:00, 1675.65it/s]
 96%|█████████▌| 8474/8810 [00:04<00:00, 1529.10it/s]
 99%|█████████▊| 8685/8810 [00:04<00:00, 1677.65it/s]
100%|██████████| 8810/8810 [00:04<00:00, 1829.70it/s]
