
  0%|          | 0/8810 [00:00<?, ?it/s]
  2%|▏         | 181/8810 [00:00<00:05, 1470.23it/s]
  5%|▍         | 409/8810 [00:00<00:04, 1896.18it/s]
  7%|▋         | 647/8810 [00:00<00:03, 2104.20it/s]
 10%|▉         | 861/8810 [00:00<00:04, 1808.31it/s]
 12%|█▏        | 1049/8810 [00:00<00:04, 1707.03it/s]
 15%|█▍        | 1282/8810 [00:00<00:03, 1890.53it/s]
 17%|█▋        | 1477/8810 [00:00<00:04, 1790.76it/s]
 19%|█▉        | 1707/8810 [00:00<00:03, 1929.92it/s]
 22%|██▏       | 1905/8810 [00:01<00:03, 1754.55it/s]
 25%|██▍       | 2179/8810 [00:01<00:03, 2020.25it/s]
 27%|██▋       | 2389/8810 [00:01<00:03, 1872.67it/s]
 30%|███       | 2673/8810 [00:01<00:02, 2128.65it/s]
 33%|███▎      | 2894/8810 [00:01<00:02, 2003.37it/s]
 35%|███▌      | 3101/8810 [00:01<00:03, 1862.43it/s]
 37%|███▋      | 3296/8810 [00:01<00:02, 1884.89it/s]
 40%|███▉      | 3489/8810 [00:01<00:02, 1807.70it/s]
 42%|████▏     | 3730/8810 [00:01<00:02, 1965.34it/s]
 45%|████▍     | 3931/8810 [00:02<00:02, 1891.51it/s]
 47%|████▋     | 4180/8810 [00:02<00:02, 1894.55it/s]
 50%|█████     | 4419/8810 [00:02<00:02, 2025.50it/s]
 52%|█████▏    | 4625/8810 [00:02<00:02, 1845.10it/s]
 55%|█████▍    | 4814/8810 [00:02<00:02, 1849.23it/s]
 57%|█████▋    | 5003/8810 [00:02<00:02, 1678.84it/s]
 59%|█████▉    | 5219/8810 [00:02<00:01, 1802.88it/s]
 61%|██████▏   | 5405/8810 [00:02<00:01, 1724.24it/s]
 64%|██████▍   | 5644/8810 [00:03<00:01, 1900.19it/s]
 66%|██████▋   | 5839/8810 [00:03<00:01, 1817.99it/s]
 68%|██████▊   | 6025/8810 [00:03<00:01, 1735.65it/s]
 70%|███████   | 6202/8810 [00:03<00:01, 1709.74it/s]
 73%|███████▎  | 6400/8810 [00:03<00:01, 1624.74it/s]
 75%|███████▌  | 6627/8810 [00:03<00:01, 1788.74it/s]
 78%|███████▊  | 6885/8810 [00:03<00:00, 1998.51it/s]
 80%|████████  | 7090/8810 [00:03<00:00, 1841.23it/s]
 83%|████████▎ | 7289/8810 [00:03<00:00, 1879.94it/s]
 85%|████████▍ | 7482/8810 [00:04<00:00, 1702.49it/s]
 87%|████████▋ | 7658/8810 [00:04<00:00, 1709.61it/s]
 89%|████████▉ | 7833/8810 [00:04<00:00, 1491.46it/s]
 91%|█████████ | 8002/8810 [00:04<00:00, 1536.23it/s]
 93%|█████████▎| 8162/8810 [00:04<00:00, 1353.41it/s]
 94%|█████████▍| 8320/8810 [00:04<00:00, 1403.84it/s]
 96%|█████████▌| 8467/8810 [00:04<00:00, 1357.64it/s]
 98%|█████████▊| 8653/8810 [00:04<00:00, 1488.33it/s]
100%|█████████▉| 8807/8810 [00:05<00:00, 1458.52it/s]
100%|██████████| 8810/8810 [00:05<00:00, 1755.95it/s]
