
  0%|          | 0/8810 [00:00<?, ?it/s]
  2%|▏         | 181/8810 [00:00<00:05, 1597.41it/s]
  5%|▍         | 434/8810 [00:00<00:03, 2102.52it/s]
  7%|▋         | 656/8810 [00:00<00:03, 2059.47it/s]
 10%|▉         | 866/8810 [00:00<00:03, 2066.70it/s]
 12%|█▏        | 1074/8810 [00:00<00:03, 1949.37it/s]
 15%|█▍        | 1288/8810 [00:00<00:03, 2007.09it/s]
 17%|█▋        | 1490/8810 [00:00<00:03, 1846.36it/s]
 20%|█▉        | 1755/8810 [00:00<00:03, 2079.97it/s]
 22%|██▏       | 1968/8810 [00:01<00:03, 1872.85it/s]
 25%|██▌       | 2222/8810 [00:01<00:03, 2051.87it/s]
 28%|██▊       | 2434/8810 [00:01<00:03, 1945.66it/s]
 31%|███       | 2692/8810 [00:01<00:02, 2118.23it/s]
 33%|███▎      | 2910/8810 [00:01<00:03, 1916.66it/s]
 35%|███▌      | 3109/8810 [00:01<00:03, 1885.49it/s]
 38%|███▊      | 3349/8810 [00:01<00:02, 2022.80it/s]
 40%|████      | 3557/8810 [00:01<00:02, 1896.83it/s]
 43%|████▎     | 3774/8810 [00:01<00:02, 1877.63it/s]
 46%|████▌     | 4029/8810 [00:02<00:02, 2057.90it/s]
 48%|████▊     | 4240/8810 [00:02<00:02, 2055.39it/s]
 51%|█████     | 4497/8810 [00:02<00:01, 2197.66it/s]
 54%|█████▎    | 4720/8810 [00:02<00:02, 1947.51it/s]
 56%|█████▌    | 4929/8810 [00:02<00:01, 1983.32it/s]
 58%|█████▊    | 5133/8810 [00:02<00:02, 1807.02it/s]
 61%|██████    | 5372/8810 [00:02<00:01, 1810.48it/s]
 64%|██████▎   | 5595/8810 [00:02<00:01, 1916.66it/s]
 66%|██████▌   | 5792/8810 [00:02<00:01, 1842.54it/s]
 68%|██████▊   | 5980/8810 [00:03<00:01, 1806.95it/s]
 70%|██████▉   | 6163/8810 [00:03<00:01, 1642.55it/s]
 72%|███████▏  | 6386/8810 [00:03<00:01, 1793.81it/s]
 75%|███████▍  | 6571/8810 [00:03<00:01, 1724.83it/s]
 78%|███████▊  | 6832/8810 [00:03<00:01, 1963.16it/s]
 80%|███████▉  | 7034/8810 [00:03<00:00, 1828.22it/s]
 82%|████████▏ | 7231/8810 [00:03<00:00, 1861.04it/s]
 84%|████████▍ | 7421/8810 [00:03<00:00, 1860.39it/s]
 86%|████████▋ | 7610/8810 [00:04<00:00, 1711.96it/s]
 88%|████████▊ | 7785/8810 [00:04<00:00, 1589.93it/s]
 90%|█████████ | 7951/8810 [00:04<00:00, 1606.74it/s]
 92%|█████████▏| 8115/8810 [00:04<00:00, 1441.67it/s]
 94%|█████████▍| 8286/8810 [00:04<00:00, 1510.54it/s]
 96%|█████████▌| 8442/8810 [00:04<00:00, 1439.03it/s]
 98%|█████████▊| 8663/8810 [00:04<00:00, 1643.93it/s]
100%|██████████| 8810/8810 [00:04<00:00, 1831.39it/s]
