
  0%|          | 0/8810 [00:00<?, ?it/s]
  2%|▏         | 181/8810 [00:00<00:05, 1576.36it/s]
  5%|▍         | 429/8810 [00:00<00:04, 2077.02it/s]
  7%|▋         | 656/8810 [00:00<00:04, 2034.51it/s]
 10%|▉         | 862/8810 [00:00<00:03, 2022.78it/s]
 12%|█▏        | 1066/8810 [00:00<00:04, 1895.57it/s]
 15%|█▍        | 1309/8810 [00:00<00:03, 2062.56it/s]
 17%|█▋        | 1518/8810 [00:00<00:03, 1842.11it/s]
 20%|██        | 1763/8810 [00:00<00:03, 2013.38it/s]
 22%|██▏       | 1970/8810 [00:01<00:03, 1866.98it/s]
 25%|██▌       | 2204/8810 [00:01<00:03, 1994.11it/s]
 27%|██▋       | 2409/8810 [00:01<00:03, 1782.11it/s]
 31%|███       | 2690/8810 [00:01<00:02, 2050.21it/s]
 33%|███▎      | 2904/8810 [00:01<00:03, 1834.59it/s]
 35%|███▌      | 3097/8810 [00:01<00:03, 1769.65it/s]
 37%|███▋      | 3281/8810 [00:01<00:03, 1753.96it/s]
 39%|███▉      | 3461/8810 [00:01<00:03, 1651.68it/s]
 42%|████▏     | 3710/8810 [00:01<00:02, 1867.86it/s]
 44%|████▍     | 3903/8810 [00:02<00:02, 1781.58it/s]
 47%|████▋     | 4156/8810 [00:02<00:02, 1978.90it/s]
 49%|████▉     | 4359/8810 [00:02<00:02, 1874.24it/s]
 52%|█████▏    | 4572/8810 [00:02<00:02, 1942.76it/s]
 54%|█████▍    | 4770/8810 [00:02<00:02, 1703.98it/s]
 56%|█████▌    | 4948/8810 [00:02<00:02, 1582.42it/s]
 59%|█████▉    | 5182/8810 [00:02<00:02, 1771.39it/s]
 61%|██████    | 5372/8810 [00:02<00:01, 1722.99it/s]
 64%|██████▎   | 5599/8810 [00:03<00:01, 1863.11it/s]
 66%|██████▌   | 5791/8810 [00:03<00:01, 1810.84it/s]
 68%|██████▊   | 5976/8810 [00:03<00:01, 1821.13it/s]
 70%|██████▉   | 6161/8810 [00:03<00:01, 1594.31it/s]
 72%|███████▏  | 6334/8810 [00:03<00:01, 1626.81it/s]
 74%|███████▍  | 6502/8810 [00:03<00:01, 1504.27it/s]
 77%|███████▋  | 6750/8810 [00:03<00:01, 1758.64it/s]
 79%|███████▉  | 6972/8810 [00:03<00:01, 1702.56it/s]
 81%|████████▏ | 7168/8810 [00:03<00:00, 1768.68it/s]
 84%|████████▎ | 7360/8810 [00:04<00:00, 1679.10it/s]
 85%|████████▌ | 7532/8810 [00:04<00:00, 1647.49it/s]
 88%|████████▊ | 7715/8810 [00:04<00:00, 1600.16it/s]
 89%|████████▉ | 7878/8810 [00:04<00:00, 1600.08it/s]
 91%|█████████▏| 8040/8810 [00:04<00:00, 1448.94it/s]
 93%|█████████▎| 8215/8810 [00:04<00:00, 1526.69it/s]
 95%|█████████▌| 8371/8810 [00:04<00:00, 1495.30it/s]
 97%|█████████▋| 8523/8810 [00:04<00:00, 1415.52it/s]
 99%|█████████▉| 8700/8810 [00:05<00:00, 1479.31it/s]
100%|██████████| 8810/8810 [00:05<00:00, 1702.80it/s]
