
  0%|          | 0/8810 [00:00<?, ?it/s]
  2%|▏         | 181/8810 [00:00<00:05, 1526.23it/s]
  5%|▍         | 412/8810 [00:00<00:04, 1950.87it/s]
  7%|▋         | 653/8810 [00:00<00:03, 2151.62it/s]
 10%|▉         | 871/8810 [00:00<00:04, 1867.56it/s]
 12%|█▏        | 1064/8810 [00:00<00:04, 1756.17it/s]
 14%|█▍        | 1259/8810 [00:00<00:04, 1813.59it/s]
 17%|█▋        | 1457/8810 [00:00<00:04, 1674.36it/s]
 19%|█▊        | 1644/8810 [00:00<00:04, 1726.36it/s]
 21%|██        | 1821/8810 [00:01<00:04, 1597.65it/s]
 23%|██▎       | 2004/8810 [00:01<00:04, 1660.58it/s]
 25%|██▌       | 2229/8810 [00:01<00:03, 1816.74it/s]
 27%|██▋       | 2415/8810 [00:01<00:03, 1673.30it/s]
 30%|███       | 2668/8810 [00:01<00:03, 1903.48it/s]
 33%|███▎      | 2864/8810 [00:01<00:03, 1774.56it/s]
 35%|███▍      | 3057/8810 [00:01<00:03, 1646.02it/s]
 37%|███▋      | 3237/8810 [00:01<00:03, 1685.59it/s]
 39%|███▊      | 3410/8810 [00:01<00:03, 1589.38it/s]
 41%|████      | 3631/8810 [00:02<00:02, 1752.03it/s]
 43%|████▎     | 3811/8810 [00:02<00:03, 1661.46it/s]
 46%|████▌     | 4034/8810 [00:02<00:02, 1814.56it/s]
 48%|████▊     | 4220/8810 [00:02<00:02, 1746.79it/s]
 51%|█████     | 4459/8810 [00:02<00:02, 1922.86it/s]
 53%|█████▎    | 4656/8810 [00:02<00:02, 1748.91it/s]
 55%|█████▍    | 4837/8810 [00:02<00:02, 1736.45it/s]
 57%|█████▋    | 5015/8810 [00:02<00:02, 1552.52it/s]
 59%|█████▉    | 5219/8810 [00:03<00:02, 1674.39it/s]
 61%|██████    | 5393/8810 [00:03<00:02, 1578.21it/s]
 64%|██████▎   | 5609/8810 [00:03<00:01, 1727.06it/s]
 66%|██████▌   | 5787/8810 [00:03<00:01, 1597.85it/s]
 68%|██████▊   | 5952/8810 [00:03<00:01, 1575.67it/s]
 69%|██████▉   | 6113/8810 [00:03<00:01, 1541.83it/s]
 72%|███████▏  | 6322/8810 [00:03<00:01, 1688.22it/s]
 74%|███████▎  | 6494/8810 [00:03<00:01, 1487.92it/s]
 76%|███████▌  | 6701/8810 [00:03<00:01, 1638.30it/s]
 79%|███████▊  | 6933/8810 [00:04<00:01, 1818.17it/s]
 81%|████████  | 7122/8810 [00:04<00:01, 1659.14it/s]
 83%|████████▎ | 7313/8810 [00:04<00:00, 1721.92it/s]
 85%|████████▌ | 7491/8810 [00:04<00:00, 1573.10it/s]
 87%|████████▋ | 7678/8810 [00:04<00:00, 1644.23it/s]
 89%|████████▉ | 7848/8810 [00:04<00:00, 1447.32it/s]
 91%|█████████ | 8028/8810 [00:04<00:00, 1530.60it/s]
 93%|█████████▎| 8188/8810 [00:04<00:00, 1389.32it/s]
 95%|█████████▍| 8361/8810 [00:05<00:00, 1342.35it/s]
 97%|█████████▋| 8545/8810 [00:05<00:00, 1462.97it/s]
 99%|█████████▉| 8702/8810 [00:05<00:00, 1417.65it/s]
100%|██████████| 8810/8810 [00:05<00:00, 1652.43it/s]
