
  0%|          | 0/8810 [00:00<?, ?it/s]
  2%|▏         | 181/8810 [00:00<00:05, 1551.40it/s]
  5%|▍         | 431/8810 [00:00<00:04, 2067.78it/s]
  7%|▋         | 656/8810 [00:00<00:03, 2093.88it/s]
 10%|▉         | 869/8810 [00:00<00:03, 2105.94it/s]
 12%|█▏        | 1081/8810 [00:00<00:04, 1888.69it/s]
 14%|█▍        | 1277/8810 [00:00<00:03, 1910.26it/s]
 17%|█▋        | 1471/8810 [00:00<00:04, 1714.58it/s]
 19%|█▉        | 1655/8810 [00:00<00:04, 1744.03it/s]
 21%|██        | 1833/8810 [00:01<00:04, 1645.79it/s]
 23%|██▎       | 2035/8810 [00:01<00:03, 1746.61it/s]
 26%|██▌       | 2259/8810 [00:01<00:03, 1878.52it/s]
 28%|██▊       | 2450/8810 [00:01<00:03, 1809.19it/s]
 31%|███       | 2725/8810 [00:01<00:02, 2072.94it/s]
 33%|███▎      | 2936/8810 [00:01<00:03, 1914.62it/s]
 36%|███▌      | 3132/8810 [00:01<00:03, 1768.75it/s]
 38%|███▊      | 3314/8810 [00:01<00:03, 1732.94it/s]
 40%|███▉      | 3491/8810 [00:01<00:03, 1492.59it/s]
 42%|████▏     | 3713/8810 [00:02<00:03, 1671.10it/s]
 44%|████▍     | 3889/8810 [00:02<00:03, 1609.43it/s]
 47%|████▋     | 4138/8810 [00:02<00:02, 1835.60it/s]
 49%|████▉     | 4329/8810 [00:02<00:02, 1622.81it/s]
 51%|█████     | 4507/8810 [00:02<00:02, 1659.26it/s]
 53%|█████▎    | 4680/8810 [00:02<00:03, 1358.10it/s]
 55%|█████▍    | 4833/8810 [00:02<00:02, 1398.09it/s]
 57%|█████▋    | 4983/8810 [00:02<00:02, 1327.66it/s]
 59%|█████▉    | 5180/8810 [00:03<00:02, 1486.21it/s]
 61%|██████    | 5358/8810 [00:03<00:02, 1559.55it/s]
 63%|██████▎   | 5521/8810 [00:03<00:02, 1500.61it/s]
 65%|██████▌   | 5750/8810 [00:03<00:01, 1712.20it/s]
 67%|██████▋   | 5927/8810 [00:03<00:01, 1553.13it/s]
 69%|██████▉   | 6100/8810 [00:03<00:01, 1595.05it/s]
 72%|███████▏  | 6334/8810 [00:03<00:01, 1792.47it/s]
 74%|███████▍  | 6519/8810 [00:03<00:01, 1730.79it/s]
 77%|███████▋  | 6816/8810 [00:03<00:00, 2068.43it/s]
 80%|███████▉  | 7029/8810 [00:04<00:00, 1982.01it/s]
 82%|████████▏ | 7251/8810 [00:04<00:00, 2044.48it/s]
 85%|████████▍ | 7461/8810 [00:04<00:00, 2057.47it/s]
 87%|████████▋ | 7680/8810 [00:04<00:00, 2091.25it/s]
 90%|████████▉ | 7891/8810 [00:04<00:00, 1874.54it/s]
 92%|█████████▏| 8084/8810 [00:04<00:00, 1683.74it/s]
 94%|█████████▍| 8284/8810 [00:04<00:00, 1763.90it/s]
 96%|█████████▌| 8467/8810 [00:04<00:00, 1658.04it/s]
 99%|█████████▊| 8687/8810 [00:04<00:00, 1796.56it/s]
100%|██████████| 8810/8810 [00:05<00:00, 1738.95it/s]
