
  0%|          | 0/8810 [00:00<?, ?it/s]
  2%|▏         | 181/8810 [00:00<00:06, 1360.69it/s]
  5%|▍         | 409/8810 [00:00<00:04, 1823.75it/s]
  7%|▋         | 644/8810 [00:00<00:04, 2040.94it/s]
 10%|▉         | 853/8810 [00:00<00:04, 1780.30it/s]
 12%|█▏        | 1038/8810 [00:00<00:04, 1728.30it/s]
 14%|█▍        | 1255/8810 [00:00<00:04, 1857.52it/s]
 17%|█▋        | 1457/8810 [00:00<00:04, 1744.63it/s]
 19%|█▉        | 1659/8810 [00:00<00:03, 1815.29it/s]
 21%|██        | 1844/8810 [00:01<00:04, 1717.42it/s]
 23%|██▎       | 2027/8810 [00:01<00:03, 1748.41it/s]
 25%|██▌       | 2222/8810 [00:01<00:03, 1802.65it/s]
 27%|██▋       | 2405/8810 [00:01<00:03, 1696.62it/s]
 30%|██▉       | 2642/8810 [00:01<00:03, 1884.07it/s]
 32%|███▏      | 2834/8810 [00:01<00:03, 1735.13it/s]
 34%|███▍      | 3036/8810 [00:01<00:03, 1812.12it/s]
 37%|███▋      | 3221/8810 [00:01<00:03, 1710.54it/s]
 39%|███▊      | 3396/8810 [00:01<00:03, 1713.78it/s]
 41%|████      | 3570/8810 [00:02<00:03, 1628.52it/s]
 43%|████▎     | 3774/8810 [00:02<00:03, 1635.41it/s]
 46%|████▌     | 4017/8810 [00:02<00:02, 1845.55it/s]
 48%|████▊     | 4205/8810 [00:02<00:02, 1816.23it/s]
 50%|█████     | 4436/8810 [00:02<00:02, 1947.29it/s]
 53%|█████▎    | 4634/8810 [00:02<00:02, 1817.61it/s]
 55%|█████▍    | 4828/8810 [00:02<00:02, 1850.59it/s]
 57%|█████▋    | 5016/8810 [00:02<00:02, 1704.78it/s]
 59%|█████▉    | 5220/8810 [00:02<00:02, 1786.64it/s]
 61%|██████▏   | 5402/8810 [00:03<00:01, 1724.88it/s]
 64%|██████▍   | 5646/8810 [00:03<00:01, 1920.44it/s]
 66%|██████▋   | 5842/8810 [00:03<00:01, 1831.42it/s]
 68%|██████▊   | 6029/8810 [00:03<00:01, 1758.51it/s]
 70%|███████   | 6208/8810 [00:03<00:01, 1694.47it/s]
 73%|███████▎  | 6400/8810 [00:03<00:01, 1669.33it/s]
 75%|███████▌  | 6638/8810 [00:03<00:01, 1857.71it/s]
 79%|███████▊  | 6931/8810 [00:03<00:00, 2149.61it/s]
 81%|████████  | 7150/8810 [00:03<00:00, 1934.56it/s]
 83%|████████▎ | 7350/8810 [00:04<00:00, 1935.00it/s]
 86%|████████▌ | 7548/8810 [00:04<00:00, 1739.66it/s]
 88%|████████▊ | 7728/8810 [00:04<00:00, 1698.83it/s]
 90%|████████▉ | 7917/8810 [00:04<00:00, 1747.89it/s]
 92%|█████████▏| 8096/8810 [00:04<00:00, 1509.45it/s]
 94%|█████████▍| 8269/8810 [00:04<00:00, 1564.68it/s]
 96%|█████████▌| 8432/8810 [00:04<00:00, 1512.05it/s]
 98%|█████████▊| 8622/8810 [00:04<00:00, 1609.45it/s]
100%|█████████▉| 8788/8810 [00:05<00:00, 1505.74it/s]
100%|██████████| 8810/8810 [00:05<00:00, 1744.21it/s]
