
  0%|          | 0/8810 [00:00<?, ?it/s]
  2%|▏         | 181/8810 [00:00<00:06, 1381.68it/s]
  5%|▍         | 411/8810 [00:00<00:04, 1851.19it/s]
  7%|▋         | 630/8810 [00:00<00:04, 1992.55it/s]
  9%|▉         | 834/8810 [00:00<00:04, 1694.94it/s]
 11%|█▏        | 1012/8810 [00:00<00:05, 1523.60it/s]
 14%|█▍        | 1226/8810 [00:00<00:04, 1695.33it/s]
 16%|█▌        | 1417/8810 [00:00<00:04, 1756.43it/s]
 18%|█▊        | 1599/8810 [00:00<00:04, 1617.39it/s]
 21%|██        | 1810/8810 [00:01<00:04, 1749.09it/s]
 23%|██▎       | 1991/8810 [00:01<00:04, 1556.44it/s]
 25%|██▌       | 2207/8810 [00:01<00:03, 1713.41it/s]
 27%|██▋       | 2386/8810 [00:01<00:04, 1545.84it/s]
 30%|██▉       | 2624/8810 [00:01<00:03, 1759.47it/s]
 32%|███▏      | 2809/8810 [00:01<00:03, 1607.51it/s]
 34%|███▍      | 2978/8810 [00:01<00:03, 1627.99it/s]
 36%|███▌      | 3147/8810 [00:01<00:03, 1515.79it/s]
 38%|███▊      | 3304/8810 [00:02<00:03, 1493.11it/s]
 39%|███▉      | 3457/8810 [00:02<00:03, 1412.45it/s]
 42%|████▏     | 3658/8810 [00:02<00:03, 1566.47it/s]
 43%|████▎     | 3819/8810 [00:02<00:03, 1537.48it/s]
 46%|████▌     | 4028/8810 [00:02<00:02, 1689.17it/s]
 48%|████▊     | 4201/8810 [00:02<00:02, 1597.06it/s]
 50%|█████     | 4428/8810 [00:02<00:02, 1779.08it/s]
 52%|█████▏    | 4610/8810 [00:02<00:02, 1781.58it/s]
 54%|█████▍    | 4791/8810 [00:02<00:02, 1599.09it/s]
 56%|█████▋    | 4956/8810 [00:03<00:02, 1468.73it/s]
 58%|█████▊    | 5153/8810 [00:03<00:02, 1594.23it/s]
 61%|██████    | 5344/8810 [00:03<00:02, 1677.29it/s]
 63%|██████▎   | 5517/8810 [00:03<00:02, 1570.35it/s]
 65%|██████▌   | 5728/8810 [00:03<00:01, 1712.89it/s]
 67%|██████▋   | 5904/8810 [00:03<00:01, 1490.16it/s]
 69%|██████▉   | 6061/8810 [00:03<00:01, 1415.59it/s]
 71%|███████   | 6252/8810 [00:03<00:01, 1540.59it/s]
 73%|███████▎  | 6413/8810 [00:04<00:01, 1463.33it/s]
 75%|███████▌  | 6619/8810 [00:04<00:01, 1619.67it/s]
 78%|███████▊  | 6832/8810 [00:04<00:01, 1758.46it/s]
 80%|███████▉  | 7013/8810 [00:04<00:01, 1673.53it/s]
 82%|████████▏ | 7185/8810 [00:04<00:01, 1607.33it/s]
 84%|████████▎ | 7360/8810 [00:04<00:00, 1571.94it/s]
 85%|████████▌ | 7520/8810 [00:04<00:00, 1577.43it/s]
 87%|████████▋ | 7699/8810 [00:04<00:00, 1635.43it/s]
 89%|████████▉ | 7865/8810 [00:04<00:00, 1388.94it/s]
 91%|█████████ | 8024/8810 [00:05<00:00, 1438.58it/s]
 93%|█████████▎| 8174/8810 [00:05<00:00, 1268.02it/s]
 94%|█████████▍| 8308/8810 [00:05<00:00, 1248.60it/s]
 96%|█████████▌| 8438/8810 [00:05<00:00, 1148.11it/s]
 98%|█████████▊| 8612/8810 [00:05<00:00, 1295.05it/s]
 99%|█████████▉| 8748/8810 [00:05<00:00, 1218.80it/s]
100%|██████████| 8810/8810 [00:05<00:00, 1542.45it/s]
