
  0%|          | 0/8810 [00:00<?, ?it/s]
  2%|▏         | 181/8810 [00:00<00:06, 1319.78it/s]
  5%|▍         | 409/8810 [00:00<00:04, 1800.29it/s]
  7%|▋         | 610/8810 [00:00<00:04, 1875.28it/s]
  9%|▉         | 802/8810 [00:00<00:05, 1555.09it/s]
 11%|█         | 967/8810 [00:00<00:05, 1526.59it/s]
 13%|█▎        | 1125/8810 [00:00<00:05, 1449.54it/s]
 15%|█▌        | 1322/8810 [00:00<00:04, 1596.49it/s]
 17%|█▋        | 1487/8810 [00:00<00:05, 1444.27it/s]
 19%|█▉        | 1670/8810 [00:01<00:04, 1546.32it/s]
 21%|██        | 1830/8810 [00:01<00:05, 1362.81it/s]
 23%|██▎       | 1983/8810 [00:01<00:04, 1402.82it/s]
 25%|██▍       | 2199/8810 [00:01<00:04, 1604.78it/s]
 27%|██▋       | 2366/8810 [00:01<00:05, 1268.00it/s]
 29%|██▉       | 2533/8810 [00:01<00:04, 1362.17it/s]
 31%|███       | 2721/8810 [00:01<00:04, 1491.87it/s]
 33%|███▎      | 2882/8810 [00:01<00:04, 1350.85it/s]
 35%|███▍      | 3044/8810 [00:02<00:04, 1414.62it/s]
 36%|███▋      | 3194/8810 [00:02<00:04, 1329.55it/s]
 38%|███▊      | 3375/8810 [00:02<00:03, 1453.21it/s]
 40%|████      | 3527/8810 [00:02<00:03, 1339.32it/s]
 42%|████▏     | 3728/8810 [00:02<00:03, 1504.02it/s]
 44%|████▍     | 3885/8810 [00:02<00:03, 1443.01it/s]
 47%|████▋     | 4098/8810 [00:02<00:02, 1617.90it/s]
 48%|████▊     | 4265/8810 [00:02<00:02, 1562.17it/s]
 51%|█████     | 4464/8810 [00:02<00:02, 1678.61it/s]
 53%|█████▎    | 4636/8810 [00:03<00:02, 1494.34it/s]
 54%|█████▍    | 4800/8810 [00:03<00:02, 1531.51it/s]
 56%|█████▋    | 4958/8810 [00:03<00:02, 1396.11it/s]
 58%|█████▊    | 5126/8810 [00:03<00:02, 1468.78it/s]
 60%|██████    | 5319/8810 [00:03<00:02, 1590.73it/s]
 62%|██████▏   | 5483/8810 [00:03<00:02, 1491.72it/s]
 65%|██████▍   | 5694/8810 [00:03<00:01, 1655.25it/s]
 67%|██████▋   | 5865/8810 [00:03<00:01, 1497.89it/s]
 68%|██████▊   | 6021/8810 [00:04<00:01, 1462.75it/s]
 70%|███████   | 6171/8810 [00:04<00:01, 1385.77it/s]
 72%|███████▏  | 6359/8810 [00:04<00:01, 1515.37it/s]
 74%|███████▍  | 6515/8810 [00:04<00:01, 1448.15it/s]
 77%|███████▋  | 6766/8810 [00:04<00:01, 1733.88it/s]
 79%|███████▉  | 6972/8810 [00:04<00:01, 1690.68it/s]
 81%|████████  | 7148/8810 [00:04<00:00, 1707.73it/s]
 83%|████████▎ | 7322/8810 [00:04<00:00, 1650.24it/s]
 85%|████████▌ | 7490/8810 [00:04<00:00, 1462.87it/s]
 87%|████████▋ | 7676/8810 [00:05<00:00, 1562.60it/s]
 89%|████████▉ | 7838/8810 [00:05<00:00, 1387.69it/s]
 91%|█████████ | 8002/8810 [00:05<00:00, 1447.24it/s]
 93%|█████████▎| 8153/8810 [00:05<00:00, 1316.53it/s]
 94%|█████████▍| 8317/8810 [00:05<00:00, 1395.49it/s]
 96%|█████████▌| 8462/8810 [00:05<00:00, 1312.66it/s]
 98%|█████████▊| 8648/8810 [00:05<00:00, 1455.16it/s]
100%|█████████▉| 8799/8810 [00:05<00:00, 1379.37it/s]
100%|██████████| 8810/8810 [00:05<00:00, 1482.09it/s]
