
  0%|          | 0/8810 [00:00<?, ?it/s]
  2%|▏         | 181/8810 [00:00<00:05, 1545.69it/s]
  5%|▍         | 425/8810 [00:00<00:04, 2029.46it/s]
  7%|▋         | 656/8810 [00:00<00:04, 1898.52it/s]
 10%|▉         | 849/8810 [00:00<00:04, 1877.86it/s]
 12%|█▏        | 1039/8810 [00:00<00:04, 1757.32it/s]
 14%|█▍        | 1251/8810 [00:00<00:04, 1863.74it/s]
 17%|█▋        | 1457/8810 [00:00<00:04, 1709.51it/s]
 19%|█▉        | 1667/8810 [00:00<00:03, 1817.74it/s]
 21%|██        | 1853/8810 [00:01<00:04, 1722.26it/s]
 24%|██▎       | 2089/8810 [00:01<00:03, 1889.93it/s]
 26%|██▌       | 2282/8810 [00:01<00:03, 1753.26it/s]
 28%|██▊       | 2507/8810 [00:01<00:03, 1883.47it/s]
 31%|███       | 2744/8810 [00:01<00:03, 1858.23it/s]
 34%|███▎      | 2968/8810 [00:01<00:02, 1956.70it/s]
 36%|███▌      | 3168/8810 [00:01<00:03, 1730.67it/s]
 38%|███▊      | 3362/8810 [00:01<00:03, 1784.36it/s]
 40%|████      | 3546/8810 [00:01<00:03, 1650.18it/s]
 43%|████▎     | 3771/8810 [00:02<00:02, 1803.09it/s]
 45%|████▍     | 3957/8810 [00:02<00:02, 1695.58it/s]
 47%|████▋     | 4180/8810 [00:02<00:02, 1710.41it/s]
 50%|█████     | 4418/8810 [00:02<00:02, 1879.77it/s]
 52%|█████▏    | 4611/8810 [00:02<00:02, 1867.52it/s]
 54%|█████▍    | 4801/8810 [00:02<00:02, 1644.43it/s]
 56%|█████▋    | 4972/8810 [00:02<00:02, 1504.75it/s]
 59%|█████▉    | 5182/8810 [00:02<00:02, 1651.18it/s]
 61%|██████    | 5372/8810 [00:03<00:02, 1598.73it/s]
 63%|██████▎   | 5586/8810 [00:03<00:01, 1738.46it/s]
 65%|██████▌   | 5766/8810 [00:03<00:01, 1719.92it/s]
 67%|██████▋   | 5942/8810 [00:03<00:01, 1664.54it/s]
 69%|██████▉   | 6112/8810 [00:03<00:01, 1613.53it/s]
 72%|███████▏  | 6322/8810 [00:03<00:01, 1742.01it/s]
 74%|███████▍  | 6499/8810 [00:03<00:01, 1611.36it/s]
 77%|███████▋  | 6754/8810 [00:03<00:01, 1862.68it/s]
 79%|███████▉  | 6972/8810 [00:03<00:01, 1801.03it/s]
 81%|████████▏ | 7168/8810 [00:04<00:00, 1830.77it/s]
 84%|████████▎ | 7360/8810 [00:04<00:00, 1716.37it/s]
 86%|████████▌ | 7535/8810 [00:04<00:00, 1639.80it/s]
 88%|████████▊ | 7715/8810 [00:04<00:00, 1623.75it/s]
 90%|████████▉ | 7895/8810 [00:04<00:00, 1666.95it/s]
 92%|█████████▏| 8064/8810 [00:04<00:00, 1436.25it/s]
 93%|█████████▎| 8214/8810 [00:04<00:00, 1418.47it/s]
 95%|█████████▍| 8361/8810 [00:04<00:00, 1378.70it/s]
 97%|█████████▋| 8552/8810 [00:05<00:00, 1517.08it/s]
 99%|█████████▉| 8708/8810 [00:05<00:00, 1470.38it/s]
100%|██████████| 8810/8810 [00:05<00:00, 1699.05it/s]
