
  0%|          | 0/8810 [00:00<?, ?it/s]
  2%|▏         | 181/8810 [00:00<00:06, 1393.30it/s]
  5%|▍         | 430/8810 [00:00<00:04, 1967.21it/s]
  7%|▋         | 656/8810 [00:00<00:04, 1899.22it/s]
 10%|▉         | 855/8810 [00:00<00:04, 1927.97it/s]
 12%|█▏        | 1051/8810 [00:00<00:04, 1783.76it/s]
 14%|█▍        | 1266/8810 [00:00<00:03, 1893.86it/s]
 17%|█▋        | 1459/8810 [00:00<00:04, 1764.84it/s]
 19%|█▉        | 1671/8810 [00:00<00:03, 1865.98it/s]
 21%|██        | 1861/8810 [00:01<00:03, 1740.72it/s]
 24%|██▍       | 2097/8810 [00:01<00:03, 1911.14it/s]
 26%|██▌       | 2293/8810 [00:01<00:03, 1820.35it/s]
 29%|██▉       | 2562/8810 [00:01<00:03, 2057.34it/s]
 31%|███▏      | 2773/8810 [00:01<00:03, 1959.26it/s]
 34%|███▍      | 2987/8810 [00:01<00:02, 2006.69it/s]
 36%|███▌      | 3191/8810 [00:01<00:03, 1840.47it/s]
 39%|███▊      | 3400/8810 [00:01<00:02, 1901.86it/s]
 41%|████      | 3594/8810 [00:01<00:02, 1764.74it/s]
 43%|████▎     | 3775/8810 [00:02<00:02, 1727.54it/s]
 45%|████▌     | 3986/8810 [00:02<00:02, 1827.97it/s]
 47%|████▋     | 4180/8810 [00:02<00:02, 1758.37it/s]
 50%|█████     | 4416/8810 [00:02<00:02, 1918.15it/s]
 52%|█████▏    | 4625/8810 [00:02<00:02, 1808.69it/s]
 55%|█████▍    | 4810/8810 [00:02<00:02, 1761.03it/s]
 57%|█████▋    | 4989/8810 [00:02<00:02, 1635.39it/s]
 59%|█████▉    | 5184/8810 [00:02<00:02, 1716.51it/s]
 61%|██████    | 5372/8810 [00:02<00:02, 1680.51it/s]
 63%|██████▎   | 5585/8810 [00:03<00:01, 1801.96it/s]
 65%|██████▌   | 5768/8810 [00:03<00:01, 1751.80it/s]
 67%|██████▋   | 5946/8810 [00:03<00:01, 1744.10it/s]
 69%|██████▉   | 6122/8810 [00:03<00:01, 1678.81it/s]
 72%|███████▏  | 6316/8810 [00:03<00:01, 1749.22it/s]
 74%|███████▎  | 6493/8810 [00:03<00:01, 1654.41it/s]
 77%|███████▋  | 6758/8810 [00:03<00:01, 1925.28it/s]
 79%|███████▉  | 6972/8810 [00:03<00:00, 1875.84it/s]
 81%|████████▏ | 7163/8810 [00:03<00:00, 1800.05it/s]
 84%|████████▎ | 7360/8810 [00:04<00:00, 1703.70it/s]
 86%|████████▌ | 7535/8810 [00:04<00:00, 1713.81it/s]
 88%|████████▊ | 7715/8810 [00:04<00:00, 1658.26it/s]
 89%|████████▉ | 7884/8810 [00:04<00:00, 1664.37it/s]
 91%|█████████▏| 8052/8810 [00:04<00:00, 1497.18it/s]
 93%|█████████▎| 8234/8810 [00:04<00:00, 1576.67it/s]
 95%|█████████▌| 8395/8810 [00:04<00:00, 1526.91it/s]
 98%|█████████▊| 8600/8810 [00:04<00:00, 1666.88it/s]
100%|█████████▉| 8770/8810 [00:04<00:00, 1593.67it/s]
100%|██████████| 8810/8810 [00:04<00:00, 1763.53it/s]
