
  0%|          | 0/8810 [00:00<?, ?it/s]
  2%|▏         | 181/8810 [00:00<00:06, 1374.42it/s]
  5%|▍         | 425/8810 [00:00<00:04, 1919.44it/s]
  7%|▋         | 656/8810 [00:00<00:04, 1879.00it/s]
 10%|▉         | 863/8810 [00:00<00:04, 1941.37it/s]
 12%|█▏        | 1061/8810 [00:00<00:04, 1805.10it/s]
 15%|█▍        | 1279/8810 [00:00<00:03, 1919.55it/s]
 17%|█▋        | 1475/8810 [00:00<00:04, 1751.89it/s]
 19%|█▉        | 1697/8810 [00:00<00:03, 1883.91it/s]
 21%|██▏       | 1890/8810 [00:01<00:03, 1734.48it/s]
 24%|██▍       | 2145/8810 [00:01<00:03, 1957.11it/s]
 27%|██▋       | 2347/8810 [00:01<00:03, 1801.82it/s]
 30%|██▉       | 2627/8810 [00:01<00:02, 2065.53it/s]
 32%|███▏      | 2842/8810 [00:01<00:03, 1920.59it/s]
 35%|███▍      | 3057/8810 [00:01<00:03, 1827.03it/s]
 37%|███▋      | 3245/8810 [00:01<00:03, 1839.01it/s]
 39%|███▉      | 3433/8810 [00:01<00:03, 1764.67it/s]
 41%|████▏     | 3655/8810 [00:01<00:02, 1881.19it/s]
 44%|████▎     | 3847/8810 [00:02<00:02, 1795.16it/s]
 46%|████▋     | 4081/8810 [00:02<00:02, 1942.26it/s]
 49%|████▊     | 4279/8810 [00:02<00:02, 1832.51it/s]
 51%|█████     | 4514/8810 [00:02<00:02, 1972.15it/s]
 54%|█████▎    | 4715/8810 [00:02<00:02, 1736.49it/s]
 56%|█████▌    | 4905/8810 [00:02<00:02, 1777.55it/s]
 58%|█████▊    | 5089/8810 [00:02<00:02, 1678.53it/s]
 60%|██████    | 5318/8810 [00:02<00:01, 1836.54it/s]
 63%|██████▎   | 5507/8810 [00:03<00:01, 1687.17it/s]
 65%|██████▌   | 5734/8810 [00:03<00:01, 1838.15it/s]
 67%|██████▋   | 5924/8810 [00:03<00:01, 1620.29it/s]
 69%|██████▉   | 6094/8810 [00:03<00:01, 1593.16it/s]
 72%|███████▏  | 6305/8810 [00:03<00:01, 1726.00it/s]
 74%|███████▎  | 6484/8810 [00:03<00:01, 1640.90it/s]
 76%|███████▋  | 6727/8810 [00:03<00:01, 1849.02it/s]
 79%|███████▉  | 6972/8810 [00:03<00:01, 1834.72it/s]
 81%|████████▏ | 7160/8810 [00:03<00:00, 1831.59it/s]
 83%|████████▎ | 7351/8810 [00:04<00:00, 1847.59it/s]
 86%|████████▌ | 7538/8810 [00:04<00:00, 1639.69it/s]
 88%|████████▊ | 7715/8810 [00:04<00:00, 1663.81it/s]
 90%|████████▉ | 7886/8810 [00:04<00:00, 1666.31it/s]
 91%|█████████▏| 8056/8810 [00:04<00:00, 1508.97it/s]
 93%|█████████▎| 8217/8810 [00:04<00:00, 1535.52it/s]
 95%|█████████▌| 8374/8810 [00:04<00:00, 1509.55it/s]
 98%|█████████▊| 8600/8810 [00:04<00:00, 1716.22it/s]
100%|█████████▉| 8775/8810 [00:04<00:00, 1588.57it/s]
100%|██████████| 8810/8810 [00:04<00:00, 1762.04it/s]
