
  0%|          | 0/8810 [00:00<?, ?it/s]
  2%|▏         | 181/8810 [00:00<00:05, 1522.51it/s]
  5%|▍         | 434/8810 [00:00<00:04, 2069.87it/s]
  7%|▋         | 656/8810 [00:00<00:04, 2001.30it/s]
 10%|▉         | 869/8810 [00:00<00:03, 2048.04it/s]
 12%|█▏        | 1076/8810 [00:00<00:04, 1854.77it/s]
 15%|█▍        | 1297/8810 [00:00<00:03, 1955.67it/s]
 17%|█▋        | 1496/8810 [00:00<00:04, 1683.69it/s]
 19%|█▉        | 1716/8810 [00:00<00:03, 1823.52it/s]
 22%|██▏       | 1906/8810 [00:01<00:04, 1683.03it/s]
 24%|██▍       | 2156/8810 [00:01<00:03, 1898.40it/s]
 27%|██▋       | 2354/8810 [00:01<00:03, 1801.84it/s]
 30%|██▉       | 2619/8810 [00:01<00:03, 2029.05it/s]
 32%|███▏      | 2829/8810 [00:01<00:03, 1855.80it/s]
 35%|███▍      | 3040/8810 [00:01<00:03, 1917.77it/s]
 37%|███▋      | 3238/8810 [00:01<00:03, 1745.87it/s]
 39%|███▉      | 3419/8810 [00:01<00:03, 1644.42it/s]
 41%|████      | 3623/8810 [00:01<00:02, 1742.20it/s]
 43%|████▎     | 3802/8810 [00:02<00:02, 1678.15it/s]
 46%|████▌     | 4036/8810 [00:02<00:02, 1855.80it/s]
 48%|████▊     | 4227/8810 [00:02<00:02, 1806.45it/s]
 51%|█████     | 4459/8810 [00:02<00:02, 1946.22it/s]
 53%|█████▎    | 4657/8810 [00:02<00:02, 1726.11it/s]
 55%|█████▍    | 4836/8810 [00:02<00:02, 1662.59it/s]
 57%|█████▋    | 5007/8810 [00:02<00:02, 1581.00it/s]
 59%|█████▉    | 5204/8810 [00:02<00:02, 1682.17it/s]
 61%|██████    | 5376/8810 [00:03<00:02, 1617.91it/s]
 63%|██████▎   | 5564/8810 [00:03<00:01, 1688.95it/s]
 65%|██████▌   | 5754/8810 [00:03<00:01, 1679.58it/s]
 67%|██████▋   | 5924/8810 [00:03<00:01, 1647.28it/s]
 69%|██████▉   | 6090/8810 [00:03<00:01, 1593.17it/s]
 71%|███████▏  | 6298/8810 [00:03<00:01, 1726.79it/s]
 73%|███████▎  | 6473/8810 [00:03<00:01, 1602.11it/s]
 76%|███████▌  | 6715/8810 [00:03<00:01, 1824.68it/s]
 79%|███████▊  | 6931/8810 [00:03<00:00, 1916.36it/s]
 81%|████████  | 7127/8810 [00:04<00:01, 1680.70it/s]
 83%|████████▎ | 7330/8810 [00:04<00:00, 1767.62it/s]
 85%|████████▌ | 7514/8810 [00:04<00:00, 1552.99it/s]
 88%|████████▊ | 7715/8810 [00:04<00:00, 1552.06it/s]
 89%|████████▉ | 7877/8810 [00:04<00:00, 1525.13it/s]
 91%|█████████ | 8037/8810 [00:04<00:00, 1391.89it/s]
 93%|█████████▎| 8200/8810 [00:04<00:00, 1446.62it/s]
 95%|█████████▍| 8361/8810 [00:04<00:00, 1381.02it/s]
 97%|█████████▋| 8518/8810 [00:05<00:00, 1427.37it/s]
 99%|█████████▊| 8695/8810 [00:05<00:00, 1516.90it/s]
100%|██████████| 8810/8810 [00:05<00:00, 1687.56it/s]
