
  0%|          | 0/8810 [00:00<?, ?it/s]
  2%|▏         | 181/8810 [00:00<00:06, 1356.97it/s]
  5%|▍         | 417/8810 [00:00<00:04, 1870.35it/s]
  7%|▋         | 656/8810 [00:00<00:04, 1793.86it/s]
 10%|▉         | 843/8810 [00:00<00:04, 1806.15it/s]
 12%|█▏        | 1027/8810 [00:00<00:04, 1584.22it/s]
 14%|█▎        | 1208/8810 [00:00<00:04, 1648.73it/s]
 16%|█▌        | 1378/8810 [00:00<00:04, 1604.98it/s]
 18%|█▊        | 1542/8810 [00:00<00:04, 1489.94it/s]
 20%|█▉        | 1751/8810 [00:01<00:04, 1653.85it/s]
 22%|██▏       | 1921/8810 [00:01<00:04, 1491.78it/s]
 25%|██▍       | 2166/8810 [00:01<00:03, 1744.90it/s]
 27%|██▋       | 2348/8810 [00:01<00:04, 1609.91it/s]
 30%|██▉       | 2619/8810 [00:01<00:03, 1895.72it/s]
 32%|███▏      | 2818/8810 [00:01<00:03, 1749.21it/s]
 34%|███▍      | 3012/8810 [00:01<00:03, 1795.11it/s]
 36%|███▋      | 3198/8810 [00:01<00:03, 1720.03it/s]
 38%|███▊      | 3390/8810 [00:01<00:03, 1771.48it/s]
 41%|████      | 3571/8810 [00:02<00:03, 1599.16it/s]
 43%|████▎     | 3774/8810 [00:02<00:03, 1550.00it/s]
 45%|████▌     | 3969/8810 [00:02<00:02, 1651.11it/s]
 47%|████▋     | 4180/8810 [00:02<00:02, 1644.73it/s]
 50%|████▉     | 4397/8810 [00:02<00:02, 1779.21it/s]
 52%|█████▏    | 4580/8810 [00:02<00:02, 1735.14it/s]
 54%|█████▍    | 4757/8810 [00:02<00:02, 1540.52it/s]
 56%|█████▌    | 4922/8810 [00:02<00:02, 1564.26it/s]
 58%|█████▊    | 5083/8810 [00:03<00:02, 1482.65it/s]
 60%|██████    | 5307/8810 [00:03<00:02, 1682.06it/s]
 62%|██████▏   | 5481/8810 [00:03<00:02, 1564.81it/s]
 65%|██████▍   | 5721/8810 [00:03<00:01, 1784.14it/s]
 67%|██████▋   | 5906/8810 [00:03<00:01, 1547.20it/s]
 69%|██████▉   | 6070/8810 [00:03<00:01, 1480.97it/s]
 71%|███████   | 6255/8810 [00:03<00:01, 1567.67it/s]
 73%|███████▎  | 6418/8810 [00:03<00:01, 1498.62it/s]
 75%|███████▌  | 6623/8810 [00:04<00:01, 1643.23it/s]
 78%|███████▊  | 6882/8810 [00:04<00:01, 1899.98it/s]
 80%|████████  | 7078/8810 [00:04<00:00, 1782.15it/s]
 82%|████████▏ | 7262/8810 [00:04<00:00, 1792.90it/s]
 85%|████████▍ | 7446/8810 [00:04<00:00, 1754.57it/s]
 87%|████████▋ | 7638/8810 [00:04<00:00, 1797.57it/s]
 89%|████████▉ | 7820/8810 [00:04<00:00, 1636.99it/s]
 91%|█████████ | 8011/8810 [00:04<00:00, 1708.16it/s]
 93%|█████████▎| 8186/8810 [00:04<00:00, 1612.16it/s]
 95%|█████████▍| 8361/8810 [00:05<00:00, 1521.49it/s]
 97%|█████████▋| 8555/8810 [00:05<00:00, 1630.76it/s]
 99%|█████████▉| 8722/8810 [00:05<00:00, 1559.54it/s]
100%|██████████| 8810/8810 [00:05<00:00, 1655.08it/s]
