
  0%|          | 0/8810 [00:00<?, ?it/s]
  2%|▏         | 181/8810 [00:00<00:05, 1464.86it/s]
  5%|▍         | 427/8810 [00:00<00:04, 1995.35it/s]
  7%|▋         | 644/8810 [00:00<00:03, 2068.27it/s]
 10%|▉         | 854/8810 [00:00<00:04, 1681.00it/s]
 12%|█▏        | 1033/8810 [00:00<00:04, 1565.25it/s]
 14%|█▍        | 1232/8810 [00:00<00:04, 1686.09it/s]
 16%|█▌        | 1417/8810 [00:00<00:04, 1732.23it/s]
 18%|█▊        | 1596/8810 [00:00<00:04, 1587.92it/s]
 21%|██        | 1821/8810 [00:01<00:04, 1622.70it/s]
 23%|██▎       | 1987/8810 [00:01<00:04, 1631.11it/s]
 25%|██▍       | 2198/8810 [00:01<00:03, 1759.41it/s]
 27%|██▋       | 2378/8810 [00:01<00:04, 1569.16it/s]
 30%|██▉       | 2615/8810 [00:01<00:03, 1778.09it/s]
 32%|███▏      | 2800/8810 [00:01<00:03, 1672.95it/s]
 34%|███▍      | 3004/8810 [00:01<00:03, 1768.59it/s]
 36%|███▌      | 3186/8810 [00:01<00:03, 1624.42it/s]
 38%|███▊      | 3367/8810 [00:01<00:03, 1672.16it/s]
 40%|████      | 3539/8810 [00:02<00:03, 1549.83it/s]
 43%|████▎     | 3756/8810 [00:02<00:02, 1709.97it/s]
 45%|████▍     | 3932/8810 [00:02<00:03, 1588.37it/s]
 47%|████▋     | 4176/8810 [00:02<00:02, 1808.54it/s]
 50%|████▉     | 4363/8810 [00:02<00:02, 1684.86it/s]
 52%|█████▏    | 4564/8810 [00:02<00:02, 1769.81it/s]
 54%|█████▍    | 4746/8810 [00:02<00:02, 1597.81it/s]
 56%|█████▌    | 4930/8810 [00:02<00:02, 1655.54it/s]
 58%|█████▊    | 5101/8810 [00:03<00:02, 1573.56it/s]
 60%|██████    | 5307/8810 [00:03<00:02, 1703.30it/s]
 62%|██████▏   | 5482/8810 [00:03<00:02, 1561.15it/s]
 65%|██████▍   | 5703/8810 [00:03<00:01, 1726.37it/s]
 67%|██████▋   | 5881/8810 [00:03<00:01, 1584.52it/s]
 69%|██████▊   | 6045/8810 [00:03<00:01, 1416.12it/s]
 71%|███████   | 6243/8810 [00:03<00:01, 1556.31it/s]
 73%|███████▎  | 6406/8810 [00:03<00:01, 1485.53it/s]
 75%|███████▌  | 6637/8810 [00:04<00:01, 1699.55it/s]
 78%|███████▊  | 6885/8810 [00:04<00:01, 1907.98it/s]
 80%|████████  | 7083/8810 [00:04<00:00, 1793.09it/s]
 83%|████████▎ | 7269/8810 [00:04<00:00, 1774.77it/s]
 85%|████████▍ | 7451/8810 [00:04<00:00, 1684.99it/s]
 87%|████████▋ | 7623/8810 [00:04<00:00, 1679.84it/s]
 88%|████████▊ | 7794/8810 [00:04<00:00, 1530.59it/s]
 90%|█████████ | 7957/8810 [00:04<00:00, 1555.31it/s]
 92%|█████████▏| 8116/8810 [00:04<00:00, 1433.42it/s]
 94%|█████████▍| 8306/8810 [00:05<00:00, 1555.58it/s]
 96%|█████████▌| 8466/8810 [00:05<00:00, 1473.22it/s]
 99%|█████████▊| 8678/8810 [00:05<00:00, 1646.73it/s]
100%|██████████| 8810/8810 [00:05<00:00, 1645.43it/s]
