
  0%|          | 0/8810 [00:00<?, ?it/s]
  2%|▏         | 181/8810 [00:00<00:05, 1454.77it/s]
  5%|▍         | 423/8810 [00:00<00:04, 1955.43it/s]
  7%|▋         | 636/8810 [00:00<00:04, 2021.35it/s]
 10%|▉         | 842/8810 [00:00<00:04, 1800.58it/s]
 12%|█▏        | 1027/8810 [00:00<00:05, 1520.20it/s]
 13%|█▎        | 1187/8810 [00:00<00:05, 1381.63it/s]
 16%|█▌        | 1369/8810 [00:00<00:04, 1494.99it/s]
 17%|█▋        | 1525/8810 [00:00<00:05, 1445.85it/s]
 20%|█▉        | 1742/8810 [00:01<00:04, 1641.73it/s]
 22%|██▏       | 1912/8810 [00:01<00:04, 1564.18it/s]
 25%|██▍       | 2193/8810 [00:01<00:03, 1903.42it/s]
 27%|██▋       | 2391/8810 [00:01<00:03, 1682.90it/s]
 30%|███       | 2643/8810 [00:01<00:03, 1898.16it/s]
 32%|███▏      | 2843/8810 [00:01<00:03, 1676.39it/s]
 35%|███▍      | 3057/8810 [00:01<00:03, 1675.59it/s]
 37%|███▋      | 3238/8810 [00:01<00:03, 1702.30it/s]
 39%|███▉      | 3414/8810 [00:02<00:03, 1617.80it/s]
 41%|████▏     | 3638/8810 [00:02<00:02, 1779.92it/s]
 43%|████▎     | 3822/8810 [00:02<00:02, 1730.68it/s]
 45%|████▌     | 3999/8810 [00:02<00:02, 1718.78it/s]
 47%|████▋     | 4180/8810 [00:02<00:02, 1558.61it/s]
 49%|████▉     | 4358/8810 [00:02<00:02, 1607.94it/s]
 51%|█████▏    | 4523/8810 [00:02<00:02, 1590.15it/s]
 53%|█████▎    | 4685/8810 [00:02<00:02, 1411.49it/s]
 55%|█████▍    | 4831/8810 [00:02<00:02, 1420.76it/s]
 56%|█████▋    | 4977/8810 [00:03<00:03, 1260.70it/s]
 58%|█████▊    | 5153/8810 [00:03<00:02, 1385.65it/s]
 61%|██████    | 5335/8810 [00:03<00:02, 1498.35it/s]
 62%|██████▏   | 5491/8810 [00:03<00:02, 1441.85it/s]
 65%|██████▍   | 5686/8810 [00:03<00:01, 1578.37it/s]
 66%|██████▋   | 5849/8810 [00:03<00:02, 1476.93it/s]
 68%|██████▊   | 6001/8810 [00:03<00:01, 1458.02it/s]
 70%|██████▉   | 6150/8810 [00:03<00:01, 1370.31it/s]
 72%|███████▏  | 6343/8810 [00:04<00:01, 1517.29it/s]
 74%|███████▍  | 6499/8810 [00:04<00:01, 1388.64it/s]
 77%|███████▋  | 6768/8810 [00:04<00:01, 1731.03it/s]
 79%|███████▉  | 6972/8810 [00:04<00:01, 1674.00it/s]
 81%|████████▏ | 7168/8810 [00:04<00:00, 1748.25it/s]
 84%|████████▎ | 7360/8810 [00:04<00:00, 1678.20it/s]
 85%|████████▌ | 7532/8810 [00:04<00:00, 1666.42it/s]
 88%|████████▊ | 7711/8810 [00:04<00:00, 1700.19it/s]
 89%|████████▉ | 7884/8810 [00:04<00:00, 1521.92it/s]
 91%|█████████▏| 8041/8810 [00:05<00:00, 1406.28it/s]
 93%|█████████▎| 8188/8810 [00:05<00:00, 1408.04it/s]
 95%|█████████▍| 8354/8810 [00:05<00:00, 1469.17it/s]
 97%|█████████▋| 8504/8810 [00:05<00:00, 1290.57it/s]
 99%|█████████▊| 8697/8810 [00:05<00:00, 1453.61it/s]
100%|██████████| 8810/8810 [00:05<00:00, 1562.21it/s]
