
  0%|          | 0/8810 [00:00<?, ?it/s]
  2%|▏         | 181/8810 [00:00<00:05, 1697.50it/s]
  5%|▌         | 445/8810 [00:00<00:03, 2230.57it/s]
  8%|▊         | 670/8810 [00:00<00:03, 2112.12it/s]
 10%|█         | 883/8810 [00:00<00:03, 2015.29it/s]
 12%|█▏        | 1086/8810 [00:00<00:04, 1834.79it/s]
 15%|█▍        | 1299/8810 [00:00<00:03, 1923.87it/s]
 17%|█▋        | 1495/8810 [00:00<00:04, 1686.53it/s]
 19%|█▉        | 1716/8810 [00:00<00:03, 1823.77it/s]
 22%|██▏       | 1905/8810 [00:01<00:04, 1652.26it/s]
 24%|██▍       | 2137/8810 [00:01<00:03, 1827.23it/s]
 26%|██▋       | 2327/8810 [00:01<00:03, 1729.18it/s]
 30%|██▉       | 2622/8810 [00:01<00:03, 2052.44it/s]
 32%|███▏      | 2836/8810 [00:01<00:03, 1932.60it/s]
 35%|███▍      | 3057/8810 [00:01<00:03, 1834.79it/s]
 37%|███▋      | 3246/8810 [00:01<00:03, 1692.00it/s]
 39%|███▉      | 3420/8810 [00:01<00:03, 1629.12it/s]
 41%|████▏     | 3647/8810 [00:01<00:02, 1792.88it/s]
 43%|████▎     | 3832/8810 [00:02<00:02, 1702.30it/s]
 46%|████▌     | 4028/8810 [00:02<00:02, 1769.80it/s]
 48%|████▊     | 4209/8810 [00:02<00:02, 1580.31it/s]
 50%|█████     | 4405/8810 [00:02<00:02, 1677.21it/s]
 52%|█████▏    | 4579/8810 [00:02<00:02, 1534.06it/s]
 54%|█████▍    | 4738/8810 [00:02<00:02, 1359.99it/s]
 56%|█████▌    | 4932/8810 [00:02<00:02, 1370.91it/s]
 58%|█████▊    | 5114/8810 [00:02<00:02, 1474.56it/s]
 60%|██████    | 5319/8810 [00:03<00:02, 1621.30it/s]
 62%|██████▏   | 5488/8810 [00:03<00:02, 1546.43it/s]
 65%|██████▌   | 5735/8810 [00:03<00:01, 1789.15it/s]
 67%|██████▋   | 5921/8810 [00:03<00:01, 1627.57it/s]
 69%|██████▉   | 6100/8810 [00:03<00:01, 1665.97it/s]
 72%|███████▏  | 6351/8810 [00:03<00:01, 1894.42it/s]
 74%|███████▍  | 6547/8810 [00:03<00:01, 1841.16it/s]
 78%|███████▊  | 6836/8810 [00:03<00:00, 2131.09it/s]
 80%|████████  | 7055/8810 [00:03<00:00, 2062.43it/s]
 82%|████████▏ | 7267/8810 [00:04<00:00, 2074.98it/s]
 85%|████████▍ | 7478/8810 [00:04<00:00, 2039.55it/s]
 88%|████████▊ | 7715/8810 [00:04<00:00, 1955.25it/s]
 90%|████████▉ | 7922/8810 [00:04<00:00, 1984.05it/s]
 92%|█████████▏| 8123/8810 [00:04<00:00, 1724.74it/s]
 95%|█████████▍| 8329/8810 [00:04<00:00, 1808.45it/s]
 97%|█████████▋| 8516/8810 [00:04<00:00, 1729.29it/s]
 99%|█████████▉| 8702/8810 [00:04<00:00, 1693.38it/s]
100%|██████████| 8810/8810 [00:04<00:00, 1774.04it/s]
