
  0%|          | 0/8810 [00:00<?, ?it/s]
  2%|▏         | 181/8810 [00:00<00:06, 1342.74it/s]
  5%|▍         | 421/8810 [00:00<00:04, 1879.26it/s]
  7%|▋         | 656/8810 [00:00<00:04, 1787.64it/s]
 10%|▉         | 840/8810 [00:00<00:04, 1800.61it/s]
 12%|█▏        | 1024/8810 [00:00<00:04, 1635.90it/s]
 14%|█▍        | 1247/8810 [00:00<00:04, 1808.93it/s]
 16%|█▋        | 1433/8810 [00:00<00:04, 1823.04it/s]
 18%|█▊        | 1619/8810 [00:00<00:04, 1651.04it/s]
 21%|██        | 1821/8810 [00:01<00:04, 1645.32it/s]
 23%|██▎       | 2014/8810 [00:01<00:03, 1719.70it/s]
 25%|██▌       | 2236/8810 [00:01<00:03, 1858.51it/s]
 28%|██▊       | 2426/8810 [00:01<00:03, 1748.77it/s]
 31%|███       | 2692/8810 [00:01<00:03, 1999.25it/s]
 33%|███▎      | 2897/8810 [00:01<00:03, 1815.99it/s]
 35%|███▌      | 3085/8810 [00:01<00:03, 1736.88it/s]
 37%|███▋      | 3268/8810 [00:01<00:03, 1759.94it/s]
 39%|███▉      | 3448/8810 [00:01<00:03, 1650.77it/s]
 41%|████▏     | 3635/8810 [00:02<00:03, 1707.98it/s]
 43%|████▎     | 3809/8810 [00:02<00:03, 1615.59it/s]
 46%|████▌     | 4017/8810 [00:02<00:02, 1737.73it/s]
 48%|████▊     | 4194/8810 [00:02<00:02, 1614.63it/s]
 50%|█████     | 4415/8810 [00:02<00:02, 1771.41it/s]
 52%|█████▏    | 4597/8810 [00:02<00:02, 1773.75it/s]
 54%|█████▍    | 4778/8810 [00:02<00:02, 1615.20it/s]
 56%|█████▌    | 4944/8810 [00:02<00:02, 1469.10it/s]
 58%|█████▊    | 5115/8810 [00:03<00:02, 1529.99it/s]
 60%|██████    | 5325/8810 [00:03<00:02, 1681.81it/s]
 62%|██████▏   | 5498/8810 [00:03<00:02, 1607.46it/s]
 65%|██████▌   | 5728/8810 [00:03<00:01, 1795.57it/s]
 67%|██████▋   | 5912/8810 [00:03<00:01, 1543.33it/s]
 69%|██████▉   | 6076/8810 [00:03<00:01, 1489.19it/s]
 71%|███████   | 6258/8810 [00:03<00:01, 1573.68it/s]
 73%|███████▎  | 6421/8810 [00:03<00:01, 1489.23it/s]
 75%|███████▌  | 6638/8810 [00:03<00:01, 1666.11it/s]
 78%|███████▊  | 6875/8810 [00:04<00:01, 1856.43it/s]
 80%|████████  | 7067/8810 [00:04<00:01, 1734.16it/s]
 82%|████████▏ | 7246/8810 [00:04<00:00, 1677.87it/s]
 84%|████████▍ | 7418/8810 [00:04<00:00, 1626.46it/s]
 86%|████████▌ | 7584/8810 [00:04<00:00, 1560.35it/s]
 88%|████████▊ | 7742/8810 [00:04<00:00, 1451.47it/s]
 90%|████████▉ | 7922/8810 [00:04<00:00, 1541.03it/s]
 92%|█████████▏| 8079/8810 [00:04<00:00, 1398.40it/s]
 93%|█████████▎| 8223/8810 [00:04<00:00, 1379.09it/s]
 95%|█████████▍| 8364/8810 [00:05<00:00, 1365.52it/s]
 97%|█████████▋| 8544/8810 [00:05<00:00, 1483.56it/s]
 99%|█████████▉| 8702/8810 [00:05<00:00, 1358.19it/s]
100%|██████████| 8810/8810 [00:05<00:00, 1634.28it/s]
