
  0%|          | 0/8810 [00:00<?, ?it/s]
  2%|▏         | 181/8810 [00:00<00:05, 1545.31it/s]
  5%|▌         | 452/8810 [00:00<00:03, 2178.58it/s]
  8%|▊         | 675/8810 [00:00<00:03, 2130.40it/s]
 10%|█         | 891/8810 [00:00<00:03, 2105.61it/s]
 13%|█▎        | 1103/8810 [00:00<00:03, 1970.27it/s]
 15%|█▌        | 1334/8810 [00:00<00:03, 2069.42it/s]
 18%|█▊        | 1543/8810 [00:00<00:03, 1909.81it/s]
 20%|██        | 1800/8810 [00:00<00:03, 2099.55it/s]
 23%|██▎       | 2014/8810 [00:01<00:03, 1929.65it/s]
 26%|██▌       | 2263/8810 [00:01<00:03, 1942.70it/s]
 28%|██▊       | 2492/8810 [00:01<00:03, 2035.58it/s]
 31%|███       | 2744/8810 [00:01<00:03, 1958.15it/s]
 34%|███▎      | 2964/8810 [00:01<00:02, 2019.57it/s]
 36%|███▌      | 3170/8810 [00:01<00:02, 1896.48it/s]
 38%|███▊      | 3381/8810 [00:01<00:02, 1950.17it/s]
 41%|████      | 3579/8810 [00:01<00:02, 1789.18it/s]
 43%|████▎     | 3774/8810 [00:01<00:02, 1770.63it/s]
 46%|████▌     | 4028/8810 [00:02<00:02, 1975.11it/s]
 48%|████▊     | 4230/8810 [00:02<00:02, 1951.24it/s]
 51%|█████     | 4493/8810 [00:02<00:02, 2137.16it/s]
 53%|█████▎    | 4711/8810 [00:02<00:02, 1892.51it/s]
 56%|█████▌    | 4911/8810 [00:02<00:02, 1919.21it/s]
 58%|█████▊    | 5109/8810 [00:02<00:02, 1784.60it/s]
 61%|██████    | 5338/8810 [00:02<00:01, 1913.54it/s]
 63%|██████▎   | 5535/8810 [00:02<00:01, 1842.10it/s]
 65%|██████▌   | 5754/8810 [00:02<00:01, 1814.84it/s]
 67%|██████▋   | 5939/8810 [00:03<00:01, 1757.47it/s]
 69%|██████▉   | 6117/8810 [00:03<00:01, 1696.10it/s]
 72%|███████▏  | 6334/8810 [00:03<00:01, 1819.30it/s]
 74%|███████▍  | 6519/8810 [00:03<00:01, 1701.88it/s]
 77%|███████▋  | 6791/8810 [00:03<00:01, 1970.73it/s]
 79%|███████▉  | 6993/8810 [00:03<00:00, 1828.52it/s]
 82%|████████▏ | 7187/8810 [00:03<00:00, 1857.20it/s]
 84%|████████▎ | 7377/8810 [00:03<00:00, 1771.58it/s]
 86%|████████▌ | 7558/8810 [00:04<00:00, 1621.66it/s]
 88%|████████▊ | 7724/8810 [00:04<00:00, 1592.86it/s]
 90%|████████▉ | 7892/8810 [00:04<00:00, 1615.86it/s]
 91%|█████████▏| 8056/8810 [00:04<00:00, 1414.97it/s]
 93%|█████████▎| 8227/8810 [00:04<00:00, 1488.97it/s]
 95%|█████████▌| 8381/8810 [00:04<00:00, 1473.88it/s]
 98%|█████████▊| 8598/8810 [00:04<00:00, 1657.52it/s]
100%|█████████▉| 8768/8810 [00:04<00:00, 1553.58it/s]
100%|██████████| 8810/8810 [00:04<00:00, 1819.85it/s]
