
  0%|          | 0/8810 [00:00<?, ?it/s]
  2%|▏         | 181/8810 [00:00<00:05, 1447.40it/s]
  4%|▍         | 396/8810 [00:00<00:04, 1821.17it/s]
  7%|▋         | 625/8810 [00:00<00:04, 2023.13it/s]
  9%|▉         | 831/8810 [00:00<00:04, 1726.91it/s]
 11%|█▏        | 1011/8810 [00:00<00:04, 1578.90it/s]
 14%|█▍        | 1215/8810 [00:00<00:04, 1711.87it/s]
 16%|█▌        | 1394/8810 [00:00<00:04, 1732.90it/s]
 18%|█▊        | 1572/8810 [00:00<00:04, 1579.75it/s]
 20%|██        | 1793/8810 [00:01<00:04, 1750.76it/s]
 22%|██▏       | 1974/8810 [00:01<00:04, 1606.05it/s]
 25%|██▌       | 2211/8810 [00:01<00:03, 1809.62it/s]
 27%|██▋       | 2399/8810 [00:01<00:03, 1666.72it/s]
 30%|███       | 2670/8810 [00:01<00:03, 1940.74it/s]
 33%|███▎      | 2873/8810 [00:01<00:03, 1875.13it/s]
 35%|███▍      | 3067/8810 [00:01<00:03, 1697.68it/s]
 37%|███▋      | 3268/8810 [00:01<00:03, 1774.82it/s]
 39%|███▉      | 3452/8810 [00:02<00:03, 1629.38it/s]
 41%|████      | 3626/8810 [00:02<00:03, 1655.56it/s]
 43%|████▎     | 3796/8810 [00:02<00:03, 1587.12it/s]
 45%|████▌     | 3987/8810 [00:02<00:02, 1673.05it/s]
 47%|████▋     | 4180/8810 [00:02<00:02, 1655.01it/s]
 50%|████▉     | 4402/8810 [00:02<00:02, 1806.51it/s]
 52%|█████▏    | 4587/8810 [00:02<00:02, 1817.77it/s]
 54%|█████▍    | 4771/8810 [00:02<00:02, 1656.18it/s]
 56%|█████▌    | 4941/8810 [00:02<00:02, 1474.94it/s]
 59%|█████▊    | 5156/8810 [00:03<00:02, 1645.34it/s]
 61%|██████    | 5358/8810 [00:03<00:01, 1740.80it/s]
 63%|██████▎   | 5539/8810 [00:03<00:02, 1623.86it/s]
 65%|██████▌   | 5754/8810 [00:03<00:01, 1638.19it/s]
 67%|██████▋   | 5922/8810 [00:03<00:01, 1622.06it/s]
 69%|██████▉   | 6087/8810 [00:03<00:01, 1556.79it/s]
 71%|███████▏  | 6294/8810 [00:03<00:01, 1689.38it/s]
 73%|███████▎  | 6466/8810 [00:03<00:01, 1549.32it/s]
 76%|███████▌  | 6717/8810 [00:03<00:01, 1802.01it/s]
 79%|███████▉  | 6947/8810 [00:04<00:00, 1933.51it/s]
 81%|████████  | 7146/8810 [00:04<00:00, 1770.81it/s]
 84%|████████▎ | 7360/8810 [00:04<00:00, 1745.98it/s]
 86%|████████▌ | 7542/8810 [00:04<00:00, 1764.10it/s]
 88%|████████▊ | 7722/8810 [00:04<00:00, 1721.73it/s]
 90%|████████▉ | 7921/8810 [00:04<00:00, 1794.85it/s]
 92%|█████████▏| 8103/8810 [00:04<00:00, 1579.47it/s]
 94%|█████████▍| 8291/8810 [00:04<00:00, 1655.50it/s]
 96%|█████████▌| 8462/8810 [00:05<00:00, 1564.07it/s]
 98%|█████████▊| 8653/8810 [00:05<00:00, 1653.22it/s]
100%|██████████| 8810/8810 [00:05<00:00, 1689.98it/s]
