
  0%|          | 0/8810 [00:00<?, ?it/s]
  2%|▏         | 181/8810 [00:00<00:05, 1611.19it/s]
  5%|▍         | 425/8810 [00:00<00:04, 2067.36it/s]
  7%|▋         | 656/8810 [00:00<00:04, 1976.06it/s]
 10%|▉         | 856/8810 [00:00<00:04, 1974.38it/s]
 12%|█▏        | 1055/8810 [00:00<00:04, 1797.93it/s]
 15%|█▍        | 1289/8810 [00:00<00:03, 1960.31it/s]
 17%|█▋        | 1489/8810 [00:00<00:04, 1809.04it/s]
 19%|█▉        | 1707/8810 [00:00<00:03, 1907.59it/s]
 22%|██▏       | 1902/8810 [00:01<00:04, 1698.58it/s]
 25%|██▍       | 2166/8810 [00:01<00:03, 1946.71it/s]
 27%|██▋       | 2369/8810 [00:01<00:03, 1831.11it/s]
 30%|███       | 2643/8810 [00:01<00:02, 2074.38it/s]
 32%|███▏      | 2858/8810 [00:01<00:03, 1937.55it/s]
 35%|███▍      | 3059/8810 [00:01<00:03, 1781.28it/s]
 37%|███▋      | 3256/8810 [00:01<00:03, 1829.33it/s]
 39%|███▉      | 3444/8810 [00:01<00:03, 1783.98it/s]
 42%|████▏     | 3658/8810 [00:01<00:02, 1878.45it/s]
 44%|████▎     | 3850/8810 [00:02<00:02, 1794.93it/s]
 47%|████▋     | 4118/8810 [00:02<00:02, 2037.63it/s]
 49%|████▉     | 4326/8810 [00:02<00:02, 1956.17it/s]
 52%|█████▏    | 4561/8810 [00:02<00:02, 2063.24it/s]
 54%|█████▍    | 4771/8810 [00:02<00:02, 1850.24it/s]
 56%|█████▋    | 4962/8810 [00:02<00:02, 1711.27it/s]
 59%|█████▉    | 5182/8810 [00:02<00:01, 1831.70it/s]
 61%|██████    | 5372/8810 [00:02<00:01, 1776.44it/s]
 64%|██████▎   | 5597/8810 [00:02<00:01, 1902.34it/s]
 66%|██████▌   | 5792/8810 [00:03<00:01, 1839.17it/s]
 68%|██████▊   | 5979/8810 [00:03<00:01, 1846.31it/s]
 70%|██████▉   | 6166/8810 [00:03<00:01, 1756.71it/s]
 73%|███████▎  | 6400/8810 [00:03<00:01, 1743.21it/s]
 75%|███████▌  | 6642/8810 [00:03<00:01, 1921.17it/s]
 78%|███████▊  | 6898/8810 [00:03<00:00, 2087.90it/s]
 81%|████████  | 7111/8810 [00:03<00:00, 1953.19it/s]
 83%|████████▎ | 7344/8810 [00:03<00:00, 2052.85it/s]
 86%|████████▌ | 7554/8810 [00:04<00:00, 1840.85it/s]
 88%|████████▊ | 7745/8810 [00:04<00:00, 1762.22it/s]
 90%|█████████ | 7941/8810 [00:04<00:00, 1809.07it/s]
 92%|█████████▏| 8126/8810 [00:04<00:00, 1602.07it/s]
 95%|█████████▍| 8334/8810 [00:04<00:00, 1722.29it/s]
 97%|█████████▋| 8513/8810 [00:04<00:00, 1628.96it/s]
 99%|█████████▉| 8702/8810 [00:04<00:00, 1576.48it/s]
100%|██████████| 8810/8810 [00:04<00:00, 1835.06it/s]
