
  0%|          | 0/8810 [00:00<?, ?it/s]
  2%|▏         | 181/8810 [00:00<00:05, 1701.30it/s]
  5%|▌         | 446/8810 [00:00<00:03, 2239.58it/s]
  8%|▊         | 672/8810 [00:00<00:04, 1998.55it/s]
 10%|▉         | 876/8810 [00:00<00:04, 1961.22it/s]
 12%|█▏        | 1074/8810 [00:00<00:04, 1841.47it/s]
 15%|█▌        | 1325/8810 [00:00<00:03, 2047.25it/s]
 17%|█▋        | 1533/8810 [00:00<00:03, 1828.94it/s]
 21%|██        | 1810/8810 [00:00<00:03, 2089.38it/s]
 23%|██▎       | 2026/8810 [00:01<00:03, 1904.83it/s]
 26%|██▌       | 2263/8810 [00:01<00:03, 1901.06it/s]
 28%|██▊       | 2478/8810 [00:01<00:03, 1965.13it/s]
 31%|███       | 2743/8810 [00:01<00:02, 2146.36it/s]
 34%|███▎      | 2963/8810 [00:01<00:03, 1914.78it/s]
 36%|███▌      | 3162/8810 [00:01<00:03, 1826.35it/s]
 38%|███▊      | 3385/8810 [00:01<00:02, 1931.79it/s]
 41%|████      | 3584/8810 [00:01<00:02, 1783.79it/s]
 43%|████▎     | 3774/8810 [00:01<00:02, 1762.42it/s]
 46%|████▌     | 4017/8810 [00:02<00:02, 1937.59it/s]
 48%|████▊     | 4216/8810 [00:02<00:02, 1931.36it/s]
 51%|█████     | 4489/8810 [00:02<00:02, 2154.35it/s]
 53%|█████▎    | 4709/8810 [00:02<00:02, 1933.02it/s]
 56%|█████▌    | 4932/8810 [00:02<00:02, 1826.72it/s]
 59%|█████▊    | 5170/8810 [00:02<00:01, 1967.83it/s]
 61%|██████    | 5374/8810 [00:02<00:01, 1904.52it/s]
 64%|██████▍   | 5638/8810 [00:02<00:01, 2099.94it/s]
 66%|██████▋   | 5854/8810 [00:03<00:01, 1976.05it/s]
 69%|██████▉   | 6057/8810 [00:03<00:01, 1823.68it/s]
 71%|███████▏  | 6298/8810 [00:03<00:01, 1976.65it/s]
 74%|███████▍  | 6502/8810 [00:03<00:01, 1852.61it/s]
 77%|███████▋  | 6790/8810 [00:03<00:00, 2123.83it/s]
 80%|███████▉  | 7010/8810 [00:03<00:00, 2011.14it/s]
 82%|████████▏ | 7236/8810 [00:03<00:00, 2076.22it/s]
 85%|████████▍ | 7449/8810 [00:03<00:00, 2007.79it/s]
 87%|████████▋ | 7673/8810 [00:03<00:00, 2071.38it/s]
 89%|████████▉ | 7884/8810 [00:04<00:00, 1868.52it/s]
 92%|█████████▏| 8077/8810 [00:04<00:00, 1725.93it/s]
 94%|█████████▍| 8301/8810 [00:04<00:00, 1857.95it/s]
 96%|█████████▋| 8493/8810 [00:04<00:00, 1757.43it/s]
 99%|█████████▉| 8702/8810 [00:04<00:00, 1714.80it/s]
100%|██████████| 8810/8810 [00:04<00:00, 1923.60it/s]
