
  0%|          | 0/8810 [00:00<?, ?it/s]
  2%|▏         | 181/8810 [00:00<00:05, 1554.97it/s]
  5%|▍         | 440/8810 [00:00<00:03, 2114.78it/s]
  7%|▋         | 656/8810 [00:00<00:03, 2059.68it/s]
 10%|▉         | 874/8810 [00:00<00:03, 2096.89it/s]
 12%|█▏        | 1086/8810 [00:00<00:03, 1968.59it/s]
 15%|█▌        | 1333/8810 [00:00<00:03, 2126.31it/s]
 18%|█▊        | 1548/8810 [00:00<00:03, 1885.49it/s]
 20%|██        | 1796/8810 [00:00<00:03, 2047.33it/s]
 23%|██▎       | 2007/8810 [00:01<00:03, 1855.08it/s]
 26%|██▌       | 2263/8810 [00:01<00:03, 1856.81it/s]
 29%|██▊       | 2523/8810 [00:01<00:03, 2046.00it/s]
 31%|███       | 2744/8810 [00:01<00:02, 2052.28it/s]
 34%|███▎      | 2961/8810 [00:01<00:02, 2083.29it/s]
 36%|███▌      | 3173/8810 [00:01<00:02, 1898.21it/s]
 38%|███▊      | 3389/8810 [00:01<00:02, 1967.87it/s]
 41%|████      | 3591/8810 [00:01<00:02, 1786.68it/s]
 43%|████▎     | 3776/8810 [00:01<00:02, 1740.32it/s]
 46%|████▌     | 4009/8810 [00:02<00:02, 1896.77it/s]
 48%|████▊     | 4204/8810 [00:02<00:02, 1859.78it/s]
 50%|█████     | 4408/8810 [00:02<00:02, 1907.96it/s]
 52%|█████▏    | 4625/8810 [00:02<00:02, 1802.59it/s]
 55%|█████▍    | 4809/8810 [00:02<00:02, 1789.80it/s]
 57%|█████▋    | 4991/8810 [00:02<00:02, 1680.61it/s]
 59%|█████▉    | 5221/8810 [00:02<00:01, 1846.60it/s]
 61%|██████▏   | 5410/8810 [00:02<00:01, 1730.35it/s]
 64%|██████▍   | 5671/8810 [00:02<00:01, 1964.74it/s]
 67%|██████▋   | 5873/8810 [00:03<00:01, 1850.38it/s]
 69%|██████▉   | 6063/8810 [00:03<00:01, 1694.54it/s]
 71%|███████▏  | 6286/8810 [00:03<00:01, 1829.09it/s]
 73%|███████▎  | 6475/8810 [00:03<00:01, 1717.28it/s]
 76%|███████▋  | 6729/8810 [00:03<00:01, 1930.41it/s]
 79%|███████▉  | 6972/8810 [00:03<00:00, 1903.84it/s]
 81%|████████▏ | 7169/8810 [00:03<00:00, 1909.81it/s]
 84%|████████▎ | 7364/8810 [00:03<00:00, 1878.02it/s]
 86%|████████▌ | 7574/8810 [00:04<00:00, 1933.16it/s]
 88%|████████▊ | 7770/8810 [00:04<00:00, 1756.11it/s]
 91%|█████████ | 7997/8810 [00:04<00:00, 1893.04it/s]
 93%|█████████▎| 8191/8810 [00:04<00:00, 1742.91it/s]
 95%|█████████▌| 8371/8810 [00:04<00:00, 1618.93it/s]
 98%|█████████▊| 8602/8810 [00:04<00:00, 1795.61it/s]
100%|█████████▉| 8788/8810 [00:04<00:00, 1680.18it/s]
100%|██████████| 8810/8810 [00:04<00:00, 1857.42it/s]
