
  0%|          | 0/8810 [00:00<?, ?it/s]
  2%|▏         | 179/8810 [00:00<00:04, 1786.48it/s]
  4%|▍         | 358/8810 [00:00<00:05, 1568.43it/s]
  7%|▋         | 583/8810 [00:00<00:04, 1855.63it/s]
  9%|▉         | 772/8810 [00:00<00:05, 1539.67it/s]
 11%|█         | 934/8810 [00:00<00:05, 1499.75it/s]
 12%|█▏        | 1089/8810 [00:00<00:05, 1445.34it/s]
 14%|█▍        | 1259/8810 [00:00<00:04, 1518.29it/s]
 17%|█▋        | 1457/8810 [00:00<00:04, 1495.58it/s]
 19%|█▉        | 1655/8810 [00:01<00:04, 1627.62it/s]
 21%|██        | 1822/8810 [00:01<00:04, 1515.68it/s]
 23%|██▎       | 2000/8810 [00:01<00:04, 1586.21it/s]
 25%|██▌       | 2218/8810 [00:01<00:03, 1740.13it/s]
 27%|██▋       | 2396/8810 [00:01<00:04, 1556.29it/s]
 30%|███       | 2659/8810 [00:01<00:03, 1835.20it/s]
 32%|███▏      | 2850/8810 [00:01<00:03, 1654.63it/s]
 34%|███▍      | 3024/8810 [00:01<00:03, 1645.70it/s]
 36%|███▋      | 3194/8810 [00:02<00:03, 1492.02it/s]
 38%|███▊      | 3370/8810 [00:02<00:03, 1558.85it/s]
 40%|████      | 3531/8810 [00:02<00:03, 1456.06it/s]
 43%|████▎     | 3751/8810 [00:02<00:03, 1649.54it/s]
 45%|████▍     | 3922/8810 [00:02<00:03, 1459.55it/s]
 47%|████▋     | 4149/8810 [00:02<00:02, 1664.13it/s]
 49%|████▉     | 4325/8810 [00:02<00:02, 1579.03it/s]
 51%|█████▏    | 4535/8810 [00:02<00:02, 1715.04it/s]
 54%|█████▎    | 4714/8810 [00:02<00:02, 1555.05it/s]
 55%|█████▌    | 4889/8810 [00:03<00:02, 1604.95it/s]
 57%|█████▋    | 5056/8810 [00:03<00:02, 1461.66it/s]
 60%|█████▉    | 5253/8810 [00:03<00:02, 1591.58it/s]
 62%|██████▏   | 5419/8810 [00:03<00:02, 1502.00it/s]
 64%|██████▍   | 5634/8810 [00:03<00:01, 1668.18it/s]
 66%|██████▌   | 5807/8810 [00:03<00:01, 1565.08it/s]
 68%|██████▊   | 5969/8810 [00:03<00:01, 1494.10it/s]
 69%|██████▉   | 6122/8810 [00:03<00:01, 1376.55it/s]
 72%|███████▏  | 6322/8810 [00:04<00:01, 1535.57it/s]
 74%|███████▎  | 6481/8810 [00:04<00:01, 1382.22it/s]
 76%|███████▌  | 6713/8810 [00:04<00:01, 1620.47it/s]
 78%|███████▊  | 6910/8810 [00:04<00:01, 1712.22it/s]
 80%|████████  | 7089/8810 [00:04<00:01, 1597.70it/s]
 82%|████████▏ | 7255/8810 [00:04<00:01, 1543.28it/s]
 84%|████████▍ | 7414/8810 [00:04<00:00, 1419.98it/s]
 86%|████████▌ | 7561/8810 [00:04<00:00, 1369.51it/s]
 88%|████████▊ | 7715/8810 [00:04<00:00, 1328.82it/s]
 89%|████████▉ | 7850/8810 [00:05<00:00, 1270.85it/s]
 91%|█████████ | 8011/8810 [00:05<00:00, 1356.39it/s]
 92%|█████████▏| 8149/8810 [00:05<00:00, 1263.26it/s]
 94%|█████████▍| 8313/8810 [00:05<00:00, 1360.72it/s]
 96%|█████████▌| 8452/8810 [00:05<00:00, 1316.74it/s]
 98%|█████████▊| 8644/8810 [00:05<00:00, 1478.79it/s]
100%|█████████▉| 8795/8810 [00:05<00:00, 1473.67it/s]
100%|██████████| 8810/8810 [00:05<00:00, 1526.60it/s]
