
  0%|          | 0/8810 [00:00<?, ?it/s]
  2%|▏         | 181/8810 [00:00<00:05, 1569.24it/s]
  5%|▍         | 434/8810 [00:00<00:04, 2083.47it/s]
  7%|▋         | 656/8810 [00:00<00:04, 2032.75it/s]
 10%|▉         | 865/8810 [00:00<00:03, 2048.71it/s]
 12%|█▏        | 1071/8810 [00:00<00:04, 1876.67it/s]
 15%|█▌        | 1332/8810 [00:00<00:03, 2099.08it/s]
 18%|█▊        | 1546/8810 [00:00<00:03, 1939.62it/s]
 20%|██        | 1805/8810 [00:00<00:03, 2126.62it/s]
 23%|██▎       | 2023/8810 [00:01<00:03, 1923.34it/s]
 26%|██▌       | 2262/8810 [00:01<00:03, 2048.35it/s]
 28%|██▊       | 2473/8810 [00:01<00:03, 1860.58it/s]
 31%|███       | 2744/8810 [00:01<00:03, 1914.54it/s]
 33%|███▎      | 2941/8810 [00:01<00:03, 1927.08it/s]
 36%|███▌      | 3137/8810 [00:01<00:03, 1806.42it/s]
 38%|███▊      | 3336/8810 [00:01<00:02, 1852.45it/s]
 40%|████      | 3524/8810 [00:01<00:02, 1796.61it/s]
 43%|████▎     | 3760/8810 [00:01<00:02, 1950.24it/s]
 45%|████▍     | 3958/8810 [00:02<00:02, 1712.35it/s]
 47%|████▋     | 4180/8810 [00:02<00:02, 1820.31it/s]
 50%|█████     | 4407/8810 [00:02<00:02, 1940.27it/s]
 52%|█████▏    | 4625/8810 [00:02<00:02, 1873.08it/s]
 55%|█████▍    | 4817/8810 [00:02<00:02, 1824.51it/s]
 57%|█████▋    | 5003/8810 [00:02<00:02, 1675.94it/s]
 60%|█████▉    | 5261/8810 [00:02<00:01, 1912.15it/s]
 62%|██████▏   | 5459/8810 [00:02<00:01, 1823.88it/s]
 65%|██████▍   | 5722/8810 [00:02<00:01, 2039.06it/s]
 67%|██████▋   | 5932/8810 [00:03<00:01, 1822.82it/s]
 69%|██████▉   | 6122/8810 [00:03<00:01, 1701.76it/s]
 72%|███████▏  | 6332/8810 [00:03<00:01, 1792.67it/s]
 74%|███████▍  | 6517/8810 [00:03<00:01, 1715.17it/s]
 77%|███████▋  | 6780/8810 [00:03<00:01, 1957.38it/s]
 79%|███████▉  | 6982/8810 [00:03<00:00, 1884.19it/s]
 81%|████████▏ | 7175/8810 [00:03<00:00, 1892.62it/s]
 84%|████████▎ | 7368/8810 [00:03<00:00, 1832.26it/s]
 86%|████████▌ | 7570/8810 [00:04<00:00, 1882.66it/s]
 88%|████████▊ | 7761/8810 [00:04<00:00, 1770.92it/s]
 90%|█████████ | 7956/8810 [00:04<00:00, 1818.65it/s]
 92%|█████████▏| 8140/8810 [00:04<00:00, 1605.11it/s]
 94%|█████████▍| 8317/8810 [00:04<00:00, 1647.77it/s]
 96%|█████████▋| 8487/8810 [00:04<00:00, 1552.71it/s]
 99%|█████████▊| 8686/8810 [00:04<00:00, 1665.41it/s]
100%|██████████| 8810/8810 [00:04<00:00, 1825.76it/s]
