
  0%|          | 0/8810 [00:00<?, ?it/s]
  2%|▏         | 181/8810 [00:00<00:05, 1537.13it/s]
  5%|▍         | 425/8810 [00:00<00:04, 2017.72it/s]
  7%|▋         | 656/8810 [00:00<00:04, 1862.23it/s]
 10%|▉         | 869/8810 [00:00<00:04, 1953.58it/s]
 12%|█▏        | 1068/8810 [00:00<00:04, 1884.29it/s]
 14%|█▍        | 1269/8810 [00:00<00:03, 1918.72it/s]
 17%|█▋        | 1463/8810 [00:00<00:04, 1745.63it/s]
 19%|█▉        | 1660/8810 [00:00<00:03, 1807.14it/s]
 21%|██        | 1844/8810 [00:01<00:04, 1701.45it/s]
 23%|██▎       | 2056/8810 [00:01<00:03, 1817.41it/s]
 26%|██▌       | 2263/8810 [00:01<00:03, 1780.33it/s]
 28%|██▊       | 2504/8810 [00:01<00:03, 1953.44it/s]
 31%|███       | 2744/8810 [00:01<00:03, 1900.86it/s]
 33%|███▎      | 2938/8810 [00:01<00:03, 1886.20it/s]
 36%|███▌      | 3129/8810 [00:01<00:03, 1801.10it/s]
 38%|███▊      | 3311/8810 [00:01<00:03, 1785.05it/s]
 40%|███▉      | 3491/8810 [00:01<00:03, 1669.43it/s]
 42%|████▏     | 3686/8810 [00:02<00:02, 1744.54it/s]
 44%|████▍     | 3863/8810 [00:02<00:02, 1670.42it/s]
 47%|████▋     | 4115/8810 [00:02<00:02, 1903.25it/s]
 49%|████▉     | 4309/8810 [00:02<00:02, 1740.55it/s]
 52%|█████▏    | 4539/8810 [00:02<00:02, 1889.83it/s]
 54%|█████▎    | 4733/8810 [00:02<00:02, 1639.66it/s]
 56%|█████▌    | 4921/8810 [00:02<00:02, 1697.90it/s]
 58%|█████▊    | 5098/8810 [00:02<00:02, 1616.79it/s]
 60%|██████    | 5315/8810 [00:02<00:01, 1761.28it/s]
 62%|██████▏   | 5497/8810 [00:03<00:01, 1679.58it/s]
 65%|██████▌   | 5735/8810 [00:03<00:01, 1866.21it/s]
 67%|██████▋   | 5927/8810 [00:03<00:01, 1613.67it/s]
 69%|██████▉   | 6098/8810 [00:03<00:01, 1501.22it/s]
 71%|███████▏  | 6280/8810 [00:03<00:01, 1578.83it/s]
 73%|███████▎  | 6445/8810 [00:03<00:01, 1510.74it/s]
 76%|███████▌  | 6672/8810 [00:03<00:01, 1708.89it/s]
 78%|███████▊  | 6887/8810 [00:03<00:01, 1828.72it/s]
 80%|████████  | 7076/8810 [00:04<00:01, 1591.94it/s]
 82%|████████▏ | 7244/8810 [00:04<00:00, 1581.57it/s]
 84%|████████▍ | 7409/8810 [00:04<00:00, 1513.74it/s]
 86%|████████▌ | 7565/8810 [00:04<00:00, 1440.23it/s]
 88%|████████▊ | 7715/8810 [00:04<00:00, 1387.29it/s]
 89%|████████▉ | 7856/8810 [00:04<00:00, 1379.02it/s]
 91%|█████████ | 8036/8810 [00:04<00:00, 1488.66it/s]
 93%|█████████▎| 8187/8810 [00:04<00:00, 1446.04it/s]
 95%|█████████▍| 8361/8810 [00:04<00:00, 1408.56it/s]
 98%|█████████▊| 8596/8810 [00:05<00:00, 1660.24it/s]
100%|█████████▉| 8766/8810 [00:05<00:00, 1583.96it/s]
100%|██████████| 8810/8810 [00:05<00:00, 1687.18it/s]
