
  0%|          | 0/8810 [00:00<?, ?it/s]
  2%|▏         | 181/8810 [00:00<00:04, 1753.40it/s]
  5%|▍         | 440/8810 [00:00<00:03, 2237.06it/s]
  8%|▊         | 665/8810 [00:00<00:03, 2167.61it/s]
 10%|█         | 904/8810 [00:00<00:03, 2250.62it/s]
 13%|█▎        | 1130/8810 [00:00<00:03, 2091.41it/s]
 15%|█▌        | 1351/8810 [00:00<00:03, 2129.23it/s]
 18%|█▊        | 1566/8810 [00:00<00:03, 1974.95it/s]
 21%|██        | 1815/8810 [00:00<00:03, 2124.46it/s]
 23%|██▎       | 2031/8810 [00:00<00:03, 1925.22it/s]
 25%|██▌       | 2241/8810 [00:01<00:03, 1969.34it/s]
 28%|██▊       | 2442/8810 [00:01<00:03, 1796.49it/s]
 30%|███       | 2680/8810 [00:01<00:03, 1949.15it/s]
 33%|███▎      | 2881/8810 [00:01<00:03, 1787.80it/s]
 35%|███▍      | 3066/8810 [00:01<00:03, 1639.48it/s]
 37%|███▋      | 3253/8810 [00:01<00:03, 1696.81it/s]
 39%|███▉      | 3428/8810 [00:01<00:03, 1638.94it/s]
 41%|████      | 3629/8810 [00:01<00:02, 1735.53it/s]
 43%|████▎     | 3806/8810 [00:02<00:03, 1660.50it/s]
 46%|████▌     | 4035/8810 [00:02<00:02, 1829.53it/s]
 48%|████▊     | 4222/8810 [00:02<00:02, 1736.42it/s]
 51%|█████     | 4466/8810 [00:02<00:02, 1926.01it/s]
 53%|█████▎    | 4663/8810 [00:02<00:02, 1768.28it/s]
 55%|█████▍    | 4845/8810 [00:02<00:02, 1765.41it/s]
 57%|█████▋    | 5025/8810 [00:02<00:02, 1616.57it/s]
 59%|█████▉    | 5225/8810 [00:02<00:02, 1717.09it/s]
 61%|██████▏   | 5401/8810 [00:02<00:02, 1604.15it/s]
 64%|██████▎   | 5610/8810 [00:03<00:01, 1733.04it/s]
 66%|██████▌   | 5788/8810 [00:03<00:01, 1686.40it/s]
 68%|██████▊   | 5960/8810 [00:03<00:01, 1603.46it/s]
 70%|██████▉   | 6123/8810 [00:03<00:01, 1528.15it/s]
 72%|███████▏  | 6324/8810 [00:03<00:01, 1652.83it/s]
 74%|███████▎  | 6492/8810 [00:03<00:01, 1562.78it/s]
 77%|███████▋  | 6745/8810 [00:03<00:01, 1822.61it/s]
 79%|███████▉  | 6972/8810 [00:03<00:01, 1763.49it/s]
 81%|████████▏ | 7166/8810 [00:03<00:00, 1804.98it/s]
 84%|████████▎ | 7360/8810 [00:04<00:00, 1683.65it/s]
 85%|████████▌ | 7532/8810 [00:04<00:00, 1685.35it/s]
 88%|████████▊ | 7715/8810 [00:04<00:00, 1643.72it/s]
 90%|████████▉ | 7909/8810 [00:04<00:00, 1721.84it/s]
 92%|█████████▏| 8084/8810 [00:04<00:00, 1543.49it/s]
 94%|█████████▍| 8275/8810 [00:04<00:00, 1636.62it/s]
 96%|█████████▌| 8443/8810 [00:04<00:00, 1521.18it/s]
 98%|█████████▊| 8657/8810 [00:04<00:00, 1682.85it/s]
100%|██████████| 8810/8810 [00:05<00:00, 1755.33it/s]
