
  0%|          | 0/8810 [00:00<?, ?it/s]
  2%|▏         | 181/8810 [00:00<00:05, 1599.64it/s]
  5%|▍         | 425/8810 [00:00<00:04, 2062.00it/s]
  7%|▋         | 656/8810 [00:00<00:04, 1902.00it/s]
 10%|▉         | 850/8810 [00:00<00:04, 1892.41it/s]
 12%|█▏        | 1041/8810 [00:00<00:04, 1732.24it/s]
 14%|█▍        | 1256/8810 [00:00<00:04, 1857.83it/s]
 17%|█▋        | 1457/8810 [00:00<00:04, 1708.37it/s]
 19%|█▉        | 1657/8810 [00:00<00:04, 1787.07it/s]
 21%|██        | 1840/8810 [00:01<00:04, 1685.42it/s]
 24%|██▎       | 2075/8810 [00:01<00:03, 1867.14it/s]
 26%|██▌       | 2266/8810 [00:01<00:03, 1736.15it/s]
 28%|██▊       | 2478/8810 [00:01<00:03, 1840.15it/s]
 31%|███       | 2731/8810 [00:01<00:02, 2031.61it/s]
 33%|███▎      | 2939/8810 [00:01<00:03, 1823.15it/s]
 36%|███▌      | 3128/8810 [00:01<00:03, 1692.05it/s]
 37%|███▋      | 3303/8810 [00:01<00:03, 1666.81it/s]
 39%|███▉      | 3474/8810 [00:01<00:03, 1564.00it/s]
 42%|████▏     | 3694/8810 [00:02<00:02, 1728.34it/s]
 44%|████▍     | 3872/8810 [00:02<00:03, 1602.11it/s]
 47%|████▋     | 4113/8810 [00:02<00:02, 1813.23it/s]
 49%|████▉     | 4301/8810 [00:02<00:02, 1729.95it/s]
 51%|█████     | 4506/8810 [00:02<00:02, 1815.26it/s]
 53%|█████▎    | 4692/8810 [00:02<00:02, 1555.01it/s]
 56%|█████▌    | 4890/8810 [00:02<00:02, 1659.32it/s]
 57%|█████▋    | 5064/8810 [00:02<00:02, 1570.70it/s]
 60%|██████    | 5291/8810 [00:03<00:02, 1752.66it/s]
 62%|██████▏   | 5474/8810 [00:03<00:02, 1652.16it/s]
 65%|██████▍   | 5724/8810 [00:03<00:01, 1876.07it/s]
 67%|██████▋   | 5919/8810 [00:03<00:01, 1653.36it/s]
 69%|██████▉   | 6094/8810 [00:03<00:01, 1583.40it/s]
 72%|███████▏  | 6301/8810 [00:03<00:01, 1707.67it/s]
 74%|███████▎  | 6479/8810 [00:03<00:01, 1607.42it/s]
 76%|███████▋  | 6725/8810 [00:03<00:01, 1826.82it/s]
 79%|███████▉  | 6967/8810 [00:03<00:00, 1987.70it/s]
 81%|████████▏ | 7172/8810 [00:04<00:00, 1748.21it/s]
 84%|████████▎ | 7360/8810 [00:04<00:00, 1693.30it/s]
 86%|████████▌ | 7536/8810 [00:04<00:00, 1688.23it/s]
 88%|████████▊ | 7715/8810 [00:04<00:00, 1643.78it/s]
 89%|████████▉ | 7883/8810 [00:04<00:00, 1606.25it/s]
 91%|█████████▏| 8046/8810 [00:04<00:00, 1429.87it/s]
 93%|█████████▎| 8201/8810 [00:04<00:00, 1455.98it/s]
 95%|█████████▍| 8361/8810 [00:04<00:00, 1398.58it/s]
 97%|█████████▋| 8557/8810 [00:05<00:00, 1542.93it/s]
 99%|█████████▉| 8715/8810 [00:05<00:00, 1490.35it/s]
100%|██████████| 8810/8810 [00:05<00:00, 1692.62it/s]
