
  0%|          | 0/8810 [00:00<?, ?it/s]
  2%|▏         | 181/8810 [00:00<00:05, 1503.87it/s]
  5%|▍         | 427/8810 [00:00<00:04, 2009.94it/s]
  7%|▋         | 656/8810 [00:00<00:04, 1913.44it/s]
 10%|▉         | 865/8810 [00:00<00:04, 1970.94it/s]
 12%|█▏        | 1065/8810 [00:00<00:04, 1842.02it/s]
 14%|█▍        | 1276/8810 [00:00<00:03, 1924.56it/s]
 17%|█▋        | 1471/8810 [00:00<00:04, 1737.61it/s]
 19%|█▉        | 1659/8810 [00:00<00:04, 1772.94it/s]
 21%|██        | 1840/8810 [00:01<00:04, 1639.68it/s]
 23%|██▎       | 2068/8810 [00:01<00:03, 1807.10it/s]
 26%|██▌       | 2263/8810 [00:01<00:03, 1746.58it/s]
 28%|██▊       | 2506/8810 [00:01<00:03, 1932.50it/s]
 31%|███       | 2744/8810 [00:01<00:03, 1893.53it/s]
 34%|███▎      | 2961/8810 [00:01<00:02, 1963.03it/s]
 36%|███▌      | 3161/8810 [00:01<00:03, 1861.96it/s]
 38%|███▊      | 3386/8810 [00:01<00:02, 1967.42it/s]
 41%|████      | 3586/8810 [00:01<00:02, 1871.65it/s]
 43%|████▎     | 3776/8810 [00:02<00:02, 1817.03it/s]
 46%|████▌     | 4009/8810 [00:02<00:02, 1958.09it/s]
 48%|████▊     | 4208/8810 [00:02<00:02, 1886.84it/s]
 51%|█████     | 4466/8810 [00:02<00:02, 2076.66it/s]
 53%|█████▎    | 4677/8810 [00:02<00:02, 1840.37it/s]
 55%|█████▌    | 4872/8810 [00:02<00:02, 1867.99it/s]
 57%|█████▋    | 5064/8810 [00:02<00:02, 1761.87it/s]
 60%|██████    | 5315/8810 [00:02<00:01, 1962.13it/s]
 63%|██████▎   | 5517/8810 [00:02<00:01, 1829.46it/s]
 65%|██████▌   | 5748/8810 [00:03<00:01, 1952.31it/s]
 68%|██████▊   | 5949/8810 [00:03<00:01, 1712.30it/s]
 70%|██████▉   | 6129/8810 [00:03<00:01, 1655.91it/s]
 72%|███████▏  | 6358/8810 [00:03<00:01, 1817.28it/s]
 74%|███████▍  | 6546/8810 [00:03<00:01, 1739.99it/s]
 77%|███████▋  | 6793/8810 [00:03<00:01, 1933.88it/s]
 79%|███████▉  | 6992/8810 [00:03<00:01, 1808.15it/s]
 81%|████████▏ | 7178/8810 [00:03<00:00, 1795.35it/s]
 84%|████████▎ | 7361/8810 [00:04<00:00, 1725.18it/s]
 86%|████████▌ | 7539/8810 [00:04<00:00, 1739.98it/s]
 88%|████████▊ | 7715/8810 [00:04<00:00, 1701.25it/s]
 90%|████████▉ | 7894/8810 [00:04<00:00, 1724.37it/s]
 92%|█████████▏| 8068/8810 [00:04<00:00, 1577.46it/s]
 94%|█████████▍| 8266/8810 [00:04<00:00, 1686.37it/s]
 96%|█████████▌| 8438/8810 [00:04<00:00, 1597.50it/s]
 98%|█████████▊| 8644/8810 [00:04<00:00, 1721.93it/s]
100%|██████████| 8810/8810 [00:04<00:00, 1803.56it/s]
