
  0%|          | 0/8810 [00:00<?, ?it/s]
  2%|▏         | 181/8810 [00:00<00:05, 1622.03it/s]
  5%|▍         | 423/8810 [00:00<00:04, 2061.18it/s]
  7%|▋         | 656/8810 [00:00<00:04, 1953.60it/s]
 10%|▉         | 873/8810 [00:00<00:03, 2024.85it/s]
 12%|█▏        | 1078/8810 [00:00<00:04, 1907.89it/s]
 15%|█▍        | 1316/8810 [00:00<00:03, 2054.87it/s]
 17%|█▋        | 1524/8810 [00:00<00:03, 1878.46it/s]
 20%|██        | 1771/8810 [00:00<00:03, 2047.06it/s]
 22%|██▏       | 1981/8810 [00:01<00:03, 1840.57it/s]
 25%|██▌       | 2230/8810 [00:01<00:03, 2011.32it/s]
 28%|██▊       | 2438/8810 [00:01<00:03, 1940.01it/s]
 31%|███       | 2724/8810 [00:01<00:02, 2189.73it/s]
 33%|███▎      | 2949/8810 [00:01<00:02, 2020.08it/s]
 36%|███▌      | 3157/8810 [00:01<00:03, 1876.51it/s]
 38%|███▊      | 3359/8810 [00:01<00:02, 1914.02it/s]
 40%|████      | 3555/8810 [00:01<00:03, 1749.69it/s]
 43%|████▎     | 3774/8810 [00:01<00:02, 1747.48it/s]
 46%|████▌     | 4028/8810 [00:02<00:02, 1949.85it/s]
 48%|████▊     | 4229/8810 [00:02<00:02, 1926.22it/s]
 50%|█████     | 4444/8810 [00:02<00:02, 1983.18it/s]
 53%|█████▎    | 4646/8810 [00:02<00:02, 1780.23it/s]
 55%|█████▍    | 4844/8810 [00:02<00:02, 1828.04it/s]
 57%|█████▋    | 5032/8810 [00:02<00:02, 1656.36it/s]
 60%|█████▉    | 5277/8810 [00:02<00:01, 1862.00it/s]
 62%|██████▏   | 5471/8810 [00:02<00:01, 1728.29it/s]
 65%|██████▌   | 5734/8810 [00:03<00:01, 1961.53it/s]
 67%|██████▋   | 5938/8810 [00:03<00:01, 1751.18it/s]
 69%|██████▉   | 6122/8810 [00:03<00:01, 1682.75it/s]
 72%|███████▏  | 6343/8810 [00:03<00:01, 1818.04it/s]
 74%|███████▍  | 6532/8810 [00:03<00:01, 1728.46it/s]
 77%|███████▋  | 6777/8810 [00:03<00:01, 1918.97it/s]
 79%|███████▉  | 6975/8810 [00:03<00:00, 1856.73it/s]
 81%|████████▏ | 7180/8810 [00:03<00:00, 1904.01it/s]
 84%|████████▎ | 7374/8810 [00:03<00:00, 1836.08it/s]
 86%|████████▌ | 7586/8810 [00:04<00:00, 1914.56it/s]
 88%|████████▊ | 7780/8810 [00:04<00:00, 1782.65it/s]
 91%|█████████ | 7979/8810 [00:04<00:00, 1837.11it/s]
 93%|█████████▎| 8166/8810 [00:04<00:00, 1707.48it/s]
 95%|█████████▍| 8361/8810 [00:04<00:00, 1611.14it/s]
 97%|█████████▋| 8564/8810 [00:04<00:00, 1717.49it/s]
 99%|█████████▉| 8740/8810 [00:04<00:00, 1655.24it/s]
100%|██████████| 8810/8810 [00:04<00:00, 1846.45it/s]
