
  0%|          | 0/8810 [00:00<?, ?it/s]
  2%|▏         | 181/8810 [00:00<00:05, 1463.12it/s]
  5%|▍         | 430/8810 [00:00<00:04, 2009.76it/s]
  7%|▋         | 656/8810 [00:00<00:04, 1923.83it/s]
 10%|▉         | 852/8810 [00:00<00:04, 1868.42it/s]
 12%|█▏        | 1041/8810 [00:00<00:04, 1734.74it/s]
 14%|█▍        | 1254/8810 [00:00<00:04, 1854.97it/s]
 16%|█▋        | 1444/8810 [00:00<00:03, 1868.57it/s]
 19%|█▊        | 1633/8810 [00:00<00:04, 1701.56it/s]
 21%|██        | 1821/8810 [00:01<00:04, 1637.76it/s]
 23%|██▎       | 2026/8810 [00:01<00:03, 1747.56it/s]
 25%|██▌       | 2229/8810 [00:01<00:03, 1823.77it/s]
 27%|██▋       | 2415/8810 [00:01<00:03, 1645.79it/s]
 30%|███       | 2643/8810 [00:01<00:03, 1813.07it/s]
 32%|███▏      | 2830/8810 [00:01<00:03, 1615.10it/s]
 34%|███▍      | 3013/8810 [00:01<00:03, 1666.13it/s]
 36%|███▌      | 3186/8810 [00:01<00:03, 1531.68it/s]
 38%|███▊      | 3377/8810 [00:01<00:03, 1627.39it/s]
 40%|████      | 3545/8810 [00:02<00:03, 1448.13it/s]
 43%|████▎     | 3755/8810 [00:02<00:03, 1612.46it/s]
 45%|████▍     | 3924/8810 [00:02<00:03, 1460.64it/s]
 47%|████▋     | 4152/8810 [00:02<00:02, 1668.28it/s]
 49%|████▉     | 4328/8810 [00:02<00:02, 1567.31it/s]
 52%|█████▏    | 4548/8810 [00:02<00:02, 1731.53it/s]
 54%|█████▎    | 4729/8810 [00:02<00:02, 1499.08it/s]
 55%|█████▌    | 4889/8810 [00:02<00:02, 1503.91it/s]
 57%|█████▋    | 5047/8810 [00:03<00:02, 1355.12it/s]
 59%|█████▉    | 5203/8810 [00:03<00:02, 1402.51it/s]
 61%|██████    | 5372/8810 [00:03<00:02, 1365.51it/s]
 63%|██████▎   | 5539/8810 [00:03<00:02, 1441.30it/s]
 65%|██████▌   | 5754/8810 [00:03<00:02, 1496.10it/s]
 67%|██████▋   | 5908/8810 [00:03<00:01, 1502.31it/s]
 69%|██████▉   | 6061/8810 [00:03<00:01, 1401.00it/s]
 71%|███████   | 6252/8810 [00:03<00:01, 1533.07it/s]
 73%|███████▎  | 6409/8810 [00:04<00:01, 1379.98it/s]
 75%|███████▍  | 6584/8810 [00:04<00:01, 1473.16it/s]
 77%|███████▋  | 6795/8810 [00:04<00:01, 1643.15it/s]
 79%|███████▉  | 6972/8810 [00:04<00:01, 1570.30it/s]
 81%|████████  | 7153/8810 [00:04<00:01, 1628.07it/s]
 83%|████████▎ | 7342/8810 [00:04<00:00, 1698.69it/s]
 85%|████████▌ | 7515/8810 [00:04<00:00, 1498.05it/s]
 88%|████████▊ | 7715/8810 [00:04<00:00, 1482.45it/s]
 89%|████████▉ | 7869/8810 [00:04<00:00, 1496.13it/s]
 91%|█████████ | 8036/8810 [00:05<00:00, 1537.99it/s]
 93%|█████████▎| 8193/8810 [00:05<00:00, 1393.51it/s]
 95%|█████████▍| 8361/8810 [00:05<00:00, 1343.56it/s]
 97%|█████████▋| 8543/8810 [00:05<00:00, 1464.80it/s]
 99%|█████████▉| 8702/8810 [00:05<00:00, 1435.45it/s]
100%|██████████| 8810/8810 [00:05<00:00, 1570.34it/s]
