
  0%|          | 0/8810 [00:00<?, ?it/s]
  2%|▏         | 181/8810 [00:00<00:06, 1351.05it/s]
  5%|▍         | 411/8810 [00:00<00:04, 1827.28it/s]
  7%|▋         | 636/8810 [00:00<00:04, 2000.94it/s]
 10%|▉         | 841/8810 [00:00<00:04, 1735.71it/s]
 12%|█▏        | 1022/8810 [00:00<00:04, 1606.82it/s]
 14%|█▍        | 1216/8810 [00:00<00:04, 1703.30it/s]
 16%|█▌        | 1392/8810 [00:00<00:04, 1681.91it/s]
 18%|█▊        | 1564/8810 [00:00<00:04, 1504.34it/s]
 20%|██        | 1770/8810 [00:01<00:04, 1654.28it/s]
 22%|██▏       | 1941/8810 [00:01<00:04, 1501.00it/s]
 25%|██▍       | 2174/8810 [00:01<00:03, 1718.75it/s]
 27%|██▋       | 2354/8810 [00:01<00:04, 1602.38it/s]
 29%|██▉       | 2594/8810 [00:01<00:03, 1812.27it/s]
 32%|███▏      | 2783/8810 [00:01<00:03, 1715.11it/s]
 34%|███▍      | 2990/8810 [00:01<00:03, 1809.32it/s]
 36%|███▌      | 3177/8810 [00:01<00:03, 1699.37it/s]
 38%|███▊      | 3371/8810 [00:01<00:03, 1759.53it/s]
 40%|████      | 3551/8810 [00:02<00:03, 1566.99it/s]
 43%|████▎     | 3766/8810 [00:02<00:02, 1715.21it/s]
 45%|████▍     | 3944/8810 [00:02<00:03, 1583.65it/s]
 47%|████▋     | 4180/8810 [00:02<00:02, 1617.35it/s]
 50%|█████     | 4411/8810 [00:02<00:02, 1790.61it/s]
 52%|█████▏    | 4600/8810 [00:02<00:02, 1814.97it/s]
 54%|█████▍    | 4786/8810 [00:02<00:02, 1636.19it/s]
 56%|█████▋    | 4956/8810 [00:02<00:02, 1494.54it/s]
 58%|█████▊    | 5153/8810 [00:03<00:02, 1613.29it/s]
 61%|██████    | 5372/8810 [00:03<00:02, 1635.57it/s]
 63%|██████▎   | 5546/8810 [00:03<00:01, 1661.45it/s]
 65%|██████▌   | 5754/8810 [00:03<00:01, 1659.79it/s]
 67%|██████▋   | 5923/8810 [00:03<00:01, 1589.86it/s]
 69%|██████▉   | 6084/8810 [00:03<00:01, 1515.99it/s]
 71%|███████   | 6272/8810 [00:03<00:01, 1611.82it/s]
 73%|███████▎  | 6436/8810 [00:03<00:01, 1521.75it/s]
 76%|███████▌  | 6661/8810 [00:04<00:01, 1715.00it/s]
 78%|███████▊  | 6898/8810 [00:04<00:01, 1893.61it/s]
 80%|████████  | 7092/8810 [00:04<00:00, 1783.71it/s]
 83%|████████▎ | 7294/8810 [00:04<00:00, 1844.78it/s]
 85%|████████▍ | 7482/8810 [00:04<00:00, 1781.06it/s]
 87%|████████▋ | 7702/8810 [00:04<00:00, 1895.49it/s]
 90%|████████▉ | 7895/8810 [00:04<00:00, 1678.57it/s]
 92%|█████████▏| 8069/8810 [00:04<00:00, 1521.49it/s]
 94%|█████████▍| 8261/8810 [00:04<00:00, 1616.70it/s]
 96%|█████████▌| 8429/8810 [00:05<00:00, 1497.87it/s]
 98%|█████████▊| 8633/8810 [00:05<00:00, 1634.31it/s]
100%|█████████▉| 8803/8810 [00:05<00:00, 1574.38it/s]
100%|██████████| 8810/8810 [00:05<00:00, 1662.12it/s]
