
  0%|          | 0/8810 [00:00<?, ?it/s]
  2%|▏         | 181/8810 [00:00<00:05, 1583.05it/s]
  5%|▍         | 434/8810 [00:00<00:03, 2099.51it/s]
  7%|▋         | 656/8810 [00:00<00:04, 1986.41it/s]
 10%|▉         | 865/8810 [00:00<00:03, 2016.00it/s]
 12%|█▏        | 1069/8810 [00:00<00:04, 1917.10it/s]
 15%|█▍        | 1279/8810 [00:00<00:03, 1973.22it/s]
 17%|█▋        | 1478/8810 [00:00<00:04, 1798.34it/s]
 19%|█▉        | 1694/8810 [00:00<00:03, 1902.10it/s]
 21%|██▏       | 1888/8810 [00:01<00:04, 1648.55it/s]
 24%|██▍       | 2125/8810 [00:01<00:03, 1837.07it/s]
 26%|██▋       | 2317/8810 [00:01<00:03, 1641.11it/s]
 29%|██▉       | 2550/8810 [00:01<00:03, 1814.88it/s]
 31%|███       | 2744/8810 [00:01<00:03, 1713.85it/s]
 33%|███▎      | 2923/8810 [00:01<00:03, 1613.29it/s]
 35%|███▌      | 3090/8810 [00:01<00:03, 1505.45it/s]
 37%|███▋      | 3245/8810 [00:01<00:03, 1487.01it/s]
 39%|███▊      | 3410/8810 [00:02<00:03, 1411.01it/s]
 41%|████      | 3589/8810 [00:02<00:03, 1503.31it/s]
 43%|████▎     | 3774/8810 [00:02<00:03, 1445.59it/s]
 45%|████▌     | 3987/8810 [00:02<00:02, 1618.04it/s]
 47%|████▋     | 4180/8810 [00:02<00:02, 1602.96it/s]
 50%|████▉     | 4402/8810 [00:02<00:02, 1762.26it/s]
 52%|█████▏    | 4583/8810 [00:02<00:02, 1761.01it/s]
 54%|█████▍    | 4763/8810 [00:02<00:02, 1640.14it/s]
 56%|█████▌    | 4932/8810 [00:02<00:02, 1517.61it/s]
 58%|█████▊    | 5126/8810 [00:03<00:02, 1627.00it/s]
 60%|██████    | 5315/8810 [00:03<00:02, 1695.35it/s]
 62%|██████▏   | 5488/8810 [00:03<00:02, 1548.33it/s]
 65%|██████▍   | 5697/8810 [00:03<00:01, 1691.08it/s]
 67%|██████▋   | 5871/8810 [00:03<00:01, 1539.45it/s]
 68%|██████▊   | 6031/8810 [00:03<00:01, 1512.53it/s]
 70%|███████   | 6186/8810 [00:03<00:01, 1481.41it/s]
 73%|███████▎  | 6392/8810 [00:03<00:01, 1637.55it/s]
 74%|███████▍  | 6560/8810 [00:03<00:01, 1561.19it/s]
 77%|███████▋  | 6794/8810 [00:04<00:01, 1773.88it/s]
 79%|███████▉  | 6976/8810 [00:04<00:01, 1743.90it/s]
 81%|████████▏ | 7163/8810 [00:04<00:00, 1767.45it/s]
 84%|████████▎ | 7360/8810 [00:04<00:00, 1625.54it/s]
 85%|████████▌ | 7527/8810 [00:04<00:00, 1620.89it/s]
 88%|████████▊ | 7715/8810 [00:04<00:00, 1566.78it/s]
 90%|████████▉ | 7885/8810 [00:04<00:00, 1592.86it/s]
 91%|█████████▏| 8047/8810 [00:04<00:00, 1494.63it/s]
 93%|█████████▎| 8234/8810 [00:04<00:00, 1594.36it/s]
 95%|█████████▌| 8397/8810 [00:05<00:00, 1512.58it/s]
 98%|█████████▊| 8622/8810 [00:05<00:00, 1709.21it/s]
100%|█████████▉| 8797/8810 [00:05<00:00, 1563.12it/s]
100%|██████████| 8810/8810 [00:05<00:00, 1647.61it/s]
