
  0%|          | 0/8810 [00:00<?, ?it/s]
  2%|▏         | 181/8810 [00:00<00:05, 1651.79it/s]
  5%|▍         | 435/8810 [00:00<00:03, 2144.21it/s]
  7%|▋         | 656/8810 [00:00<00:03, 2046.38it/s]
 10%|▉         | 873/8810 [00:00<00:03, 2090.36it/s]
 12%|█▏        | 1084/8810 [00:00<00:04, 1897.44it/s]
 15%|█▍        | 1313/8810 [00:00<00:03, 2016.82it/s]
 17%|█▋        | 1518/8810 [00:00<00:04, 1791.56it/s]
 20%|█▉        | 1748/8810 [00:00<00:03, 1933.47it/s]
 22%|██▏       | 1948/8810 [00:01<00:03, 1768.72it/s]
 25%|██▌       | 2217/8810 [00:01<00:03, 2010.82it/s]
 28%|██▊       | 2426/8810 [00:01<00:03, 1939.95it/s]
 31%|███       | 2703/8810 [00:01<00:02, 2164.94it/s]
 33%|███▎      | 2926/8810 [00:01<00:03, 1960.02it/s]
 36%|███▌      | 3130/8810 [00:01<00:03, 1865.14it/s]
 38%|███▊      | 3336/8810 [00:01<00:02, 1913.17it/s]
 40%|████      | 3532/8810 [00:01<00:03, 1735.96it/s]
 43%|████▎     | 3774/8810 [00:01<00:02, 1819.99it/s]
 46%|████▌     | 4025/8810 [00:02<00:02, 1998.89it/s]
 48%|████▊     | 4231/8810 [00:02<00:02, 1958.53it/s]
 51%|█████     | 4483/8810 [00:02<00:02, 2108.86it/s]
 53%|█████▎    | 4698/8810 [00:02<00:02, 1824.31it/s]
 56%|█████▌    | 4905/8810 [00:02<00:02, 1886.37it/s]
 58%|█████▊    | 5101/8810 [00:02<00:02, 1681.46it/s]
 60%|██████    | 5303/8810 [00:02<00:01, 1761.85it/s]
 62%|██████▏   | 5487/8810 [00:02<00:02, 1613.87it/s]
 65%|██████▌   | 5729/8810 [00:03<00:01, 1819.12it/s]
 67%|██████▋   | 5920/8810 [00:03<00:01, 1523.05it/s]
 69%|██████▉   | 6086/8810 [00:03<00:01, 1433.18it/s]
 71%|███████   | 6239/8810 [00:03<00:01, 1440.10it/s]
 73%|███████▎  | 6396/8810 [00:03<00:01, 1471.20it/s]
 74%|███████▍  | 6549/8810 [00:03<00:01, 1374.10it/s]
 77%|███████▋  | 6763/8810 [00:03<00:01, 1570.16it/s]
 79%|███████▉  | 6960/8810 [00:03<00:01, 1674.76it/s]
 81%|████████  | 7133/8810 [00:04<00:01, 1505.28it/s]
 83%|████████▎ | 7307/8810 [00:04<00:00, 1565.98it/s]
 85%|████████▍ | 7469/8810 [00:04<00:00, 1387.54it/s]
 86%|████████▋ | 7615/8810 [00:04<00:00, 1372.65it/s]
 88%|████████▊ | 7757/8810 [00:04<00:00, 1253.99it/s]
 90%|█████████ | 7930/8810 [00:04<00:00, 1372.23it/s]
 92%|█████████▏| 8073/8810 [00:04<00:00, 1233.68it/s]
 93%|█████████▎| 8224/8810 [00:04<00:00, 1303.23it/s]
 95%|█████████▍| 8361/8810 [00:04<00:00, 1317.05it/s]
 97%|█████████▋| 8536/8810 [00:05<00:00, 1433.80it/s]
 99%|█████████▉| 8702/8810 [00:05<00:00, 1416.40it/s]
100%|██████████| 8810/8810 [00:05<00:00, 1678.92it/s]
