
  0%|          | 0/8810 [00:00<?, ?it/s]
  2%|▏         | 181/8810 [00:00<00:05, 1488.22it/s]
  4%|▍         | 369/8810 [00:00<00:04, 1695.99it/s]
  7%|▋         | 591/8810 [00:00<00:04, 1922.45it/s]
  9%|▉         | 786/8810 [00:00<00:05, 1593.12it/s]
 11%|█         | 956/8810 [00:00<00:04, 1625.28it/s]
 13%|█▎        | 1124/8810 [00:00<00:05, 1459.35it/s]
 15%|█▍        | 1313/8810 [00:00<00:04, 1578.77it/s]
 17%|█▋        | 1477/8810 [00:00<00:04, 1483.73it/s]
 19%|█▉        | 1666/8810 [00:01<00:04, 1593.68it/s]
 21%|██        | 1830/8810 [00:01<00:04, 1494.41it/s]
 23%|██▎       | 2018/8810 [00:01<00:04, 1598.80it/s]
 25%|██▌       | 2218/8810 [00:01<00:03, 1703.17it/s]
 27%|██▋       | 2392/8810 [00:01<00:04, 1578.51it/s]
 30%|██▉       | 2642/8810 [00:01<00:03, 1818.89it/s]
 32%|███▏      | 2829/8810 [00:01<00:03, 1647.97it/s]
 34%|███▍      | 3016/8810 [00:01<00:03, 1704.84it/s]
 36%|███▌      | 3192/8810 [00:01<00:03, 1604.08it/s]
 38%|███▊      | 3387/8810 [00:02<00:03, 1692.78it/s]
 40%|████      | 3561/8810 [00:02<00:03, 1559.98it/s]
 43%|████▎     | 3757/8810 [00:02<00:03, 1660.75it/s]
 45%|████▍     | 3928/8810 [00:02<00:03, 1509.87it/s]
 47%|████▋     | 4169/8810 [00:02<00:02, 1742.04it/s]
 49%|████▉     | 4351/8810 [00:02<00:02, 1641.59it/s]
 52%|█████▏    | 4548/8810 [00:02<00:02, 1728.05it/s]
 54%|█████▎    | 4726/8810 [00:02<00:02, 1538.14it/s]
 56%|█████▌    | 4902/8810 [00:03<00:02, 1592.80it/s]
 58%|█████▊    | 5067/8810 [00:03<00:02, 1500.14it/s]
 60%|█████▉    | 5268/8810 [00:03<00:02, 1629.74it/s]
 62%|██████▏   | 5436/8810 [00:03<00:02, 1498.68it/s]
 64%|██████▍   | 5636/8810 [00:03<00:01, 1628.88it/s]
 66%|██████▌   | 5805/8810 [00:03<00:01, 1587.55it/s]
 68%|██████▊   | 5968/8810 [00:03<00:01, 1509.50it/s]
 69%|██████▉   | 6122/8810 [00:03<00:01, 1504.36it/s]
 72%|███████▏  | 6315/8810 [00:03<00:01, 1620.92it/s]
 74%|███████▎  | 6480/8810 [00:04<00:01, 1516.19it/s]
 76%|███████▌  | 6704/8810 [00:04<00:01, 1712.94it/s]
 78%|███████▊  | 6887/8810 [00:04<00:01, 1740.83it/s]
 80%|████████  | 7064/8810 [00:04<00:01, 1600.88it/s]
 82%|████████▏ | 7228/8810 [00:04<00:01, 1558.07it/s]
 84%|████████▍ | 7387/8810 [00:04<00:00, 1538.86it/s]
 86%|████████▌ | 7543/8810 [00:04<00:00, 1503.90it/s]
 88%|████████▊ | 7715/8810 [00:04<00:00, 1474.05it/s]
 89%|████████▉ | 7877/8810 [00:04<00:00, 1510.51it/s]
 91%|█████████ | 8035/8810 [00:05<00:00, 1528.56it/s]
 93%|█████████▎| 8189/8810 [00:05<00:00, 1409.51it/s]
 95%|█████████▍| 8361/8810 [00:05<00:00, 1350.45it/s]
 97%|█████████▋| 8547/8810 [00:05<00:00, 1480.14it/s]
 99%|█████████▉| 8702/8810 [00:05<00:00, 1397.31it/s]
100%|██████████| 8810/8810 [00:05<00:00, 1576.59it/s]
