
  0%|          | 0/8810 [00:00<?, ?it/s]
  2%|▏         | 181/8810 [00:00<00:05, 1501.75it/s]
  5%|▍         | 435/8810 [00:00<00:04, 2057.77it/s]
  7%|▋         | 656/8810 [00:00<00:04, 1890.84it/s]
 10%|▉         | 851/8810 [00:00<00:04, 1910.91it/s]
 12%|█▏        | 1045/8810 [00:00<00:04, 1770.88it/s]
 15%|█▍        | 1280/8810 [00:00<00:03, 1948.98it/s]
 17%|█▋        | 1479/8810 [00:00<00:04, 1748.81it/s]
 19%|█▉        | 1666/8810 [00:00<00:04, 1776.90it/s]
 21%|██        | 1848/8810 [00:01<00:04, 1626.90it/s]
 23%|██▎       | 2066/8810 [00:01<00:03, 1773.58it/s]
 26%|██▌       | 2263/8810 [00:01<00:03, 1722.60it/s]
 28%|██▊       | 2507/8810 [00:01<00:03, 1908.76it/s]
 31%|███       | 2744/8810 [00:01<00:03, 1897.32it/s]
 33%|███▎      | 2937/8810 [00:01<00:03, 1847.58it/s]
 35%|███▌      | 3124/8810 [00:01<00:03, 1804.57it/s]
 38%|███▊      | 3328/8810 [00:01<00:02, 1866.42it/s]
 40%|███▉      | 3517/8810 [00:01<00:02, 1813.65it/s]
 42%|████▏     | 3730/8810 [00:02<00:02, 1895.96it/s]
 45%|████▍     | 3921/8810 [00:02<00:02, 1759.38it/s]
 47%|████▋     | 4180/8810 [00:02<00:02, 1824.58it/s]
 50%|█████     | 4419/8810 [00:02<00:02, 1972.01it/s]
 52%|█████▏    | 4625/8810 [00:02<00:02, 1820.22it/s]
 55%|█████▍    | 4824/8810 [00:02<00:02, 1863.94it/s]
 57%|█████▋    | 5014/8810 [00:02<00:02, 1704.67it/s]
 59%|█████▉    | 5229/8810 [00:02<00:01, 1819.83it/s]
 61%|██████▏   | 5416/8810 [00:02<00:01, 1768.61it/s]
 64%|██████▍   | 5632/8810 [00:03<00:01, 1868.84it/s]
 66%|██████▌   | 5822/8810 [00:03<00:01, 1809.79it/s]
 68%|██████▊   | 6006/8810 [00:03<00:01, 1747.53it/s]
 70%|███████   | 6183/8810 [00:03<00:01, 1656.95it/s]
 73%|███████▎  | 6400/8810 [00:03<00:01, 1645.29it/s]
 75%|███████▌  | 6638/8810 [00:03<00:01, 1835.38it/s]
 78%|███████▊  | 6886/8810 [00:03<00:00, 2010.65it/s]
 80%|████████  | 7092/8810 [00:03<00:00, 1782.20it/s]
 83%|████████▎ | 7291/8810 [00:04<00:00, 1836.00it/s]
 85%|████████▍ | 7481/8810 [00:04<00:00, 1725.17it/s]
 87%|████████▋ | 7706/8810 [00:04<00:00, 1863.82it/s]
 90%|████████▉ | 7898/8810 [00:04<00:00, 1639.45it/s]
 92%|█████████▏| 8070/8810 [00:04<00:00, 1548.01it/s]
 94%|█████████▍| 8262/8810 [00:04<00:00, 1640.95it/s]
 96%|█████████▌| 8432/8810 [00:04<00:00, 1540.49it/s]
 98%|█████████▊| 8633/8810 [00:04<00:00, 1657.25it/s]
100%|█████████▉| 8804/8810 [00:04<00:00, 1584.16it/s]
100%|██████████| 8810/8810 [00:04<00:00, 1769.23it/s]
