
  0%|          | 0/8810 [00:00<?, ?it/s]
  2%|▏         | 181/8810 [00:00<00:05, 1450.47it/s]
  4%|▍         | 372/8810 [00:00<00:04, 1691.76it/s]
  7%|▋         | 594/8810 [00:00<00:04, 1917.43it/s]
  9%|▉         | 789/8810 [00:00<00:05, 1565.24it/s]
 11%|█         | 958/8810 [00:00<00:04, 1601.90it/s]
 13%|█▎        | 1125/8810 [00:00<00:05, 1438.20it/s]
 15%|█▍        | 1289/8810 [00:00<00:05, 1486.44it/s]
 17%|█▋        | 1457/8810 [00:00<00:05, 1449.83it/s]
 19%|█▊        | 1649/8810 [00:01<00:04, 1576.92it/s]
 21%|██        | 1821/8810 [00:01<00:04, 1503.73it/s]
 23%|██▎       | 1988/8810 [00:01<00:04, 1548.63it/s]
 25%|██▍       | 2195/8810 [00:01<00:03, 1689.41it/s]
 27%|██▋       | 2367/8810 [00:01<00:04, 1592.22it/s]
 29%|██▉       | 2592/8810 [00:01<00:03, 1770.96it/s]
 31%|███▏      | 2773/8810 [00:01<00:03, 1646.18it/s]
 34%|███▎      | 2971/8810 [00:01<00:03, 1732.28it/s]
 36%|███▌      | 3148/8810 [00:01<00:03, 1676.17it/s]
 38%|███▊      | 3319/8810 [00:02<00:03, 1682.44it/s]
 40%|███▉      | 3490/8810 [00:02<00:03, 1499.99it/s]
 42%|████▏     | 3701/8810 [00:02<00:03, 1659.78it/s]
 44%|████▍     | 3873/8810 [00:02<00:03, 1519.15it/s]
 47%|████▋     | 4097/8810 [00:02<00:02, 1704.74it/s]
 49%|████▊     | 4274/8810 [00:02<00:02, 1658.74it/s]
 51%|█████     | 4503/8810 [00:02<00:02, 1829.97it/s]
 53%|█████▎    | 4691/8810 [00:02<00:02, 1611.13it/s]
 55%|█████▌    | 4863/8810 [00:03<00:02, 1637.50it/s]
 57%|█████▋    | 5033/8810 [00:03<00:02, 1515.18it/s]
 59%|█████▉    | 5228/8810 [00:03<00:02, 1627.28it/s]
 61%|██████    | 5396/8810 [00:03<00:02, 1564.44it/s]
 63%|██████▎   | 5588/8810 [00:03<00:01, 1656.80it/s]
 65%|██████▌   | 5758/8810 [00:03<00:01, 1622.53it/s]
 67%|██████▋   | 5923/8810 [00:03<00:01, 1561.15it/s]
 69%|██████▉   | 6082/8810 [00:03<00:01, 1481.61it/s]
 71%|███████▏  | 6278/8810 [00:03<00:01, 1609.45it/s]
 73%|███████▎  | 6442/8810 [00:04<00:01, 1494.30it/s]
 75%|███████▌  | 6633/8810 [00:04<00:01, 1601.67it/s]
 78%|███████▊  | 6851/8810 [00:04<00:01, 1761.43it/s]
 80%|███████▉  | 7031/8810 [00:04<00:01, 1572.28it/s]
 82%|████████▏ | 7195/8810 [00:04<00:01, 1555.05it/s]
 84%|████████▎ | 7360/8810 [00:04<00:00, 1504.27it/s]
 85%|████████▌ | 7514/8810 [00:04<00:00, 1481.95it/s]
 88%|████████▊ | 7711/8810 [00:04<00:00, 1614.39it/s]
 89%|████████▉ | 7876/8810 [00:04<00:00, 1468.48it/s]
 91%|█████████ | 8036/8810 [00:05<00:00, 1497.56it/s]
 93%|█████████▎| 8189/8810 [00:05<00:00, 1390.32it/s]
 95%|█████████▍| 8334/8810 [00:05<00:00, 1406.09it/s]
 96%|█████████▌| 8478/8810 [00:05<00:00, 1374.42it/s]
 98%|█████████▊| 8656/8810 [00:05<00:00, 1480.16it/s]
100%|█████████▉| 8806/8810 [00:05<00:00, 1474.62it/s]
100%|██████████| 8810/8810 [00:05<00:00, 1573.25it/s]
