
  0%|          | 0/8810 [00:00<?, ?it/s]
  2%|▏         | 181/8810 [00:00<00:06, 1432.00it/s]
  5%|▍         | 423/8810 [00:00<00:04, 1950.35it/s]
  7%|▋         | 656/8810 [00:00<00:04, 1895.61it/s]
 10%|▉         | 849/8810 [00:00<00:04, 1848.87it/s]
 12%|█▏        | 1036/8810 [00:00<00:04, 1656.66it/s]
 14%|█▍        | 1225/8810 [00:00<00:04, 1721.91it/s]
 16%|█▌        | 1401/8810 [00:00<00:04, 1706.47it/s]
 18%|█▊        | 1574/8810 [00:00<00:04, 1541.75it/s]
 20%|██        | 1792/8810 [00:01<00:04, 1711.53it/s]
 22%|██▏       | 1968/8810 [00:01<00:04, 1526.95it/s]
 25%|██▍       | 2199/8810 [00:01<00:03, 1729.66it/s]
 27%|██▋       | 2380/8810 [00:01<00:04, 1604.36it/s]
 30%|██▉       | 2641/8810 [00:01<00:03, 1865.77it/s]
 32%|███▏      | 2836/8810 [00:01<00:03, 1717.74it/s]
 35%|███▍      | 3057/8810 [00:01<00:03, 1681.62it/s]
 37%|███▋      | 3241/8810 [00:01<00:03, 1719.29it/s]
 39%|███▉      | 3418/8810 [00:02<00:03, 1589.94it/s]
 41%|████      | 3604/8810 [00:02<00:03, 1656.00it/s]
 43%|████▎     | 3774/8810 [00:02<00:03, 1550.37it/s]
 45%|████▌     | 3969/8810 [00:02<00:02, 1653.36it/s]
 47%|████▋     | 4180/8810 [00:02<00:02, 1656.17it/s]
 50%|████▉     | 4390/8810 [00:02<00:02, 1774.27it/s]
 52%|█████▏    | 4571/8810 [00:02<00:02, 1753.45it/s]
 54%|█████▍    | 4749/8810 [00:02<00:02, 1555.62it/s]
 56%|█████▌    | 4925/8810 [00:02<00:02, 1606.76it/s]
 58%|█████▊    | 5090/8810 [00:03<00:02, 1519.53it/s]
 60%|██████    | 5316/8810 [00:03<00:02, 1716.12it/s]
 62%|██████▏   | 5493/8810 [00:03<00:02, 1652.14it/s]
 65%|██████▌   | 5735/8810 [00:03<00:01, 1860.96it/s]
 67%|██████▋   | 5926/8810 [00:03<00:01, 1602.90it/s]
 69%|██████▉   | 6096/8810 [00:03<00:01, 1542.07it/s]
 71%|███████▏  | 6290/8810 [00:03<00:01, 1643.55it/s]
 73%|███████▎  | 6461/8810 [00:03<00:01, 1558.91it/s]
 76%|███████▋  | 6721/8810 [00:03<00:01, 1832.97it/s]
 79%|███████▉  | 6959/8810 [00:04<00:00, 1978.50it/s]
 81%|████████▏ | 7163/8810 [00:04<00:00, 1745.46it/s]
 84%|████████▎ | 7360/8810 [00:04<00:00, 1709.09it/s]
 86%|████████▌ | 7537/8810 [00:04<00:00, 1713.44it/s]
 88%|████████▊ | 7715/8810 [00:04<00:00, 1695.27it/s]
 90%|████████▉ | 7896/8810 [00:04<00:00, 1723.92it/s]
 92%|█████████▏| 8071/8810 [00:04<00:00, 1585.59it/s]
 94%|█████████▎| 8241/8810 [00:04<00:00, 1616.15it/s]
 95%|█████████▌| 8406/8810 [00:05<00:00, 1529.97it/s]
 98%|█████████▊| 8613/8810 [00:05<00:00, 1672.44it/s]
100%|█████████▉| 8784/8810 [00:05<00:00, 1578.23it/s]
100%|██████████| 8810/8810 [00:05<00:00, 1672.65it/s]
