
  0%|          | 0/8810 [00:00<?, ?it/s]
  2%|▏         | 181/8810 [00:00<00:05, 1472.01it/s]
  5%|▍         | 433/8810 [00:00<00:04, 2028.79it/s]
  7%|▋         | 656/8810 [00:00<00:04, 1911.29it/s]
 10%|▉         | 865/8810 [00:00<00:04, 1972.11it/s]
 12%|█▏        | 1065/8810 [00:00<00:04, 1872.72it/s]
 14%|█▍        | 1265/8810 [00:00<00:03, 1911.25it/s]
 17%|█▋        | 1458/8810 [00:00<00:04, 1691.52it/s]
 19%|█▉        | 1659/8810 [00:00<00:04, 1775.39it/s]
 21%|██        | 1841/8810 [00:01<00:04, 1683.33it/s]
 23%|██▎       | 2053/8810 [00:01<00:03, 1803.47it/s]
 26%|██▌       | 2258/8810 [00:01<00:03, 1872.07it/s]
 28%|██▊       | 2449/8810 [00:01<00:03, 1759.11it/s]
 30%|███       | 2670/8810 [00:01<00:03, 1884.23it/s]
 32%|███▏      | 2862/8810 [00:01<00:03, 1746.74it/s]
 35%|███▍      | 3057/8810 [00:01<00:03, 1649.18it/s]
 37%|███▋      | 3239/8810 [00:01<00:03, 1693.92it/s]
 39%|███▊      | 3412/8810 [00:01<00:03, 1594.45it/s]
 41%|████      | 3630/8810 [00:02<00:02, 1750.55it/s]
 43%|████▎     | 3809/8810 [00:02<00:02, 1669.10it/s]
 46%|████▋     | 4084/8810 [00:02<00:02, 1961.03it/s]
 49%|████▊     | 4286/8810 [00:02<00:02, 1865.67it/s]
 51%|█████▏    | 4535/8810 [00:02<00:02, 2032.78it/s]
 54%|█████▍    | 4743/8810 [00:02<00:02, 1741.94it/s]
 56%|█████▌    | 4932/8810 [00:02<00:02, 1626.30it/s]
 58%|█████▊    | 5121/8810 [00:02<00:02, 1687.12it/s]
 60%|██████    | 5311/8810 [00:02<00:02, 1741.80it/s]
 62%|██████▏   | 5491/8810 [00:03<00:02, 1619.18it/s]
 65%|██████▍   | 5721/8810 [00:03<00:01, 1797.82it/s]
 67%|██████▋   | 5907/8810 [00:03<00:01, 1608.71it/s]
 69%|██████▉   | 6075/8810 [00:03<00:01, 1553.58it/s]
 71%|███████   | 6272/8810 [00:03<00:01, 1659.73it/s]
 73%|███████▎  | 6443/8810 [00:03<00:01, 1600.14it/s]
 76%|███████▌  | 6652/8810 [00:03<00:01, 1724.08it/s]
 78%|███████▊  | 6897/8810 [00:03<00:00, 1920.29it/s]
 81%|████████  | 7094/8810 [00:04<00:00, 1747.85it/s]
 83%|████████▎ | 7275/8810 [00:04<00:00, 1753.96it/s]
 85%|████████▍ | 7455/8810 [00:04<00:00, 1697.37it/s]
 87%|████████▋ | 7636/8810 [00:04<00:00, 1727.49it/s]
 89%|████████▊ | 7811/8810 [00:04<00:00, 1550.74it/s]
 91%|█████████ | 7998/8810 [00:04<00:00, 1627.79it/s]
 93%|█████████▎| 8165/8810 [00:04<00:00, 1526.36it/s]
 94%|█████████▍| 8325/8810 [00:04<00:00, 1545.91it/s]
 96%|█████████▋| 8483/8810 [00:04<00:00, 1451.04it/s]
 98%|█████████▊| 8657/8810 [00:05<00:00, 1525.15it/s]
100%|██████████| 8810/8810 [00:05<00:00, 1703.82it/s]
