
  0%|          | 0/8810 [00:00<?, ?it/s]
  2%|▏         | 181/8810 [00:00<00:04, 1783.53it/s]
  5%|▌         | 445/8810 [00:00<00:03, 2276.71it/s]
  8%|▊         | 673/8810 [00:00<00:03, 2171.64it/s]
 10%|█         | 898/8810 [00:00<00:03, 2197.85it/s]
 13%|█▎        | 1119/8810 [00:00<00:03, 2115.51it/s]
 15%|█▌        | 1363/8810 [00:00<00:03, 2218.67it/s]
 18%|█▊        | 1586/8810 [00:00<00:03, 2066.93it/s]
 21%|██        | 1821/8810 [00:00<00:03, 2066.04it/s]
 23%|██▎       | 2038/8810 [00:00<00:03, 2094.64it/s]
 26%|██▌       | 2263/8810 [00:01<00:03, 2007.31it/s]
 29%|██▉       | 2544/8810 [00:01<00:02, 2231.76it/s]
 31%|███▏      | 2771/8810 [00:01<00:02, 2145.09it/s]
 34%|███▍      | 2988/8810 [00:01<00:02, 2111.87it/s]
 36%|███▋      | 3201/8810 [00:01<00:02, 1921.97it/s]
 39%|███▊      | 3410/8810 [00:01<00:02, 1824.94it/s]
 42%|████▏     | 3679/8810 [00:01<00:02, 2043.37it/s]
 44%|████▍     | 3889/8810 [00:01<00:02, 1943.59it/s]
 47%|████▋     | 4168/8810 [00:01<00:02, 2168.67it/s]
 50%|████▉     | 4391/8810 [00:02<00:02, 2075.17it/s]
 52%|█████▏    | 4603/8810 [00:02<00:02, 1978.25it/s]
 55%|█████▍    | 4805/8810 [00:02<00:02, 1866.75it/s]
 57%|█████▋    | 4995/8810 [00:02<00:02, 1757.77it/s]
 59%|█████▉    | 5223/8810 [00:02<00:01, 1886.60it/s]
 61%|██████▏   | 5415/8810 [00:02<00:01, 1853.36it/s]
 64%|██████▍   | 5668/8810 [00:02<00:01, 2037.37it/s]
 67%|██████▋   | 5875/8810 [00:02<00:01, 1869.30it/s]
 69%|██████▉   | 6067/8810 [00:03<00:01, 1795.67it/s]
 72%|███████▏  | 6322/8810 [00:03<00:01, 1994.68it/s]
 74%|███████▍  | 6526/8810 [00:03<00:01, 1856.78it/s]
 77%|███████▋  | 6817/8810 [00:03<00:00, 2136.84it/s]
 80%|███████▉  | 7038/8810 [00:03<00:00, 2080.06it/s]
 82%|████████▏ | 7251/8810 [00:03<00:00, 2087.33it/s]
 85%|████████▍ | 7463/8810 [00:03<00:00, 1978.85it/s]
 87%|████████▋ | 7679/8810 [00:03<00:00, 2027.30it/s]
 90%|████████▉ | 7885/8810 [00:03<00:00, 1821.93it/s]
 92%|█████████▏| 8073/8810 [00:04<00:00, 1652.82it/s]
 94%|█████████▍| 8276/8810 [00:04<00:00, 1746.87it/s]
 96%|█████████▌| 8457/8810 [00:04<00:00, 1639.77it/s]
 99%|█████████▊| 8696/8810 [00:04<00:00, 1835.15it/s]
100%|██████████| 8810/8810 [00:04<00:00, 1955.32it/s]
