
  0%|          | 0/8810 [00:00<?, ?it/s]
  2%|▏         | 181/8810 [00:00<00:06, 1354.12it/s]
  5%|▍         | 425/8810 [00:00<00:04, 1911.22it/s]
  7%|▋         | 656/8810 [00:00<00:04, 1810.82it/s]
 10%|▉         | 855/8810 [00:00<00:04, 1867.71it/s]
 12%|█▏        | 1046/8810 [00:00<00:04, 1705.85it/s]
 14%|█▍        | 1236/8810 [00:00<00:04, 1762.16it/s]
 16%|█▌        | 1416/8810 [00:00<00:04, 1690.84it/s]
 18%|█▊        | 1588/8810 [00:00<00:04, 1486.60it/s]
 20%|██        | 1791/8810 [00:01<00:04, 1623.72it/s]
 22%|██▏       | 1959/8810 [00:01<00:04, 1454.08it/s]
 24%|██▍       | 2142/8810 [00:01<00:04, 1550.80it/s]
 26%|██▌       | 2304/8810 [00:01<00:04, 1359.93it/s]
 28%|██▊       | 2507/8810 [00:01<00:04, 1523.73it/s]
 30%|███       | 2677/8810 [00:01<00:03, 1567.25it/s]
 32%|███▏      | 2841/8810 [00:01<00:04, 1359.25it/s]
 34%|███▍      | 2996/8810 [00:01<00:04, 1404.47it/s]
 36%|███▌      | 3144/8810 [00:02<00:04, 1310.82it/s]
 37%|███▋      | 3281/8810 [00:02<00:04, 1238.49it/s]
 39%|███▊      | 3410/8810 [00:02<00:04, 1134.05it/s]
 40%|████      | 3566/8810 [00:02<00:04, 1238.53it/s]
 42%|████▏     | 3730/8810 [00:02<00:03, 1338.61it/s]
 44%|████▍     | 3869/8810 [00:02<00:03, 1284.40it/s]
 46%|████▌     | 4072/8810 [00:02<00:03, 1484.15it/s]
 48%|████▊     | 4226/8810 [00:02<00:03, 1384.00it/s]
 50%|█████     | 4428/8810 [00:02<00:02, 1552.66it/s]
 52%|█████▏    | 4589/8810 [00:03<00:02, 1496.65it/s]
 54%|█████▍    | 4743/8810 [00:03<00:03, 1295.06it/s]
 56%|█████▌    | 4923/8810 [00:03<00:02, 1419.75it/s]
 58%|█████▊    | 5072/8810 [00:03<00:02, 1339.13it/s]
 60%|█████▉    | 5243/8810 [00:03<00:02, 1434.40it/s]
 61%|██████    | 5392/8810 [00:03<00:02, 1374.58it/s]
 63%|██████▎   | 5567/8810 [00:03<00:02, 1472.32it/s]
 65%|██████▌   | 5728/8810 [00:03<00:02, 1508.82it/s]
 67%|██████▋   | 5882/8810 [00:04<00:02, 1365.17it/s]
 68%|██████▊   | 6023/8810 [00:04<00:02, 1342.59it/s]
 70%|██████▉   | 6161/8810 [00:04<00:01, 1332.72it/s]
 72%|███████▏  | 6359/8810 [00:04<00:01, 1505.05it/s]
 74%|███████▍  | 6513/8810 [00:04<00:01, 1423.63it/s]
 77%|███████▋  | 6747/8810 [00:04<00:01, 1671.45it/s]
 79%|███████▉  | 6950/8810 [00:04<00:01, 1769.80it/s]
 81%|████████  | 7131/8810 [00:04<00:01, 1548.95it/s]
 83%|████████▎ | 7293/8810 [00:04<00:00, 1553.10it/s]
 85%|████████▍ | 7454/8810 [00:05<00:00, 1451.17it/s]
 86%|████████▋ | 7604/8810 [00:05<00:00, 1462.73it/s]
 88%|████████▊ | 7754/8810 [00:05<00:00, 1366.21it/s]
 90%|████████▉ | 7921/8810 [00:05<00:00, 1442.92it/s]
 92%|█████████▏| 8069/8810 [00:05<00:00, 1204.92it/s]
 93%|█████████▎| 8209/8810 [00:05<00:00, 1250.35it/s]
 95%|█████████▍| 8361/8810 [00:05<00:00, 1180.23it/s]
 97%|█████████▋| 8515/8810 [00:05<00:00, 1267.06it/s]
 99%|█████████▊| 8686/8810 [00:06<00:00, 1376.80it/s]
100%|██████████| 8810/8810 [00:06<00:00, 1428.24it/s]
