
  0%|          | 0/8810 [00:00<?, ?it/s]
  2%|▏         | 181/8810 [00:00<00:06, 1421.35it/s]
  5%|▍         | 422/8810 [00:00<00:04, 1936.81it/s]
  7%|▋         | 656/8810 [00:00<00:04, 1842.64it/s]
 10%|▉         | 848/8810 [00:00<00:04, 1869.43it/s]
 12%|█▏        | 1038/8810 [00:00<00:04, 1739.87it/s]
 14%|█▍        | 1251/8810 [00:00<00:04, 1852.53it/s]
 17%|█▋        | 1457/8810 [00:00<00:04, 1744.25it/s]
 19%|█▉        | 1661/8810 [00:00<00:03, 1823.16it/s]
 21%|██        | 1847/8810 [00:01<00:04, 1678.73it/s]
 23%|██▎       | 2051/8810 [00:01<00:03, 1772.44it/s]
 26%|██▌       | 2263/8810 [00:01<00:03, 1673.09it/s]
 28%|██▊       | 2500/8810 [00:01<00:03, 1854.80it/s]
 31%|███       | 2744/8810 [00:01<00:03, 1825.82it/s]
 33%|███▎      | 2931/8810 [00:01<00:03, 1796.39it/s]
 35%|███▌      | 3114/8810 [00:01<00:03, 1727.33it/s]
 37%|███▋      | 3289/8810 [00:01<00:03, 1684.28it/s]
 39%|███▉      | 3459/8810 [00:01<00:03, 1630.47it/s]
 42%|████▏     | 3671/8810 [00:02<00:02, 1763.22it/s]
 44%|████▎     | 3850/8810 [00:02<00:03, 1588.03it/s]
 47%|████▋     | 4098/8810 [00:02<00:02, 1819.62it/s]
 49%|████▊     | 4286/8810 [00:02<00:02, 1754.14it/s]
 51%|█████     | 4515/8810 [00:02<00:02, 1893.22it/s]
 53%|█████▎    | 4709/8810 [00:02<00:02, 1704.35it/s]
 56%|█████▌    | 4911/8810 [00:02<00:02, 1784.90it/s]
 58%|█████▊    | 5095/8810 [00:02<00:02, 1687.27it/s]
 60%|██████    | 5311/8810 [00:03<00:01, 1811.31it/s]
 62%|██████▏   | 5497/8810 [00:03<00:01, 1705.65it/s]
 65%|██████▍   | 5724/8810 [00:03<00:01, 1855.14it/s]
 67%|██████▋   | 5914/8810 [00:03<00:01, 1615.90it/s]
 69%|██████▉   | 6084/8810 [00:03<00:01, 1606.08it/s]
 71%|███████▏  | 6291/8810 [00:03<00:01, 1727.99it/s]
 73%|███████▎  | 6470/8810 [00:03<00:01, 1624.63it/s]
 76%|███████▌  | 6700/8810 [00:03<00:01, 1802.01it/s]
 78%|███████▊  | 6909/8810 [00:03<00:01, 1877.77it/s]
 81%|████████  | 7102/8810 [00:04<00:00, 1763.20it/s]
 83%|████████▎ | 7312/8810 [00:04<00:00, 1852.05it/s]
 85%|████████▌ | 7501/8810 [00:04<00:00, 1663.87it/s]
 87%|████████▋ | 7703/8810 [00:04<00:00, 1752.85it/s]
 89%|████████▉ | 7884/8810 [00:04<00:00, 1573.53it/s]
 91%|█████████▏| 8048/8810 [00:04<00:00, 1491.59it/s]
 94%|█████████▎| 8239/8810 [00:04<00:00, 1597.42it/s]
 95%|█████████▌| 8404/8810 [00:04<00:00, 1532.88it/s]
 98%|█████████▊| 8624/8810 [00:04<00:00, 1708.38it/s]
100%|█████████▉| 8800/8810 [00:05<00:00, 1610.71it/s]
100%|██████████| 8810/8810 [00:05<00:00, 1720.57it/s]
