
  0%|          | 0/8810 [00:00<?, ?it/s]
  2%|▏         | 181/8810 [00:00<00:06, 1393.68it/s]
  5%|▍         | 427/8810 [00:00<00:04, 1928.83it/s]
  7%|▋         | 656/8810 [00:00<00:04, 1845.35it/s]
 10%|▉         | 845/8810 [00:00<00:04, 1856.25it/s]
 12%|█▏        | 1034/8810 [00:00<00:04, 1764.66it/s]
 14%|█▍        | 1216/8810 [00:00<00:04, 1780.62it/s]
 16%|█▌        | 1396/8810 [00:00<00:04, 1727.44it/s]
 18%|█▊        | 1570/8810 [00:00<00:04, 1473.29it/s]
 20%|██        | 1778/8810 [00:01<00:04, 1631.77it/s]
 22%|██▏       | 1948/8810 [00:01<00:04, 1452.64it/s]
 24%|██▍       | 2126/8810 [00:01<00:04, 1533.18it/s]
 26%|██▌       | 2286/8810 [00:01<00:04, 1353.40it/s]
 28%|██▊       | 2478/8810 [00:01<00:04, 1486.96it/s]
 30%|███       | 2661/8810 [00:01<00:03, 1572.55it/s]
 32%|███▏      | 2825/8810 [00:01<00:04, 1377.17it/s]
 34%|███▍      | 2974/8810 [00:01<00:04, 1402.08it/s]
 35%|███▌      | 3121/8810 [00:02<00:04, 1298.63it/s]
 37%|███▋      | 3257/8810 [00:02<00:04, 1270.35it/s]
 39%|███▊      | 3401/8810 [00:02<00:04, 1309.10it/s]
 40%|████      | 3535/8810 [00:02<00:04, 1207.53it/s]
 42%|████▏     | 3705/8810 [00:02<00:03, 1333.49it/s]
 44%|████▎     | 3843/8810 [00:02<00:03, 1262.53it/s]
 46%|████▌     | 4027/8810 [00:02<00:03, 1413.73it/s]
 47%|████▋     | 4180/8810 [00:02<00:03, 1349.61it/s]
 50%|████▉     | 4362/8810 [00:02<00:03, 1475.43it/s]
 52%|█████▏    | 4549/8810 [00:03<00:02, 1582.92it/s]
 53%|█████▎    | 4711/8810 [00:03<00:03, 1309.73it/s]
 55%|█████▌    | 4876/8810 [00:03<00:02, 1393.12it/s]
 57%|█████▋    | 5024/8810 [00:03<00:02, 1335.19it/s]
 59%|█████▉    | 5193/8810 [00:03<00:02, 1424.55it/s]
 61%|██████    | 5372/8810 [00:03<00:02, 1386.44it/s]
 63%|██████▎   | 5537/8810 [00:03<00:02, 1452.32it/s]
 65%|██████▍   | 5703/8810 [00:03<00:02, 1507.27it/s]
 66%|██████▋   | 5858/8810 [00:04<00:02, 1364.40it/s]
 68%|██████▊   | 5999/8810 [00:04<00:02, 1368.06it/s]
 70%|██████▉   | 6139/8810 [00:04<00:02, 1298.09it/s]
 72%|███████▏  | 6334/8810 [00:04<00:01, 1471.69it/s]
 74%|███████▎  | 6485/8810 [00:04<00:01, 1372.00it/s]
 76%|███████▌  | 6700/8810 [00:04<00:01, 1575.28it/s]
 78%|███████▊  | 6898/8810 [00:04<00:01, 1681.95it/s]
 80%|████████  | 7071/8810 [00:04<00:01, 1518.98it/s]
 82%|████████▏ | 7229/8810 [00:04<00:01, 1531.73it/s]
 84%|████████▍ | 7387/8810 [00:05<00:00, 1487.34it/s]
 86%|████████▌ | 7539/8810 [00:05<00:00, 1422.44it/s]
 88%|████████▊ | 7715/8810 [00:05<00:00, 1421.73it/s]
 89%|████████▉ | 7859/8810 [00:05<00:00, 1425.67it/s]
 91%|█████████ | 8003/8810 [00:05<00:00, 1411.52it/s]
 92%|█████████▏| 8145/8810 [00:05<00:00, 1254.42it/s]
 94%|█████████▍| 8302/8810 [00:05<00:00, 1334.82it/s]
 96%|█████████▌| 8439/8810 [00:05<00:00, 1154.12it/s]
 98%|█████████▊| 8613/8810 [00:06<00:00, 1300.40it/s]
 99%|█████████▉| 8751/8810 [00:06<00:00, 1190.35it/s]
100%|██████████| 8810/8810 [00:06<00:00, 1425.93it/s]
