
  0%|          | 0/8810 [00:00<?, ?it/s]
  2%|▏         | 181/8810 [00:00<00:05, 1578.00it/s]
  5%|▍         | 412/8810 [00:00<00:04, 1980.96it/s]
  7%|▋         | 644/8810 [00:00<00:03, 2123.64it/s]
 10%|▉         | 859/8810 [00:00<00:04, 1868.13it/s]
 12%|█▏        | 1051/8810 [00:00<00:04, 1698.81it/s]
 14%|█▍        | 1258/8810 [00:00<00:04, 1806.73it/s]
 17%|█▋        | 1457/8810 [00:00<00:04, 1700.94it/s]
 19%|█▊        | 1636/8810 [00:00<00:04, 1724.34it/s]
 21%|██        | 1821/8810 [00:01<00:04, 1572.53it/s]
 23%|██▎       | 2026/8810 [00:01<00:03, 1697.13it/s]
 25%|██▌       | 2225/8810 [00:01<00:03, 1777.68it/s]
 27%|██▋       | 2407/8810 [00:01<00:03, 1665.33it/s]
 30%|███       | 2654/8810 [00:01<00:03, 1882.26it/s]
 32%|███▏      | 2848/8810 [00:01<00:03, 1714.82it/s]
 35%|███▍      | 3052/8810 [00:01<00:03, 1800.71it/s]
 37%|███▋      | 3238/8810 [00:01<00:03, 1660.76it/s]
 39%|███▊      | 3410/8810 [00:01<00:03, 1595.22it/s]
 41%|████      | 3630/8810 [00:02<00:02, 1753.02it/s]
 43%|████▎     | 3810/8810 [00:02<00:03, 1653.87it/s]
 46%|████▌     | 4054/8810 [00:02<00:02, 1863.03it/s]
 48%|████▊     | 4246/8810 [00:02<00:02, 1780.75it/s]
 51%|█████     | 4472/8810 [00:02<00:02, 1911.32it/s]
 53%|█████▎    | 4668/8810 [00:02<00:02, 1736.21it/s]
 55%|█████▌    | 4848/8810 [00:02<00:02, 1687.59it/s]
 57%|█████▋    | 5021/8810 [00:02<00:02, 1514.07it/s]
 59%|█████▉    | 5209/8810 [00:03<00:02, 1606.79it/s]
 61%|██████    | 5375/8810 [00:03<00:02, 1520.61it/s]
 63%|██████▎   | 5566/8810 [00:03<00:02, 1619.18it/s]
 65%|██████▌   | 5754/8810 [00:03<00:01, 1580.18it/s]
 67%|██████▋   | 5916/8810 [00:03<00:01, 1561.76it/s]
 69%|██████▉   | 6075/8810 [00:03<00:01, 1548.72it/s]
 71%|███████   | 6256/8810 [00:03<00:01, 1617.18it/s]
 73%|███████▎  | 6420/8810 [00:03<00:01, 1485.02it/s]
 75%|███████▍  | 6596/8810 [00:03<00:01, 1558.60it/s]
 78%|███████▊  | 6829/8810 [00:04<00:01, 1771.14it/s]
 80%|███████▉  | 7010/8810 [00:04<00:01, 1721.24it/s]
 82%|████████▏ | 7192/8810 [00:04<00:00, 1747.61it/s]
 84%|████████▎ | 7369/8810 [00:04<00:00, 1659.96it/s]
 86%|████████▌ | 7538/8810 [00:04<00:00, 1589.94it/s]
 88%|████████▊ | 7715/8810 [00:04<00:00, 1547.01it/s]
 90%|████████▉ | 7896/8810 [00:04<00:00, 1611.20it/s]
 91%|█████████▏| 8059/8810 [00:04<00:00, 1451.47it/s]
 93%|█████████▎| 8225/8810 [00:04<00:00, 1502.94it/s]
 95%|█████████▌| 8379/8810 [00:05<00:00, 1451.63it/s]
 97%|█████████▋| 8582/8810 [00:05<00:00, 1608.59it/s]
 99%|█████████▉| 8747/8810 [00:05<00:00, 1473.28it/s]
100%|██████████| 8810/8810 [00:05<00:00, 1654.91it/s]
