
  0%|          | 0/8810 [00:00<?, ?it/s]
  2%|▏         | 181/8810 [00:00<00:06, 1423.02it/s]
  5%|▍         | 422/8810 [00:00<00:04, 1934.38it/s]
  7%|▋         | 656/8810 [00:00<00:04, 1855.13it/s]
 10%|▉         | 856/8810 [00:00<00:04, 1895.40it/s]
 12%|█▏        | 1049/8810 [00:00<00:04, 1779.47it/s]
 14%|█▍        | 1252/8810 [00:00<00:04, 1846.08it/s]
 16%|█▋        | 1439/8810 [00:00<00:04, 1820.81it/s]
 18%|█▊        | 1623/8810 [00:00<00:04, 1533.92it/s]
 21%|██        | 1813/8810 [00:01<00:04, 1626.96it/s]
 23%|██▎       | 1983/8810 [00:01<00:04, 1428.28it/s]
 25%|██▍       | 2166/8810 [00:01<00:04, 1529.22it/s]
 26%|██▋       | 2327/8810 [00:01<00:04, 1351.18it/s]
 28%|██▊       | 2501/8810 [00:01<00:04, 1444.81it/s]
 31%|███       | 2690/8810 [00:01<00:03, 1560.56it/s]
 32%|███▏      | 2854/8810 [00:01<00:04, 1374.01it/s]
 34%|███▍      | 3000/8810 [00:01<00:04, 1373.04it/s]
 36%|███▌      | 3144/8810 [00:02<00:04, 1292.95it/s]
 37%|███▋      | 3278/8810 [00:02<00:04, 1242.50it/s]
 39%|███▊      | 3410/8810 [00:02<00:04, 1166.80it/s]
 40%|████      | 3562/8810 [00:02<00:04, 1255.70it/s]
 42%|████▏     | 3710/8810 [00:02<00:03, 1315.14it/s]
 44%|████▎     | 3845/8810 [00:02<00:03, 1251.55it/s]
 46%|████▌     | 4028/8810 [00:02<00:03, 1407.22it/s]
 47%|████▋     | 4180/8810 [00:02<00:03, 1350.91it/s]
 50%|████▉     | 4378/8810 [00:02<00:02, 1520.28it/s]
 52%|█████▏    | 4538/8810 [00:03<00:02, 1538.32it/s]
 53%|█████▎    | 4695/8810 [00:03<00:03, 1291.11it/s]
 55%|█████▌    | 4883/8810 [00:03<00:02, 1440.07it/s]
 57%|█████▋    | 5036/8810 [00:03<00:02, 1329.26it/s]
 59%|█████▉    | 5203/8810 [00:03<00:02, 1414.42it/s]
 61%|██████    | 5372/8810 [00:03<00:02, 1379.00it/s]
 63%|██████▎   | 5545/8810 [00:03<00:02, 1465.40it/s]
 65%|██████▍   | 5712/8810 [00:03<00:02, 1518.70it/s]
 67%|██████▋   | 5868/8810 [00:04<00:02, 1405.08it/s]
 68%|██████▊   | 6013/8810 [00:04<00:02, 1390.23it/s]
 70%|██████▉   | 6155/8810 [00:04<00:02, 1308.69it/s]
 72%|███████▏  | 6357/8810 [00:04<00:01, 1494.35it/s]
 74%|███████▍  | 6511/8810 [00:04<00:01, 1399.64it/s]
 77%|███████▋  | 6749/8810 [00:04<00:01, 1654.99it/s]
 79%|███████▉  | 6947/8810 [00:04<00:01, 1744.44it/s]
 81%|████████  | 7126/8810 [00:04<00:01, 1507.57it/s]
 83%|████████▎ | 7294/8810 [00:04<00:00, 1549.56it/s]
 85%|████████▍ | 7456/8810 [00:05<00:00, 1467.47it/s]
 86%|████████▋ | 7612/8810 [00:05<00:00, 1491.37it/s]
 88%|████████▊ | 7765/8810 [00:05<00:00, 1369.45it/s]
 90%|█████████ | 7929/8810 [00:05<00:00, 1431.31it/s]
 92%|█████████▏| 8076/8810 [00:05<00:00, 1226.91it/s]
 93%|█████████▎| 8206/8810 [00:05<00:00, 1244.72it/s]
 95%|█████████▍| 8361/8810 [00:05<00:00, 1202.68it/s]
 96%|█████████▋| 8497/8810 [00:05<00:00, 1242.42it/s]
 98%|█████████▊| 8656/8810 [00:06<00:00, 1331.48it/s]
100%|█████████▉| 8793/8810 [00:06<00:00, 1236.39it/s]
100%|██████████| 8810/8810 [00:06<00:00, 1429.43it/s]
