
  0%|          | 0/8810 [00:00<?, ?it/s]
  2%|▏         | 181/8810 [00:00<00:06, 1326.02it/s]
  5%|▍         | 403/8810 [00:00<00:04, 1781.44it/s]
  7%|▋         | 608/8810 [00:00<00:04, 1889.51it/s]
  9%|▉         | 802/8810 [00:00<00:05, 1600.02it/s]
 11%|█         | 970/8810 [00:00<00:04, 1608.62it/s]
 13%|█▎        | 1136/8810 [00:00<00:05, 1524.88it/s]
 15%|█▌        | 1341/8810 [00:00<00:04, 1668.65it/s]
 17%|█▋        | 1512/8810 [00:00<00:04, 1573.35it/s]
 19%|█▉        | 1714/8810 [00:01<00:04, 1696.71it/s]
 21%|██▏       | 1888/8810 [00:01<00:04, 1496.18it/s]
 24%|██▍       | 2119/8810 [00:01<00:03, 1710.41it/s]
 26%|██▌       | 2298/8810 [00:01<00:04, 1550.75it/s]
 29%|██▊       | 2522/8810 [00:01<00:03, 1721.69it/s]
 31%|███       | 2743/8810 [00:01<00:03, 1849.54it/s]
 33%|███▎      | 2935/8810 [00:01<00:03, 1580.95it/s]
 35%|███▌      | 3104/8810 [00:01<00:03, 1481.79it/s]
 37%|███▋      | 3261/8810 [00:02<00:03, 1496.42it/s]
 39%|███▉      | 3417/8810 [00:02<00:03, 1415.84it/s]
 41%|████      | 3622/8810 [00:02<00:03, 1568.20it/s]
 43%|████▎     | 3784/8810 [00:02<00:03, 1512.04it/s]
 45%|████▌     | 3988/8810 [00:02<00:02, 1649.39it/s]
 47%|████▋     | 4180/8810 [00:02<00:02, 1638.29it/s]
 50%|████▉     | 4394/8810 [00:02<00:02, 1774.73it/s]
 52%|█████▏    | 4575/8810 [00:02<00:02, 1745.80it/s]
 54%|█████▍    | 4752/8810 [00:02<00:02, 1587.69it/s]
 56%|█████▌    | 4925/8810 [00:03<00:02, 1619.16it/s]
 58%|█████▊    | 5090/8810 [00:03<00:02, 1514.69it/s]
 60%|██████    | 5300/8810 [00:03<00:02, 1665.15it/s]
 62%|██████▏   | 5471/8810 [00:03<00:02, 1535.47it/s]
 65%|██████▍   | 5687/8810 [00:03<00:01, 1699.42it/s]
 67%|██████▋   | 5862/8810 [00:03<00:01, 1527.91it/s]
 68%|██████▊   | 6021/8810 [00:03<00:01, 1493.83it/s]
 70%|███████   | 6175/8810 [00:03<00:01, 1449.34it/s]
 72%|███████▏  | 6376/8810 [00:03<00:01, 1593.68it/s]
 74%|███████▍  | 6539/8810 [00:04<00:01, 1514.59it/s]
 77%|███████▋  | 6763/8810 [00:04<00:01, 1708.58it/s]
 79%|███████▉  | 6972/8810 [00:04<00:01, 1649.71it/s]
 81%|████████  | 7153/8810 [00:04<00:00, 1686.68it/s]
 83%|████████▎ | 7343/8810 [00:04<00:00, 1744.64it/s]
 85%|████████▌ | 7521/8810 [00:04<00:00, 1493.39it/s]
 87%|████████▋ | 7707/8810 [00:04<00:00, 1586.20it/s]
 89%|████████▉ | 7873/8810 [00:04<00:00, 1392.80it/s]
 91%|█████████ | 8021/8810 [00:05<00:00, 1412.75it/s]
 93%|█████████▎| 8169/8810 [00:05<00:00, 1285.07it/s]
 94%|█████████▍| 8304/8810 [00:05<00:00, 1256.52it/s]
 96%|█████████▌| 8434/8810 [00:05<00:00, 1137.58it/s]
 98%|█████████▊| 8605/8810 [00:05<00:00, 1277.63it/s]
 99%|█████████▉| 8739/8810 [00:05<00:00, 1205.46it/s]
100%|██████████| 8810/8810 [00:05<00:00, 1536.20it/s]
