
  0%|          | 0/8810 [00:00<?, ?it/s]
  2%|▏         | 181/8810 [00:00<00:06, 1357.34it/s]
  4%|▍         | 384/8810 [00:00<00:04, 1701.31it/s]
  7%|▋         | 587/8810 [00:00<00:04, 1839.37it/s]
  9%|▉         | 775/8810 [00:00<00:05, 1558.13it/s]
 11%|█         | 938/8810 [00:00<00:05, 1525.10it/s]
 12%|█▏        | 1095/8810 [00:00<00:05, 1414.04it/s]
 15%|█▍        | 1289/8810 [00:00<00:04, 1561.66it/s]
 17%|█▋        | 1457/8810 [00:00<00:04, 1520.23it/s]
 19%|█▉        | 1653/8810 [00:01<00:04, 1637.97it/s]
 21%|██        | 1821/8810 [00:01<00:04, 1550.17it/s]
 23%|██▎       | 1987/8810 [00:01<00:04, 1579.30it/s]
 25%|██▌       | 2217/8810 [00:01<00:03, 1773.45it/s]
 27%|██▋       | 2398/8810 [00:01<00:03, 1622.12it/s]
 30%|██▉       | 2642/8810 [00:01<00:03, 1843.43it/s]
 32%|███▏      | 2832/8810 [00:01<00:03, 1701.39it/s]
 34%|███▍      | 3036/8810 [00:01<00:03, 1790.19it/s]
 37%|███▋      | 3220/8810 [00:01<00:03, 1625.90it/s]
 39%|███▊      | 3397/8810 [00:02<00:03, 1661.59it/s]
 40%|████      | 3568/8810 [00:02<00:03, 1560.39it/s]
 43%|████▎     | 3760/8810 [00:02<00:03, 1648.45it/s]
 45%|████▍     | 3929/8810 [00:02<00:03, 1560.99it/s]
 47%|████▋     | 4168/8810 [00:02<00:02, 1781.97it/s]
 49%|████▉     | 4351/8810 [00:02<00:02, 1706.26it/s]
 52%|█████▏    | 4557/8810 [00:02<00:02, 1799.04it/s]
 54%|█████▍    | 4741/8810 [00:02<00:02, 1560.77it/s]
 56%|█████▌    | 4905/8810 [00:03<00:02, 1580.74it/s]
 58%|█████▊    | 5069/8810 [00:03<00:02, 1493.11it/s]
 60%|█████▉    | 5244/8810 [00:03<00:02, 1558.28it/s]
 61%|██████▏   | 5404/8810 [00:03<00:02, 1496.00it/s]
 64%|██████▍   | 5624/8810 [00:03<00:01, 1685.12it/s]
 66%|██████▌   | 5797/8810 [00:03<00:01, 1622.93it/s]
 68%|██████▊   | 5963/8810 [00:03<00:01, 1591.15it/s]
 70%|██████▉   | 6125/8810 [00:03<00:01, 1513.60it/s]
 72%|███████▏  | 6315/8810 [00:03<00:01, 1616.69it/s]
 74%|███████▎  | 6479/8810 [00:04<00:01, 1497.64it/s]
 76%|███████▋  | 6724/8810 [00:04<00:01, 1750.69it/s]
 78%|███████▊  | 6904/8810 [00:04<00:01, 1755.79it/s]
 80%|████████  | 7083/8810 [00:04<00:01, 1602.33it/s]
 82%|████████▏ | 7248/8810 [00:04<00:01, 1534.84it/s]
 84%|████████▍ | 7405/8810 [00:04<00:00, 1541.86it/s]
 86%|████████▌ | 7562/8810 [00:04<00:00, 1449.46it/s]
 88%|████████▊ | 7715/8810 [00:04<00:00, 1414.57it/s]
 89%|████████▉ | 7877/8810 [00:04<00:00, 1468.07it/s]
 91%|█████████ | 8031/8810 [00:05<00:00, 1488.04it/s]
 93%|█████████▎| 8182/8810 [00:05<00:00, 1395.71it/s]
 94%|█████████▍| 8324/8810 [00:05<00:00, 1386.21it/s]
 96%|█████████▌| 8464/8810 [00:05<00:00, 1352.44it/s]
 98%|█████████▊| 8643/8810 [00:05<00:00, 1468.88it/s]
100%|█████████▉| 8792/8810 [00:05<00:00, 1431.20it/s]
100%|██████████| 8810/8810 [00:05<00:00, 1576.80it/s]
