
  0%|          | 0/8810 [00:00<?, ?it/s]
  2%|▏         | 181/8810 [00:00<00:05, 1556.46it/s]
  5%|▍         | 427/8810 [00:00<00:04, 2040.09it/s]
  7%|▋         | 656/8810 [00:00<00:04, 1938.66it/s]
 10%|▉         | 880/8810 [00:00<00:03, 2046.26it/s]
 12%|█▏        | 1088/8810 [00:00<00:04, 1858.02it/s]
 15%|█▍        | 1313/8810 [00:00<00:03, 1975.61it/s]
 17%|█▋        | 1515/8810 [00:00<00:04, 1763.07it/s]
 20%|█▉        | 1748/8810 [00:00<00:03, 1918.20it/s]
 22%|██▏       | 1946/8810 [00:01<00:03, 1734.51it/s]
 25%|██▌       | 2203/8810 [00:01<00:03, 1955.68it/s]
 27%|██▋       | 2407/8810 [00:01<00:03, 1812.82it/s]
 30%|███       | 2668/8810 [00:01<00:03, 2022.42it/s]
 33%|███▎      | 2879/8810 [00:01<00:03, 1830.79it/s]
 35%|███▍      | 3071/8810 [00:01<00:03, 1703.70it/s]
 37%|███▋      | 3248/8810 [00:01<00:03, 1710.05it/s]
 39%|███▉      | 3424/8810 [00:01<00:03, 1657.13it/s]
 41%|████      | 3593/8810 [00:01<00:03, 1650.49it/s]
 43%|████▎     | 3774/8810 [00:02<00:03, 1653.30it/s]
 46%|████▌     | 4028/8810 [00:02<00:02, 1895.15it/s]
 48%|████▊     | 4221/8810 [00:02<00:02, 1804.39it/s]
 51%|█████     | 4462/8810 [00:02<00:02, 1968.38it/s]
 53%|█████▎    | 4662/8810 [00:02<00:02, 1778.74it/s]
 55%|█████▌    | 4846/8810 [00:02<00:02, 1774.72it/s]
 57%|█████▋    | 5028/8810 [00:02<00:02, 1628.11it/s]
 60%|█████▉    | 5253/8810 [00:02<00:01, 1789.51it/s]
 62%|██████▏   | 5438/8810 [00:03<00:02, 1674.86it/s]
 64%|██████▍   | 5665/8810 [00:03<00:01, 1832.06it/s]
 66%|██████▋   | 5854/8810 [00:03<00:01, 1704.59it/s]
 68%|██████▊   | 6030/8810 [00:03<00:01, 1678.64it/s]
 70%|███████   | 6202/8810 [00:03<00:01, 1476.70it/s]
 73%|███████▎  | 6400/8810 [00:03<00:01, 1492.56it/s]
 75%|███████▌  | 6635/8810 [00:03<00:01, 1705.73it/s]
 78%|███████▊  | 6862/8810 [00:03<00:01, 1852.63it/s]
 80%|████████  | 7055/8810 [00:04<00:01, 1587.31it/s]
 82%|████████▏ | 7225/8810 [00:04<00:00, 1591.35it/s]
 84%|████████▍ | 7392/8810 [00:04<00:00, 1480.67it/s]
 86%|████████▌ | 7546/8810 [00:04<00:00, 1438.62it/s]
 88%|████████▊ | 7715/8810 [00:04<00:00, 1405.26it/s]
 89%|████████▉ | 7859/8810 [00:04<00:00, 1412.27it/s]
 91%|█████████ | 8037/8810 [00:04<00:00, 1363.38it/s]
 93%|█████████▎| 8214/8810 [00:04<00:00, 1466.67it/s]
 95%|█████████▍| 8364/8810 [00:04<00:00, 1468.17it/s]
 97%|█████████▋| 8580/8810 [00:05<00:00, 1658.51it/s]
 99%|█████████▉| 8750/8810 [00:05<00:00, 1611.42it/s]
100%|██████████| 8810/8810 [00:05<00:00, 1698.55it/s]
