
  0%|          | 0/8810 [00:00<?, ?it/s]
  2%|▏         | 181/8810 [00:00<00:05, 1602.57it/s]
  5%|▍         | 434/8810 [00:00<00:03, 2104.28it/s]
  7%|▋         | 656/8810 [00:00<00:03, 2042.91it/s]
 10%|▉         | 862/8810 [00:00<00:03, 2000.44it/s]
 12%|█▏        | 1063/8810 [00:00<00:04, 1928.75it/s]
 14%|█▍        | 1276/8810 [00:00<00:03, 1992.24it/s]
 17%|█▋        | 1477/8810 [00:00<00:03, 1856.09it/s]
 19%|█▉        | 1667/8810 [00:00<00:03, 1866.51it/s]
 21%|██        | 1856/8810 [00:00<00:03, 1744.62it/s]
 24%|██▍       | 2118/8810 [00:01<00:03, 1989.58it/s]
 26%|██▋       | 2321/8810 [00:01<00:03, 1751.21it/s]
 29%|██▉       | 2589/8810 [00:01<00:03, 1996.06it/s]
 32%|███▏      | 2798/8810 [00:01<00:03, 1777.34it/s]
 34%|███▍      | 3005/8810 [00:01<00:03, 1844.73it/s]
 36%|███▋      | 3198/8810 [00:01<00:03, 1708.36it/s]
 39%|███▊      | 3401/8810 [00:01<00:03, 1788.69it/s]
 41%|████      | 3586/8810 [00:01<00:03, 1713.12it/s]
 43%|████▎     | 3774/8810 [00:02<00:02, 1718.10it/s]
 46%|████▌     | 4021/8810 [00:02<00:02, 1922.40it/s]
 48%|████▊     | 4218/8810 [00:02<00:02, 1812.80it/s]
 51%|█████     | 4472/8810 [00:02<00:02, 2005.80it/s]
 53%|█████▎    | 4678/8810 [00:02<00:02, 1809.00it/s]
 55%|█████▌    | 4866/8810 [00:02<00:02, 1785.37it/s]
 57%|█████▋    | 5049/8810 [00:02<00:02, 1706.76it/s]
 60%|█████▉    | 5276/8810 [00:02<00:01, 1854.33it/s]
 62%|██████▏   | 5466/8810 [00:02<00:01, 1758.49it/s]
 65%|██████▍   | 5711/8810 [00:03<00:01, 1942.95it/s]
 67%|██████▋   | 5910/8810 [00:03<00:01, 1689.25it/s]
 69%|██████▉   | 6088/8810 [00:03<00:01, 1611.55it/s]
 71%|███████   | 6255/8810 [00:03<00:01, 1608.24it/s]
 73%|███████▎  | 6420/8810 [00:03<00:01, 1505.54it/s]
 75%|███████▌  | 6633/8810 [00:03<00:01, 1666.62it/s]
 78%|███████▊  | 6863/8810 [00:03<00:01, 1838.19it/s]
 80%|████████  | 7052/8810 [00:03<00:01, 1706.93it/s]
 82%|████████▏ | 7228/8810 [00:04<00:00, 1673.64it/s]
 84%|████████▍ | 7399/8810 [00:04<00:00, 1648.25it/s]
 86%|████████▌ | 7567/8810 [00:04<00:00, 1627.14it/s]
 88%|████████▊ | 7732/8810 [00:04<00:00, 1549.44it/s]
 90%|████████▉ | 7889/8810 [00:04<00:00, 1537.95it/s]
 91%|█████████▏| 8044/8810 [00:04<00:00, 1387.43it/s]
 93%|█████████▎| 8210/8810 [00:04<00:00, 1453.60it/s]
 95%|█████████▍| 8361/8810 [00:04<00:00, 1427.25it/s]
 97%|█████████▋| 8506/8810 [00:04<00:00, 1300.13it/s]
 99%|█████████▊| 8686/8810 [00:05<00:00, 1411.69it/s]
100%|██████████| 8810/8810 [00:05<00:00, 1682.29it/s]
