
  0%|          | 0/8810 [00:00<?, ?it/s]
  2%|▏         | 181/8810 [00:00<00:06, 1299.05it/s]
  5%|▍         | 407/8810 [00:00<00:04, 1777.15it/s]
  7%|▋         | 610/8810 [00:00<00:04, 1880.40it/s]
  9%|▉         | 804/8810 [00:00<00:04, 1626.24it/s]
 11%|█         | 974/8810 [00:00<00:04, 1624.42it/s]
 13%|█▎        | 1141/8810 [00:00<00:05, 1533.27it/s]
 15%|█▌        | 1341/8810 [00:00<00:04, 1659.51it/s]
 17%|█▋        | 1511/8810 [00:00<00:04, 1557.75it/s]
 19%|█▉        | 1716/8810 [00:01<00:04, 1689.86it/s]
 21%|██▏       | 1889/8810 [00:01<00:04, 1519.74it/s]
 24%|██▍       | 2118/8810 [00:01<00:03, 1723.06it/s]
 26%|██▌       | 2297/8810 [00:01<00:04, 1506.06it/s]
 29%|██▉       | 2534/8810 [00:01<00:03, 1718.23it/s]
 31%|███       | 2744/8810 [00:01<00:03, 1654.98it/s]
 33%|███▎      | 2917/8810 [00:01<00:03, 1592.40it/s]
 35%|███▍      | 3082/8810 [00:01<00:03, 1507.89it/s]
 37%|███▋      | 3243/8810 [00:02<00:03, 1532.99it/s]
 39%|███▊      | 3410/8810 [00:02<00:03, 1435.92it/s]
 41%|████      | 3618/8810 [00:02<00:03, 1598.96it/s]
 43%|████▎     | 3783/8810 [00:02<00:03, 1541.62it/s]
 45%|████▌     | 3987/8810 [00:02<00:02, 1671.16it/s]
 47%|████▋     | 4180/8810 [00:02<00:02, 1624.09it/s]
 50%|████▉     | 4400/8810 [00:02<00:02, 1778.14it/s]
 52%|█████▏    | 4582/8810 [00:02<00:02, 1747.36it/s]
 54%|█████▍    | 4760/8810 [00:02<00:02, 1604.29it/s]
 56%|█████▌    | 4929/8810 [00:03<00:02, 1625.48it/s]
 58%|█████▊    | 5095/8810 [00:03<00:02, 1526.72it/s]
 60%|██████    | 5298/8810 [00:03<00:02, 1660.57it/s]
 62%|██████▏   | 5468/8810 [00:03<00:02, 1546.63it/s]
 64%|██████▍   | 5673/8810 [00:03<00:01, 1676.79it/s]
 66%|██████▋   | 5845/8810 [00:03<00:01, 1550.98it/s]
 68%|██████▊   | 6005/8810 [00:03<00:01, 1461.23it/s]
 70%|██████▉   | 6155/8810 [00:03<00:01, 1422.07it/s]
 72%|███████▏  | 6365/8810 [00:03<00:01, 1599.46it/s]
 74%|███████▍  | 6529/8810 [00:04<00:01, 1509.24it/s]
 77%|███████▋  | 6763/8810 [00:04<00:01, 1730.76it/s]
 79%|███████▉  | 6972/8810 [00:04<00:01, 1649.57it/s]
 81%|████████  | 7153/8810 [00:04<00:00, 1691.57it/s]
 83%|████████▎ | 7332/8810 [00:04<00:00, 1716.96it/s]
 85%|████████▌ | 7507/8810 [00:04<00:00, 1509.28it/s]
 87%|████████▋ | 7679/8810 [00:04<00:00, 1559.48it/s]
 89%|████████▉ | 7840/8810 [00:04<00:00, 1376.61it/s]
 91%|█████████ | 7995/8810 [00:05<00:00, 1419.05it/s]
 92%|█████████▏| 8143/8810 [00:05<00:00, 1252.74it/s]
 94%|█████████▍| 8275/8810 [00:05<00:00, 1263.25it/s]
 95%|█████████▌| 8407/8810 [00:05<00:00, 1146.44it/s]
 97%|█████████▋| 8574/8810 [00:05<00:00, 1275.03it/s]
 99%|█████████▉| 8708/8810 [00:05<00:00, 1221.65it/s]
100%|██████████| 8810/8810 [00:05<00:00, 1536.19it/s]
