
  0%|          | 0/8810 [00:00<?, ?it/s]
  2%|▏         | 181/8810 [00:00<00:05, 1607.12it/s]
  5%|▌         | 441/8810 [00:00<00:03, 2157.74it/s]
  7%|▋         | 660/8810 [00:00<00:03, 2058.81it/s]
 10%|▉         | 880/8810 [00:00<00:03, 2108.67it/s]
 12%|█▏        | 1093/8810 [00:00<00:03, 1949.93it/s]
 15%|█▌        | 1332/8810 [00:00<00:03, 2088.10it/s]
 18%|█▊        | 1544/8810 [00:00<00:03, 1909.18it/s]
 20%|██        | 1785/8810 [00:00<00:03, 2050.73it/s]
 23%|██▎       | 1995/8810 [00:01<00:03, 1832.88it/s]
 25%|██▌       | 2205/8810 [00:01<00:03, 1904.79it/s]
 27%|██▋       | 2401/8810 [00:01<00:03, 1698.92it/s]
 30%|██▉       | 2642/8810 [00:01<00:03, 1874.83it/s]
 32%|███▏      | 2837/8810 [00:01<00:03, 1706.89it/s]
 35%|███▍      | 3041/8810 [00:01<00:03, 1791.80it/s]
 37%|███▋      | 3227/8810 [00:01<00:03, 1678.59it/s]
 39%|███▊      | 3410/8810 [00:01<00:03, 1603.29it/s]
 41%|████      | 3623/8810 [00:01<00:02, 1736.89it/s]
 43%|████▎     | 3802/8810 [00:02<00:03, 1666.00it/s]
 46%|████▌     | 4017/8810 [00:02<00:02, 1792.60it/s]
 48%|████▊     | 4201/8810 [00:02<00:02, 1719.56it/s]
 51%|█████     | 4450/8810 [00:02<00:02, 1924.59it/s]
 53%|█████▎    | 4647/8810 [00:02<00:02, 1734.17it/s]
 55%|█████▍    | 4829/8810 [00:02<00:02, 1756.34it/s]
 57%|█████▋    | 5009/8810 [00:02<00:02, 1659.16it/s]
 59%|█████▉    | 5197/8810 [00:02<00:02, 1716.22it/s]
 61%|██████    | 5372/8810 [00:03<00:02, 1608.53it/s]
 63%|██████▎   | 5555/8810 [00:03<00:01, 1664.66it/s]
 65%|██████▌   | 5754/8810 [00:03<00:01, 1637.06it/s]
 67%|██████▋   | 5920/8810 [00:03<00:01, 1531.80it/s]
 69%|██████▉   | 6076/8810 [00:03<00:01, 1491.35it/s]
 71%|███████   | 6260/8810 [00:03<00:01, 1584.59it/s]
 73%|███████▎  | 6421/8810 [00:03<00:01, 1521.31it/s]
 76%|███████▌  | 6662/8810 [00:03<00:01, 1763.09it/s]
 78%|███████▊  | 6901/8810 [00:03<00:00, 1935.56it/s]
 81%|████████  | 7098/8810 [00:04<00:00, 1807.69it/s]
 83%|████████▎ | 7313/8810 [00:04<00:00, 1897.97it/s]
 85%|████████▌ | 7507/8810 [00:04<00:00, 1720.15it/s]
 88%|████████▊ | 7715/8810 [00:04<00:00, 1667.16it/s]
 90%|████████▉ | 7911/8810 [00:04<00:00, 1739.61it/s]
 92%|█████████▏| 8089/8810 [00:04<00:00, 1541.09it/s]
 94%|█████████▎| 8252/8810 [00:04<00:00, 1561.86it/s]
 95%|█████████▌| 8413/8810 [00:04<00:00, 1506.76it/s]
 98%|█████████▊| 8633/8810 [00:04<00:00, 1687.67it/s]
100%|█████████▉| 8807/8810 [00:05<00:00, 1612.62it/s]
100%|██████████| 8810/8810 [00:05<00:00, 1734.67it/s]
