
  0%|          | 0/8810 [00:00<?, ?it/s]
  2%|▏         | 181/8810 [00:00<00:06, 1354.04it/s]
  5%|▍         | 422/8810 [00:00<00:04, 1899.00it/s]
  7%|▋         | 652/8810 [00:00<00:03, 2068.75it/s]
 10%|▉         | 865/8810 [00:00<00:04, 1777.92it/s]
 12%|█▏        | 1051/8810 [00:00<00:04, 1716.97it/s]
 14%|█▍        | 1276/8810 [00:00<00:04, 1876.54it/s]
 17%|█▋        | 1470/8810 [00:00<00:04, 1729.35it/s]
 19%|█▉        | 1670/8810 [00:00<00:03, 1803.66it/s]
 21%|██        | 1855/8810 [00:01<00:04, 1692.77it/s]
 24%|██▎       | 2090/8810 [00:01<00:03, 1872.38it/s]
 26%|██▌       | 2282/8810 [00:01<00:03, 1728.58it/s]
 29%|██▉       | 2552/8810 [00:01<00:03, 1988.58it/s]
 31%|███▏      | 2758/8810 [00:01<00:03, 1901.71it/s]
 34%|███▎      | 2971/8810 [00:01<00:02, 1954.97it/s]
 36%|███▌      | 3171/8810 [00:01<00:03, 1803.30it/s]
 38%|███▊      | 3356/8810 [00:01<00:03, 1782.91it/s]
 40%|████      | 3538/8810 [00:01<00:03, 1624.24it/s]
 43%|████▎     | 3759/8810 [00:02<00:02, 1775.79it/s]
 45%|████▍     | 3942/8810 [00:02<00:02, 1659.70it/s]
 47%|████▋     | 4168/8810 [00:02<00:02, 1815.45it/s]
 49%|████▉     | 4355/8810 [00:02<00:02, 1664.81it/s]
 52%|█████▏    | 4548/8810 [00:02<00:02, 1727.74it/s]
 54%|█████▎    | 4726/8810 [00:02<00:02, 1565.41it/s]
 56%|█████▌    | 4909/8810 [00:02<00:02, 1627.36it/s]
 58%|█████▊    | 5077/8810 [00:02<00:02, 1506.11it/s]
 60%|█████▉    | 5250/8810 [00:03<00:02, 1561.41it/s]
 61%|██████▏   | 5410/8810 [00:03<00:02, 1454.69it/s]
 64%|██████▍   | 5625/8810 [00:03<00:01, 1635.24it/s]
 66%|██████▌   | 5794/8810 [00:03<00:01, 1585.08it/s]
 68%|██████▊   | 5956/8810 [00:03<00:01, 1563.61it/s]
 69%|██████▉   | 6115/8810 [00:03<00:01, 1536.67it/s]
 71%|███████▏  | 6294/8810 [00:03<00:01, 1606.55it/s]
 73%|███████▎  | 6457/8810 [00:03<00:01, 1539.93it/s]
 76%|███████▌  | 6665/8810 [00:03<00:01, 1689.33it/s]
 78%|███████▊  | 6883/8810 [00:04<00:01, 1826.39it/s]
 80%|████████  | 7068/8810 [00:04<00:01, 1701.76it/s]
 82%|████████▏ | 7242/8810 [00:04<00:00, 1706.02it/s]
 84%|████████▍ | 7415/8810 [00:04<00:00, 1655.78it/s]
 86%|████████▌ | 7583/8810 [00:04<00:00, 1538.28it/s]
 88%|████████▊ | 7740/8810 [00:04<00:00, 1464.10it/s]
 90%|█████████ | 7933/8810 [00:04<00:00, 1587.69it/s]
 92%|█████████▏| 8095/8810 [00:04<00:00, 1420.42it/s]
 94%|█████████▍| 8264/8810 [00:04<00:00, 1489.46it/s]
 96%|█████████▌| 8418/8810 [00:05<00:00, 1439.24it/s]
 98%|█████████▊| 8622/8810 [00:05<00:00, 1594.74it/s]
100%|█████████▉| 8786/8810 [00:05<00:00, 1488.41it/s]
100%|██████████| 8810/8810 [00:05<00:00, 1660.61it/s]
