
  0%|          | 0/8810 [00:00<?, ?it/s]
  2%|▏         | 181/8810 [00:00<00:05, 1516.01it/s]
  5%|▍         | 429/8810 [00:00<00:04, 2034.09it/s]
  7%|▋         | 656/8810 [00:00<00:04, 1852.11it/s]
 10%|▉         | 855/8810 [00:00<00:04, 1892.36it/s]
 12%|█▏        | 1048/8810 [00:00<00:04, 1771.78it/s]
 14%|█▍        | 1255/8810 [00:00<00:04, 1861.16it/s]
 17%|█▋        | 1457/8810 [00:00<00:04, 1761.33it/s]
 19%|█▉        | 1653/8810 [00:00<00:03, 1816.83it/s]
 21%|██        | 1838/8810 [00:01<00:04, 1670.83it/s]
 23%|██▎       | 2063/8810 [00:01<00:03, 1825.40it/s]
 26%|██▌       | 2263/8810 [00:01<00:03, 1759.89it/s]
 28%|██▊       | 2489/8810 [00:01<00:03, 1896.83it/s]
 31%|███       | 2733/8810 [00:01<00:02, 2047.54it/s]
 33%|███▎      | 2942/8810 [00:01<00:03, 1848.98it/s]
 36%|███▌      | 3133/8810 [00:01<00:03, 1789.19it/s]
 38%|███▊      | 3369/8810 [00:01<00:02, 1942.08it/s]
 40%|████      | 3568/8810 [00:01<00:02, 1761.79it/s]
 43%|████▎     | 3774/8810 [00:02<00:02, 1745.68it/s]
 46%|████▌     | 4034/8810 [00:02<00:02, 1968.84it/s]
 48%|████▊     | 4237/8810 [00:02<00:02, 1911.67it/s]
 51%|█████     | 4486/8810 [00:02<00:02, 2068.55it/s]
 53%|█████▎    | 4698/8810 [00:02<00:02, 1804.03it/s]
 56%|█████▌    | 4901/8810 [00:02<00:02, 1860.38it/s]
 58%|█████▊    | 5094/8810 [00:02<00:02, 1765.44it/s]
 61%|██████    | 5345/8810 [00:02<00:01, 1959.38it/s]
 63%|██████▎   | 5548/8810 [00:03<00:01, 1838.25it/s]
 65%|██████▌   | 5754/8810 [00:03<00:01, 1829.38it/s]
 67%|██████▋   | 5941/8810 [00:03<00:01, 1763.91it/s]
 69%|██████▉   | 6120/8810 [00:03<00:01, 1684.64it/s]
 72%|███████▏  | 6351/8810 [00:03<00:01, 1851.43it/s]
 74%|███████▍  | 6540/8810 [00:03<00:01, 1748.98it/s]
 77%|███████▋  | 6802/8810 [00:03<00:01, 1977.48it/s]
 80%|███████▉  | 7005/8810 [00:03<00:00, 1847.29it/s]
 82%|████████▏ | 7194/8810 [00:03<00:00, 1837.16it/s]
 84%|████████▍ | 7381/8810 [00:04<00:00, 1816.05it/s]
 86%|████████▌ | 7565/8810 [00:04<00:00, 1762.20it/s]
 88%|████████▊ | 7743/8810 [00:04<00:00, 1688.17it/s]
 90%|█████████ | 7931/8810 [00:04<00:00, 1736.42it/s]
 92%|█████████▏| 8106/8810 [00:04<00:00, 1549.75it/s]
 94%|█████████▍| 8314/8810 [00:04<00:00, 1684.68it/s]
 96%|█████████▋| 8487/8810 [00:04<00:00, 1606.16it/s]
 99%|█████████▊| 8693/8810 [00:04<00:00, 1724.82it/s]
100%|██████████| 8810/8810 [00:04<00:00, 1797.88it/s]
