
  0%|          | 0/8810 [00:00<?, ?it/s]
  2%|▏         | 178/8810 [00:00<00:04, 1751.40it/s]
  4%|▍         | 354/8810 [00:00<00:05, 1572.68it/s]
  6%|▌         | 541/8810 [00:00<00:04, 1696.52it/s]
  8%|▊         | 713/8810 [00:00<00:05, 1435.31it/s]
 10%|▉         | 866/8810 [00:00<00:05, 1458.69it/s]
 12%|█▏        | 1016/8810 [00:00<00:05, 1360.64it/s]
 14%|█▍        | 1213/8810 [00:00<00:04, 1535.42it/s]
 16%|█▌        | 1401/8810 [00:00<00:04, 1629.05it/s]
 18%|█▊        | 1568/8810 [00:01<00:05, 1439.60it/s]
 20%|█▉        | 1718/8810 [00:01<00:04, 1453.19it/s]
 21%|██        | 1868/8810 [00:01<00:05, 1252.77it/s]
 23%|██▎       | 2057/8810 [00:01<00:04, 1409.84it/s]
 25%|██▌       | 2219/8810 [00:01<00:04, 1450.86it/s]
 27%|██▋       | 2371/8810 [00:01<00:05, 1190.61it/s]
 29%|██▉       | 2534/8810 [00:01<00:04, 1294.70it/s]
 31%|███       | 2725/8810 [00:01<00:04, 1447.69it/s]
 33%|███▎      | 2880/8810 [00:02<00:04, 1359.72it/s]
 34%|███▍      | 3039/8810 [00:02<00:04, 1416.13it/s]
 36%|███▌      | 3187/8810 [00:02<00:04, 1367.78it/s]
 38%|███▊      | 3348/8810 [00:02<00:03, 1432.35it/s]
 40%|███▉      | 3495/8810 [00:02<00:04, 1309.47it/s]
 42%|████▏     | 3706/8810 [00:02<00:03, 1520.63it/s]
 44%|████▍     | 3864/8810 [00:02<00:03, 1421.80it/s]
 46%|████▌     | 4066/8810 [00:02<00:03, 1580.50it/s]
 48%|████▊     | 4230/8810 [00:02<00:02, 1528.57it/s]
 50%|█████     | 4422/8810 [00:03<00:02, 1634.17it/s]
 52%|█████▏    | 4590/8810 [00:03<00:02, 1597.94it/s]
 54%|█████▍    | 4753/8810 [00:03<00:02, 1485.28it/s]
 56%|█████▌    | 4918/8810 [00:03<00:02, 1529.47it/s]
 58%|█████▊    | 5074/8810 [00:03<00:02, 1438.63it/s]
 60%|█████▉    | 5253/8810 [00:03<00:02, 1532.99it/s]
 61%|██████▏   | 5410/8810 [00:03<00:02, 1436.27it/s]
 64%|██████▎   | 5614/8810 [00:03<00:01, 1599.00it/s]
 66%|██████▌   | 5778/8810 [00:03<00:02, 1513.86it/s]
 67%|██████▋   | 5933/8810 [00:04<00:02, 1432.64it/s]
 69%|██████▉   | 6079/8810 [00:04<00:02, 1357.87it/s]
 71%|███████   | 6258/8810 [00:04<00:01, 1472.42it/s]
 73%|███████▎  | 6409/8810 [00:04<00:01, 1397.94it/s]
 75%|███████▌  | 6620/8810 [00:04<00:01, 1590.16it/s]
 77%|███████▋  | 6822/8810 [00:04<00:01, 1702.05it/s]
 79%|███████▉  | 6996/8810 [00:04<00:01, 1578.90it/s]
 81%|████████  | 7158/8810 [00:04<00:01, 1569.61it/s]
 83%|████████▎ | 7327/8810 [00:04<00:00, 1602.91it/s]
 85%|████████▌ | 7490/8810 [00:05<00:00, 1463.47it/s]
 87%|████████▋ | 7673/8810 [00:05<00:00, 1557.67it/s]
 89%|████████▉ | 7833/8810 [00:05<00:00, 1349.99it/s]
 91%|█████████ | 8002/8810 [00:05<00:00, 1433.09it/s]
 93%|█████████▎| 8152/8810 [00:05<00:00, 1327.22it/s]
 94%|█████████▍| 8320/8810 [00:05<00:00, 1414.70it/s]
 96%|█████████▌| 8467/8810 [00:05<00:00, 1338.73it/s]
 98%|█████████▊| 8634/8810 [00:05<00:00, 1420.48it/s]
100%|█████████▉| 8780/8810 [00:06<00:00, 1335.49it/s]
100%|██████████| 8810/8810 [00:06<00:00, 1455.47it/s]
