
  0%|          | 0/8810 [00:00<?, ?it/s]
  2%|▏         | 181/8810 [00:00<00:05, 1660.95it/s]
  5%|▌         | 465/8810 [00:00<00:03, 2329.17it/s]
  8%|▊         | 701/8810 [00:00<00:03, 2125.22it/s]
 10%|█         | 917/8810 [00:00<00:03, 2123.33it/s]
 13%|█▎        | 1132/8810 [00:00<00:03, 1972.19it/s]
 15%|█▌        | 1365/8810 [00:00<00:03, 2081.50it/s]
 18%|█▊        | 1576/8810 [00:00<00:03, 1934.13it/s]
 21%|██        | 1821/8810 [00:00<00:03, 1891.01it/s]
 23%|██▎       | 2014/8810 [00:01<00:03, 1899.19it/s]
 25%|██▌       | 2226/8810 [00:01<00:03, 1959.36it/s]
 28%|██▊       | 2424/8810 [00:01<00:03, 1709.10it/s]
 30%|███       | 2676/8810 [00:01<00:03, 1915.86it/s]
 33%|███▎      | 2875/8810 [00:01<00:03, 1777.68it/s]
 35%|███▍      | 3060/8810 [00:01<00:03, 1628.01it/s]
 37%|███▋      | 3229/8810 [00:01<00:03, 1637.91it/s]
 39%|███▊      | 3410/8810 [00:01<00:03, 1536.20it/s]
 41%|████      | 3622/8810 [00:01<00:03, 1683.63it/s]
 43%|████▎     | 3796/8810 [00:02<00:03, 1638.60it/s]
 45%|████▌     | 3991/8810 [00:02<00:02, 1720.69it/s]
 47%|████▋     | 4180/8810 [00:02<00:02, 1682.90it/s]
 50%|████▉     | 4404/8810 [00:02<00:02, 1834.29it/s]
 52%|█████▏    | 4593/8810 [00:02<00:02, 1847.84it/s]
 54%|█████▍    | 4781/8810 [00:02<00:02, 1678.74it/s]
 56%|█████▌    | 4954/8810 [00:02<00:02, 1514.54it/s]
 59%|█████▊    | 5174/8810 [00:02<00:02, 1689.35it/s]
 61%|██████    | 5372/8810 [00:03<00:02, 1599.86it/s]
 63%|██████▎   | 5556/8810 [00:03<00:01, 1659.16it/s]
 65%|██████▌   | 5754/8810 [00:03<00:01, 1649.71it/s]
 67%|██████▋   | 5923/8810 [00:03<00:01, 1565.12it/s]
 69%|██████▉   | 6083/8810 [00:03<00:01, 1493.07it/s]
 71%|███████▏  | 6288/8810 [00:03<00:01, 1636.13it/s]
 73%|███████▎  | 6455/8810 [00:03<00:01, 1576.91it/s]
 76%|███████▌  | 6699/8810 [00:03<00:01, 1807.27it/s]
 79%|███████▉  | 6943/8810 [00:03<00:00, 1982.32it/s]
 81%|████████  | 7146/8810 [00:04<00:00, 1796.35it/s]
 83%|████████▎ | 7332/8810 [00:04<00:00, 1802.69it/s]
 85%|████████▌ | 7517/8810 [00:04<00:00, 1639.73it/s]
 88%|████████▊ | 7715/8810 [00:04<00:00, 1586.06it/s]
 90%|████████▉ | 7885/8810 [00:04<00:00, 1608.70it/s]
 91%|█████████▏| 8049/8810 [00:04<00:00, 1461.48it/s]
 93%|█████████▎| 8223/8810 [00:04<00:00, 1528.33it/s]
 95%|█████████▌| 8380/8810 [00:04<00:00, 1432.02it/s]
 98%|█████████▊| 8598/8810 [00:05<00:00, 1623.56it/s]
100%|█████████▉| 8766/8810 [00:05<00:00, 1528.07it/s]
100%|██████████| 8810/8810 [00:05<00:00, 1709.46it/s]
