
  0%|          | 0/8810 [00:00<?, ?it/s]
  2%|▏         | 181/8810 [00:00<00:05, 1444.94it/s]
  5%|▍         | 427/8810 [00:00<00:04, 1982.42it/s]
  7%|▋         | 656/8810 [00:00<00:04, 1876.70it/s]
 10%|▉         | 870/8810 [00:00<00:04, 1966.47it/s]
 12%|█▏        | 1070/8810 [00:00<00:04, 1883.79it/s]
 15%|█▍        | 1288/8810 [00:00<00:03, 1971.59it/s]
 17%|█▋        | 1488/8810 [00:00<00:04, 1796.07it/s]
 19%|█▉        | 1707/8810 [00:00<00:03, 1902.90it/s]
 22%|██▏       | 1901/8810 [00:01<00:04, 1720.81it/s]
 25%|██▍       | 2168/8810 [00:01<00:03, 1975.12it/s]
 27%|██▋       | 2373/8810 [00:01<00:03, 1851.27it/s]
 30%|██▉       | 2628/8810 [00:01<00:03, 2028.29it/s]
 32%|███▏      | 2837/8810 [00:01<00:03, 1808.82it/s]
 35%|███▍      | 3057/8810 [00:01<00:03, 1772.26it/s]
 37%|███▋      | 3240/8810 [00:01<00:03, 1745.00it/s]
 39%|███▉      | 3419/8810 [00:01<00:03, 1659.14it/s]
 41%|████      | 3589/8810 [00:01<00:03, 1668.08it/s]
 43%|████▎     | 3774/8810 [00:02<00:03, 1670.28it/s]
 45%|████▌     | 3986/8810 [00:02<00:02, 1792.86it/s]
 47%|████▋     | 4180/8810 [00:02<00:02, 1775.74it/s]
 50%|█████     | 4415/8810 [00:02<00:02, 1935.36it/s]
 52%|█████▏    | 4622/8810 [00:02<00:02, 1973.44it/s]
 55%|█████▍    | 4822/8810 [00:02<00:02, 1718.37it/s]
 57%|█████▋    | 5001/8810 [00:02<00:02, 1578.63it/s]
 59%|█████▉    | 5214/8810 [00:02<00:02, 1718.23it/s]
 61%|██████    | 5393/8810 [00:03<00:02, 1640.30it/s]
 64%|██████▍   | 5628/8810 [00:03<00:01, 1826.12it/s]
 66%|██████▌   | 5817/8810 [00:03<00:01, 1751.95it/s]
 68%|██████▊   | 5997/8810 [00:03<00:01, 1659.70it/s]
 70%|███████   | 6167/8810 [00:03<00:01, 1470.23it/s]
 72%|███████▏  | 6380/8810 [00:03<00:01, 1635.71it/s]
 74%|███████▍  | 6551/8810 [00:03<00:01, 1569.65it/s]
 77%|███████▋  | 6789/8810 [00:03<00:01, 1783.03it/s]
 79%|███████▉  | 6974/8810 [00:03<00:01, 1628.66it/s]
 81%|████████  | 7144/8810 [00:04<00:01, 1623.78it/s]
 83%|████████▎ | 7311/8810 [00:04<00:00, 1560.04it/s]
 85%|████████▍ | 7471/8810 [00:04<00:00, 1443.68it/s]
 87%|████████▋ | 7638/8810 [00:04<00:00, 1502.41it/s]
 88%|████████▊ | 7792/8810 [00:04<00:00, 1317.73it/s]
 90%|█████████ | 7959/8810 [00:04<00:00, 1405.87it/s]
 92%|█████████▏| 8106/8810 [00:04<00:00, 1317.87it/s]
 94%|█████████▍| 8297/8810 [00:04<00:00, 1470.84it/s]
 96%|█████████▌| 8450/8810 [00:05<00:00, 1450.51it/s]
 98%|█████████▊| 8670/8810 [00:05<00:00, 1654.45it/s]
100%|██████████| 8810/8810 [00:05<00:00, 1686.29it/s]
