
  0%|          | 0/8810 [00:00<?, ?it/s]
  2%|▏         | 181/8810 [00:00<00:05, 1463.87it/s]
  5%|▍         | 408/8810 [00:00<00:04, 1893.57it/s]
  7%|▋         | 618/8810 [00:00<00:04, 1978.92it/s]
  9%|▉         | 819/8810 [00:00<00:04, 1802.47it/s]
 11%|█▏        | 1003/8810 [00:00<00:05, 1429.91it/s]
 13%|█▎        | 1158/8810 [00:00<00:05, 1402.38it/s]
 15%|█▌        | 1361/8810 [00:00<00:04, 1571.09it/s]
 17%|█▋        | 1527/8810 [00:00<00:04, 1488.04it/s]
 20%|██        | 1778/8810 [00:01<00:03, 1762.48it/s]
 22%|██▏       | 1963/8810 [00:01<00:04, 1637.93it/s]
 25%|██▌       | 2223/8810 [00:01<00:03, 1891.01it/s]
 27%|██▋       | 2421/8810 [00:01<00:03, 1781.68it/s]
 30%|███       | 2662/8810 [00:01<00:03, 1943.93it/s]
 32%|███▏      | 2863/8810 [00:01<00:03, 1787.81it/s]
 35%|███▍      | 3057/8810 [00:01<00:03, 1679.82it/s]
 37%|███▋      | 3233/8810 [00:01<00:03, 1695.07it/s]
 39%|███▊      | 3410/8810 [00:02<00:03, 1569.07it/s]
 41%|████▏     | 3642/8810 [00:02<00:02, 1763.97it/s]
 43%|████▎     | 3825/8810 [00:02<00:02, 1683.78it/s]
 46%|████▌     | 4017/8810 [00:02<00:02, 1746.01it/s]
 48%|████▊     | 4196/8810 [00:02<00:03, 1506.56it/s]
 50%|████▉     | 4401/8810 [00:02<00:02, 1637.61it/s]
 52%|█████▏    | 4573/8810 [00:02<00:02, 1600.04it/s]
 54%|█████▍    | 4739/8810 [00:02<00:02, 1391.95it/s]
 55%|█████▌    | 4886/8810 [00:03<00:02, 1378.52it/s]
 57%|█████▋    | 5029/8810 [00:03<00:02, 1265.98it/s]
 59%|█████▉    | 5204/8810 [00:03<00:02, 1383.02it/s]
 61%|██████    | 5372/8810 [00:03<00:02, 1369.39it/s]
 63%|██████▎   | 5549/8810 [00:03<00:02, 1470.18it/s]
 65%|██████▌   | 5747/8810 [00:03<00:01, 1598.30it/s]
 67%|██████▋   | 5911/8810 [00:03<00:02, 1420.81it/s]
 69%|██████▉   | 6059/8810 [00:03<00:02, 1331.92it/s]
 71%|███████   | 6230/8810 [00:03<00:01, 1423.55it/s]
 73%|███████▎  | 6400/8810 [00:04<00:01, 1402.01it/s]
 75%|███████▌  | 6623/8810 [00:04<00:01, 1618.74it/s]
 78%|███████▊  | 6850/8810 [00:04<00:01, 1792.89it/s]
 80%|███████▉  | 7035/8810 [00:04<00:01, 1677.11it/s]
 82%|████████▏ | 7208/8810 [00:04<00:00, 1675.86it/s]
 84%|████████▍ | 7379/8810 [00:04<00:00, 1656.85it/s]
 86%|████████▌ | 7547/8810 [00:04<00:00, 1567.40it/s]
 88%|████████▊ | 7715/8810 [00:04<00:00, 1479.61it/s]
 89%|████████▉ | 7876/8810 [00:04<00:00, 1509.95it/s]
 91%|█████████ | 8029/8810 [00:05<00:00, 1512.37it/s]
 93%|█████████▎| 8182/8810 [00:05<00:00, 1371.55it/s]
 94%|█████████▍| 8323/8810 [00:05<00:00, 1374.16it/s]
 96%|█████████▌| 8463/8810 [00:05<00:00, 1268.79it/s]
 98%|█████████▊| 8645/8810 [00:05<00:00, 1411.56it/s]
100%|█████████▉| 8790/8810 [00:05<00:00, 1390.58it/s]
100%|██████████| 8810/8810 [00:05<00:00, 1554.56it/s]
