
  0%|          | 0/8810 [00:00<?, ?it/s]
  2%|▏         | 182/8810 [00:00<00:04, 1818.67it/s]
  5%|▍         | 435/8810 [00:00<00:03, 2230.98it/s]
  7%|▋         | 659/8810 [00:00<00:03, 2145.09it/s]
 10%|█         | 884/8810 [00:00<00:03, 2180.59it/s]
 13%|█▎        | 1103/8810 [00:00<00:03, 2054.97it/s]
 15%|█▌        | 1339/8810 [00:00<00:03, 2147.15it/s]
 18%|█▊        | 1555/8810 [00:00<00:03, 1911.51it/s]
 20%|██        | 1781/8810 [00:00<00:03, 2010.36it/s]
 23%|██▎       | 1987/8810 [00:01<00:03, 1750.39it/s]
 25%|██▌       | 2205/8810 [00:01<00:03, 1861.79it/s]
 27%|██▋       | 2399/8810 [00:01<00:03, 1608.07it/s]
 30%|███       | 2653/8810 [00:01<00:03, 1840.59it/s]
 32%|███▏      | 2850/8810 [00:01<00:03, 1630.97it/s]
 34%|███▍      | 3025/8810 [00:01<00:03, 1618.20it/s]
 36%|███▋      | 3195/8810 [00:01<00:03, 1488.94it/s]
 38%|███▊      | 3385/8810 [00:01<00:03, 1590.74it/s]
 40%|████      | 3551/8810 [00:02<00:03, 1433.85it/s]
 42%|████▏     | 3728/8810 [00:02<00:03, 1517.25it/s]
 44%|████▍     | 3886/8810 [00:02<00:03, 1452.77it/s]
 47%|████▋     | 4120/8810 [00:02<00:02, 1685.75it/s]
 49%|████▉     | 4295/8810 [00:02<00:02, 1589.54it/s]
 51%|█████▏    | 4524/8810 [00:02<00:02, 1775.71it/s]
 53%|█████▎    | 4708/8810 [00:02<00:02, 1596.60it/s]
 56%|█████▌    | 4902/8810 [00:02<00:02, 1683.07it/s]
 58%|█████▊    | 5077/8810 [00:02<00:02, 1587.10it/s]
 60%|█████▉    | 5265/8810 [00:03<00:02, 1664.28it/s]
 62%|██████▏   | 5436/8810 [00:03<00:02, 1469.97it/s]
 64%|██████▍   | 5638/8810 [00:03<00:01, 1606.78it/s]
 66%|██████▌   | 5806/8810 [00:03<00:01, 1539.13it/s]
 68%|██████▊   | 5965/8810 [00:03<00:01, 1504.31it/s]
 69%|██████▉   | 6119/8810 [00:03<00:01, 1438.06it/s]
 72%|███████▏  | 6334/8810 [00:03<00:01, 1622.80it/s]
 74%|███████▍  | 6501/8810 [00:03<00:01, 1519.41it/s]
 77%|███████▋  | 6763/8810 [00:03<00:01, 1811.76it/s]
 79%|███████▉  | 6972/8810 [00:04<00:01, 1765.15it/s]
 81%|████████▏ | 7165/8810 [00:04<00:00, 1806.98it/s]
 84%|████████▎ | 7360/8810 [00:04<00:00, 1655.29it/s]
 85%|████████▌ | 7531/8810 [00:04<00:00, 1614.91it/s]
 88%|████████▊ | 7715/8810 [00:04<00:00, 1575.40it/s]
 89%|████████▉ | 7884/8810 [00:04<00:00, 1605.15it/s]
 91%|█████████▏| 8047/8810 [00:04<00:00, 1490.44it/s]
 93%|█████████▎| 8237/8810 [00:04<00:00, 1598.70it/s]
 95%|█████████▌| 8400/8810 [00:05<00:00, 1511.18it/s]
 98%|█████████▊| 8623/8810 [00:05<00:00, 1695.26it/s]
100%|█████████▉| 8797/8810 [00:05<00:00, 1567.63it/s]
100%|██████████| 8810/8810 [00:05<00:00, 1665.04it/s]
