
  0%|          | 0/8810 [00:00<?, ?it/s]
  2%|▏         | 181/8810 [00:00<00:06, 1319.79it/s]
  4%|▍         | 393/8810 [00:00<00:04, 1727.65it/s]
  7%|▋         | 576/8810 [00:00<00:04, 1762.09it/s]
  9%|▊         | 756/8810 [00:00<00:05, 1495.94it/s]
 10%|█         | 913/8810 [00:00<00:05, 1496.05it/s]
 12%|█▏        | 1067/8810 [00:00<00:05, 1469.48it/s]
 14%|█▍        | 1244/8810 [00:00<00:04, 1556.86it/s]
 16%|█▌        | 1403/8810 [00:00<00:04, 1545.58it/s]
 18%|█▊        | 1560/8810 [00:01<00:05, 1401.70it/s]
 20%|█▉        | 1746/8810 [00:01<00:04, 1526.60it/s]
 22%|██▏       | 1903/8810 [00:01<00:05, 1361.83it/s]
 24%|██▍       | 2118/8810 [00:01<00:04, 1566.09it/s]
 26%|██▌       | 2282/8810 [00:01<00:04, 1431.99it/s]
 28%|██▊       | 2493/8810 [00:01<00:03, 1606.61it/s]
 31%|███       | 2705/8810 [00:01<00:03, 1740.28it/s]
 33%|███▎      | 2886/8810 [00:01<00:03, 1571.57it/s]
 35%|███▍      | 3051/8810 [00:01<00:03, 1564.65it/s]
 36%|███▋      | 3213/8810 [00:02<00:03, 1443.63it/s]
 38%|███▊      | 3369/8810 [00:02<00:03, 1470.58it/s]
 40%|███▉      | 3520/8810 [00:02<00:04, 1267.94it/s]
 42%|████▏     | 3686/8810 [00:02<00:03, 1361.20it/s]
 43%|████▎     | 3829/8810 [00:02<00:03, 1275.45it/s]
 45%|████▌     | 3997/8810 [00:02<00:03, 1379.19it/s]
 47%|████▋     | 4180/8810 [00:02<00:03, 1407.55it/s]
 50%|████▉     | 4392/8810 [00:02<00:02, 1594.29it/s]
 52%|█████▏    | 4557/8810 [00:03<00:02, 1592.90it/s]
 54%|█████▎    | 4720/8810 [00:03<00:02, 1422.18it/s]
 55%|█████▌    | 4872/8810 [00:03<00:02, 1447.08it/s]
 57%|█████▋    | 5021/8810 [00:03<00:02, 1322.78it/s]
 59%|█████▉    | 5185/8810 [00:03<00:02, 1403.55it/s]
 61%|██████    | 5346/8810 [00:03<00:02, 1456.58it/s]
 62%|██████▏   | 5496/8810 [00:03<00:02, 1237.93it/s]
 65%|██████▍   | 5686/8810 [00:03<00:02, 1400.04it/s]
 66%|██████▌   | 5835/8810 [00:04<00:02, 1316.95it/s]
 68%|██████▊   | 5973/8810 [00:04<00:02, 1286.97it/s]
 69%|██████▉   | 6106/8810 [00:04<00:02, 1218.02it/s]
 71%|███████▏  | 6278/8810 [00:04<00:01, 1344.37it/s]
 73%|███████▎  | 6417/8810 [00:04<00:01, 1234.48it/s]
 75%|███████▍  | 6572/8810 [00:04<00:01, 1310.87it/s]
 77%|███████▋  | 6782/8810 [00:04<00:01, 1521.66it/s]
 79%|███████▉  | 6969/8810 [00:04<00:01, 1615.98it/s]
 81%|████████  | 7135/8810 [00:04<00:01, 1436.02it/s]
 83%|████████▎ | 7307/8810 [00:05<00:00, 1508.28it/s]
 85%|████████▍ | 7464/8810 [00:05<00:00, 1423.54it/s]
 87%|████████▋ | 7633/8810 [00:05<00:00, 1493.23it/s]
 88%|████████▊ | 7787/8810 [00:05<00:00, 1328.50it/s]
 90%|█████████ | 7945/8810 [00:05<00:00, 1387.78it/s]
 92%|█████████▏| 8089/8810 [00:05<00:00, 1263.63it/s]
 94%|█████████▎| 8252/8810 [00:05<00:00, 1353.56it/s]
 95%|█████████▌| 8393/8810 [00:05<00:00, 1308.35it/s]
 97%|█████████▋| 8586/8810 [00:05<00:00, 1472.47it/s]
 99%|█████████▉| 8738/8810 [00:06<00:00, 1363.22it/s]
100%|██████████| 8810/8810 [00:06<00:00, 1429.63it/s]
