
  0%|          | 0/8810 [00:00<?, ?it/s]
  2%|▏         | 181/8810 [00:00<00:05, 1725.33it/s]
  5%|▌         | 442/8810 [00:00<00:03, 2234.22it/s]
  8%|▊         | 667/8810 [00:00<00:03, 2067.20it/s]
 10%|█         | 889/8810 [00:00<00:03, 2121.85it/s]
 13%|█▎        | 1103/8810 [00:00<00:03, 1966.89it/s]
 15%|█▌        | 1334/8810 [00:00<00:03, 2073.12it/s]
 18%|█▊        | 1544/8810 [00:00<00:03, 1876.16it/s]
 20%|██        | 1778/8810 [00:00<00:03, 2006.73it/s]
 23%|██▎       | 1984/8810 [00:01<00:03, 1891.22it/s]
 25%|██▌       | 2241/8810 [00:01<00:03, 2078.61it/s]
 28%|██▊       | 2454/8810 [00:01<00:03, 2079.92it/s]
 31%|███       | 2733/8810 [00:01<00:02, 2278.79it/s]
 34%|███▎      | 2965/8810 [00:01<00:02, 2068.00it/s]
 36%|███▌      | 3178/8810 [00:01<00:02, 1894.10it/s]
 39%|███▊      | 3401/8810 [00:01<00:02, 1981.89it/s]
 41%|████      | 3605/8810 [00:01<00:02, 1905.66it/s]
 43%|████▎     | 3800/8810 [00:01<00:02, 1862.46it/s]
 46%|████▌     | 4072/8810 [00:02<00:02, 2095.80it/s]
 49%|████▊     | 4286/8810 [00:02<00:02, 2006.77it/s]
 52%|█████▏    | 4541/8810 [00:02<00:01, 2154.98it/s]
 54%|█████▍    | 4761/8810 [00:02<00:02, 1877.46it/s]
 56%|█████▋    | 4958/8810 [00:02<00:02, 1695.44it/s]
 59%|█████▊    | 5155/8810 [00:02<00:02, 1762.07it/s]
 61%|██████    | 5346/8810 [00:02<00:01, 1797.72it/s]
 63%|██████▎   | 5532/8810 [00:02<00:01, 1676.26it/s]
 65%|██████▌   | 5743/8810 [00:02<00:01, 1789.37it/s]
 67%|██████▋   | 5927/8810 [00:03<00:01, 1493.96it/s]
 69%|██████▉   | 6088/8810 [00:03<00:01, 1434.73it/s]
 71%|███████   | 6242/8810 [00:03<00:01, 1459.91it/s]
 73%|███████▎  | 6400/8810 [00:03<00:01, 1345.91it/s]
 74%|███████▍  | 6552/8810 [00:03<00:01, 1387.63it/s]
 77%|███████▋  | 6764/8810 [00:03<00:01, 1577.91it/s]
 79%|███████▉  | 6953/8810 [00:03<00:01, 1661.68it/s]
 81%|████████  | 7124/8810 [00:03<00:01, 1504.15it/s]
 83%|████████▎ | 7294/8810 [00:04<00:00, 1552.37it/s]
 85%|████████▍ | 7454/8810 [00:04<00:00, 1432.28it/s]
 86%|████████▋ | 7602/8810 [00:04<00:00, 1386.40it/s]
 88%|████████▊ | 7744/8810 [00:04<00:00, 1292.85it/s]
 90%|████████▉ | 7885/8810 [00:04<00:00, 1316.10it/s]
 91%|█████████ | 8036/8810 [00:04<00:00, 1361.95it/s]
 93%|█████████▎| 8175/8810 [00:04<00:00, 1306.24it/s]
 95%|█████████▍| 8336/8810 [00:04<00:00, 1389.43it/s]
 96%|█████████▌| 8477/8810 [00:04<00:00, 1337.72it/s]
 99%|█████████▊| 8692/8810 [00:05<00:00, 1558.04it/s]
100%|██████████| 8810/8810 [00:05<00:00, 1705.85it/s]
