
  0%|          | 0/8810 [00:00<?, ?it/s]
  2%|▏         | 185/8810 [00:00<00:04, 1847.45it/s]
  5%|▌         | 450/8810 [00:00<00:03, 2307.89it/s]
  8%|▊         | 681/8810 [00:00<00:03, 2298.72it/s]
 10%|█         | 911/8810 [00:00<00:03, 2187.10it/s]
 13%|█▎        | 1131/8810 [00:00<00:03, 2080.63it/s]
 16%|█▌        | 1367/8810 [00:00<00:03, 2167.40it/s]
 18%|█▊        | 1585/8810 [00:00<00:03, 2065.76it/s]
 21%|██        | 1821/8810 [00:00<00:03, 2063.22it/s]
 23%|██▎       | 2056/8810 [00:00<00:03, 2144.28it/s]
 26%|██▌       | 2272/8810 [00:01<00:03, 2011.19it/s]
 29%|██▉       | 2580/8810 [00:01<00:02, 2310.85it/s]
 32%|███▏      | 2816/8810 [00:01<00:02, 2140.15it/s]
 34%|███▍      | 3035/8810 [00:01<00:02, 2126.17it/s]
 37%|███▋      | 3251/8810 [00:01<00:02, 1927.69it/s]
 39%|███▉      | 3449/8810 [00:01<00:02, 1857.02it/s]
 42%|████▏     | 3703/8810 [00:01<00:02, 2038.02it/s]
 44%|████▍     | 3912/8810 [00:01<00:02, 1896.84it/s]
 47%|████▋     | 4180/8810 [00:02<00:02, 1970.91it/s]
 50%|█████     | 4437/8810 [00:02<00:02, 2128.02it/s]
 53%|█████▎    | 4655/8810 [00:02<00:02, 1964.22it/s]
 55%|█████▌    | 4857/8810 [00:02<00:02, 1894.53it/s]
 57%|█████▋    | 5050/8810 [00:02<00:02, 1770.44it/s]
 60%|██████    | 5300/8810 [00:02<00:01, 1955.91it/s]
 62%|██████▏   | 5501/8810 [00:02<00:01, 1907.69it/s]
 65%|██████▌   | 5754/8810 [00:02<00:01, 1912.85it/s]
 68%|██████▊   | 5948/8810 [00:02<00:01, 1823.08it/s]
 70%|██████▉   | 6132/8810 [00:03<00:01, 1800.73it/s]
 72%|███████▏  | 6385/8810 [00:03<00:01, 1997.81it/s]
 75%|███████▍  | 6588/8810 [00:03<00:01, 1818.25it/s]
 78%|███████▊  | 6887/8810 [00:03<00:00, 2123.79it/s]
 81%|████████  | 7107/8810 [00:03<00:00, 2016.95it/s]
 83%|████████▎ | 7315/8810 [00:03<00:00, 2032.50it/s]
 85%|████████▌ | 7523/8810 [00:03<00:00, 1839.01it/s]
 88%|████████▊ | 7715/8810 [00:03<00:00, 1807.01it/s]
 90%|████████▉ | 7900/8810 [00:04<00:00, 1789.37it/s]
 92%|█████████▏| 8082/8810 [00:04<00:00, 1662.79it/s]
 94%|█████████▍| 8276/8810 [00:04<00:00, 1732.80it/s]
 96%|█████████▌| 8453/8810 [00:04<00:00, 1614.96it/s]
 99%|█████████▊| 8695/8810 [00:04<00:00, 1823.38it/s]
100%|██████████| 8810/8810 [00:04<00:00, 1937.60it/s]
