
  0%|          | 0/8810 [00:00<?, ?it/s]
  2%|▏         | 181/8810 [00:00<00:05, 1467.99it/s]
  5%|▍         | 422/8810 [00:00<00:04, 1963.96it/s]
  7%|▋         | 656/8810 [00:00<00:04, 1928.92it/s]
 10%|▉         | 865/8810 [00:00<00:04, 1984.80it/s]
 12%|█▏        | 1066/8810 [00:00<00:04, 1921.19it/s]
 15%|█▍        | 1309/8810 [00:00<00:03, 2081.83it/s]
 17%|█▋        | 1520/8810 [00:00<00:03, 1887.27it/s]
 20%|█▉        | 1744/8810 [00:00<00:03, 1986.37it/s]
 22%|██▏       | 1947/8810 [00:01<00:03, 1747.34it/s]
 25%|██▌       | 2211/8810 [00:01<00:03, 1983.69it/s]
 27%|██▋       | 2418/8810 [00:01<00:03, 1890.22it/s]
 31%|███       | 2719/8810 [00:01<00:02, 2190.32it/s]
 33%|███▎      | 2947/8810 [00:01<00:02, 2012.56it/s]
 36%|███▌      | 3156/8810 [00:01<00:02, 1898.79it/s]
 38%|███▊      | 3374/8810 [00:01<00:02, 1969.38it/s]
 41%|████      | 3577/8810 [00:01<00:02, 1869.89it/s]
 43%|████▎     | 3774/8810 [00:01<00:02, 1800.28it/s]
 46%|████▌     | 4028/8810 [00:02<00:02, 1993.49it/s]
 48%|████▊     | 4232/8810 [00:02<00:02, 1918.03it/s]
 50%|█████     | 4428/8810 [00:02<00:02, 1905.03it/s]
 52%|█████▏    | 4625/8810 [00:02<00:02, 1771.00it/s]
 55%|█████▍    | 4806/8810 [00:02<00:02, 1749.60it/s]
 57%|█████▋    | 4983/8810 [00:02<00:02, 1626.42it/s]
 59%|█████▉    | 5221/8810 [00:02<00:01, 1823.87it/s]
 61%|██████▏   | 5408/8810 [00:02<00:01, 1716.18it/s]
 64%|██████▍   | 5646/8810 [00:02<00:01, 1885.83it/s]
 66%|██████▋   | 5839/8810 [00:03<00:01, 1833.77it/s]
 68%|██████▊   | 6026/8810 [00:03<00:01, 1752.14it/s]
 70%|███████   | 6204/8810 [00:03<00:01, 1672.57it/s]
 73%|███████▎  | 6400/8810 [00:03<00:01, 1646.56it/s]
 75%|███████▍  | 6605/8810 [00:03<00:01, 1752.66it/s]
 78%|███████▊  | 6873/8810 [00:03<00:00, 2004.88it/s]
 80%|████████  | 7078/8810 [00:03<00:00, 1869.13it/s]
 83%|████████▎ | 7306/8810 [00:03<00:00, 1978.19it/s]
 85%|████████▌ | 7508/8810 [00:04<00:00, 1822.30it/s]
 88%|████████▊ | 7715/8810 [00:04<00:00, 1762.28it/s]
 90%|█████████ | 7930/8810 [00:04<00:00, 1858.40it/s]
 92%|█████████▏| 8120/8810 [00:04<00:00, 1685.98it/s]
 94%|█████████▍| 8320/8810 [00:04<00:00, 1761.20it/s]
 96%|█████████▋| 8501/8810 [00:04<00:00, 1667.35it/s]
 99%|█████████▉| 8702/8810 [00:04<00:00, 1628.72it/s]
100%|██████████| 8810/8810 [00:04<00:00, 1834.09it/s]
