
  0%|          | 0/8810 [00:00<?, ?it/s]
  2%|▏         | 181/8810 [00:00<00:06, 1291.06it/s]
  4%|▍         | 383/8810 [00:00<00:05, 1649.09it/s]
  7%|▋         | 611/8810 [00:00<00:04, 1905.30it/s]
  9%|▉         | 807/8810 [00:00<00:04, 1622.98it/s]
 11%|█         | 978/8810 [00:00<00:04, 1622.61it/s]
 13%|█▎        | 1146/8810 [00:00<00:05, 1516.90it/s]
 15%|█▌        | 1329/8810 [00:00<00:04, 1605.87it/s]
 17%|█▋        | 1494/8810 [00:00<00:05, 1422.82it/s]
 19%|█▉        | 1707/8810 [00:01<00:04, 1608.99it/s]
 21%|██▏       | 1875/8810 [00:01<00:04, 1427.79it/s]
 24%|██▎       | 2089/8810 [00:01<00:04, 1609.41it/s]
 26%|██▌       | 2263/8810 [00:01<00:04, 1510.90it/s]
 28%|██▊       | 2449/8810 [00:01<00:03, 1601.15it/s]
 30%|███       | 2669/8810 [00:01<00:03, 1758.62it/s]
 32%|███▏      | 2851/8810 [00:01<00:03, 1619.98it/s]
 34%|███▍      | 3019/8810 [00:01<00:03, 1577.02it/s]
 36%|███▌      | 3181/8810 [00:02<00:03, 1423.22it/s]
 38%|███▊      | 3361/8810 [00:02<00:03, 1514.17it/s]
 40%|███▉      | 3518/8810 [00:02<00:03, 1402.14it/s]
 42%|████▏     | 3719/8810 [00:02<00:03, 1559.08it/s]
 44%|████▍     | 3881/8810 [00:02<00:03, 1423.55it/s]
 47%|████▋     | 4098/8810 [00:02<00:02, 1613.05it/s]
 48%|████▊     | 4267/8810 [00:02<00:02, 1578.02it/s]
 51%|█████     | 4470/8810 [00:02<00:02, 1699.61it/s]
 53%|█████▎    | 4645/8810 [00:02<00:02, 1547.04it/s]
 55%|█████▍    | 4826/8810 [00:03<00:02, 1614.95it/s]
 57%|█████▋    | 4993/8810 [00:03<00:02, 1487.78it/s]
 59%|█████▊    | 5170/8810 [00:03<00:02, 1559.70it/s]
 61%|██████    | 5366/8810 [00:03<00:02, 1668.72it/s]
 63%|██████▎   | 5537/8810 [00:03<00:02, 1556.70it/s]
 65%|██████▌   | 5754/8810 [00:03<00:01, 1531.99it/s]
 67%|██████▋   | 5911/8810 [00:03<00:01, 1496.25it/s]
 69%|██████▉   | 6063/8810 [00:03<00:01, 1387.05it/s]
 71%|███████   | 6256/8810 [00:04<00:01, 1525.39it/s]
 73%|███████▎  | 6413/8810 [00:04<00:01, 1364.82it/s]
 75%|███████▌  | 6616/8810 [00:04<00:01, 1532.70it/s]
 77%|███████▋  | 6821/8810 [00:04<00:01, 1667.21it/s]
 79%|███████▉  | 6994/8810 [00:04<00:01, 1645.62it/s]
 81%|████████▏ | 7166/8810 [00:04<00:00, 1663.04it/s]
 83%|████████▎ | 7336/8810 [00:04<00:00, 1538.63it/s]
 85%|████████▌ | 7494/8810 [00:04<00:00, 1383.10it/s]
 87%|████████▋ | 7650/8810 [00:04<00:00, 1425.83it/s]
 89%|████████▊ | 7797/8810 [00:05<00:00, 1281.22it/s]
 90%|█████████ | 7939/8810 [00:05<00:00, 1310.97it/s]
 92%|█████████▏| 8074/8810 [00:05<00:00, 1177.08it/s]
 93%|█████████▎| 8234/8810 [00:05<00:00, 1281.82it/s]
 95%|█████████▍| 8368/8810 [00:05<00:00, 1250.00it/s]
 97%|█████████▋| 8580/8810 [00:05<00:00, 1481.89it/s]
 99%|█████████▉| 8734/8810 [00:05<00:00, 1436.71it/s]
100%|██████████| 8810/8810 [00:05<00:00, 1514.54it/s]
