
  0%|          | 0/8810 [00:00<?, ?it/s]
  2%|▏         | 181/8810 [00:00<00:06, 1299.39it/s]
  5%|▍         | 422/8810 [00:00<00:04, 1858.11it/s]
  7%|▋         | 656/8810 [00:00<00:04, 1812.62it/s]
 10%|▉         | 855/8810 [00:00<00:04, 1871.76it/s]
 12%|█▏        | 1047/8810 [00:00<00:04, 1732.97it/s]
 14%|█▍        | 1267/8810 [00:00<00:04, 1870.14it/s]
 17%|█▋        | 1458/8810 [00:00<00:04, 1713.78it/s]
 19%|█▉        | 1661/8810 [00:00<00:03, 1798.48it/s]
 21%|██        | 1845/8810 [00:01<00:04, 1674.29it/s]
 23%|██▎       | 2053/8810 [00:01<00:03, 1783.07it/s]
 26%|██▌       | 2263/8810 [00:01<00:03, 1725.03it/s]
 28%|██▊       | 2479/8810 [00:01<00:03, 1835.80it/s]
 31%|███       | 2734/8810 [00:01<00:02, 2030.87it/s]
 33%|███▎      | 2942/8810 [00:01<00:03, 1768.34it/s]
 36%|███▌      | 3128/8810 [00:01<00:03, 1701.63it/s]
 38%|███▊      | 3316/8810 [00:01<00:03, 1746.78it/s]
 40%|███▉      | 3496/8810 [00:02<00:03, 1626.82it/s]
 42%|████▏     | 3724/8810 [00:02<00:02, 1793.71it/s]
 44%|████▍     | 3909/8810 [00:02<00:02, 1694.06it/s]
 47%|████▋     | 4176/8810 [00:02<00:02, 1953.82it/s]
 50%|████▉     | 4378/8810 [00:02<00:02, 1849.93it/s]
 52%|█████▏    | 4586/8810 [00:02<00:02, 1908.53it/s]
 54%|█████▍    | 4781/8810 [00:02<00:02, 1782.90it/s]
 56%|█████▋    | 4964/8810 [00:02<00:02, 1643.93it/s]
 59%|█████▉    | 5182/8810 [00:02<00:02, 1779.42it/s]
 61%|██████    | 5372/8810 [00:03<00:01, 1763.73it/s]
 64%|██████▎   | 5610/8810 [00:03<00:01, 1928.41it/s]
 66%|██████▌   | 5807/8810 [00:03<00:01, 1823.44it/s]
 68%|██████▊   | 5993/8810 [00:03<00:01, 1766.96it/s]
 70%|███████   | 6173/8810 [00:03<00:01, 1667.77it/s]
 73%|███████▎  | 6395/8810 [00:03<00:01, 1809.17it/s]
 75%|███████▍  | 6579/8810 [00:03<00:01, 1724.26it/s]
 77%|███████▋  | 6821/8810 [00:03<00:01, 1912.54it/s]
 80%|███████▉  | 7016/8810 [00:03<00:00, 1849.00it/s]
 82%|████████▏ | 7204/8810 [00:04<00:00, 1827.90it/s]
 84%|████████▍ | 7414/8810 [00:04<00:00, 1902.67it/s]
 86%|████████▋ | 7607/8810 [00:04<00:00, 1778.06it/s]
 88%|████████▊ | 7788/8810 [00:04<00:00, 1619.46it/s]
 90%|█████████ | 7960/8810 [00:04<00:00, 1643.49it/s]
 92%|█████████▏| 8128/8810 [00:04<00:00, 1487.44it/s]
 95%|█████████▍| 8335/8810 [00:04<00:00, 1638.57it/s]
 97%|█████████▋| 8505/8810 [00:04<00:00, 1569.63it/s]
 99%|█████████▉| 8702/8810 [00:04<00:00, 1542.60it/s]
100%|██████████| 8810/8810 [00:05<00:00, 1749.41it/s]
