
  0%|          | 0/8810 [00:00<?, ?it/s]
  2%|▏         | 181/8810 [00:00<00:05, 1592.67it/s]
  5%|▍         | 407/8810 [00:00<00:04, 1951.30it/s]
  7%|▋         | 644/8810 [00:00<00:03, 2133.73it/s]
 10%|▉         | 859/8810 [00:00<00:04, 1844.30it/s]
 12%|█▏        | 1050/8810 [00:00<00:04, 1772.32it/s]
 15%|█▍        | 1285/8810 [00:00<00:03, 1944.86it/s]
 17%|█▋        | 1484/8810 [00:00<00:04, 1709.57it/s]
 19%|█▉        | 1698/8810 [00:00<00:03, 1823.44it/s]
 21%|██▏       | 1887/8810 [00:01<00:04, 1653.68it/s]
 24%|██▍       | 2144/8810 [00:01<00:03, 1894.38it/s]
 27%|██▋       | 2342/8810 [00:01<00:03, 1709.77it/s]
 29%|██▉       | 2552/8810 [00:01<00:03, 1804.38it/s]
 31%|███       | 2744/8810 [00:01<00:03, 1753.29it/s]
 33%|███▎      | 2925/8810 [00:01<00:03, 1714.73it/s]
 35%|███▌      | 3100/8810 [00:01<00:03, 1627.80it/s]
 37%|███▋      | 3270/8810 [00:01<00:03, 1641.67it/s]
 39%|███▉      | 3437/8810 [00:01<00:03, 1544.31it/s]
 42%|████▏     | 3663/8810 [00:02<00:02, 1736.67it/s]
 44%|████▎     | 3841/8810 [00:02<00:02, 1717.61it/s]
 46%|████▋     | 4091/8810 [00:02<00:02, 1936.29it/s]
 49%|████▊     | 4288/8810 [00:02<00:02, 1862.51it/s]
 51%|█████▏    | 4520/8810 [00:02<00:02, 1985.51it/s]
 54%|█████▎    | 4722/8810 [00:02<00:02, 1814.68it/s]
 56%|█████▌    | 4932/8810 [00:02<00:02, 1794.00it/s]
 59%|█████▊    | 5168/8810 [00:02<00:01, 1945.48it/s]
 61%|██████    | 5372/8810 [00:02<00:01, 1806.95it/s]
 63%|██████▎   | 5557/8810 [00:03<00:01, 1812.36it/s]
 65%|██████▌   | 5754/8810 [00:03<00:01, 1792.69it/s]
 67%|██████▋   | 5936/8810 [00:03<00:01, 1765.12it/s]
 69%|██████▉   | 6114/8810 [00:03<00:01, 1646.71it/s]
 72%|███████▏  | 6324/8810 [00:03<00:01, 1761.47it/s]
 74%|███████▍  | 6503/8810 [00:03<00:01, 1627.70it/s]
 77%|███████▋  | 6770/8810 [00:03<00:01, 1900.98it/s]
 79%|███████▉  | 6972/8810 [00:03<00:01, 1786.41it/s]
 81%|████████  | 7156/8810 [00:04<00:00, 1800.38it/s]
 84%|████████▎ | 7360/8810 [00:04<00:00, 1711.18it/s]
 86%|████████▌ | 7535/8810 [00:04<00:00, 1703.51it/s]
 88%|████████▊ | 7715/8810 [00:04<00:00, 1651.67it/s]
 89%|████████▉ | 7884/8810 [00:04<00:00, 1660.80it/s]
 91%|█████████▏| 8052/8810 [00:04<00:00, 1529.95it/s]
 93%|█████████▎| 8224/8810 [00:04<00:00, 1578.25it/s]
 95%|█████████▌| 8385/8810 [00:04<00:00, 1467.83it/s]
 98%|█████████▊| 8598/8810 [00:04<00:00, 1639.96it/s]
100%|█████████▉| 8766/8810 [00:05<00:00, 1512.19it/s]
100%|██████████| 8810/8810 [00:05<00:00, 1734.12it/s]
