
  0%|          | 0/8810 [00:00<?, ?it/s]
  2%|▏         | 142/8810 [00:00<00:06, 1400.14it/s]
  3%|▎         | 283/8810 [00:00<00:06, 1323.64it/s]
  5%|▌         | 452/8810 [00:00<00:05, 1483.41it/s]
  7%|▋         | 656/8810 [00:00<00:05, 1520.98it/s]
  9%|▉         | 817/8810 [00:00<00:05, 1544.07it/s]
 11%|█         | 972/8810 [00:00<00:05, 1507.53it/s]
 13%|█▎        | 1123/8810 [00:00<00:05, 1382.13it/s]
 15%|█▍        | 1299/8810 [00:00<00:05, 1483.05it/s]
 17%|█▋        | 1457/8810 [00:01<00:05, 1427.94it/s]
 19%|█▊        | 1642/8810 [00:01<00:04, 1542.58it/s]
 21%|██        | 1821/8810 [00:01<00:04, 1439.45it/s]
 23%|██▎       | 1991/8810 [00:01<00:04, 1508.62it/s]
 25%|██▍       | 2198/8810 [00:01<00:03, 1663.67it/s]
 27%|██▋       | 2369/8810 [00:01<00:04, 1455.49it/s]
 29%|██▉       | 2592/8810 [00:01<00:03, 1650.81it/s]
 31%|███▏      | 2765/8810 [00:01<00:04, 1498.58it/s]
 33%|███▎      | 2923/8810 [00:01<00:03, 1508.73it/s]
 35%|███▍      | 3080/8810 [00:02<00:04, 1419.27it/s]
 37%|███▋      | 3227/8810 [00:02<00:04, 1379.29it/s]
 38%|███▊      | 3371/8810 [00:02<00:03, 1393.24it/s]
 40%|███▉      | 3513/8810 [00:02<00:04, 1206.00it/s]
 42%|████▏     | 3688/8810 [00:02<00:03, 1342.55it/s]
 43%|████▎     | 3829/8810 [00:02<00:03, 1281.54it/s]
 46%|████▌     | 4023/8810 [00:02<00:03, 1454.21it/s]
 47%|████▋     | 4180/8810 [00:02<00:03, 1403.28it/s]
 50%|████▉     | 4401/8810 [00:02<00:02, 1615.75it/s]
 52%|█████▏    | 4572/8810 [00:03<00:02, 1640.40it/s]
 54%|█████▍    | 4740/8810 [00:03<00:02, 1446.71it/s]
 56%|█████▌    | 4904/8810 [00:03<00:02, 1497.18it/s]
 57%|█████▋    | 5059/8810 [00:03<00:02, 1329.06it/s]
 59%|█████▉    | 5232/8810 [00:03<00:02, 1428.65it/s]
 61%|██████    | 5382/8810 [00:03<00:02, 1311.56it/s]
 63%|██████▎   | 5546/8810 [00:03<00:02, 1395.55it/s]
 65%|██████▌   | 5754/8810 [00:03<00:02, 1423.00it/s]
 67%|██████▋   | 5900/8810 [00:04<00:02, 1405.32it/s]
 69%|██████▊   | 6043/8810 [00:04<00:02, 1276.79it/s]
 71%|███████   | 6224/8810 [00:04<00:01, 1410.66it/s]
 73%|███████▎  | 6399/8810 [00:04<00:01, 1496.71it/s]
 74%|███████▍  | 6553/8810 [00:04<00:01, 1350.25it/s]
 77%|███████▋  | 6760/8810 [00:04<00:01, 1537.54it/s]
 79%|███████▉  | 6969/8810 [00:04<00:01, 1682.22it/s]
 81%|████████  | 7144/8810 [00:04<00:01, 1523.71it/s]
 83%|████████▎ | 7330/8810 [00:05<00:00, 1609.72it/s]
 85%|████████▌ | 7497/8810 [00:05<00:00, 1482.78it/s]
 87%|████████▋ | 7693/8810 [00:05<00:00, 1606.39it/s]
 89%|████████▉ | 7860/8810 [00:05<00:00, 1467.47it/s]
 91%|█████████ | 8025/8810 [00:05<00:00, 1513.65it/s]
 93%|█████████▎| 8181/8810 [00:05<00:00, 1399.97it/s]
 95%|█████████▍| 8361/8810 [00:05<00:00, 1359.98it/s]
 97%|█████████▋| 8540/8810 [00:05<00:00, 1461.77it/s]
 99%|█████████▉| 8702/8810 [00:06<00:00, 1359.20it/s]
100%|██████████| 8810/8810 [00:06<00:00, 1454.13it/s]
