
  0%|          | 0/8810 [00:00<?, ?it/s]
  2%|▏         | 181/8810 [00:00<00:05, 1499.02it/s]
  5%|▍         | 417/8810 [00:00<00:04, 1957.65it/s]
  7%|▋         | 655/8810 [00:00<00:03, 2135.14it/s]
 10%|▉         | 872/8810 [00:00<00:04, 1844.62it/s]
 12%|█▏        | 1063/8810 [00:00<00:04, 1766.31it/s]
 15%|█▍        | 1298/8810 [00:00<00:03, 1935.49it/s]
 17%|█▋        | 1497/8810 [00:00<00:04, 1781.81it/s]
 20%|█▉        | 1747/8810 [00:00<00:03, 1983.69it/s]
 22%|██▏       | 1952/8810 [00:01<00:03, 1833.86it/s]
 25%|██▌       | 2205/8810 [00:01<00:03, 2021.54it/s]
 27%|██▋       | 2414/8810 [00:01<00:03, 1858.88it/s]
 31%|███       | 2718/8810 [00:01<00:02, 2173.53it/s]
 33%|███▎      | 2944/8810 [00:01<00:03, 1942.87it/s]
 36%|███▌      | 3148/8810 [00:01<00:03, 1875.70it/s]
 38%|███▊      | 3343/8810 [00:01<00:02, 1887.19it/s]
 40%|████      | 3537/8810 [00:01<00:02, 1773.24it/s]
 43%|████▎     | 3770/8810 [00:01<00:02, 1915.63it/s]
 45%|████▌     | 3967/8810 [00:02<00:02, 1846.87it/s]
 47%|████▋     | 4180/8810 [00:02<00:02, 1846.75it/s]
 50%|█████     | 4429/8810 [00:02<00:02, 2020.47it/s]
 53%|█████▎    | 4635/8810 [00:02<00:02, 1791.83it/s]
 55%|█████▍    | 4840/8810 [00:02<00:02, 1858.69it/s]
 57%|█████▋    | 5032/8810 [00:02<00:02, 1744.76it/s]
 60%|█████▉    | 5261/8810 [00:02<00:01, 1888.49it/s]
 62%|██████▏   | 5455/8810 [00:02<00:01, 1779.47it/s]
 65%|██████▍   | 5704/8810 [00:03<00:01, 1968.62it/s]
 67%|██████▋   | 5907/8810 [00:03<00:01, 1768.82it/s]
 69%|██████▉   | 6091/8810 [00:03<00:01, 1666.39it/s]
 72%|███████▏  | 6322/8810 [00:03<00:01, 1826.83it/s]
 74%|███████▍  | 6511/8810 [00:03<00:01, 1700.04it/s]
 77%|███████▋  | 6770/8810 [00:03<00:01, 1929.62it/s]
 79%|███████▉  | 6972/8810 [00:03<00:01, 1797.43it/s]
 81%|████████▏ | 7163/8810 [00:03<00:00, 1823.20it/s]
 84%|████████▎ | 7360/8810 [00:03<00:00, 1791.89it/s]
 86%|████████▌ | 7543/8810 [00:04<00:00, 1767.30it/s]
 88%|████████▊ | 7722/8810 [00:04<00:00, 1696.42it/s]
 90%|████████▉ | 7894/8810 [00:04<00:00, 1662.64it/s]
 92%|█████████▏| 8062/8810 [00:04<00:00, 1496.79it/s]
 93%|█████████▎| 8215/8810 [00:04<00:00, 1443.33it/s]
 95%|█████████▍| 8362/8810 [00:04<00:00, 1316.22it/s]
 97%|█████████▋| 8535/8810 [00:04<00:00, 1421.40it/s]
 99%|█████████▉| 8702/8810 [00:04<00:00, 1367.16it/s]
100%|██████████| 8810/8810 [00:04<00:00, 1768.69it/s]
