
  0%|          | 0/8810 [00:00<?, ?it/s]
  2%|▏         | 178/8810 [00:00<00:04, 1764.03it/s]
  4%|▍         | 355/8810 [00:00<00:05, 1565.62it/s]
  6%|▋         | 571/8810 [00:00<00:04, 1809.95it/s]
  9%|▊         | 755/8810 [00:00<00:05, 1485.90it/s]
 10%|█         | 912/8810 [00:00<00:05, 1476.41it/s]
 12%|█▏        | 1065/8810 [00:00<00:05, 1404.39it/s]
 14%|█▍        | 1243/8810 [00:00<00:05, 1511.29it/s]
 16%|█▌        | 1417/8810 [00:00<00:04, 1577.46it/s]
 18%|█▊        | 1578/8810 [00:01<00:05, 1376.14it/s]
 20%|██        | 1795/8810 [00:01<00:04, 1572.21it/s]
 22%|██▏       | 1959/8810 [00:01<00:05, 1337.35it/s]
 25%|██▍       | 2178/8810 [00:01<00:04, 1547.82it/s]
 27%|██▋       | 2345/8810 [00:01<00:05, 1288.82it/s]
 28%|██▊       | 2506/8810 [00:01<00:04, 1359.72it/s]
 30%|███       | 2677/8810 [00:01<00:04, 1446.82it/s]
 32%|███▏      | 2832/8810 [00:01<00:04, 1339.32it/s]
 34%|███▍      | 3009/8810 [00:02<00:04, 1448.09it/s]
 36%|███▌      | 3162/8810 [00:02<00:04, 1384.12it/s]
 38%|███▊      | 3330/8810 [00:02<00:03, 1456.14it/s]
 40%|███▉      | 3481/8810 [00:02<00:03, 1384.10it/s]
 42%|████▏     | 3691/8810 [00:02<00:03, 1572.65it/s]
 44%|████▎     | 3853/8810 [00:02<00:03, 1498.81it/s]
 46%|████▋     | 4083/8810 [00:02<00:02, 1714.13it/s]
 48%|████▊     | 4260/8810 [00:02<00:02, 1639.93it/s]
 51%|█████     | 4452/8810 [00:02<00:02, 1716.06it/s]
 53%|█████▎    | 4627/8810 [00:03<00:02, 1550.82it/s]
 54%|█████▍    | 4790/8810 [00:03<00:02, 1569.34it/s]
 56%|█████▌    | 4951/8810 [00:03<00:02, 1400.80it/s]
 59%|█████▊    | 5155/8810 [00:03<00:02, 1565.24it/s]
 61%|██████    | 5335/8810 [00:03<00:02, 1627.41it/s]
 62%|██████▏   | 5503/8810 [00:03<00:02, 1518.59it/s]
 65%|██████▍   | 5711/8810 [00:03<00:01, 1668.71it/s]
 67%|██████▋   | 5883/8810 [00:03<00:01, 1478.44it/s]
 69%|██████▊   | 6038/8810 [00:04<00:02, 1311.64it/s]
 71%|███████   | 6219/8810 [00:04<00:01, 1427.07it/s]
 73%|███████▎  | 6392/8810 [00:04<00:01, 1500.42it/s]
 74%|███████▍  | 6549/8810 [00:04<00:01, 1415.47it/s]
 77%|███████▋  | 6780/8810 [00:04<00:01, 1650.68it/s]
 79%|███████▉  | 6972/8810 [00:04<00:01, 1591.51it/s]
 81%|████████  | 7152/8810 [00:04<00:01, 1641.89it/s]
 83%|████████▎ | 7321/8810 [00:04<00:00, 1604.36it/s]
 85%|████████▍ | 7485/8810 [00:04<00:00, 1438.80it/s]
 87%|████████▋ | 7665/8810 [00:05<00:00, 1531.92it/s]
 89%|████████▉ | 7823/8810 [00:05<00:00, 1349.60it/s]
 91%|█████████ | 7979/8810 [00:05<00:00, 1400.73it/s]
 92%|█████████▏| 8125/8810 [00:05<00:00, 1290.76it/s]
 94%|█████████▍| 8280/8810 [00:05<00:00, 1355.04it/s]
 96%|█████████▌| 8420/8810 [00:05<00:00, 1282.36it/s]
 98%|█████████▊| 8605/8810 [00:05<00:00, 1427.19it/s]
 99%|█████████▉| 8752/8810 [00:05<00:00, 1330.85it/s]
100%|██████████| 8810/8810 [00:05<00:00, 1476.73it/s]
