
  0%|          | 0/8810 [00:00<?, ?it/s]
  2%|▏         | 181/8810 [00:00<00:06, 1370.59it/s]
  5%|▍         | 421/8810 [00:00<00:04, 1896.59it/s]
  7%|▋         | 656/8810 [00:00<00:04, 1844.95it/s]
 10%|▉         | 849/8810 [00:00<00:04, 1873.47it/s]
 12%|█▏        | 1040/8810 [00:00<00:04, 1733.30it/s]
 14%|█▍        | 1250/8810 [00:00<00:04, 1840.02it/s]
 16%|█▋        | 1447/8810 [00:00<00:03, 1874.75it/s]
 19%|█▊        | 1637/8810 [00:00<00:04, 1681.16it/s]
 21%|██        | 1821/8810 [00:01<00:04, 1601.25it/s]
 23%|██▎       | 1992/8810 [00:01<00:04, 1629.27it/s]
 25%|██▌       | 2223/8810 [00:01<00:03, 1815.21it/s]
 27%|██▋       | 2409/8810 [00:01<00:03, 1701.80it/s]
 30%|███       | 2670/8810 [00:01<00:03, 1947.87it/s]
 33%|███▎      | 2870/8810 [00:01<00:03, 1847.01it/s]
 35%|███▍      | 3059/8810 [00:01<00:03, 1689.57it/s]
 37%|███▋      | 3256/8810 [00:01<00:03, 1761.72it/s]
 39%|███▉      | 3437/8810 [00:01<00:03, 1678.29it/s]
 41%|████▏     | 3649/8810 [00:02<00:02, 1796.66it/s]
 44%|████▎     | 3833/8810 [00:02<00:02, 1708.12it/s]
 46%|████▌     | 4070/8810 [00:02<00:02, 1886.70it/s]
 48%|████▊     | 4263/8810 [00:02<00:02, 1780.84it/s]
 51%|█████     | 4506/8810 [00:02<00:02, 1954.03it/s]
 53%|█████▎    | 4706/8810 [00:02<00:02, 1746.11it/s]
 55%|█████▌    | 4887/8810 [00:02<00:02, 1734.12it/s]
 57%|█████▋    | 5065/8810 [00:02<00:02, 1592.54it/s]
 60%|█████▉    | 5268/8810 [00:03<00:02, 1702.08it/s]
 62%|██████▏   | 5443/8810 [00:03<00:02, 1578.37it/s]
 64%|██████▍   | 5645/8810 [00:03<00:01, 1693.37it/s]
 66%|██████▌   | 5820/8810 [00:03<00:01, 1644.35it/s]
 68%|██████▊   | 5988/8810 [00:03<00:01, 1558.64it/s]
 70%|██████▉   | 6147/8810 [00:03<00:01, 1485.28it/s]
 72%|███████▏  | 6342/8810 [00:03<00:01, 1607.28it/s]
 74%|███████▍  | 6506/8810 [00:03<00:01, 1455.27it/s]
 77%|███████▋  | 6754/8810 [00:03<00:01, 1721.93it/s]
 79%|███████▉  | 6972/8810 [00:04<00:01, 1680.92it/s]
 81%|████████▏ | 7159/8810 [00:04<00:00, 1727.77it/s]
 84%|████████▎ | 7360/8810 [00:04<00:00, 1631.86it/s]
 85%|████████▌ | 7528/8810 [00:04<00:00, 1640.43it/s]
 88%|████████▊ | 7715/8810 [00:04<00:00, 1539.18it/s]
 90%|████████▉ | 7896/8810 [00:04<00:00, 1607.12it/s]
 91%|█████████▏| 8061/8810 [00:04<00:00, 1457.63it/s]
 93%|█████████▎| 8221/8810 [00:04<00:00, 1493.00it/s]
 95%|█████████▌| 8374/8810 [00:05<00:00, 1429.99it/s]
 98%|█████████▊| 8590/8810 [00:05<00:00, 1623.38it/s]
 99%|█████████▉| 8757/8810 [00:05<00:00, 1513.65it/s]
100%|██████████| 8810/8810 [00:05<00:00, 1674.11it/s]
