
  0%|          | 0/8810 [00:00<?, ?it/s]
  2%|▏         | 181/8810 [00:00<00:05, 1576.97it/s]
  5%|▍         | 425/8810 [00:00<00:04, 2050.68it/s]
  7%|▋         | 656/8810 [00:00<00:04, 2010.93it/s]
 10%|█         | 881/8810 [00:00<00:03, 2093.95it/s]
 12%|█▏        | 1092/8810 [00:00<00:04, 1890.60it/s]
 15%|█▌        | 1329/8810 [00:00<00:03, 2037.06it/s]
 17%|█▋        | 1537/8810 [00:00<00:03, 1889.65it/s]
 20%|██        | 1796/8810 [00:00<00:03, 2084.81it/s]
 23%|██▎       | 2010/8810 [00:01<00:03, 1935.17it/s]
 25%|██▌       | 2226/8810 [00:01<00:03, 1995.21it/s]
 28%|██▊       | 2430/8810 [00:01<00:03, 1846.84it/s]
 31%|███       | 2719/8810 [00:01<00:02, 2121.59it/s]
 33%|███▎      | 2938/8810 [00:01<00:03, 1908.08it/s]
 36%|███▌      | 3137/8810 [00:01<00:03, 1811.40it/s]
 38%|███▊      | 3359/8810 [00:01<00:02, 1915.32it/s]
 40%|████      | 3556/8810 [00:01<00:02, 1792.55it/s]
 43%|████▎     | 3774/8810 [00:01<00:02, 1791.05it/s]
 45%|████▌     | 3990/8810 [00:02<00:02, 1885.87it/s]
 48%|████▊     | 4186/8810 [00:02<00:02, 1903.32it/s]
 50%|█████     | 4412/8810 [00:02<00:02, 2000.88it/s]
 52%|█████▏    | 4625/8810 [00:02<00:02, 1870.80it/s]
 55%|█████▍    | 4816/8810 [00:02<00:02, 1846.34it/s]
 57%|█████▋    | 5003/8810 [00:02<00:02, 1688.69it/s]
 60%|█████▉    | 5243/8810 [00:02<00:01, 1876.22it/s]
 62%|██████▏   | 5436/8810 [00:02<00:01, 1775.54it/s]
 65%|██████▍   | 5703/8810 [00:02<00:01, 2014.74it/s]
 67%|██████▋   | 5911/8810 [00:03<00:01, 1806.66it/s]
 69%|██████▉   | 6099/8810 [00:03<00:01, 1729.03it/s]
 72%|███████▏  | 6302/8810 [00:03<00:01, 1806.19it/s]
 74%|███████▎  | 6488/8810 [00:03<00:01, 1717.33it/s]
 77%|███████▋  | 6763/8810 [00:03<00:01, 1992.55it/s]
 79%|███████▉  | 6972/8810 [00:03<00:00, 1914.31it/s]
 81%|████████▏ | 7168/8810 [00:03<00:00, 1869.58it/s]
 84%|████████▎ | 7360/8810 [00:03<00:00, 1802.85it/s]
 86%|████████▌ | 7543/8810 [00:04<00:00, 1784.42it/s]
 88%|████████▊ | 7723/8810 [00:04<00:00, 1756.33it/s]
 90%|█████████ | 7942/8810 [00:04<00:00, 1871.13it/s]
 92%|█████████▏| 8131/8810 [00:04<00:00, 1580.89it/s]
 94%|█████████▍| 8320/8810 [00:04<00:00, 1657.89it/s]
 96%|█████████▋| 8493/8810 [00:04<00:00, 1552.86it/s]
 99%|█████████▊| 8693/8810 [00:04<00:00, 1663.17it/s]
100%|██████████| 8810/8810 [00:04<00:00, 1829.52it/s]
