
  0%|          | 0/8810 [00:00<?, ?it/s]
  2%|▏         | 181/8810 [00:00<00:05, 1602.90it/s]
  5%|▍         | 434/8810 [00:00<00:03, 2116.24it/s]
  7%|▋         | 656/8810 [00:00<00:03, 2102.71it/s]
 10%|▉         | 868/8810 [00:00<00:03, 2027.08it/s]
 12%|█▏        | 1072/8810 [00:00<00:03, 1948.97it/s]
 15%|█▍        | 1289/8810 [00:00<00:03, 2018.49it/s]
 17%|█▋        | 1492/8810 [00:00<00:03, 1856.48it/s]
 20%|██        | 1778/8810 [00:00<00:03, 2147.65it/s]
 23%|██▎       | 1998/8810 [00:01<00:03, 1946.53it/s]
 25%|██▌       | 2230/8810 [00:01<00:03, 2046.86it/s]
 28%|██▊       | 2440/8810 [00:01<00:03, 1938.90it/s]
 30%|███       | 2680/8810 [00:01<00:02, 2064.06it/s]
 33%|███▎      | 2891/8810 [00:01<00:03, 1922.60it/s]
 35%|███▌      | 3088/8810 [00:01<00:03, 1821.05it/s]
 38%|███▊      | 3312/8810 [00:01<00:02, 1932.36it/s]
 40%|███▉      | 3510/8810 [00:01<00:02, 1830.74it/s]
 42%|████▏     | 3730/8810 [00:01<00:02, 1930.42it/s]
 45%|████▍     | 3927/8810 [00:02<00:02, 1798.08it/s]
 47%|████▋     | 4180/8810 [00:02<00:02, 1882.40it/s]
 50%|█████     | 4445/8810 [00:02<00:02, 2085.90it/s]
 53%|█████▎    | 4658/8810 [00:02<00:02, 1912.87it/s]
 55%|█████▌    | 4858/8810 [00:02<00:02, 1932.71it/s]
 57%|█████▋    | 5055/8810 [00:02<00:02, 1777.93it/s]
 60%|██████    | 5300/8810 [00:02<00:01, 1954.02it/s]
 62%|██████▏   | 5501/8810 [00:02<00:01, 1821.46it/s]
 65%|██████▌   | 5748/8810 [00:02<00:01, 1991.90it/s]
 68%|██████▊   | 5953/8810 [00:03<00:01, 1731.07it/s]
 70%|██████▉   | 6136/8810 [00:03<00:01, 1657.92it/s]
 72%|███████▏  | 6357/8810 [00:03<00:01, 1794.55it/s]
 74%|███████▍  | 6544/8810 [00:03<00:01, 1704.02it/s]
 77%|███████▋  | 6802/8810 [00:03<00:01, 1933.52it/s]
 79%|███████▉  | 7003/8810 [00:03<00:00, 1845.43it/s]
 82%|████████▏ | 7193/8810 [00:03<00:00, 1839.35it/s]
 84%|████████▍ | 7381/8810 [00:03<00:00, 1821.69it/s]
 86%|████████▌ | 7566/8810 [00:04<00:00, 1667.50it/s]
 88%|████████▊ | 7737/8810 [00:04<00:00, 1630.95it/s]
 90%|████████▉ | 7903/8810 [00:04<00:00, 1597.54it/s]
 92%|█████████▏| 8065/8810 [00:04<00:00, 1383.33it/s]
 93%|█████████▎| 8217/8810 [00:04<00:00, 1416.85it/s]
 95%|█████████▍| 8364/8810 [00:04<00:00, 1400.98it/s]
 97%|█████████▋| 8565/8810 [00:04<00:00, 1562.87it/s]
 99%|█████████▉| 8726/8810 [00:04<00:00, 1490.35it/s]
100%|██████████| 8810/8810 [00:04<00:00, 1808.30it/s]
