REP 1 START 09:54
    [orig/eval_o] 20/30  SR=7/20=0.350  rate=1.4/min
    [orig/eval_o] 30/30  SR=13/30=0.433  rate=1.5/min
  nobank   22/60 = 36.7%
  orig     26/60 = 43.3%
=== FINAL: 3-round mean ± std per (condition, split)
nobank     eval_in_distribution         n=1        40.0%     0.0
nobank     eval_out_of_distribution     n=1        33.3%     0.0
orig       eval_in_distribution         n=1        43.3%     0.0
orig       eval_out_of_distribution     n=1        43.3%     0.0
nobank     n=1               36.7%     0.0
orig       n=1               43.3%     0.0
[P3a] eval rep 1 rc=0 -> /home/kree/work/EnvJudge/scratch/e1pilot/work/runs/e1_p3a_eval_r1
REP 1 DONE 10:59
REP 2 START 10:59
    [orig/eval_o] 20/30  SR=8/20=0.400  rate=1.3/min
    [orig/eval_o] 30/30  SR=14/30=0.467  rate=1.5/min
  nobank   22/60 = 36.7%
  orig     26/60 = 43.3%
=== FINAL: 3-round mean ± std per (condition, split)
nobank     eval_in_distribution         n=1        43.3%     0.0
nobank     eval_out_of_distribution     n=1        30.0%     0.0
orig       eval_in_distribution         n=1        40.0%     0.0
orig       eval_out_of_distribution     n=1        46.7%     0.0
nobank     n=1               36.7%     0.0
orig       n=1               43.3%     0.0
[P3a] eval rep 2 rc=0 -> /home/kree/work/EnvJudge/scratch/e1pilot/work/runs/e1_p3a_eval_r2
REP 2 DONE 12:06
REP 3 START 12:06
    [orig/eval_o] 20/30  SR=6/20=0.300  rate=1.4/min
    [orig/eval_o] 30/30  SR=12/30=0.400  rate=1.6/min
  nobank   25/60 = 41.7%
  orig     25/60 = 41.7%
=== FINAL: 3-round mean ± std per (condition, split)
nobank     eval_in_distribution         n=1        50.0%     0.0
nobank     eval_out_of_distribution     n=1        33.3%     0.0
orig       eval_in_distribution         n=1        43.3%     0.0
orig       eval_out_of_distribution     n=1        40.0%     0.0
nobank     n=1               41.7%     0.0
orig       n=1               41.7%     0.0
[P3a] eval rep 3 rc=0 -> /home/kree/work/EnvJudge/scratch/e1pilot/work/runs/e1_p3a_eval_r3
REP 3 DONE 13:12
{'condition': 'nobank', 'split': 'eval_in_distribution', 'n_tasks': 30, 'episodes': 90, 'success': '0.444', 'ci_lo': '0.300', 'ci_hi': '0.589', 'errors': 0}
{'condition': 'nobank', 'split': 'eval_out_of_distribution', 'n_tasks': 30, 'episodes': 90, 'success': '0.322', 'ci_lo': '0.178', 'ci_hi': '0.478', 'errors': 0}
{'condition': 'orig', 'split': 'eval_in_distribution', 'n_tasks': 30, 'episodes': 90, 'success': '0.422', 'ci_lo': '0.256', 'ci_hi': '0.589', 'errors': 0}
{'condition': 'orig', 'split': 'eval_out_of_distribution', 'n_tasks': 30, 'episodes': 90, 'success': '0.433', 'ci_lo': '0.267', 'ci_hi': '0.600', 'errors': 0}
{'condition': 'orig - nobank (paired per task)', 'split': 'eval_in_distribution', 'n_tasks': 30, 'episodes': '', 'success': '-0.022', 'ci_lo': '-0.178', 'ci_hi': '0.144', 'errors': ''}
{'condition': 'orig - nobank (paired per task)', 'split': 'eval_out_of_distribution', 'n_tasks': 30, 'episodes': '', 'success': '0.111', 'ci_lo': '-0.100', 'ci_hi': '0.322', 'errors': ''}
P3A_DONE 13:12
