
  0%|          | 0/8810 [00:00<?, ?it/s]
  2%|▏         | 181/8810 [00:00<00:05, 1552.99it/s]
  5%|▍         | 427/8810 [00:00<00:04, 2045.53it/s]
  7%|▋         | 656/8810 [00:00<00:04, 1832.97it/s]
 10%|▉         | 865/8810 [00:00<00:04, 1921.20it/s]
 12%|█▏        | 1061/8810 [00:00<00:04, 1796.03it/s]
 14%|█▍        | 1265/8810 [00:00<00:04, 1870.37it/s]
 17%|█▋        | 1457/8810 [00:00<00:04, 1778.49it/s]
 19%|█▉        | 1656/8810 [00:00<00:03, 1837.02it/s]
 21%|██        | 1842/8810 [00:01<00:04, 1658.46it/s]
 24%|██▎       | 2079/8810 [00:01<00:03, 1848.52it/s]
 26%|██▌       | 2269/8810 [00:01<00:03, 1762.01it/s]
 28%|██▊       | 2479/8810 [00:01<00:03, 1848.49it/s]
 30%|███       | 2669/8810 [00:01<00:03, 1861.82it/s]
 32%|███▏      | 2858/8810 [00:01<00:03, 1619.58it/s]
 34%|███▍      | 3039/8810 [00:01<00:03, 1664.19it/s]
 36%|███▋      | 3211/8810 [00:01<00:03, 1549.62it/s]
 39%|███▊      | 3410/8810 [00:01<00:03, 1538.41it/s]
 41%|████      | 3630/8810 [00:02<00:03, 1708.93it/s]
 43%|████▎     | 3807/8810 [00:02<00:03, 1666.70it/s]
 46%|████▌     | 4029/8810 [00:02<00:02, 1816.20it/s]
 48%|████▊     | 4215/8810 [00:02<00:02, 1743.59it/s]
 50%|█████     | 4411/8810 [00:02<00:02, 1802.93it/s]
 52%|█████▏    | 4595/8810 [00:02<00:02, 1797.58it/s]
 54%|█████▍    | 4777/8810 [00:02<00:02, 1600.42it/s]
 56%|█████▌    | 4942/8810 [00:02<00:02, 1364.05it/s]
 58%|█████▊    | 5087/8810 [00:03<00:02, 1381.75it/s]
 60%|█████▉    | 5255/8810 [00:03<00:02, 1456.22it/s]
 61%|██████▏   | 5407/8810 [00:03<00:02, 1361.18it/s]
 64%|██████▎   | 5597/8810 [00:03<00:02, 1502.10it/s]
 65%|██████▌   | 5754/8810 [00:03<00:02, 1460.21it/s]
 67%|██████▋   | 5904/8810 [00:03<00:02, 1393.50it/s]
 69%|██████▊   | 6047/8810 [00:03<00:02, 1258.02it/s]
 71%|███████   | 6223/8810 [00:03<00:01, 1384.55it/s]
 73%|███████▎  | 6392/8810 [00:03<00:01, 1465.46it/s]
 74%|███████▍  | 6543/8810 [00:04<00:01, 1351.65it/s]
 76%|███████▋  | 6728/8810 [00:04<00:01, 1482.96it/s]
 78%|███████▊  | 6910/8810 [00:04<00:01, 1570.09it/s]
 80%|████████  | 7071/8810 [00:04<00:01, 1416.10it/s]
 82%|████████▏ | 7218/8810 [00:04<00:01, 1398.58it/s]
 84%|████████▎ | 7362/8810 [00:04<00:01, 1333.09it/s]
 85%|████████▌ | 7513/8810 [00:04<00:00, 1378.93it/s]
 87%|████████▋ | 7706/8810 [00:04<00:00, 1530.07it/s]
 89%|████████▉ | 7862/8810 [00:04<00:00, 1355.05it/s]
 91%|█████████ | 8006/8810 [00:05<00:00, 1375.58it/s]
 92%|█████████▏| 8148/8810 [00:05<00:00, 1268.81it/s]
 94%|█████████▍| 8306/8810 [00:05<00:00, 1348.19it/s]
 96%|█████████▌| 8445/8810 [00:05<00:00, 1231.16it/s]
 98%|█████████▊| 8606/8810 [00:05<00:00, 1328.15it/s]
 99%|█████████▉| 8744/8810 [00:05<00:00, 1176.50it/s]
100%|██████████| 8810/8810 [00:05<00:00, 1529.54it/s]
