
  0%|          | 0/8810 [00:00<?, ?it/s]
  4%|▎         | 328/8810 [00:00<00:02, 3256.59it/s]
  7%|▋         | 656/8810 [00:00<00:02, 3089.53it/s]
 11%|█         | 978/8810 [00:00<00:02, 3142.23it/s]
 15%|█▍        | 1293/8810 [00:00<00:02, 3107.06it/s]
 18%|█▊        | 1604/8810 [00:00<00:02, 3001.33it/s]
 22%|██▏       | 1905/8810 [00:00<00:02, 2898.99it/s]
 26%|██▌       | 2263/8810 [00:00<00:02, 3003.69it/s]
 30%|███       | 2669/8810 [00:00<00:01, 3314.62it/s]
 34%|███▍      | 3003/8810 [00:00<00:01, 3136.76it/s]
 38%|███▊      | 3320/8810 [00:01<00:02, 2734.47it/s]
 41%|████      | 3603/8810 [00:01<00:02, 2468.91it/s]
 44%|████▍     | 3872/8810 [00:01<00:01, 2521.74it/s]
 48%|████▊     | 4187/8810 [00:01<00:01, 2685.20it/s]
 52%|█████▏    | 4555/8810 [00:01<00:01, 2954.21it/s]
 55%|█████▌    | 4859/8810 [00:01<00:01, 2774.95it/s]
 58%|█████▊    | 5144/8810 [00:01<00:01, 2731.44it/s]
 62%|██████▏   | 5422/8810 [00:01<00:01, 2729.33it/s]
 65%|██████▌   | 5754/8810 [00:02<00:01, 2881.46it/s]
 69%|██████▊   | 6046/8810 [00:02<00:00, 2778.96it/s]
 73%|███████▎  | 6400/8810 [00:02<00:00, 2819.57it/s]
 77%|███████▋  | 6822/8810 [00:02<00:00, 3198.82it/s]
 81%|████████  | 7147/8810 [00:02<00:00, 3126.01it/s]
 85%|████████▍ | 7463/8810 [00:02<00:00, 3026.76it/s]
 88%|████████▊ | 7769/8810 [00:02<00:00, 2897.67it/s]
 91%|█████████▏| 8061/8810 [00:02<00:00, 2691.71it/s]
 95%|█████████▍| 8361/8810 [00:02<00:00, 2662.11it/s]
 99%|█████████▊| 8699/8810 [00:03<00:00, 2852.89it/s]
100%|██████████| 8810/8810 [00:03<00:00, 2862.14it/s]
