
  0%|          | 0/8810 [00:00<?, ?it/s]
  1%|          | 101/8810 [00:00<00:08, 1002.43it/s]
  2%|▏         | 202/8810 [00:00<00:10, 819.40it/s] 
  4%|▍         | 345/8810 [00:00<00:07, 1063.13it/s]
  5%|▌         | 461/8810 [00:00<00:07, 1094.51it/s]
  7%|▋         | 608/8810 [00:00<00:06, 1219.72it/s]
  8%|▊         | 733/8810 [00:00<00:08, 1001.67it/s]
 10%|▉         | 841/8810 [00:00<00:08, 961.35it/s] 
 11%|█         | 943/8810 [00:00<00:08, 971.76it/s]
 12%|█▏        | 1044/8810 [00:01<00:08, 928.20it/s]
 13%|█▎        | 1169/8810 [00:01<00:07, 1003.39it/s]
 15%|█▍        | 1288/8810 [00:01<00:07, 1052.66it/s]
 16%|█▌        | 1396/8810 [00:01<00:07, 1054.85it/s]
 17%|█▋        | 1503/8810 [00:01<00:08, 910.85it/s] 
 19%|█▊        | 1636/8810 [00:01<00:07, 1017.58it/s]
 20%|██        | 1771/8810 [00:01<00:06, 1104.80it/s]
 21%|██▏       | 1886/8810 [00:01<00:07, 942.70it/s] 
 23%|██▎       | 2039/8810 [00:01<00:06, 1088.95it/s]
 25%|██▍       | 2197/8810 [00:02<00:05, 1216.24it/s]
 26%|██▋       | 2326/8810 [00:02<00:06, 1045.01it/s]
 28%|██▊       | 2443/8810 [00:02<00:05, 1071.26it/s]
 29%|██▉       | 2581/8810 [00:02<00:05, 1149.77it/s]
 31%|███       | 2702/8810 [00:02<00:05, 1087.20it/s]
 32%|███▏      | 2816/8810 [00:02<00:06, 959.67it/s] 
 33%|███▎      | 2939/8810 [00:02<00:05, 1025.04it/s]
 35%|███▍      | 3057/8810 [00:02<00:05, 998.55it/s] 
 36%|███▌      | 3178/8810 [00:03<00:05, 1049.37it/s]
 37%|███▋      | 3292/8810 [00:03<00:05, 1072.70it/s]
 39%|███▊      | 3410/8810 [00:03<00:05, 989.51it/s] 
 40%|████      | 3548/8810 [00:03<00:04, 1089.42it/s]
 42%|████▏     | 3702/8810 [00:03<00:04, 1211.01it/s]
 43%|████▎     | 3827/8810 [00:03<00:04, 1116.39it/s]
 45%|████▍     | 3951/8810 [00:03<00:04, 1147.87it/s]
 47%|████▋     | 4113/8810 [00:03<00:03, 1272.86it/s]
 48%|████▊     | 4244/8810 [00:03<00:04, 1135.67it/s]
 50%|████▉     | 4390/8810 [00:04<00:03, 1219.41it/s]
 51%|█████▏    | 4517/8810 [00:04<00:03, 1230.23it/s]
 53%|█████▎    | 4644/8810 [00:04<00:03, 1043.19it/s]
 54%|█████▍    | 4755/8810 [00:04<00:03, 1034.13it/s]
 55%|█████▌    | 4863/8810 [00:04<00:03, 1011.00it/s]
 56%|█████▋    | 4968/8810 [00:04<00:04, 815.92it/s] 
 58%|█████▊    | 5081/8810 [00:04<00:04, 885.62it/s]
 59%|█████▉    | 5205/8810 [00:04<00:03, 969.50it/s]
 61%|██████    | 5338/8810 [00:05<00:03, 1060.67it/s]
 62%|██████▏   | 5451/8810 [00:05<00:03, 999.22it/s] 
 63%|██████▎   | 5582/8810 [00:05<00:02, 1079.93it/s]
 65%|██████▍   | 5725/8810 [00:05<00:02, 1175.22it/s]
 66%|██████▋   | 5847/8810 [00:05<00:03, 984.06it/s] 
 68%|██████▊   | 5954/8810 [00:05<00:03, 882.85it/s]
 69%|██████▊   | 6049/8810 [00:05<00:03, 863.03it/s]
 70%|██████▉   | 6143/8810 [00:05<00:03, 878.34it/s]
 71%|███████   | 6235/8810 [00:06<00:03, 847.87it/s]
 72%|███████▏  | 6323/8810 [00:06<00:03, 818.59it/s]
 73%|███████▎  | 6407/8810 [00:06<00:03, 655.74it/s]
 74%|███████▎  | 6493/8810 [00:06<00:03, 700.67it/s]
 75%|███████▍  | 6590/8810 [00:06<00:02, 765.06it/s]
 76%|███████▌  | 6715/8810 [00:06<00:02, 888.32it/s]
 77%|███████▋  | 6810/8810 [00:06<00:02, 817.74it/s]
 78%|███████▊  | 6897/8810 [00:06<00:02, 805.20it/s]
 79%|███████▉  | 6981/8810 [00:07<00:02, 663.11it/s]
 80%|████████  | 7072/8810 [00:07<00:02, 720.95it/s]
 81%|████████  | 7156/8810 [00:07<00:02, 749.91it/s]
 82%|████████▏ | 7241/8810 [00:07<00:02, 776.02it/s]
 84%|████████▎ | 7360/8810 [00:07<00:01, 770.20it/s]
 85%|████████▍ | 7459/8810 [00:07<00:01, 825.14it/s]
 86%|████████▌ | 7545/8810 [00:07<00:01, 754.02it/s]
 87%|████████▋ | 7675/8810 [00:07<00:01, 891.03it/s]
 88%|████████▊ | 7769/8810 [00:08<00:01, 782.43it/s]
 89%|████████▉ | 7861/8810 [00:08<00:01, 816.24it/s]
 90%|█████████ | 7951/8810 [00:08<00:01, 835.57it/s]
 91%|█████████ | 8038/8810 [00:08<00:01, 729.28it/s]
 92%|█████████▏| 8129/8810 [00:08<00:00, 773.28it/s]
 93%|█████████▎| 8211/8810 [00:08<00:00, 764.81it/s]
 94%|█████████▍| 8310/8810 [00:08<00:00, 823.44it/s]
 95%|█████████▌| 8395/8810 [00:08<00:00, 675.44it/s]
 96%|█████████▋| 8488/8810 [00:09<00:00, 733.48it/s]
 98%|█████████▊| 8596/8810 [00:09<00:00, 818.29it/s]
 99%|█████████▊| 8683/8810 [00:09<00:00, 827.91it/s]
100%|█████████▉| 8770/8810 [00:09<00:00, 719.38it/s]
100%|██████████| 8810/8810 [00:09<00:00, 931.13it/s]
