
  0%|          | 0/8810 [00:00<?, ?it/s]
  2%|▏         | 183/8810 [00:00<00:04, 1826.08it/s]
  5%|▍         | 412/8810 [00:00<00:04, 2090.67it/s]
  7%|▋         | 656/8810 [00:00<00:04, 1949.41it/s]
 10%|▉         | 873/8810 [00:00<00:03, 2025.10it/s]
 12%|█▏        | 1078/8810 [00:00<00:03, 1965.98it/s]
 15%|█▌        | 1345/8810 [00:00<00:03, 2184.67it/s]
 18%|█▊        | 1566/8810 [00:00<00:03, 2078.99it/s]
 21%|██        | 1821/8810 [00:00<00:03, 2078.86it/s]
 23%|██▎       | 2064/8810 [00:00<00:03, 2171.98it/s]
 26%|██▌       | 2283/8810 [00:01<00:03, 2069.92it/s]
 30%|██▉       | 2615/8810 [00:01<00:02, 2418.32it/s]
 32%|███▏      | 2861/8810 [00:01<00:02, 2244.53it/s]
 35%|███▌      | 3091/8810 [00:01<00:02, 2106.57it/s]
 38%|███▊      | 3306/8810 [00:01<00:02, 2103.61it/s]
 40%|███▉      | 3520/8810 [00:01<00:02, 1947.30it/s]
 43%|████▎     | 3774/8810 [00:01<00:02, 1981.33it/s]
 46%|████▌     | 4069/8810 [00:01<00:02, 2233.15it/s]
 49%|████▉     | 4298/8810 [00:02<00:02, 2167.25it/s]
 52%|█████▏    | 4579/8810 [00:02<00:01, 2341.76it/s]
 55%|█████▍    | 4818/8810 [00:02<00:01, 2064.62it/s]
 57%|█████▋    | 5033/8810 [00:02<00:02, 1838.38it/s]
 60%|██████    | 5304/8810 [00:02<00:01, 2052.56it/s]
 63%|██████▎   | 5521/8810 [00:02<00:01, 1992.66it/s]
 65%|██████▌   | 5754/8810 [00:02<00:01, 2018.26it/s]
 68%|██████▊   | 5962/8810 [00:02<00:01, 2016.54it/s]
 70%|███████   | 6168/8810 [00:02<00:01, 1946.02it/s]
 73%|███████▎  | 6400/8810 [00:03<00:01, 1943.73it/s]
 76%|███████▌  | 6701/8810 [00:03<00:00, 2231.08it/s]
 79%|███████▉  | 6972/8810 [00:03<00:00, 2177.94it/s]
 82%|████████▏ | 7194/8810 [00:03<00:00, 2151.74it/s]
 84%|████████▍ | 7412/8810 [00:03<00:00, 2074.88it/s]
 87%|████████▋ | 7622/8810 [00:03<00:00, 2019.17it/s]
 89%|████████▉ | 7826/8810 [00:03<00:00, 1860.99it/s]
 91%|█████████ | 8028/8810 [00:03<00:00, 1899.66it/s]
 93%|█████████▎| 8221/8810 [00:04<00:00, 1644.86it/s]
 95%|█████████▌| 8393/8810 [00:04<00:00, 1594.33it/s]
 98%|█████████▊| 8622/8810 [00:04<00:00, 1772.63it/s]
100%|█████████▉| 8806/8810 [00:04<00:00, 1703.88it/s]
100%|██████████| 8810/8810 [00:04<00:00, 2003.81it/s]
