
  0%|          | 0/8810 [00:00<?, ?it/s]
  2%|▏         | 181/8810 [00:00<00:05, 1448.76it/s]
  5%|▍         | 429/8810 [00:00<00:04, 1987.54it/s]
  7%|▋         | 656/8810 [00:00<00:04, 1872.19it/s]
 10%|▉         | 847/8810 [00:00<00:04, 1885.23it/s]
 12%|█▏        | 1038/8810 [00:00<00:04, 1756.66it/s]
 14%|█▍        | 1242/8810 [00:00<00:04, 1843.51it/s]
 17%|█▋        | 1457/8810 [00:00<00:04, 1725.53it/s]
 19%|█▊        | 1633/8810 [00:00<00:04, 1728.30it/s]
 21%|██        | 1821/8810 [00:01<00:04, 1690.48it/s]
 23%|██▎       | 2028/8810 [00:01<00:03, 1792.88it/s]
 26%|██▌       | 2258/8810 [00:01<00:03, 1931.61it/s]
 28%|██▊       | 2454/8810 [00:01<00:03, 1824.75it/s]
 30%|███       | 2680/8810 [00:01<00:03, 1942.89it/s]
 33%|███▎      | 2877/8810 [00:01<00:03, 1821.68it/s]
 35%|███▍      | 3063/8810 [00:01<00:03, 1640.01it/s]
 37%|███▋      | 3258/8810 [00:01<00:03, 1719.26it/s]
 39%|███▉      | 3435/8810 [00:01<00:03, 1616.26it/s]
 41%|████▏     | 3642/8810 [00:02<00:02, 1734.28it/s]
 43%|████▎     | 3820/8810 [00:02<00:03, 1658.15it/s]
 46%|████▌     | 4065/8810 [00:02<00:02, 1869.94it/s]
 48%|████▊     | 4257/8810 [00:02<00:02, 1788.19it/s]
 51%|█████     | 4462/8810 [00:02<00:02, 1856.60it/s]
 53%|█████▎    | 4651/8810 [00:02<00:02, 1722.91it/s]
 55%|█████▍    | 4827/8810 [00:02<00:02, 1672.21it/s]
 57%|█████▋    | 4997/8810 [00:02<00:02, 1513.93it/s]
 58%|█████▊    | 5153/8810 [00:02<00:02, 1525.52it/s]
 60%|██████    | 5323/8810 [00:03<00:02, 1570.77it/s]
 62%|██████▏   | 5483/8810 [00:03<00:02, 1499.60it/s]
 65%|██████▍   | 5701/8810 [00:03<00:01, 1684.81it/s]
 67%|██████▋   | 5873/8810 [00:03<00:01, 1469.12it/s]
 68%|██████▊   | 6027/8810 [00:03<00:02, 1383.43it/s]
 70%|███████   | 6171/8810 [00:03<00:02, 1310.78it/s]
 72%|███████▏  | 6334/8810 [00:03<00:01, 1391.24it/s]
 74%|███████▎  | 6477/8810 [00:03<00:01, 1303.12it/s]
 76%|███████▌  | 6706/8810 [00:04<00:01, 1559.82it/s]
 78%|███████▊  | 6904/8810 [00:04<00:01, 1671.86it/s]
 80%|████████  | 7077/8810 [00:04<00:01, 1528.31it/s]
 82%|████████▏ | 7236/8810 [00:04<00:01, 1527.30it/s]
 84%|████████▍ | 7393/8810 [00:04<00:00, 1501.11it/s]
 86%|████████▌ | 7546/8810 [00:04<00:00, 1456.47it/s]
 88%|████████▊ | 7715/8810 [00:04<00:00, 1435.17it/s]
 89%|████████▉ | 7860/8810 [00:04<00:00, 1422.47it/s]
 91%|█████████ | 8025/8810 [00:04<00:00, 1480.41it/s]
 93%|█████████▎| 8175/8810 [00:05<00:00, 1347.90it/s]
 94%|█████████▍| 8325/8810 [00:05<00:00, 1386.58it/s]
 96%|█████████▌| 8466/8810 [00:05<00:00, 1201.65it/s]
 98%|█████████▊| 8656/8810 [00:05<00:00, 1375.64it/s]
100%|█████████▉| 8801/8810 [00:05<00:00, 1337.73it/s]
100%|██████████| 8810/8810 [00:05<00:00, 1588.45it/s]
