
  0%|          | 0/8810 [00:00<?, ?it/s]
  2%|▏         | 181/8810 [00:00<00:04, 1786.21it/s]
  5%|▌         | 442/8810 [00:00<00:03, 2266.43it/s]
  8%|▊         | 699/8810 [00:00<00:03, 2400.82it/s]
 11%|█         | 940/8810 [00:00<00:03, 2341.59it/s]
 13%|█▎        | 1175/8810 [00:00<00:03, 2099.47it/s]
 17%|█▋        | 1457/8810 [00:00<00:03, 2188.53it/s]
 19%|█▉        | 1678/8810 [00:00<00:03, 2005.78it/s]
 21%|██▏       | 1882/8810 [00:00<00:04, 1717.99it/s]
 25%|██▌       | 2207/8810 [00:01<00:03, 2105.20it/s]
 28%|██▊       | 2432/8810 [00:01<00:03, 1780.08it/s]
 30%|██▉       | 2627/8810 [00:01<00:03, 1820.77it/s]
 32%|███▏      | 2822/8810 [00:01<00:03, 1685.45it/s]
 35%|███▍      | 3057/8810 [00:01<00:03, 1770.04it/s]
 37%|███▋      | 3269/8810 [00:01<00:02, 1858.23it/s]
 39%|███▉      | 3462/8810 [00:01<00:02, 1809.43it/s]
 42%|████▏     | 3726/8810 [00:01<00:02, 2031.33it/s]
 45%|████▍     | 3936/8810 [00:02<00:02, 1862.78it/s]
 48%|████▊     | 4190/8810 [00:02<00:02, 2040.52it/s]
 51%|█████     | 4500/8810 [00:02<00:01, 2328.89it/s]
 54%|█████▍    | 4741/8810 [00:02<00:02, 2027.07it/s]
 56%|█████▋    | 4956/8810 [00:02<00:02, 1901.50it/s]
 59%|█████▉    | 5182/8810 [00:02<00:01, 1990.13it/s]
 61%|██████    | 5395/8810 [00:02<00:01, 2023.05it/s]
 65%|██████▍   | 5714/8810 [00:02<00:01, 2341.13it/s]
 68%|██████▊   | 5955/8810 [00:02<00:01, 2009.20it/s]
 70%|███████   | 6169/8810 [00:03<00:01, 1786.91it/s]
 73%|███████▎  | 6400/8810 [00:03<00:01, 1880.48it/s]
 75%|███████▌  | 6650/8810 [00:03<00:01, 2036.01it/s]
 79%|███████▉  | 6972/8810 [00:03<00:00, 2201.63it/s]
 82%|████████▏ | 7199/8810 [00:03<00:00, 2099.41it/s]
 84%|████████▍ | 7414/8810 [00:03<00:00, 2091.43it/s]
 87%|████████▋ | 7650/8810 [00:03<00:00, 2160.84it/s]
 89%|████████▉ | 7869/8810 [00:03<00:00, 1903.47it/s]
 92%|█████████▏| 8066/8810 [00:04<00:00, 1778.43it/s]
 94%|█████████▍| 8280/8810 [00:04<00:00, 1869.80it/s]
 96%|█████████▌| 8473/8810 [00:04<00:00, 1739.99it/s]
 99%|█████████▉| 8702/8810 [00:04<00:00, 1768.68it/s]
100%|██████████| 8810/8810 [00:04<00:00, 1961.28it/s]
