
  0%|          | 0/8810 [00:00<?, ?it/s]
  2%|▏         | 183/8810 [00:00<00:04, 1825.07it/s]
  6%|▌         | 487/8810 [00:00<00:03, 2534.41it/s]
  8%|▊         | 741/8810 [00:00<00:03, 2381.92it/s]
 11%|█▏        | 996/8810 [00:00<00:03, 2176.30it/s]
 14%|█▍        | 1259/8810 [00:00<00:03, 2323.05it/s]
 17%|█▋        | 1495/8810 [00:00<00:03, 2259.00it/s]
 20%|██        | 1805/8810 [00:00<00:02, 2515.32it/s]
 23%|██▎       | 2060/8810 [00:00<00:02, 2381.47it/s]
 26%|██▌       | 2302/8810 [00:00<00:02, 2255.04it/s]
 30%|██▉       | 2628/8810 [00:01<00:02, 2535.40it/s]
 33%|███▎      | 2887/8810 [00:01<00:02, 2265.58it/s]
 35%|███▌      | 3122/8810 [00:01<00:02, 2084.96it/s]
 38%|███▊      | 3338/8810 [00:01<00:02, 2098.86it/s]
 40%|████      | 3553/8810 [00:01<00:02, 1954.51it/s]
 43%|████▎     | 3774/8810 [00:01<00:02, 1962.80it/s]
 45%|████▌     | 3974/8810 [00:01<00:02, 1924.25it/s]
 47%|████▋     | 4180/8810 [00:01<00:02, 1877.42it/s]
 50%|████▉     | 4396/8810 [00:02<00:02, 1953.36it/s]
 52%|█████▏    | 4594/8810 [00:02<00:02, 1957.67it/s]
 54%|█████▍    | 4792/8810 [00:02<00:02, 1595.01it/s]
 56%|█████▋    | 4963/8810 [00:02<00:02, 1555.51it/s]
 59%|█████▉    | 5208/8810 [00:02<00:02, 1781.57it/s]
 61%|██████    | 5396/8810 [00:02<00:02, 1685.18it/s]
 65%|██████▍   | 5683/8810 [00:02<00:01, 1992.33it/s]
 67%|██████▋   | 5892/8810 [00:02<00:01, 1947.58it/s]
 69%|██████▉   | 6094/8810 [00:03<00:01, 1877.72it/s]
 72%|███████▏  | 6333/8810 [00:03<00:01, 2012.92it/s]
 74%|███████▍  | 6539/8810 [00:03<00:01, 2000.24it/s]
 78%|███████▊  | 6857/8810 [00:03<00:00, 2329.20it/s]
 81%|████████  | 7095/8810 [00:03<00:00, 2228.83it/s]
 83%|████████▎ | 7343/8810 [00:03<00:00, 2293.34it/s]
 86%|████████▌ | 7576/8810 [00:03<00:00, 2116.69it/s]
 88%|████████▊ | 7792/8810 [00:03<00:00, 2023.19it/s]
 91%|█████████ | 8028/8810 [00:03<00:00, 2105.94it/s]
 94%|█████████▎| 8242/8810 [00:04<00:00, 1900.61it/s]
 96%|█████████▌| 8438/8810 [00:04<00:00, 1830.98it/s]
 99%|█████████▊| 8692/8810 [00:04<00:00, 2014.30it/s]
100%|██████████| 8810/8810 [00:04<00:00, 2042.45it/s]
