
  0%|          | 0/8810 [00:00<?, ?it/s]
  2%|▏         | 188/8810 [00:00<00:04, 1876.53it/s]
  5%|▌         | 473/8810 [00:00<00:03, 2446.79it/s]
  8%|▊         | 718/8810 [00:00<00:03, 2308.93it/s]
 11%|█         | 963/8810 [00:00<00:03, 2361.46it/s]
 14%|█▎        | 1200/8810 [00:00<00:03, 2176.46it/s]
 16%|█▌        | 1421/8810 [00:00<00:03, 2179.46it/s]
 19%|█▊        | 1641/8810 [00:00<00:03, 2010.91it/s]
 21%|██        | 1845/8810 [00:00<00:03, 1860.65it/s]
 24%|██▎       | 2074/8810 [00:00<00:03, 1979.04it/s]
 26%|██▌       | 2276/8810 [00:01<00:03, 1889.77it/s]
 29%|██▉       | 2561/8810 [00:01<00:02, 2153.89it/s]
 32%|███▏      | 2782/8810 [00:01<00:02, 2033.48it/s]
 34%|███▍      | 3008/8810 [00:01<00:02, 2095.17it/s]
 37%|███▋      | 3222/8810 [00:01<00:02, 1864.85it/s]
 39%|███▉      | 3415/8810 [00:01<00:03, 1739.79it/s]
 41%|████▏     | 3647/8810 [00:01<00:02, 1887.69it/s]
 44%|████▎     | 3842/8810 [00:01<00:02, 1826.10it/s]
 46%|████▋     | 4094/8810 [00:02<00:02, 2010.50it/s]
 49%|████▉     | 4301/8810 [00:02<00:02, 1962.84it/s]
 52%|█████▏    | 4573/8810 [00:02<00:01, 2171.17it/s]
 54%|█████▍    | 4795/8810 [00:02<00:02, 1946.18it/s]
 57%|█████▋    | 4997/8810 [00:02<00:02, 1894.89it/s]
 60%|█████▉    | 5251/8810 [00:02<00:01, 2060.23it/s]
 62%|██████▏   | 5463/8810 [00:02<00:01, 1917.68it/s]
 65%|██████▍   | 5683/8810 [00:02<00:01, 1991.64it/s]
 67%|██████▋   | 5887/8810 [00:03<00:01, 1676.66it/s]
 69%|██████▉   | 6066/8810 [00:03<00:01, 1562.19it/s]
 71%|███████   | 6263/8810 [00:03<00:01, 1661.49it/s]
 73%|███████▎  | 6437/8810 [00:03<00:01, 1625.98it/s]
 76%|███████▌  | 6669/8810 [00:03<00:01, 1807.38it/s]
 79%|███████▉  | 6939/8810 [00:03<00:00, 2050.05it/s]
 81%|████████  | 7151/8810 [00:03<00:00, 1823.78it/s]
 84%|████████▎ | 7360/8810 [00:03<00:00, 1819.05it/s]
 86%|████████▋ | 7601/8810 [00:03<00:00, 1970.49it/s]
 89%|████████▊ | 7805/8810 [00:04<00:00, 1705.16it/s]
 91%|█████████ | 8009/8810 [00:04<00:00, 1787.72it/s]
 93%|█████████▎| 8197/8810 [00:04<00:00, 1686.88it/s]
 95%|█████████▌| 8373/8810 [00:04<00:00, 1611.13it/s]
 97%|█████████▋| 8586/8810 [00:04<00:00, 1745.28it/s]
100%|█████████▉| 8766/8810 [00:04<00:00, 1588.80it/s]
100%|██████████| 8810/8810 [00:04<00:00, 1878.06it/s]
