
  0%|          | 0/8810 [00:00<?, ?it/s]
  3%|▎         | 289/8810 [00:00<00:02, 2887.78it/s]
  7%|▋         | 656/8810 [00:00<00:02, 2951.16it/s]
 11%|█         | 980/8810 [00:00<00:02, 3072.96it/s]
 15%|█▍        | 1288/8810 [00:00<00:02, 2936.11it/s]
 18%|█▊        | 1583/8810 [00:00<00:02, 2794.38it/s]
 21%|██        | 1864/8810 [00:00<00:02, 2700.02it/s]
 25%|██▍       | 2178/8810 [00:00<00:02, 2831.06it/s]
 28%|██▊       | 2463/8810 [00:00<00:02, 2696.83it/s]
 31%|███▏      | 2754/8810 [00:00<00:02, 2757.97it/s]
 35%|███▍      | 3057/8810 [00:01<00:02, 2660.19it/s]
 38%|███▊      | 3336/8810 [00:01<00:02, 2693.63it/s]
 41%|████      | 3610/8810 [00:01<00:01, 2703.27it/s]
 44%|████▍     | 3882/8810 [00:01<00:01, 2634.49it/s]
 47%|████▋     | 4180/8810 [00:01<00:01, 2629.43it/s]
 52%|█████▏    | 4542/8810 [00:01<00:01, 2907.71it/s]
 55%|█████▍    | 4835/8810 [00:01<00:01, 2684.27it/s]
 58%|█████▊    | 5108/8810 [00:01<00:01, 2446.51it/s]
 61%|██████    | 5372/8810 [00:02<00:01, 2459.93it/s]
 65%|██████▍   | 5705/8810 [00:02<00:01, 2690.49it/s]
 68%|██████▊   | 5980/8810 [00:02<00:01, 2346.69it/s]
 71%|███████   | 6232/8810 [00:02<00:01, 2388.27it/s]
 74%|███████▎  | 6496/8810 [00:02<00:00, 2452.59it/s]
 79%|███████▊  | 6920/8810 [00:02<00:00, 2944.04it/s]
 82%|████████▏ | 7224/8810 [00:02<00:00, 2847.39it/s]
 85%|████████▌ | 7516/8810 [00:02<00:00, 2761.25it/s]
 89%|████████▊ | 7797/8810 [00:02<00:00, 2685.05it/s]
 92%|█████████▏| 8069/8810 [00:03<00:00, 2589.35it/s]
 95%|█████████▍| 8361/8810 [00:03<00:00, 2565.44it/s]
 99%|█████████▊| 8689/8810 [00:03<00:00, 2758.62it/s]
100%|██████████| 8810/8810 [00:03<00:00, 2675.00it/s]
