
  0%|          | 0/8810 [00:00<?, ?it/s]
  2%|▏         | 181/8810 [00:00<00:05, 1471.76it/s]
  5%|▍         | 426/8810 [00:00<00:04, 1988.41it/s]
  7%|▋         | 656/8810 [00:00<00:04, 1880.77it/s]
 10%|▉         | 853/8810 [00:00<00:04, 1912.17it/s]
 12%|█▏        | 1047/8810 [00:00<00:04, 1749.85it/s]
 14%|█▍        | 1240/8810 [00:00<00:04, 1804.31it/s]
 16%|█▌        | 1431/8810 [00:00<00:04, 1830.13it/s]
 18%|█▊        | 1616/8810 [00:00<00:04, 1629.59it/s]
 21%|██        | 1821/8810 [00:01<00:04, 1603.37it/s]
 23%|██▎       | 1995/8810 [00:01<00:04, 1638.51it/s]
 25%|██▌       | 2205/8810 [00:01<00:03, 1763.72it/s]
 27%|██▋       | 2385/8810 [00:01<00:04, 1523.61it/s]
 30%|██▉       | 2620/8810 [00:01<00:03, 1735.51it/s]
 32%|███▏      | 2803/8810 [00:01<00:03, 1600.04it/s]
 34%|███▍      | 3006/8810 [00:01<00:03, 1710.51it/s]
 36%|███▌      | 3185/8810 [00:01<00:03, 1595.38it/s]
 39%|███▊      | 3397/8810 [00:01<00:03, 1725.02it/s]
 41%|████      | 3576/8810 [00:02<00:03, 1669.03it/s]
 43%|████▎     | 3774/8810 [00:02<00:03, 1657.86it/s]
 46%|████▌     | 4017/8810 [00:02<00:02, 1858.58it/s]
 48%|████▊     | 4208/8810 [00:02<00:02, 1802.05it/s]
 51%|█████     | 4475/8810 [00:02<00:02, 2040.34it/s]
 53%|█████▎    | 4684/8810 [00:02<00:02, 1798.01it/s]
 55%|█████▌    | 4872/8810 [00:02<00:02, 1752.32it/s]
 57%|█████▋    | 5053/8810 [00:02<00:02, 1629.80it/s]
 60%|█████▉    | 5264/8810 [00:03<00:02, 1752.74it/s]
 62%|██████▏   | 5445/8810 [00:03<00:02, 1615.22it/s]
 64%|██████▍   | 5673/8810 [00:03<00:01, 1783.76it/s]
 66%|██████▋   | 5858/8810 [00:03<00:01, 1634.68it/s]
 68%|██████▊   | 6028/8810 [00:03<00:01, 1574.81it/s]
 70%|███████   | 6190/8810 [00:03<00:01, 1526.28it/s]
 73%|███████▎  | 6400/8810 [00:03<00:01, 1542.12it/s]
 75%|███████▌  | 6641/8810 [00:03<00:01, 1763.33it/s]
 79%|███████▊  | 6932/8810 [00:03<00:00, 2066.33it/s]
 81%|████████  | 7146/8810 [00:04<00:00, 1874.67it/s]
 84%|████████▎ | 7360/8810 [00:04<00:00, 1772.15it/s]
 86%|████████▌ | 7544/8810 [00:04<00:00, 1771.00it/s]
 88%|████████▊ | 7726/8810 [00:04<00:00, 1734.88it/s]
 90%|█████████ | 7929/8810 [00:04<00:00, 1811.56it/s]
 92%|█████████▏| 8113/8810 [00:04<00:00, 1593.54it/s]
 94%|█████████▍| 8279/8810 [00:04<00:00, 1600.35it/s]
 96%|█████████▌| 8444/8810 [00:04<00:00, 1427.23it/s]
 98%|█████████▊| 8633/8810 [00:05<00:00, 1540.85it/s]
100%|█████████▉| 8794/8810 [00:05<00:00, 1467.45it/s]
100%|██████████| 8810/8810 [00:05<00:00, 1690.58it/s]
