
  0%|          | 0/8810 [00:00<?, ?it/s]
  2%|▏         | 181/8810 [00:00<00:05, 1456.99it/s]
  5%|▍         | 427/8810 [00:00<00:04, 1987.15it/s]
  7%|▋         | 656/8810 [00:00<00:04, 1867.31it/s]
 10%|▉         | 848/8810 [00:00<00:04, 1882.14it/s]
 12%|█▏        | 1039/8810 [00:00<00:04, 1778.48it/s]
 14%|█▍        | 1255/8810 [00:00<00:03, 1894.40it/s]
 17%|█▋        | 1457/8810 [00:00<00:04, 1754.52it/s]
 19%|█▉        | 1655/8810 [00:00<00:03, 1817.29it/s]
 21%|██        | 1840/8810 [00:01<00:04, 1663.77it/s]
 23%|██▎       | 2068/8810 [00:01<00:03, 1829.18it/s]
 26%|██▌       | 2263/8810 [00:01<00:03, 1727.97it/s]
 28%|██▊       | 2477/8810 [00:01<00:03, 1829.53it/s]
 30%|███       | 2664/8810 [00:01<00:03, 1818.79it/s]
 32%|███▏      | 2849/8810 [00:01<00:03, 1603.35it/s]
 35%|███▍      | 3054/8810 [00:01<00:03, 1719.15it/s]
 37%|███▋      | 3232/8810 [00:01<00:03, 1596.25it/s]
 39%|███▊      | 3410/8810 [00:01<00:03, 1556.16it/s]
 41%|████▏     | 3645/8810 [00:02<00:02, 1762.24it/s]
 43%|████▎     | 3827/8810 [00:02<00:02, 1736.91it/s]
 46%|████▌     | 4046/8810 [00:02<00:02, 1858.06it/s]
 48%|████▊     | 4236/8810 [00:02<00:02, 1713.51it/s]
 51%|█████     | 4450/8810 [00:02<00:02, 1827.06it/s]
 53%|█████▎    | 4637/8810 [00:02<00:02, 1582.04it/s]
 55%|█████▍    | 4804/8810 [00:02<00:02, 1563.85it/s]
 56%|█████▋    | 4966/8810 [00:02<00:02, 1387.77it/s]
 58%|█████▊    | 5125/8810 [00:03<00:02, 1437.11it/s]
 60%|██████    | 5318/8810 [00:03<00:02, 1563.70it/s]
 62%|██████▏   | 5481/8810 [00:03<00:02, 1387.78it/s]
 65%|██████▍   | 5696/8810 [00:03<00:01, 1580.31it/s]
 67%|██████▋   | 5863/8810 [00:03<00:02, 1441.21it/s]
 68%|██████▊   | 6015/8810 [00:03<00:02, 1377.29it/s]
 70%|██████▉   | 6158/8810 [00:03<00:01, 1333.26it/s]
 72%|███████▏  | 6344/8810 [00:03<00:01, 1468.98it/s]
 74%|███████▎  | 6496/8810 [00:04<00:01, 1346.73it/s]
 76%|███████▌  | 6667/8810 [00:04<00:01, 1439.71it/s]
 78%|███████▊  | 6837/8810 [00:04<00:01, 1508.31it/s]
 79%|███████▉  | 6992/8810 [00:04<00:01, 1411.26it/s]
 81%|████████  | 7148/8810 [00:04<00:01, 1449.57it/s]
 83%|████████▎ | 7330/8810 [00:04<00:00, 1542.67it/s]
 85%|████████▍ | 7487/8810 [00:04<00:00, 1382.55it/s]
 87%|████████▋ | 7671/8810 [00:04<00:00, 1500.58it/s]
 89%|████████▉ | 7826/8810 [00:04<00:00, 1330.29it/s]
 90%|█████████ | 7973/8810 [00:05<00:00, 1361.30it/s]
 92%|█████████▏| 8114/8810 [00:05<00:00, 1251.81it/s]
 94%|█████████▍| 8273/8810 [00:05<00:00, 1335.59it/s]
 95%|█████████▌| 8411/8810 [00:05<00:00, 1223.61it/s]
 97%|█████████▋| 8563/8810 [00:05<00:00, 1299.09it/s]
 99%|█████████▉| 8702/8810 [00:05<00:00, 1204.54it/s]
100%|██████████| 8810/8810 [00:05<00:00, 1538.09it/s]
