
  0%|          | 0/8810 [00:00<?, ?it/s]
  2%|▏         | 181/8810 [00:00<00:05, 1505.08it/s]
  5%|▍         | 407/8810 [00:00<00:04, 1909.14it/s]
  7%|▋         | 630/8810 [00:00<00:04, 2043.85it/s]
 10%|▉         | 837/8810 [00:00<00:04, 1703.78it/s]
 12%|█▏        | 1016/8810 [00:00<00:04, 1573.04it/s]
 14%|█▍        | 1220/8810 [00:00<00:04, 1704.49it/s]
 16%|█▌        | 1400/8810 [00:00<00:04, 1727.00it/s]
 18%|█▊        | 1577/8810 [00:00<00:04, 1598.05it/s]
 21%|██        | 1821/8810 [00:01<00:04, 1673.13it/s]
 23%|██▎       | 2032/8810 [00:01<00:03, 1786.31it/s]
 26%|██▌       | 2258/8810 [00:01<00:03, 1913.20it/s]
 28%|██▊       | 2453/8810 [00:01<00:03, 1784.36it/s]
 30%|███       | 2670/8810 [00:01<00:03, 1887.63it/s]
 32%|███▏      | 2863/8810 [00:01<00:03, 1697.41it/s]
 35%|███▍      | 3045/8810 [00:01<00:03, 1727.98it/s]
 37%|███▋      | 3223/8810 [00:01<00:03, 1615.55it/s]
 39%|███▊      | 3410/8810 [00:02<00:03, 1564.18it/s]
 41%|████      | 3622/8810 [00:02<00:03, 1708.22it/s]
 43%|████▎     | 3798/8810 [00:02<00:03, 1616.91it/s]
 46%|████▌     | 4017/8810 [00:02<00:02, 1763.66it/s]
 48%|████▊     | 4198/8810 [00:02<00:02, 1685.17it/s]
 50%|█████     | 4419/8810 [00:02<00:02, 1819.49it/s]
 52%|█████▏    | 4625/8810 [00:02<00:02, 1705.84it/s]
 54%|█████▍    | 4800/8810 [00:02<00:02, 1706.14it/s]
 56%|█████▋    | 4974/8810 [00:02<00:02, 1582.72it/s]
 59%|█████▊    | 5173/8810 [00:03<00:02, 1689.61it/s]
 61%|██████    | 5372/8810 [00:03<00:02, 1665.31it/s]
 64%|██████▎   | 5610/8810 [00:03<00:01, 1851.51it/s]
 66%|██████▌   | 5799/8810 [00:03<00:01, 1717.80it/s]
 68%|██████▊   | 5975/8810 [00:03<00:01, 1626.13it/s]
 70%|██████▉   | 6141/8810 [00:03<00:01, 1519.21it/s]
 72%|███████▏  | 6334/8810 [00:03<00:01, 1623.98it/s]
 74%|███████▍  | 6500/8810 [00:03<00:01, 1499.73it/s]
 77%|███████▋  | 6766/8810 [00:03<00:01, 1802.10it/s]
 79%|███████▉  | 6972/8810 [00:04<00:01, 1728.20it/s]
 81%|████████  | 7152/8810 [00:04<00:00, 1744.63it/s]
 83%|████████▎ | 7331/8810 [00:04<00:00, 1704.58it/s]
 85%|████████▌ | 7505/8810 [00:04<00:00, 1562.01it/s]
 88%|████████▊ | 7715/8810 [00:04<00:00, 1550.36it/s]
 89%|████████▉ | 7877/8810 [00:04<00:00, 1567.03it/s]
 91%|█████████ | 8037/8810 [00:04<00:00, 1453.60it/s]
 93%|█████████▎| 8215/8810 [00:04<00:00, 1533.95it/s]
 95%|█████████▌| 8372/8810 [00:05<00:00, 1455.59it/s]
 98%|█████████▊| 8596/8810 [00:05<00:00, 1663.91it/s]
100%|█████████▉| 8767/8810 [00:05<00:00, 1541.97it/s]
100%|██████████| 8810/8810 [00:05<00:00, 1665.99it/s]
