
  0%|          | 0/8810 [00:00<?, ?it/s]
  2%|▏         | 181/8810 [00:00<00:06, 1324.74it/s]
  5%|▍         | 403/8810 [00:00<00:04, 1780.05it/s]
  7%|▋         | 628/8810 [00:00<00:04, 1968.53it/s]
  9%|▉         | 830/8810 [00:00<00:05, 1494.73it/s]
 11%|█▏        | 995/8810 [00:00<00:05, 1507.29it/s]
 13%|█▎        | 1156/8810 [00:00<00:05, 1433.88it/s]
 15%|█▌        | 1343/8810 [00:00<00:04, 1552.27it/s]
 17%|█▋        | 1505/8810 [00:00<00:04, 1484.95it/s]
 19%|█▉        | 1706/8810 [00:01<00:04, 1625.71it/s]
 21%|██▏       | 1874/8810 [00:01<00:04, 1461.00it/s]
 24%|██▎       | 2079/8810 [00:01<00:04, 1612.99it/s]
 26%|██▌       | 2263/8810 [00:01<00:04, 1585.91it/s]
 28%|██▊       | 2501/8810 [00:01<00:03, 1795.65it/s]
 31%|███       | 2706/8810 [00:01<00:03, 1863.34it/s]
 33%|███▎      | 2897/8810 [00:01<00:03, 1671.09it/s]
 35%|███▍      | 3071/8810 [00:01<00:03, 1584.36it/s]
 37%|███▋      | 3245/8810 [00:02<00:03, 1623.92it/s]
 39%|███▊      | 3412/8810 [00:02<00:03, 1579.65it/s]
 41%|████      | 3621/8810 [00:02<00:03, 1718.48it/s]
 43%|████▎     | 3797/8810 [00:02<00:03, 1652.56it/s]
 45%|████▌     | 3987/8810 [00:02<00:02, 1719.45it/s]
 47%|████▋     | 4180/8810 [00:02<00:02, 1671.10it/s]
 50%|████▉     | 4381/8810 [00:02<00:02, 1763.94it/s]
 52%|█████▏    | 4560/8810 [00:02<00:02, 1701.31it/s]
 54%|█████▎    | 4732/8810 [00:02<00:02, 1517.54it/s]
 56%|█████▌    | 4922/8810 [00:03<00:02, 1617.43it/s]
 58%|█████▊    | 5089/8810 [00:03<00:02, 1520.33it/s]
 60%|██████    | 5306/8810 [00:03<00:02, 1692.42it/s]
 62%|██████▏   | 5481/8810 [00:03<00:02, 1581.40it/s]
 65%|██████▍   | 5721/8810 [00:03<00:01, 1793.65it/s]
 67%|██████▋   | 5906/8810 [00:03<00:01, 1490.45it/s]
 69%|██████▉   | 6067/8810 [00:03<00:01, 1420.39it/s]
 71%|███████   | 6231/8810 [00:03<00:01, 1472.52it/s]
 73%|███████▎  | 6400/8810 [00:04<00:01, 1456.68it/s]
 75%|███████▍  | 6586/8810 [00:04<00:01, 1562.03it/s]
 77%|███████▋  | 6791/8810 [00:04<00:01, 1689.08it/s]
 79%|███████▉  | 6972/8810 [00:04<00:01, 1639.80it/s]
 81%|████████  | 7148/8810 [00:04<00:00, 1670.49it/s]
 83%|████████▎ | 7318/8810 [00:04<00:00, 1670.11it/s]
 85%|████████▍ | 7487/8810 [00:04<00:00, 1522.58it/s]
 87%|████████▋ | 7648/8810 [00:04<00:00, 1543.71it/s]
 89%|████████▊ | 7806/8810 [00:04<00:00, 1393.08it/s]
 91%|█████████ | 7985/8810 [00:05<00:00, 1496.22it/s]
 92%|█████████▏| 8139/8810 [00:05<00:00, 1369.35it/s]
 94%|█████████▍| 8316/8810 [00:05<00:00, 1469.14it/s]
 96%|█████████▌| 8468/8810 [00:05<00:00, 1388.83it/s]
 98%|█████████▊| 8651/8810 [00:05<00:00, 1505.80it/s]
100%|█████████▉| 8806/8810 [00:05<00:00, 1455.17it/s]
100%|██████████| 8810/8810 [00:05<00:00, 1575.07it/s]
