
  0%|          | 0/8810 [00:00<?, ?it/s]
  3%|▎         | 264/8810 [00:00<00:03, 2634.47it/s]
  7%|▋         | 638/8810 [00:00<00:02, 3273.64it/s]
 11%|█         | 966/8810 [00:00<00:02, 2665.76it/s]
 14%|█▍        | 1244/8810 [00:00<00:02, 2557.93it/s]
 17%|█▋        | 1507/8810 [00:00<00:03, 2313.60it/s]
 21%|██        | 1821/8810 [00:00<00:02, 2420.18it/s]
 24%|██▍       | 2153/8810 [00:00<00:02, 2670.58it/s]
 28%|██▊       | 2427/8810 [00:00<00:02, 2559.48it/s]
 31%|███       | 2744/8810 [00:01<00:02, 2561.11it/s]
 34%|███▍      | 3004/8810 [00:01<00:02, 2312.21it/s]
 37%|███▋      | 3241/8810 [00:01<00:02, 2255.20it/s]
 39%|███▉      | 3470/8810 [00:01<00:02, 2208.19it/s]
 43%|████▎     | 3756/8810 [00:01<00:02, 2380.02it/s]
 45%|████▌     | 3998/8810 [00:01<00:02, 2370.91it/s]
 49%|████▉     | 4300/8810 [00:01<00:01, 2552.38it/s]
 52%|█████▏    | 4558/8810 [00:01<00:01, 2533.85it/s]
 55%|█████▍    | 4814/8810 [00:01<00:01, 2465.45it/s]
 57%|█████▋    | 5063/8810 [00:02<00:01, 2263.55it/s]
 60%|██████    | 5312/8810 [00:02<00:01, 2322.05it/s]
 63%|██████▎   | 5548/8810 [00:02<00:01, 2275.82it/s]
 66%|██████▌   | 5816/8810 [00:02<00:01, 2386.69it/s]
 69%|██████▉   | 6057/8810 [00:02<00:01, 2253.21it/s]
 71%|███████▏  | 6286/8810 [00:02<00:01, 2251.89it/s]
 74%|███████▍  | 6521/8810 [00:02<00:01, 2278.78it/s]
 79%|███████▊  | 6920/8810 [00:02<00:00, 2769.60it/s]
 82%|████████▏ | 7201/8810 [00:02<00:00, 2648.41it/s]
 85%|████████▍ | 7470/8810 [00:03<00:00, 2655.48it/s]
 88%|████████▊ | 7738/8810 [00:03<00:00, 2443.77it/s]
 91%|█████████ | 7993/8810 [00:03<00:00, 2471.63it/s]
 94%|█████████▎| 8244/8810 [00:03<00:00, 2341.00it/s]
 96%|█████████▋| 8489/8810 [00:03<00:00, 2369.79it/s]
 99%|█████████▉| 8729/8810 [00:03<00:00, 2348.88it/s]
100%|██████████| 8810/8810 [00:03<00:00, 2438.53it/s]
