
  0%|          | 0/8810 [00:00<?, ?it/s]
  2%|▏         | 181/8810 [00:00<00:05, 1677.23it/s]
  5%|▌         | 466/8810 [00:00<00:03, 2344.37it/s]
  8%|▊         | 703/8810 [00:00<00:03, 2291.47it/s]
 11%|█         | 934/8810 [00:00<00:03, 2240.55it/s]
 13%|█▎        | 1159/8810 [00:00<00:03, 2120.24it/s]
 16%|█▌        | 1416/8810 [00:00<00:03, 2263.73it/s]
 19%|█▊        | 1645/8810 [00:00<00:03, 2118.17it/s]
 21%|██        | 1860/8810 [00:00<00:03, 1970.28it/s]
 24%|██▍       | 2130/8810 [00:00<00:03, 2171.94it/s]
 27%|██▋       | 2352/8810 [00:01<00:03, 1927.45it/s]
 30%|██▉       | 2628/8810 [00:01<00:02, 2142.65it/s]
 32%|███▏      | 2851/8810 [00:01<00:03, 1966.08it/s]
 35%|███▍      | 3057/8810 [00:01<00:03, 1823.88it/s]
 37%|███▋      | 3269/8810 [00:01<00:02, 1896.45it/s]
 39%|███▉      | 3465/8810 [00:01<00:02, 1837.07it/s]
 42%|████▏     | 3705/8810 [00:01<00:02, 1983.37it/s]
 44%|████▍     | 3908/8810 [00:01<00:02, 1847.33it/s]
 47%|████▋     | 4180/8810 [00:02<00:02, 2000.95it/s]
 50%|█████     | 4444/8810 [00:02<00:02, 2171.90it/s]
 53%|█████▎    | 4666/8810 [00:02<00:02, 1987.57it/s]
 55%|█████▌    | 4871/8810 [00:02<00:01, 1977.01it/s]
 58%|█████▊    | 5073/8810 [00:02<00:01, 1915.18it/s]
 60%|██████    | 5314/8810 [00:02<00:01, 2049.84it/s]
 63%|██████▎   | 5523/8810 [00:02<00:01, 1923.01it/s]
 65%|██████▌   | 5754/8810 [00:02<00:01, 1958.79it/s]
 68%|██████▊   | 5953/8810 [00:02<00:01, 1883.91it/s]
 70%|██████▉   | 6144/8810 [00:03<00:01, 1823.66it/s]
 73%|███████▎  | 6392/8810 [00:03<00:01, 2000.34it/s]
 75%|███████▍  | 6595/8810 [00:03<00:01, 1964.34it/s]
 78%|███████▊  | 6893/8810 [00:03<00:00, 2248.53it/s]
 81%|████████  | 7121/8810 [00:03<00:00, 2110.58it/s]
 84%|████████▎ | 7360/8810 [00:03<00:00, 2041.73it/s]
 86%|████████▌ | 7574/8810 [00:03<00:00, 2066.24it/s]
 88%|████████▊ | 7783/8810 [00:03<00:00, 2017.23it/s]
 91%|█████████ | 8005/8810 [00:03<00:00, 2072.76it/s]
 93%|█████████▎| 8214/8810 [00:04<00:00, 1818.62it/s]
 95%|█████████▌| 8402/8810 [00:04<00:00, 1793.85it/s]
 98%|█████████▊| 8648/8810 [00:04<00:00, 1970.98it/s]
100%|██████████| 8810/8810 [00:04<00:00, 1993.85it/s]
