
  0%|          | 0/8810 [00:00<?, ?it/s]
  2%|▏         | 181/8810 [00:00<00:06, 1324.78it/s]
  4%|▍         | 383/8810 [00:00<00:05, 1679.05it/s]
  7%|▋         | 610/8810 [00:00<00:04, 1919.78it/s]
  9%|▉         | 807/8810 [00:00<00:04, 1660.01it/s]
 11%|█▏        | 996/8810 [00:00<00:04, 1579.27it/s]
 14%|█▎        | 1202/8810 [00:00<00:04, 1718.80it/s]
 16%|█▌        | 1380/8810 [00:00<00:04, 1606.94it/s]
 18%|█▊        | 1545/8810 [00:00<00:05, 1416.28it/s]
 20%|█▉        | 1746/8810 [00:01<00:04, 1567.49it/s]
 22%|██▏       | 1910/8810 [00:01<00:04, 1406.84it/s]
 24%|██▍       | 2149/8810 [00:01<00:04, 1655.01it/s]
 26%|██▋       | 2325/8810 [00:01<00:04, 1480.64it/s]
 29%|██▉       | 2534/8810 [00:01<00:03, 1629.45it/s]
 31%|███       | 2727/8810 [00:01<00:03, 1703.64it/s]
 33%|███▎      | 2905/8810 [00:01<00:03, 1480.95it/s]
 35%|███▍      | 3063/8810 [00:02<00:04, 1337.76it/s]
 36%|███▋      | 3205/8810 [00:02<00:04, 1356.42it/s]
 38%|███▊      | 3363/8810 [00:02<00:03, 1411.31it/s]
 40%|███▉      | 3510/8810 [00:02<00:03, 1364.08it/s]
 42%|████▏     | 3705/8810 [00:02<00:03, 1514.59it/s]
 44%|████▍     | 3861/8810 [00:02<00:03, 1415.43it/s]
 46%|████▌     | 4070/8810 [00:02<00:02, 1595.01it/s]
 48%|████▊     | 4235/8810 [00:02<00:03, 1499.98it/s]
 51%|█████     | 4451/8810 [00:02<00:02, 1675.76it/s]
 52%|█████▏    | 4624/8810 [00:02<00:02, 1673.30it/s]
 54%|█████▍    | 4795/8810 [00:03<00:02, 1391.07it/s]
 56%|█████▌    | 4944/8810 [00:03<00:02, 1295.69it/s]
 58%|█████▊    | 5142/8810 [00:03<00:02, 1463.30it/s]
 60%|██████    | 5318/8810 [00:03<00:02, 1536.91it/s]
 62%|██████▏   | 5479/8810 [00:03<00:02, 1431.50it/s]
 65%|██████▍   | 5684/8810 [00:03<00:01, 1590.11it/s]
 66%|██████▋   | 5850/8810 [00:03<00:02, 1466.02it/s]
 68%|██████▊   | 6003/8810 [00:03<00:01, 1421.99it/s]
 70%|██████▉   | 6150/8810 [00:04<00:02, 1312.01it/s]
 72%|███████▏  | 6332/8810 [00:04<00:01, 1442.05it/s]
 74%|███████▎  | 6481/8810 [00:04<00:01, 1391.47it/s]
 76%|███████▋  | 6722/8810 [00:04<00:01, 1663.67it/s]
 79%|███████▉  | 6943/8810 [00:04<00:01, 1810.08it/s]
 81%|████████  | 7130/8810 [00:04<00:01, 1613.84it/s]
 83%|████████▎ | 7299/8810 [00:04<00:00, 1584.92it/s]
 85%|████████▍ | 7463/8810 [00:04<00:00, 1470.30it/s]
 87%|████████▋ | 7636/8810 [00:05<00:00, 1532.59it/s]
 88%|████████▊ | 7794/8810 [00:05<00:00, 1403.45it/s]
 90%|█████████ | 7939/8810 [00:05<00:00, 1375.51it/s]
 92%|█████████▏| 8080/8810 [00:05<00:00, 1231.56it/s]
 93%|█████████▎| 8215/8810 [00:05<00:00, 1261.04it/s]
 95%|█████████▍| 8361/8810 [00:05<00:00, 1234.96it/s]
 96%|█████████▋| 8496/8810 [00:05<00:00, 1259.69it/s]
 98%|█████████▊| 8656/8810 [00:05<00:00, 1349.54it/s]
100%|█████████▉| 8794/8810 [00:05<00:00, 1309.20it/s]
100%|██████████| 8810/8810 [00:05<00:00, 1475.34it/s]
