
  0%|          | 0/8810 [00:00<?, ?it/s]
  4%|▍         | 361/8810 [00:00<00:02, 3594.22it/s]
  8%|▊         | 721/8810 [00:00<00:02, 3443.80it/s]
 12%|█▏        | 1066/8810 [00:00<00:02, 3366.13it/s]
 17%|█▋        | 1457/8810 [00:00<00:02, 3373.21it/s]
 21%|██        | 1821/8810 [00:00<00:02, 3322.00it/s]
 25%|██▌       | 2217/8810 [00:00<00:01, 3522.19it/s]
 29%|██▉       | 2592/8810 [00:00<00:01, 3590.15it/s]
 34%|███▎      | 2953/8810 [00:00<00:01, 3420.67it/s]
 37%|███▋      | 3298/8810 [00:00<00:01, 3261.54it/s]
 41%|████      | 3631/8810 [00:01<00:01, 3280.57it/s]
 45%|████▌     | 3972/8810 [00:01<00:01, 3316.12it/s]
 49%|████▉     | 4308/8810 [00:01<00:01, 3321.42it/s]
 53%|█████▎    | 4642/8810 [00:01<00:01, 3315.64it/s]
 56%|█████▋    | 4975/8810 [00:01<00:01, 3133.82it/s]
 61%|██████    | 5357/8810 [00:01<00:01, 3327.18it/s]
 65%|██████▍   | 5712/8810 [00:01<00:00, 3386.11it/s]
 69%|██████▊   | 6053/8810 [00:01<00:00, 3084.16it/s]
 73%|███████▎  | 6400/8810 [00:01<00:00, 3119.24it/s]
 78%|███████▊  | 6829/8810 [00:02<00:00, 3443.90it/s]
 81%|████████▏ | 7180/8810 [00:02<00:00, 3391.62it/s]
 85%|████████▌ | 7524/8810 [00:02<00:00, 3320.98it/s]
 89%|████████▉ | 7859/8810 [00:02<00:00, 3192.73it/s]
 93%|█████████▎| 8181/8810 [00:02<00:00, 3024.62it/s]
 96%|█████████▋| 8487/8810 [00:02<00:00, 2933.62it/s]
100%|█████████▉| 8783/8810 [00:02<00:00, 2915.07it/s]
100%|██████████| 8810/8810 [00:02<00:00, 3243.59it/s]
