
  0%|          | 0/8810 [00:00<?, ?it/s]
  2%|▏         | 196/8810 [00:00<00:04, 1953.97it/s]
  5%|▌         | 453/8810 [00:00<00:03, 2306.97it/s]
  8%|▊         | 684/8810 [00:00<00:03, 2217.27it/s]
 10%|█         | 907/8810 [00:00<00:03, 2219.86it/s]
 13%|█▎        | 1132/8810 [00:00<00:03, 2229.35it/s]
 16%|█▌        | 1413/8810 [00:00<00:03, 2423.13it/s]
 19%|█▉        | 1656/8810 [00:00<00:03, 1983.35it/s]
 21%|██        | 1867/8810 [00:00<00:03, 1902.23it/s]
 25%|██▍       | 2186/8810 [00:01<00:02, 2245.21it/s]
 27%|██▋       | 2422/8810 [00:01<00:02, 2198.48it/s]
 31%|███       | 2744/8810 [00:01<00:02, 2251.10it/s]
 34%|███▍      | 2974/8810 [00:01<00:02, 2181.82it/s]
 36%|███▋      | 3196/8810 [00:01<00:02, 2171.09it/s]
 39%|███▉      | 3415/8810 [00:01<00:02, 2113.99it/s]
 42%|████▏     | 3725/8810 [00:01<00:02, 2383.27it/s]
 45%|████▌     | 3967/8810 [00:01<00:02, 2332.42it/s]
 48%|████▊     | 4203/8810 [00:01<00:02, 2294.33it/s]
 51%|█████     | 4515/8810 [00:01<00:01, 2525.27it/s]
 54%|█████▍    | 4770/8810 [00:02<00:01, 2356.25it/s]
 57%|█████▋    | 5010/8810 [00:02<00:01, 2144.41it/s]
 60%|██████    | 5286/8810 [00:02<00:01, 2305.96it/s]
 63%|██████▎   | 5523/8810 [00:02<00:01, 2199.04it/s]
 65%|██████▌   | 5754/8810 [00:02<00:01, 2198.82it/s]
 68%|██████▊   | 5978/8810 [00:02<00:01, 2207.83it/s]
 70%|███████   | 6202/8810 [00:02<00:01, 2176.28it/s]
 73%|███████▎  | 6422/8810 [00:02<00:01, 2153.07it/s]
 77%|███████▋  | 6750/8810 [00:02<00:00, 2473.43it/s]
 79%|███████▉  | 7000/8810 [00:03<00:00, 2313.38it/s]
 82%|████████▏ | 7235/8810 [00:03<00:00, 2047.97it/s]
 85%|████████▍ | 7447/8810 [00:03<00:00, 1827.53it/s]
 88%|████████▊ | 7715/8810 [00:03<00:00, 1901.11it/s]
 90%|█████████ | 7949/8810 [00:03<00:00, 2008.11it/s]
 93%|█████████▎| 8156/8810 [00:03<00:00, 1834.98it/s]
 95%|█████████▍| 8361/8810 [00:03<00:00, 1784.66it/s]
 98%|█████████▊| 8619/8810 [00:04<00:00, 1984.72it/s]
100%|██████████| 8810/8810 [00:04<00:00, 2141.20it/s]
