
  0%|          | 0/8810 [00:00<?, ?it/s]
  2%|▏         | 199/8810 [00:00<00:04, 1978.18it/s]
  7%|▋         | 591/8810 [00:00<00:02, 3114.14it/s]
 10%|█         | 903/8810 [00:00<00:03, 2616.40it/s]
 13%|█▎        | 1173/8810 [00:00<00:02, 2590.33it/s]
 17%|█▋        | 1457/8810 [00:00<00:02, 2544.47it/s]
 19%|█▉        | 1717/8810 [00:00<00:02, 2557.40it/s]
 22%|██▏       | 1975/8810 [00:00<00:02, 2456.64it/s]
 26%|██▌       | 2263/8810 [00:00<00:02, 2411.83it/s]
 29%|██▉       | 2550/8810 [00:01<00:02, 2537.59it/s]
 32%|███▏      | 2808/8810 [00:01<00:02, 2549.45it/s]
 35%|███▍      | 3065/8810 [00:01<00:02, 2545.58it/s]
 38%|███▊      | 3357/8810 [00:01<00:02, 2653.55it/s]
 41%|████      | 3624/8810 [00:01<00:02, 2578.60it/s]
 44%|████▍     | 3883/8810 [00:01<00:01, 2565.42it/s]
 47%|████▋     | 4180/8810 [00:01<00:01, 2578.58it/s]
 51%|█████     | 4485/8810 [00:01<00:01, 2709.84it/s]
 54%|█████▍    | 4757/8810 [00:01<00:01, 2430.06it/s]
 57%|█████▋    | 5006/8810 [00:02<00:01, 2253.04it/s]
 60%|██████    | 5314/8810 [00:02<00:01, 2468.57it/s]
 63%|██████▎   | 5568/8810 [00:02<00:01, 2354.16it/s]
 66%|██████▋   | 5838/8810 [00:02<00:01, 2444.71it/s]
 69%|██████▉   | 6088/8810 [00:02<00:01, 2066.33it/s]
 73%|███████▎  | 6391/8810 [00:02<00:01, 2306.63it/s]
 75%|███████▌  | 6636/8810 [00:02<00:00, 2316.12it/s]
 79%|███████▉  | 6972/8810 [00:02<00:00, 2470.78it/s]
 83%|████████▎ | 7274/8810 [00:02<00:00, 2614.93it/s]
 86%|████████▌ | 7542/8810 [00:03<00:00, 2478.79it/s]
 89%|████████▊ | 7800/8810 [00:03<00:00, 2505.78it/s]
 91%|█████████▏| 8055/8810 [00:03<00:00, 2392.81it/s]
 94%|█████████▍| 8298/8810 [00:03<00:00, 2354.88it/s]
 97%|█████████▋| 8536/8810 [00:03<00:00, 2332.16it/s]
100%|█████████▉| 8771/8810 [00:03<00:00, 2241.35it/s]
100%|██████████| 8810/8810 [00:03<00:00, 2449.51it/s]
