
  0%|          | 0/8810 [00:00<?, ?it/s]
  4%|▎         | 322/8810 [00:00<00:02, 3212.34it/s]
  7%|▋         | 657/8810 [00:00<00:02, 3286.82it/s]
 11%|█▏        | 996/8810 [00:00<00:02, 3034.72it/s]
 16%|█▌        | 1368/8810 [00:00<00:02, 3286.99it/s]
 19%|█▉        | 1700/8810 [00:00<00:02, 3225.05it/s]
 23%|██▎       | 2025/8810 [00:00<00:02, 3055.02it/s]
 26%|██▋       | 2333/8810 [00:00<00:02, 3016.24it/s]
 31%|███       | 2744/8810 [00:00<00:01, 3121.96it/s]
 35%|███▍      | 3057/8810 [00:00<00:01, 2952.02it/s]
 39%|███▊      | 3393/8810 [00:01<00:01, 3060.94it/s]
 42%|████▏     | 3701/8810 [00:01<00:01, 2779.53it/s]
 45%|████▌     | 3984/8810 [00:01<00:01, 2638.75it/s]
 49%|████▉     | 4306/8810 [00:01<00:01, 2791.84it/s]
 52%|█████▏    | 4625/8810 [00:01<00:01, 2819.96it/s]
 56%|█████▌    | 4922/8810 [00:01<00:01, 2858.22it/s]
 59%|█████▉    | 5211/8810 [00:01<00:01, 2758.85it/s]
 62%|██████▏   | 5489/8810 [00:01<00:01, 2756.57it/s]
 66%|██████▌   | 5780/8810 [00:01<00:01, 2800.20it/s]
 69%|██████▉   | 6062/8810 [00:02<00:01, 2674.82it/s]
 73%|███████▎  | 6400/8810 [00:02<00:00, 2727.91it/s]
 77%|███████▋  | 6778/8810 [00:02<00:00, 3017.48it/s]
 80%|████████  | 7083/8810 [00:02<00:00, 2973.59it/s]
 84%|████████▍ | 7383/8810 [00:02<00:00, 2893.64it/s]
 87%|████████▋ | 7699/8810 [00:02<00:00, 2962.97it/s]
 91%|█████████ | 7997/8810 [00:02<00:00, 2781.98it/s]
 94%|█████████▍| 8278/8810 [00:02<00:00, 2672.32it/s]
 97%|█████████▋| 8548/8810 [00:02<00:00, 2674.45it/s]
100%|██████████| 8810/8810 [00:03<00:00, 2866.62it/s]
