
  0%|          | 0/8810 [00:00<?, ?it/s]
  4%|▍         | 354/8810 [00:00<00:02, 3535.33it/s]
  8%|▊         | 708/8810 [00:00<00:02, 3449.44it/s]
 12%|█▏        | 1054/8810 [00:00<00:02, 3225.28it/s]
 16%|█▋        | 1450/8810 [00:00<00:02, 3496.63it/s]
 20%|██        | 1802/8810 [00:00<00:02, 3376.12it/s]
 24%|██▍       | 2142/8810 [00:00<00:02, 3187.25it/s]
 28%|██▊       | 2464/8810 [00:00<00:02, 3107.94it/s]
 32%|███▏      | 2794/8810 [00:00<00:01, 3163.28it/s]
 35%|███▌      | 3112/8810 [00:00<00:01, 3095.89it/s]
 39%|███▉      | 3423/8810 [00:01<00:01, 2997.40it/s]
 43%|████▎     | 3774/8810 [00:01<00:01, 3038.93it/s]
 47%|████▋     | 4180/8810 [00:01<00:01, 3217.28it/s]
 52%|█████▏    | 4572/8810 [00:01<00:01, 3414.79it/s]
 56%|█████▌    | 4916/8810 [00:01<00:01, 3220.61it/s]
 59%|█████▉    | 5241/8810 [00:01<00:01, 3177.79it/s]
 63%|██████▎   | 5561/8810 [00:01<00:01, 3145.31it/s]
 67%|██████▋   | 5877/8810 [00:01<00:00, 3051.01it/s]
 70%|███████   | 6184/8810 [00:01<00:00, 2909.45it/s]
 74%|███████▎  | 6477/8810 [00:02<00:00, 2913.92it/s]
 79%|███████▊  | 6931/8810 [00:02<00:00, 3373.96it/s]
 83%|████████▎ | 7272/8810 [00:02<00:00, 3236.70it/s]
 86%|████████▋ | 7599/8810 [00:02<00:00, 3176.74it/s]
 90%|████████▉ | 7919/8810 [00:02<00:00, 3059.29it/s]
 93%|█████████▎| 8227/8810 [00:02<00:00, 2855.77it/s]
 97%|█████████▋| 8516/8810 [00:02<00:00, 2816.76it/s]
100%|█████████▉| 8800/8810 [00:02<00:00, 2762.35it/s]
100%|██████████| 8810/8810 [00:02<00:00, 3094.97it/s]
