
  0%|          | 0/8810 [00:00<?, ?it/s]
  2%|▏         | 188/8810 [00:00<00:04, 1878.51it/s]
  7%|▋         | 576/8810 [00:00<00:02, 3036.64it/s]
 10%|▉         | 880/8810 [00:00<00:03, 2538.67it/s]
 13%|█▎        | 1142/8810 [00:00<00:03, 2458.86it/s]
 16%|█▌        | 1393/8810 [00:00<00:03, 2361.19it/s]
 19%|█▊        | 1632/8810 [00:00<00:03, 2101.55it/s]
 21%|██        | 1847/8810 [00:00<00:03, 1951.43it/s]
 24%|██▍       | 2118/8810 [00:00<00:03, 2155.78it/s]
 27%|██▋       | 2340/8810 [00:01<00:02, 2157.50it/s]
 30%|███       | 2679/8810 [00:01<00:02, 2504.13it/s]
 33%|███▎      | 2936/8810 [00:01<00:02, 2361.97it/s]
 36%|███▌      | 3178/8810 [00:01<00:02, 2172.35it/s]
 39%|███▊      | 3410/8810 [00:01<00:02, 2113.16it/s]
 43%|████▎     | 3759/8810 [00:01<00:02, 2477.01it/s]
 46%|████▌     | 4015/8810 [00:01<00:01, 2495.24it/s]
 48%|████▊     | 4272/8810 [00:01<00:01, 2514.48it/s]
 52%|█████▏    | 4576/8810 [00:01<00:01, 2665.07it/s]
 55%|█████▌    | 4846/8810 [00:02<00:01, 2501.82it/s]
 58%|█████▊    | 5101/8810 [00:02<00:01, 2380.00it/s]
 61%|██████    | 5343/8810 [00:02<00:01, 2322.93it/s]
 63%|██████▎   | 5578/8810 [00:02<00:01, 2315.23it/s]
 66%|██████▋   | 5838/8810 [00:02<00:01, 2390.88it/s]
 69%|██████▉   | 6079/8810 [00:02<00:01, 2138.63it/s]
 72%|███████▏  | 6343/8810 [00:02<00:01, 2269.42it/s]
 75%|███████▍  | 6576/8810 [00:02<00:00, 2266.15it/s]
 79%|███████▉  | 6972/8810 [00:02<00:00, 2554.85it/s]
 82%|████████▏ | 7244/8810 [00:03<00:00, 2592.09it/s]
 85%|████████▌ | 7504/8810 [00:03<00:00, 2383.11it/s]
 88%|████████▊ | 7745/8810 [00:03<00:00, 2331.53it/s]
 91%|█████████ | 8013/8810 [00:03<00:00, 2424.95it/s]
 94%|█████████▎| 8258/8810 [00:03<00:00, 2336.36it/s]
 96%|█████████▋| 8494/8810 [00:03<00:00, 2317.49it/s]
 99%|█████████▉| 8736/8810 [00:03<00:00, 2345.98it/s]
100%|██████████| 8810/8810 [00:03<00:00, 2359.20it/s]
