
  0%|          | 0/8810 [00:00<?, ?it/s]
  4%|▎         | 321/8810 [00:00<00:02, 3193.33it/s]
  7%|▋         | 656/8810 [00:00<00:02, 3111.33it/s]
 11%|█         | 968/8810 [00:00<00:02, 2926.89it/s]
 14%|█▍        | 1262/8810 [00:00<00:02, 2613.24it/s]
 17%|█▋        | 1541/8810 [00:00<00:02, 2663.49it/s]
 21%|██        | 1831/8810 [00:00<00:02, 2729.47it/s]
 25%|██▌       | 2222/8810 [00:00<00:02, 3090.83it/s]
 29%|██▉       | 2546/8810 [00:00<00:01, 3135.09it/s]
 33%|███▎      | 2880/8810 [00:00<00:01, 3194.81it/s]
 36%|███▋      | 3202/8810 [00:01<00:01, 3112.02it/s]
 40%|███▉      | 3515/8810 [00:01<00:01, 3051.86it/s]
 44%|████▎     | 3836/8810 [00:01<00:01, 3096.10it/s]
 47%|████▋     | 4180/8810 [00:01<00:01, 3150.47it/s]
 52%|█████▏    | 4576/8810 [00:01<00:01, 3380.61it/s]
 56%|█████▌    | 4916/8810 [00:01<00:01, 3106.60it/s]
 59%|█████▉    | 5232/8810 [00:01<00:01, 2967.24it/s]
 63%|██████▎   | 5541/8810 [00:01<00:01, 2997.48it/s]
 66%|██████▋   | 5844/8810 [00:01<00:00, 2991.39it/s]
 70%|██████▉   | 6146/8810 [00:02<00:00, 2863.17it/s]
 73%|███████▎  | 6453/8810 [00:02<00:00, 2919.46it/s]
 78%|███████▊  | 6836/8810 [00:02<00:00, 3179.59it/s]
 81%|████████  | 7157/8810 [00:02<00:00, 3136.43it/s]
 85%|████████▍ | 7473/8810 [00:02<00:00, 3019.38it/s]
 88%|████████▊ | 7777/8810 [00:02<00:00, 2758.11it/s]
 91%|█████████▏| 8058/8810 [00:02<00:00, 2730.18it/s]
 95%|█████████▍| 8361/8810 [00:02<00:00, 2728.33it/s]
 99%|█████████▊| 8695/8810 [00:02<00:00, 2892.12it/s]
100%|██████████| 8810/8810 [00:02<00:00, 2961.59it/s]
