
  0%|          | 0/8810 [00:00<?, ?it/s]
  4%|▍         | 339/8810 [00:00<00:02, 3379.95it/s]
  8%|▊         | 681/8810 [00:00<00:02, 3394.95it/s]
 12%|█▏        | 1021/8810 [00:00<00:02, 3147.23it/s]
 16%|█▌        | 1371/8810 [00:00<00:02, 3279.32it/s]
 19%|█▉        | 1701/8810 [00:00<00:02, 3117.29it/s]
 23%|██▎       | 2015/8810 [00:00<00:02, 2976.84it/s]
 26%|██▋       | 2315/8810 [00:00<00:02, 2914.76it/s]
 30%|███       | 2663/8810 [00:00<00:01, 3079.72it/s]
 34%|███▎      | 2973/8810 [00:00<00:02, 2913.33it/s]
 37%|███▋      | 3267/8810 [00:01<00:02, 2741.87it/s]
 40%|████      | 3545/8810 [00:01<00:01, 2669.12it/s]
 43%|████▎     | 3816/8810 [00:01<00:01, 2680.33it/s]
 47%|████▋     | 4180/8810 [00:01<00:01, 2785.14it/s]
 52%|█████▏    | 4548/8810 [00:01<00:01, 3028.04it/s]
 55%|█████▌    | 4854/8810 [00:01<00:01, 2735.23it/s]
 58%|█████▊    | 5134/8810 [00:01<00:01, 2617.35it/s]
 61%|██████▏   | 5400/8810 [00:01<00:01, 2597.91it/s]
 65%|██████▌   | 5754/8810 [00:02<00:01, 2739.86it/s]
 69%|██████▊   | 6036/8810 [00:02<00:01, 2646.18it/s]
 73%|███████▎  | 6400/8810 [00:02<00:00, 2771.91it/s]
 77%|███████▋  | 6781/8810 [00:02<00:00, 3049.68it/s]
 81%|████████  | 7093/8810 [00:02<00:00, 3067.86it/s]
 84%|████████▍ | 7403/8810 [00:02<00:00, 3035.33it/s]
 88%|████████▊ | 7715/8810 [00:02<00:00, 2929.42it/s]
 91%|█████████ | 8037/8810 [00:02<00:00, 2827.89it/s]
 95%|█████████▍| 8361/8810 [00:02<00:00, 2852.13it/s]
 99%|█████████▉| 8702/8810 [00:03<00:00, 2841.73it/s]
100%|██████████| 8810/8810 [00:03<00:00, 2888.66it/s]
