
  0%|          | 0/8810 [00:00<?, ?it/s]
  2%|▏         | 181/8810 [00:00<00:04, 1768.58it/s]
  5%|▍         | 434/8810 [00:00<00:03, 2202.61it/s]
  7%|▋         | 656/8810 [00:00<00:03, 2207.56it/s]
 10%|█         | 905/8810 [00:00<00:03, 2317.47it/s]
 13%|█▎        | 1137/8810 [00:00<00:03, 2100.41it/s]
 16%|█▌        | 1390/8810 [00:00<00:03, 2236.62it/s]
 18%|█▊        | 1617/8810 [00:00<00:03, 2086.54it/s]
 21%|██        | 1830/8810 [00:00<00:03, 2015.68it/s]
 24%|██▍       | 2103/8810 [00:00<00:03, 2219.32it/s]
 26%|██▋       | 2329/8810 [00:01<00:03, 2035.56it/s]
 29%|██▉       | 2593/8810 [00:01<00:02, 2195.70it/s]
 32%|███▏      | 2818/8810 [00:01<00:02, 2002.04it/s]
 35%|███▍      | 3057/8810 [00:01<00:02, 1928.28it/s]
 37%|███▋      | 3256/8810 [00:01<00:02, 1942.65it/s]
 39%|███▉      | 3454/8810 [00:01<00:02, 1852.67it/s]
 42%|████▏     | 3695/8810 [00:01<00:02, 2001.28it/s]
 44%|████▍     | 3899/8810 [00:01<00:02, 1882.36it/s]
 47%|████▋     | 4170/8810 [00:02<00:02, 2104.49it/s]
 50%|████▉     | 4386/8810 [00:02<00:02, 2092.66it/s]
 52%|█████▏    | 4599/8810 [00:02<00:02, 2095.93it/s]
 55%|█████▍    | 4811/8810 [00:02<00:02, 1925.62it/s]
 57%|█████▋    | 5008/8810 [00:02<00:02, 1820.56it/s]
 59%|█████▉    | 5232/8810 [00:02<00:01, 1931.55it/s]
 62%|██████▏   | 5429/8810 [00:02<00:01, 1884.72it/s]
 65%|██████▍   | 5704/8810 [00:02<00:01, 2122.55it/s]
 67%|██████▋   | 5920/8810 [00:02<00:01, 1926.55it/s]
 69%|██████▉   | 6119/8810 [00:03<00:01, 1856.00it/s]
 72%|███████▏  | 6378/8810 [00:03<00:01, 2051.46it/s]
 75%|███████▍  | 6589/8810 [00:03<00:01, 1929.90it/s]
 78%|███████▊  | 6898/8810 [00:03<00:00, 2242.07it/s]
 81%|████████  | 7129/8810 [00:03<00:00, 2160.53it/s]
 84%|████████▎ | 7360/8810 [00:03<00:00, 2051.35it/s]
 86%|████████▌ | 7597/8810 [00:03<00:00, 2132.78it/s]
 89%|████████▊ | 7815/8810 [00:03<00:00, 2017.20it/s]
 91%|█████████ | 8037/8810 [00:03<00:00, 1904.41it/s]
 94%|█████████▎| 8258/8810 [00:04<00:00, 1981.68it/s]
 96%|█████████▌| 8460/8810 [00:04<00:00, 1818.09it/s]
 99%|█████████▉| 8702/8810 [00:04<00:00, 1839.82it/s]
100%|██████████| 8810/8810 [00:04<00:00, 2009.39it/s]
