
  0%|          | 0/8810 [00:00<?, ?it/s]
  4%|▍         | 335/8810 [00:00<00:02, 3346.63it/s]
  8%|▊         | 685/8810 [00:00<00:02, 3432.27it/s]
 12%|█▏        | 1029/8810 [00:00<00:02, 3277.05it/s]
 16%|█▌        | 1415/8810 [00:00<00:02, 3491.86it/s]
 20%|██        | 1766/8810 [00:00<00:02, 3472.50it/s]
 24%|██▍       | 2114/8810 [00:00<00:01, 3355.26it/s]
 28%|██▊       | 2451/8810 [00:00<00:01, 3296.72it/s]
 32%|███▏      | 2785/8810 [00:00<00:01, 3303.82it/s]
 35%|███▌      | 3116/8810 [00:00<00:01, 3218.86it/s]
 39%|███▉      | 3439/8810 [00:01<00:01, 3138.14it/s]
 43%|████▎     | 3774/8810 [00:01<00:01, 3186.14it/s]
 47%|████▋     | 4180/8810 [00:01<00:01, 3333.40it/s]
 52%|█████▏    | 4571/8810 [00:01<00:01, 3492.49it/s]
 56%|█████▌    | 4921/8810 [00:01<00:01, 3268.08it/s]
 60%|█████▉    | 5251/8810 [00:01<00:01, 3240.82it/s]
 63%|██████▎   | 5577/8810 [00:01<00:00, 3236.22it/s]
 67%|██████▋   | 5902/8810 [00:01<00:00, 3054.66it/s]
 70%|███████   | 6210/8810 [00:01<00:00, 3032.15it/s]
 74%|███████▍  | 6515/8810 [00:02<00:00, 3034.99it/s]
 79%|███████▉  | 6943/8810 [00:02<00:00, 3393.35it/s]
 83%|████████▎ | 7285/8810 [00:02<00:00, 2811.94it/s]
 86%|████████▌ | 7584/8810 [00:02<00:00, 2834.12it/s]
 89%|████████▉ | 7881/8810 [00:02<00:00, 2844.02it/s]
 93%|█████████▎| 8175/8810 [00:02<00:00, 2838.76it/s]
 96%|█████████▌| 8466/8810 [00:02<00:00, 2825.88it/s]
100%|█████████▉| 8772/8810 [00:02<00:00, 2890.11it/s]
100%|██████████| 8810/8810 [00:02<00:00, 3133.33it/s]
