
  0%|          | 0/8810 [00:00<?, ?it/s]
  2%|▏         | 135/8810 [00:00<00:06, 1341.61it/s]
  3%|▎         | 270/8810 [00:00<00:06, 1267.19it/s]
  5%|▌         | 445/8810 [00:00<00:05, 1478.17it/s]
  7%|▋         | 655/8810 [00:00<00:04, 1716.62it/s]
  9%|▉         | 828/8810 [00:00<00:05, 1451.81it/s]
 11%|█         | 986/8810 [00:00<00:05, 1488.34it/s]
 13%|█▎        | 1140/8810 [00:00<00:05, 1301.65it/s]
 14%|█▍        | 1277/8810 [00:00<00:05, 1318.15it/s]
 16%|█▌        | 1414/8810 [00:01<00:05, 1319.52it/s]
 18%|█▊        | 1550/8810 [00:01<00:06, 1170.21it/s]
 19%|█▉        | 1706/8810 [00:01<00:05, 1270.26it/s]
 21%|██        | 1838/8810 [00:01<00:06, 1097.89it/s]
 22%|██▏       | 1975/8810 [00:01<00:05, 1163.32it/s]
 24%|██▍       | 2155/8810 [00:01<00:05, 1327.90it/s]
 26%|██▌       | 2295/8810 [00:01<00:05, 1126.78it/s]
 28%|██▊       | 2477/8810 [00:01<00:04, 1292.13it/s]
 30%|███       | 2654/8810 [00:02<00:04, 1411.41it/s]
 32%|███▏      | 2804/8810 [00:02<00:05, 1144.44it/s]
 33%|███▎      | 2933/8810 [00:02<00:05, 1173.04it/s]
 35%|███▍      | 3061/8810 [00:02<00:05, 1060.48it/s]
 36%|███▌      | 3176/8810 [00:02<00:05, 1071.80it/s]
 37%|███▋      | 3290/8810 [00:02<00:05, 1040.32it/s]
 39%|███▊      | 3410/8810 [00:02<00:05, 997.76it/s] 
 40%|████      | 3559/8810 [00:02<00:04, 1121.14it/s]
 43%|████▎     | 3751/8810 [00:03<00:03, 1332.71it/s]
 44%|████▍     | 3891/8810 [00:03<00:04, 1209.82it/s]
 46%|████▌     | 4073/8810 [00:03<00:03, 1367.76it/s]
 48%|████▊     | 4217/8810 [00:03<00:03, 1318.96it/s]
 50%|█████     | 4421/8810 [00:03<00:02, 1507.34it/s]
 52%|█████▏    | 4601/8810 [00:03<00:02, 1587.51it/s]
 54%|█████▍    | 4765/8810 [00:03<00:02, 1461.35it/s]
 56%|█████▌    | 4918/8810 [00:03<00:02, 1478.86it/s]
 58%|█████▊    | 5070/8810 [00:03<00:02, 1372.96it/s]
 59%|█████▉    | 5238/8810 [00:04<00:02, 1451.91it/s]
 61%|██████    | 5387/8810 [00:04<00:02, 1326.52it/s]
 63%|██████▎   | 5524/8810 [00:04<00:02, 1308.84it/s]
 64%|██████▍   | 5673/8810 [00:04<00:02, 1348.53it/s]
 66%|██████▌   | 5811/8810 [00:04<00:02, 1164.27it/s]
 67%|██████▋   | 5933/8810 [00:04<00:02, 1055.71it/s]
 69%|██████▊   | 6044/8810 [00:04<00:02, 993.43it/s] 
 70%|███████   | 6192/8810 [00:04<00:02, 1109.13it/s]
 72%|███████▏  | 6351/8810 [00:05<00:01, 1233.30it/s]
 74%|███████▎  | 6480/8810 [00:05<00:02, 1105.46it/s]
 75%|███████▌  | 6623/8810 [00:05<00:01, 1187.92it/s]
 77%|███████▋  | 6771/8810 [00:05<00:01, 1264.52it/s]
 79%|███████▉  | 6949/8810 [00:05<00:01, 1405.17it/s]
 81%|████████  | 7095/8810 [00:05<00:01, 1296.19it/s]
 82%|████████▏ | 7230/8810 [00:05<00:01, 1270.09it/s]
 84%|████████▎ | 7361/8810 [00:05<00:01, 1183.36it/s]
 85%|████████▌ | 7500/8810 [00:05<00:01, 1233.53it/s]
 87%|████████▋ | 7636/8810 [00:06<00:00, 1263.58it/s]
 88%|████████▊ | 7765/8810 [00:06<00:00, 1090.45it/s]
 89%|████████▉ | 7880/8810 [00:06<00:00, 1095.14it/s]
 91%|█████████ | 7994/8810 [00:06<00:00, 1102.39it/s]
 92%|█████████▏| 8107/8810 [00:06<00:00, 1020.50it/s]
 94%|█████████▎| 8239/8810 [00:06<00:00, 1096.54it/s]
 95%|█████████▍| 8361/8810 [00:06<00:00, 1080.54it/s]
 97%|█████████▋| 8515/8810 [00:06<00:00, 1203.63it/s]
 99%|█████████▊| 8686/8810 [00:06<00:00, 1344.08it/s]
100%|██████████| 8810/8810 [00:07<00:00, 1243.49it/s]
