
  0%|          | 0/8810 [00:00<?, ?it/s]
  2%|▏         | 181/8810 [00:00<00:05, 1641.89it/s]
  5%|▍         | 422/8810 [00:00<00:04, 2067.16it/s]
  7%|▋         | 653/8810 [00:00<00:03, 2169.22it/s]
 10%|▉         | 872/8810 [00:00<00:04, 1904.25it/s]
 12%|█▏        | 1068/8810 [00:00<00:04, 1821.20it/s]
 14%|█▍        | 1273/8810 [00:00<00:03, 1889.33it/s]
 17%|█▋        | 1465/8810 [00:00<00:04, 1673.41it/s]
 19%|█▉        | 1671/8810 [00:00<00:04, 1776.43it/s]
 21%|██        | 1854/8810 [00:01<00:04, 1628.83it/s]
 24%|██▎       | 2079/8810 [00:01<00:03, 1793.72it/s]
 26%|██▌       | 2265/8810 [00:01<00:03, 1655.58it/s]
 28%|██▊       | 2442/8810 [00:01<00:03, 1681.64it/s]
 30%|███       | 2655/8810 [00:01<00:03, 1794.72it/s]
 32%|███▏      | 2839/8810 [00:01<00:03, 1606.35it/s]
 34%|███▍      | 3017/8810 [00:01<00:03, 1651.65it/s]
 36%|███▌      | 3187/8810 [00:01<00:03, 1597.24it/s]
 38%|███▊      | 3389/8810 [00:01<00:03, 1710.58it/s]
 40%|████      | 3564/8810 [00:02<00:03, 1672.01it/s]
 43%|████▎     | 3774/8810 [00:02<00:02, 1681.95it/s]
 46%|████▌     | 4017/8810 [00:02<00:02, 1881.17it/s]
 48%|████▊     | 4209/8810 [00:02<00:02, 1810.04it/s]
 51%|█████     | 4467/8810 [00:02<00:02, 2021.41it/s]
 53%|█████▎    | 4673/8810 [00:02<00:02, 1824.45it/s]
 55%|█████▌    | 4861/8810 [00:02<00:02, 1726.52it/s]
 57%|█████▋    | 5038/8810 [00:02<00:02, 1585.05it/s]
 59%|█████▉    | 5239/8810 [00:02<00:02, 1693.25it/s]
 61%|██████▏   | 5414/8810 [00:03<00:02, 1632.48it/s]
 64%|██████▍   | 5632/8810 [00:03<00:01, 1778.21it/s]
 66%|██████▌   | 5814/8810 [00:03<00:01, 1664.15it/s]
 68%|██████▊   | 5985/8810 [00:03<00:01, 1549.81it/s]
 70%|██████▉   | 6144/8810 [00:03<00:01, 1452.63it/s]
 72%|███████▏  | 6351/8810 [00:03<00:01, 1611.26it/s]
 74%|███████▍  | 6517/8810 [00:03<00:01, 1549.13it/s]
 77%|███████▋  | 6781/8810 [00:03<00:01, 1839.97it/s]
 79%|███████▉  | 6972/8810 [00:04<00:01, 1781.81it/s]
 82%|████████▏ | 7182/8810 [00:04<00:00, 1865.66it/s]
 84%|████████▎ | 7373/8810 [00:04<00:00, 1785.07it/s]
 86%|████████▌ | 7555/8810 [00:04<00:00, 1764.77it/s]
 88%|████████▊ | 7734/8810 [00:04<00:00, 1721.77it/s]
 90%|█████████ | 7937/8810 [00:04<00:00, 1806.99it/s]
 92%|█████████▏| 8120/8810 [00:04<00:00, 1603.20it/s]
 94%|█████████▍| 8302/8810 [00:04<00:00, 1658.35it/s]
 96%|█████████▌| 8472/8810 [00:04<00:00, 1435.41it/s]
 98%|█████████▊| 8651/8810 [00:05<00:00, 1521.83it/s]
100%|██████████| 8810/8810 [00:05<00:00, 1471.72it/s]
100%|██████████| 8810/8810 [00:05<00:00, 1695.63it/s]
