
  0%|          | 0/8810 [00:00<?, ?it/s]
  2%|▏         | 181/8810 [00:00<00:05, 1638.09it/s]
  5%|▍         | 435/8810 [00:00<00:03, 2143.85it/s]
  7%|▋         | 656/8810 [00:00<00:03, 2143.53it/s]
 10%|█         | 902/8810 [00:00<00:03, 2264.89it/s]
 13%|█▎        | 1130/8810 [00:00<00:03, 2204.22it/s]
 16%|█▌        | 1369/8810 [00:00<00:03, 2263.16it/s]
 18%|█▊        | 1597/8810 [00:00<00:03, 2146.93it/s]
 21%|██        | 1821/8810 [00:00<00:03, 2157.49it/s]
 23%|██▎       | 2066/8810 [00:00<00:03, 2245.10it/s]
 26%|██▌       | 2292/8810 [00:01<00:03, 2119.60it/s]
 30%|██▉       | 2623/8810 [00:01<00:02, 2460.81it/s]
 33%|███▎      | 2873/8810 [00:01<00:02, 2346.76it/s]
 35%|███▌      | 3111/8810 [00:01<00:02, 2153.67it/s]
 38%|███▊      | 3331/8810 [00:01<00:02, 2163.59it/s]
 40%|████      | 3551/8810 [00:01<00:02, 2073.79it/s]
 43%|████▎     | 3774/8810 [00:01<00:02, 2066.16it/s]
 46%|████▌     | 4070/8810 [00:01<00:02, 2312.72it/s]
 49%|████▉     | 4305/8810 [00:01<00:01, 2262.76it/s]
 52%|█████▏    | 4542/8810 [00:02<00:01, 2287.80it/s]
 54%|█████▍    | 4773/8810 [00:02<00:01, 2105.22it/s]
 57%|█████▋    | 4988/8810 [00:02<00:01, 1994.20it/s]
 60%|█████▉    | 5253/8810 [00:02<00:01, 2170.10it/s]
 62%|██████▏   | 5475/8810 [00:02<00:01, 2080.58it/s]
 65%|██████▌   | 5754/8810 [00:02<00:01, 2107.58it/s]
 68%|██████▊   | 5967/8810 [00:02<00:01, 2038.35it/s]
 70%|███████   | 6173/8810 [00:02<00:01, 1927.79it/s]
 72%|███████▏  | 6384/8810 [00:02<00:01, 1973.49it/s]
 75%|███████▍  | 6583/8810 [00:03<00:01, 1843.39it/s]
 78%|███████▊  | 6885/8810 [00:03<00:00, 2156.04it/s]
 81%|████████  | 7106/8810 [00:03<00:00, 1974.19it/s]
 83%|████████▎ | 7351/8810 [00:03<00:00, 2092.77it/s]
 86%|████████▌ | 7566/8810 [00:03<00:00, 1872.98it/s]
 88%|████████▊ | 7761/8810 [00:03<00:00, 1839.93it/s]
 91%|█████████ | 7985/8810 [00:03<00:00, 1941.33it/s]
 93%|█████████▎| 8184/8810 [00:03<00:00, 1788.97it/s]
 95%|█████████▍| 8368/8810 [00:04<00:00, 1770.85it/s]
 98%|█████████▊| 8631/8810 [00:04<00:00, 2002.23it/s]
100%|██████████| 8810/8810 [00:04<00:00, 2055.05it/s]
