
  0%|          | 0/8810 [00:00<?, ?it/s]
  2%|▏         | 181/8810 [00:00<00:05, 1677.97it/s]
  5%|▌         | 453/8810 [00:00<00:03, 2268.79it/s]
  8%|▊         | 682/8810 [00:00<00:03, 2212.52it/s]
 10%|█         | 906/8810 [00:00<00:03, 2212.91it/s]
 13%|█▎        | 1128/8810 [00:00<00:03, 2031.83it/s]
 16%|█▌        | 1400/8810 [00:00<00:03, 2244.13it/s]
 18%|█▊        | 1628/8810 [00:00<00:03, 2133.37it/s]
 21%|██        | 1845/8810 [00:00<00:03, 2030.73it/s]
 24%|██▍       | 2136/8810 [00:00<00:02, 2277.56it/s]
 27%|██▋       | 2368/8810 [00:01<00:03, 2016.00it/s]
 30%|███       | 2668/8810 [00:01<00:02, 2272.29it/s]
 33%|███▎      | 2904/8810 [00:01<00:02, 2151.55it/s]
 35%|███▌      | 3126/8810 [00:01<00:02, 2070.94it/s]
 38%|███▊      | 3362/8810 [00:01<00:02, 2147.86it/s]
 41%|████      | 3581/8810 [00:01<00:02, 2043.11it/s]
 43%|████▎     | 3789/8810 [00:01<00:02, 2027.14it/s]
 46%|████▋     | 4083/8810 [00:01<00:02, 2278.36it/s]
 49%|████▉     | 4315/8810 [00:02<00:02, 2207.01it/s]
 52%|█████▏    | 4559/8810 [00:02<00:01, 2271.51it/s]
 54%|█████▍    | 4789/8810 [00:02<00:01, 2045.89it/s]
 57%|█████▋    | 4999/8810 [00:02<00:01, 1966.76it/s]
 60%|█████▉    | 5251/8810 [00:02<00:01, 2114.39it/s]
 62%|██████▏   | 5467/8810 [00:02<00:01, 1973.10it/s]
 65%|██████▌   | 5754/8810 [00:02<00:01, 2087.75it/s]
 68%|██████▊   | 5966/8810 [00:02<00:01, 2087.51it/s]
 70%|███████   | 6177/8810 [00:02<00:01, 1901.71it/s]
 73%|███████▎  | 6400/8810 [00:03<00:01, 1958.67it/s]
 76%|███████▌  | 6672/8810 [00:03<00:00, 2161.12it/s]
 79%|███████▊  | 6937/8810 [00:03<00:00, 2293.04it/s]
 81%|████████▏ | 7171/8810 [00:03<00:00, 2060.36it/s]
 84%|████████▍ | 7384/8810 [00:03<00:00, 1998.88it/s]
 86%|████████▌ | 7589/8810 [00:03<00:00, 1942.83it/s]
 88%|████████▊ | 7787/8810 [00:03<00:00, 1851.58it/s]
 91%|█████████ | 8011/8810 [00:03<00:00, 1955.11it/s]
 93%|█████████▎| 8210/8810 [00:04<00:00, 1701.77it/s]
 95%|█████████▌| 8388/8810 [00:04<00:00, 1599.77it/s]
 98%|█████████▊| 8619/8810 [00:04<00:00, 1776.00it/s]
100%|█████████▉| 8804/8810 [00:04<00:00, 1753.98it/s]
100%|██████████| 8810/8810 [00:04<00:00, 2024.38it/s]
