
  0%|          | 0/8810 [00:00<?, ?it/s]
  2%|▏         | 181/8810 [00:00<00:06, 1369.51it/s]
  5%|▍         | 408/8810 [00:00<00:04, 1834.54it/s]
  7%|▋         | 637/8810 [00:00<00:04, 2019.68it/s]
 10%|▉         | 844/8810 [00:00<00:04, 1698.63it/s]
 12%|█▏        | 1023/8810 [00:00<00:04, 1575.85it/s]
 14%|█▎        | 1200/8810 [00:00<00:04, 1631.57it/s]
 16%|█▌        | 1379/8810 [00:00<00:04, 1677.65it/s]
 18%|█▊        | 1551/8810 [00:00<00:04, 1542.43it/s]
 20%|█▉        | 1748/8810 [00:01<00:04, 1658.35it/s]
 22%|██▏       | 1919/8810 [00:01<00:04, 1462.70it/s]
 24%|██▍       | 2149/8810 [00:01<00:03, 1676.82it/s]
 26%|██▋       | 2325/8810 [00:01<00:04, 1551.47it/s]
 29%|██▊       | 2524/8810 [00:01<00:03, 1663.09it/s]
 31%|███       | 2744/8810 [00:01<00:03, 1647.13it/s]
 33%|███▎      | 2924/8810 [00:01<00:03, 1685.79it/s]
 35%|███▌      | 3097/8810 [00:01<00:03, 1583.49it/s]
 37%|███▋      | 3259/8810 [00:02<00:03, 1505.83it/s]
 39%|███▊      | 3412/8810 [00:02<00:03, 1441.65it/s]
 41%|████      | 3588/8810 [00:02<00:03, 1524.08it/s]
 43%|████▎     | 3774/8810 [00:02<00:03, 1522.60it/s]
 45%|████▍     | 3928/8810 [00:02<00:03, 1512.34it/s]
 47%|████▋     | 4153/8810 [00:02<00:02, 1712.78it/s]
 49%|████▉     | 4327/8810 [00:02<00:02, 1597.91it/s]
 51%|█████▏    | 4520/8810 [00:02<00:02, 1686.97it/s]
 53%|█████▎    | 4692/8810 [00:02<00:02, 1396.74it/s]
 55%|█████▌    | 4853/8810 [00:03<00:02, 1449.14it/s]
 57%|█████▋    | 5006/8810 [00:03<00:02, 1374.57it/s]
 59%|█████▉    | 5182/8810 [00:03<00:02, 1468.68it/s]
 61%|██████    | 5372/8810 [00:03<00:02, 1472.11it/s]
 63%|██████▎   | 5539/8810 [00:03<00:02, 1520.30it/s]
 65%|██████▌   | 5748/8810 [00:03<00:01, 1669.17it/s]
 67%|██████▋   | 5919/8810 [00:03<00:01, 1467.55it/s]
 69%|██████▉   | 6073/8810 [00:03<00:01, 1422.84it/s]
 71%|███████   | 6224/8810 [00:04<00:01, 1437.53it/s]
 73%|███████▎  | 6400/8810 [00:04<00:01, 1387.97it/s]
 75%|███████▍  | 6590/8810 [00:04<00:01, 1519.26it/s]
 77%|███████▋  | 6801/8810 [00:04<00:01, 1678.75it/s]
 79%|███████▉  | 6974/8810 [00:04<00:01, 1577.77it/s]
 81%|████████  | 7157/8810 [00:04<00:01, 1645.90it/s]
 83%|████████▎ | 7332/8810 [00:04<00:00, 1674.63it/s]
 85%|████████▌ | 7503/8810 [00:04<00:00, 1479.73it/s]
 87%|████████▋ | 7680/8810 [00:04<00:00, 1553.89it/s]
 89%|████████▉ | 7841/8810 [00:05<00:00, 1389.86it/s]
 91%|█████████ | 7987/8810 [00:05<00:00, 1396.69it/s]
 92%|█████████▏| 8131/8810 [00:05<00:00, 1256.94it/s]
 94%|█████████▍| 8309/8810 [00:05<00:00, 1386.30it/s]
 96%|█████████▌| 8454/8810 [00:05<00:00, 1305.12it/s]
 98%|█████████▊| 8631/8810 [00:05<00:00, 1424.11it/s]
100%|█████████▉| 8779/8810 [00:05<00:00, 1339.90it/s]
100%|██████████| 8810/8810 [00:05<00:00, 1523.70it/s]
