
  0%|          | 0/8810 [00:00<?, ?it/s]
  2%|▏         | 175/8810 [00:00<00:04, 1745.36it/s]
  4%|▍         | 350/8810 [00:00<00:05, 1474.76it/s]
  7%|▋         | 598/8810 [00:00<00:04, 1887.49it/s]
  9%|▉         | 793/8810 [00:00<00:04, 1609.07it/s]
 11%|█         | 967/8810 [00:00<00:04, 1646.66it/s]
 13%|█▎        | 1138/8810 [00:00<00:05, 1515.94it/s]
 15%|█▌        | 1328/8810 [00:00<00:04, 1625.08it/s]
 17%|█▋        | 1496/8810 [00:00<00:05, 1383.33it/s]
 19%|█▉        | 1652/8810 [00:01<00:05, 1426.23it/s]
 21%|██        | 1821/8810 [00:01<00:05, 1353.89it/s]
 23%|██▎       | 1991/8810 [00:01<00:04, 1442.45it/s]
 25%|██▌       | 2217/8810 [00:01<00:03, 1654.85it/s]
 27%|██▋       | 2389/8810 [00:01<00:04, 1521.77it/s]
 30%|██▉       | 2627/8810 [00:01<00:03, 1741.82it/s]
 32%|███▏      | 2809/8810 [00:01<00:03, 1602.99it/s]
 34%|███▍      | 3000/8810 [00:01<00:03, 1680.45it/s]
 36%|███▌      | 3174/8810 [00:02<00:03, 1534.21it/s]
 38%|███▊      | 3336/8810 [00:02<00:03, 1554.63it/s]
 40%|███▉      | 3496/8810 [00:02<00:03, 1446.99it/s]
 42%|████▏     | 3712/8810 [00:02<00:03, 1632.56it/s]
 44%|████▍     | 3881/8810 [00:02<00:03, 1496.74it/s]
 47%|████▋     | 4120/8810 [00:02<00:02, 1729.87it/s]
 49%|████▉     | 4301/8810 [00:02<00:02, 1600.01it/s]
 51%|█████     | 4507/8810 [00:02<00:02, 1715.02it/s]
 53%|█████▎    | 4685/8810 [00:02<00:02, 1525.97it/s]
 55%|█████▌    | 4853/8810 [00:03<00:02, 1556.27it/s]
 57%|█████▋    | 5015/8810 [00:03<00:02, 1366.05it/s]
 59%|█████▉    | 5181/8810 [00:03<00:02, 1433.74it/s]
 61%|██████    | 5372/8810 [00:03<00:02, 1446.38it/s]
 63%|██████▎   | 5552/8810 [00:03<00:02, 1535.55it/s]
 65%|██████▌   | 5754/8810 [00:03<00:02, 1499.28it/s]
 67%|██████▋   | 5908/8810 [00:03<00:01, 1491.93it/s]
 69%|██████▉   | 6060/8810 [00:03<00:01, 1408.53it/s]
 71%|███████   | 6241/8810 [00:04<00:01, 1512.79it/s]
 73%|███████▎  | 6400/8810 [00:04<00:01, 1441.19it/s]
 75%|███████▌  | 6608/8810 [00:04<00:01, 1612.45it/s]
 78%|███████▊  | 6828/8810 [00:04<00:01, 1774.26it/s]
 80%|███████▉  | 7010/8810 [00:04<00:01, 1688.72it/s]
 82%|████████▏ | 7183/8810 [00:04<00:00, 1662.67it/s]
 84%|████████▎ | 7360/8810 [00:04<00:00, 1602.13it/s]
 86%|████████▌ | 7533/8810 [00:04<00:00, 1634.35it/s]
 88%|████████▊ | 7715/8810 [00:04<00:00, 1589.11it/s]
 89%|████████▉ | 7877/8810 [00:05<00:00, 1593.87it/s]
 91%|█████████ | 8038/8810 [00:05<00:00, 1408.89it/s]
 93%|█████████▎| 8215/8810 [00:05<00:00, 1497.66it/s]
 95%|█████████▍| 8369/8810 [00:05<00:00, 1330.14it/s]
 97%|█████████▋| 8544/8810 [00:05<00:00, 1432.00it/s]
 99%|█████████▉| 8702/8810 [00:05<00:00, 1392.24it/s]
100%|██████████| 8810/8810 [00:05<00:00, 1541.36it/s]
