
  0%|          | 0/8810 [00:00<?, ?it/s]
  2%|▏         | 181/8810 [00:00<00:06, 1257.55it/s]
  4%|▍         | 344/8810 [00:00<00:05, 1437.23it/s]
  6%|▌         | 491/8810 [00:00<00:06, 1369.38it/s]
  7%|▋         | 656/8810 [00:00<00:05, 1366.11it/s]
  9%|▉         | 831/8810 [00:00<00:05, 1487.90it/s]
 11%|█▏        | 996/8810 [00:00<00:05, 1403.97it/s]
 14%|█▎        | 1200/8810 [00:00<00:04, 1588.86it/s]
 16%|█▌        | 1415/8810 [00:00<00:04, 1747.01it/s]
 18%|█▊        | 1594/8810 [00:01<00:04, 1589.39it/s]
 21%|██        | 1821/8810 [00:01<00:04, 1563.09it/s]
 22%|██▏       | 1981/8810 [00:01<00:04, 1527.11it/s]
 25%|██▌       | 2219/8810 [00:01<00:03, 1741.38it/s]
 27%|██▋       | 2398/8810 [00:01<00:03, 1628.35it/s]
 30%|███       | 2654/8810 [00:01<00:03, 1871.59it/s]
 32%|███▏      | 2848/8810 [00:01<00:03, 1702.07it/s]
 35%|███▍      | 3051/8810 [00:01<00:03, 1785.11it/s]
 37%|███▋      | 3236/8810 [00:02<00:03, 1621.68it/s]
 39%|███▊      | 3410/8810 [00:02<00:03, 1498.47it/s]
 41%|████      | 3622/8810 [00:02<00:03, 1650.69it/s]
 43%|████▎     | 3794/8810 [00:02<00:03, 1591.22it/s]
 45%|████▌     | 3969/8810 [00:02<00:02, 1631.55it/s]
 47%|████▋     | 4180/8810 [00:02<00:02, 1671.72it/s]
 50%|█████     | 4415/8810 [00:02<00:02, 1854.09it/s]
 52%|█████▏    | 4605/8810 [00:02<00:02, 1736.13it/s]
 54%|█████▍    | 4783/8810 [00:03<00:02, 1406.66it/s]
 56%|█████▌    | 4936/8810 [00:03<00:03, 1288.56it/s]
 58%|█████▊    | 5107/8810 [00:03<00:02, 1384.74it/s]
 60%|██████    | 5314/8810 [00:03<00:02, 1552.50it/s]
 62%|██████▏   | 5479/8810 [00:03<00:02, 1446.45it/s]
 65%|██████▍   | 5693/8810 [00:03<00:01, 1620.63it/s]
 67%|██████▋   | 5864/8810 [00:03<00:01, 1503.04it/s]
 68%|██████▊   | 6022/8810 [00:03<00:01, 1440.08it/s]
 70%|███████   | 6171/8810 [00:03<00:01, 1378.66it/s]
 72%|███████▏  | 6351/8810 [00:04<00:01, 1483.50it/s]
 74%|███████▍  | 6504/8810 [00:04<00:01, 1292.98it/s]
 76%|███████▌  | 6713/8810 [00:04<00:01, 1490.39it/s]
 79%|███████▉  | 6949/8810 [00:04<00:01, 1714.22it/s]
 81%|████████  | 7130/8810 [00:04<00:01, 1544.12it/s]
 83%|████████▎ | 7313/8810 [00:04<00:00, 1613.96it/s]
 85%|████████▍ | 7482/8810 [00:04<00:00, 1503.16it/s]
 87%|████████▋ | 7669/8810 [00:04<00:00, 1594.50it/s]
 89%|████████▉ | 7834/8810 [00:05<00:00, 1494.36it/s]
 91%|█████████ | 8036/8810 [00:05<00:00, 1619.71it/s]
 93%|█████████▎| 8203/8810 [00:05<00:00, 1503.94it/s]
 95%|█████████▍| 8361/8810 [00:05<00:00, 1449.82it/s]
 97%|█████████▋| 8549/8810 [00:05<00:00, 1560.80it/s]
 99%|█████████▉| 8709/8810 [00:05<00:00, 1338.92it/s]
100%|██████████| 8810/8810 [00:05<00:00, 1537.61it/s]
