
  0%|          | 0/8810 [00:00<?, ?it/s]
  4%|▍         | 345/8810 [00:00<00:02, 3442.70it/s]
  8%|▊         | 705/8810 [00:00<00:02, 3529.77it/s]
 12%|█▏        | 1065/8810 [00:00<00:02, 3559.71it/s]
 17%|█▋        | 1457/8810 [00:00<00:02, 3536.26it/s]
 21%|██        | 1821/8810 [00:00<00:02, 3485.81it/s]
 25%|██▌       | 2222/8810 [00:00<00:01, 3653.23it/s]
 29%|██▉       | 2592/8810 [00:00<00:01, 3659.90it/s]
 34%|███▎      | 2959/8810 [00:00<00:01, 3541.06it/s]
 38%|███▊      | 3315/8810 [00:00<00:01, 3452.97it/s]
 42%|████▏     | 3662/8810 [00:01<00:01, 3443.60it/s]
 45%|████▌     | 4007/8810 [00:01<00:01, 3425.74it/s]
 50%|████▉     | 4396/8810 [00:01<00:01, 3560.55it/s]
 54%|█████▍    | 4753/8810 [00:01<00:01, 3375.41it/s]
 58%|█████▊    | 5093/8810 [00:01<00:01, 3299.50it/s]
 62%|██████▏   | 5425/8810 [00:01<00:01, 3273.75it/s]
 66%|██████▌   | 5780/8810 [00:01<00:00, 3349.08it/s]
 69%|██████▉   | 6116/8810 [00:01<00:00, 3241.32it/s]
 73%|███████▎  | 6446/8810 [00:01<00:00, 3253.64it/s]
 78%|███████▊  | 6904/8810 [00:01<00:00, 3631.96it/s]
 83%|████████▎ | 7269/8810 [00:02<00:00, 3419.44it/s]
 86%|████████▋ | 7615/8810 [00:02<00:00, 3280.63it/s]
 90%|█████████ | 7947/8810 [00:02<00:00, 3161.10it/s]
 94%|█████████▍| 8266/8810 [00:02<00:00, 2959.40it/s]
 97%|█████████▋| 8566/8810 [00:02<00:00, 2930.95it/s]
100%|██████████| 8810/8810 [00:02<00:00, 3315.09it/s]
