
  0%|          | 0/8810 [00:00<?, ?it/s]
  2%|▏         | 181/8810 [00:00<00:05, 1624.93it/s]
  5%|▍         | 421/8810 [00:00<00:04, 2044.35it/s]
  7%|▋         | 637/8810 [00:00<00:03, 2092.19it/s]
 10%|▉         | 848/8810 [00:00<00:04, 1743.67it/s]
 12%|█▏        | 1030/8810 [00:00<00:04, 1672.45it/s]
 14%|█▍        | 1216/8810 [00:00<00:04, 1726.59it/s]
 16%|█▌        | 1393/8810 [00:00<00:04, 1650.66it/s]
 18%|█▊        | 1561/8810 [00:00<00:04, 1484.67it/s]
 20%|█▉        | 1747/8810 [00:01<00:04, 1583.69it/s]
 22%|██▏       | 1910/8810 [00:01<00:04, 1448.77it/s]
 24%|██▍       | 2118/8810 [00:01<00:04, 1614.12it/s]
 26%|██▌       | 2285/8810 [00:01<00:04, 1361.18it/s]
 28%|██▊       | 2493/8810 [00:01<00:04, 1538.25it/s]
 30%|███       | 2677/8810 [00:01<00:03, 1612.84it/s]
 32%|███▏      | 2847/8810 [00:01<00:04, 1437.15it/s]
 34%|███▍      | 3031/8810 [00:01<00:03, 1538.34it/s]
 36%|███▌      | 3193/8810 [00:02<00:03, 1457.76it/s]
 38%|███▊      | 3374/8810 [00:02<00:03, 1547.52it/s]
 40%|████      | 3535/8810 [00:02<00:03, 1436.33it/s]
 42%|████▏     | 3726/8810 [00:02<00:03, 1553.89it/s]
 44%|████▍     | 3887/8810 [00:02<00:03, 1440.78it/s]
 46%|████▋     | 4090/8810 [00:02<00:02, 1592.03it/s]
 48%|████▊     | 4255/8810 [00:02<00:02, 1540.45it/s]
 51%|█████     | 4471/8810 [00:02<00:02, 1706.22it/s]
 53%|█████▎    | 4646/8810 [00:02<00:02, 1474.83it/s]
 55%|█████▍    | 4802/8810 [00:03<00:02, 1472.53it/s]
 56%|█████▌    | 4955/8810 [00:03<00:02, 1346.64it/s]
 58%|█████▊    | 5140/8810 [00:03<00:02, 1472.90it/s]
 60%|██████    | 5310/8810 [00:03<00:02, 1532.12it/s]
 62%|██████▏   | 5468/8810 [00:03<00:02, 1380.01it/s]
 64%|██████▍   | 5634/8810 [00:03<00:02, 1445.48it/s]
 66%|██████▌   | 5784/8810 [00:03<00:02, 1261.81it/s]
 67%|██████▋   | 5918/8810 [00:03<00:02, 1211.67it/s]
 69%|██████▊   | 6044/8810 [00:04<00:02, 1185.32it/s]
 71%|███████   | 6230/8810 [00:04<00:01, 1356.72it/s]
 73%|███████▎  | 6400/8810 [00:04<00:01, 1316.25it/s]
 75%|███████▍  | 6572/8810 [00:04<00:01, 1416.37it/s]
 77%|███████▋  | 6782/8810 [00:04<00:01, 1600.40it/s]
 79%|███████▉  | 6972/8810 [00:04<00:01, 1558.88it/s]
 81%|████████  | 7144/8810 [00:04<00:01, 1600.00it/s]
 83%|████████▎ | 7314/8810 [00:04<00:00, 1623.35it/s]
 85%|████████▍ | 7479/8810 [00:04<00:00, 1476.25it/s]
 87%|████████▋ | 7664/8810 [00:05<00:00, 1574.17it/s]
 89%|████████▉ | 7826/8810 [00:05<00:00, 1376.56it/s]
 91%|█████████ | 7997/8810 [00:05<00:00, 1460.65it/s]
 93%|█████████▎| 8150/8810 [00:05<00:00, 1355.74it/s]
 94%|█████████▍| 8314/8810 [00:05<00:00, 1427.55it/s]
 96%|█████████▌| 8462/8810 [00:05<00:00, 1253.45it/s]
 98%|█████████▊| 8605/8810 [00:05<00:00, 1290.05it/s]
 99%|█████████▉| 8740/8810 [00:05<00:00, 1157.39it/s]
100%|██████████| 8810/8810 [00:06<00:00, 1466.59it/s]
