
  0%|          | 0/8810 [00:00<?, ?it/s]
  2%|▏         | 181/8810 [00:00<00:06, 1358.87it/s]
  5%|▍         | 421/8810 [00:00<00:04, 1896.61it/s]
  7%|▋         | 647/8810 [00:00<00:03, 2049.76it/s]
 10%|▉         | 858/8810 [00:00<00:04, 1715.83it/s]
 12%|█▏        | 1039/8810 [00:00<00:04, 1556.08it/s]
 14%|█▍        | 1220/8810 [00:00<00:04, 1627.70it/s]
 16%|█▌        | 1397/8810 [00:00<00:04, 1663.86it/s]
 18%|█▊        | 1568/8810 [00:00<00:05, 1429.96it/s]
 20%|██        | 1782/8810 [00:01<00:04, 1612.55it/s]
 22%|██▏       | 1952/8810 [00:01<00:04, 1497.73it/s]
 24%|██▍       | 2157/8810 [00:01<00:04, 1638.73it/s]
 26%|██▋       | 2328/8810 [00:01<00:04, 1491.11it/s]
 29%|██▉       | 2533/8810 [00:01<00:03, 1632.82it/s]
 31%|███       | 2744/8810 [00:01<00:03, 1632.59it/s]
 33%|███▎      | 2916/8810 [00:01<00:03, 1653.71it/s]
 35%|███▌      | 3086/8810 [00:01<00:03, 1531.89it/s]
 37%|███▋      | 3243/8810 [00:02<00:03, 1538.48it/s]
 39%|███▊      | 3410/8810 [00:02<00:03, 1471.41it/s]
 41%|████      | 3619/8810 [00:02<00:03, 1631.68it/s]
 43%|████▎     | 3786/8810 [00:02<00:03, 1488.22it/s]
 45%|████▌     | 3986/8810 [00:02<00:02, 1619.51it/s]
 47%|████▋     | 4180/8810 [00:02<00:02, 1561.88it/s]
 50%|████▉     | 4389/8810 [00:02<00:02, 1698.80it/s]
 52%|█████▏    | 4564/8810 [00:02<00:02, 1564.13it/s]
 54%|█████▎    | 4726/8810 [00:03<00:02, 1394.15it/s]
 55%|█████▌    | 4885/8810 [00:03<00:02, 1442.20it/s]
 57%|█████▋    | 5035/8810 [00:03<00:02, 1359.65it/s]
 59%|█████▉    | 5220/8810 [00:03<00:02, 1483.79it/s]
 61%|██████    | 5373/8810 [00:03<00:02, 1397.09it/s]
 63%|██████▎   | 5549/8810 [00:03<00:02, 1492.26it/s]
 65%|██████▌   | 5754/8810 [00:03<00:02, 1507.86it/s]
 67%|██████▋   | 5908/8810 [00:03<00:01, 1483.15it/s]
 69%|██████▉   | 6058/8810 [00:03<00:01, 1416.28it/s]
 71%|███████   | 6250/8810 [00:04<00:01, 1550.65it/s]
 73%|███████▎  | 6408/8810 [00:04<00:01, 1484.81it/s]
 75%|███████▌  | 6621/8810 [00:04<00:01, 1657.71it/s]
 77%|███████▋  | 6825/8810 [00:04<00:01, 1764.59it/s]
 80%|███████▉  | 7005/8810 [00:04<00:01, 1634.87it/s]
 81%|████████▏ | 7173/8810 [00:04<00:01, 1591.48it/s]
 84%|████████▎ | 7360/8810 [00:04<00:00, 1562.08it/s]
 85%|████████▌ | 7519/8810 [00:04<00:00, 1546.86it/s]
 87%|████████▋ | 7703/8810 [00:04<00:00, 1626.60it/s]
 89%|████████▉ | 7868/8810 [00:05<00:00, 1375.44it/s]
 91%|█████████ | 8031/8810 [00:05<00:00, 1435.95it/s]
 93%|█████████▎| 8181/8810 [00:05<00:00, 1371.95it/s]
 95%|█████████▍| 8354/8810 [00:05<00:00, 1461.42it/s]
 97%|█████████▋| 8505/8810 [00:05<00:00, 1315.24it/s]
 99%|█████████▊| 8687/8810 [00:05<00:00, 1443.47it/s]
100%|██████████| 8810/8810 [00:05<00:00, 1531.69it/s]
