
  0%|          | 0/8810 [00:00<?, ?it/s]
  2%|▏         | 199/8810 [00:00<00:04, 1976.85it/s]
  6%|▌         | 485/8810 [00:00<00:03, 2485.78it/s]
  8%|▊         | 734/8810 [00:00<00:03, 2291.16it/s]
 11%|█▏        | 996/8810 [00:00<00:03, 2179.54it/s]
 15%|█▍        | 1289/8810 [00:00<00:03, 2420.41it/s]
 17%|█▋        | 1535/8810 [00:00<00:03, 2264.57it/s]
 21%|██        | 1813/8810 [00:00<00:02, 2412.09it/s]
 23%|██▎       | 2059/8810 [00:00<00:03, 2241.33it/s]
 26%|██▌       | 2288/8810 [00:01<00:03, 2123.15it/s]
 30%|██▉       | 2619/8810 [00:01<00:02, 2442.96it/s]
 33%|███▎      | 2870/8810 [00:01<00:02, 2288.40it/s]
 35%|███▌      | 3105/8810 [00:01<00:02, 2075.82it/s]
 38%|███▊      | 3319/8810 [00:01<00:02, 2069.96it/s]
 40%|████      | 3531/8810 [00:01<00:02, 1930.81it/s]
 43%|████▎     | 3774/8810 [00:01<00:02, 1929.52it/s]
 46%|████▌     | 4066/8810 [00:01<00:02, 2184.38it/s]
 49%|████▊     | 4291/8810 [00:01<00:02, 2139.94it/s]
 52%|█████▏    | 4566/8810 [00:02<00:01, 2302.58it/s]
 54%|█████▍    | 4801/8810 [00:02<00:01, 2058.93it/s]
 57%|█████▋    | 5014/8810 [00:02<00:01, 1975.10it/s]
 60%|█████▉    | 5269/8810 [00:02<00:01, 2123.43it/s]
 62%|██████▏   | 5487/8810 [00:02<00:01, 2025.05it/s]
 65%|██████▌   | 5754/8810 [00:02<00:01, 2094.79it/s]
 68%|██████▊   | 5967/8810 [00:02<00:01, 2065.50it/s]
 70%|███████   | 6176/8810 [00:02<00:01, 1961.20it/s]
 73%|███████▎  | 6400/8810 [00:03<00:01, 1888.54it/s]
 76%|███████▋  | 6725/8810 [00:03<00:00, 2241.63it/s]
 79%|███████▉  | 6972/8810 [00:03<00:00, 2166.32it/s]
 82%|████████▏ | 7205/8810 [00:03<00:00, 2207.63it/s]
 84%|████████▍ | 7430/8810 [00:03<00:00, 2165.12it/s]
 87%|████████▋ | 7650/8810 [00:03<00:00, 2174.05it/s]
 89%|████████▉ | 7870/8810 [00:03<00:00, 1934.26it/s]
 92%|█████████▏| 8069/8810 [00:03<00:00, 1807.37it/s]
 94%|█████████▍| 8318/8810 [00:03<00:00, 1983.58it/s]
 97%|█████████▋| 8523/8810 [00:04<00:00, 1934.26it/s]
 99%|█████████▉| 8721/8810 [00:04<00:00, 1906.30it/s]
100%|██████████| 8810/8810 [00:04<00:00, 2106.68it/s]
