
  0%|          | 0/8810 [00:00<?, ?it/s]
  3%|▎         | 263/8810 [00:00<00:03, 2627.85it/s]
  7%|▋         | 595/8810 [00:00<00:02, 3031.08it/s]
 10%|█         | 899/8810 [00:00<00:03, 2487.60it/s]
 13%|█▎        | 1158/8810 [00:00<00:03, 2481.17it/s]
 16%|█▋        | 1451/8810 [00:00<00:02, 2626.67it/s]
 20%|█▉        | 1719/8810 [00:00<00:02, 2438.08it/s]
 22%|██▏       | 1968/8810 [00:00<00:03, 2280.06it/s]
 26%|██▌       | 2263/8810 [00:00<00:02, 2400.75it/s]
 30%|███       | 2655/8810 [00:01<00:02, 2827.37it/s]
 33%|███▎      | 2945/8810 [00:01<00:02, 2538.67it/s]
 36%|███▋      | 3209/8810 [00:01<00:02, 2356.48it/s]
 39%|███▉      | 3453/8810 [00:01<00:02, 2377.37it/s]
 43%|████▎     | 3767/8810 [00:01<00:01, 2581.12it/s]
 46%|████▌     | 4032/8810 [00:01<00:01, 2583.77it/s]
 49%|████▉     | 4317/8810 [00:01<00:01, 2658.72it/s]
 52%|█████▏    | 4625/8810 [00:01<00:01, 2593.71it/s]
 55%|█████▌    | 4888/8810 [00:01<00:01, 2590.78it/s]
 58%|█████▊    | 5150/8810 [00:02<00:01, 2500.14it/s]
 61%|██████▏   | 5402/8810 [00:02<00:01, 2431.02it/s]
 65%|██████▌   | 5754/8810 [00:02<00:01, 2538.80it/s]
 68%|██████▊   | 6016/8810 [00:02<00:01, 2558.59it/s]
 71%|███████   | 6272/8810 [00:02<00:01, 2519.20it/s]
 74%|███████▍  | 6524/8810 [00:02<00:00, 2459.58it/s]
 79%|███████▊  | 6933/8810 [00:02<00:00, 2918.87it/s]
 82%|████████▏ | 7228/8810 [00:02<00:00, 2637.52it/s]
 85%|████████▌ | 7499/8810 [00:02<00:00, 2478.12it/s]
 88%|████████▊ | 7753/8810 [00:03<00:00, 2325.85it/s]
 91%|█████████ | 8031/8810 [00:03<00:00, 2442.48it/s]
 94%|█████████▍| 8281/8810 [00:03<00:00, 2257.18it/s]
 97%|█████████▋| 8512/8810 [00:03<00:00, 2193.42it/s]
 99%|█████████▉| 8735/8810 [00:03<00:00, 2194.93it/s]
100%|██████████| 8810/8810 [00:03<00:00, 2482.61it/s]
