
  0%|          | 0/8810 [00:00<?, ?it/s]
  2%|▏         | 189/8810 [00:00<00:04, 1887.27it/s]
  6%|▌         | 522/8810 [00:00<00:03, 2733.26it/s]
  9%|▉         | 796/8810 [00:00<00:03, 2479.40it/s]
 12%|█▏        | 1047/8810 [00:00<00:03, 2221.41it/s]
 15%|█▌        | 1341/8810 [00:00<00:03, 2442.61it/s]
 18%|█▊        | 1591/8810 [00:00<00:03, 2062.19it/s]
 21%|██        | 1835/8810 [00:00<00:03, 2165.10it/s]
 24%|██▍       | 2150/8810 [00:00<00:02, 2439.73it/s]
 27%|██▋       | 2405/8810 [00:01<00:02, 2381.65it/s]
 31%|███       | 2744/8810 [00:01<00:02, 2512.84it/s]
 34%|███▍      | 3000/8810 [00:01<00:02, 2473.34it/s]
 37%|███▋      | 3251/8810 [00:01<00:02, 2407.86it/s]
 40%|███▉      | 3500/8810 [00:01<00:02, 2429.55it/s]
 43%|████▎     | 3774/8810 [00:01<00:02, 2506.00it/s]
 46%|████▌     | 4047/8810 [00:01<00:01, 2565.47it/s]
 49%|████▉     | 4305/8810 [00:01<00:01, 2370.74it/s]
 52%|█████▏    | 4575/8810 [00:01<00:01, 2456.24it/s]
 55%|█████▍    | 4824/8810 [00:02<00:01, 2409.66it/s]
 58%|█████▊    | 5068/8810 [00:02<00:01, 2281.76it/s]
 61%|██████    | 5372/8810 [00:02<00:01, 2361.69it/s]
 64%|██████▍   | 5671/8810 [00:02<00:01, 2524.86it/s]
 67%|██████▋   | 5926/8810 [00:02<00:01, 2343.24it/s]
 70%|██████▉   | 6164/8810 [00:02<00:01, 2322.02it/s]
 73%|███████▎  | 6400/8810 [00:02<00:01, 2296.68it/s]
 75%|███████▌  | 6644/8810 [00:02<00:00, 2336.67it/s]
 79%|███████▉  | 6972/8810 [00:02<00:00, 2419.01it/s]
 82%|████████▏ | 7214/8810 [00:03<00:00, 2370.56it/s]
 85%|████████▍ | 7457/8810 [00:03<00:00, 2386.32it/s]
 88%|████████▊ | 7715/8810 [00:03<00:00, 2328.33it/s]
 91%|█████████ | 7985/8810 [00:03<00:00, 2429.87it/s]
 93%|█████████▎| 8229/8810 [00:03<00:00, 2211.58it/s]
 96%|█████████▌| 8454/8810 [00:03<00:00, 2200.38it/s]
 99%|█████████▉| 8702/8810 [00:03<00:00, 2225.71it/s]
100%|██████████| 8810/8810 [00:03<00:00, 2362.91it/s]
