
  0%|          | 0/8810 [00:00<?, ?it/s]
  2%|▏         | 181/8810 [00:00<00:05, 1716.90it/s]
  5%|▍         | 426/8810 [00:00<00:03, 2133.62it/s]
  7%|▋         | 656/8810 [00:00<00:04, 2027.89it/s]
 10%|▉         | 872/8810 [00:00<00:03, 2072.74it/s]
 12%|█▏        | 1081/8810 [00:00<00:03, 1963.96it/s]
 15%|█▌        | 1332/8810 [00:00<00:03, 2136.66it/s]
 18%|█▊        | 1548/8810 [00:00<00:03, 1848.11it/s]
 20%|██        | 1771/8810 [00:00<00:03, 1951.30it/s]
 22%|██▏       | 1973/8810 [00:01<00:03, 1745.01it/s]
 25%|██▌       | 2219/8810 [00:01<00:03, 1923.81it/s]
 27%|██▋       | 2420/8810 [00:01<00:03, 1790.55it/s]
 31%|███       | 2719/8810 [00:01<00:02, 2106.46it/s]
 33%|███▎      | 2939/8810 [00:01<00:02, 2000.08it/s]
 36%|███▌      | 3146/8810 [00:01<00:02, 2008.10it/s]
 38%|███▊      | 3381/8810 [00:01<00:02, 2102.26it/s]
 41%|████      | 3596/8810 [00:01<00:02, 2042.85it/s]
 43%|████▎     | 3804/8810 [00:01<00:02, 1985.14it/s]
 46%|████▌     | 4055/8810 [00:02<00:02, 2130.82it/s]
 48%|████▊     | 4271/8810 [00:02<00:02, 2039.56it/s]
 52%|█████▏    | 4555/8810 [00:02<00:01, 2259.85it/s]
 54%|█████▍    | 4785/8810 [00:02<00:01, 2100.25it/s]
 57%|█████▋    | 5000/8810 [00:02<00:01, 1973.21it/s]
 60%|█████▉    | 5250/8810 [00:02<00:01, 2110.15it/s]
 62%|██████▏   | 5466/8810 [00:02<00:01, 2043.79it/s]
 65%|██████▌   | 5754/8810 [00:02<00:01, 2119.54it/s]
 68%|██████▊   | 5968/8810 [00:02<00:01, 2012.64it/s]
 70%|███████   | 6171/8810 [00:03<00:01, 1772.84it/s]
 73%|███████▎  | 6400/8810 [00:03<00:01, 1777.86it/s]
 76%|███████▌  | 6700/8810 [00:03<00:01, 2081.65it/s]
 79%|███████▉  | 6972/8810 [00:03<00:00, 2133.59it/s]
 82%|████████▏ | 7214/8810 [00:03<00:00, 2206.05it/s]
 84%|████████▍ | 7440/8810 [00:03<00:00, 2196.50it/s]
 87%|████████▋ | 7664/8810 [00:03<00:00, 2183.81it/s]
 90%|████████▉ | 7885/8810 [00:03<00:00, 2048.53it/s]
 92%|█████████▏| 8093/8810 [00:04<00:00, 1937.16it/s]
 94%|█████████▍| 8290/8810 [00:04<00:00, 1858.59it/s]
 96%|█████████▌| 8478/8810 [00:04<00:00, 1744.72it/s]
 99%|█████████▉| 8702/8810 [00:04<00:00, 1842.19it/s]
100%|██████████| 8810/8810 [00:04<00:00, 2000.19it/s]
