
  0%|          | 0/8810 [00:00<?, ?it/s]
  2%|▏         | 181/8810 [00:00<00:05, 1502.85it/s]
  5%|▍         | 411/8810 [00:00<00:04, 1915.06it/s]
  7%|▋         | 656/8810 [00:00<00:04, 1849.47it/s]
 10%|▉         | 852/8810 [00:00<00:04, 1887.29it/s]
 12%|█▏        | 1043/8810 [00:00<00:04, 1804.80it/s]
 14%|█▍        | 1247/8810 [00:00<00:04, 1874.14it/s]
 17%|█▋        | 1457/8810 [00:00<00:04, 1759.98it/s]
 19%|█▉        | 1661/8810 [00:00<00:03, 1838.62it/s]
 21%|██        | 1848/8810 [00:01<00:04, 1736.63it/s]
 23%|██▎       | 2066/8810 [00:01<00:03, 1850.51it/s]
 26%|██▌       | 2263/8810 [00:01<00:03, 1784.06it/s]
 28%|██▊       | 2501/8810 [00:01<00:03, 1946.06it/s]
 31%|███       | 2721/8810 [00:01<00:03, 2016.21it/s]
 33%|███▎      | 2926/8810 [00:01<00:03, 1727.08it/s]
 35%|███▌      | 3108/8810 [00:01<00:03, 1698.53it/s]
 38%|███▊      | 3312/8810 [00:01<00:03, 1785.27it/s]
 40%|███▉      | 3496/8810 [00:01<00:03, 1712.67it/s]
 42%|████▏     | 3726/8810 [00:02<00:02, 1870.70it/s]
 44%|████▍     | 3918/8810 [00:02<00:02, 1775.53it/s]
 47%|████▋     | 4166/8810 [00:02<00:02, 1967.24it/s]
 50%|████▉     | 4368/8810 [00:02<00:02, 1837.20it/s]
 52%|█████▏    | 4567/8810 [00:02<00:02, 1872.73it/s]
 54%|█████▍    | 4758/8810 [00:02<00:02, 1739.69it/s]
 56%|█████▌    | 4936/8810 [00:02<00:02, 1564.86it/s]
 58%|█████▊    | 5122/8810 [00:02<00:02, 1636.59it/s]
 61%|██████    | 5356/8810 [00:02<00:01, 1820.37it/s]
 63%|██████▎   | 5544/8810 [00:03<00:01, 1726.31it/s]
 65%|██████▌   | 5754/8810 [00:03<00:01, 1722.54it/s]
 67%|██████▋   | 5930/8810 [00:03<00:01, 1709.23it/s]
 69%|██████▉   | 6103/8810 [00:03<00:01, 1674.65it/s]
 72%|███████▏  | 6333/8810 [00:03<00:01, 1844.51it/s]
 74%|███████▍  | 6520/8810 [00:03<00:01, 1624.07it/s]
 77%|███████▋  | 6778/8810 [00:03<00:01, 1870.50it/s]
 79%|███████▉  | 6973/8810 [00:03<00:01, 1776.33it/s]
 81%|████████▏ | 7160/8810 [00:04<00:00, 1800.55it/s]
 84%|████████▎ | 7360/8810 [00:04<00:00, 1709.78it/s]
 86%|████████▌ | 7535/8810 [00:04<00:00, 1702.50it/s]
 88%|████████▊ | 7715/8810 [00:04<00:00, 1691.22it/s]
 90%|████████▉ | 7910/8810 [00:04<00:00, 1757.11it/s]
 92%|█████████▏| 8088/8810 [00:04<00:00, 1620.82it/s]
 94%|█████████▍| 8272/8810 [00:04<00:00, 1679.25it/s]
 96%|█████████▌| 8443/8810 [00:04<00:00, 1591.75it/s]
 98%|█████████▊| 8644/8810 [00:04<00:00, 1704.13it/s]
100%|██████████| 8810/8810 [00:05<00:00, 1753.81it/s]
