
  0%|          | 0/8810 [00:00<?, ?it/s]
  3%|▎         | 244/8810 [00:00<00:03, 2436.45it/s]
  7%|▋         | 652/8810 [00:00<00:02, 3392.73it/s]
 11%|█▏        | 992/8810 [00:00<00:02, 3021.24it/s]
 15%|█▍        | 1299/8810 [00:00<00:02, 2958.19it/s]
 18%|█▊        | 1598/8810 [00:00<00:02, 2802.39it/s]
 21%|██▏       | 1881/8810 [00:00<00:02, 2726.88it/s]
 25%|██▌       | 2218/8810 [00:00<00:02, 2909.76it/s]
 29%|██▊       | 2512/8810 [00:00<00:02, 2840.72it/s]
 32%|███▏      | 2798/8810 [00:00<00:02, 2708.64it/s]
 35%|███▍      | 3077/8810 [00:01<00:02, 2731.61it/s]
 38%|███▊      | 3374/8810 [00:01<00:01, 2796.47it/s]
 41%|████▏     | 3655/8810 [00:01<00:01, 2726.42it/s]
 45%|████▍     | 3929/8810 [00:01<00:01, 2725.88it/s]
 48%|████▊     | 4263/8810 [00:01<00:01, 2905.00it/s]
 52%|█████▏    | 4599/8810 [00:01<00:01, 3035.28it/s]
 56%|█████▌    | 4904/8810 [00:01<00:01, 2820.70it/s]
 59%|█████▉    | 5190/8810 [00:01<00:01, 2749.74it/s]
 62%|██████▏   | 5468/8810 [00:01<00:01, 2653.79it/s]
 65%|██████▌   | 5756/8810 [00:02<00:01, 2715.78it/s]
 69%|██████▊   | 6036/8810 [00:02<00:01, 2557.39it/s]
 73%|███████▎  | 6400/8810 [00:02<00:00, 2669.86it/s]
 77%|███████▋  | 6790/8810 [00:02<00:00, 2998.39it/s]
 81%|████████  | 7095/8810 [00:02<00:00, 2912.91it/s]
 84%|████████▍ | 7390/8810 [00:02<00:00, 2783.02it/s]
 88%|████████▊ | 7715/8810 [00:02<00:00, 2720.05it/s]
 91%|█████████ | 8002/8810 [00:02<00:00, 2754.82it/s]
 94%|█████████▍| 8280/8810 [00:02<00:00, 2512.19it/s]
 97%|█████████▋| 8536/8810 [00:03<00:00, 2516.60it/s]
100%|█████████▉| 8791/8810 [00:03<00:00, 2359.78it/s]
100%|██████████| 8810/8810 [00:03<00:00, 2728.68it/s]
