
  0%|          | 0/8810 [00:00<?, ?it/s]
  2%|▏         | 179/8810 [00:00<00:04, 1778.27it/s]
  4%|▍         | 357/8810 [00:00<00:05, 1568.29it/s]
  7%|▋         | 575/8810 [00:00<00:04, 1817.66it/s]
  9%|▊         | 760/8810 [00:00<00:05, 1562.94it/s]
 11%|█         | 935/8810 [00:00<00:04, 1621.61it/s]
 13%|█▎        | 1102/8810 [00:00<00:05, 1486.10it/s]
 14%|█▍        | 1277/8810 [00:00<00:04, 1561.58it/s]
 16%|█▋        | 1450/8810 [00:00<00:04, 1609.05it/s]
 18%|█▊        | 1614/8810 [00:01<00:05, 1439.11it/s]
 21%|██        | 1815/8810 [00:01<00:04, 1590.85it/s]
 22%|██▏       | 1980/8810 [00:01<00:04, 1413.33it/s]
 25%|██▍       | 2174/8810 [00:01<00:04, 1543.90it/s]
 27%|██▋       | 2336/8810 [00:01<00:04, 1430.55it/s]
 29%|██▉       | 2534/8810 [00:01<00:04, 1567.65it/s]
 31%|███       | 2744/8810 [00:01<00:03, 1556.62it/s]
 33%|███▎      | 2912/8810 [00:01<00:03, 1587.05it/s]
 35%|███▍      | 3075/8810 [00:01<00:03, 1488.45it/s]
 37%|███▋      | 3227/8810 [00:02<00:03, 1479.11it/s]
 39%|███▊      | 3396/8810 [00:02<00:03, 1533.31it/s]
 40%|████      | 3552/8810 [00:02<00:03, 1417.98it/s]
 43%|████▎     | 3759/8810 [00:02<00:03, 1590.53it/s]
 45%|████▍     | 3922/8810 [00:02<00:03, 1463.89it/s]
 47%|████▋     | 4156/8810 [00:02<00:02, 1693.05it/s]
 49%|████▉     | 4331/8810 [00:02<00:02, 1539.02it/s]
 51%|█████▏    | 4520/8810 [00:02<00:02, 1625.43it/s]
 53%|█████▎    | 4688/8810 [00:03<00:02, 1407.53it/s]
 55%|█████▌    | 4857/8810 [00:03<00:02, 1474.29it/s]
 57%|█████▋    | 5012/8810 [00:03<00:02, 1390.47it/s]
 59%|█████▉    | 5182/8810 [00:03<00:02, 1469.48it/s]
 61%|██████    | 5366/8810 [00:03<00:02, 1569.06it/s]
 63%|██████▎   | 5528/8810 [00:03<00:02, 1425.35it/s]
 65%|██████▍   | 5725/8810 [00:03<00:01, 1568.49it/s]
 67%|██████▋   | 5888/8810 [00:03<00:02, 1417.17it/s]
 69%|██████▊   | 6036/8810 [00:04<00:02, 1257.57it/s]
 71%|███████   | 6220/8810 [00:04<00:01, 1397.58it/s]
 73%|███████▎  | 6392/8810 [00:04<00:01, 1476.43it/s]
 74%|███████▍  | 6547/8810 [00:04<00:01, 1376.80it/s]
 77%|███████▋  | 6780/8810 [00:04<00:01, 1625.08it/s]
 79%|███████▉  | 6972/8810 [00:04<00:01, 1569.27it/s]
 81%|████████  | 7152/8810 [00:04<00:01, 1624.07it/s]
 83%|████████▎ | 7326/8810 [00:04<00:00, 1653.25it/s]
 85%|████████▌ | 7495/8810 [00:04<00:00, 1497.98it/s]
 87%|████████▋ | 7673/8810 [00:05<00:00, 1568.23it/s]
 89%|████████▉ | 7835/8810 [00:05<00:00, 1388.83it/s]
 91%|█████████ | 8024/8810 [00:05<00:00, 1511.99it/s]
 93%|█████████▎| 8182/8810 [00:05<00:00, 1387.75it/s]
 95%|█████████▍| 8336/8810 [00:05<00:00, 1423.25it/s]
 96%|█████████▋| 8483/8810 [00:05<00:00, 1371.51it/s]
 98%|█████████▊| 8648/8810 [00:05<00:00, 1444.24it/s]
100%|█████████▉| 8796/8810 [00:05<00:00, 1357.23it/s]
100%|██████████| 8810/8810 [00:05<00:00, 1495.92it/s]
