
  0%|          | 0/8810 [00:00<?, ?it/s]
  2%|▏         | 181/8810 [00:00<00:05, 1533.53it/s]
  5%|▌         | 442/8810 [00:00<00:03, 2117.43it/s]
  7%|▋         | 658/8810 [00:00<00:04, 1859.92it/s]
 10%|▉         | 850/8810 [00:00<00:04, 1837.44it/s]
 12%|█▏        | 1037/8810 [00:00<00:04, 1649.54it/s]
 14%|█▎        | 1206/8810 [00:00<00:04, 1660.90it/s]
 16%|█▌        | 1380/8810 [00:00<00:04, 1683.14it/s]
 18%|█▊        | 1551/8810 [00:00<00:04, 1553.48it/s]
 20%|█▉        | 1748/8810 [00:01<00:04, 1666.81it/s]
 22%|██▏       | 1918/8810 [00:01<00:04, 1537.76it/s]
 24%|██▍       | 2152/8810 [00:01<00:03, 1750.90it/s]
 26%|██▋       | 2332/8810 [00:01<00:03, 1624.06it/s]
 29%|██▉       | 2580/8810 [00:01<00:03, 1850.94it/s]
 31%|███▏      | 2772/8810 [00:01<00:03, 1749.88it/s]
 34%|███▍      | 2985/8810 [00:01<00:03, 1852.31it/s]
 36%|███▌      | 3175/8810 [00:01<00:03, 1724.09it/s]
 38%|███▊      | 3370/8810 [00:01<00:03, 1783.47it/s]
 40%|████      | 3553/8810 [00:02<00:03, 1674.47it/s]
 43%|████▎     | 3771/8810 [00:02<00:02, 1809.17it/s]
 45%|████▍     | 3956/8810 [00:02<00:02, 1677.55it/s]
 47%|████▋     | 4180/8810 [00:02<00:02, 1672.70it/s]
 50%|█████     | 4409/8810 [00:02<00:02, 1830.64it/s]
 52%|█████▏    | 4597/8810 [00:02<00:02, 1800.00it/s]
 54%|█████▍    | 4780/8810 [00:02<00:02, 1612.95it/s]
 56%|█████▌    | 4947/8810 [00:02<00:02, 1456.87it/s]
 59%|█████▊    | 5155/8810 [00:03<00:02, 1608.56it/s]
 61%|██████    | 5372/8810 [00:03<00:02, 1605.49it/s]
 63%|██████▎   | 5586/8810 [00:03<00:01, 1739.38it/s]
 65%|██████▌   | 5766/8810 [00:03<00:01, 1676.83it/s]
 67%|██████▋   | 5938/8810 [00:03<00:01, 1600.83it/s]
 69%|██████▉   | 6101/8810 [00:03<00:01, 1525.45it/s]
 72%|███████▏  | 6332/8810 [00:03<00:01, 1731.19it/s]
 74%|███████▍  | 6510/8810 [00:03<00:01, 1611.66it/s]
 77%|███████▋  | 6777/8810 [00:03<00:01, 1889.61it/s]
 79%|███████▉  | 6973/8810 [00:04<00:00, 1841.98it/s]
 81%|████████▏ | 7162/8810 [00:04<00:00, 1816.18it/s]
 84%|████████▎ | 7360/8810 [00:04<00:00, 1702.89it/s]
 86%|████████▌ | 7534/8810 [00:04<00:00, 1704.00it/s]
 88%|████████▊ | 7715/8810 [00:04<00:00, 1698.99it/s]
 90%|████████▉ | 7895/8810 [00:04<00:00, 1726.43it/s]
 92%|█████████▏| 8070/8810 [00:04<00:00, 1479.22it/s]
 93%|█████████▎| 8225/8810 [00:04<00:00, 1478.87it/s]
 95%|█████████▌| 8378/8810 [00:05<00:00, 1374.29it/s]
 97%|█████████▋| 8563/8810 [00:05<00:00, 1494.96it/s]
 99%|█████████▉| 8718/8810 [00:05<00:00, 1426.67it/s]
100%|██████████| 8810/8810 [00:05<00:00, 1665.48it/s]
