
  0%|          | 0/8810 [00:00<?, ?it/s]
  2%|▏         | 181/8810 [00:00<00:05, 1532.65it/s]
  5%|▍         | 425/8810 [00:00<00:04, 2021.94it/s]
  7%|▋         | 656/8810 [00:00<00:04, 1851.58it/s]
 10%|▉         | 853/8810 [00:00<00:04, 1892.27it/s]
 12%|█▏        | 1046/8810 [00:00<00:04, 1767.77it/s]
 14%|█▍        | 1256/8810 [00:00<00:04, 1868.60it/s]
 16%|█▋        | 1446/8810 [00:00<00:03, 1873.20it/s]
 19%|█▊        | 1636/8810 [00:00<00:04, 1662.43it/s]
 21%|██        | 1821/8810 [00:01<00:04, 1633.76it/s]
 23%|██▎       | 2016/8810 [00:01<00:03, 1718.07it/s]
 25%|██▌       | 2231/8810 [00:01<00:03, 1833.98it/s]
 27%|██▋       | 2418/8810 [00:01<00:03, 1742.53it/s]
 31%|███       | 2706/8810 [00:01<00:02, 2055.98it/s]
 33%|███▎      | 2917/8810 [00:01<00:03, 1811.86it/s]
 35%|███▌      | 3107/8810 [00:01<00:03, 1735.66it/s]
 37%|███▋      | 3287/8810 [00:01<00:03, 1675.80it/s]
 39%|███▉      | 3459/8810 [00:01<00:03, 1649.14it/s]
 42%|████▏     | 3695/8810 [00:02<00:02, 1839.87it/s]
 44%|████▍     | 3883/8810 [00:02<00:02, 1714.35it/s]
 47%|████▋     | 4154/8810 [00:02<00:02, 1974.30it/s]
 49%|████▉     | 4357/8810 [00:02<00:02, 1913.09it/s]
 52%|█████▏    | 4576/8810 [00:02<00:02, 1980.59it/s]
 54%|█████▍    | 4778/8810 [00:02<00:02, 1807.23it/s]
 56%|█████▋    | 4964/8810 [00:02<00:02, 1676.54it/s]
 59%|█████▊    | 5172/8810 [00:02<00:02, 1776.41it/s]
 61%|██████    | 5372/8810 [00:03<00:02, 1707.70it/s]
 64%|██████▎   | 5610/8810 [00:03<00:01, 1882.16it/s]
 66%|██████▌   | 5803/8810 [00:03<00:01, 1805.41it/s]
 68%|██████▊   | 5988/8810 [00:03<00:01, 1663.40it/s]
 70%|██████▉   | 6159/8810 [00:03<00:01, 1602.83it/s]
 72%|███████▏  | 6366/8810 [00:03<00:01, 1723.00it/s]
 74%|███████▍  | 6542/8810 [00:03<00:01, 1648.51it/s]
 77%|███████▋  | 6778/8810 [00:03<00:01, 1840.49it/s]
 79%|███████▉  | 6972/8810 [00:03<00:01, 1776.65it/s]
 81%|████████▏ | 7162/8810 [00:04<00:00, 1810.30it/s]
 84%|████████▎ | 7360/8810 [00:04<00:00, 1709.00it/s]
 86%|████████▌ | 7534/8810 [00:04<00:00, 1687.06it/s]
 88%|████████▊ | 7715/8810 [00:04<00:00, 1667.16it/s]
 90%|████████▉ | 7910/8810 [00:04<00:00, 1741.37it/s]
 92%|█████████▏| 8086/8810 [00:04<00:00, 1554.16it/s]
 94%|█████████▍| 8271/8810 [00:04<00:00, 1630.79it/s]
 96%|█████████▌| 8439/8810 [00:04<00:00, 1566.36it/s]
 98%|█████████▊| 8634/8810 [00:04<00:00, 1668.77it/s]
100%|█████████▉| 8805/8810 [00:05<00:00, 1652.75it/s]
100%|██████████| 8810/8810 [00:05<00:00, 1749.32it/s]
