
  0%|          | 0/8810 [00:00<?, ?it/s]
  2%|▏         | 181/8810 [00:00<00:05, 1588.39it/s]
  5%|▍         | 429/8810 [00:00<00:04, 2079.14it/s]
  7%|▋         | 656/8810 [00:00<00:04, 2006.91it/s]
 10%|▉         | 859/8810 [00:00<00:03, 2003.90it/s]
 12%|█▏        | 1061/8810 [00:00<00:04, 1827.26it/s]
 14%|█▍        | 1273/8810 [00:00<00:03, 1917.56it/s]
 17%|█▋        | 1468/8810 [00:00<00:04, 1803.42it/s]
 19%|█▉        | 1695/8810 [00:00<00:03, 1938.84it/s]
 21%|██▏       | 1892/8810 [00:01<00:03, 1783.98it/s]
 25%|██▍       | 2174/8810 [00:01<00:03, 2067.56it/s]
 27%|██▋       | 2387/8810 [00:01<00:03, 1891.08it/s]
 30%|███       | 2655/8810 [00:01<00:02, 2094.54it/s]
 33%|███▎      | 2872/8810 [00:01<00:02, 2026.11it/s]
 35%|███▍      | 3080/8810 [00:01<00:03, 1890.78it/s]
 37%|███▋      | 3284/8810 [00:01<00:02, 1928.41it/s]
 40%|███▉      | 3481/8810 [00:01<00:02, 1840.88it/s]
 42%|████▏     | 3725/8810 [00:01<00:02, 2002.90it/s]
 45%|████▍     | 3929/8810 [00:02<00:02, 1869.01it/s]
 47%|████▋     | 4180/8810 [00:02<00:02, 1904.86it/s]
 50%|█████     | 4407/8810 [00:02<00:02, 1993.57it/s]
 52%|█████▏    | 4610/8810 [00:02<00:02, 1992.15it/s]
 55%|█████▍    | 4812/8810 [00:02<00:02, 1799.86it/s]
 57%|█████▋    | 4997/8810 [00:02<00:02, 1655.36it/s]
 59%|█████▊    | 5169/8810 [00:02<00:02, 1671.08it/s]
 61%|██████    | 5372/8810 [00:02<00:02, 1637.80it/s]
 63%|██████▎   | 5581/8810 [00:02<00:01, 1753.83it/s]
 65%|██████▌   | 5760/8810 [00:03<00:01, 1687.99it/s]
 67%|██████▋   | 5935/8810 [00:03<00:01, 1702.03it/s]
 69%|██████▉   | 6108/8810 [00:03<00:01, 1643.85it/s]
 72%|███████▏  | 6334/8810 [00:03<00:01, 1809.67it/s]
 74%|███████▍  | 6518/8810 [00:03<00:01, 1728.88it/s]
 77%|███████▋  | 6782/8810 [00:03<00:01, 1977.93it/s]
 79%|███████▉  | 6984/8810 [00:03<00:00, 1838.86it/s]
 81%|████████▏ | 7172/8810 [00:03<00:00, 1712.73it/s]
 84%|████████▎ | 7360/8810 [00:04<00:00, 1680.49it/s]
 86%|████████▌ | 7544/8810 [00:04<00:00, 1720.01it/s]
 88%|████████▊ | 7720/8810 [00:04<00:00, 1730.22it/s]
 90%|█████████ | 7938/8810 [00:04<00:00, 1853.23it/s]
 92%|█████████▏| 8126/8810 [00:04<00:00, 1509.39it/s]
 95%|█████████▍| 8361/8810 [00:04<00:00, 1634.65it/s]
 97%|█████████▋| 8557/8810 [00:04<00:00, 1715.85it/s]
 99%|█████████▉| 8737/8810 [00:04<00:00, 1707.41it/s]
100%|██████████| 8810/8810 [00:04<00:00, 1815.31it/s]
