
  0%|          | 0/8810 [00:00<?, ?it/s]
  2%|▏         | 181/8810 [00:00<00:05, 1502.72it/s]
  7%|▋         | 576/8810 [00:00<00:02, 2826.73it/s]
 10%|▉         | 870/8810 [00:00<00:03, 2521.75it/s]
 13%|█▎        | 1132/8810 [00:00<00:03, 2286.06it/s]
 16%|█▌        | 1386/8810 [00:00<00:03, 2362.69it/s]
 18%|█▊        | 1628/8810 [00:00<00:03, 2316.37it/s]
 21%|██        | 1864/8810 [00:00<00:03, 2183.39it/s]
 25%|██▌       | 2230/8810 [00:00<00:02, 2598.46it/s]
 28%|██▊       | 2497/8810 [00:01<00:02, 2379.13it/s]
 31%|███       | 2750/8810 [00:01<00:02, 2414.39it/s]
 35%|███▍      | 3052/8810 [00:01<00:02, 2579.88it/s]
 38%|███▊      | 3316/8810 [00:01<00:02, 2520.93it/s]
 41%|████      | 3572/8810 [00:01<00:02, 2482.09it/s]
 43%|████▎     | 3832/8810 [00:01<00:01, 2510.93it/s]
 47%|████▋     | 4180/8810 [00:01<00:01, 2669.47it/s]
 52%|█████▏    | 4539/8810 [00:01<00:01, 2929.43it/s]
 55%|█████▍    | 4834/8810 [00:01<00:01, 2753.56it/s]
 58%|█████▊    | 5113/8810 [00:02<00:01, 2508.08it/s]
 61%|██████    | 5372/8810 [00:02<00:01, 2501.52it/s]
 64%|██████▍   | 5629/8810 [00:02<00:01, 2519.82it/s]
 67%|██████▋   | 5884/8810 [00:02<00:01, 2368.74it/s]
 70%|██████▉   | 6124/8810 [00:02<00:01, 2345.81it/s]
 73%|███████▎  | 6400/8810 [00:02<00:00, 2452.72it/s]
 77%|███████▋  | 6802/8810 [00:02<00:00, 2891.51it/s]
 81%|████████  | 7096/8810 [00:02<00:00, 2723.68it/s]
 84%|████████▎ | 7373/8810 [00:02<00:00, 2693.28it/s]
 87%|████████▋ | 7672/8810 [00:03<00:00, 2772.64it/s]
 90%|█████████ | 7952/8810 [00:03<00:00, 2599.77it/s]
 93%|█████████▎| 8216/8810 [00:03<00:00, 2485.54it/s]
 96%|█████████▌| 8468/8810 [00:03<00:00, 2485.29it/s]
 99%|█████████▉| 8719/8810 [00:03<00:00, 2486.91it/s]
100%|██████████| 8810/8810 [00:03<00:00, 2520.21it/s]
