
  0%|          | 0/8810 [00:00<?, ?it/s]
  2%|▏         | 181/8810 [00:00<00:06, 1381.33it/s]
  5%|▍         | 417/8810 [00:00<00:04, 1884.65it/s]
  7%|▋         | 638/8810 [00:00<00:04, 2015.04it/s]
 10%|▉         | 844/8810 [00:00<00:04, 1765.23it/s]
 12%|█▏        | 1027/8810 [00:00<00:04, 1631.60it/s]
 14%|█▍        | 1244/8810 [00:00<00:04, 1785.07it/s]
 17%|█▋        | 1457/8810 [00:00<00:04, 1710.20it/s]
 19%|█▉        | 1655/8810 [00:00<00:04, 1782.96it/s]
 21%|██        | 1838/8810 [00:01<00:04, 1629.05it/s]
 23%|██▎       | 2063/8810 [00:01<00:03, 1792.14it/s]
 26%|██▌       | 2263/8810 [00:01<00:03, 1687.78it/s]
 28%|██▊       | 2463/8810 [00:01<00:03, 1766.10it/s]
 30%|███       | 2669/8810 [00:01<00:03, 1845.86it/s]
 32%|███▏      | 2858/8810 [00:01<00:03, 1721.04it/s]
 35%|███▍      | 3051/8810 [00:01<00:03, 1776.52it/s]
 37%|███▋      | 3233/8810 [00:01<00:03, 1609.83it/s]
 39%|███▊      | 3410/8810 [00:02<00:03, 1503.04it/s]
 41%|████      | 3586/8810 [00:02<00:03, 1562.35it/s]
 43%|████▎     | 3774/8810 [00:02<00:03, 1478.02it/s]
 45%|████▍     | 3954/8810 [00:02<00:03, 1559.32it/s]
 47%|████▋     | 4169/8810 [00:02<00:02, 1715.13it/s]
 49%|████▉     | 4346/8810 [00:02<00:02, 1581.61it/s]
 51%|█████▏    | 4516/8810 [00:02<00:02, 1610.72it/s]
 53%|█████▎    | 4681/8810 [00:02<00:02, 1420.89it/s]
 55%|█████▌    | 4857/8810 [00:02<00:02, 1505.78it/s]
 57%|█████▋    | 5014/8810 [00:03<00:02, 1387.55it/s]
 59%|█████▉    | 5196/8810 [00:03<00:02, 1494.58it/s]
 61%|██████    | 5372/8810 [00:03<00:02, 1423.15it/s]
 63%|██████▎   | 5545/8810 [00:03<00:02, 1496.23it/s]
 65%|██████▌   | 5744/8810 [00:03<00:01, 1624.93it/s]
 67%|██████▋   | 5911/8810 [00:03<00:02, 1292.81it/s]
 69%|██████▊   | 6054/8810 [00:03<00:02, 1243.23it/s]
 71%|███████   | 6223/8810 [00:03<00:01, 1351.11it/s]
 73%|███████▎  | 6400/8810 [00:04<00:01, 1304.48it/s]
 75%|███████▍  | 6570/8810 [00:04<00:01, 1400.05it/s]
 77%|███████▋  | 6777/8810 [00:04<00:01, 1570.18it/s]
 79%|███████▉  | 6942/8810 [00:04<00:01, 1550.15it/s]
 81%|████████  | 7102/8810 [00:04<00:01, 1100.55it/s]
 82%|████████▏ | 7233/8810 [00:04<00:01, 994.08it/s] 
 83%|████████▎ | 7348/8810 [00:04<00:01, 1002.32it/s]
 85%|████████▍ | 7460/8810 [00:05<00:01, 844.96it/s] 
 86%|████████▌ | 7555/8810 [00:05<00:01, 770.54it/s]
 87%|████████▋ | 7667/8810 [00:05<00:01, 843.62it/s]
 88%|████████▊ | 7760/8810 [00:05<00:01, 705.10it/s]
 89%|████████▉ | 7839/8810 [00:05<00:01, 691.99it/s]
 90%|████████▉ | 7918/8810 [00:05<00:01, 710.82it/s]
 91%|█████████ | 7994/8810 [00:05<00:01, 643.15it/s]
 92%|█████████▏| 8063/8810 [00:06<00:01, 492.07it/s]
 92%|█████████▏| 8120/8810 [00:06<00:01, 433.86it/s]
 93%|█████████▎| 8169/8810 [00:06<00:01, 394.86it/s]
 93%|█████████▎| 8213/8810 [00:06<00:01, 339.11it/s]
 94%|█████████▍| 8275/8810 [00:06<00:01, 387.36it/s]
 94%|█████████▍| 8318/8810 [00:06<00:01, 376.93it/s]
 95%|█████████▍| 8359/8810 [00:07<00:01, 383.84it/s]
 95%|█████████▌| 8400/8810 [00:07<00:01, 291.68it/s]
 96%|█████████▌| 8434/8810 [00:07<00:01, 293.35it/s]
 96%|█████████▋| 8481/8810 [00:07<00:01, 327.79it/s]
 97%|█████████▋| 8517/8810 [00:07<00:00, 312.21it/s]
 97%|█████████▋| 8552/8810 [00:07<00:00, 315.23it/s]
 98%|█████████▊| 8605/8810 [00:07<00:00, 359.89it/s]
 98%|█████████▊| 8643/8810 [00:08<00:00, 328.90it/s]
 99%|█████████▊| 8692/8810 [00:08<00:00, 366.68it/s]
 99%|█████████▉| 8731/8810 [00:08<00:00, 236.72it/s]
100%|█████████▉| 8770/8810 [00:08<00:00, 261.50it/s]
100%|██████████| 8810/8810 [00:08<00:00, 1022.14it/s]
