
  0%|          | 0/8810 [00:00<?, ?it/s]
  2%|▏         | 181/8810 [00:00<00:04, 1778.83it/s]
  7%|▋         | 583/8810 [00:00<00:02, 3084.01it/s]
 10%|█         | 893/8810 [00:00<00:02, 2979.17it/s]
 14%|█▎        | 1197/8810 [00:00<00:02, 2999.43it/s]
 17%|█▋        | 1498/8810 [00:00<00:02, 2935.12it/s]
 21%|██        | 1821/8810 [00:00<00:02, 2969.91it/s]
 25%|██▌       | 2207/8810 [00:00<00:02, 3250.24it/s]
 29%|██▉       | 2534/8810 [00:00<00:02, 3023.15it/s]
 32%|███▏      | 2840/8810 [00:00<00:02, 2852.16it/s]
 36%|███▌      | 3129/8810 [00:01<00:02, 2682.75it/s]
 39%|███▊      | 3410/8810 [00:01<00:02, 2673.64it/s]
 43%|████▎     | 3774/8810 [00:01<00:01, 2843.01it/s]
 47%|████▋     | 4180/8810 [00:01<00:01, 2961.13it/s]
 52%|█████▏    | 4557/8810 [00:01<00:01, 3178.74it/s]
 55%|█████▌    | 4878/8810 [00:01<00:01, 2874.28it/s]
 59%|█████▊    | 5172/8810 [00:01<00:01, 2703.39it/s]
 62%|██████▏   | 5448/8810 [00:01<00:01, 2590.86it/s]
 65%|██████▌   | 5754/8810 [00:02<00:01, 2612.28it/s]
 69%|██████▊   | 6036/8810 [00:02<00:01, 2523.06it/s]
 73%|███████▎  | 6400/8810 [00:02<00:00, 2662.33it/s]
 77%|███████▋  | 6821/8810 [00:02<00:00, 3066.95it/s]
 81%|████████  | 7135/8810 [00:02<00:00, 2847.32it/s]
 84%|████████▍ | 7427/8810 [00:02<00:00, 2579.63it/s]
 87%|████████▋ | 7693/8810 [00:02<00:00, 2539.59it/s]
 90%|█████████ | 7952/8810 [00:02<00:00, 2417.30it/s]
 93%|█████████▎| 8198/8810 [00:02<00:00, 2392.75it/s]
 96%|█████████▌| 8440/8810 [00:03<00:00, 2362.74it/s]
 99%|█████████▉| 8702/8810 [00:03<00:00, 2395.80it/s]
100%|██████████| 8810/8810 [00:03<00:00, 2725.77it/s]
