
  0%|          | 0/8810 [00:00<?, ?it/s]
  4%|▍         | 364/8810 [00:00<00:02, 3629.28it/s]
  8%|▊         | 731/8810 [00:00<00:02, 3646.99it/s]
 12%|█▏        | 1096/8810 [00:00<00:02, 3505.22it/s]
 17%|█▋        | 1457/8810 [00:00<00:02, 3375.43it/s]
 21%|██        | 1821/8810 [00:00<00:02, 3344.11it/s]
 25%|██▌       | 2223/8810 [00:00<00:01, 3560.60it/s]
 29%|██▉       | 2594/8810 [00:00<00:01, 3604.64it/s]
 34%|███▎      | 2956/8810 [00:00<00:01, 3517.93it/s]
 38%|███▊      | 3309/8810 [00:00<00:01, 3385.02it/s]
 41%|████▏     | 3649/8810 [00:01<00:01, 3361.23it/s]
 45%|████▌     | 3996/8810 [00:01<00:01, 3392.58it/s]
 50%|████▉     | 4393/8810 [00:01<00:01, 3559.88it/s]
 54%|█████▍    | 4750/8810 [00:01<00:01, 3408.12it/s]
 58%|█████▊    | 5093/8810 [00:01<00:01, 3336.27it/s]
 62%|██████▏   | 5434/8810 [00:01<00:01, 3353.51it/s]
 66%|██████▌   | 5805/8810 [00:01<00:00, 3454.90it/s]
 70%|██████▉   | 6152/8810 [00:01<00:00, 3290.40it/s]
 74%|███████▎  | 6484/8810 [00:01<00:00, 3175.69it/s]
 79%|███████▉  | 6967/8810 [00:02<00:00, 3641.03it/s]
 83%|████████▎ | 7336/8810 [00:02<00:00, 3441.15it/s]
 87%|████████▋ | 7685/8810 [00:02<00:00, 3306.27it/s]
 91%|█████████ | 8020/8810 [00:02<00:00, 3162.71it/s]
 95%|█████████▍| 8340/8810 [00:02<00:00, 3019.65it/s]
 98%|█████████▊| 8645/8810 [00:02<00:00, 3013.35it/s]
100%|██████████| 8810/8810 [00:02<00:00, 3252.41it/s]
