
  0%|          | 0/8810 [00:00<?, ?it/s]
  2%|▏         | 181/8810 [00:00<00:05, 1647.55it/s]
  4%|▍         | 384/8810 [00:00<00:04, 1856.35it/s]
  7%|▋         | 608/8810 [00:00<00:04, 2016.28it/s]
  9%|▉         | 811/8810 [00:00<00:04, 1690.06it/s]
 11%|█         | 987/8810 [00:00<00:04, 1650.20it/s]
 13%|█▎        | 1157/8810 [00:00<00:04, 1555.80it/s]
 15%|█▌        | 1344/8810 [00:00<00:04, 1640.84it/s]
 17%|█▋        | 1512/8810 [00:00<00:04, 1599.72it/s]
 20%|█▉        | 1742/8810 [00:01<00:03, 1797.06it/s]
 22%|██▏       | 1925/8810 [00:01<00:04, 1652.13it/s]
 25%|██▍       | 2175/8810 [00:01<00:03, 1885.04it/s]
 27%|██▋       | 2369/8810 [00:01<00:03, 1691.06it/s]
 30%|██▉       | 2618/8810 [00:01<00:03, 1899.25it/s]
 32%|███▏      | 2816/8810 [00:01<00:03, 1765.88it/s]
 34%|███▍      | 3014/8810 [00:01<00:03, 1813.49it/s]
 36%|███▋      | 3201/8810 [00:01<00:03, 1699.84it/s]
 39%|███▊      | 3399/8810 [00:01<00:03, 1772.50it/s]
 41%|████      | 3581/8810 [00:02<00:02, 1753.57it/s]
 43%|████▎     | 3774/8810 [00:02<00:02, 1686.71it/s]
 45%|████▍     | 3953/8810 [00:02<00:02, 1709.74it/s]
 47%|████▋     | 4180/8810 [00:02<00:02, 1769.13it/s]
 50%|█████     | 4411/8810 [00:02<00:02, 1915.26it/s]
 52%|█████▏    | 4605/8810 [00:02<00:02, 1888.90it/s]
 54%|█████▍    | 4796/8810 [00:02<00:02, 1600.36it/s]
 56%|█████▋    | 4964/8810 [00:02<00:02, 1466.50it/s]
 59%|█████▊    | 5173/8810 [00:03<00:02, 1614.59it/s]
 61%|██████    | 5372/8810 [00:03<00:02, 1567.76it/s]
 63%|██████▎   | 5578/8810 [00:03<00:01, 1689.67it/s]
 65%|██████▌   | 5754/8810 [00:03<00:01, 1610.43it/s]
 67%|██████▋   | 5920/8810 [00:03<00:01, 1579.24it/s]
 69%|██████▉   | 6081/8810 [00:03<00:01, 1487.95it/s]
 71%|███████   | 6252/8810 [00:03<00:01, 1546.15it/s]
 73%|███████▎  | 6410/8810 [00:03<00:01, 1442.20it/s]
 75%|███████▍  | 6572/8810 [00:03<00:01, 1487.31it/s]
 77%|███████▋  | 6816/8810 [00:04<00:01, 1747.02it/s]
 79%|███████▉  | 6995/8810 [00:04<00:01, 1672.35it/s]
 81%|████████▏ | 7170/8810 [00:04<00:00, 1687.60it/s]
 84%|████████▎ | 7360/8810 [00:04<00:00, 1569.02it/s]
 85%|████████▌ | 7521/8810 [00:04<00:00, 1545.96it/s]
 88%|████████▊ | 7715/8810 [00:04<00:00, 1511.80it/s]
 89%|████████▉ | 7869/8810 [00:04<00:00, 1517.90it/s]
 91%|█████████ | 8031/8810 [00:04<00:00, 1538.00it/s]
 93%|█████████▎| 8186/8810 [00:05<00:00, 1335.98it/s]
 95%|█████████▍| 8355/8810 [00:05<00:00, 1424.53it/s]
 97%|█████████▋| 8503/8810 [00:05<00:00, 1369.53it/s]
 99%|█████████▊| 8696/8810 [00:05<00:00, 1518.60it/s]
100%|██████████| 8810/8810 [00:05<00:00, 1626.86it/s]
