
  0%|          | 0/8810 [00:00<?, ?it/s]
  2%|▏         | 181/8810 [00:00<00:06, 1423.77it/s]
  5%|▌         | 446/8810 [00:00<00:04, 2065.90it/s]
  7%|▋         | 660/8810 [00:00<00:04, 2016.34it/s]
 10%|▉         | 873/8810 [00:00<00:03, 2054.66it/s]
 12%|█▏        | 1081/8810 [00:00<00:04, 1927.23it/s]
 15%|█▌        | 1326/8810 [00:00<00:03, 2091.43it/s]
 17%|█▋        | 1539/8810 [00:00<00:03, 1950.44it/s]
 20%|██        | 1769/8810 [00:00<00:03, 2050.13it/s]
 22%|██▏       | 1978/8810 [00:01<00:04, 1689.68it/s]
 25%|██▌       | 2219/8810 [00:01<00:03, 1866.14it/s]
 27%|██▋       | 2417/8810 [00:01<00:03, 1676.81it/s]
 29%|██▉       | 2595/8810 [00:01<00:03, 1694.57it/s]
 31%|███▏      | 2772/8810 [00:01<00:03, 1651.55it/s]
 33%|███▎      | 2943/8810 [00:01<00:03, 1556.62it/s]
 35%|███▌      | 3103/8810 [00:01<00:03, 1474.34it/s]
 37%|███▋      | 3254/8810 [00:01<00:04, 1342.96it/s]
 39%|███▊      | 3410/8810 [00:02<00:03, 1378.39it/s]
 41%|████      | 3626/8810 [00:02<00:03, 1581.90it/s]
 43%|████▎     | 3790/8810 [00:02<00:03, 1577.79it/s]
 45%|████▍     | 3954/8810 [00:02<00:03, 1590.08it/s]
 47%|████▋     | 4180/8810 [00:02<00:02, 1636.09it/s]
 51%|█████     | 4450/8810 [00:02<00:02, 1922.70it/s]
 53%|█████▎    | 4647/8810 [00:02<00:02, 1811.29it/s]
 55%|█████▍    | 4843/8810 [00:02<00:02, 1849.96it/s]
 57%|█████▋    | 5031/8810 [00:02<00:02, 1691.15it/s]
 60%|█████▉    | 5243/8810 [00:03<00:01, 1799.21it/s]
 62%|██████▏   | 5427/8810 [00:03<00:02, 1617.36it/s]
 64%|██████▍   | 5652/8810 [00:03<00:01, 1779.51it/s]
 66%|██████▋   | 5837/8810 [00:03<00:01, 1746.60it/s]
 68%|██████▊   | 6016/8810 [00:03<00:01, 1732.80it/s]
 70%|███████   | 6193/8810 [00:03<00:01, 1705.83it/s]
 73%|███████▎  | 6400/8810 [00:03<00:01, 1722.34it/s]
 75%|███████▌  | 6633/8810 [00:03<00:01, 1889.77it/s]
 78%|███████▊  | 6885/8810 [00:03<00:00, 2065.29it/s]
 81%|████████  | 7095/8810 [00:04<00:00, 1928.33it/s]
 83%|████████▎ | 7328/8810 [00:04<00:00, 2034.61it/s]
 86%|████████▌ | 7535/8810 [00:04<00:00, 1839.39it/s]
 88%|████████▊ | 7725/8810 [00:04<00:00, 1839.38it/s]
 90%|████████▉ | 7919/8810 [00:04<00:00, 1864.24it/s]
 92%|█████████▏| 8109/8810 [00:04<00:00, 1740.30it/s]
 95%|█████████▍| 8328/8810 [00:04<00:00, 1858.00it/s]
 97%|█████████▋| 8518/8810 [00:04<00:00, 1792.03it/s]
 99%|█████████▉| 8702/8810 [00:04<00:00, 1742.45it/s]
100%|██████████| 8810/8810 [00:04<00:00, 1767.35it/s]
