
  0%|          | 0/8810 [00:00<?, ?it/s]
  4%|▍         | 341/8810 [00:00<00:02, 3382.86it/s]
  8%|▊         | 700/8810 [00:00<00:02, 3477.29it/s]
 12%|█▏        | 1048/8810 [00:00<00:02, 3241.76it/s]
 16%|█▋        | 1451/8810 [00:00<00:02, 3538.58it/s]
 21%|██        | 1808/8810 [00:00<00:02, 3403.20it/s]
 24%|██▍       | 2151/8810 [00:00<00:02, 3320.04it/s]
 28%|██▊       | 2485/8810 [00:00<00:01, 3289.98it/s]
 32%|███▏      | 2817/8810 [00:00<00:01, 3291.39it/s]
 36%|███▌      | 3149/8810 [00:00<00:01, 3297.86it/s]
 40%|███▉      | 3480/8810 [00:01<00:01, 3196.47it/s]
 43%|████▎     | 3813/8810 [00:01<00:01, 3234.33it/s]
 47%|████▋     | 4180/8810 [00:01<00:01, 3328.21it/s]
 52%|█████▏    | 4576/8810 [00:01<00:01, 3511.22it/s]
 56%|█████▌    | 4928/8810 [00:01<00:01, 3288.17it/s]
 60%|█████▉    | 5260/8810 [00:01<00:01, 3270.38it/s]
 64%|██████▎   | 5595/8810 [00:01<00:00, 3291.09it/s]
 67%|██████▋   | 5926/8810 [00:01<00:00, 3171.37it/s]
 71%|███████   | 6245/8810 [00:01<00:00, 3149.12it/s]
 74%|███████▍  | 6562/8810 [00:02<00:00, 3096.42it/s]
 79%|███████▉  | 6972/8810 [00:02<00:00, 3277.44it/s]
 83%|████████▎ | 7336/8810 [00:02<00:00, 3378.95it/s]
 87%|████████▋ | 7675/8810 [00:02<00:00, 3237.91it/s]
 91%|█████████ | 8001/8810 [00:02<00:00, 3012.38it/s]
 94%|█████████▍| 8306/8810 [00:02<00:00, 2723.99it/s]
 97%|█████████▋| 8585/8810 [00:02<00:00, 2648.84it/s]
100%|██████████| 8810/8810 [00:02<00:00, 3131.58it/s]
