
  0%|          | 0/8810 [00:00<?, ?it/s]
  2%|▏         | 181/8810 [00:00<00:06, 1405.96it/s]
  5%|▍         | 417/8810 [00:00<00:04, 1906.70it/s]
  7%|▋         | 656/8810 [00:00<00:04, 1866.66it/s]
 10%|▉         | 856/8810 [00:00<00:04, 1906.57it/s]
 12%|█▏        | 1050/8810 [00:00<00:04, 1756.95it/s]
 14%|█▍        | 1255/8810 [00:00<00:04, 1844.69it/s]
 17%|█▋        | 1457/8810 [00:00<00:04, 1726.87it/s]
 19%|█▉        | 1669/8810 [00:00<00:03, 1834.06it/s]
 21%|██        | 1856/8810 [00:01<00:04, 1633.29it/s]
 24%|██▎       | 2090/8810 [00:01<00:03, 1816.36it/s]
 26%|██▌       | 2279/8810 [00:01<00:03, 1689.84it/s]
 28%|██▊       | 2506/8810 [00:01<00:03, 1839.45it/s]
 31%|███       | 2709/8810 [00:01<00:03, 1886.65it/s]
 33%|███▎      | 2903/8810 [00:01<00:03, 1694.15it/s]
 35%|███▍      | 3079/8810 [00:01<00:03, 1586.63it/s]
 37%|███▋      | 3252/8810 [00:01<00:03, 1623.59it/s]
 39%|███▉      | 3419/8810 [00:01<00:03, 1561.33it/s]
 41%|████▏     | 3635/8810 [00:02<00:03, 1720.73it/s]
 43%|████▎     | 3811/8810 [00:02<00:03, 1665.57it/s]
 45%|████▌     | 3981/8810 [00:02<00:02, 1643.68it/s]
 47%|████▋     | 4180/8810 [00:02<00:02, 1618.95it/s]
 50%|████▉     | 4404/8810 [00:02<00:02, 1786.30it/s]
 52%|█████▏    | 4586/8810 [00:02<00:02, 1779.77it/s]
 54%|█████▍    | 4766/8810 [00:02<00:02, 1616.27it/s]
 56%|█████▌    | 4932/8810 [00:02<00:02, 1439.85it/s]
 58%|█████▊    | 5105/8810 [00:03<00:02, 1508.98it/s]
 60%|██████    | 5303/8810 [00:03<00:02, 1632.75it/s]
 62%|██████▏   | 5472/8810 [00:03<00:02, 1465.06it/s]
 64%|██████▍   | 5673/8810 [00:03<00:01, 1605.63it/s]
 66%|██████▋   | 5841/8810 [00:03<00:02, 1474.49it/s]
 68%|██████▊   | 5995/8810 [00:03<00:02, 1371.91it/s]
 70%|██████▉   | 6138/8810 [00:03<00:01, 1349.97it/s]
 72%|███████▏  | 6300/8810 [00:03<00:01, 1416.63it/s]
 73%|███████▎  | 6445/8810 [00:03<00:01, 1316.46it/s]
 75%|███████▍  | 6593/8810 [00:04<00:01, 1358.81it/s]
 77%|███████▋  | 6801/8810 [00:04<00:01, 1553.23it/s]
 79%|███████▉  | 6972/8810 [00:04<00:01, 1516.66it/s]
 81%|████████  | 7127/8810 [00:04<00:01, 1500.75it/s]
 83%|████████▎ | 7279/8810 [00:04<00:01, 1463.19it/s]
 84%|████████▍ | 7428/8810 [00:04<00:00, 1470.41it/s]
 86%|████████▌ | 7577/8810 [00:04<00:00, 1473.62it/s]
 88%|████████▊ | 7726/8810 [00:04<00:00, 1437.44it/s]
 89%|████████▉ | 7871/8810 [00:04<00:00, 1410.40it/s]
 91%|█████████ | 8027/8810 [00:05<00:00, 1446.93it/s]
 93%|█████████▎| 8173/8810 [00:05<00:00, 1300.20it/s]
 94%|█████████▍| 8317/8810 [00:05<00:00, 1336.83it/s]
 96%|█████████▌| 8454/8810 [00:05<00:00, 1257.12it/s]
 98%|█████████▊| 8624/8810 [00:05<00:00, 1376.04it/s]
 99%|█████████▉| 8765/8810 [00:05<00:00, 1289.01it/s]
100%|██████████| 8810/8810 [00:05<00:00, 1557.04it/s]
