
  0%|          | 0/8810 [00:00<?, ?it/s]
  2%|▏         | 181/8810 [00:00<00:05, 1659.27it/s]
  5%|▍         | 427/8810 [00:00<00:03, 2113.11it/s]
  7%|▋         | 656/8810 [00:00<00:04, 1882.45it/s]
 10%|▉         | 863/8810 [00:00<00:04, 1948.42it/s]
 12%|█▏        | 1061/8810 [00:00<00:04, 1846.45it/s]
 15%|█▍        | 1288/8810 [00:00<00:03, 1969.63it/s]
 17%|█▋        | 1488/8810 [00:00<00:03, 1856.66it/s]
 20%|█▉        | 1739/8810 [00:00<00:03, 2046.07it/s]
 22%|██▏       | 1948/8810 [00:01<00:03, 1882.14it/s]
 25%|██▌       | 2218/8810 [00:01<00:03, 2094.82it/s]
 28%|██▊       | 2433/8810 [00:01<00:03, 1979.18it/s]
 31%|███       | 2719/8810 [00:01<00:02, 2214.82it/s]
 33%|███▎      | 2946/8810 [00:01<00:03, 1946.35it/s]
 36%|███▌      | 3150/8810 [00:01<00:02, 1899.55it/s]
 38%|███▊      | 3346/8810 [00:01<00:02, 1890.88it/s]
 40%|████      | 3540/8810 [00:01<00:02, 1766.98it/s]
 43%|████▎     | 3774/8810 [00:01<00:02, 1803.47it/s]
 46%|████▌     | 4048/8810 [00:02<00:02, 2045.37it/s]
 48%|████▊     | 4258/8810 [00:02<00:02, 2036.80it/s]
 51%|█████▏    | 4522/8810 [00:02<00:01, 2199.91it/s]
 54%|█████▍    | 4746/8810 [00:02<00:02, 1977.95it/s]
 56%|█████▌    | 4951/8810 [00:02<00:02, 1820.89it/s]
 59%|█████▉    | 5219/8810 [00:02<00:01, 2040.34it/s]
 62%|██████▏   | 5431/8810 [00:02<00:01, 1938.67it/s]
 65%|██████▍   | 5704/8810 [00:02<00:01, 2146.95it/s]
 67%|██████▋   | 5926/8810 [00:03<00:01, 1913.03it/s]
 70%|██████▉   | 6126/8810 [00:03<00:01, 1825.26it/s]
 72%|███████▏  | 6351/8810 [00:03<00:01, 1931.48it/s]
 74%|███████▍  | 6551/8810 [00:03<00:01, 1706.75it/s]
 77%|███████▋  | 6791/8810 [00:03<00:01, 1877.44it/s]
 79%|███████▉  | 6988/8810 [00:03<00:01, 1806.35it/s]
 81%|████████▏ | 7175/8810 [00:03<00:00, 1781.69it/s]
 84%|████████▎ | 7360/8810 [00:03<00:00, 1690.43it/s]
 86%|████████▌ | 7533/8810 [00:03<00:00, 1694.71it/s]
 88%|████████▊ | 7715/8810 [00:04<00:00, 1666.13it/s]
 90%|████████▉ | 7895/8810 [00:04<00:00, 1697.14it/s]
 92%|█████████▏| 8067/8810 [00:04<00:00, 1558.30it/s]
 94%|█████████▎| 8258/8810 [00:04<00:00, 1650.79it/s]
 96%|█████████▌| 8427/8810 [00:04<00:00, 1380.65it/s]
 98%|█████████▊| 8648/8810 [00:04<00:00, 1583.15it/s]
100%|██████████| 8810/8810 [00:04<00:00, 1839.98it/s]
