
  0%|          | 0/8810 [00:00<?, ?it/s]
  1%|▏         | 132/8810 [00:00<00:06, 1318.40it/s]
  3%|▎         | 291/8810 [00:00<00:05, 1476.24it/s]
  6%|▌         | 535/8810 [00:00<00:04, 1909.42it/s]
  8%|▊         | 726/8810 [00:00<00:04, 1680.85it/s]
 10%|█         | 912/8810 [00:00<00:04, 1737.26it/s]
 12%|█▏        | 1089/8810 [00:00<00:04, 1693.51it/s]
 15%|█▍        | 1298/8810 [00:00<00:04, 1812.74it/s]
 17%|█▋        | 1482/8810 [00:00<00:04, 1725.86it/s]
 19%|█▉        | 1705/8810 [00:00<00:03, 1870.47it/s]
 22%|██▏       | 1895/8810 [00:01<00:04, 1664.03it/s]
 25%|██▍       | 2175/8810 [00:01<00:03, 1969.54it/s]
 27%|██▋       | 2380/8810 [00:01<00:03, 1770.35it/s]
 30%|███       | 2659/8810 [00:01<00:03, 2026.37it/s]
 33%|███▎      | 2871/8810 [00:01<00:02, 1982.38it/s]
 35%|███▍      | 3076/8810 [00:01<00:03, 1786.11it/s]
 37%|███▋      | 3270/8810 [00:01<00:03, 1821.07it/s]
 39%|███▉      | 3458/8810 [00:01<00:03, 1778.59it/s]
 42%|████▏     | 3680/8810 [00:02<00:02, 1894.84it/s]
 44%|████▍     | 3874/8810 [00:02<00:02, 1796.92it/s]
 47%|████▋     | 4154/8810 [00:02<00:02, 2069.16it/s]
 50%|████▉     | 4366/8810 [00:02<00:02, 1964.59it/s]
 52%|█████▏    | 4571/8810 [00:02<00:02, 1983.28it/s]
 54%|█████▍    | 4773/8810 [00:02<00:02, 1750.90it/s]
 56%|█████▌    | 4955/8810 [00:02<00:02, 1574.94it/s]
 59%|█████▉    | 5184/8810 [00:02<00:02, 1752.74it/s]
 61%|██████    | 5372/8810 [00:03<00:02, 1649.42it/s]
 64%|██████▎   | 5597/8810 [00:03<00:01, 1801.58it/s]
 66%|██████▌   | 5785/8810 [00:03<00:01, 1692.45it/s]
 68%|██████▊   | 5960/8810 [00:03<00:01, 1703.69it/s]
 70%|██████▉   | 6135/8810 [00:03<00:01, 1686.36it/s]
 72%|███████▏  | 6329/8810 [00:03<00:01, 1755.28it/s]
 74%|███████▍  | 6508/8810 [00:03<00:01, 1630.48it/s]
 77%|███████▋  | 6791/8810 [00:03<00:01, 1951.04it/s]
 79%|███████▉  | 6992/8810 [00:03<00:00, 1915.04it/s]
 82%|████████▏ | 7188/8810 [00:03<00:00, 1876.99it/s]
 84%|████████▍ | 7379/8810 [00:04<00:00, 1826.73it/s]
 86%|████████▌ | 7564/8810 [00:04<00:00, 1756.02it/s]
 88%|████████▊ | 7742/8810 [00:04<00:00, 1705.17it/s]
 90%|█████████ | 7938/8810 [00:04<00:00, 1773.53it/s]
 92%|█████████▏| 8117/8810 [00:04<00:00, 1604.08it/s]
 94%|█████████▍| 8307/8810 [00:04<00:00, 1680.63it/s]
 96%|█████████▌| 8479/8810 [00:04<00:00, 1522.83it/s]
 99%|█████████▊| 8679/8810 [00:04<00:00, 1646.51it/s]
100%|██████████| 8810/8810 [00:04<00:00, 1763.69it/s]
