
  0%|          | 0/8810 [00:00<?, ?it/s]
  2%|▏         | 181/8810 [00:00<00:06, 1406.73it/s]
  5%|▍         | 421/8810 [00:00<00:04, 1918.04it/s]
  7%|▋         | 629/8810 [00:00<00:04, 1986.68it/s]
  9%|▉         | 832/8810 [00:00<00:04, 1679.18it/s]
 11%|█▏        | 1008/8810 [00:00<00:05, 1527.91it/s]
 14%|█▍        | 1213/8810 [00:00<00:04, 1675.91it/s]
 16%|█▌        | 1402/8810 [00:00<00:04, 1732.89it/s]
 18%|█▊        | 1581/8810 [00:00<00:04, 1526.47it/s]
 20%|██        | 1793/8810 [00:01<00:04, 1682.76it/s]
 22%|██▏       | 1969/8810 [00:01<00:04, 1526.52it/s]
 25%|██▍       | 2175/8810 [00:01<00:03, 1663.35it/s]
 27%|██▋       | 2349/8810 [00:01<00:04, 1487.74it/s]
 29%|██▉       | 2593/8810 [00:01<00:03, 1726.74it/s]
 32%|███▏      | 2776/8810 [00:01<00:03, 1594.92it/s]
 34%|███▎      | 2957/8810 [00:01<00:03, 1647.06it/s]
 36%|███▌      | 3129/8810 [00:01<00:03, 1531.59it/s]
 37%|███▋      | 3288/8810 [00:02<00:03, 1517.92it/s]
 39%|███▉      | 3444/8810 [00:02<00:03, 1431.84it/s]
 41%|████      | 3629/8810 [00:02<00:03, 1540.33it/s]
 43%|████▎     | 3787/8810 [00:02<00:03, 1493.78it/s]
 45%|████▌     | 3970/8810 [00:02<00:03, 1583.04it/s]
 47%|████▋     | 4180/8810 [00:02<00:02, 1576.44it/s]
 50%|████▉     | 4378/8810 [00:02<00:02, 1683.02it/s]
 52%|█████▏    | 4549/8810 [00:02<00:02, 1675.43it/s]
 54%|█████▎    | 4719/8810 [00:02<00:02, 1461.38it/s]
 55%|█████▌    | 4883/8810 [00:03<00:02, 1504.20it/s]
 57%|█████▋    | 5038/8810 [00:03<00:02, 1310.48it/s]
 59%|█████▉    | 5196/8810 [00:03<00:02, 1376.11it/s]
 61%|██████    | 5372/8810 [00:03<00:02, 1340.96it/s]
 63%|██████▎   | 5564/8810 [00:03<00:02, 1487.64it/s]
 65%|██████▌   | 5754/8810 [00:03<00:02, 1483.60it/s]
 67%|██████▋   | 5907/8810 [00:03<00:02, 1419.64it/s]
 69%|██████▊   | 6052/8810 [00:03<00:02, 1354.41it/s]
 71%|███████   | 6230/8810 [00:04<00:01, 1459.11it/s]
 73%|███████▎  | 6400/8810 [00:04<00:01, 1408.39it/s]
 75%|███████▍  | 6589/8810 [00:04<00:01, 1535.08it/s]
 77%|███████▋  | 6821/8810 [00:04<00:01, 1747.85it/s]
 79%|███████▉  | 7001/8810 [00:04<00:01, 1659.88it/s]
 81%|████████▏ | 7171/8810 [00:04<00:01, 1570.36it/s]
 84%|████████▎ | 7360/8810 [00:04<00:00, 1525.33it/s]
 85%|████████▌ | 7516/8810 [00:04<00:00, 1509.40it/s]
 88%|████████▊ | 7715/8810 [00:04<00:00, 1489.58it/s]
 89%|████████▉ | 7866/8810 [00:05<00:00, 1489.51it/s]
 91%|█████████ | 8029/8810 [00:05<00:00, 1522.97it/s]
 93%|█████████▎| 8183/8810 [00:05<00:00, 1369.92it/s]
 94%|█████████▍| 8323/8810 [00:05<00:00, 1335.99it/s]
 96%|█████████▌| 8459/8810 [00:05<00:00, 1268.73it/s]
 98%|█████████▊| 8643/8810 [00:05<00:00, 1416.24it/s]
100%|█████████▉| 8788/8810 [00:05<00:00, 1343.42it/s]
100%|██████████| 8810/8810 [00:05<00:00, 1516.95it/s]
