
  0%|          | 0/8810 [00:00<?, ?it/s]
  2%|▏         | 189/8810 [00:00<00:04, 1867.53it/s]
  5%|▍         | 422/8810 [00:00<00:03, 2132.99it/s]
  7%|▋         | 656/8810 [00:00<00:03, 2069.69it/s]
 10%|█         | 906/8810 [00:00<00:03, 2230.80it/s]
 13%|█▎        | 1131/8810 [00:00<00:03, 2182.65it/s]
 16%|█▋        | 1444/8810 [00:00<00:02, 2492.66it/s]
 19%|█▉        | 1695/8810 [00:00<00:03, 2133.97it/s]
 22%|██▏       | 1918/8810 [00:00<00:03, 2065.88it/s]
 25%|██▌       | 2240/8810 [00:00<00:02, 2382.74it/s]
 28%|██▊       | 2487/8810 [00:01<00:02, 2121.28it/s]
 31%|███       | 2744/8810 [00:01<00:02, 2190.72it/s]
 34%|███▍      | 2986/8810 [00:01<00:02, 2247.65it/s]
 37%|███▋      | 3217/8810 [00:01<00:02, 2061.23it/s]
 39%|███▉      | 3430/8810 [00:01<00:02, 1958.67it/s]
 42%|████▏     | 3695/8810 [00:01<00:02, 2139.44it/s]
 44%|████▍     | 3915/8810 [00:01<00:02, 2006.01it/s]
 47%|████▋     | 4180/8810 [00:01<00:02, 2098.47it/s]
 51%|█████     | 4467/8810 [00:02<00:01, 2302.80it/s]
 53%|█████▎    | 4703/8810 [00:02<00:02, 1920.75it/s]
 56%|█████▌    | 4932/8810 [00:02<00:02, 1880.46it/s]
 59%|█████▊    | 5172/8810 [00:02<00:01, 2005.30it/s]
 61%|██████    | 5382/8810 [00:02<00:01, 1906.70it/s]
 63%|██████▎   | 5580/8810 [00:02<00:01, 1919.78it/s]
 66%|██████▌   | 5777/8810 [00:02<00:01, 1918.71it/s]
 68%|██████▊   | 6013/8810 [00:02<00:01, 2039.09it/s]
 71%|███████   | 6221/8810 [00:03<00:01, 1928.87it/s]
 73%|███████▎  | 6418/8810 [00:03<00:01, 1787.97it/s]
 76%|███████▌  | 6704/8810 [00:03<00:01, 2070.84it/s]
 79%|███████▉  | 6972/8810 [00:03<00:00, 2132.52it/s]
 82%|████████▏ | 7190/8810 [00:03<00:00, 2109.11it/s]
 84%|████████▍ | 7423/8810 [00:03<00:00, 2168.35it/s]
 87%|████████▋ | 7675/8810 [00:03<00:00, 2264.89it/s]
 90%|████████▉ | 7904/8810 [00:03<00:00, 2202.36it/s]
 92%|█████████▏| 8126/8810 [00:03<00:00, 1914.16it/s]
 95%|█████████▍| 8361/8810 [00:04<00:00, 1914.92it/s]
 98%|█████████▊| 8651/8810 [00:04<00:00, 2170.82it/s]
100%|██████████| 8810/8810 [00:04<00:00, 2075.88it/s]
