
  0%|          | 0/8810 [00:00<?, ?it/s]
  2%|▏         | 181/8810 [00:00<00:04, 1799.14it/s]
  5%|▍         | 425/8810 [00:00<00:03, 2168.94it/s]
  7%|▋         | 656/8810 [00:00<00:03, 2160.47it/s]
 10%|█         | 890/8810 [00:00<00:03, 2229.44it/s]
 13%|█▎        | 1114/8810 [00:00<00:03, 2170.62it/s]
 15%|█▌        | 1351/8810 [00:00<00:03, 2236.16it/s]
 18%|█▊        | 1576/8810 [00:00<00:03, 2041.62it/s]
 21%|██        | 1821/8810 [00:00<00:03, 2100.24it/s]
 23%|██▎       | 2053/8810 [00:00<00:03, 2158.62it/s]
 26%|██▌       | 2271/8810 [00:01<00:03, 1994.70it/s]
 29%|██▉       | 2580/8810 [00:01<00:02, 2294.98it/s]
 32%|███▏      | 2815/8810 [00:01<00:02, 2136.66it/s]
 35%|███▍      | 3057/8810 [00:01<00:02, 2028.28it/s]
 37%|███▋      | 3289/8810 [00:01<00:02, 2102.47it/s]
 40%|███▉      | 3504/8810 [00:01<00:02, 1902.93it/s]
 42%|████▏     | 3700/8810 [00:01<00:02, 1748.58it/s]
 44%|████▍     | 3880/8810 [00:01<00:03, 1627.92it/s]
 47%|████▋     | 4180/8810 [00:02<00:02, 1827.58it/s]
 50%|█████     | 4405/8810 [00:02<00:02, 1931.99it/s]
 52%|█████▏    | 4625/8810 [00:02<00:02, 1840.48it/s]
 55%|█████▍    | 4818/8810 [00:02<00:02, 1861.80it/s]
 57%|█████▋    | 5007/8810 [00:02<00:02, 1555.87it/s]
 59%|█████▊    | 5172/8810 [00:02<00:02, 1567.58it/s]
 61%|██████    | 5381/8810 [00:02<00:02, 1699.80it/s]
 63%|██████▎   | 5558/8810 [00:02<00:01, 1710.71it/s]
 65%|██████▌   | 5754/8810 [00:03<00:01, 1703.05it/s]
 67%|██████▋   | 5942/8810 [00:03<00:01, 1749.03it/s]
 70%|██████▉   | 6138/8810 [00:03<00:01, 1806.69it/s]
 73%|███████▎  | 6400/8810 [00:03<00:01, 1880.06it/s]
 75%|███████▌  | 6649/8810 [00:03<00:01, 2045.63it/s]
 79%|███████▉  | 6968/8810 [00:03<00:00, 2366.35it/s]
 82%|████████▏ | 7209/8810 [00:03<00:00, 2073.23it/s]
 84%|████████▍ | 7425/8810 [00:03<00:00, 2052.68it/s]
 87%|████████▋ | 7638/8810 [00:03<00:00, 2068.19it/s]
 89%|████████▉ | 7850/8810 [00:04<00:00, 1806.77it/s]
 91%|█████████ | 8039/8810 [00:04<00:00, 1709.83it/s]
 94%|█████████▍| 8275/8810 [00:04<00:00, 1870.72it/s]
 96%|█████████▌| 8469/8810 [00:04<00:00, 1829.57it/s]
 99%|█████████▉| 8702/8810 [00:04<00:00, 1887.80it/s]
100%|██████████| 8810/8810 [00:04<00:00, 1931.41it/s]
