
  0%|          | 0/8810 [00:00<?, ?it/s]
  4%|▍         | 352/8810 [00:00<00:02, 3514.49it/s]
  8%|▊         | 704/8810 [00:00<00:02, 3311.16it/s]
 12%|█▏        | 1036/8810 [00:00<00:02, 3277.34it/s]
 16%|█▋        | 1446/8810 [00:00<00:02, 3585.05it/s]
 20%|██        | 1806/8810 [00:00<00:02, 3462.74it/s]
 24%|██▍       | 2154/8810 [00:00<00:01, 3426.76it/s]
 28%|██▊       | 2498/8810 [00:00<00:01, 3398.24it/s]
 32%|███▏      | 2839/8810 [00:00<00:01, 3367.68it/s]
 36%|███▌      | 3177/8810 [00:00<00:01, 3291.22it/s]
 40%|███▉      | 3507/8810 [00:01<00:01, 3160.05it/s]
 44%|████▎     | 3847/8810 [00:01<00:01, 3223.74it/s]
 47%|████▋     | 4180/8810 [00:01<00:01, 3250.45it/s]
 52%|█████▏    | 4571/8810 [00:01<00:01, 3438.95it/s]
 56%|█████▌    | 4916/8810 [00:01<00:01, 3039.21it/s]
 59%|█████▉    | 5229/8810 [00:01<00:01, 2806.09it/s]
 63%|██████▎   | 5550/8810 [00:01<00:01, 2911.93it/s]
 66%|██████▋   | 5853/8810 [00:01<00:01, 2941.26it/s]
 70%|██████▉   | 6153/8810 [00:01<00:00, 2830.37it/s]
 73%|███████▎  | 6455/8810 [00:02<00:00, 2880.79it/s]
 78%|███████▊  | 6900/8810 [00:02<00:00, 3322.65it/s]
 82%|████████▏ | 7238/8810 [00:02<00:00, 3278.48it/s]
 86%|████████▌ | 7570/8810 [00:02<00:00, 3163.18it/s]
 90%|████████▉ | 7890/8810 [00:02<00:00, 3103.05it/s]
 93%|█████████▎| 8203/8810 [00:02<00:00, 2959.82it/s]
 97%|█████████▋| 8502/8810 [00:02<00:00, 2885.15it/s]
100%|██████████| 8810/8810 [00:02<00:00, 3137.22it/s]
