
  0%|          | 0/8810 [00:00<?, ?it/s]
  2%|▏         | 181/8810 [00:00<00:04, 1771.19it/s]
  5%|▌         | 469/8810 [00:00<00:03, 2412.99it/s]
  8%|▊         | 711/8810 [00:00<00:03, 2126.33it/s]
 11%|█▏        | 996/8810 [00:00<00:03, 2223.93it/s]
 14%|█▍        | 1270/8810 [00:00<00:03, 2390.18it/s]
 17%|█▋        | 1513/8810 [00:00<00:03, 2227.83it/s]
 21%|██        | 1821/8810 [00:00<00:02, 2368.09it/s]
 25%|██▍       | 2175/8810 [00:00<00:02, 2701.04it/s]
 28%|██▊       | 2450/8810 [00:01<00:02, 2494.46it/s]
 31%|███       | 2744/8810 [00:01<00:02, 2467.57it/s]
 35%|███▍      | 3057/8810 [00:01<00:02, 2478.56it/s]
 38%|███▊      | 3375/8810 [00:01<00:02, 2661.57it/s]
 41%|████▏     | 3646/8810 [00:01<00:02, 2483.83it/s]
 44%|████▍     | 3899/8810 [00:01<00:01, 2488.71it/s]
 48%|████▊     | 4214/8810 [00:01<00:01, 2668.96it/s]
 52%|█████▏    | 4572/8810 [00:01<00:01, 2925.46it/s]
 55%|█████▌    | 4869/8810 [00:01<00:01, 2770.71it/s]
 58%|█████▊    | 5151/8810 [00:02<00:01, 2578.89it/s]
 61%|██████▏   | 5414/8810 [00:02<00:01, 2449.44it/s]
 65%|██████▌   | 5744/8810 [00:02<00:01, 2675.23it/s]
 68%|██████▊   | 6017/8810 [00:02<00:01, 2516.19it/s]
 72%|███████▏  | 6300/8810 [00:02<00:00, 2598.22it/s]
 75%|███████▍  | 6565/8810 [00:02<00:00, 2600.21it/s]
 79%|███████▉  | 6967/8810 [00:02<00:00, 3001.89it/s]
 83%|████████▎ | 7272/8810 [00:02<00:00, 2779.52it/s]
 86%|████████▌ | 7556/8810 [00:02<00:00, 2641.44it/s]
 89%|████████▉ | 7826/8810 [00:03<00:00, 2611.23it/s]
 92%|█████████▏| 8091/8810 [00:03<00:00, 2518.10it/s]
 95%|█████████▍| 8361/8810 [00:03<00:00, 2510.98it/s]
 99%|█████████▉| 8702/8810 [00:03<00:00, 2594.60it/s]
100%|██████████| 8810/8810 [00:03<00:00, 2564.81it/s]
