
  0%|          | 0/8810 [00:00<?, ?it/s]
  4%|▍         | 342/8810 [00:00<00:02, 3408.08it/s]
  8%|▊         | 688/8810 [00:00<00:02, 3435.87it/s]
 12%|█▏        | 1032/8810 [00:00<00:02, 3245.13it/s]
 16%|█▌        | 1415/8810 [00:00<00:02, 3459.67it/s]
 20%|██        | 1763/8810 [00:00<00:02, 3401.59it/s]
 24%|██▍       | 2105/8810 [00:00<00:02, 3301.04it/s]
 28%|██▊       | 2437/8810 [00:00<00:01, 3264.51it/s]
 31%|███▏      | 2766/8810 [00:00<00:01, 3271.08it/s]
 35%|███▌      | 3094/8810 [00:00<00:01, 3231.92it/s]
 39%|███▉      | 3418/8810 [00:01<00:01, 3112.79it/s]
 43%|████▎     | 3774/8810 [00:01<00:01, 3202.59it/s]
 47%|████▋     | 4180/8810 [00:01<00:01, 3309.97it/s]
 52%|█████▏    | 4579/8810 [00:01<00:01, 3500.70it/s]
 56%|█████▌    | 4931/8810 [00:01<00:01, 3244.87it/s]
 60%|█████▉    | 5260/8810 [00:01<00:01, 3235.89it/s]
 63%|██████▎   | 5587/8810 [00:01<00:01, 3202.95it/s]
 67%|██████▋   | 5909/8810 [00:01<00:00, 3062.11it/s]
 71%|███████   | 6218/8810 [00:01<00:00, 3017.62it/s]
 74%|███████▍  | 6521/8810 [00:02<00:00, 2891.04it/s]
 79%|███████▊  | 6937/8810 [00:02<00:00, 3240.07it/s]
 82%|████████▏ | 7265/8810 [00:02<00:00, 2840.44it/s]
 86%|████████▌ | 7560/8810 [00:02<00:00, 2726.83it/s]
 89%|████████▉ | 7840/8810 [00:02<00:00, 2587.84it/s]
 92%|█████████▏| 8105/8810 [00:02<00:00, 2577.78it/s]
 95%|█████████▍| 8367/8810 [00:02<00:00, 2502.98it/s]
 98%|█████████▊| 8620/8810 [00:02<00:00, 2503.48it/s]
100%|██████████| 8810/8810 [00:02<00:00, 2981.81it/s]
