
  0%|          | 0/8810 [00:00<?, ?it/s]
  3%|▎         | 280/8810 [00:00<00:03, 2793.48it/s]
  7%|▋         | 617/8810 [00:00<00:02, 3115.46it/s]
 11%|█         | 929/8810 [00:00<00:02, 2743.23it/s]
 14%|█▍        | 1219/8810 [00:00<00:02, 2793.61it/s]
 17%|█▋        | 1502/8810 [00:00<00:02, 2701.33it/s]
 20%|██        | 1803/8810 [00:00<00:02, 2798.76it/s]
 24%|██▎       | 2085/8810 [00:00<00:02, 2608.45it/s]
 27%|██▋       | 2350/8810 [00:00<00:02, 2423.78it/s]
 31%|███       | 2744/8810 [00:01<00:02, 2696.96it/s]
 34%|███▍      | 3017/8810 [00:01<00:02, 2705.70it/s]
 37%|███▋      | 3290/8810 [00:01<00:02, 2500.62it/s]
 40%|████      | 3554/8810 [00:01<00:02, 2537.35it/s]
 43%|████▎     | 3811/8810 [00:01<00:01, 2500.64it/s]
 46%|████▌     | 4063/8810 [00:01<00:02, 2364.62it/s]
 49%|████▉     | 4302/8810 [00:01<00:01, 2332.83it/s]
 52%|█████▏    | 4625/8810 [00:01<00:01, 2403.03it/s]
 55%|█████▌    | 4875/8810 [00:01<00:01, 2426.72it/s]
 58%|█████▊    | 5119/8810 [00:02<00:01, 2371.21it/s]
 61%|██████    | 5377/8810 [00:02<00:01, 2426.69it/s]
 64%|██████▍   | 5621/8810 [00:02<00:01, 2335.56it/s]
 66%|██████▋   | 5856/8810 [00:02<00:01, 2189.90it/s]
 69%|██████▉   | 6077/8810 [00:02<00:01, 2178.89it/s]
 72%|███████▏  | 6381/8810 [00:02<00:01, 2416.95it/s]
 75%|███████▌  | 6626/8810 [00:02<00:00, 2387.37it/s]
 79%|███████▉  | 6972/8810 [00:02<00:00, 2553.48it/s]
 83%|████████▎ | 7290/8810 [00:02<00:00, 2727.50it/s]
 86%|████████▌ | 7565/8810 [00:03<00:00, 2499.63it/s]
 89%|████████▉ | 7819/8810 [00:03<00:00, 2289.97it/s]
 91%|█████████▏| 8053/8810 [00:03<00:00, 2096.20it/s]
 94%|█████████▍| 8268/8810 [00:03<00:00, 2075.75it/s]
 96%|█████████▌| 8479/8810 [00:03<00:00, 2009.74it/s]
 99%|█████████▉| 8702/8810 [00:03<00:00, 2044.61it/s]
100%|██████████| 8810/8810 [00:03<00:00, 2413.76it/s]
