
  0%|          | 0/8810 [00:00<?, ?it/s]
  2%|▏         | 181/8810 [00:00<00:06, 1427.22it/s]
  5%|▍         | 421/8810 [00:00<00:04, 1939.49it/s]
  7%|▋         | 621/8810 [00:00<00:04, 1913.28it/s]
  9%|▉         | 816/8810 [00:00<00:04, 1620.32it/s]
 11%|█▏        | 996/8810 [00:00<00:05, 1499.70it/s]
 13%|█▎        | 1181/8810 [00:00<00:04, 1598.47it/s]
 15%|█▌        | 1347/8810 [00:00<00:04, 1548.88it/s]
 17%|█▋        | 1506/8810 [00:00<00:05, 1403.58it/s]
 19%|█▉        | 1673/8810 [00:01<00:04, 1473.80it/s]
 21%|██        | 1825/8810 [00:01<00:04, 1421.26it/s]
 22%|██▏       | 1970/8810 [00:01<00:04, 1429.07it/s]
 25%|██▍       | 2167/8810 [00:01<00:04, 1579.40it/s]
 26%|██▋       | 2328/8810 [00:01<00:04, 1380.99it/s]
 29%|██▊       | 2515/8810 [00:01<00:04, 1506.67it/s]
 31%|███       | 2743/8810 [00:01<00:03, 1714.49it/s]
 33%|███▎      | 2921/8810 [00:01<00:03, 1554.95it/s]
 35%|███▌      | 3084/8810 [00:02<00:03, 1510.52it/s]
 37%|███▋      | 3243/8810 [00:02<00:03, 1522.10it/s]
 39%|███▊      | 3410/8810 [00:02<00:03, 1483.64it/s]
 41%|████      | 3589/8810 [00:02<00:03, 1564.09it/s]
 43%|████▎     | 3774/8810 [00:02<00:03, 1516.70it/s]
 45%|████▍     | 3955/8810 [00:02<00:03, 1594.30it/s]
 47%|████▋     | 4180/8810 [00:02<00:02, 1612.21it/s]
 50%|█████     | 4419/8810 [00:02<00:02, 1817.49it/s]
 52%|█████▏    | 4605/8810 [00:02<00:02, 1819.85it/s]
 54%|█████▍    | 4790/8810 [00:03<00:02, 1595.23it/s]
 56%|█████▋    | 4956/8810 [00:03<00:02, 1443.62it/s]
 59%|█████▊    | 5166/8810 [00:03<00:02, 1605.75it/s]
 61%|██████    | 5364/8810 [00:03<00:02, 1702.74it/s]
 63%|██████▎   | 5541/8810 [00:03<00:01, 1640.52it/s]
 65%|██████▌   | 5754/8810 [00:03<00:01, 1621.48it/s]
 67%|██████▋   | 5920/8810 [00:03<00:01, 1567.10it/s]
 69%|██████▉   | 6079/8810 [00:03<00:01, 1516.40it/s]
 71%|███████   | 6263/8810 [00:03<00:01, 1601.41it/s]
 73%|███████▎  | 6426/8810 [00:04<00:01, 1498.11it/s]
 75%|███████▌  | 6627/8810 [00:04<00:01, 1633.50it/s]
 78%|███████▊  | 6857/8810 [00:04<00:01, 1816.45it/s]
 80%|███████▉  | 7043/8810 [00:04<00:01, 1635.01it/s]
 82%|████████▏ | 7213/8810 [00:04<00:01, 1569.55it/s]
 84%|████████▎ | 7374/8810 [00:04<00:00, 1496.56it/s]
 85%|████████▌ | 7527/8810 [00:04<00:00, 1461.03it/s]
 88%|████████▊ | 7712/8810 [00:04<00:00, 1562.39it/s]
 89%|████████▉ | 7871/8810 [00:05<00:00, 1368.65it/s]
 91%|█████████ | 8014/8810 [00:05<00:00, 1370.65it/s]
 93%|█████████▎| 8155/8810 [00:05<00:00, 1238.69it/s]
 94%|█████████▍| 8301/8810 [00:05<00:00, 1294.47it/s]
 96%|█████████▌| 8435/8810 [00:05<00:00, 1205.33it/s]
 98%|█████████▊| 8634/8810 [00:05<00:00, 1404.64it/s]
100%|█████████▉| 8780/8810 [00:05<00:00, 1366.06it/s]
100%|██████████| 8810/8810 [00:05<00:00, 1528.79it/s]
