
  0%|          | 0/8810 [00:00<?, ?it/s]
  2%|▏         | 181/8810 [00:00<00:04, 1742.67it/s]
  4%|▍         | 362/8810 [00:00<00:04, 1781.55it/s]
  7%|▋         | 637/8810 [00:00<00:03, 2216.17it/s]
 10%|▉         | 859/8810 [00:00<00:04, 1812.82it/s]
 12%|█▏        | 1050/8810 [00:00<00:04, 1796.56it/s]
 15%|█▌        | 1325/8810 [00:00<00:03, 2085.27it/s]
 17%|█▋        | 1541/8810 [00:00<00:03, 2003.64it/s]
 21%|██        | 1821/8810 [00:00<00:03, 2174.88it/s]
 23%|██▎       | 2043/8810 [00:01<00:03, 2161.41it/s]
 26%|██▌       | 2263/8810 [00:01<00:03, 2041.32it/s]
 28%|██▊       | 2470/8810 [00:01<00:03, 2017.87it/s]
 31%|███       | 2744/8810 [00:01<00:02, 2087.05it/s]
 34%|███▎      | 2971/8810 [00:01<00:02, 2134.02it/s]
 36%|███▌      | 3186/8810 [00:01<00:02, 1918.89it/s]
 39%|███▊      | 3410/8810 [00:01<00:02, 1880.13it/s]
 42%|████▏     | 3657/8810 [00:01<00:02, 2031.99it/s]
 44%|████▍     | 3865/8810 [00:01<00:02, 1964.17it/s]
 47%|████▋     | 4153/8810 [00:02<00:02, 2209.40it/s]
 50%|████▉     | 4379/8810 [00:02<00:02, 2172.88it/s]
 52%|█████▏    | 4625/8810 [00:02<00:02, 2084.69it/s]
 55%|█████▍    | 4837/8810 [00:02<00:01, 2068.49it/s]
 57%|█████▋    | 5046/8810 [00:02<00:02, 1845.70it/s]
 59%|█████▉    | 5236/8810 [00:02<00:01, 1849.00it/s]
 62%|██████▏   | 5425/8810 [00:02<00:01, 1737.52it/s]
 65%|██████▍   | 5699/8810 [00:02<00:01, 1999.11it/s]
 67%|██████▋   | 5905/8810 [00:03<00:01, 1752.75it/s]
 69%|██████▉   | 6089/8810 [00:03<00:01, 1633.20it/s]
 72%|███████▏  | 6323/8810 [00:03<00:01, 1807.59it/s]
 74%|███████▍  | 6512/8810 [00:03<00:01, 1760.25it/s]
 77%|███████▋  | 6776/8810 [00:03<00:01, 1991.69it/s]
 79%|███████▉  | 6982/8810 [00:03<00:00, 1926.22it/s]
 82%|████████▏ | 7182/8810 [00:03<00:00, 1940.73it/s]
 84%|████████▍ | 7380/8810 [00:03<00:00, 1908.23it/s]
 86%|████████▌ | 7574/8810 [00:03<00:00, 1729.99it/s]
 88%|████████▊ | 7752/8810 [00:04<00:00, 1644.87it/s]
 90%|█████████ | 7949/8810 [00:04<00:00, 1729.20it/s]
 92%|█████████▏| 8126/8810 [00:04<00:00, 1519.24it/s]
 94%|█████████▍| 8310/8810 [00:04<00:00, 1597.07it/s]
 96%|█████████▌| 8476/8810 [00:04<00:00, 1522.81it/s]
 99%|█████████▉| 8702/8810 [00:04<00:00, 1635.00it/s]
100%|██████████| 8810/8810 [00:04<00:00, 1882.84it/s]
