
  0%|          | 0/8810 [00:00<?, ?it/s]
  2%|▏         | 182/8810 [00:00<00:04, 1798.63it/s]
  5%|▌         | 460/8810 [00:00<00:03, 2365.56it/s]
  8%|▊         | 697/8810 [00:00<00:03, 2261.58it/s]
 11%|█         | 934/8810 [00:00<00:03, 2301.08it/s]
 13%|█▎        | 1165/8810 [00:00<00:03, 2172.23it/s]
 16%|█▌        | 1431/8810 [00:00<00:03, 2328.96it/s]
 19%|█▉        | 1666/8810 [00:00<00:03, 2151.06it/s]
 21%|██▏       | 1885/8810 [00:00<00:03, 2049.14it/s]
 25%|██▍       | 2187/8810 [00:00<00:02, 2323.74it/s]
 28%|██▊       | 2424/8810 [00:01<00:02, 2168.09it/s]
 31%|███       | 2744/8810 [00:01<00:02, 2233.09it/s]
 34%|███▎      | 2970/8810 [00:01<00:02, 2069.35it/s]
 36%|███▌      | 3180/8810 [00:01<00:02, 1917.20it/s]
 39%|███▊      | 3410/8810 [00:01<00:02, 1928.29it/s]
 42%|████▏     | 3694/8810 [00:01<00:02, 2160.20it/s]
 44%|████▍     | 3916/8810 [00:01<00:02, 2025.76it/s]
 47%|████▋     | 4180/8810 [00:01<00:02, 2125.93it/s]
 50%|█████     | 4418/8810 [00:02<00:02, 2192.93it/s]
 53%|█████▎    | 4641/8810 [00:02<00:02, 2057.23it/s]
 55%|█████▌    | 4875/8810 [00:02<00:01, 2131.31it/s]
 58%|█████▊    | 5092/8810 [00:02<00:01, 2002.29it/s]
 61%|██████    | 5365/8810 [00:02<00:01, 2197.99it/s]
 63%|██████▎   | 5590/8810 [00:02<00:01, 2157.46it/s]
 66%|██████▌   | 5809/8810 [00:02<00:01, 2081.81it/s]
 68%|██████▊   | 6020/8810 [00:02<00:01, 2003.67it/s]
 71%|███████   | 6223/8810 [00:02<00:01, 1974.27it/s]
 73%|███████▎  | 6422/8810 [00:03<00:01, 1965.79it/s]
 75%|███████▌  | 6627/8810 [00:03<00:01, 1987.49it/s]
 79%|███████▊  | 6936/8810 [00:03<00:00, 2304.46it/s]
 81%|████████▏ | 7169/8810 [00:03<00:00, 2114.09it/s]
 84%|████████▍ | 7385/8810 [00:03<00:00, 2116.13it/s]
 86%|████████▋ | 7620/8810 [00:03<00:00, 2181.68it/s]
 89%|████████▉ | 7841/8810 [00:03<00:00, 1954.34it/s]
 91%|█████████▏| 8043/8810 [00:03<00:00, 1828.46it/s]
 94%|█████████▎| 8259/8810 [00:03<00:00, 1915.15it/s]
 96%|█████████▌| 8456/8810 [00:04<00:00, 1844.28it/s]
 99%|█████████▉| 8702/8810 [00:04<00:00, 1863.60it/s]
100%|██████████| 8810/8810 [00:04<00:00, 2073.52it/s]
