
  0%|          | 0/8810 [00:00<?, ?it/s]
  2%|▏         | 181/8810 [00:00<00:04, 1790.49it/s]
  5%|▍         | 440/8810 [00:00<00:03, 2251.94it/s]
  8%|▊         | 666/8810 [00:00<00:03, 2250.37it/s]
 10%|█         | 898/8810 [00:00<00:03, 2274.29it/s]
 13%|█▎        | 1126/8810 [00:00<00:03, 2116.03it/s]
 15%|█▌        | 1365/8810 [00:00<00:03, 2203.97it/s]
 18%|█▊        | 1588/8810 [00:00<00:03, 2096.58it/s]
 21%|██        | 1821/8810 [00:00<00:03, 2028.44it/s]
 23%|██▎       | 2035/8810 [00:00<00:03, 2056.37it/s]
 26%|██▌       | 2263/8810 [00:01<00:03, 1973.93it/s]
 29%|██▊       | 2523/8810 [00:01<00:02, 2145.29it/s]
 31%|███       | 2744/8810 [00:01<00:02, 2156.37it/s]
 34%|███▎      | 2962/8810 [00:01<00:02, 2086.57it/s]
 36%|███▌      | 3173/8810 [00:01<00:02, 1922.27it/s]
 39%|███▊      | 3408/8810 [00:01<00:02, 2036.00it/s]
 41%|████      | 3615/8810 [00:01<00:02, 2030.01it/s]
 43%|████▎     | 3821/8810 [00:01<00:02, 1976.34it/s]
 47%|████▋     | 4098/8810 [00:01<00:02, 2199.00it/s]
 49%|████▉     | 4321/8810 [00:02<00:02, 2133.05it/s]
 52%|█████▏    | 4578/8810 [00:02<00:01, 2256.27it/s]
 55%|█████▍    | 4806/8810 [00:02<00:01, 2121.93it/s]
 57%|█████▋    | 5022/8810 [00:02<00:01, 2030.67it/s]
 60%|██████    | 5291/8810 [00:02<00:01, 2208.53it/s]
 63%|██████▎   | 5516/8810 [00:02<00:01, 2066.20it/s]
 65%|██████▌   | 5754/8810 [00:02<00:01, 2053.40it/s]
 68%|██████▊   | 5962/8810 [00:02<00:01, 2000.98it/s]
 70%|██████▉   | 6164/8810 [00:02<00:01, 1882.84it/s]
 73%|███████▎  | 6400/8810 [00:03<00:01, 1823.28it/s]
 75%|███████▌  | 6650/8810 [00:03<00:01, 1995.00it/s]
 78%|███████▊  | 6898/8810 [00:03<00:00, 2123.56it/s]
 81%|████████  | 7115/8810 [00:03<00:00, 2058.02it/s]
 83%|████████▎ | 7350/8810 [00:03<00:00, 2133.15it/s]
 86%|████████▌ | 7567/8810 [00:03<00:00, 1891.44it/s]
 88%|████████▊ | 7763/8810 [00:03<00:00, 1742.08it/s]
 91%|█████████ | 7977/8810 [00:03<00:00, 1840.09it/s]
 93%|█████████▎| 8167/8810 [00:04<00:00, 1615.37it/s]
 95%|█████████▍| 8361/8810 [00:04<00:00, 1565.08it/s]
 97%|█████████▋| 8549/8810 [00:04<00:00, 1641.83it/s]
 99%|█████████▉| 8719/8810 [00:04<00:00, 1612.96it/s]
100%|██████████| 8810/8810 [00:04<00:00, 1968.86it/s]
