
  0%|          | 0/8810 [00:00<?, ?it/s]
  2%|▏         | 181/8810 [00:00<00:05, 1461.11it/s]
  5%|▍         | 411/8810 [00:00<00:04, 1904.05it/s]
  7%|▋         | 606/8810 [00:00<00:04, 1916.76it/s]
  9%|▉         | 801/8810 [00:00<00:04, 1644.89it/s]
 11%|█         | 986/8810 [00:00<00:04, 1709.58it/s]
 13%|█▎        | 1162/8810 [00:00<00:04, 1613.82it/s]
 15%|█▌        | 1340/8810 [00:00<00:04, 1653.16it/s]
 17%|█▋        | 1509/8810 [00:00<00:04, 1518.04it/s]
 19%|█▉        | 1670/8810 [00:01<00:04, 1538.51it/s]
 21%|██        | 1827/8810 [00:01<00:04, 1441.30it/s]
 23%|██▎       | 1987/8810 [00:01<00:04, 1483.06it/s]
 25%|██▍       | 2186/8810 [00:01<00:04, 1621.55it/s]
 27%|██▋       | 2351/8810 [00:01<00:04, 1467.82it/s]
 29%|██▉       | 2594/8810 [00:01<00:03, 1717.90it/s]
 31%|███▏      | 2772/8810 [00:01<00:03, 1531.23it/s]
 33%|███▎      | 2937/8810 [00:01<00:03, 1561.37it/s]
 35%|███▌      | 3099/8810 [00:01<00:03, 1480.58it/s]
 37%|███▋      | 3252/8810 [00:02<00:03, 1436.06it/s]
 39%|███▊      | 3410/8810 [00:02<00:03, 1460.08it/s]
 41%|████      | 3585/8810 [00:02<00:03, 1535.68it/s]
 43%|████▎     | 3760/8810 [00:02<00:03, 1593.27it/s]
 45%|████▍     | 3922/8810 [00:02<00:03, 1375.35it/s]
 47%|████▋     | 4124/8810 [00:02<00:03, 1542.62it/s]
 49%|████▊     | 4286/8810 [00:02<00:03, 1457.11it/s]
 51%|█████     | 4503/8810 [00:02<00:02, 1645.39it/s]
 53%|█████▎    | 4674/8810 [00:03<00:02, 1506.60it/s]
 55%|█████▍    | 4834/8810 [00:03<00:02, 1529.98it/s]
 57%|█████▋    | 4992/8810 [00:03<00:02, 1412.16it/s]
 59%|█████▊    | 5172/8810 [00:03<00:02, 1513.34it/s]
 61%|██████    | 5350/8810 [00:03<00:02, 1585.79it/s]
 63%|██████▎   | 5513/8810 [00:03<00:02, 1406.79it/s]
 65%|██████▍   | 5724/8810 [00:03<00:01, 1588.41it/s]
 67%|██████▋   | 5890/8810 [00:03<00:02, 1446.10it/s]
 69%|██████▊   | 6042/8810 [00:03<00:02, 1315.28it/s]
 71%|███████   | 6272/8810 [00:04<00:01, 1558.81it/s]
 73%|███████▎  | 6437/8810 [00:04<00:01, 1435.53it/s]
 75%|███████▍  | 6589/8810 [00:04<00:01, 1455.18it/s]
 78%|███████▊  | 6832/8810 [00:04<00:01, 1713.61it/s]
 80%|███████▉  | 7011/8810 [00:04<00:01, 1601.62it/s]
 81%|████████▏ | 7178/8810 [00:04<00:01, 1531.21it/s]
 84%|████████▎ | 7360/8810 [00:04<00:00, 1494.34it/s]
 85%|████████▌ | 7518/8810 [00:04<00:00, 1516.49it/s]
 88%|████████▊ | 7711/8810 [00:05<00:00, 1627.74it/s]
 89%|████████▉ | 7877/8810 [00:05<00:00, 1466.35it/s]
 91%|█████████ | 8037/8810 [00:05<00:00, 1332.90it/s]
 93%|█████████▎| 8199/8810 [00:05<00:00, 1402.43it/s]
 95%|█████████▍| 8361/8810 [00:05<00:00, 1327.43it/s]
 97%|█████████▋| 8526/8810 [00:05<00:00, 1406.20it/s]
 99%|█████████▊| 8697/8810 [00:05<00:00, 1484.01it/s]
100%|██████████| 8810/8810 [00:05<00:00, 1509.84it/s]
