
  0%|          | 0/8810 [00:00<?, ?it/s]
  2%|▏         | 186/8810 [00:00<00:04, 1850.16it/s]
  5%|▌         | 466/8810 [00:00<00:03, 2400.08it/s]
  8%|▊         | 707/8810 [00:00<00:03, 2148.78it/s]
 11%|█         | 937/8810 [00:00<00:03, 2202.42it/s]
 13%|█▎        | 1160/8810 [00:00<00:03, 2049.31it/s]
 16%|█▋        | 1446/8810 [00:00<00:03, 2302.87it/s]
 19%|█▉        | 1681/8810 [00:00<00:03, 2158.21it/s]
 22%|██▏       | 1901/8810 [00:00<00:03, 2032.24it/s]
 25%|██▌       | 2204/8810 [00:00<00:02, 2311.09it/s]
 28%|██▊       | 2441/8810 [00:01<00:02, 2187.51it/s]
 31%|███       | 2744/8810 [00:01<00:02, 2182.26it/s]
 34%|███▎      | 2968/8810 [00:01<00:02, 2191.62it/s]
 36%|███▌      | 3190/8810 [00:01<00:02, 1915.06it/s]
 38%|███▊      | 3388/8810 [00:01<00:02, 1910.72it/s]
 41%|████      | 3584/8810 [00:01<00:02, 1770.35it/s]
 43%|████▎     | 3774/8810 [00:01<00:02, 1693.18it/s]
 45%|████▌     | 3969/8810 [00:01<00:02, 1758.87it/s]
 47%|████▋     | 4180/8810 [00:02<00:02, 1728.19it/s]
 51%|█████     | 4482/8810 [00:02<00:02, 2066.33it/s]
 53%|█████▎    | 4695/8810 [00:02<00:02, 1878.74it/s]
 56%|█████▌    | 4894/8810 [00:02<00:02, 1904.35it/s]
 58%|█████▊    | 5090/8810 [00:02<00:02, 1853.48it/s]
 61%|██████    | 5372/8810 [00:02<00:01, 1954.62it/s]
 64%|██████▍   | 5628/8810 [00:02<00:01, 2112.10it/s]
 66%|██████▋   | 5843/8810 [00:02<00:01, 2000.19it/s]
 69%|██████▊   | 6046/8810 [00:03<00:01, 1774.05it/s]
 72%|███████▏  | 6301/8810 [00:03<00:01, 1968.28it/s]
 74%|███████▍  | 6506/8810 [00:03<00:01, 1915.20it/s]
 77%|███████▋  | 6822/8810 [00:03<00:00, 2247.70it/s]
 80%|████████  | 7055/8810 [00:03<00:00, 2195.66it/s]
 83%|████████▎ | 7298/8810 [00:03<00:00, 2257.04it/s]
 85%|████████▌ | 7528/8810 [00:03<00:00, 2101.81it/s]
 88%|████████▊ | 7743/8810 [00:03<00:00, 2074.65it/s]
 91%|█████████ | 7982/8810 [00:03<00:00, 2156.45it/s]
 93%|█████████▎| 8201/8810 [00:04<00:00, 1975.69it/s]
 95%|█████████▌| 8403/8810 [00:04<00:00, 1978.84it/s]
 99%|█████████▊| 8685/8810 [00:04<00:00, 2207.72it/s]
100%|██████████| 8810/8810 [00:04<00:00, 2029.90it/s]
