
  0%|          | 0/8810 [00:00<?, ?it/s]
  1%|▏         | 132/8810 [00:00<00:06, 1315.41it/s]
  3%|▎         | 264/8810 [00:00<00:07, 1197.64it/s]
  5%|▍         | 412/8810 [00:00<00:06, 1313.08it/s]
  7%|▋         | 588/8810 [00:00<00:05, 1482.89it/s]
  8%|▊         | 738/8810 [00:00<00:06, 1312.06it/s]
 10%|█         | 884/8810 [00:00<00:05, 1353.01it/s]
 12%|█▏        | 1023/8810 [00:00<00:06, 1215.44it/s]
 13%|█▎        | 1158/8810 [00:00<00:06, 1248.73it/s]
 15%|█▍        | 1286/8810 [00:01<00:06, 1246.49it/s]
 16%|█▋        | 1433/8810 [00:01<00:05, 1307.56it/s]
 18%|█▊        | 1566/8810 [00:01<00:06, 1180.95it/s]
 20%|██        | 1777/8810 [00:01<00:04, 1426.97it/s]
 22%|██▏       | 1925/8810 [00:01<00:05, 1212.04it/s]
 24%|██▎       | 2090/8810 [00:01<00:05, 1317.70it/s]
 26%|██▌       | 2263/8810 [00:01<00:05, 1287.43it/s]
 28%|██▊       | 2445/8810 [00:01<00:04, 1420.33it/s]
 30%|██▉       | 2619/8810 [00:01<00:04, 1505.03it/s]
 32%|███▏      | 2776/8810 [00:02<00:04, 1364.44it/s]
 33%|███▎      | 2922/8810 [00:02<00:04, 1384.91it/s]
 35%|███▍      | 3065/8810 [00:02<00:04, 1297.07it/s]
 36%|███▋      | 3205/8810 [00:02<00:04, 1321.57it/s]
 38%|███▊      | 3359/8810 [00:02<00:03, 1376.91it/s]
 40%|███▉      | 3500/8810 [00:02<00:04, 1268.84it/s]
 42%|████▏     | 3690/8810 [00:02<00:03, 1430.79it/s]
 44%|████▎     | 3837/8810 [00:02<00:03, 1315.93it/s]
 46%|████▌     | 4028/8810 [00:02<00:03, 1471.19it/s]
 47%|████▋     | 4180/8810 [00:03<00:03, 1425.34it/s]
 50%|████▉     | 4381/8810 [00:03<00:02, 1581.29it/s]
 52%|█████▏    | 4543/8810 [00:03<00:02, 1493.83it/s]
 53%|█████▎    | 4696/8810 [00:03<00:03, 1343.64it/s]
 55%|█████▌    | 4854/8810 [00:03<00:02, 1403.93it/s]
 57%|█████▋    | 4999/8810 [00:03<00:02, 1303.85it/s]
 59%|█████▊    | 5173/8810 [00:03<00:02, 1407.63it/s]
 61%|██████    | 5357/8810 [00:03<00:02, 1522.94it/s]
 63%|██████▎   | 5514/8810 [00:04<00:02, 1430.84it/s]
 65%|██████▍   | 5705/8810 [00:04<00:01, 1559.15it/s]
 67%|██████▋   | 5865/8810 [00:04<00:02, 1390.15it/s]
 68%|██████▊   | 6010/8810 [00:04<00:02, 1398.36it/s]
 70%|██████▉   | 6154/8810 [00:04<00:01, 1371.40it/s]
 72%|███████▏  | 6342/8810 [00:04<00:01, 1502.52it/s]
 74%|███████▎  | 6496/8810 [00:04<00:01, 1382.76it/s]
 76%|███████▋  | 6724/8810 [00:04<00:01, 1622.24it/s]
 78%|███████▊  | 6897/8810 [00:04<00:01, 1649.62it/s]
 80%|████████  | 7066/8810 [00:05<00:01, 1472.33it/s]
 82%|████████▏ | 7220/8810 [00:05<00:01, 1394.79it/s]
 84%|████████▎ | 7364/8810 [00:05<00:01, 1347.92it/s]
 85%|████████▌ | 7505/8810 [00:05<00:00, 1361.19it/s]
 87%|████████▋ | 7675/8810 [00:05<00:00, 1451.45it/s]
 89%|████████▉ | 7823/8810 [00:05<00:00, 1311.16it/s]
 91%|█████████ | 7997/8810 [00:05<00:00, 1420.20it/s]
 92%|█████████▏| 8144/8810 [00:05<00:00, 1315.52it/s]
 94%|█████████▍| 8307/8810 [00:06<00:00, 1397.56it/s]
 96%|█████████▌| 8451/8810 [00:06<00:00, 1294.81it/s]
 98%|█████████▊| 8624/8810 [00:06<00:00, 1401.14it/s]
100%|█████████▉| 8768/8810 [00:06<00:00, 1287.67it/s]
100%|██████████| 8810/8810 [00:06<00:00, 1376.18it/s]
