
  0%|          | 0/8810 [00:00<?, ?it/s]
  4%|▎         | 318/8810 [00:00<00:02, 3179.78it/s]
  8%|▊         | 682/8810 [00:00<00:02, 3448.88it/s]
 12%|█▏        | 1027/8810 [00:00<00:02, 3382.60it/s]
 16%|█▌        | 1417/8810 [00:00<00:02, 3575.54it/s]
 20%|██        | 1775/8810 [00:00<00:01, 3572.69it/s]
 24%|██▍       | 2133/8810 [00:00<00:01, 3486.02it/s]
 28%|██▊       | 2483/8810 [00:00<00:01, 3452.87it/s]
 33%|███▎      | 2870/8810 [00:00<00:01, 3578.30it/s]
 37%|███▋      | 3229/8810 [00:00<00:01, 3466.29it/s]
 41%|████      | 3577/8810 [00:01<00:01, 3263.82it/s]
 44%|████▍     | 3906/8810 [00:01<00:01, 3216.50it/s]
 49%|████▉     | 4295/8810 [00:01<00:01, 3406.64it/s]
 53%|█████▎    | 4638/8810 [00:01<00:01, 3377.68it/s]
 57%|█████▋    | 4978/8810 [00:01<00:01, 3224.72it/s]
 61%|██████    | 5372/8810 [00:01<00:01, 3312.88it/s]
 65%|██████▌   | 5754/8810 [00:01<00:00, 3356.26it/s]
 69%|██████▉   | 6091/8810 [00:01<00:00, 3246.49it/s]
 73%|███████▎  | 6417/8810 [00:01<00:00, 3190.52it/s]
 78%|███████▊  | 6857/8810 [00:02<00:00, 3530.19it/s]
 82%|████████▏ | 7213/8810 [00:02<00:00, 3419.46it/s]
 86%|████████▌ | 7558/8810 [00:02<00:00, 3316.71it/s]
 90%|████████▉ | 7892/8810 [00:02<00:00, 3281.38it/s]
 93%|█████████▎| 8222/8810 [00:02<00:00, 3149.93it/s]
 97%|█████████▋| 8545/8810 [00:02<00:00, 3169.82it/s]
100%|██████████| 8810/8810 [00:02<00:00, 3331.97it/s]
