
  0%|          | 0/8810 [00:00<?, ?it/s]
  4%|▎         | 321/8810 [00:00<00:02, 3205.52it/s]
  7%|▋         | 656/8810 [00:00<00:02, 3071.74it/s]
 11%|█▏        | 996/8810 [00:00<00:02, 2919.52it/s]
 16%|█▌        | 1386/8810 [00:00<00:02, 3272.36it/s]
 20%|█▉        | 1718/8810 [00:00<00:02, 3086.98it/s]
 23%|██▎       | 2031/8810 [00:00<00:02, 2918.29it/s]
 26%|██▋       | 2326/8810 [00:00<00:02, 2769.38it/s]
 30%|██▉       | 2628/8810 [00:00<00:02, 2839.08it/s]
 33%|███▎      | 2915/8810 [00:01<00:02, 2735.65it/s]
 36%|███▋      | 3196/8810 [00:01<00:02, 2756.02it/s]
 39%|███▉      | 3474/8810 [00:01<00:01, 2691.83it/s]
 43%|████▎     | 3774/8810 [00:01<00:01, 2759.73it/s]
 47%|████▋     | 4170/8810 [00:01<00:01, 3105.05it/s]
 51%|█████     | 4483/8810 [00:01<00:01, 3094.91it/s]
 54%|█████▍    | 4795/8810 [00:01<00:01, 2889.57it/s]
 58%|█████▊    | 5088/8810 [00:01<00:01, 2786.62it/s]
 61%|██████    | 5372/8810 [00:01<00:01, 2771.87it/s]
 65%|██████▌   | 5754/8810 [00:01<00:01, 2866.18it/s]
 69%|██████▊   | 6042/8810 [00:02<00:01, 2574.66it/s]
 73%|███████▎  | 6400/8810 [00:02<00:00, 2677.12it/s]
 77%|███████▋  | 6778/8810 [00:02<00:00, 2957.59it/s]
 80%|████████  | 7081/8810 [00:02<00:00, 2958.85it/s]
 84%|████████▍ | 7382/8810 [00:02<00:00, 2902.05it/s]
 87%|████████▋ | 7703/8810 [00:02<00:00, 2980.96it/s]
 91%|█████████ | 8004/8810 [00:02<00:00, 2787.66it/s]
 94%|█████████▍| 8287/8810 [00:02<00:00, 2678.54it/s]
 97%|█████████▋| 8558/8810 [00:03<00:00, 2683.74it/s]
100%|██████████| 8810/8810 [00:03<00:00, 2842.70it/s]
