
  0%|          | 0/8810 [00:00<?, ?it/s]
  2%|▏         | 181/8810 [00:00<00:05, 1474.44it/s]
  5%|▍         | 426/8810 [00:00<00:04, 1998.27it/s]
  7%|▋         | 647/8810 [00:00<00:03, 2089.54it/s]
 10%|▉         | 860/8810 [00:00<00:04, 1828.55it/s]
 12%|█▏        | 1049/8810 [00:00<00:04, 1644.08it/s]
 14%|█▍        | 1251/8810 [00:00<00:04, 1743.75it/s]
 17%|█▋        | 1457/8810 [00:00<00:04, 1677.29it/s]
 19%|█▊        | 1651/8810 [00:00<00:04, 1745.41it/s]
 21%|██        | 1830/8810 [00:01<00:04, 1653.16it/s]
 23%|██▎       | 2015/8810 [00:01<00:03, 1706.49it/s]
 25%|██▌       | 2229/8810 [00:01<00:03, 1827.43it/s]
 27%|██▋       | 2415/8810 [00:01<00:03, 1707.82it/s]
 30%|███       | 2669/8810 [00:01<00:03, 1935.28it/s]
 33%|███▎      | 2867/8810 [00:01<00:03, 1753.83it/s]
 35%|███▍      | 3049/8810 [00:01<00:03, 1740.73it/s]
 37%|███▋      | 3227/8810 [00:01<00:03, 1625.77it/s]
 39%|███▊      | 3407/8810 [00:01<00:03, 1670.24it/s]
 41%|████      | 3578/8810 [00:02<00:03, 1615.75it/s]
 43%|████▎     | 3774/8810 [00:02<00:03, 1578.25it/s]
 46%|████▌     | 4017/8810 [00:02<00:02, 1796.03it/s]
 48%|████▊     | 4201/8810 [00:02<00:02, 1722.64it/s]
 50%|█████     | 4430/8810 [00:02<00:02, 1875.97it/s]
 52%|█████▏    | 4625/8810 [00:02<00:02, 1776.91it/s]
 55%|█████▍    | 4806/8810 [00:02<00:02, 1736.63it/s]
 57%|█████▋    | 4982/8810 [00:02<00:02, 1577.87it/s]
 59%|█████▊    | 5173/8810 [00:02<00:02, 1662.18it/s]
 61%|██████    | 5372/8810 [00:03<00:02, 1657.23it/s]
 63%|██████▎   | 5585/8810 [00:03<00:01, 1781.92it/s]
 65%|██████▌   | 5767/8810 [00:03<00:01, 1732.69it/s]
 67%|██████▋   | 5943/8810 [00:03<00:01, 1642.37it/s]
 69%|██████▉   | 6110/8810 [00:03<00:01, 1616.03it/s]
 72%|███████▏  | 6326/8810 [00:03<00:01, 1765.84it/s]
 74%|███████▍  | 6505/8810 [00:03<00:01, 1656.06it/s]
 77%|███████▋  | 6768/8810 [00:03<00:01, 1922.17it/s]
 79%|███████▉  | 6972/8810 [00:04<00:00, 1872.08it/s]
 81%|████████▏ | 7163/8810 [00:04<00:00, 1818.06it/s]
 84%|████████▎ | 7360/8810 [00:04<00:00, 1698.36it/s]
 86%|████████▌ | 7537/8810 [00:04<00:00, 1716.18it/s]
 88%|████████▊ | 7715/8810 [00:04<00:00, 1667.86it/s]
 90%|█████████ | 7929/8810 [00:04<00:00, 1794.65it/s]
 92%|█████████▏| 8111/8810 [00:04<00:00, 1587.46it/s]
 94%|█████████▍| 8291/8810 [00:04<00:00, 1641.16it/s]
 96%|█████████▌| 8460/8810 [00:04<00:00, 1529.36it/s]
 98%|█████████▊| 8655/8810 [00:05<00:00, 1637.07it/s]
100%|██████████| 8810/8810 [00:05<00:00, 1710.18it/s]
