
  0%|          | 0/8810 [00:00<?, ?it/s]
  3%|▎         | 287/8810 [00:00<00:02, 2869.09it/s]
  7%|▋         | 656/8810 [00:00<00:02, 3111.72it/s]
 11%|█         | 979/8810 [00:00<00:02, 3159.16it/s]
 15%|█▍        | 1295/8810 [00:00<00:02, 3110.35it/s]
 18%|█▊        | 1606/8810 [00:00<00:02, 2969.94it/s]
 22%|██▏       | 1904/8810 [00:00<00:02, 2912.42it/s]
 26%|██▌       | 2263/8810 [00:00<00:02, 2974.87it/s]
 30%|███       | 2654/8810 [00:00<00:01, 3251.58it/s]
 34%|███▍      | 2981/8810 [00:00<00:01, 3113.51it/s]
 37%|███▋      | 3295/8810 [00:01<00:01, 2953.20it/s]
 41%|████      | 3593/8810 [00:01<00:01, 2931.77it/s]
 44%|████▍     | 3901/8810 [00:01<00:01, 2969.96it/s]
 48%|████▊     | 4265/8810 [00:01<00:01, 3163.19it/s]
 52%|█████▏    | 4625/8810 [00:01<00:01, 3121.64it/s]
 56%|█████▌    | 4939/8810 [00:01<00:01, 2953.00it/s]
 60%|██████    | 5303/8810 [00:01<00:01, 3142.23it/s]
 64%|██████▍   | 5621/8810 [00:01<00:01, 2944.62it/s]
 67%|██████▋   | 5920/8810 [00:01<00:01, 2804.47it/s]
 70%|███████   | 6209/8810 [00:02<00:00, 2824.58it/s]
 74%|███████▎  | 6495/8810 [00:02<00:00, 2791.84it/s]
 79%|███████▊  | 6931/8810 [00:02<00:00, 3231.08it/s]
 82%|████████▏ | 7259/8810 [00:02<00:00, 3030.67it/s]
 86%|████████▌ | 7567/8810 [00:02<00:00, 2995.22it/s]
 89%|████████▉ | 7870/8810 [00:02<00:00, 2949.96it/s]
 93%|█████████▎| 8168/8810 [00:02<00:00, 2856.20it/s]
 96%|█████████▌| 8456/8810 [00:02<00:00, 2804.09it/s]
 99%|█████████▉| 8738/8810 [00:02<00:00, 2803.94it/s]
100%|██████████| 8810/8810 [00:02<00:00, 2978.00it/s]
