
  0%|          | 0/8810 [00:00<?, ?it/s]
  2%|▏         | 186/8810 [00:00<00:04, 1849.63it/s]
  5%|▍         | 429/8810 [00:00<00:03, 2189.23it/s]
  7%|▋         | 656/8810 [00:00<00:04, 1960.05it/s]
 10%|█         | 905/8810 [00:00<00:03, 2145.52it/s]
 13%|█▎        | 1123/8810 [00:00<00:03, 2061.64it/s]
 16%|█▌        | 1415/8810 [00:00<00:03, 2327.11it/s]
 19%|█▊        | 1651/8810 [00:00<00:03, 2036.40it/s]
 21%|██        | 1863/8810 [00:00<00:03, 1854.14it/s]
 25%|██▍       | 2197/8810 [00:01<00:02, 2244.40it/s]
 28%|██▊       | 2434/8810 [00:01<00:02, 2245.66it/s]
 31%|███       | 2744/8810 [00:01<00:02, 2243.71it/s]
 34%|███▍      | 2982/8810 [00:01<00:02, 2275.41it/s]
 36%|███▋      | 3214/8810 [00:01<00:02, 2121.08it/s]
 39%|███▉      | 3441/8810 [00:01<00:02, 2157.52it/s]
 42%|████▏     | 3709/8810 [00:01<00:02, 2300.46it/s]
 45%|████▍     | 3953/8810 [00:01<00:02, 2336.97it/s]
 48%|████▊     | 4199/8810 [00:01<00:01, 2372.00it/s]
 52%|█████▏    | 4571/8810 [00:02<00:01, 2757.87it/s]
 55%|█████▌    | 4850/8810 [00:02<00:01, 2617.62it/s]
 58%|█████▊    | 5115/8810 [00:02<00:01, 2333.60it/s]
 61%|██████    | 5372/8810 [00:02<00:01, 2275.15it/s]
 65%|██████▍   | 5683/8810 [00:02<00:01, 2494.44it/s]
 67%|██████▋   | 5939/8810 [00:02<00:01, 2167.45it/s]
 70%|███████   | 6167/8810 [00:02<00:01, 2036.72it/s]
 73%|███████▎  | 6403/8810 [00:02<00:01, 2117.18it/s]
 76%|███████▋  | 6725/8810 [00:02<00:00, 2403.42it/s]
 79%|███████▉  | 6975/8810 [00:03<00:00, 2159.48it/s]
 82%|████████▏ | 7201/8810 [00:03<00:00, 2124.69it/s]
 84%|████████▍ | 7421/8810 [00:03<00:00, 2131.92it/s]
 87%|████████▋ | 7669/8810 [00:03<00:00, 2222.73it/s]
 90%|████████▉ | 7896/8810 [00:03<00:00, 2124.18it/s]
 92%|█████████▏| 8112/8810 [00:03<00:00, 1942.44it/s]
 94%|█████████▍| 8323/8810 [00:03<00:00, 1985.86it/s]
 97%|█████████▋| 8526/8810 [00:03<00:00, 1891.37it/s]
 99%|█████████▉| 8742/8810 [00:04<00:00, 1958.75it/s]
100%|██████████| 8810/8810 [00:04<00:00, 2176.01it/s]
