
  0%|          | 0/8810 [00:00<?, ?it/s]
  2%|▏         | 181/8810 [00:00<00:06, 1437.01it/s]
  5%|▍         | 426/8810 [00:00<00:04, 1966.51it/s]
  7%|▋         | 656/8810 [00:00<00:04, 1903.37it/s]
 10%|▉         | 856/8810 [00:00<00:04, 1934.83it/s]
 12%|█▏        | 1052/8810 [00:00<00:04, 1707.11it/s]
 14%|█▍        | 1276/8810 [00:00<00:04, 1864.70it/s]
 17%|█▋        | 1468/8810 [00:00<00:04, 1759.29it/s]
 19%|█▉        | 1666/8810 [00:00<00:03, 1822.02it/s]
 21%|██        | 1852/8810 [00:01<00:04, 1702.42it/s]
 24%|██▍       | 2104/8810 [00:01<00:03, 1927.71it/s]
 26%|██▌       | 2302/8810 [00:01<00:03, 1686.66it/s]
 29%|██▊       | 2519/8810 [00:01<00:03, 1809.46it/s]
 31%|███       | 2744/8810 [00:01<00:03, 1796.49it/s]
 33%|███▎      | 2929/8810 [00:01<00:03, 1790.96it/s]
 35%|███▌      | 3112/8810 [00:01<00:03, 1714.21it/s]
 37%|███▋      | 3298/8810 [00:01<00:03, 1751.74it/s]
 39%|███▉      | 3476/8810 [00:01<00:03, 1642.44it/s]
 42%|████▏     | 3690/8810 [00:02<00:02, 1775.81it/s]
 44%|████▍     | 3871/8810 [00:02<00:02, 1647.79it/s]
 47%|████▋     | 4137/8810 [00:02<00:02, 1915.23it/s]
 49%|████▉     | 4334/8810 [00:02<00:02, 1827.86it/s]
 52%|█████▏    | 4564/8810 [00:02<00:02, 1955.73it/s]
 54%|█████▍    | 4764/8810 [00:02<00:02, 1800.23it/s]
 56%|█████▌    | 4949/8810 [00:02<00:02, 1698.98it/s]
 58%|█████▊    | 5123/8810 [00:02<00:02, 1657.70it/s]
 61%|██████    | 5357/8810 [00:02<00:01, 1838.79it/s]
 63%|██████▎   | 5545/8810 [00:03<00:01, 1755.70it/s]
 65%|██████▌   | 5754/8810 [00:03<00:01, 1800.17it/s]
 67%|██████▋   | 5937/8810 [00:03<00:01, 1754.84it/s]
 70%|██████▉   | 6125/8810 [00:03<00:01, 1789.16it/s]
 72%|███████▏  | 6367/8810 [00:03<00:01, 1961.20it/s]
 75%|███████▍  | 6565/8810 [00:03<00:01, 1797.31it/s]
 78%|███████▊  | 6894/8810 [00:03<00:00, 2204.04it/s]
 81%|████████  | 7121/8810 [00:03<00:00, 2026.48it/s]
 84%|████████▎ | 7360/8810 [00:04<00:00, 2025.55it/s]
 86%|████████▌ | 7568/8810 [00:04<00:00, 2038.65it/s]
 88%|████████▊ | 7776/8810 [00:04<00:00, 1896.15it/s]
 91%|█████████ | 8031/8810 [00:04<00:00, 2065.66it/s]
 94%|█████████▎| 8243/8810 [00:04<00:00, 1922.94it/s]
 96%|█████████▌| 8440/8810 [00:04<00:00, 1875.60it/s]
 99%|█████████▉| 8702/8810 [00:04<00:00, 2073.34it/s]
100%|██████████| 8810/8810 [00:04<00:00, 1844.46it/s]
