
  0%|          | 0/8810 [00:00<?, ?it/s]
  4%|▍         | 341/8810 [00:00<00:02, 3388.14it/s]
  8%|▊         | 680/8810 [00:00<00:02, 3368.43it/s]
 12%|█▏        | 1017/8810 [00:00<00:02, 3274.68it/s]
 16%|█▌        | 1408/8810 [00:00<00:02, 3517.39it/s]
 20%|█▉        | 1761/8810 [00:00<00:02, 3482.52it/s]
 24%|██▍       | 2110/8810 [00:00<00:01, 3390.29it/s]
 28%|██▊       | 2450/8810 [00:00<00:01, 3344.81it/s]
 32%|███▏      | 2817/8810 [00:00<00:01, 3437.23it/s]
 36%|███▌      | 3162/8810 [00:00<00:01, 3380.69it/s]
 40%|███▉      | 3501/8810 [00:01<00:01, 3335.92it/s]
 44%|████▍     | 3858/8810 [00:01<00:01, 3405.02it/s]
 48%|████▊     | 4258/8810 [00:01<00:01, 3577.78it/s]
 52%|█████▏    | 4625/8810 [00:01<00:01, 3504.52it/s]
 56%|█████▋    | 4977/8810 [00:01<00:01, 3351.42it/s]
 61%|██████    | 5372/8810 [00:01<00:01, 3419.16it/s]
 65%|██████▌   | 5754/8810 [00:01<00:00, 3529.01it/s]
 69%|██████▉   | 6109/8810 [00:01<00:00, 3332.75it/s]
 73%|███████▎  | 6445/8810 [00:01<00:00, 3322.44it/s]
 78%|███████▊  | 6897/8810 [00:01<00:00, 3661.43it/s]
 82%|████████▏ | 7267/8810 [00:02<00:00, 3482.44it/s]
 86%|████████▋ | 7619/8810 [00:02<00:00, 3395.22it/s]
 90%|█████████ | 7962/8810 [00:02<00:00, 3237.02it/s]
 94%|█████████▍| 8289/8810 [00:02<00:00, 3104.12it/s]
 98%|█████████▊| 8606/8810 [00:02<00:00, 3118.58it/s]
100%|██████████| 8810/8810 [00:02<00:00, 3346.74it/s]
