
  0%|          | 0/8810 [00:00<?, ?it/s]
  2%|▏         | 181/8810 [00:00<00:04, 1752.63it/s]
  5%|▍         | 433/8810 [00:00<00:03, 2185.73it/s]
  7%|▋         | 656/8810 [00:00<00:03, 2079.25it/s]
 10%|█         | 881/8810 [00:00<00:03, 2140.22it/s]
 12%|█▏        | 1096/8810 [00:00<00:03, 2041.51it/s]
 15%|█▌        | 1322/8810 [00:00<00:03, 2111.43it/s]
 17%|█▋        | 1535/8810 [00:00<00:03, 1946.68it/s]
 20%|██        | 1792/8810 [00:00<00:03, 2125.44it/s]
 23%|██▎       | 2008/8810 [00:00<00:03, 1964.08it/s]
 25%|██▌       | 2231/8810 [00:01<00:03, 2031.38it/s]
 28%|██▊       | 2438/8810 [00:01<00:03, 1985.84it/s]
 31%|███       | 2743/8810 [00:01<00:02, 2283.31it/s]
 34%|███▍      | 2976/8810 [00:01<00:02, 2094.66it/s]
 36%|███▌      | 3191/8810 [00:01<00:02, 1970.81it/s]
 39%|███▊      | 3410/8810 [00:01<00:02, 1936.26it/s]
 42%|████▏     | 3695/8810 [00:01<00:02, 2179.53it/s]
 44%|████▍     | 3919/8810 [00:01<00:02, 2070.10it/s]
 47%|████▋     | 4180/8810 [00:02<00:02, 2078.54it/s]
 50%|█████     | 4445/8810 [00:02<00:01, 2230.56it/s]
 53%|█████▎    | 4673/8810 [00:02<00:01, 2086.98it/s]
 55%|█████▌    | 4886/8810 [00:02<00:01, 2087.13it/s]
 58%|█████▊    | 5098/8810 [00:02<00:01, 2013.60it/s]
 61%|██████    | 5357/8810 [00:02<00:01, 2169.96it/s]
 63%|██████▎   | 5577/8810 [00:02<00:01, 2025.76it/s]
 66%|██████▌   | 5783/8810 [00:02<00:01, 1942.90it/s]
 68%|██████▊   | 5980/8810 [00:02<00:01, 1890.85it/s]
 70%|███████   | 6171/8810 [00:03<00:01, 1776.67it/s]
 73%|███████▎  | 6400/8810 [00:03<00:01, 1758.66it/s]
 75%|███████▍  | 6578/8810 [00:03<00:01, 1747.02it/s]
 78%|███████▊  | 6859/8810 [00:03<00:00, 2030.42it/s]
 80%|████████  | 7066/8810 [00:03<00:00, 1836.79it/s]
 83%|████████▎ | 7274/8810 [00:03<00:00, 1900.07it/s]
 85%|████████▍ | 7469/8810 [00:03<00:00, 1852.38it/s]
 87%|████████▋ | 7695/8810 [00:03<00:00, 1961.63it/s]
 90%|████████▉ | 7895/8810 [00:04<00:00, 1691.32it/s]
 92%|█████████▏| 8073/8810 [00:04<00:00, 1588.14it/s]
 94%|█████████▎| 8238/8810 [00:04<00:00, 1580.64it/s]
 95%|█████████▌| 8401/8810 [00:04<00:00, 1528.98it/s]
 98%|█████████▊| 8597/8810 [00:04<00:00, 1638.79it/s]
 99%|█████████▉| 8765/8810 [00:04<00:00, 1617.13it/s]
100%|██████████| 8810/8810 [00:04<00:00, 1924.36it/s]
