
  0%|          | 0/8810 [00:00<?, ?it/s]
  3%|▎         | 285/8810 [00:00<00:02, 2845.06it/s]
  7%|▋         | 617/8810 [00:00<00:02, 3111.62it/s]
 11%|█         | 929/8810 [00:00<00:02, 2636.09it/s]
 14%|█▎        | 1200/8810 [00:00<00:03, 2478.61it/s]
 17%|█▋        | 1457/8810 [00:00<00:03, 2374.45it/s]
 20%|█▉        | 1731/8810 [00:00<00:02, 2477.08it/s]
 22%|██▏       | 1982/8810 [00:00<00:02, 2349.53it/s]
 26%|██▌       | 2263/8810 [00:00<00:02, 2455.49it/s]
 30%|██▉       | 2642/8810 [00:01<00:02, 2839.46it/s]
 33%|███▎      | 2931/8810 [00:01<00:02, 2538.21it/s]
 36%|███▋      | 3194/8810 [00:01<00:02, 2486.90it/s]
 39%|███▉      | 3449/8810 [00:01<00:02, 2390.01it/s]
 43%|████▎     | 3774/8810 [00:01<00:01, 2539.75it/s]
 47%|████▋     | 4157/8810 [00:01<00:01, 2891.26it/s]
 51%|█████     | 4453/8810 [00:01<00:01, 2766.61it/s]
 54%|█████▎    | 4735/8810 [00:01<00:01, 2358.07it/s]
 57%|█████▋    | 4984/8810 [00:01<00:01, 2244.93it/s]
 61%|██████    | 5334/8810 [00:02<00:01, 2558.59it/s]
 64%|██████▎   | 5602/8810 [00:02<00:01, 2424.57it/s]
 66%|██████▋   | 5855/8810 [00:02<00:01, 2446.99it/s]
 69%|██████▉   | 6107/8810 [00:02<00:01, 2346.07it/s]
 73%|███████▎  | 6400/8810 [00:02<00:01, 2404.76it/s]
 77%|███████▋  | 6750/8810 [00:02<00:00, 2693.99it/s]
 80%|███████▉  | 7025/8810 [00:02<00:00, 2478.84it/s]
 83%|████████▎ | 7298/8810 [00:02<00:00, 2544.61it/s]
 86%|████████▌ | 7558/8810 [00:03<00:00, 2409.02it/s]
 89%|████████▊ | 7804/8810 [00:03<00:00, 2268.21it/s]
 91%|█████████ | 8035/8810 [00:03<00:00, 2277.24it/s]
 94%|█████████▍| 8266/8810 [00:03<00:00, 2180.05it/s]
 96%|█████████▋| 8497/8810 [00:03<00:00, 2212.19it/s]
 99%|█████████▉| 8722/8810 [00:03<00:00, 2221.66it/s]
100%|██████████| 8810/8810 [00:03<00:00, 2457.57it/s]
