
  0%|          | 0/8810 [00:00<?, ?it/s]
  2%|▏         | 181/8810 [00:00<00:05, 1527.72it/s]
  5%|▍         | 421/8810 [00:00<00:04, 1996.76it/s]
  7%|▋         | 656/8810 [00:00<00:03, 2095.19it/s]
 11%|█         | 945/8810 [00:00<00:03, 2392.75it/s]
 13%|█▎        | 1187/8810 [00:00<00:03, 2191.33it/s]
 17%|█▋        | 1457/8810 [00:00<00:03, 2211.56it/s]
 20%|█▉        | 1742/8810 [00:00<00:02, 2397.72it/s]
 23%|██▎       | 1986/8810 [00:00<00:02, 2331.76it/s]
 26%|██▌       | 2263/8810 [00:01<00:02, 2331.01it/s]
 29%|██▉       | 2580/8810 [00:01<00:02, 2564.70it/s]
 32%|███▏      | 2840/8810 [00:01<00:02, 2475.23it/s]
 35%|███▌      | 3091/8810 [00:01<00:02, 2454.37it/s]
 38%|███▊      | 3373/8810 [00:01<00:02, 2558.20it/s]
 41%|████      | 3631/8810 [00:01<00:02, 2492.34it/s]
 44%|████▍     | 3882/8810 [00:01<00:01, 2473.95it/s]
 47%|████▋     | 4180/8810 [00:01<00:01, 2572.61it/s]
 50%|█████     | 4438/8810 [00:01<00:01, 2449.00it/s]
 53%|█████▎    | 4685/8810 [00:01<00:01, 2384.89it/s]
 56%|█████▌    | 4930/8810 [00:02<00:01, 2401.19it/s]
 59%|█████▊    | 5171/8810 [00:02<00:01, 2258.09it/s]
 61%|██████▏   | 5399/8810 [00:02<00:01, 2072.40it/s]
 64%|██████▎   | 5610/8810 [00:02<00:01, 2005.27it/s]
 66%|██████▌   | 5813/8810 [00:02<00:01, 1835.62it/s]
 69%|██████▊   | 6036/8810 [00:02<00:01, 1873.03it/s]
 72%|███████▏  | 6359/8810 [00:02<00:01, 2226.25it/s]
 75%|███████▍  | 6589/8810 [00:02<00:00, 2226.22it/s]
 79%|███████▉  | 6959/8810 [00:02<00:00, 2635.32it/s]
 82%|████████▏ | 7229/8810 [00:03<00:00, 2424.00it/s]
 85%|████████▍ | 7479/8810 [00:03<00:00, 2406.53it/s]
 88%|████████▊ | 7725/8810 [00:03<00:00, 2377.51it/s]
 91%|█████████ | 7974/8810 [00:03<00:00, 2404.23it/s]
 93%|█████████▎| 8217/8810 [00:03<00:00, 2228.10it/s]
 96%|█████████▌| 8444/8810 [00:03<00:00, 2165.29it/s]
 99%|█████████▉| 8702/8810 [00:03<00:00, 2172.57it/s]
100%|██████████| 8810/8810 [00:03<00:00, 2273.29it/s]
