
  0%|          | 0/8810 [00:00<?, ?it/s]
  2%|▏         | 181/8810 [00:00<00:05, 1484.14it/s]
  4%|▍         | 394/8810 [00:00<00:04, 1819.64it/s]
  7%|▋         | 624/8810 [00:00<00:04, 2026.35it/s]
  9%|▉         | 830/8810 [00:00<00:04, 1707.59it/s]
 11%|█▏        | 1009/8810 [00:00<00:05, 1536.71it/s]
 13%|█▎        | 1175/8810 [00:00<00:04, 1567.21it/s]
 15%|█▌        | 1340/8810 [00:00<00:04, 1583.43it/s]
 17%|█▋        | 1502/8810 [00:00<00:05, 1448.67it/s]
 19%|█▉        | 1717/8810 [00:01<00:04, 1636.65it/s]
 21%|██▏       | 1886/8810 [00:01<00:04, 1493.35it/s]
 24%|██▍       | 2118/8810 [00:01<00:03, 1711.56it/s]
 26%|██▌       | 2296/8810 [00:01<00:04, 1549.70it/s]
 29%|██▊       | 2523/8810 [00:01<00:03, 1734.84it/s]
 31%|███       | 2744/8810 [00:01<00:03, 1696.78it/s]
 33%|███▎      | 2920/8810 [00:01<00:03, 1662.79it/s]
 35%|███▌      | 3091/8810 [00:01<00:03, 1575.75it/s]
 37%|███▋      | 3252/8810 [00:02<00:03, 1571.56it/s]
 39%|███▊      | 3412/8810 [00:02<00:03, 1471.34it/s]
 41%|████      | 3619/8810 [00:02<00:03, 1626.23it/s]
 43%|████▎     | 3785/8810 [00:02<00:03, 1518.45it/s]
 45%|████▌     | 3970/8810 [00:02<00:03, 1602.73it/s]
 47%|████▋     | 4180/8810 [00:02<00:02, 1612.32it/s]
 50%|█████     | 4407/8810 [00:02<00:02, 1785.70it/s]
 52%|█████▏    | 4590/8810 [00:02<00:02, 1708.29it/s]
 54%|█████▍    | 4764/8810 [00:02<00:02, 1510.10it/s]
 56%|█████▌    | 4921/8810 [00:03<00:02, 1486.94it/s]
 58%|█████▊    | 5074/8810 [00:03<00:02, 1417.65it/s]
 60%|█████▉    | 5242/8810 [00:03<00:02, 1486.26it/s]
 61%|██████    | 5394/8810 [00:03<00:02, 1419.07it/s]
 63%|██████▎   | 5589/8810 [00:03<00:02, 1559.35it/s]
 65%|██████▌   | 5754/8810 [00:03<00:01, 1547.80it/s]
 67%|██████▋   | 5912/8810 [00:03<00:01, 1547.29it/s]
 69%|██████▉   | 6069/8810 [00:03<00:01, 1469.01it/s]
 71%|███████   | 6232/8810 [00:03<00:01, 1512.63it/s]
 73%|███████▎  | 6400/8810 [00:04<00:01, 1468.21it/s]
 75%|███████▌  | 6624/8810 [00:04<00:01, 1679.27it/s]
 78%|███████▊  | 6870/8810 [00:04<00:01, 1899.12it/s]
 80%|████████  | 7064/8810 [00:04<00:00, 1753.12it/s]
 82%|████████▏ | 7244/8810 [00:04<00:00, 1733.16it/s]
 84%|████████▍ | 7421/8810 [00:04<00:00, 1677.54it/s]
 86%|████████▌ | 7591/8810 [00:04<00:00, 1628.21it/s]
 88%|████████▊ | 7756/8810 [00:04<00:00, 1488.68it/s]
 90%|█████████ | 7935/8810 [00:04<00:00, 1566.79it/s]
 92%|█████████▏| 8095/8810 [00:05<00:00, 1373.88it/s]
 94%|█████████▎| 8238/8810 [00:05<00:00, 1362.24it/s]
 95%|█████████▌| 8378/8810 [00:05<00:00, 1307.49it/s]
 97%|█████████▋| 8574/8810 [00:05<00:00, 1478.79it/s]
 99%|█████████▉| 8727/8810 [00:05<00:00, 1368.72it/s]
100%|██████████| 8810/8810 [00:05<00:00, 1566.06it/s]
