
  0%|          | 0/8810 [00:00<?, ?it/s]
  2%|▏         | 181/8810 [00:00<00:05, 1606.15it/s]
  5%|▍         | 435/8810 [00:00<00:03, 2108.35it/s]
  7%|▋         | 656/8810 [00:00<00:04, 2038.23it/s]
 10%|█         | 884/8810 [00:00<00:03, 2125.46it/s]
 12%|█▏        | 1098/8810 [00:00<00:03, 1987.68it/s]
 15%|█▍        | 1309/8810 [00:00<00:03, 2024.89it/s]
 17%|█▋        | 1514/8810 [00:00<00:03, 1913.23it/s]
 20%|██        | 1763/8810 [00:00<00:03, 2082.69it/s]
 22%|██▏       | 1974/8810 [00:01<00:03, 1858.13it/s]
 25%|██▌       | 2222/8810 [00:01<00:03, 2027.56it/s]
 28%|██▊       | 2431/8810 [00:01<00:03, 1970.59it/s]
 30%|███       | 2674/8810 [00:01<00:02, 2096.56it/s]
 33%|███▎      | 2888/8810 [00:01<00:03, 1924.69it/s]
 35%|███▌      | 3086/8810 [00:01<00:03, 1744.37it/s]
 37%|███▋      | 3270/8810 [00:01<00:03, 1764.97it/s]
 39%|███▉      | 3451/8810 [00:01<00:03, 1688.06it/s]
 42%|████▏     | 3687/8810 [00:01<00:02, 1866.95it/s]
 44%|████▍     | 3879/8810 [00:02<00:02, 1696.09it/s]
 47%|████▋     | 4138/8810 [00:02<00:02, 1925.53it/s]
 49%|████▉     | 4338/8810 [00:02<00:02, 1889.66it/s]
 52%|█████▏    | 4579/8810 [00:02<00:02, 2031.11it/s]
 54%|█████▍    | 4787/8810 [00:02<00:02, 1774.49it/s]
 56%|█████▋    | 4973/8810 [00:02<00:02, 1654.90it/s]
 59%|█████▉    | 5214/8810 [00:02<00:01, 1843.37it/s]
 61%|██████▏   | 5407/8810 [00:02<00:01, 1847.63it/s]
 64%|██████▍   | 5664/8810 [00:02<00:01, 2043.86it/s]
 67%|██████▋   | 5875/8810 [00:03<00:01, 1808.24it/s]
 69%|██████▉   | 6065/8810 [00:03<00:01, 1677.45it/s]
 72%|███████▏  | 6300/8810 [00:03<00:01, 1843.98it/s]
 74%|███████▎  | 6493/8810 [00:03<00:01, 1734.88it/s]
 77%|███████▋  | 6754/8810 [00:03<00:01, 1962.38it/s]
 79%|███████▉  | 6972/8810 [00:03<00:00, 1866.32it/s]
 81%|████████▏ | 7166/8810 [00:03<00:00, 1884.52it/s]
 84%|████████▎ | 7360/8810 [00:03<00:00, 1813.92it/s]
 86%|████████▌ | 7545/8810 [00:04<00:00, 1818.24it/s]
 88%|████████▊ | 7733/8810 [00:04<00:00, 1832.16it/s]
 90%|█████████ | 7948/8810 [00:04<00:00, 1920.43it/s]
 92%|█████████▏| 8142/8810 [00:04<00:00, 1740.08it/s]
 95%|█████████▍| 8352/8810 [00:04<00:00, 1835.55it/s]
 97%|█████████▋| 8540/8810 [00:04<00:00, 1748.95it/s]
 99%|█████████▉| 8719/8810 [00:04<00:00, 1713.51it/s]
100%|██████████| 8810/8810 [00:04<00:00, 1862.76it/s]
