
  0%|          | 0/8810 [00:00<?, ?it/s]
  2%|▏         | 201/8810 [00:00<00:04, 1985.37it/s]
  6%|▌         | 530/8810 [00:00<00:03, 2741.27it/s]
  9%|▉         | 805/8810 [00:00<00:03, 2291.10it/s]
 12%|█▏        | 1042/8810 [00:00<00:03, 2040.59it/s]
 14%|█▍        | 1253/8810 [00:00<00:03, 2032.74it/s]
 17%|█▋        | 1461/8810 [00:00<00:03, 1935.29it/s]
 19%|█▉        | 1658/8810 [00:00<00:03, 1912.70it/s]
 21%|██        | 1851/8810 [00:00<00:03, 1744.07it/s]
 24%|██▍       | 2146/8810 [00:01<00:03, 2072.71it/s]
 27%|██▋       | 2360/8810 [00:01<00:03, 1952.71it/s]
 30%|███       | 2668/8810 [00:01<00:02, 2259.28it/s]
 33%|███▎      | 2902/8810 [00:01<00:02, 2039.53it/s]
 35%|███▌      | 3115/8810 [00:01<00:02, 1900.06it/s]
 38%|███▊      | 3321/8810 [00:01<00:02, 1938.37it/s]
 40%|███▉      | 3521/8810 [00:01<00:02, 1788.13it/s]
 43%|████▎     | 3774/8810 [00:01<00:02, 1900.97it/s]
 45%|████▌     | 3969/8810 [00:02<00:02, 1901.86it/s]
 47%|████▋     | 4180/8810 [00:02<00:02, 1870.97it/s]
 51%|█████     | 4486/8810 [00:02<00:01, 2188.78it/s]
 53%|█████▎    | 4710/8810 [00:02<00:01, 2138.91it/s]
 56%|█████▌    | 4932/8810 [00:02<00:01, 2037.91it/s]
 58%|█████▊    | 5153/8810 [00:02<00:01, 2080.22it/s]
 61%|██████    | 5372/8810 [00:02<00:01, 2052.55it/s]
 63%|██████▎   | 5579/8810 [00:02<00:01, 1941.78it/s]
 66%|██████▌   | 5776/8810 [00:02<00:01, 1858.55it/s]
 68%|██████▊   | 5975/8810 [00:03<00:01, 1892.87it/s]
 70%|██████▉   | 6166/8810 [00:03<00:01, 1781.06it/s]
 73%|███████▎  | 6400/8810 [00:03<00:01, 1829.39it/s]
 76%|███████▌  | 6669/8810 [00:03<00:01, 2054.17it/s]
 79%|███████▉  | 6950/8810 [00:03<00:00, 2263.34it/s]
 82%|████████▏ | 7181/8810 [00:03<00:00, 2009.64it/s]
 84%|████████▍ | 7390/8810 [00:03<00:00, 2000.41it/s]
 86%|████████▌ | 7596/8810 [00:03<00:00, 2001.41it/s]
 89%|████████▊ | 7800/8810 [00:03<00:00, 2001.60it/s]
 91%|█████████ | 8037/8810 [00:04<00:00, 1976.55it/s]
 94%|█████████▍| 8313/8810 [00:04<00:00, 2188.78it/s]
 97%|█████████▋| 8536/8810 [00:04<00:00, 2072.86it/s]
 99%|█████████▉| 8747/8810 [00:04<00:00, 2028.60it/s]
100%|██████████| 8810/8810 [00:04<00:00, 2009.81it/s]
