
  0%|          | 0/8810 [00:00<?, ?it/s]
  3%|▎         | 265/8810 [00:00<00:03, 2644.95it/s]
  6%|▋         | 570/8810 [00:00<00:02, 2872.09it/s]
 10%|▉         | 858/8810 [00:00<00:03, 2147.24it/s]
 12%|█▏        | 1090/8810 [00:00<00:03, 2147.09it/s]
 16%|█▌        | 1368/8810 [00:00<00:03, 2343.36it/s]
 18%|█▊        | 1612/8810 [00:00<00:03, 2371.95it/s]
 21%|██        | 1856/8810 [00:00<00:02, 2344.72it/s]
 25%|██▌       | 2215/8810 [00:00<00:02, 2717.83it/s]
 28%|██▊       | 2493/8810 [00:00<00:02, 2701.31it/s]
 32%|███▏      | 2780/8810 [00:01<00:02, 2743.50it/s]
 35%|███▍      | 3057/8810 [00:01<00:02, 2674.62it/s]
 38%|███▊      | 3385/8810 [00:01<00:01, 2850.24it/s]
 42%|████▏     | 3673/8810 [00:01<00:01, 2816.81it/s]
 45%|████▍     | 3957/8810 [00:01<00:01, 2630.61it/s]
 48%|████▊     | 4258/8810 [00:01<00:01, 2736.91it/s]
 52%|█████▏    | 4582/8810 [00:01<00:01, 2877.53it/s]
 55%|█████▌    | 4873/8810 [00:01<00:01, 2690.04it/s]
 58%|█████▊    | 5147/8810 [00:01<00:01, 2667.68it/s]
 61%|██████▏   | 5417/8810 [00:02<00:01, 2638.85it/s]
 65%|██████▌   | 5742/8810 [00:02<00:01, 2810.19it/s]
 68%|██████▊   | 6026/8810 [00:02<00:01, 2520.98it/s]
 71%|███████▏  | 6295/8810 [00:02<00:00, 2564.11it/s]
 74%|███████▍  | 6557/8810 [00:02<00:00, 2516.77it/s]
 78%|███████▊  | 6881/8810 [00:02<00:00, 2716.74it/s]
 81%|████████  | 7157/8810 [00:02<00:00, 2601.12it/s]
 84%|████████▍ | 7421/8810 [00:02<00:00, 2461.51it/s]
 88%|████████▊ | 7711/8810 [00:02<00:00, 2580.78it/s]
 90%|█████████ | 7973/8810 [00:03<00:00, 2208.61it/s]
 93%|█████████▎| 8205/8810 [00:03<00:00, 1898.75it/s]
 95%|█████████▌| 8409/8810 [00:03<00:00, 1874.53it/s]
 98%|█████████▊| 8671/8810 [00:03<00:00, 2058.00it/s]
100%|██████████| 8810/8810 [00:03<00:00, 2448.77it/s]
