
  0%|          | 0/8810 [00:00<?, ?it/s]
  4%|▍         | 344/8810 [00:00<00:02, 3430.54it/s]
  8%|▊         | 697/8810 [00:00<00:02, 3482.80it/s]
 12%|█▏        | 1046/8810 [00:00<00:02, 3334.31it/s]
 16%|█▋        | 1449/8810 [00:00<00:02, 3598.18it/s]
 21%|██        | 1810/8810 [00:00<00:02, 3498.65it/s]
 25%|██▍       | 2161/8810 [00:00<00:01, 3431.62it/s]
 28%|██▊       | 2506/8810 [00:00<00:01, 3433.33it/s]
 32%|███▏      | 2850/8810 [00:00<00:01, 3383.52it/s]
 36%|███▌      | 3189/8810 [00:00<00:01, 3345.08it/s]
 40%|████      | 3524/8810 [00:01<00:01, 3297.04it/s]
 44%|████▍     | 3869/8810 [00:01<00:01, 3338.28it/s]
 48%|████▊     | 4259/8810 [00:01<00:01, 3501.17it/s]
 52%|█████▏    | 4625/8810 [00:01<00:01, 3446.37it/s]
 56%|█████▋    | 4971/8810 [00:01<00:01, 3275.08it/s]
 61%|██████    | 5372/8810 [00:01<00:01, 3355.46it/s]
 65%|██████▌   | 5754/8810 [00:01<00:00, 3437.14it/s]
 69%|██████▉   | 6099/8810 [00:01<00:00, 3242.82it/s]
 73%|███████▎  | 6426/8810 [00:01<00:00, 3167.17it/s]
 78%|███████▊  | 6863/8810 [00:02<00:00, 3498.59it/s]
 82%|████████▏ | 7217/8810 [00:02<00:00, 3328.28it/s]
 86%|████████▌ | 7554/8810 [00:02<00:00, 3256.90it/s]
 90%|████████▉ | 7894/8810 [00:02<00:00, 3290.80it/s]
 93%|█████████▎| 8226/8810 [00:02<00:00, 3106.27it/s]
 97%|█████████▋| 8540/8810 [00:02<00:00, 3113.53it/s]
100%|██████████| 8810/8810 [00:02<00:00, 3313.97it/s]
