
  0%|          | 0/8810 [00:00<?, ?it/s]
  2%|▏         | 164/8810 [00:00<00:05, 1633.94it/s]
  4%|▎         | 328/8810 [00:00<00:06, 1398.62it/s]
  5%|▌         | 471/8810 [00:00<00:06, 1289.53it/s]
  7%|▋         | 656/8810 [00:00<00:06, 1344.39it/s]
 10%|▉         | 855/8810 [00:00<00:05, 1545.77it/s]
 12%|█▏        | 1014/8810 [00:00<00:05, 1475.99it/s]
 13%|█▎        | 1171/8810 [00:00<00:05, 1496.96it/s]
 15%|█▌        | 1345/8810 [00:00<00:04, 1561.46it/s]
 17%|█▋        | 1503/8810 [00:01<00:04, 1471.89it/s]
 19%|█▉        | 1705/8810 [00:01<00:04, 1618.58it/s]
 21%|██        | 1870/8810 [00:01<00:04, 1433.91it/s]
 24%|██▎       | 2074/8810 [00:01<00:04, 1592.63it/s]
 26%|██▌       | 2262/8810 [00:01<00:03, 1663.90it/s]
 28%|██▊       | 2433/8810 [00:01<00:04, 1520.04it/s]
 30%|██▉       | 2620/8810 [00:01<00:03, 1606.93it/s]
 32%|███▏      | 2786/8810 [00:01<00:04, 1462.31it/s]
 33%|███▎      | 2939/8810 [00:01<00:03, 1479.89it/s]
 35%|███▌      | 3091/8810 [00:02<00:04, 1429.62it/s]
 37%|███▋      | 3242/8810 [00:02<00:03, 1448.00it/s]
 39%|███▊      | 3401/8810 [00:02<00:03, 1484.95it/s]
 40%|████      | 3552/8810 [00:02<00:03, 1357.33it/s]
 42%|████▏     | 3730/8810 [00:02<00:03, 1464.54it/s]
 44%|████▍     | 3880/8810 [00:02<00:03, 1387.59it/s]
 47%|████▋     | 4108/8810 [00:02<00:02, 1624.83it/s]
 49%|████▊     | 4275/8810 [00:02<00:02, 1529.16it/s]
 51%|█████     | 4483/8810 [00:02<00:02, 1676.46it/s]
 53%|█████▎    | 4655/8810 [00:03<00:02, 1492.14it/s]
 55%|█████▍    | 4811/8810 [00:03<00:02, 1493.04it/s]
 56%|█████▋    | 4965/8810 [00:03<00:02, 1330.10it/s]
 58%|█████▊    | 5151/8810 [00:03<00:02, 1462.93it/s]
 61%|██████    | 5338/8810 [00:03<00:02, 1566.91it/s]
 62%|██████▏   | 5501/8810 [00:03<00:02, 1498.71it/s]
 65%|██████▍   | 5701/8810 [00:03<00:01, 1634.14it/s]
 67%|██████▋   | 5869/8810 [00:03<00:01, 1472.61it/s]
 68%|██████▊   | 6022/8810 [00:04<00:02, 1375.75it/s]
 70%|██████▉   | 6165/8810 [00:04<00:01, 1340.42it/s]
 72%|███████▏  | 6351/8810 [00:04<00:01, 1474.49it/s]
 74%|███████▍  | 6503/8810 [00:04<00:01, 1386.63it/s]
 77%|███████▋  | 6750/8810 [00:04<00:01, 1673.27it/s]
 79%|███████▊  | 6931/8810 [00:04<00:01, 1706.86it/s]
 81%|████████  | 7107/8810 [00:04<00:01, 1482.01it/s]
 82%|████████▏ | 7264/8810 [00:04<00:01, 1489.86it/s]
 84%|████████▍ | 7419/8810 [00:04<00:00, 1465.49it/s]
 86%|████████▌ | 7570/8810 [00:05<00:00, 1392.95it/s]
 88%|████████▊ | 7715/8810 [00:05<00:00, 1361.79it/s]
 89%|████████▉ | 7854/8810 [00:05<00:00, 1341.40it/s]
 91%|█████████ | 8027/8810 [00:05<00:00, 1444.00it/s]
 93%|█████████▎| 8174/8810 [00:05<00:00, 1325.27it/s]
 95%|█████████▍| 8331/8810 [00:05<00:00, 1388.90it/s]
 96%|█████████▌| 8473/8810 [00:05<00:00, 1299.62it/s]
 98%|█████████▊| 8647/8810 [00:05<00:00, 1413.93it/s]
100%|█████████▉| 8792/8810 [00:05<00:00, 1378.98it/s]
100%|██████████| 8810/8810 [00:05<00:00, 1469.15it/s]
