
  0%|          | 0/8810 [00:00<?, ?it/s]
  2%|▏         | 181/8810 [00:00<00:06, 1380.93it/s]
  5%|▍         | 418/8810 [00:00<00:04, 1894.58it/s]
  7%|▋         | 649/8810 [00:00<00:03, 2070.08it/s]
 10%|▉         | 861/8810 [00:00<00:04, 1709.92it/s]
 12%|█▏        | 1042/8810 [00:00<00:04, 1616.76it/s]
 14%|█▍        | 1246/8810 [00:00<00:04, 1737.62it/s]
 17%|█▋        | 1457/8810 [00:00<00:04, 1644.18it/s]
 19%|█▉        | 1659/8810 [00:00<00:04, 1745.94it/s]
 21%|██        | 1839/8810 [00:01<00:04, 1654.14it/s]
 23%|██▎       | 2055/8810 [00:01<00:03, 1790.31it/s]
 26%|██▌       | 2263/8810 [00:01<00:03, 1717.00it/s]
 28%|██▊       | 2477/8810 [00:01<00:03, 1830.45it/s]
 31%|███       | 2724/8810 [00:01<00:03, 2004.17it/s]
 33%|███▎      | 2929/8810 [00:01<00:03, 1723.68it/s]
 35%|███▌      | 3111/8810 [00:01<00:03, 1639.01it/s]
 37%|███▋      | 3282/8810 [00:01<00:03, 1647.92it/s]
 39%|███▉      | 3452/8810 [00:02<00:03, 1546.10it/s]
 42%|████▏     | 3659/8810 [00:02<00:03, 1682.80it/s]
 43%|████▎     | 3832/8810 [00:02<00:03, 1643.95it/s]
 46%|████▋     | 4080/8810 [00:02<00:02, 1871.12it/s]
 48%|████▊     | 4272/8810 [00:02<00:02, 1742.47it/s]
 51%|█████     | 4503/8810 [00:02<00:02, 1894.06it/s]
 53%|█████▎    | 4698/8810 [00:02<00:02, 1628.14it/s]
 55%|█████▌    | 4887/8810 [00:02<00:02, 1692.91it/s]
 57%|█████▋    | 5064/8810 [00:02<00:02, 1589.54it/s]
 60%|██████    | 5301/8810 [00:03<00:01, 1789.75it/s]
 62%|██████▏   | 5488/8810 [00:03<00:01, 1699.68it/s]
 65%|██████▌   | 5746/8810 [00:03<00:01, 1931.39it/s]
 67%|██████▋   | 5946/8810 [00:03<00:01, 1591.22it/s]
 69%|██████▉   | 6119/8810 [00:03<00:01, 1614.66it/s]
 72%|███████▏  | 6328/8810 [00:03<00:01, 1735.06it/s]
 74%|███████▍  | 6511/8810 [00:03<00:01, 1575.59it/s]
 77%|███████▋  | 6758/8810 [00:03<00:01, 1799.45it/s]
 79%|███████▉  | 6972/8810 [00:04<00:01, 1753.21it/s]
 81%|████████  | 7155/8810 [00:04<00:00, 1765.98it/s]
 84%|████████▎ | 7360/8810 [00:04<00:00, 1683.16it/s]
 86%|████████▌ | 7534/8810 [00:04<00:00, 1696.90it/s]
 88%|████████▊ | 7715/8810 [00:04<00:00, 1627.06it/s]
 90%|████████▉ | 7885/8810 [00:04<00:00, 1646.54it/s]
 91%|█████████▏| 8052/8810 [00:04<00:00, 1530.77it/s]
 93%|█████████▎| 8213/8810 [00:04<00:00, 1548.84it/s]
 95%|█████████▌| 8370/8810 [00:04<00:00, 1440.18it/s]
 97%|█████████▋| 8576/8810 [00:05<00:00, 1604.82it/s]
 99%|█████████▉| 8741/8810 [00:05<00:00, 1532.11it/s]
100%|██████████| 8810/8810 [00:05<00:00, 1688.46it/s]
