
  0%|          | 0/8810 [00:00<?, ?it/s]
  2%|▏         | 177/8810 [00:00<00:04, 1766.70it/s]
  4%|▍         | 354/8810 [00:00<00:05, 1458.06it/s]
  6%|▋         | 563/8810 [00:00<00:04, 1715.23it/s]
  8%|▊         | 740/8810 [00:00<00:05, 1488.06it/s]
 10%|█         | 906/8810 [00:00<00:05, 1530.02it/s]
 12%|█▏        | 1064/8810 [00:00<00:05, 1434.97it/s]
 14%|█▎        | 1211/8810 [00:00<00:05, 1427.46it/s]
 15%|█▌        | 1356/8810 [00:00<00:05, 1420.14it/s]
 17%|█▋        | 1500/8810 [00:01<00:05, 1334.31it/s]
 19%|█▉        | 1691/8810 [00:01<00:04, 1493.20it/s]
 21%|██        | 1843/8810 [00:01<00:05, 1362.31it/s]
 23%|██▎       | 2020/8810 [00:01<00:04, 1471.05it/s]
 25%|██▍       | 2199/8810 [00:01<00:04, 1558.56it/s]
 27%|██▋       | 2359/8810 [00:01<00:04, 1406.55it/s]
 29%|██▉       | 2580/8810 [00:01<00:03, 1620.16it/s]
 31%|███       | 2749/8810 [00:01<00:03, 1565.97it/s]
 33%|███▎      | 2912/8810 [00:01<00:03, 1581.99it/s]
 35%|███▍      | 3074/8810 [00:02<00:03, 1520.11it/s]
 37%|███▋      | 3242/8810 [00:02<00:03, 1560.74it/s]
 39%|███▊      | 3410/8810 [00:02<00:03, 1473.23it/s]
 41%|████      | 3619/8810 [00:02<00:03, 1634.13it/s]
 43%|████▎     | 3786/8810 [00:02<00:03, 1568.96it/s]
 45%|████▌     | 3986/8810 [00:02<00:02, 1684.35it/s]
 47%|████▋     | 4180/8810 [00:02<00:02, 1653.77it/s]
 50%|████▉     | 4401/8810 [00:02<00:02, 1803.29it/s]
 52%|█████▏    | 4585/8810 [00:02<00:02, 1737.58it/s]
 54%|█████▍    | 4761/8810 [00:03<00:02, 1550.65it/s]
 56%|█████▌    | 4929/8810 [00:03<00:02, 1583.41it/s]
 58%|█████▊    | 5092/8810 [00:03<00:02, 1487.44it/s]
 60%|██████    | 5286/8810 [00:03<00:02, 1602.55it/s]
 62%|██████▏   | 5450/8810 [00:03<00:02, 1518.48it/s]
 64%|██████▍   | 5645/8810 [00:03<00:01, 1634.59it/s]
 66%|██████▌   | 5812/8810 [00:03<00:01, 1548.00it/s]
 68%|██████▊   | 5970/8810 [00:03<00:01, 1466.07it/s]
 69%|██████▉   | 6120/8810 [00:03<00:01, 1425.56it/s]
 72%|███████▏  | 6315/8810 [00:04<00:01, 1565.71it/s]
 73%|███████▎  | 6475/8810 [00:04<00:01, 1458.39it/s]
 76%|███████▌  | 6672/8810 [00:04<00:01, 1594.33it/s]
 78%|███████▊  | 6861/8810 [00:04<00:01, 1674.27it/s]
 80%|███████▉  | 7032/8810 [00:04<00:01, 1582.90it/s]
 82%|████████▏ | 7194/8810 [00:04<00:01, 1578.27it/s]
 84%|████████▎ | 7360/8810 [00:04<00:00, 1557.93it/s]
 85%|████████▌ | 7518/8810 [00:04<00:00, 1472.14it/s]
 87%|████████▋ | 7695/8810 [00:04<00:00, 1550.28it/s]
 89%|████████▉ | 7852/8810 [00:05<00:00, 1331.26it/s]
 91%|█████████ | 8001/8810 [00:05<00:00, 1367.28it/s]
 92%|█████████▏| 8143/8810 [00:05<00:00, 1245.14it/s]
 94%|█████████▍| 8307/8810 [00:05<00:00, 1344.60it/s]
 96%|█████████▌| 8447/8810 [00:05<00:00, 1268.28it/s]
 98%|█████████▊| 8643/8810 [00:05<00:00, 1448.93it/s]
100%|█████████▉| 8794/8810 [00:05<00:00, 1409.26it/s]
100%|██████████| 8810/8810 [00:05<00:00, 1509.31it/s]
