
  0%|          | 0/8810 [00:00<?, ?it/s]
  2%|▏         | 181/8810 [00:00<00:06, 1368.41it/s]
  4%|▍         | 362/8810 [00:00<00:05, 1585.28it/s]
  6%|▌         | 524/8810 [00:00<00:05, 1488.42it/s]
  8%|▊         | 675/8810 [00:00<00:06, 1318.78it/s]
  9%|▉         | 823/8810 [00:00<00:05, 1366.92it/s]
 11%|█▏        | 993/8810 [00:00<00:05, 1468.77it/s]
 13%|█▎        | 1143/8810 [00:00<00:05, 1425.69it/s]
 15%|█▌        | 1340/8810 [00:00<00:04, 1578.46it/s]
 17%|█▋        | 1501/8810 [00:01<00:04, 1492.65it/s]
 19%|█▉        | 1717/8810 [00:01<00:04, 1674.07it/s]
 21%|██▏       | 1888/8810 [00:01<00:05, 1376.37it/s]
 24%|██▎       | 2089/8810 [00:01<00:04, 1533.58it/s]
 26%|██▌       | 2263/8810 [00:01<00:04, 1483.93it/s]
 28%|██▊       | 2479/8810 [00:01<00:03, 1656.21it/s]
 31%|███       | 2744/8810 [00:01<00:03, 1735.78it/s]
 33%|███▎      | 2922/8810 [00:01<00:03, 1742.57it/s]
 35%|███▌      | 3100/8810 [00:01<00:03, 1671.61it/s]
 37%|███▋      | 3270/8810 [00:02<00:03, 1648.75it/s]
 39%|███▉      | 3437/8810 [00:02<00:03, 1535.34it/s]
 41%|████▏     | 3648/8810 [00:02<00:03, 1687.27it/s]
 43%|████▎     | 3820/8810 [00:02<00:03, 1569.76it/s]
 46%|████▌     | 4015/8810 [00:02<00:02, 1670.61it/s]
 48%|████▊     | 4186/8810 [00:02<00:02, 1628.86it/s]
 50%|█████     | 4436/8810 [00:02<00:02, 1863.35it/s]
 53%|█████▎    | 4626/8810 [00:02<00:02, 1536.69it/s]
 54%|█████▍    | 4791/8810 [00:03<00:02, 1462.27it/s]
 56%|█████▌    | 4946/8810 [00:03<00:02, 1373.47it/s]
 58%|█████▊    | 5121/8810 [00:03<00:02, 1465.97it/s]
 61%|██████    | 5345/8810 [00:03<00:02, 1666.09it/s]
 63%|██████▎   | 5519/8810 [00:03<00:02, 1532.23it/s]
 65%|██████▌   | 5736/8810 [00:03<00:01, 1698.07it/s]
 67%|██████▋   | 5913/8810 [00:03<00:01, 1490.92it/s]
 69%|██████▉   | 6071/8810 [00:03<00:01, 1409.57it/s]
 71%|███████   | 6255/8810 [00:04<00:01, 1511.67it/s]
 73%|███████▎  | 6413/8810 [00:04<00:01, 1425.43it/s]
 75%|███████▍  | 6570/8810 [00:04<00:01, 1460.91it/s]
 77%|███████▋  | 6746/8810 [00:04<00:01, 1540.86it/s]
 79%|███████▉  | 6944/8810 [00:04<00:01, 1661.76it/s]
 81%|████████  | 7114/8810 [00:04<00:01, 1531.04it/s]
 83%|████████▎ | 7272/8810 [00:04<00:01, 1521.69it/s]
 84%|████████▍ | 7434/8810 [00:04<00:00, 1548.38it/s]
 86%|████████▌ | 7592/8810 [00:04<00:00, 1490.46it/s]
 88%|████████▊ | 7743/8810 [00:05<00:00, 1424.34it/s]
 90%|█████████ | 7931/8810 [00:05<00:00, 1548.13it/s]
 92%|█████████▏| 8088/8810 [00:05<00:00, 1419.05it/s]
 94%|█████████▎| 8252/8810 [00:05<00:00, 1476.54it/s]
 95%|█████████▌| 8403/8810 [00:05<00:00, 1372.59it/s]
 98%|█████████▊| 8602/8810 [00:05<00:00, 1534.99it/s]
 99%|█████████▉| 8760/8810 [00:05<00:00, 1299.64it/s]
100%|██████████| 8810/8810 [00:05<00:00, 1522.71it/s]
