
  0%|          | 0/8810 [00:00<?, ?it/s]
  2%|▏         | 181/8810 [00:00<00:05, 1597.65it/s]
  5%|▍         | 409/8810 [00:00<00:04, 1965.13it/s]
  7%|▋         | 610/8810 [00:00<00:04, 1980.24it/s]
  9%|▉         | 810/8810 [00:00<00:04, 1727.19it/s]
 11%|█▏        | 994/8810 [00:00<00:04, 1758.55it/s]
 13%|█▎        | 1174/8810 [00:00<00:04, 1624.98it/s]
 15%|█▌        | 1343/8810 [00:00<00:04, 1643.18it/s]
 17%|█▋        | 1510/8810 [00:00<00:04, 1544.83it/s]
 19%|█▉        | 1705/8810 [00:01<00:04, 1651.53it/s]
 21%|██▏       | 1873/8810 [00:01<00:04, 1422.13it/s]
 24%|██▎       | 2090/8810 [00:01<00:04, 1615.69it/s]
 26%|██▌       | 2263/8810 [00:01<00:04, 1521.18it/s]
 28%|██▊       | 2472/8810 [00:01<00:03, 1668.51it/s]
 31%|███       | 2707/8810 [00:01<00:03, 1853.91it/s]
 33%|███▎      | 2899/8810 [00:01<00:03, 1616.84it/s]
 35%|███▍      | 3071/8810 [00:01<00:04, 1430.63it/s]
 37%|███▋      | 3225/8810 [00:02<00:04, 1296.77it/s]
 39%|███▊      | 3410/8810 [00:02<00:04, 1306.71it/s]
 40%|████      | 3567/8810 [00:02<00:03, 1367.40it/s]
 42%|████▏     | 3720/8810 [00:02<00:03, 1407.83it/s]
 44%|████▍     | 3866/8810 [00:02<00:03, 1319.01it/s]
 46%|████▌     | 4072/8810 [00:02<00:03, 1508.62it/s]
 48%|████▊     | 4229/8810 [00:02<00:03, 1428.44it/s]
 51%|█████     | 4450/8810 [00:02<00:02, 1632.63it/s]
 52%|█████▏    | 4625/8810 [00:02<00:02, 1521.69it/s]
 54%|█████▍    | 4786/8810 [00:03<00:02, 1540.23it/s]
 56%|█████▌    | 4944/8810 [00:03<00:02, 1407.31it/s]
 58%|█████▊    | 5144/8810 [00:03<00:02, 1561.49it/s]
 60%|██████    | 5323/8810 [00:03<00:02, 1622.92it/s]
 62%|██████▏   | 5490/8810 [00:03<00:02, 1536.50it/s]
 65%|██████▍   | 5700/8810 [00:03<00:01, 1689.80it/s]
 67%|██████▋   | 5874/8810 [00:03<00:01, 1529.77it/s]
 68%|██████▊   | 6033/8810 [00:03<00:01, 1470.16it/s]
 70%|███████   | 6184/8810 [00:04<00:01, 1398.65it/s]
 72%|███████▏  | 6376/8810 [00:04<00:01, 1532.02it/s]
 74%|███████▍  | 6533/8810 [00:04<00:01, 1432.32it/s]
 77%|███████▋  | 6763/8810 [00:04<00:01, 1657.05it/s]
 79%|███████▉  | 6972/8810 [00:04<00:01, 1613.42it/s]
 81%|████████  | 7138/8810 [00:04<00:01, 1606.78it/s]
 83%|████████▎ | 7328/8810 [00:04<00:00, 1685.44it/s]
 85%|████████▌ | 7500/8810 [00:04<00:00, 1515.61it/s]
 87%|████████▋ | 7680/8810 [00:04<00:00, 1583.24it/s]
 89%|████████▉ | 7843/8810 [00:05<00:00, 1444.99it/s]
 91%|█████████ | 8027/8810 [00:05<00:00, 1544.83it/s]
 93%|█████████▎| 8187/8810 [00:05<00:00, 1448.09it/s]
 95%|█████████▍| 8352/8810 [00:05<00:00, 1500.39it/s]
 97%|█████████▋| 8506/8810 [00:05<00:00, 1326.40it/s]
 99%|█████████▊| 8696/8810 [00:05<00:00, 1469.72it/s]
100%|██████████| 8810/8810 [00:05<00:00, 1525.43it/s]
