
  0%|          | 0/8810 [00:00<?, ?it/s]
  2%|▏         | 181/8810 [00:00<00:06, 1413.15it/s]
  5%|▍         | 430/8810 [00:00<00:04, 1969.07it/s]
  7%|▋         | 656/8810 [00:00<00:04, 1880.03it/s]
 10%|▉         | 856/8810 [00:00<00:04, 1919.55it/s]
 12%|█▏        | 1051/8810 [00:00<00:04, 1810.49it/s]
 14%|█▍        | 1250/8810 [00:00<00:04, 1862.41it/s]
 16%|█▋        | 1440/8810 [00:00<00:03, 1869.40it/s]
 18%|█▊        | 1629/8810 [00:00<00:04, 1669.59it/s]
 21%|██        | 1821/8810 [00:01<00:04, 1609.25it/s]
 23%|██▎       | 1995/8810 [00:01<00:04, 1643.19it/s]
 25%|██▌       | 2219/8810 [00:01<00:03, 1800.98it/s]
 27%|██▋       | 2403/8810 [00:01<00:03, 1678.13it/s]
 30%|███       | 2655/8810 [00:01<00:03, 1899.59it/s]
 32%|███▏      | 2850/8810 [00:01<00:03, 1814.44it/s]
 35%|███▍      | 3057/8810 [00:01<00:03, 1708.96it/s]
 37%|███▋      | 3232/8810 [00:01<00:03, 1674.71it/s]
 39%|███▊      | 3410/8810 [00:01<00:03, 1574.69it/s]
 41%|████      | 3622/8810 [00:02<00:03, 1715.65it/s]
 43%|████▎     | 3798/8810 [00:02<00:02, 1670.86it/s]
 46%|████▌     | 4015/8810 [00:02<00:02, 1803.34it/s]
 48%|████▊     | 4199/8810 [00:02<00:02, 1697.91it/s]
 50%|█████     | 4416/8810 [00:02<00:02, 1818.76it/s]
 52%|█████▏    | 4602/8810 [00:02<00:02, 1818.48it/s]
 54%|█████▍    | 4787/8810 [00:02<00:02, 1626.43it/s]
 56%|█████▌    | 4955/8810 [00:02<00:02, 1478.06it/s]
 58%|█████▊    | 5152/8810 [00:03<00:02, 1600.87it/s]
 61%|██████    | 5338/8810 [00:03<00:02, 1668.61it/s]
 63%|██████▎   | 5510/8810 [00:03<00:02, 1563.31it/s]
 65%|██████▌   | 5748/8810 [00:03<00:01, 1773.24it/s]
 67%|██████▋   | 5931/8810 [00:03<00:01, 1533.43it/s]
 69%|██████▉   | 6093/8810 [00:03<00:01, 1517.38it/s]
 71%|███████▏  | 6295/8810 [00:03<00:01, 1642.57it/s]
 73%|███████▎  | 6466/8810 [00:03<00:01, 1564.13it/s]
 76%|███████▋  | 6722/8810 [00:03<00:01, 1827.60it/s]
 79%|███████▉  | 6969/8810 [00:04<00:00, 1998.89it/s]
 81%|████████▏ | 7175/8810 [00:04<00:00, 1786.83it/s]
 84%|████████▎ | 7362/8810 [00:04<00:00, 1800.71it/s]
 86%|████████▌ | 7548/8810 [00:04<00:00, 1792.90it/s]
 88%|████████▊ | 7732/8810 [00:04<00:00, 1761.42it/s]
 90%|█████████ | 7933/8810 [00:04<00:00, 1829.93it/s]
 92%|█████████▏| 8119/8810 [00:04<00:00, 1579.51it/s]
 94%|█████████▍| 8309/8810 [00:04<00:00, 1662.04it/s]
 96%|█████████▋| 8482/8810 [00:04<00:00, 1592.62it/s]
 99%|█████████▉| 8702/8810 [00:05<00:00, 1578.30it/s]
100%|██████████| 8810/8810 [00:05<00:00, 1707.42it/s]
