
  0%|          | 0/8810 [00:00<?, ?it/s]
  2%|▏         | 181/8810 [00:00<00:06, 1297.75it/s]
  5%|▍         | 429/8810 [00:00<00:04, 1890.59it/s]
  7%|▋         | 656/8810 [00:00<00:04, 1716.41it/s]
  9%|▉         | 835/8810 [00:00<00:04, 1653.07it/s]
 11%|█▏        | 1005/8810 [00:00<00:05, 1430.34it/s]
 14%|█▎        | 1197/8810 [00:00<00:04, 1560.00it/s]
 15%|█▌        | 1361/8810 [00:00<00:04, 1580.23it/s]
 17%|█▋        | 1524/8810 [00:00<00:04, 1529.19it/s]
 19%|█▉        | 1714/8810 [00:01<00:04, 1631.93it/s]
 21%|██▏       | 1881/8810 [00:01<00:04, 1431.04it/s]
 24%|██▎       | 2077/8810 [00:01<00:04, 1568.71it/s]
 26%|██▌       | 2263/8810 [00:01<00:04, 1491.76it/s]
 28%|██▊       | 2435/8810 [00:01<00:04, 1549.34it/s]
 30%|██▉       | 2616/8810 [00:01<00:03, 1617.77it/s]
 32%|███▏      | 2782/8810 [00:01<00:04, 1385.36it/s]
 33%|███▎      | 2936/8810 [00:01<00:04, 1424.48it/s]
 35%|███▌      | 3085/8810 [00:02<00:04, 1367.04it/s]
 37%|███▋      | 3234/8810 [00:02<00:03, 1398.24it/s]
 39%|███▊      | 3393/8810 [00:02<00:03, 1448.28it/s]
 40%|████      | 3541/8810 [00:02<00:03, 1366.53it/s]
 43%|████▎     | 3766/8810 [00:02<00:03, 1604.90it/s]
 45%|████▍     | 3931/8810 [00:02<00:03, 1453.99it/s]
 47%|████▋     | 4156/8810 [00:02<00:02, 1660.72it/s]
 49%|████▉     | 4329/8810 [00:02<00:02, 1516.73it/s]
 52%|█████▏    | 4539/8810 [00:02<00:02, 1668.30it/s]
 53%|█████▎    | 4713/8810 [00:03<00:02, 1450.62it/s]
 55%|█████▌    | 4875/8810 [00:03<00:02, 1489.68it/s]
 57%|█████▋    | 5031/8810 [00:03<00:02, 1403.87it/s]
 59%|█████▉    | 5196/8810 [00:03<00:02, 1464.37it/s]
 61%|██████    | 5372/8810 [00:03<00:02, 1434.51it/s]
 63%|██████▎   | 5538/8810 [00:03<00:02, 1492.90it/s]
 65%|██████▌   | 5746/8810 [00:03<00:01, 1644.96it/s]
 67%|██████▋   | 5914/8810 [00:03<00:02, 1386.10it/s]
 69%|██████▉   | 6062/8810 [00:04<00:02, 1343.34it/s]
 71%|███████   | 6223/8810 [00:04<00:01, 1406.94it/s]
 73%|███████▎  | 6400/8810 [00:04<00:01, 1357.95it/s]
 75%|███████▍  | 6574/8810 [00:04<00:01, 1455.39it/s]
 77%|███████▋  | 6778/8810 [00:04<00:01, 1608.77it/s]
 79%|███████▉  | 6972/8810 [00:04<00:01, 1570.83it/s]
 81%|████████  | 7157/8810 [00:04<00:01, 1644.92it/s]
 83%|████████▎ | 7326/8810 [00:04<00:00, 1652.07it/s]
 85%|████████▌ | 7494/8810 [00:04<00:00, 1425.82it/s]
 87%|████████▋ | 7672/8810 [00:05<00:00, 1514.62it/s]
 89%|████████▉ | 7830/8810 [00:05<00:00, 1346.25it/s]
 91%|█████████ | 7977/8810 [00:05<00:00, 1376.45it/s]
 92%|█████████▏| 8121/8810 [00:05<00:00, 1212.61it/s]
 94%|█████████▍| 8287/8810 [00:05<00:00, 1322.71it/s]
 96%|█████████▌| 8427/8810 [00:05<00:00, 1239.08it/s]
 98%|█████████▊| 8597/8810 [00:05<00:00, 1350.75it/s]
 99%|█████████▉| 8738/8810 [00:05<00:00, 1291.35it/s]
100%|██████████| 8810/8810 [00:05<00:00, 1469.85it/s]
