
  0%|          | 0/8810 [00:00<?, ?it/s]
  2%|▏         | 181/8810 [00:00<00:05, 1464.87it/s]
  5%|▍         | 412/8810 [00:00<00:04, 1908.34it/s]
  7%|▋         | 638/8810 [00:00<00:03, 2057.87it/s]
 10%|▉         | 847/8810 [00:00<00:04, 1727.24it/s]
 12%|█▏        | 1028/8810 [00:00<00:04, 1639.42it/s]
 14%|█▍        | 1215/8810 [00:00<00:04, 1705.30it/s]
 16%|█▌        | 1409/8810 [00:00<00:04, 1771.32it/s]
 18%|█▊        | 1590/8810 [00:00<00:04, 1590.86it/s]
 21%|██        | 1815/8810 [00:01<00:03, 1768.87it/s]
 23%|██▎       | 1998/8810 [00:01<00:04, 1615.78it/s]
 25%|██▌       | 2231/8810 [00:01<00:03, 1803.18it/s]
 27%|██▋       | 2419/8810 [00:01<00:03, 1726.57it/s]
 30%|███       | 2668/8810 [00:01<00:03, 1924.68it/s]
 33%|███▎      | 2866/8810 [00:01<00:03, 1768.91it/s]
 35%|███▍      | 3049/8810 [00:01<00:03, 1751.51it/s]
 37%|███▋      | 3228/8810 [00:01<00:03, 1599.23it/s]
 39%|███▊      | 3410/8810 [00:02<00:03, 1554.68it/s]
 41%|████      | 3612/8810 [00:02<00:03, 1673.34it/s]
 43%|████▎     | 3784/8810 [00:02<00:03, 1592.79it/s]
 46%|████▌     | 4017/8810 [00:02<00:02, 1783.42it/s]
 48%|████▊     | 4200/8810 [00:02<00:02, 1668.08it/s]
 51%|█████     | 4452/8810 [00:02<00:02, 1891.53it/s]
 53%|█████▎    | 4647/8810 [00:02<00:02, 1714.52it/s]
 55%|█████▍    | 4825/8810 [00:02<00:02, 1723.44it/s]
 57%|█████▋    | 5002/8810 [00:02<00:02, 1615.89it/s]
 59%|█████▉    | 5219/8810 [00:03<00:02, 1759.85it/s]
 61%|██████▏   | 5400/8810 [00:03<00:02, 1639.15it/s]
 64%|██████▍   | 5646/8810 [00:03<00:01, 1855.90it/s]
 66%|██████▋   | 5838/8810 [00:03<00:01, 1795.77it/s]
 68%|██████▊   | 6022/8810 [00:03<00:01, 1704.95it/s]
 70%|███████   | 6196/8810 [00:03<00:01, 1651.35it/s]
 73%|███████▎  | 6400/8810 [00:03<00:01, 1605.39it/s]
 75%|███████▌  | 6626/8810 [00:03<00:01, 1774.08it/s]
 78%|███████▊  | 6885/8810 [00:03<00:00, 1989.49it/s]
 80%|████████  | 7089/8810 [00:04<00:00, 1786.61it/s]
 83%|████████▎ | 7275/8810 [00:04<00:00, 1761.96it/s]
 85%|████████▍ | 7456/8810 [00:04<00:00, 1687.04it/s]
 87%|████████▋ | 7668/8810 [00:04<00:00, 1799.67it/s]
 89%|████████▉ | 7852/8810 [00:04<00:00, 1610.72it/s]
 91%|█████████ | 8037/8810 [00:04<00:00, 1508.40it/s]
 93%|█████████▎| 8210/8810 [00:04<00:00, 1557.95it/s]
 95%|█████████▌| 8371/8810 [00:04<00:00, 1461.83it/s]
 98%|█████████▊| 8590/8810 [00:05<00:00, 1649.78it/s]
 99%|█████████▉| 8761/8810 [00:05<00:00, 1574.26it/s]
100%|██████████| 8810/8810 [00:05<00:00, 1700.52it/s]
