
  0%|          | 0/8810 [00:00<?, ?it/s]
  2%|▏         | 181/8810 [00:00<00:06, 1414.77it/s]
  5%|▍         | 411/8810 [00:00<00:04, 1876.91it/s]
  7%|▋         | 655/8810 [00:00<00:03, 2114.69it/s]
 10%|▉         | 871/8810 [00:00<00:04, 1783.12it/s]
 12%|█▏        | 1058/8810 [00:00<00:04, 1663.84it/s]
 14%|█▍        | 1259/8810 [00:00<00:04, 1763.56it/s]
 17%|█▋        | 1457/8810 [00:00<00:04, 1719.57it/s]
 19%|█▉        | 1667/8810 [00:00<00:03, 1825.50it/s]
 21%|██        | 1854/8810 [00:01<00:04, 1609.86it/s]
 23%|██▎       | 2068/8810 [00:01<00:03, 1741.32it/s]
 26%|██▌       | 2263/8810 [00:01<00:03, 1645.71it/s]
 29%|██▊       | 2520/8810 [00:01<00:03, 1888.78it/s]
 31%|███       | 2744/8810 [00:01<00:03, 1775.76it/s]
 33%|███▎      | 2929/8810 [00:01<00:03, 1788.97it/s]
 35%|███▌      | 3113/8810 [00:01<00:03, 1710.77it/s]
 38%|███▊      | 3316/8810 [00:01<00:03, 1793.67it/s]
 40%|███▉      | 3499/8810 [00:02<00:03, 1623.90it/s]
 42%|████▏     | 3726/8810 [00:02<00:02, 1783.88it/s]
 44%|████▍     | 3910/8810 [00:02<00:02, 1723.55it/s]
 47%|████▋     | 4168/8810 [00:02<00:02, 1954.96it/s]
 50%|████▉     | 4369/8810 [00:02<00:02, 1852.39it/s]
 52%|█████▏    | 4571/8810 [00:02<00:02, 1893.90it/s]
 54%|█████▍    | 4764/8810 [00:02<00:02, 1704.54it/s]
 56%|█████▌    | 4940/8810 [00:02<00:02, 1467.15it/s]
 58%|█████▊    | 5114/8810 [00:02<00:02, 1531.58it/s]
 60%|██████    | 5301/8810 [00:03<00:02, 1613.78it/s]
 62%|██████▏   | 5469/8810 [00:03<00:02, 1435.14it/s]
 65%|██████▍   | 5693/8810 [00:03<00:01, 1635.33it/s]
 67%|██████▋   | 5866/8810 [00:03<00:02, 1427.55it/s]
 68%|██████▊   | 6019/8810 [00:03<00:02, 1358.23it/s]
 70%|██████▉   | 6162/8810 [00:03<00:02, 1287.24it/s]
 72%|███████▏  | 6324/8810 [00:03<00:01, 1367.14it/s]
 73%|███████▎  | 6466/8810 [00:03<00:01, 1290.15it/s]
 76%|███████▌  | 6663/8810 [00:04<00:01, 1465.04it/s]
 78%|███████▊  | 6861/8810 [00:04<00:01, 1602.67it/s]
 80%|███████▉  | 7027/8810 [00:04<00:01, 1516.82it/s]
 82%|████████▏ | 7186/8810 [00:04<00:01, 1536.62it/s]
 84%|████████▎ | 7360/8810 [00:04<00:00, 1494.62it/s]
 85%|████████▌ | 7513/8810 [00:04<00:00, 1467.38it/s]
 87%|████████▋ | 7699/8810 [00:04<00:00, 1571.24it/s]
 89%|████████▉ | 7859/8810 [00:04<00:00, 1356.81it/s]
 91%|█████████ | 8009/8810 [00:04<00:00, 1392.67it/s]
 93%|█████████▎| 8154/8810 [00:05<00:00, 1267.79it/s]
 94%|█████████▍| 8313/8810 [00:05<00:00, 1347.96it/s]
 96%|█████████▌| 8453/8810 [00:05<00:00, 1225.67it/s]
 98%|█████████▊| 8644/8810 [00:05<00:00, 1397.31it/s]
100%|█████████▉| 8790/8810 [00:05<00:00, 1325.22it/s]
100%|██████████| 8810/8810 [00:05<00:00, 1571.64it/s]
