
  0%|          | 0/8810 [00:00<?, ?it/s]
  2%|▏         | 181/8810 [00:00<00:06, 1332.86it/s]
  5%|▍         | 412/8810 [00:00<00:04, 1820.53it/s]
  7%|▋         | 655/8810 [00:00<00:03, 2063.94it/s]
 10%|▉         | 867/8810 [00:00<00:04, 1762.60it/s]
 12%|█▏        | 1052/8810 [00:00<00:04, 1622.47it/s]
 15%|█▍        | 1289/8810 [00:00<00:04, 1832.40it/s]
 17%|█▋        | 1480/8810 [00:00<00:04, 1685.89it/s]
 19%|█▉        | 1671/8810 [00:00<00:04, 1743.70it/s]
 21%|██        | 1851/8810 [00:01<00:04, 1595.53it/s]
 23%|██▎       | 2067/8810 [00:01<00:03, 1744.07it/s]
 26%|██▌       | 2263/8810 [00:01<00:03, 1654.08it/s]
 28%|██▊       | 2464/8810 [00:01<00:03, 1742.76it/s]
 30%|███       | 2676/8810 [00:01<00:03, 1843.42it/s]
 33%|███▎      | 2865/8810 [00:01<00:03, 1746.60it/s]
 35%|███▍      | 3057/8810 [00:01<00:03, 1601.19it/s]
 37%|███▋      | 3239/8810 [00:01<00:03, 1656.32it/s]
 39%|███▊      | 3410/8810 [00:02<00:03, 1507.62it/s]
 41%|████      | 3622/8810 [00:02<00:03, 1660.34it/s]
 43%|████▎     | 3794/8810 [00:02<00:03, 1526.61it/s]
 45%|████▍     | 3955/8810 [00:02<00:03, 1546.40it/s]
 47%|████▋     | 4168/8810 [00:02<00:02, 1699.87it/s]
 49%|████▉     | 4343/8810 [00:02<00:02, 1543.82it/s]
 51%|█████▏    | 4531/8810 [00:02<00:02, 1630.71it/s]
 53%|█████▎    | 4699/8810 [00:02<00:02, 1411.82it/s]
 55%|█████▌    | 4864/8810 [00:02<00:02, 1469.78it/s]
 57%|█████▋    | 5018/8810 [00:03<00:02, 1365.71it/s]
 59%|█████▉    | 5197/8810 [00:03<00:02, 1471.76it/s]
 61%|██████    | 5372/8810 [00:03<00:02, 1406.43it/s]
 63%|██████▎   | 5538/8810 [00:03<00:02, 1466.63it/s]
 65%|██████▍   | 5725/8810 [00:03<00:01, 1573.16it/s]
 67%|██████▋   | 5887/8810 [00:03<00:02, 1338.01it/s]
 68%|██████▊   | 6030/8810 [00:03<00:02, 1354.42it/s]
 70%|███████   | 6172/8810 [00:03<00:02, 1294.83it/s]
 72%|███████▏  | 6357/8810 [00:04<00:01, 1436.50it/s]
 74%|███████▍  | 6506/8810 [00:04<00:01, 1293.43it/s]
 76%|███████▋  | 6731/8810 [00:04<00:01, 1537.68it/s]
 78%|███████▊  | 6893/8810 [00:04<00:01, 1480.51it/s]
 80%|███████▉  | 7047/8810 [00:04<00:01, 1156.41it/s]
 81%|████████▏ | 7177/8810 [00:04<00:01, 1031.72it/s]
 83%|████████▎ | 7292/8810 [00:04<00:01, 1015.05it/s]
 84%|████████▍ | 7401/8810 [00:05<00:01, 929.48it/s] 
 85%|████████▌ | 7500/8810 [00:05<00:01, 835.89it/s]
 86%|████████▌ | 7588/8810 [00:05<00:01, 816.87it/s]
 87%|████████▋ | 7673/8810 [00:05<00:01, 721.72it/s]
 88%|████████▊ | 7748/8810 [00:05<00:02, 502.69it/s]
 89%|████████▊ | 7809/8810 [00:05<00:02, 477.42it/s]
 89%|████████▉ | 7870/8810 [00:06<00:01, 497.53it/s]
 90%|████████▉ | 7926/8810 [00:06<00:01, 492.36it/s]
 91%|█████████ | 7979/8810 [00:06<00:02, 413.96it/s]
 91%|█████████ | 8025/8810 [00:06<00:01, 411.71it/s]
 92%|█████████▏| 8069/8810 [00:06<00:02, 362.06it/s]
 92%|█████████▏| 8108/8810 [00:06<00:01, 362.92it/s]
 92%|█████████▏| 8146/8810 [00:06<00:01, 358.50it/s]
 93%|█████████▎| 8189/8810 [00:06<00:01, 370.53it/s]
 93%|█████████▎| 8228/8810 [00:07<00:01, 327.02it/s]
 94%|█████████▍| 8275/8810 [00:07<00:01, 355.45it/s]
 94%|█████████▍| 8320/8810 [00:07<00:01, 378.00it/s]
 95%|█████████▍| 8361/8810 [00:07<00:01, 330.86it/s]
 95%|█████████▌| 8396/8810 [00:07<00:01, 317.09it/s]
 96%|█████████▌| 8437/8810 [00:07<00:01, 332.39it/s]
 96%|█████████▋| 8489/8810 [00:07<00:00, 365.96it/s]
 97%|█████████▋| 8536/8810 [00:07<00:00, 389.07it/s]
 98%|█████████▊| 8590/8810 [00:08<00:00, 428.95it/s]
 98%|█████████▊| 8644/8810 [00:08<00:00, 457.12it/s]
 99%|█████████▊| 8691/8810 [00:08<00:00, 444.04it/s]
 99%|█████████▉| 8737/8810 [00:08<00:00, 364.42it/s]
100%|██████████| 8810/8810 [00:08<00:00, 1033.37it/s]
