
  0%|          | 0/8810 [00:00<?, ?it/s]
  2%|▏         | 181/8810 [00:00<00:06, 1404.75it/s]
  5%|▍         | 411/8810 [00:00<00:04, 1870.27it/s]
  7%|▋         | 653/8810 [00:00<00:03, 2092.10it/s]
 10%|▉         | 867/8810 [00:00<00:04, 1642.93it/s]
 12%|█▏        | 1045/8810 [00:00<00:05, 1476.72it/s]
 14%|█▍        | 1234/8810 [00:00<00:04, 1588.38it/s]
 16%|█▌        | 1402/8810 [00:00<00:04, 1563.99it/s]
 18%|█▊        | 1565/8810 [00:01<00:05, 1391.13it/s]
 20%|██        | 1782/8810 [00:01<00:04, 1586.40it/s]
 22%|██▏       | 1949/8810 [00:01<00:04, 1426.91it/s]
 24%|██▍       | 2156/8810 [00:01<00:04, 1588.95it/s]
 26%|██▋       | 2324/8810 [00:01<00:04, 1446.10it/s]
 28%|██▊       | 2507/8810 [00:01<00:04, 1541.54it/s]
 30%|███       | 2676/8810 [00:01<00:03, 1580.33it/s]
 32%|███▏      | 2840/8810 [00:01<00:04, 1439.88it/s]
 34%|███▍      | 3008/8810 [00:01<00:03, 1500.75it/s]
 36%|███▌      | 3163/8810 [00:02<00:04, 1371.76it/s]
 38%|███▊      | 3306/8810 [00:02<00:04, 1353.76it/s]
 39%|███▉      | 3445/8810 [00:02<00:04, 1274.58it/s]
 41%|████      | 3615/8810 [00:02<00:03, 1385.51it/s]
 43%|████▎     | 3774/8810 [00:02<00:03, 1337.02it/s]
 45%|████▍     | 3941/8810 [00:02<00:03, 1423.83it/s]
 47%|████▋     | 4156/8810 [00:02<00:02, 1619.56it/s]
 49%|████▉     | 4322/8810 [00:02<00:02, 1566.95it/s]
 51%|█████▏    | 4518/8810 [00:02<00:02, 1675.99it/s]
 53%|█████▎    | 4689/8810 [00:03<00:02, 1394.03it/s]
 55%|█████▌    | 4858/8810 [00:03<00:02, 1466.72it/s]
 57%|█████▋    | 5013/8810 [00:03<00:02, 1359.96it/s]
 59%|█████▉    | 5185/8810 [00:03<00:02, 1451.86it/s]
 61%|██████    | 5372/8810 [00:03<00:02, 1463.16it/s]
 63%|██████▎   | 5556/8810 [00:03<00:02, 1557.63it/s]
 65%|██████▌   | 5754/8810 [00:03<00:01, 1533.73it/s]
 67%|██████▋   | 5911/8810 [00:03<00:01, 1455.62it/s]
 69%|██████▉   | 6059/8810 [00:04<00:02, 1342.13it/s]
 71%|███████   | 6230/8810 [00:04<00:01, 1435.84it/s]
 73%|███████▎  | 6399/8810 [00:04<00:01, 1502.43it/s]
 74%|███████▍  | 6553/8810 [00:04<00:01, 1391.93it/s]
 77%|███████▋  | 6773/8810 [00:04<00:01, 1606.75it/s]
 79%|███████▉  | 6972/8810 [00:04<00:01, 1537.05it/s]
 81%|████████  | 7152/8810 [00:04<00:01, 1599.21it/s]
 83%|████████▎ | 7346/8810 [00:04<00:00, 1689.32it/s]
 85%|████████▌ | 7519/8810 [00:05<00:00, 1473.90it/s]
 87%|████████▋ | 7699/8810 [00:05<00:00, 1556.08it/s]
 89%|████████▉ | 7861/8810 [00:05<00:00, 1329.66it/s]
 91%|█████████ | 8009/8810 [00:05<00:00, 1364.88it/s]
 93%|█████████▎| 8153/8810 [00:05<00:00, 1260.14it/s]
 94%|█████████▍| 8290/8810 [00:05<00:00, 1286.00it/s]
 96%|█████████▌| 8424/8810 [00:05<00:00, 1166.85it/s]
 98%|█████████▊| 8600/8810 [00:05<00:00, 1311.45it/s]
 99%|█████████▉| 8737/8810 [00:06<00:00, 1237.91it/s]
100%|██████████| 8810/8810 [00:06<00:00, 1459.73it/s]
