
  0%|          | 0/8810 [00:00<?, ?it/s]
  2%|▏         | 215/8810 [00:00<00:04, 2140.44it/s]
  7%|▋         | 599/8810 [00:00<00:02, 3136.88it/s]
 10%|█         | 913/8810 [00:00<00:03, 2598.05it/s]
 13%|█▎        | 1183/8810 [00:00<00:03, 2469.91it/s]
 16%|█▋        | 1436/8810 [00:00<00:03, 2390.80it/s]
 19%|█▉        | 1679/8810 [00:00<00:03, 2270.22it/s]
 22%|██▏       | 1909/8810 [00:00<00:03, 2099.50it/s]
 25%|██▍       | 2170/8810 [00:00<00:02, 2241.00it/s]
 27%|██▋       | 2398/8810 [00:01<00:02, 2196.96it/s]
 31%|███       | 2744/8810 [00:01<00:02, 2424.78it/s]
 35%|███▍      | 3057/8810 [00:01<00:02, 2447.59it/s]
 38%|███▊      | 3385/8810 [00:01<00:02, 2672.28it/s]
 41%|████▏     | 3656/8810 [00:01<00:02, 2507.96it/s]
 44%|████▍     | 3911/8810 [00:01<00:02, 2389.64it/s]
 48%|████▊     | 4232/8810 [00:01<00:01, 2606.94it/s]
 51%|█████     | 4514/8810 [00:01<00:01, 2662.59it/s]
 54%|█████▍    | 4784/8810 [00:01<00:01, 2566.27it/s]
 57%|█████▋    | 5044/8810 [00:02<00:01, 2484.05it/s]
 61%|██████    | 5372/8810 [00:02<00:01, 2578.64it/s]
 65%|██████▌   | 5754/8810 [00:02<00:01, 2709.91it/s]
 69%|██████▊   | 6036/8810 [00:02<00:01, 2549.69it/s]
 72%|███████▏  | 6367/8810 [00:02<00:00, 2742.27it/s]
 75%|███████▌  | 6645/8810 [00:02<00:00, 2448.62it/s]
 79%|███████▉  | 6947/8810 [00:02<00:00, 2593.39it/s]
 82%|████████▏ | 7214/8810 [00:02<00:00, 2486.96it/s]
 85%|████████▍ | 7468/8810 [00:02<00:00, 2490.09it/s]
 88%|████████▊ | 7721/8810 [00:03<00:00, 2398.09it/s]
 90%|█████████ | 7964/8810 [00:03<00:00, 2352.95it/s]
 93%|█████████▎| 8201/8810 [00:03<00:00, 2297.23it/s]
 96%|█████████▌| 8443/8810 [00:03<00:00, 2329.77it/s]
 99%|█████████▉| 8702/8810 [00:03<00:00, 2372.97it/s]
100%|██████████| 8810/8810 [00:03<00:00, 2469.93it/s]
