
  0%|          | 0/8810 [00:00<?, ?it/s]
  2%|▏         | 181/8810 [00:00<00:05, 1553.82it/s]
  5%|▍         | 433/8810 [00:00<00:04, 2079.10it/s]
  7%|▋         | 656/8810 [00:00<00:04, 1979.85it/s]
 10%|▉         | 857/8810 [00:00<00:04, 1986.30it/s]
 12%|█▏        | 1058/8810 [00:00<00:04, 1850.38it/s]
 15%|█▍        | 1291/8810 [00:00<00:03, 1998.43it/s]
 17%|█▋        | 1494/8810 [00:00<00:04, 1786.66it/s]
 19%|█▉        | 1711/8810 [00:00<00:03, 1892.26it/s]
 22%|██▏       | 1905/8810 [00:01<00:04, 1707.94it/s]
 24%|██▍       | 2150/8810 [00:01<00:03, 1902.96it/s]
 27%|██▋       | 2348/8810 [00:01<00:03, 1769.75it/s]
 30%|██▉       | 2619/8810 [00:01<00:03, 2013.62it/s]
 32%|███▏      | 2828/8810 [00:01<00:03, 1820.93it/s]
 34%|███▍      | 3033/8810 [00:01<00:03, 1878.55it/s]
 37%|███▋      | 3228/8810 [00:01<00:03, 1676.63it/s]
 39%|███▊      | 3410/8810 [00:01<00:03, 1589.56it/s]
 41%|████      | 3622/8810 [00:01<00:03, 1722.92it/s]
 43%|████▎     | 3801/8810 [00:02<00:02, 1673.49it/s]
 46%|████▌     | 4024/8810 [00:02<00:02, 1820.01it/s]
 48%|████▊     | 4211/8810 [00:02<00:02, 1749.06it/s]
 51%|█████     | 4450/8810 [00:02<00:02, 1919.33it/s]
 53%|█████▎    | 4646/8810 [00:02<00:02, 1765.20it/s]
 55%|█████▍    | 4829/8810 [00:02<00:02, 1780.82it/s]
 57%|█████▋    | 5011/8810 [00:02<00:02, 1579.51it/s]
 59%|█████▉    | 5214/8810 [00:02<00:02, 1694.21it/s]
 61%|██████    | 5390/8810 [00:03<00:02, 1606.65it/s]
 64%|██████▎   | 5609/8810 [00:03<00:01, 1753.27it/s]
 66%|██████▌   | 5790/8810 [00:03<00:01, 1653.88it/s]
 68%|██████▊   | 5960/8810 [00:03<00:01, 1573.64it/s]
 69%|██████▉   | 6121/8810 [00:03<00:01, 1510.51it/s]
 72%|███████▏  | 6322/8810 [00:03<00:01, 1641.20it/s]
 74%|███████▎  | 6490/8810 [00:03<00:01, 1526.79it/s]
 76%|███████▋  | 6728/8810 [00:03<00:01, 1749.24it/s]
 79%|███████▊  | 6931/8810 [00:03<00:01, 1820.86it/s]
 81%|████████  | 7118/8810 [00:04<00:01, 1679.23it/s]
 83%|████████▎ | 7291/8810 [00:04<00:00, 1673.41it/s]
 85%|████████▍ | 7462/8810 [00:04<00:00, 1594.00it/s]
 87%|████████▋ | 7636/8810 [00:04<00:00, 1628.67it/s]
 89%|████████▊ | 7801/8810 [00:04<00:00, 1462.06it/s]
 90%|█████████ | 7973/8810 [00:04<00:00, 1528.91it/s]
 92%|█████████▏| 8130/8810 [00:04<00:00, 1405.10it/s]
 95%|█████████▍| 8329/8810 [00:04<00:00, 1555.30it/s]
 96%|█████████▋| 8490/8810 [00:04<00:00, 1473.21it/s]
 99%|█████████▉| 8702/8810 [00:05<00:00, 1525.23it/s]
100%|██████████| 8810/8810 [00:05<00:00, 1701.41it/s]
