
  0%|          | 0/8810 [00:00<?, ?it/s]
  2%|▏         | 181/8810 [00:00<00:05, 1575.61it/s]
  5%|▍         | 423/8810 [00:00<00:04, 2022.00it/s]
  7%|▋         | 647/8810 [00:00<00:03, 2116.21it/s]
 10%|▉         | 861/8810 [00:00<00:04, 1747.12it/s]
 12%|█▏        | 1045/8810 [00:00<00:04, 1656.01it/s]
 14%|█▍        | 1248/8810 [00:00<00:04, 1762.02it/s]
 16%|█▌        | 1430/8810 [00:00<00:04, 1723.55it/s]
 18%|█▊        | 1606/8810 [00:00<00:04, 1506.77it/s]
 21%|██        | 1809/8810 [00:01<00:04, 1644.14it/s]
 22%|██▏       | 1980/8810 [00:01<00:04, 1478.62it/s]
 25%|██▍       | 2186/8810 [00:01<00:04, 1628.04it/s]
 27%|██▋       | 2357/8810 [00:01<00:04, 1395.68it/s]
 29%|██▉       | 2552/8810 [00:01<00:04, 1531.52it/s]
 31%|███       | 2743/8810 [00:01<00:03, 1623.03it/s]
 33%|███▎      | 2914/8810 [00:01<00:04, 1438.93it/s]
 35%|███▍      | 3067/8810 [00:01<00:04, 1357.15it/s]
 37%|███▋      | 3239/8810 [00:02<00:03, 1447.42it/s]
 39%|███▊      | 3410/8810 [00:02<00:03, 1377.16it/s]
 41%|████      | 3589/8810 [00:02<00:03, 1479.63it/s]
 43%|████▎     | 3774/8810 [00:02<00:03, 1454.15it/s]
 45%|████▍     | 3959/8810 [00:02<00:03, 1555.18it/s]
 47%|████▋     | 4176/8810 [00:02<00:02, 1720.45it/s]
 49%|████▉     | 4353/8810 [00:02<00:02, 1612.97it/s]
 51%|█████▏    | 4535/8810 [00:02<00:02, 1664.31it/s]
 53%|█████▎    | 4705/8810 [00:03<00:02, 1452.25it/s]
 55%|█████▌    | 4876/8810 [00:03<00:02, 1513.26it/s]
 57%|█████▋    | 5033/8810 [00:03<00:02, 1401.31it/s]
 59%|█████▉    | 5209/8810 [00:03<00:02, 1493.78it/s]
 61%|██████    | 5372/8810 [00:03<00:02, 1422.35it/s]
 63%|██████▎   | 5522/8810 [00:03<00:02, 1433.94it/s]
 65%|██████▍   | 5699/8810 [00:03<00:02, 1520.92it/s]
 66%|██████▋   | 5854/8810 [00:03<00:02, 1248.74it/s]
 68%|██████▊   | 5989/8810 [00:03<00:02, 1191.97it/s]
 69%|██████▉   | 6115/8810 [00:04<00:02, 1168.46it/s]
 71%|███████▏  | 6297/8810 [00:04<00:01, 1332.93it/s]
 73%|███████▎  | 6437/8810 [00:04<00:01, 1267.24it/s]
 75%|███████▌  | 6621/8810 [00:04<00:01, 1417.88it/s]
 78%|███████▊  | 6833/8810 [00:04<00:01, 1609.36it/s]
 79%|███████▉  | 7000/8810 [00:04<00:01, 1525.87it/s]
 81%|████████▏ | 7165/8810 [00:04<00:01, 1558.01it/s]
 83%|████████▎ | 7347/8810 [00:04<00:00, 1628.39it/s]
 85%|████████▌ | 7513/8810 [00:05<00:00, 1434.28it/s]
 87%|████████▋ | 7702/8810 [00:05<00:00, 1553.33it/s]
 89%|████████▉ | 7864/8810 [00:05<00:00, 1348.49it/s]
 91%|█████████ | 8033/8810 [00:05<00:00, 1426.63it/s]
 93%|█████████▎| 8183/8810 [00:05<00:00, 1337.41it/s]
 95%|█████████▍| 8328/8810 [00:05<00:00, 1364.41it/s]
 96%|█████████▌| 8469/8810 [00:05<00:00, 1231.46it/s]
 98%|█████████▊| 8619/8810 [00:05<00:00, 1298.98it/s]
 99%|█████████▉| 8754/8810 [00:05<00:00, 1163.03it/s]
100%|██████████| 8810/8810 [00:06<00:00, 1464.41it/s]
