
  0%|          | 0/8810 [00:00<?, ?it/s]
  2%|▏         | 200/8810 [00:00<00:04, 1984.91it/s]
  5%|▌         | 483/8810 [00:00<00:03, 2479.22it/s]
  8%|▊         | 732/8810 [00:00<00:03, 2350.72it/s]
 11%|█         | 984/8810 [00:00<00:03, 2412.88it/s]
 14%|█▍        | 1226/8810 [00:00<00:03, 2318.01it/s]
 17%|█▋        | 1459/8810 [00:00<00:03, 2192.30it/s]
 19%|█▉        | 1680/8810 [00:00<00:03, 2137.26it/s]
 22%|██▏       | 1895/8810 [00:00<00:03, 1981.38it/s]
 25%|██▍       | 2186/8810 [00:00<00:02, 2241.50it/s]
 27%|██▋       | 2415/8810 [00:01<00:03, 2099.53it/s]
 31%|███       | 2709/8810 [00:01<00:02, 2330.20it/s]
 33%|███▎      | 2948/8810 [00:01<00:02, 1970.58it/s]
 36%|███▌      | 3158/8810 [00:01<00:02, 1911.45it/s]
 38%|███▊      | 3370/8810 [00:01<00:02, 1962.77it/s]
 41%|████      | 3573/8810 [00:01<00:02, 1940.44it/s]
 43%|████▎     | 3782/8810 [00:01<00:02, 1978.37it/s]
 46%|████▋     | 4083/8810 [00:01<00:02, 2259.32it/s]
 49%|████▉     | 4314/8810 [00:02<00:02, 2211.98it/s]
 52%|█████▏    | 4625/8810 [00:02<00:01, 2282.67it/s]
 55%|█████▌    | 4872/8810 [00:02<00:01, 2330.49it/s]
 58%|█████▊    | 5107/8810 [00:02<00:01, 2200.12it/s]
 61%|██████    | 5372/8810 [00:02<00:01, 2196.47it/s]
 64%|██████▍   | 5633/8810 [00:02<00:01, 2306.51it/s]
 67%|██████▋   | 5866/8810 [00:02<00:01, 1772.07it/s]
 69%|██████▉   | 6063/8810 [00:02<00:01, 1749.12it/s]
 72%|███████▏  | 6309/8810 [00:03<00:01, 1920.76it/s]
 74%|███████▍  | 6515/8810 [00:03<00:01, 1898.73it/s]
 78%|███████▊  | 6874/8810 [00:03<00:00, 2341.03it/s]
 81%|████████  | 7121/8810 [00:03<00:00, 2270.08it/s]
 84%|████████▎ | 7360/8810 [00:03<00:00, 2200.32it/s]
 86%|████████▌ | 7587/8810 [00:03<00:00, 2037.34it/s]
 89%|████████▊ | 7797/8810 [00:03<00:00, 1724.31it/s]
 91%|█████████ | 8037/8810 [00:03<00:00, 1725.02it/s]
 93%|█████████▎| 8217/8810 [00:04<00:00, 1674.48it/s]
 95%|█████████▌| 8390/8810 [00:04<00:00, 1634.47it/s]
 98%|█████████▊| 8622/8810 [00:04<00:00, 1808.02it/s]
100%|█████████▉| 8808/8810 [00:04<00:00, 1696.03it/s]
100%|██████████| 8810/8810 [00:04<00:00, 2019.57it/s]
