
  0%|          | 0/8810 [00:00<?, ?it/s]
  2%|▏         | 189/8810 [00:00<00:04, 1878.65it/s]
  6%|▌         | 489/8810 [00:00<00:03, 2530.28it/s]
  8%|▊         | 743/8810 [00:00<00:03, 2138.11it/s]
 11%|█▏        | 993/8810 [00:00<00:03, 2266.11it/s]
 14%|█▍        | 1225/8810 [00:00<00:03, 2129.32it/s]
 17%|█▋        | 1457/8810 [00:00<00:03, 2078.17it/s]
 19%|█▉        | 1677/8810 [00:00<00:03, 2111.25it/s]
 21%|██▏       | 1891/8810 [00:00<00:03, 2006.16it/s]
 25%|██▌       | 2218/8810 [00:01<00:02, 2351.04it/s]
 28%|██▊       | 2457/8810 [00:01<00:02, 2311.01it/s]
 31%|███       | 2744/8810 [00:01<00:02, 2354.41it/s]
 34%|███▍      | 2982/8810 [00:01<00:02, 2349.83it/s]
 37%|███▋      | 3219/8810 [00:01<00:02, 2081.96it/s]
 39%|███▉      | 3433/8810 [00:01<00:02, 2031.00it/s]
 42%|████▏     | 3706/8810 [00:01<00:02, 2215.26it/s]
 45%|████▍     | 3933/8810 [00:01<00:02, 2150.56it/s]
 47%|████▋     | 4180/8810 [00:01<00:02, 2215.33it/s]
 50%|█████     | 4415/8810 [00:02<00:01, 2252.15it/s]
 53%|█████▎    | 4643/8810 [00:02<00:01, 2171.51it/s]
 56%|█████▌    | 4892/8810 [00:02<00:01, 2255.60it/s]
 58%|█████▊    | 5120/8810 [00:02<00:01, 2171.34it/s]
 61%|██████    | 5372/8810 [00:02<00:01, 2183.70it/s]
 64%|██████▍   | 5632/8810 [00:02<00:01, 2298.45it/s]
 67%|██████▋   | 5864/8810 [00:02<00:01, 2213.19it/s]
 69%|██████▉   | 6087/8810 [00:02<00:01, 2121.65it/s]
 72%|███████▏  | 6330/8810 [00:02<00:01, 2206.55it/s]
 74%|███████▍  | 6553/8810 [00:03<00:01, 2087.38it/s]
 78%|███████▊  | 6904/8810 [00:03<00:00, 2474.60it/s]
 81%|████████  | 7156/8810 [00:03<00:00, 2256.90it/s]
 84%|████████▍ | 7388/8810 [00:03<00:00, 2148.44it/s]
 86%|████████▋ | 7612/8810 [00:03<00:00, 2171.67it/s]
 89%|████████▉ | 7833/8810 [00:03<00:00, 2058.99it/s]
 91%|█████████▏| 8042/8810 [00:03<00:00, 1983.45it/s]
 94%|█████████▍| 8291/8810 [00:03<00:00, 2119.97it/s]
 97%|█████████▋| 8506/8810 [00:03<00:00, 2007.42it/s]
 99%|█████████▉| 8710/8810 [00:04<00:00, 1933.29it/s]
100%|██████████| 8810/8810 [00:04<00:00, 2161.92it/s]
