
  0%|          | 0/8810 [00:00<?, ?it/s]
  2%|▏         | 181/8810 [00:00<00:06, 1403.18it/s]
  4%|▍         | 382/8810 [00:00<00:04, 1717.66it/s]
  7%|▋         | 584/8810 [00:00<00:04, 1844.09it/s]
  9%|▉         | 772/8810 [00:00<00:05, 1557.60it/s]
 11%|█         | 955/8810 [00:00<00:04, 1641.01it/s]
 13%|█▎        | 1125/8810 [00:00<00:04, 1562.49it/s]
 15%|█▍        | 1312/8810 [00:00<00:04, 1651.37it/s]
 17%|█▋        | 1481/8810 [00:00<00:04, 1492.19it/s]
 19%|█▉        | 1661/8810 [00:01<00:04, 1571.77it/s]
 21%|██        | 1823/8810 [00:01<00:04, 1527.08it/s]
 23%|██▎       | 1983/8810 [00:01<00:04, 1544.34it/s]
 25%|██▍       | 2186/8810 [00:01<00:03, 1676.28it/s]
 27%|██▋       | 2356/8810 [00:01<00:04, 1461.80it/s]
 29%|██▉       | 2582/8810 [00:01<00:03, 1668.92it/s]
 31%|███▏      | 2757/8810 [00:01<00:03, 1554.67it/s]
 33%|███▎      | 2926/8810 [00:01<00:03, 1588.36it/s]
 35%|███▌      | 3090/8810 [00:01<00:03, 1485.30it/s]
 37%|███▋      | 3246/8810 [00:02<00:03, 1504.48it/s]
 39%|███▊      | 3410/8810 [00:02<00:03, 1443.78it/s]
 41%|████      | 3612/8810 [00:02<00:03, 1597.89it/s]
 43%|████▎     | 3776/8810 [00:02<00:03, 1459.19it/s]
 45%|████▍     | 3953/8810 [00:02<00:03, 1537.31it/s]
 47%|████▋     | 4175/8810 [00:02<00:02, 1723.15it/s]
 49%|████▉     | 4352/8810 [00:02<00:02, 1645.46it/s]
 52%|█████▏    | 4538/8810 [00:02<00:02, 1700.79it/s]
 53%|█████▎    | 4712/8810 [00:03<00:02, 1436.95it/s]
 55%|█████▌    | 4871/8810 [00:03<00:02, 1473.27it/s]
 57%|█████▋    | 5025/8810 [00:03<00:02, 1368.04it/s]
 59%|█████▉    | 5225/8810 [00:03<00:02, 1525.40it/s]
 61%|██████    | 5384/8810 [00:03<00:02, 1397.16it/s]
 63%|██████▎   | 5567/8810 [00:03<00:02, 1506.41it/s]
 65%|██████▌   | 5754/8810 [00:03<00:02, 1461.99it/s]
 67%|██████▋   | 5905/8810 [00:03<00:02, 1392.36it/s]
 69%|██████▊   | 6048/8810 [00:03<00:02, 1319.22it/s]
 71%|███████   | 6218/8810 [00:04<00:01, 1411.63it/s]
 73%|███████▎  | 6395/8810 [00:04<00:01, 1507.54it/s]
 74%|███████▍  | 6549/8810 [00:04<00:01, 1424.67it/s]
 77%|███████▋  | 6801/8810 [00:04<00:01, 1716.78it/s]
 79%|███████▉  | 6978/8810 [00:04<00:01, 1675.03it/s]
 81%|████████  | 7152/8810 [00:04<00:00, 1691.19it/s]
 83%|████████▎ | 7324/8810 [00:04<00:00, 1694.56it/s]
 85%|████████▌ | 7496/8810 [00:04<00:00, 1547.94it/s]
 87%|████████▋ | 7668/8810 [00:04<00:00, 1586.19it/s]
 89%|████████▉ | 7830/8810 [00:05<00:00, 1434.98it/s]
 91%|█████████ | 7998/8810 [00:05<00:00, 1495.71it/s]
 93%|█████████▎| 8152/8810 [00:05<00:00, 1331.64it/s]
 94%|█████████▍| 8325/8810 [00:05<00:00, 1433.44it/s]
 96%|█████████▌| 8474/8810 [00:05<00:00, 1313.06it/s]
 98%|█████████▊| 8641/8810 [00:05<00:00, 1401.64it/s]
100%|█████████▉| 8787/8810 [00:05<00:00, 1309.67it/s]
100%|██████████| 8810/8810 [00:05<00:00, 1511.58it/s]
