
  0%|          | 0/8810 [00:00<?, ?it/s]
  2%|▏         | 181/8810 [00:00<00:05, 1505.37it/s]
  5%|▍         | 433/8810 [00:00<00:04, 2053.15it/s]
  7%|▋         | 656/8810 [00:00<00:04, 1891.49it/s]
 10%|▉         | 849/8810 [00:00<00:04, 1875.84it/s]
 12%|█▏        | 1039/8810 [00:00<00:04, 1796.38it/s]
 14%|█▍        | 1251/8810 [00:00<00:03, 1891.88it/s]
 17%|█▋        | 1457/8810 [00:00<00:04, 1759.04it/s]
 19%|█▊        | 1636/8810 [00:00<00:04, 1767.81it/s]
 21%|██        | 1821/8810 [00:01<00:04, 1653.89it/s]
 23%|██▎       | 2030/8810 [00:01<00:03, 1769.20it/s]
 26%|██▌       | 2260/8810 [00:01<00:03, 1914.06it/s]
 28%|██▊       | 2455/8810 [00:01<00:03, 1754.51it/s]
 30%|██▉       | 2635/8810 [00:01<00:03, 1764.96it/s]
 32%|███▏      | 2815/8810 [00:01<00:03, 1578.71it/s]
 34%|███▍      | 3013/8810 [00:01<00:03, 1681.60it/s]
 36%|███▌      | 3187/8810 [00:01<00:03, 1627.52it/s]
 39%|███▊      | 3393/8810 [00:01<00:03, 1740.50it/s]
 41%|████      | 3571/8810 [00:02<00:03, 1676.28it/s]
 43%|████▎     | 3774/8810 [00:02<00:03, 1640.04it/s]
 45%|████▌     | 3986/8810 [00:02<00:02, 1765.08it/s]
 47%|████▋     | 4180/8810 [00:02<00:02, 1705.08it/s]
 50%|████▉     | 4393/8810 [00:02<00:02, 1813.14it/s]
 52%|█████▏    | 4578/8810 [00:02<00:02, 1752.24it/s]
 54%|█████▍    | 4756/8810 [00:02<00:02, 1524.20it/s]
 56%|█████▌    | 4915/8810 [00:02<00:02, 1464.41it/s]
 58%|█████▊    | 5066/8810 [00:03<00:02, 1312.81it/s]
 59%|█████▉    | 5231/8810 [00:03<00:02, 1394.92it/s]
 61%|██████    | 5376/8810 [00:03<00:02, 1345.40it/s]
 63%|██████▎   | 5547/8810 [00:03<00:02, 1434.88it/s]
 65%|██████▌   | 5754/8810 [00:03<00:02, 1452.83it/s]
 67%|██████▋   | 5902/8810 [00:03<00:02, 1392.02it/s]
 69%|██████▊   | 6043/8810 [00:03<00:02, 1284.79it/s]
 71%|███████   | 6230/8810 [00:03<00:01, 1431.45it/s]
 73%|███████▎  | 6389/8810 [00:03<00:01, 1472.11it/s]
 74%|███████▍  | 6540/8810 [00:04<00:01, 1325.20it/s]
 76%|███████▋  | 6733/8810 [00:04<00:01, 1480.86it/s]
 78%|███████▊  | 6898/8810 [00:04<00:01, 1525.62it/s]
 80%|████████  | 7055/8810 [00:04<00:01, 1427.37it/s]
 82%|████████▏ | 7202/8810 [00:04<00:01, 1402.68it/s]
 84%|████████▎ | 7360/8810 [00:04<00:01, 1384.39it/s]
 85%|████████▌ | 7515/8810 [00:04<00:00, 1427.82it/s]
 87%|████████▋ | 7703/8810 [00:04<00:00, 1553.23it/s]
 89%|████████▉ | 7861/8810 [00:04<00:00, 1383.56it/s]
 91%|█████████ | 8008/8810 [00:05<00:00, 1404.58it/s]
 93%|█████████▎| 8152/8810 [00:05<00:00, 1297.63it/s]
 94%|█████████▍| 8286/8810 [00:05<00:00, 1307.50it/s]
 96%|█████████▌| 8420/8810 [00:05<00:00, 1194.02it/s]
 97%|█████████▋| 8579/8810 [00:05<00:00, 1294.80it/s]
 99%|█████████▉| 8713/8810 [00:05<00:00, 1192.60it/s]
100%|██████████| 8810/8810 [00:05<00:00, 1525.16it/s]
