
  0%|          | 0/8810 [00:00<?, ?it/s]
  2%|▏         | 196/8810 [00:00<00:04, 1953.02it/s]
  6%|▌         | 535/8810 [00:00<00:02, 2796.98it/s]
  9%|▉         | 815/8810 [00:00<00:02, 2794.72it/s]
 12%|█▏        | 1095/8810 [00:00<00:02, 2778.06it/s]
 17%|█▋        | 1457/8810 [00:00<00:02, 2898.14it/s]
 21%|██        | 1821/8810 [00:00<00:02, 2927.32it/s]
 25%|██▍       | 2195/8810 [00:00<00:02, 3168.09it/s]
 29%|██▊       | 2514/8810 [00:00<00:02, 2929.75it/s]
 32%|███▏      | 2818/8810 [00:00<00:02, 2955.66it/s]
 35%|███▌      | 3125/8810 [00:01<00:01, 2987.10it/s]
 39%|███▉      | 3426/8810 [00:01<00:01, 2878.54it/s]
 43%|████▎     | 3774/8810 [00:01<00:01, 2917.23it/s]
 47%|████▋     | 4180/8810 [00:01<00:01, 3059.71it/s]
 51%|█████     | 4507/8810 [00:01<00:01, 3112.95it/s]
 55%|█████▍    | 4819/8810 [00:01<00:01, 2916.84it/s]
 58%|█████▊    | 5113/8810 [00:01<00:01, 2656.92it/s]
 61%|██████    | 5386/8810 [00:01<00:01, 2676.07it/s]
 65%|██████▌   | 5754/8810 [00:01<00:01, 2839.76it/s]
 69%|██████▊   | 6041/8810 [00:02<00:01, 2738.21it/s]
 73%|███████▎  | 6400/8810 [00:02<00:00, 2735.79it/s]
 77%|███████▋  | 6754/8810 [00:02<00:00, 2947.01it/s]
 80%|████████  | 7053/8810 [00:02<00:00, 2845.58it/s]
 84%|████████▎ | 7360/8810 [00:02<00:00, 2678.79it/s]
 87%|████████▋ | 7668/8810 [00:02<00:00, 2784.13it/s]
 90%|█████████ | 7951/8810 [00:02<00:00, 2596.58it/s]
 93%|█████████▎| 8215/8810 [00:02<00:00, 2495.32it/s]
 96%|█████████▋| 8489/8810 [00:03<00:00, 2555.98it/s]
 99%|█████████▉| 8752/8810 [00:03<00:00, 2573.59it/s]
100%|██████████| 8810/8810 [00:03<00:00, 2797.38it/s]
