
  0%|          | 0/8810 [00:00<?, ?it/s]
  2%|▏         | 181/8810 [00:00<00:06, 1361.29it/s]
  5%|▍         | 407/8810 [00:00<00:04, 1815.46it/s]
  7%|▋         | 607/8810 [00:00<00:04, 1888.53it/s]
  9%|▉         | 800/8810 [00:00<00:05, 1598.70it/s]
 11%|█         | 968/8810 [00:00<00:04, 1569.25it/s]
 13%|█▎        | 1130/8810 [00:00<00:05, 1464.17it/s]
 15%|█▍        | 1298/8810 [00:00<00:04, 1523.35it/s]
 17%|█▋        | 1457/8810 [00:00<00:05, 1390.95it/s]
 19%|█▊        | 1649/8810 [00:01<00:04, 1527.93it/s]
 21%|██        | 1821/8810 [00:01<00:04, 1463.49it/s]
 23%|██▎       | 1989/8810 [00:01<00:04, 1521.31it/s]
 25%|██▌       | 2209/8810 [00:01<00:03, 1705.50it/s]
 27%|██▋       | 2384/8810 [00:01<00:04, 1522.07it/s]
 30%|██▉       | 2626/8810 [00:01<00:03, 1753.51it/s]
 32%|███▏      | 2809/8810 [00:01<00:03, 1623.28it/s]
 34%|███▍      | 3000/8810 [00:01<00:03, 1696.83it/s]
 36%|███▌      | 3176/8810 [00:02<00:03, 1525.84it/s]
 38%|███▊      | 3359/8810 [00:02<00:03, 1597.58it/s]
 40%|████      | 3525/8810 [00:02<00:03, 1477.96it/s]
 42%|████▏     | 3730/8810 [00:02<00:03, 1620.60it/s]
 44%|████▍     | 3898/8810 [00:02<00:03, 1512.90it/s]
 47%|████▋     | 4112/8810 [00:02<00:02, 1675.55it/s]
 49%|████▊     | 4286/8810 [00:02<00:02, 1573.70it/s]
 51%|█████     | 4485/8810 [00:02<00:02, 1676.53it/s]
 53%|█████▎    | 4658/8810 [00:02<00:02, 1463.03it/s]
 55%|█████▍    | 4812/8810 [00:03<00:02, 1472.90it/s]
 56%|█████▋    | 4965/8810 [00:03<00:02, 1368.99it/s]
 58%|█████▊    | 5152/8810 [00:03<00:02, 1494.77it/s]
 60%|██████    | 5323/8810 [00:03<00:02, 1551.80it/s]
 62%|██████▏   | 5483/8810 [00:03<00:02, 1459.53it/s]
 65%|██████▍   | 5701/8810 [00:03<00:01, 1653.31it/s]
 67%|██████▋   | 5872/8810 [00:03<00:01, 1480.94it/s]
 68%|██████▊   | 6027/8810 [00:03<00:01, 1449.26it/s]
 70%|███████   | 6177/8810 [00:04<00:01, 1401.94it/s]
 72%|███████▏  | 6367/8810 [00:04<00:01, 1531.30it/s]
 74%|███████▍  | 6524/8810 [00:04<00:01, 1408.73it/s]
 77%|███████▋  | 6767/8810 [00:04<00:01, 1678.08it/s]
 79%|███████▉  | 6972/8810 [00:04<00:01, 1652.76it/s]
 81%|████████  | 7153/8810 [00:04<00:00, 1691.28it/s]
 83%|████████▎ | 7350/8810 [00:04<00:00, 1766.10it/s]
 85%|████████▌ | 7530/8810 [00:04<00:00, 1524.74it/s]
 88%|████████▊ | 7715/8810 [00:04<00:00, 1521.45it/s]
 90%|████████▉ | 7894/8810 [00:05<00:00, 1589.61it/s]
 91%|█████████▏| 8058/8810 [00:05<00:00, 1362.13it/s]
 93%|█████████▎| 8215/8810 [00:05<00:00, 1413.25it/s]
 95%|█████████▍| 8364/8810 [00:05<00:00, 1341.05it/s]
 97%|█████████▋| 8541/8810 [00:05<00:00, 1446.30it/s]
 99%|█████████▉| 8702/8810 [00:05<00:00, 1354.52it/s]
100%|██████████| 8810/8810 [00:05<00:00, 1532.90it/s]
