
  0%|          | 0/8810 [00:00<?, ?it/s]
  2%|▏         | 178/8810 [00:00<00:04, 1774.57it/s]
  4%|▍         | 356/8810 [00:00<00:05, 1641.69it/s]
  7%|▋         | 588/8810 [00:00<00:04, 1931.71it/s]
  9%|▉         | 783/8810 [00:00<00:05, 1508.03it/s]
 11%|█         | 987/8810 [00:00<00:04, 1664.88it/s]
 13%|█▎        | 1164/8810 [00:00<00:04, 1583.86it/s]
 15%|█▌        | 1339/8810 [00:00<00:04, 1622.07it/s]
 17%|█▋        | 1507/8810 [00:00<00:05, 1389.69it/s]
 20%|█▉        | 1756/8810 [00:01<00:04, 1672.60it/s]
 22%|██▏       | 1935/8810 [00:01<00:04, 1606.71it/s]
 25%|██▌       | 2218/8810 [00:01<00:03, 1927.49it/s]
 27%|██▋       | 2421/8810 [00:01<00:03, 1679.24it/s]
 31%|███       | 2709/8810 [00:01<00:03, 1980.02it/s]
 33%|███▎      | 2922/8810 [00:01<00:03, 1888.99it/s]
 35%|███▌      | 3122/8810 [00:01<00:03, 1774.70it/s]
 38%|███▊      | 3308/8810 [00:01<00:03, 1793.89it/s]
 40%|███▉      | 3494/8810 [00:02<00:03, 1661.23it/s]
 42%|████▏     | 3701/8810 [00:02<00:02, 1767.36it/s]
 44%|████▍     | 3883/8810 [00:02<00:02, 1649.27it/s]
 47%|████▋     | 4152/8810 [00:02<00:02, 1923.49it/s]
 49%|████▉     | 4352/8810 [00:02<00:02, 1926.54it/s]
 52%|█████▏    | 4584/8810 [00:02<00:02, 2030.65it/s]
 54%|█████▍    | 4792/8810 [00:02<00:02, 1890.44it/s]
 57%|█████▋    | 4986/8810 [00:02<00:02, 1726.92it/s]
 59%|█████▉    | 5199/8810 [00:02<00:01, 1831.23it/s]
 61%|██████    | 5388/8810 [00:03<00:01, 1783.86it/s]
 64%|██████▍   | 5637/8810 [00:03<00:01, 1974.43it/s]
 66%|██████▋   | 5839/8810 [00:03<00:01, 1932.97it/s]
 69%|██████▊   | 6036/8810 [00:03<00:01, 1743.16it/s]
 71%|███████   | 6253/8810 [00:03<00:01, 1855.13it/s]
 73%|███████▎  | 6444/8810 [00:03<00:01, 1849.35it/s]
 76%|███████▋  | 6729/8810 [00:03<00:00, 2127.19it/s]
 79%|███████▉  | 6972/8810 [00:03<00:00, 2096.94it/s]
 82%|████████▏ | 7190/8810 [00:03<00:00, 2118.25it/s]
 84%|████████▍ | 7405/8810 [00:04<00:00, 2040.48it/s]
 86%|████████▋ | 7612/8810 [00:04<00:00, 1962.95it/s]
 89%|████████▊ | 7811/8810 [00:04<00:00, 1811.35it/s]
 91%|█████████ | 8001/8810 [00:04<00:00, 1830.13it/s]
 93%|█████████▎| 8187/8810 [00:04<00:00, 1668.57it/s]
 95%|█████████▍| 8361/8810 [00:04<00:00, 1602.19it/s]
 97%|█████████▋| 8555/8810 [00:04<00:00, 1688.43it/s]
 99%|█████████▉| 8727/8810 [00:04<00:00, 1671.96it/s]
100%|██████████| 8810/8810 [00:04<00:00, 1798.75it/s]
