
  0%|          | 0/8810 [00:00<?, ?it/s]
  2%|▏         | 181/8810 [00:00<00:05, 1472.88it/s]
  5%|▍         | 422/8810 [00:00<00:04, 1973.46it/s]
  7%|▋         | 656/8810 [00:00<00:04, 1840.10it/s]
 10%|▉         | 847/8810 [00:00<00:04, 1860.97it/s]
 12%|█▏        | 1036/8810 [00:00<00:04, 1643.34it/s]
 14%|█▍        | 1259/8810 [00:00<00:04, 1815.35it/s]
 17%|█▋        | 1457/8810 [00:00<00:04, 1716.18it/s]
 19%|█▊        | 1644/8810 [00:00<00:04, 1758.04it/s]
 21%|██        | 1824/8810 [00:01<00:04, 1682.95it/s]
 23%|██▎       | 2018/8810 [00:01<00:03, 1753.27it/s]
 25%|██▌       | 2237/8810 [00:01<00:03, 1877.15it/s]
 28%|██▊       | 2428/8810 [00:01<00:03, 1696.86it/s]
 30%|███       | 2655/8810 [00:01<00:03, 1841.90it/s]
 32%|███▏      | 2844/8810 [00:01<00:03, 1708.36it/s]
 35%|███▍      | 3040/8810 [00:01<00:03, 1771.53it/s]
 37%|███▋      | 3222/8810 [00:01<00:03, 1585.29it/s]
 38%|███▊      | 3390/8810 [00:01<00:03, 1606.42it/s]
 40%|████      | 3555/8810 [00:02<00:03, 1490.40it/s]
 43%|████▎     | 3770/8810 [00:02<00:03, 1661.85it/s]
 45%|████▍     | 3942/8810 [00:02<00:03, 1510.54it/s]
 47%|████▋     | 4176/8810 [00:02<00:02, 1722.03it/s]
 49%|████▉     | 4356/8810 [00:02<00:02, 1587.53it/s]
 52%|█████▏    | 4538/8810 [00:02<00:02, 1645.12it/s]
 53%|█████▎    | 4708/8810 [00:02<00:02, 1444.17it/s]
 55%|█████▌    | 4875/8810 [00:02<00:02, 1497.42it/s]
 57%|█████▋    | 5031/8810 [00:03<00:02, 1368.94it/s]
 59%|█████▉    | 5203/8810 [00:03<00:02, 1456.69it/s]
 61%|██████    | 5372/8810 [00:03<00:02, 1439.22it/s]
 63%|██████▎   | 5538/8810 [00:03<00:02, 1495.39it/s]
 65%|██████▍   | 5714/8810 [00:03<00:01, 1564.55it/s]
 67%|██████▋   | 5874/8810 [00:03<00:02, 1337.53it/s]
 68%|██████▊   | 6016/8810 [00:03<00:02, 1333.50it/s]
 70%|██████▉   | 6155/8810 [00:03<00:02, 1282.33it/s]
 72%|███████▏  | 6333/8810 [00:03<00:01, 1409.15it/s]
 74%|███████▎  | 6479/8810 [00:04<00:01, 1305.56it/s]
 76%|███████▌  | 6652/8810 [00:04<00:01, 1417.09it/s]
 77%|███████▋  | 6821/8810 [00:04<00:01, 1489.55it/s]
 79%|███████▉  | 6974/8810 [00:04<00:01, 1160.69it/s]
 81%|████████  | 7104/8810 [00:04<00:01, 1026.95it/s]
 82%|████████▏ | 7218/8810 [00:04<00:01, 944.25it/s] 
 83%|████████▎ | 7321/8810 [00:04<00:01, 955.68it/s]
 84%|████████▍ | 7423/8810 [00:05<00:01, 865.77it/s]
 85%|████████▌ | 7515/8810 [00:05<00:01, 759.70it/s]
 86%|████████▋ | 7611/8810 [00:05<00:01, 793.59it/s]
 87%|████████▋ | 7695/8810 [00:05<00:01, 804.27it/s]
 88%|████████▊ | 7779/8810 [00:05<00:01, 669.95it/s]
 89%|████████▉ | 7852/8810 [00:05<00:01, 667.03it/s]
 90%|█████████ | 7941/8810 [00:05<00:01, 707.14it/s]
 91%|█████████ | 8015/8810 [00:06<00:01, 667.88it/s]
 92%|█████████▏| 8085/8810 [00:06<00:01, 579.51it/s]
 93%|█████████▎| 8173/8810 [00:06<00:00, 643.39it/s]
 94%|█████████▎| 8241/8810 [00:06<00:00, 622.19it/s]
 95%|█████████▍| 8335/8810 [00:06<00:00, 698.31it/s]
 95%|█████████▌| 8408/8810 [00:06<00:00, 619.22it/s]
 96%|█████████▋| 8489/8810 [00:06<00:00, 664.06it/s]
 98%|█████████▊| 8590/8810 [00:06<00:00, 751.14it/s]
 98%|█████████▊| 8669/8810 [00:07<00:00, 638.13it/s]
 99%|█████████▉| 8738/8810 [00:07<00:00, 592.66it/s]
100%|██████████| 8810/8810 [00:07<00:00, 1216.22it/s]
