
  0%|          | 0/8810 [00:00<?, ?it/s]
  2%|▏         | 181/8810 [00:00<00:05, 1514.00it/s]
  5%|▍         | 427/8810 [00:00<00:04, 2027.04it/s]
  7%|▋         | 656/8810 [00:00<00:04, 1930.55it/s]
 10%|▉         | 866/8810 [00:00<00:03, 1987.27it/s]
 12%|█▏        | 1068/8810 [00:00<00:04, 1846.81it/s]
 15%|█▍        | 1280/8810 [00:00<00:03, 1929.77it/s]
 17%|█▋        | 1476/8810 [00:00<00:04, 1729.98it/s]
 19%|█▉        | 1705/8810 [00:00<00:03, 1881.79it/s]
 22%|██▏       | 1899/8810 [00:01<00:04, 1670.46it/s]
 24%|██▍       | 2144/8810 [00:01<00:03, 1874.66it/s]
 27%|██▋       | 2340/8810 [00:01<00:03, 1715.04it/s]
 29%|██▉       | 2594/8810 [00:01<00:03, 1927.03it/s]
 32%|███▏      | 2796/8810 [00:01<00:03, 1769.32it/s]
 34%|███▍      | 3000/8810 [00:01<00:03, 1839.21it/s]
 36%|███▌      | 3191/8810 [00:01<00:03, 1696.04it/s]
 38%|███▊      | 3382/8810 [00:01<00:03, 1751.32it/s]
 40%|████      | 3563/8810 [00:02<00:03, 1544.57it/s]
 43%|████▎     | 3774/8810 [00:02<00:03, 1534.55it/s]
 46%|████▌     | 4015/8810 [00:02<00:02, 1747.88it/s]
 48%|████▊     | 4198/8810 [00:02<00:02, 1735.90it/s]
 51%|█████     | 4463/8810 [00:02<00:02, 1980.01it/s]
 53%|█████▎    | 4668/8810 [00:02<00:02, 1773.44it/s]
 55%|█████▌    | 4854/8810 [00:02<00:02, 1790.48it/s]
 57%|█████▋    | 5039/8810 [00:02<00:02, 1683.46it/s]
 60%|██████    | 5290/8810 [00:02<00:01, 1901.56it/s]
 62%|██████▏   | 5487/8810 [00:03<00:01, 1758.22it/s]
 65%|██████▌   | 5754/8810 [00:03<00:01, 1822.78it/s]
 67%|██████▋   | 5940/8810 [00:03<00:01, 1765.76it/s]
 69%|██████▉   | 6119/8810 [00:03<00:01, 1693.40it/s]
 72%|███████▏  | 6358/8810 [00:03<00:01, 1868.99it/s]
 74%|███████▍  | 6549/8810 [00:03<00:01, 1779.85it/s]
 78%|███████▊  | 6838/8810 [00:03<00:00, 2077.24it/s]
 80%|████████  | 7051/8810 [00:03<00:00, 2004.80it/s]
 82%|████████▏ | 7256/8810 [00:03<00:00, 2014.56it/s]
 85%|████████▍ | 7461/8810 [00:04<00:00, 1853.17it/s]
 87%|████████▋ | 7651/8810 [00:04<00:00, 1856.29it/s]
 89%|████████▉ | 7840/8810 [00:04<00:00, 1723.36it/s]
 91%|█████████ | 8037/8810 [00:04<00:00, 1644.69it/s]
 93%|█████████▎| 8223/8810 [00:04<00:00, 1700.42it/s]
 95%|█████████▌| 8396/8810 [00:04<00:00, 1649.05it/s]
 98%|█████████▊| 8643/8810 [00:04<00:00, 1867.25it/s]
100%|██████████| 8810/8810 [00:04<00:00, 1789.43it/s]
