
  0%|          | 0/8810 [00:00<?, ?it/s]
  3%|▎         | 268/8810 [00:00<00:03, 2678.37it/s]
  7%|▋         | 603/8810 [00:00<00:02, 3070.51it/s]
 10%|█         | 911/8810 [00:00<00:03, 2622.79it/s]
 13%|█▎        | 1180/8810 [00:00<00:03, 2519.15it/s]
 17%|█▋        | 1457/8810 [00:00<00:03, 2421.09it/s]
 20%|██        | 1777/8810 [00:00<00:02, 2652.76it/s]
 23%|██▎       | 2047/8810 [00:00<00:02, 2590.53it/s]
 26%|██▌       | 2310/8810 [00:00<00:02, 2440.69it/s]
 31%|███       | 2709/8810 [00:01<00:02, 2876.08it/s]
 34%|███▍      | 3003/8810 [00:01<00:02, 2722.44it/s]
 37%|███▋      | 3281/8810 [00:01<00:02, 2591.63it/s]
 40%|████      | 3545/8810 [00:01<00:02, 2590.45it/s]
 43%|████▎     | 3807/8810 [00:01<00:01, 2573.26it/s]
 47%|████▋     | 4176/8810 [00:01<00:01, 2889.21it/s]
 51%|█████     | 4469/8810 [00:01<00:01, 2779.88it/s]
 54%|█████▍    | 4750/8810 [00:01<00:01, 2569.63it/s]
 57%|█████▋    | 5012/8810 [00:01<00:01, 2559.91it/s]
 60%|██████    | 5318/8810 [00:02<00:01, 2694.79it/s]
 63%|██████▎   | 5591/8810 [00:02<00:01, 2613.26it/s]
 66%|██████▋   | 5855/8810 [00:02<00:01, 2588.10it/s]
 69%|██████▉   | 6116/8810 [00:02<00:01, 2528.19it/s]
 73%|███████▎  | 6400/8810 [00:02<00:00, 2532.14it/s]
 76%|███████▌  | 6673/8810 [00:02<00:00, 2587.53it/s]
 79%|███████▉  | 6972/8810 [00:02<00:00, 2624.78it/s]
 82%|████████▏ | 7244/8810 [00:02<00:00, 2650.53it/s]
 85%|████████▌ | 7510/8810 [00:02<00:00, 2568.94it/s]
 88%|████████▊ | 7768/8810 [00:02<00:00, 2539.13it/s]
 91%|█████████ | 8037/8810 [00:03<00:00, 2390.06it/s]
 95%|█████████▍| 8335/8810 [00:03<00:00, 2546.89it/s]
 98%|█████████▊| 8593/8810 [00:03<00:00, 2473.48it/s]
100%|██████████| 8810/8810 [00:03<00:00, 2567.46it/s]
