
  0%|          | 0/8810 [00:00<?, ?it/s]
  2%|▏         | 181/8810 [00:00<00:05, 1612.69it/s]
  5%|▍         | 434/8810 [00:00<00:03, 2110.34it/s]
  7%|▋         | 656/8810 [00:00<00:03, 2101.52it/s]
 10%|█         | 888/8810 [00:00<00:03, 2183.99it/s]
 13%|█▎        | 1108/8810 [00:00<00:03, 1956.78it/s]
 15%|█▌        | 1334/8810 [00:00<00:03, 2048.08it/s]
 18%|█▊        | 1543/8810 [00:00<00:03, 1862.14it/s]
 20%|██        | 1791/8810 [00:00<00:03, 2034.50it/s]
 23%|██▎       | 2000/8810 [00:01<00:03, 1832.07it/s]
 25%|██▌       | 2240/8810 [00:01<00:03, 1981.71it/s]
 28%|██▊       | 2445/8810 [00:01<00:03, 1911.86it/s]
 31%|███       | 2705/8810 [00:01<00:02, 2100.69it/s]
 33%|███▎      | 2921/8810 [00:01<00:03, 1896.29it/s]
 35%|███▌      | 3118/8810 [00:01<00:03, 1868.57it/s]
 38%|███▊      | 3320/8810 [00:01<00:02, 1906.26it/s]
 40%|███▉      | 3515/8810 [00:01<00:03, 1733.71it/s]
 43%|████▎     | 3774/8810 [00:01<00:02, 1834.08it/s]
 46%|████▌     | 4055/8810 [00:02<00:02, 2086.67it/s]
 48%|████▊     | 4270/8810 [00:02<00:02, 2014.97it/s]
 51%|█████▏    | 4521/8810 [00:02<00:01, 2148.84it/s]
 54%|█████▍    | 4741/8810 [00:02<00:02, 1899.87it/s]
 56%|█████▌    | 4939/8810 [00:02<00:02, 1787.44it/s]
 59%|█████▉    | 5181/8810 [00:02<00:01, 1948.32it/s]
 61%|██████    | 5383/8810 [00:02<00:01, 1835.86it/s]
 64%|██████▍   | 5646/8810 [00:02<00:01, 2037.89it/s]
 66%|██████▋   | 5857/8810 [00:03<00:01, 1896.77it/s]
 69%|██████▊   | 6053/8810 [00:03<00:01, 1744.39it/s]
 71%|███████▏  | 6295/8810 [00:03<00:01, 1914.52it/s]
 74%|███████▎  | 6494/8810 [00:03<00:01, 1769.82it/s]
 76%|███████▋  | 6732/8810 [00:03<00:01, 1924.96it/s]
 79%|███████▉  | 6972/8810 [00:03<00:00, 1869.45it/s]
 81%|████████▏ | 7168/8810 [00:03<00:00, 1885.58it/s]
 84%|████████▎ | 7361/8810 [00:03<00:00, 1771.45it/s]
 86%|████████▌ | 7542/8810 [00:03<00:00, 1679.74it/s]
 88%|████████▊ | 7715/8810 [00:04<00:00, 1561.78it/s]
 90%|████████▉ | 7909/8810 [00:04<00:00, 1657.10it/s]
 92%|█████████▏| 8079/8810 [00:04<00:00, 1502.47it/s]
 94%|█████████▍| 8261/8810 [00:04<00:00, 1581.86it/s]
 96%|█████████▌| 8424/8810 [00:04<00:00, 1471.47it/s]
 98%|█████████▊| 8649/8810 [00:04<00:00, 1671.59it/s]
100%|██████████| 8810/8810 [00:04<00:00, 1841.48it/s]
