
  0%|          | 0/8810 [00:00<?, ?it/s]
  2%|▏         | 186/8810 [00:00<00:04, 1855.97it/s]
  5%|▌         | 464/8810 [00:00<00:03, 2396.55it/s]
  8%|▊         | 741/8810 [00:00<00:03, 2564.08it/s]
 11%|█▏        | 998/8810 [00:00<00:03, 2499.52it/s]
 15%|█▍        | 1315/8810 [00:00<00:02, 2736.81it/s]
 18%|█▊        | 1590/8810 [00:00<00:02, 2634.26it/s]
 21%|██        | 1855/8810 [00:00<00:02, 2541.82it/s]
 25%|██▌       | 2233/8810 [00:00<00:02, 2914.45it/s]
 29%|██▊       | 2528/8810 [00:00<00:02, 2765.07it/s]
 32%|███▏      | 2808/8810 [00:01<00:02, 2672.23it/s]
 35%|███▍      | 3078/8810 [00:01<00:02, 2595.13it/s]
 39%|███▊      | 3399/8810 [00:01<00:01, 2768.44it/s]
 42%|████▏     | 3679/8810 [00:01<00:02, 2533.74it/s]
 45%|████▍     | 3938/8810 [00:01<00:01, 2508.23it/s]
 48%|████▊     | 4193/8810 [00:01<00:01, 2469.04it/s]
 51%|█████     | 4507/8810 [00:01<00:01, 2654.78it/s]
 54%|█████▍    | 4776/8810 [00:01<00:01, 2235.54it/s]
 57%|█████▋    | 5013/8810 [00:02<00:01, 2190.71it/s]
 60%|██████    | 5314/8810 [00:02<00:01, 2403.27it/s]
 63%|██████▎   | 5564/8810 [00:02<00:01, 2338.26it/s]
 66%|██████▌   | 5805/8810 [00:02<00:01, 2292.96it/s]
 69%|██████▊   | 6039/8810 [00:02<00:01, 2167.51it/s]
 72%|███████▏  | 6370/8810 [00:02<00:00, 2474.53it/s]
 75%|███████▌  | 6627/8810 [00:02<00:00, 2499.54it/s]
 79%|███████▉  | 6972/8810 [00:02<00:00, 2616.83it/s]
 82%|████████▏ | 7266/8810 [00:02<00:00, 2700.16it/s]
 86%|████████▌ | 7539/8810 [00:03<00:00, 2387.77it/s]
 88%|████████▊ | 7786/8810 [00:03<00:00, 2396.24it/s]
 91%|█████████ | 8033/8810 [00:03<00:00, 2409.71it/s]
 94%|█████████▍| 8278/8810 [00:03<00:00, 2304.58it/s]
 97%|█████████▋| 8523/8810 [00:03<00:00, 2343.70it/s]
 99%|█████████▉| 8760/8810 [00:03<00:00, 2332.15it/s]
100%|██████████| 8810/8810 [00:03<00:00, 2473.99it/s]
