
  0%|          | 0/8810 [00:00<?, ?it/s]
  2%|▏         | 147/8810 [00:00<00:05, 1465.62it/s]
  4%|▍         | 331/8810 [00:00<00:05, 1685.36it/s]
  7%|▋         | 595/8810 [00:00<00:03, 2115.64it/s]
  9%|▉         | 807/8810 [00:00<00:04, 1889.18it/s]
 11%|█▏        | 1000/8810 [00:00<00:04, 1764.57it/s]
 14%|█▍        | 1251/8810 [00:00<00:03, 1987.55it/s]
 17%|█▋        | 1457/8810 [00:00<00:03, 1934.83it/s]
 19%|█▉        | 1706/8810 [00:00<00:03, 2083.23it/s]
 22%|██▏       | 1918/8810 [00:01<00:03, 1893.70it/s]
 25%|██▌       | 2204/8810 [00:01<00:03, 2155.52it/s]
 28%|██▊       | 2426/8810 [00:01<00:03, 1962.69it/s]
 31%|███       | 2724/8810 [00:01<00:02, 2228.76it/s]
 34%|███▎      | 2956/8810 [00:01<00:02, 2021.60it/s]
 36%|███▌      | 3167/8810 [00:01<00:03, 1835.48it/s]
 39%|███▊      | 3399/8810 [00:01<00:02, 1956.67it/s]
 41%|████      | 3603/8810 [00:01<00:02, 1784.69it/s]
 43%|████▎     | 3789/8810 [00:01<00:02, 1793.97it/s]
 46%|████▌     | 4036/8810 [00:02<00:02, 1971.11it/s]
 48%|████▊     | 4240/8810 [00:02<00:02, 1954.34it/s]
 51%|█████     | 4501/8810 [00:02<00:02, 2136.11it/s]
 54%|█████▎    | 4719/8810 [00:02<00:02, 1874.53it/s]
 56%|█████▌    | 4923/8810 [00:02<00:02, 1915.27it/s]
 58%|█████▊    | 5121/8810 [00:02<00:02, 1818.14it/s]
 61%|██████    | 5372/8810 [00:02<00:01, 1797.84it/s]
 63%|██████▎   | 5563/8810 [00:02<00:01, 1824.67it/s]
 65%|██████▌   | 5756/8810 [00:03<00:01, 1852.51it/s]
 67%|██████▋   | 5944/8810 [00:03<00:01, 1812.59it/s]
 70%|██████▉   | 6127/8810 [00:03<00:01, 1686.68it/s]
 72%|███████▏  | 6351/8810 [00:03<00:01, 1834.35it/s]
 74%|███████▍  | 6538/8810 [00:03<00:01, 1724.44it/s]
 77%|███████▋  | 6817/8810 [00:03<00:00, 2009.51it/s]
 80%|███████▉  | 7024/8810 [00:03<00:00, 1896.24it/s]
 82%|████████▏ | 7219/8810 [00:03<00:00, 1898.89it/s]
 84%|████████▍ | 7413/8810 [00:03<00:00, 1891.56it/s]
 86%|████████▋ | 7605/8810 [00:03<00:00, 1899.49it/s]
 89%|████████▊ | 7797/8810 [00:04<00:00, 1729.72it/s]
 91%|█████████ | 8012/8810 [00:04<00:00, 1843.70it/s]
 93%|█████████▎| 8201/8810 [00:04<00:00, 1651.50it/s]
 95%|█████████▌| 8372/8810 [00:04<00:00, 1626.25it/s]
 98%|█████████▊| 8619/8810 [00:04<00:00, 1848.95it/s]
100%|██████████| 8810/8810 [00:04<00:00, 1762.03it/s]
100%|██████████| 8810/8810 [00:04<00:00, 1871.93it/s]
