
  0%|          | 0/8810 [00:00<?, ?it/s]
  4%|▍         | 332/8810 [00:00<00:02, 3314.98it/s]
  8%|▊         | 664/8810 [00:00<00:02, 3263.48it/s]
 11%|█▏        | 996/8810 [00:00<00:02, 3192.11it/s]
 16%|█▌        | 1416/8810 [00:00<00:02, 3580.03it/s]
 20%|██        | 1776/8810 [00:00<00:01, 3560.97it/s]
 24%|██▍       | 2133/8810 [00:00<00:01, 3447.34it/s]
 28%|██▊       | 2479/8810 [00:00<00:01, 3361.42it/s]
 32%|███▏      | 2816/8810 [00:00<00:01, 3361.57it/s]
 36%|███▌      | 3153/8810 [00:00<00:01, 3329.56it/s]
 40%|███▉      | 3487/8810 [00:01<00:01, 3169.62it/s]
 43%|████▎     | 3813/8810 [00:01<00:01, 3190.86it/s]
 47%|████▋     | 4180/8810 [00:01<00:01, 3245.42it/s]
 52%|█████▏    | 4564/8810 [00:01<00:01, 3417.11it/s]
 56%|█████▌    | 4907/8810 [00:01<00:01, 3173.63it/s]
 59%|█████▉    | 5229/8810 [00:01<00:01, 3020.76it/s]
 63%|██████▎   | 5563/8810 [00:01<00:01, 3106.20it/s]
 67%|██████▋   | 5877/8810 [00:01<00:00, 3083.04it/s]
 70%|███████   | 6188/8810 [00:01<00:00, 2999.51it/s]
 74%|███████▎  | 6495/8810 [00:02<00:00, 3013.54it/s]
 79%|███████▊  | 6920/8810 [00:02<00:00, 3365.70it/s]
 82%|████████▏ | 7259/8810 [00:02<00:00, 2984.76it/s]
 86%|████████▌ | 7567/8810 [00:02<00:00, 2855.62it/s]
 89%|████████▉ | 7860/8810 [00:02<00:00, 2777.61it/s]
 92%|█████████▏| 8143/8810 [00:02<00:00, 2674.42it/s]
 96%|█████████▌| 8414/8810 [00:02<00:00, 2423.33it/s]
 99%|█████████▉| 8700/8810 [00:02<00:00, 2533.52it/s]
100%|██████████| 8810/8810 [00:02<00:00, 2999.70it/s]
