
  0%|          | 0/8810 [00:00<?, ?it/s]
  2%|▏         | 185/8810 [00:00<00:04, 1838.45it/s]
  5%|▌         | 464/8810 [00:00<00:03, 2392.82it/s]
  8%|▊         | 704/8810 [00:00<00:03, 2230.54it/s]
 11%|█         | 929/8810 [00:00<00:03, 2145.89it/s]
 13%|█▎        | 1145/8810 [00:00<00:03, 2068.07it/s]
 16%|█▌        | 1400/8810 [00:00<00:03, 2221.34it/s]
 18%|█▊        | 1624/8810 [00:00<00:03, 2058.32it/s]
 21%|██        | 1833/8810 [00:00<00:03, 1929.04it/s]
 23%|██▎       | 2029/8810 [00:00<00:03, 1904.56it/s]
 26%|██▌       | 2263/8810 [00:01<00:03, 1898.34it/s]
 29%|██▊       | 2519/8810 [00:01<00:03, 2076.34it/s]
 31%|███       | 2744/8810 [00:01<00:02, 2059.15it/s]
 34%|███▍      | 2986/8810 [00:01<00:02, 2151.93it/s]
 36%|███▋      | 3204/8810 [00:01<00:02, 1978.52it/s]
 39%|███▊      | 3410/8810 [00:01<00:02, 1908.06it/s]
 42%|████▏     | 3680/8810 [00:01<00:02, 2118.73it/s]
 44%|████▍     | 3896/8810 [00:01<00:02, 2044.42it/s]
 47%|████▋     | 4180/8810 [00:02<00:02, 2124.85it/s]
 51%|█████     | 4450/8810 [00:02<00:01, 2279.91it/s]
 53%|█████▎    | 4681/8810 [00:02<00:02, 2055.12it/s]
 56%|█████▌    | 4912/8810 [00:02<00:01, 2118.04it/s]
 58%|█████▊    | 5129/8810 [00:02<00:01, 1998.88it/s]
 61%|██████    | 5356/8810 [00:02<00:01, 2069.51it/s]
 63%|██████▎   | 5567/8810 [00:02<00:01, 2010.41it/s]
 66%|██████▌   | 5771/8810 [00:02<00:01, 2002.16it/s]
 68%|██████▊   | 5973/8810 [00:02<00:01, 1962.76it/s]
 70%|███████   | 6171/8810 [00:03<00:01, 1918.63it/s]
 73%|███████▎  | 6400/8810 [00:03<00:01, 1921.98it/s]
 76%|███████▌  | 6704/8810 [00:03<00:00, 2229.19it/s]
 79%|███████▉  | 6972/8810 [00:03<00:00, 2205.43it/s]
 82%|████████▏ | 7195/8810 [00:03<00:00, 2159.12it/s]
 84%|████████▍ | 7415/8810 [00:03<00:00, 2170.41it/s]
 87%|████████▋ | 7634/8810 [00:03<00:00, 2163.37it/s]
 89%|████████▉ | 7852/8810 [00:03<00:00, 1874.03it/s]
 91%|█████████▏| 8047/8810 [00:03<00:00, 1779.96it/s]
 94%|█████████▎| 8246/8810 [00:04<00:00, 1833.43it/s]
 96%|█████████▌| 8434/8810 [00:04<00:00, 1732.49it/s]
 98%|█████████▊| 8652/8810 [00:04<00:00, 1851.30it/s]
100%|██████████| 8810/8810 [00:04<00:00, 2012.04it/s]
