
  0%|          | 0/8810 [00:00<?, ?it/s]
  2%|▏         | 181/8810 [00:00<00:04, 1731.33it/s]
  5%|▌         | 472/8810 [00:00<00:03, 2403.86it/s]
  8%|▊         | 714/8810 [00:00<00:03, 2360.54it/s]
 11%|█         | 962/8810 [00:00<00:03, 2405.35it/s]
 14%|█▎        | 1204/8810 [00:00<00:03, 2124.97it/s]
 16%|█▌        | 1431/8810 [00:00<00:03, 2168.35it/s]
 19%|█▉        | 1652/8810 [00:00<00:03, 2059.06it/s]
 21%|██        | 1861/8810 [00:00<00:03, 1948.08it/s]
 24%|██▍       | 2133/8810 [00:00<00:03, 2160.16it/s]
 27%|██▋       | 2353/8810 [00:01<00:03, 2033.90it/s]
 30%|███       | 2654/8810 [00:01<00:02, 2304.61it/s]
 33%|███▎      | 2890/8810 [00:01<00:02, 2184.44it/s]
 35%|███▌      | 3113/8810 [00:01<00:02, 2095.66it/s]
 38%|███▊      | 3348/8810 [00:01<00:02, 2163.73it/s]
 40%|████      | 3568/8810 [00:01<00:02, 2013.84it/s]
 43%|████▎     | 3774/8810 [00:01<00:02, 1897.97it/s]
 46%|████▋     | 4084/8810 [00:01<00:02, 2217.77it/s]
 49%|████▉     | 4313/8810 [00:02<00:02, 2201.89it/s]
 52%|█████▏    | 4599/8810 [00:02<00:01, 2378.95it/s]
 55%|█████▍    | 4842/8810 [00:02<00:01, 2176.48it/s]
 58%|█████▊    | 5066/8810 [00:02<00:01, 2018.84it/s]
 61%|██████    | 5357/8810 [00:02<00:01, 2251.13it/s]
 63%|██████▎   | 5590/8810 [00:02<00:01, 2140.27it/s]
 66%|██████▌   | 5810/8810 [00:02<00:01, 2121.96it/s]
 68%|██████▊   | 6026/8810 [00:02<00:01, 2122.82it/s]
 71%|███████   | 6241/8810 [00:02<00:01, 1926.05it/s]
 73%|███████▎  | 6439/8810 [00:03<00:01, 1885.08it/s]
 76%|███████▋  | 6724/8810 [00:03<00:00, 2143.03it/s]
 79%|███████▉  | 6972/8810 [00:03<00:00, 2206.47it/s]
 82%|████████▏ | 7247/8810 [00:03<00:00, 2358.22it/s]
 85%|████████▍ | 7487/8810 [00:03<00:00, 2203.94it/s]
 88%|████████▊ | 7715/8810 [00:03<00:00, 2121.41it/s]
 90%|█████████ | 7931/8810 [00:03<00:00, 2126.83it/s]
 92%|█████████▏| 8146/8810 [00:03<00:00, 1900.59it/s]
 95%|█████████▍| 8361/8810 [00:03<00:00, 1843.99it/s]
 97%|█████████▋| 8584/8810 [00:04<00:00, 1944.16it/s]
100%|█████████▉| 8783/8810 [00:04<00:00, 1821.39it/s]
100%|██████████| 8810/8810 [00:04<00:00, 2089.40it/s]
