
  0%|          | 0/8810 [00:00<?, ?it/s]
  4%|▍         | 360/8810 [00:00<00:02, 3597.06it/s]
  8%|▊         | 720/8810 [00:00<00:02, 3589.27it/s]
 12%|█▏        | 1079/8810 [00:00<00:02, 3448.04it/s]
 17%|█▋        | 1457/8810 [00:00<00:02, 3258.28it/s]
 21%|██        | 1821/8810 [00:00<00:02, 3249.51it/s]
 25%|██▌       | 2221/8810 [00:00<00:01, 3481.23it/s]
 29%|██▉       | 2594/8810 [00:00<00:01, 3551.86it/s]
 34%|███▎      | 2952/8810 [00:00<00:01, 3387.40it/s]
 37%|███▋      | 3294/8810 [00:00<00:01, 3266.62it/s]
 41%|████      | 3623/8810 [00:01<00:01, 3259.02it/s]
 45%|████▍     | 3955/8810 [00:01<00:01, 3272.91it/s]
 49%|████▉     | 4335/8810 [00:01<00:01, 3423.60it/s]
 53%|█████▎    | 4679/8810 [00:01<00:01, 3350.34it/s]
 57%|█████▋    | 5016/8810 [00:01<00:01, 3151.55it/s]
 61%|██████    | 5372/8810 [00:01<00:01, 3166.30it/s]
 65%|██████▌   | 5754/8810 [00:01<00:00, 3254.17it/s]
 69%|██████▉   | 6081/8810 [00:01<00:00, 3144.81it/s]
 73%|███████▎  | 6403/8810 [00:01<00:00, 3163.66it/s]
 78%|███████▊  | 6863/8810 [00:02<00:00, 3569.39it/s]
 82%|████████▏ | 7223/8810 [00:02<00:00, 3511.06it/s]
 86%|████████▌ | 7577/8810 [00:02<00:00, 3441.52it/s]
 90%|████████▉ | 7923/8810 [00:02<00:00, 3306.04it/s]
 94%|█████████▎| 8256/8810 [00:02<00:00, 3133.88it/s]
 97%|█████████▋| 8572/8810 [00:02<00:00, 3121.04it/s]
100%|██████████| 8810/8810 [00:02<00:00, 3290.49it/s]
