
  0%|          | 0/8810 [00:00<?, ?it/s]
  2%|▏         | 188/8810 [00:00<00:04, 1872.64it/s]
  7%|▋         | 583/8810 [00:00<00:02, 3085.55it/s]
 10%|█         | 892/8810 [00:00<00:02, 2656.36it/s]
 13%|█▎        | 1164/8810 [00:00<00:02, 2663.06it/s]
 17%|█▋        | 1457/8810 [00:00<00:02, 2555.65it/s]
 20%|██        | 1805/8810 [00:00<00:02, 2840.13it/s]
 24%|██▍       | 2094/8810 [00:00<00:02, 2561.80it/s]
 27%|██▋       | 2358/8810 [00:00<00:02, 2422.56it/s]
 31%|███       | 2719/8810 [00:01<00:02, 2742.39it/s]
 34%|███▍      | 3002/8810 [00:01<00:02, 2663.08it/s]
 37%|███▋      | 3274/8810 [00:01<00:02, 2586.98it/s]
 40%|████      | 3537/8810 [00:01<00:02, 2574.96it/s]
 43%|████▎     | 3797/8810 [00:01<00:02, 2497.79it/s]
 46%|████▋     | 4080/8810 [00:01<00:01, 2590.50it/s]
 50%|████▉     | 4364/8810 [00:01<00:01, 2658.67it/s]
 53%|█████▎    | 4632/8810 [00:01<00:01, 2537.10it/s]
 55%|█████▌    | 4888/8810 [00:01<00:01, 2388.83it/s]
 58%|█████▊    | 5130/8810 [00:02<00:01, 2366.82it/s]
 61%|██████    | 5394/8810 [00:02<00:01, 2441.90it/s]
 65%|██████▌   | 5754/8810 [00:02<00:01, 2647.93it/s]
 68%|██████▊   | 6019/8810 [00:02<00:01, 2553.12it/s]
 71%|███████   | 6275/8810 [00:02<00:01, 2460.48it/s]
 74%|███████▍  | 6522/8810 [00:02<00:00, 2403.60it/s]
 79%|███████▉  | 6939/8810 [00:02<00:00, 2892.89it/s]
 82%|████████▏ | 7233/8810 [00:02<00:00, 2671.47it/s]
 85%|████████▌ | 7506/8810 [00:02<00:00, 2619.40it/s]
 88%|████████▊ | 7772/8810 [00:03<00:00, 2583.89it/s]
 91%|█████████ | 8037/8810 [00:03<00:00, 2416.61it/s]
 94%|█████████▍| 8321/8810 [00:03<00:00, 2529.87it/s]
 97%|█████████▋| 8578/8810 [00:03<00:00, 2501.60it/s]
100%|██████████| 8810/8810 [00:03<00:00, 2540.40it/s]
