
  0%|          | 0/8810 [00:00<?, ?it/s]
  4%|▍         | 346/8810 [00:00<00:02, 3451.72it/s]
  8%|▊         | 692/8810 [00:00<00:02, 3432.18it/s]
 12%|█▏        | 1036/8810 [00:00<00:02, 3168.16it/s]
 16%|█▌        | 1369/8810 [00:00<00:02, 3226.52it/s]
 19%|█▉        | 1694/8810 [00:00<00:02, 3108.59it/s]
 23%|██▎       | 2007/8810 [00:00<00:02, 2967.50it/s]
 26%|██▌       | 2306/8810 [00:00<00:02, 2907.79it/s]
 30%|███       | 2676/8810 [00:00<00:01, 3142.48it/s]
 34%|███▍      | 2993/8810 [00:00<00:01, 2955.88it/s]
 37%|███▋      | 3292/8810 [00:01<00:02, 2745.51it/s]
 41%|████      | 3571/8810 [00:01<00:01, 2717.56it/s]
 44%|████▎     | 3846/8810 [00:01<00:01, 2684.11it/s]
 47%|████▋     | 4180/8810 [00:01<00:01, 2775.47it/s]
 52%|█████▏    | 4549/8810 [00:01<00:01, 3030.42it/s]
 55%|█████▌    | 4855/8810 [00:01<00:01, 2709.39it/s]
 58%|█████▊    | 5134/8810 [00:01<00:01, 2600.54it/s]
 61%|██████▏   | 5400/8810 [00:01<00:01, 2590.57it/s]
 65%|██████▌   | 5754/8810 [00:02<00:01, 2735.04it/s]
 69%|██████▊   | 6036/8810 [00:02<00:01, 2664.48it/s]
 73%|███████▎  | 6400/8810 [00:02<00:00, 2803.04it/s]
 77%|███████▋  | 6781/8810 [00:02<00:00, 3075.35it/s]
 81%|████████  | 7093/8810 [00:02<00:00, 3087.58it/s]
 84%|████████▍ | 7405/8810 [00:02<00:00, 3056.89it/s]
 88%|████████▊ | 7715/8810 [00:02<00:00, 2910.97it/s]
 91%|█████████ | 8037/8810 [00:02<00:00, 2811.86it/s]
 95%|█████████▍| 8361/8810 [00:02<00:00, 2841.25it/s]
 99%|█████████▉| 8702/8810 [00:03<00:00, 2826.80it/s]
100%|██████████| 8810/8810 [00:03<00:00, 2893.92it/s]
