
  0%|          | 0/8810 [00:00<?, ?it/s]
  3%|▎         | 268/8810 [00:00<00:03, 2668.56it/s]
  6%|▋         | 570/8810 [00:00<00:02, 2867.65it/s]
 10%|▉         | 857/8810 [00:00<00:03, 2498.71it/s]
 13%|█▎        | 1112/8810 [00:00<00:03, 2508.89it/s]
 17%|█▋        | 1457/8810 [00:00<00:02, 2584.11it/s]
 20%|██        | 1800/8810 [00:00<00:02, 2842.23it/s]
 24%|██▎       | 2088/8810 [00:00<00:02, 2643.46it/s]
 27%|██▋       | 2357/8810 [00:00<00:02, 2525.96it/s]
 31%|███       | 2702/8810 [00:01<00:02, 2785.34it/s]
 34%|███▍      | 2986/8810 [00:01<00:02, 2693.29it/s]
 37%|███▋      | 3259/8810 [00:01<00:02, 2547.58it/s]
 40%|███▉      | 3518/8810 [00:01<00:02, 2484.74it/s]
 43%|████▎     | 3774/8810 [00:01<00:02, 2464.85it/s]
 46%|████▌     | 4022/8810 [00:01<00:01, 2462.33it/s]
 48%|████▊     | 4270/8810 [00:01<00:01, 2452.24it/s]
 52%|█████▏    | 4586/8810 [00:01<00:01, 2653.53it/s]
 55%|█████▌    | 4853/8810 [00:01<00:01, 2482.83it/s]
 58%|█████▊    | 5105/8810 [00:02<00:01, 2322.71it/s]
 61%|██████    | 5376/8810 [00:02<00:01, 2422.74it/s]
 65%|██████▌   | 5728/8810 [00:02<00:01, 2728.66it/s]
 68%|██████▊   | 6006/8810 [00:02<00:01, 2486.67it/s]
 71%|███████   | 6262/8810 [00:02<00:01, 2381.82it/s]
 74%|███████▍  | 6506/8810 [00:02<00:00, 2324.11it/s]
 78%|███████▊  | 6850/8810 [00:02<00:00, 2619.85it/s]
 81%|████████  | 7118/8810 [00:02<00:00, 2386.72it/s]
 84%|████████▎ | 7364/8810 [00:02<00:00, 2396.38it/s]
 87%|████████▋ | 7700/8810 [00:03<00:00, 2657.43it/s]
 90%|█████████ | 7972/8810 [00:03<00:00, 2294.02it/s]
 93%|█████████▎| 8214/8810 [00:03<00:00, 2250.58it/s]
 96%|█████████▌| 8448/8810 [00:03<00:00, 2217.37it/s]
 99%|█████████▉| 8702/8810 [00:03<00:00, 2242.05it/s]
100%|██████████| 8810/8810 [00:03<00:00, 2484.06it/s]
