
  0%|          | 0/8810 [00:00<?, ?it/s]
  2%|▏         | 181/8810 [00:00<00:05, 1485.03it/s]
  5%|▍         | 409/8810 [00:00<00:04, 1912.83it/s]
  7%|▋         | 617/8810 [00:00<00:04, 1985.17it/s]
  9%|▉         | 818/8810 [00:00<00:04, 1774.90it/s]
 11%|█▏        | 1000/8810 [00:00<00:04, 1643.45it/s]
 14%|█▍        | 1212/8810 [00:00<00:04, 1784.52it/s]
 16%|█▌        | 1395/8810 [00:00<00:04, 1729.89it/s]
 18%|█▊        | 1571/8810 [00:00<00:04, 1531.67it/s]
 20%|██        | 1777/8810 [00:01<00:04, 1668.20it/s]
 22%|██▏       | 1950/8810 [00:01<00:04, 1474.79it/s]
 24%|██▍       | 2146/8810 [00:01<00:04, 1597.76it/s]
 26%|██▋       | 2313/8810 [00:01<00:04, 1402.98it/s]
 29%|██▊       | 2522/8810 [00:01<00:04, 1568.13it/s]
 31%|███       | 2731/8810 [00:01<00:03, 1702.16it/s]
 33%|███▎      | 2910/8810 [00:01<00:03, 1527.54it/s]
 35%|███▍      | 3072/8810 [00:01<00:04, 1429.40it/s]
 37%|███▋      | 3230/8810 [00:02<00:03, 1465.31it/s]
 39%|███▊      | 3397/8810 [00:02<00:03, 1513.41it/s]
 40%|████      | 3553/8810 [00:02<00:03, 1446.94it/s]
 43%|████▎     | 3757/8810 [00:02<00:03, 1601.81it/s]
 45%|████▍     | 3921/8810 [00:02<00:03, 1386.92it/s]
 47%|████▋     | 4153/8810 [00:02<00:02, 1621.95it/s]
 49%|████▉     | 4325/8810 [00:02<00:02, 1538.58it/s]
 51%|█████▏    | 4516/8810 [00:02<00:02, 1633.82it/s]
 53%|█████▎    | 4686/8810 [00:02<00:02, 1464.06it/s]
 55%|█████▌    | 4852/8810 [00:03<00:02, 1513.44it/s]
 57%|█████▋    | 5009/8810 [00:03<00:02, 1395.44it/s]
 59%|█████▉    | 5181/8810 [00:03<00:02, 1473.22it/s]
 61%|██████    | 5358/8810 [00:03<00:02, 1551.66it/s]
 63%|██████▎   | 5518/8810 [00:03<00:02, 1408.09it/s]
 65%|██████▍   | 5683/8810 [00:03<00:02, 1468.58it/s]
 66%|██████▌   | 5835/8810 [00:03<00:02, 1242.31it/s]
 68%|██████▊   | 5968/8810 [00:03<00:02, 1195.55it/s]
 69%|██████▉   | 6094/8810 [00:04<00:02, 1185.50it/s]
 71%|███████▏  | 6278/8810 [00:04<00:01, 1352.53it/s]
 73%|███████▎  | 6419/8810 [00:04<00:01, 1305.83it/s]
 75%|███████▍  | 6588/8810 [00:04<00:01, 1407.88it/s]
 77%|███████▋  | 6818/8810 [00:04<00:01, 1654.66it/s]
 79%|███████▉  | 6989/8810 [00:04<00:01, 1592.72it/s]
 81%|████████▏ | 7163/8810 [00:04<00:01, 1632.94it/s]
 83%|████████▎ | 7332/8810 [00:04<00:00, 1645.96it/s]
 85%|████████▌ | 7499/8810 [00:04<00:00, 1450.94it/s]
 87%|████████▋ | 7669/8810 [00:05<00:00, 1509.99it/s]
 89%|████████▉ | 7825/8810 [00:05<00:00, 1332.79it/s]
 91%|█████████ | 7992/8810 [00:05<00:00, 1418.20it/s]
 92%|█████████▏| 8140/8810 [00:05<00:00, 1271.12it/s]
 94%|█████████▍| 8309/8810 [00:05<00:00, 1373.06it/s]
 96%|█████████▌| 8453/8810 [00:05<00:00, 1245.10it/s]
 98%|█████████▊| 8601/8810 [00:05<00:00, 1302.86it/s]
 99%|█████████▉| 8737/8810 [00:05<00:00, 1185.82it/s]
100%|██████████| 8810/8810 [00:05<00:00, 1468.89it/s]
