
  0%|          | 0/8810 [00:00<?, ?it/s]
  2%|▏         | 181/8810 [00:00<00:06, 1331.15it/s]
  5%|▍         | 409/8810 [00:00<00:04, 1810.72it/s]
  7%|▋         | 625/8810 [00:00<00:04, 1955.58it/s]
  9%|▉         | 826/8810 [00:00<00:04, 1721.85it/s]
 11%|█▏        | 1005/8810 [00:00<00:05, 1516.76it/s]
 14%|█▍        | 1226/8810 [00:00<00:04, 1710.27it/s]
 16%|█▋        | 1437/8810 [00:00<00:04, 1823.28it/s]
 18%|█▊        | 1627/8810 [00:00<00:04, 1631.63it/s]
 21%|██        | 1820/8810 [00:01<00:04, 1710.82it/s]
 23%|██▎       | 1998/8810 [00:01<00:04, 1483.06it/s]
 25%|██▍       | 2195/8810 [00:01<00:04, 1602.73it/s]
 27%|██▋       | 2364/8810 [00:01<00:04, 1475.29it/s]
 30%|██▉       | 2605/8810 [00:01<00:03, 1713.27it/s]
 32%|███▏      | 2786/8810 [00:01<00:03, 1547.05it/s]
 34%|███▎      | 2972/8810 [00:01<00:03, 1621.67it/s]
 36%|███▌      | 3142/8810 [00:01<00:03, 1567.24it/s]
 38%|███▊      | 3304/8810 [00:02<00:03, 1567.94it/s]
 39%|███▉      | 3465/8810 [00:02<00:03, 1511.58it/s]
 41%|████▏     | 3642/8810 [00:02<00:03, 1580.70it/s]
 43%|████▎     | 3803/8810 [00:02<00:03, 1469.48it/s]
 46%|████▌     | 4017/8810 [00:02<00:02, 1648.85it/s]
 48%|████▊     | 4186/8810 [00:02<00:03, 1534.89it/s]
 50%|█████     | 4412/8810 [00:02<00:02, 1727.51it/s]
 52%|█████▏    | 4590/8810 [00:02<00:02, 1689.75it/s]
 54%|█████▍    | 4763/8810 [00:02<00:02, 1480.45it/s]
 56%|█████▌    | 4925/8810 [00:03<00:02, 1515.20it/s]
 58%|█████▊    | 5082/8810 [00:03<00:02, 1430.90it/s]
 60%|█████▉    | 5285/8810 [00:03<00:02, 1587.64it/s]
 62%|██████▏   | 5449/8810 [00:03<00:02, 1441.96it/s]
 64%|██████▍   | 5653/8810 [00:03<00:01, 1597.41it/s]
 66%|██████▌   | 5819/8810 [00:03<00:01, 1591.12it/s]
 68%|██████▊   | 5983/8810 [00:03<00:01, 1473.52it/s]
 70%|██████▉   | 6135/8810 [00:03<00:01, 1390.41it/s]
 72%|███████▏  | 6315/8810 [00:04<00:01, 1492.70it/s]
 73%|███████▎  | 6468/8810 [00:04<00:01, 1396.67it/s]
 76%|███████▋  | 6724/8810 [00:04<00:01, 1702.01it/s]
 78%|███████▊  | 6909/8810 [00:04<00:01, 1741.91it/s]
 80%|████████  | 7088/8810 [00:04<00:01, 1614.71it/s]
 82%|████████▏ | 7255/8810 [00:04<00:00, 1610.92it/s]
 84%|████████▍ | 7420/8810 [00:04<00:00, 1551.87it/s]
 86%|████████▌ | 7578/8810 [00:04<00:00, 1455.66it/s]
 88%|████████▊ | 7726/8810 [00:04<00:00, 1433.58it/s]
 89%|████████▉ | 7871/8810 [00:05<00:00, 1437.11it/s]
 91%|█████████ | 8023/8810 [00:05<00:00, 1459.95it/s]
 93%|█████████▎| 8170/8810 [00:05<00:00, 1324.77it/s]
 95%|█████████▍| 8327/8810 [00:05<00:00, 1388.41it/s]
 96%|█████████▌| 8469/8810 [00:05<00:00, 1361.50it/s]
 98%|█████████▊| 8641/8810 [00:05<00:00, 1459.88it/s]
100%|█████████▉| 8789/8810 [00:05<00:00, 1364.17it/s]
100%|██████████| 8810/8810 [00:05<00:00, 1542.87it/s]
