
  0%|          | 0/8810 [00:00<?, ?it/s]
  4%|▍         | 360/8810 [00:00<00:02, 3585.11it/s]
  8%|▊         | 719/8810 [00:00<00:02, 3515.15it/s]
 12%|█▏        | 1071/8810 [00:00<00:02, 3306.55it/s]
 17%|█▋        | 1457/8810 [00:00<00:02, 3297.86it/s]
 21%|██        | 1821/8810 [00:00<00:02, 3276.38it/s]
 25%|██▌       | 2212/8810 [00:00<00:01, 3473.83it/s]
 29%|██▉       | 2562/8810 [00:00<00:01, 3401.16it/s]
 33%|███▎      | 2904/8810 [00:00<00:01, 3283.69it/s]
 37%|███▋      | 3234/8810 [00:00<00:01, 3099.31it/s]
 40%|████      | 3546/8810 [00:01<00:01, 3003.75it/s]
 44%|████▍     | 3858/8810 [00:01<00:01, 3032.33it/s]
 48%|████▊     | 4233/8810 [00:01<00:01, 3237.89it/s]
 52%|█████▏    | 4625/8810 [00:01<00:01, 3316.70it/s]
 56%|█████▋    | 4958/8810 [00:01<00:01, 3097.69it/s]
 61%|██████    | 5358/8810 [00:01<00:01, 3345.85it/s]
 65%|██████▍   | 5697/8810 [00:01<00:00, 3305.85it/s]
 68%|██████▊   | 6031/8810 [00:01<00:00, 3075.63it/s]
 72%|███████▏  | 6344/8810 [00:01<00:00, 3079.84it/s]
 76%|███████▌  | 6656/8810 [00:02<00:00, 3083.04it/s]
 80%|███████▉  | 7011/8810 [00:02<00:00, 3212.29it/s]
 84%|████████▎ | 7360/8810 [00:02<00:00, 3239.68it/s]
 88%|████████▊ | 7715/8810 [00:02<00:00, 3207.50it/s]
 91%|█████████ | 8037/8810 [00:02<00:00, 3109.42it/s]
 95%|█████████▍| 8361/8810 [00:02<00:00, 3095.81it/s]
 99%|█████████▉| 8702/8810 [00:02<00:00, 3105.40it/s]
100%|██████████| 8810/8810 [00:02<00:00, 3208.69it/s]
