
  0%|          | 0/8810 [00:00<?, ?it/s]
  2%|▏         | 188/8810 [00:00<00:04, 1873.46it/s]
  6%|▌         | 485/8810 [00:00<00:03, 2508.39it/s]
  8%|▊         | 736/8810 [00:00<00:03, 2438.94it/s]
 11%|█▏        | 993/8810 [00:00<00:03, 2486.42it/s]
 14%|█▍        | 1242/8810 [00:00<00:03, 2384.04it/s]
 17%|█▋        | 1482/8810 [00:00<00:03, 2166.01it/s]
 20%|██        | 1769/8810 [00:00<00:02, 2371.18it/s]
 23%|██▎       | 2011/8810 [00:00<00:03, 2185.45it/s]
 26%|██▌       | 2263/8810 [00:00<00:03, 2175.33it/s]
 29%|██▉       | 2562/8810 [00:01<00:02, 2395.58it/s]
 32%|███▏      | 2807/8810 [00:01<00:02, 2262.87it/s]
 35%|███▍      | 3057/8810 [00:01<00:02, 2235.75it/s]
 37%|███▋      | 3292/8810 [00:01<00:02, 2266.51it/s]
 40%|███▉      | 3521/8810 [00:01<00:02, 2062.09it/s]
 43%|████▎     | 3774/8810 [00:01<00:02, 2051.03it/s]
 46%|████▌     | 4065/8810 [00:01<00:02, 2275.99it/s]
 49%|████▉     | 4298/8810 [00:01<00:02, 2188.43it/s]
 52%|█████▏    | 4575/8810 [00:02<00:01, 2344.23it/s]
 55%|█████▍    | 4814/8810 [00:02<00:01, 2160.36it/s]
 57%|█████▋    | 5036/8810 [00:02<00:02, 1784.20it/s]
 60%|██████    | 5325/8810 [00:02<00:01, 2046.08it/s]
 63%|██████▎   | 5546/8810 [00:02<00:01, 2020.61it/s]
 65%|██████▌   | 5759/8810 [00:02<00:01, 2026.50it/s]
 68%|██████▊   | 5970/8810 [00:02<00:01, 2003.91it/s]
 70%|███████   | 6176/8810 [00:02<00:01, 1954.87it/s]
 73%|███████▎  | 6400/8810 [00:02<00:01, 2002.20it/s]
 76%|███████▋  | 6724/8810 [00:03<00:00, 2344.00it/s]
 79%|███████▉  | 6972/8810 [00:03<00:00, 2287.30it/s]
 82%|████████▏ | 7232/8810 [00:03<00:00, 2371.93it/s]
 85%|████████▍ | 7473/8810 [00:03<00:00, 2283.42it/s]
 88%|████████▊ | 7715/8810 [00:03<00:00, 2147.80it/s]
 90%|█████████ | 7952/8810 [00:03<00:00, 2205.04it/s]
 93%|█████████▎| 8176/8810 [00:03<00:00, 1979.51it/s]
 95%|█████████▌| 8380/8810 [00:03<00:00, 1675.97it/s]
 98%|█████████▊| 8622/8810 [00:04<00:00, 1850.49it/s]
100%|██████████| 8810/8810 [00:04<00:00, 2098.35it/s]
