
  0%|          | 0/8810 [00:00<?, ?it/s]
  2%|▏         | 181/8810 [00:00<00:05, 1496.71it/s]
  5%|▍         | 427/8810 [00:00<00:04, 2014.89it/s]
  7%|▋         | 656/8810 [00:00<00:04, 1902.03it/s]
 10%|▉         | 850/8810 [00:00<00:04, 1887.59it/s]
 12%|█▏        | 1041/8810 [00:00<00:04, 1782.06it/s]
 14%|█▍        | 1271/8810 [00:00<00:03, 1941.63it/s]
 17%|█▋        | 1468/8810 [00:00<00:04, 1733.04it/s]
 19%|█▉        | 1690/8810 [00:00<00:03, 1867.78it/s]
 21%|██▏       | 1882/8810 [00:01<00:03, 1748.01it/s]
 24%|██▍       | 2150/8810 [00:01<00:03, 2001.15it/s]
 27%|██▋       | 2357/8810 [00:01<00:03, 1853.82it/s]
 30%|██▉       | 2618/8810 [00:01<00:03, 2052.74it/s]
 32%|███▏      | 2830/8810 [00:01<00:03, 1802.53it/s]
 35%|███▍      | 3052/8810 [00:01<00:03, 1908.64it/s]
 37%|███▋      | 3252/8810 [00:01<00:03, 1727.12it/s]
 39%|███▉      | 3433/8810 [00:01<00:03, 1648.88it/s]
 42%|████▏     | 3671/8810 [00:01<00:02, 1834.66it/s]
 44%|████▍     | 3862/8810 [00:02<00:02, 1741.08it/s]
 47%|████▋     | 4138/8810 [00:02<00:02, 2003.13it/s]
 49%|████▉     | 4346/8810 [00:02<00:02, 1897.49it/s]
 52%|█████▏    | 4542/8810 [00:02<00:02, 1879.49it/s]
 54%|█████▎    | 4734/8810 [00:02<00:02, 1693.00it/s]
 56%|█████▌    | 4932/8810 [00:02<00:02, 1622.88it/s]
 58%|█████▊    | 5123/8810 [00:02<00:02, 1692.37it/s]
 61%|██████    | 5337/8810 [00:02<00:01, 1803.54it/s]
 63%|██████▎   | 5522/8810 [00:03<00:01, 1771.80it/s]
 65%|██████▌   | 5748/8810 [00:03<00:01, 1905.36it/s]
 67%|██████▋   | 5942/8810 [00:03<00:01, 1643.03it/s]
 69%|██████▉   | 6115/8810 [00:03<00:01, 1579.90it/s]
 72%|███████▏  | 6342/8810 [00:03<00:01, 1753.86it/s]
 74%|███████▍  | 6524/8810 [00:03<00:01, 1604.21it/s]
 77%|███████▋  | 6757/8810 [00:03<00:01, 1787.10it/s]
 79%|███████▉  | 6972/8810 [00:03<00:01, 1762.33it/s]
 81%|████████  | 7157/8810 [00:03<00:00, 1781.67it/s]
 84%|████████▎ | 7360/8810 [00:04<00:00, 1687.19it/s]
 86%|████████▌ | 7533/8810 [00:04<00:00, 1687.69it/s]
 88%|████████▊ | 7715/8810 [00:04<00:00, 1646.87it/s]
 90%|████████▉ | 7911/8810 [00:04<00:00, 1730.83it/s]
 92%|█████████▏| 8087/8810 [00:04<00:00, 1549.54it/s]
 94%|█████████▎| 8252/8810 [00:04<00:00, 1575.78it/s]
 96%|█████████▌| 8414/8810 [00:04<00:00, 1527.46it/s]
 98%|█████████▊| 8633/8810 [00:04<00:00, 1700.01it/s]
100%|█████████▉| 8807/8810 [00:05<00:00, 1636.71it/s]
100%|██████████| 8810/8810 [00:05<00:00, 1754.20it/s]
