
  0%|          | 0/8810 [00:00<?, ?it/s]
  2%|▏         | 181/8810 [00:00<00:05, 1514.04it/s]
  5%|▍         | 422/8810 [00:00<00:04, 1998.57it/s]
  7%|▋         | 656/8810 [00:00<00:04, 1819.81it/s]
 10%|▉         | 843/8810 [00:00<00:04, 1785.17it/s]
 12%|█▏        | 1024/8810 [00:00<00:04, 1628.37it/s]
 14%|█▍        | 1248/8810 [00:00<00:04, 1806.14it/s]
 17%|█▋        | 1457/8810 [00:00<00:04, 1728.67it/s]
 19%|█▉        | 1657/8810 [00:00<00:03, 1802.79it/s]
 21%|██        | 1841/8810 [00:01<00:04, 1676.44it/s]
 23%|██▎       | 2066/8810 [00:01<00:03, 1830.89it/s]
 26%|██▌       | 2263/8810 [00:01<00:03, 1753.89it/s]
 28%|██▊       | 2478/8810 [00:01<00:03, 1859.20it/s]
 30%|███       | 2670/8810 [00:01<00:03, 1869.58it/s]
 32%|███▏      | 2860/8810 [00:01<00:03, 1698.58it/s]
 34%|███▍      | 3037/8810 [00:01<00:03, 1716.87it/s]
 36%|███▋      | 3212/8810 [00:01<00:03, 1566.46it/s]
 39%|███▊      | 3410/8810 [00:01<00:03, 1528.30it/s]
 41%|████      | 3630/8810 [00:02<00:03, 1698.31it/s]
 43%|████▎     | 3805/8810 [00:02<00:03, 1586.28it/s]
 46%|████▌     | 4035/8810 [00:02<00:02, 1771.84it/s]
 48%|████▊     | 4218/8810 [00:02<00:02, 1715.52it/s]
 50%|█████     | 4422/8810 [00:02<00:02, 1800.73it/s]
 52%|█████▏    | 4625/8810 [00:02<00:02, 1714.13it/s]
 54%|█████▍    | 4800/8810 [00:02<00:02, 1714.98it/s]
 56%|█████▋    | 4974/8810 [00:02<00:02, 1600.04it/s]
 59%|█████▉    | 5197/8810 [00:03<00:02, 1767.49it/s]
 61%|██████    | 5378/8810 [00:03<00:02, 1687.82it/s]
 64%|██████▍   | 5626/8810 [00:03<00:01, 1902.34it/s]
 66%|██████▌   | 5821/8810 [00:03<00:01, 1862.02it/s]
 68%|██████▊   | 6011/8810 [00:03<00:01, 1756.67it/s]
 70%|███████   | 6190/8810 [00:03<00:01, 1557.89it/s]
 72%|███████▏  | 6378/8810 [00:03<00:01, 1633.00it/s]
 74%|███████▍  | 6547/8810 [00:03<00:01, 1531.96it/s]
 77%|███████▋  | 6795/8810 [00:03<00:01, 1779.41it/s]
 79%|███████▉  | 6980/8810 [00:04<00:01, 1751.39it/s]
 81%|████████▏ | 7162/8810 [00:04<00:00, 1769.57it/s]
 84%|████████▎ | 7360/8810 [00:04<00:00, 1689.30it/s]
 86%|████████▌ | 7533/8810 [00:04<00:00, 1667.91it/s]
 88%|████████▊ | 7715/8810 [00:04<00:00, 1630.11it/s]
 90%|████████▉ | 7892/8810 [00:04<00:00, 1664.35it/s]
 91%|█████████▏| 8060/8810 [00:04<00:00, 1554.17it/s]
 94%|█████████▍| 8266/8810 [00:04<00:00, 1689.82it/s]
 96%|█████████▌| 8438/8810 [00:04<00:00, 1629.84it/s]
 98%|█████████▊| 8662/8810 [00:05<00:00, 1797.28it/s]
100%|██████████| 8810/8810 [00:05<00:00, 1710.13it/s]
