
  0%|          | 0/8810 [00:00<?, ?it/s]
  2%|▏         | 201/8810 [00:00<00:04, 1987.17it/s]
  5%|▌         | 444/8810 [00:00<00:03, 2241.78it/s]
  8%|▊         | 669/8810 [00:00<00:04, 1953.64it/s]
 10%|▉         | 869/8810 [00:00<00:04, 1860.52it/s]
 12%|█▏        | 1058/8810 [00:00<00:04, 1720.67it/s]
 15%|█▍        | 1284/8810 [00:00<00:03, 1881.67it/s]
 17%|█▋        | 1476/8810 [00:00<00:04, 1722.08it/s]
 19%|█▉        | 1670/8810 [00:00<00:04, 1781.22it/s]
 21%|██        | 1852/8810 [00:01<00:04, 1678.91it/s]
 24%|██▎       | 2092/8810 [00:01<00:03, 1876.70it/s]
 26%|██▌       | 2284/8810 [00:01<00:03, 1803.09it/s]
 28%|██▊       | 2501/8810 [00:01<00:03, 1901.47it/s]
 31%|███       | 2695/8810 [00:01<00:03, 1886.34it/s]
 33%|███▎      | 2886/8810 [00:01<00:03, 1754.36it/s]
 35%|███▍      | 3065/8810 [00:01<00:03, 1597.84it/s]
 37%|███▋      | 3245/8810 [00:01<00:03, 1647.18it/s]
 39%|███▉      | 3414/8810 [00:01<00:03, 1597.11it/s]
 41%|████      | 3630/8810 [00:02<00:02, 1750.07it/s]
 43%|████▎     | 3809/8810 [00:02<00:02, 1719.95it/s]
 46%|████▌     | 4055/8810 [00:02<00:02, 1924.60it/s]
 48%|████▊     | 4251/8810 [00:02<00:02, 1800.89it/s]
 51%|█████     | 4466/8810 [00:02<00:02, 1894.07it/s]
 53%|█████▎    | 4659/8810 [00:02<00:02, 1724.79it/s]
 55%|█████▍    | 4842/8810 [00:02<00:02, 1752.53it/s]
 57%|█████▋    | 5021/8810 [00:02<00:02, 1692.72it/s]
 59%|█████▉    | 5221/8810 [00:02<00:02, 1775.99it/s]
 61%|██████▏   | 5402/8810 [00:03<00:02, 1656.76it/s]
 64%|██████▍   | 5653/8810 [00:03<00:01, 1887.74it/s]
 66%|██████▋   | 5847/8810 [00:03<00:01, 1846.81it/s]
 69%|██████▊   | 6035/8810 [00:03<00:01, 1770.74it/s]
 71%|███████   | 6215/8810 [00:03<00:01, 1552.95it/s]
 73%|███████▎  | 6397/8810 [00:03<00:01, 1618.78it/s]
 75%|███████▍  | 6565/8810 [00:03<00:01, 1520.29it/s]
 77%|███████▋  | 6803/8810 [00:03<00:01, 1745.10it/s]
 79%|███████▉  | 6990/8810 [00:03<00:01, 1771.93it/s]
 81%|████████▏ | 7172/8810 [00:04<00:00, 1773.12it/s]
 84%|████████▎ | 7360/8810 [00:04<00:00, 1718.36it/s]
 86%|████████▌ | 7535/8810 [00:04<00:00, 1664.00it/s]
 88%|████████▊ | 7715/8810 [00:04<00:00, 1678.51it/s]
 90%|████████▉ | 7909/8810 [00:04<00:00, 1749.92it/s]
 92%|█████████▏| 8086/8810 [00:04<00:00, 1566.71it/s]
 94%|█████████▍| 8310/8810 [00:04<00:00, 1743.14it/s]
 96%|█████████▋| 8490/8810 [00:04<00:00, 1631.11it/s]
 99%|█████████▊| 8695/8810 [00:04<00:00, 1741.47it/s]
100%|██████████| 8810/8810 [00:05<00:00, 1739.70it/s]
