
  0%|          | 0/8810 [00:00<?, ?it/s]
  2%|▏         | 183/8810 [00:00<00:04, 1812.53it/s]
  5%|▌         | 450/8810 [00:00<00:03, 2308.86it/s]
  8%|▊         | 681/8810 [00:00<00:03, 2220.46it/s]
 10%|█         | 904/8810 [00:00<00:03, 2190.26it/s]
 13%|█▎        | 1124/8810 [00:00<00:03, 2091.55it/s]
 16%|█▌        | 1412/8810 [00:00<00:03, 2344.03it/s]
 19%|█▊        | 1649/8810 [00:00<00:03, 1904.51it/s]
 21%|██        | 1853/8810 [00:00<00:03, 1827.47it/s]
 24%|██▍       | 2119/8810 [00:01<00:03, 2043.99it/s]
 26%|██▋       | 2334/8810 [00:01<00:03, 1915.33it/s]
 30%|███       | 2674/8810 [00:01<00:02, 2304.07it/s]
 33%|███▎      | 2916/8810 [00:01<00:02, 2146.81it/s]
 36%|███▌      | 3140/8810 [00:01<00:02, 2105.18it/s]
 38%|███▊      | 3374/8810 [00:01<00:02, 2168.05it/s]
 41%|████      | 3596/8810 [00:01<00:02, 2089.63it/s]
 43%|████▎     | 3809/8810 [00:01<00:02, 2076.69it/s]
 47%|████▋     | 4098/8810 [00:01<00:02, 2301.91it/s]
 49%|████▉     | 4332/8810 [00:02<00:02, 2057.44it/s]
 52%|█████▏    | 4583/8810 [00:02<00:01, 2173.32it/s]
 55%|█████▍    | 4807/8810 [00:02<00:02, 1978.79it/s]
 57%|█████▋    | 5012/8810 [00:02<00:01, 1900.56it/s]
 60%|██████    | 5315/8810 [00:02<00:01, 2191.58it/s]
 63%|██████▎   | 5542/8810 [00:02<00:01, 2186.63it/s]
 65%|██████▌   | 5766/8810 [00:02<00:01, 2171.35it/s]
 68%|██████▊   | 5991/8810 [00:02<00:01, 2191.15it/s]
 71%|███████   | 6213/8810 [00:02<00:01, 1942.96it/s]
 73%|███████▎  | 6414/8810 [00:03<00:01, 1892.22it/s]
 76%|███████▋  | 6738/8810 [00:03<00:00, 2251.31it/s]
 79%|███████▉  | 6978/8810 [00:03<00:00, 2289.98it/s]
 82%|████████▏ | 7213/8810 [00:03<00:00, 2290.14it/s]
 85%|████████▍ | 7446/8810 [00:03<00:00, 2244.18it/s]
 87%|████████▋ | 7674/8810 [00:03<00:00, 2206.44it/s]
 90%|████████▉ | 7897/8810 [00:03<00:00, 2134.61it/s]
 92%|█████████▏| 8113/8810 [00:03<00:00, 1968.57it/s]
 95%|█████████▍| 8361/8810 [00:03<00:00, 1999.72it/s]
 98%|█████████▊| 8634/8810 [00:04<00:00, 2194.23it/s]
100%|██████████| 8810/8810 [00:04<00:00, 2114.96it/s]
