
  0%|          | 0/8810 [00:00<?, ?it/s]
  3%|▎         | 238/8810 [00:00<00:03, 2370.55it/s]
  7%|▋         | 597/8810 [00:00<00:02, 3086.01it/s]
 10%|█         | 906/8810 [00:00<00:03, 2332.28it/s]
 13%|█▎        | 1157/8810 [00:00<00:03, 2361.24it/s]
 16%|█▋        | 1449/8810 [00:00<00:02, 2532.99it/s]
 19%|█▉        | 1712/8810 [00:00<00:02, 2406.07it/s]
 22%|██▏       | 1960/8810 [00:00<00:02, 2315.31it/s]
 26%|██▌       | 2263/8810 [00:00<00:02, 2384.38it/s]
 29%|██▉       | 2592/8810 [00:01<00:02, 2636.35it/s]
 32%|███▏      | 2861/8810 [00:01<00:02, 2365.37it/s]
 35%|███▌      | 3125/8810 [00:01<00:02, 2435.18it/s]
 39%|███▊      | 3410/8810 [00:01<00:02, 2484.60it/s]
 43%|████▎     | 3753/8810 [00:01<00:01, 2745.49it/s]
 46%|████▌     | 4034/8810 [00:01<00:01, 2607.64it/s]
 49%|████▉     | 4300/8810 [00:01<00:01, 2471.56it/s]
 52%|█████▏    | 4625/8810 [00:01<00:01, 2548.05it/s]
 56%|█████▌    | 4900/8810 [00:01<00:01, 2598.27it/s]
 59%|█████▊    | 5163/8810 [00:02<00:01, 2530.43it/s]
 62%|██████▏   | 5422/8810 [00:02<00:01, 2546.50it/s]
 65%|██████▌   | 5754/8810 [00:02<00:01, 2671.62it/s]
 68%|██████▊   | 6022/8810 [00:02<00:01, 2587.55it/s]
 71%|███████▏  | 6290/8810 [00:02<00:00, 2613.21it/s]
 74%|███████▍  | 6552/8810 [00:02<00:00, 2328.98it/s]
 78%|███████▊  | 6862/8810 [00:02<00:00, 2531.68it/s]
 81%|████████  | 7122/8810 [00:02<00:00, 2403.24it/s]
 84%|████████▎ | 7368/8810 [00:02<00:00, 2368.48it/s]
 87%|████████▋ | 7636/8810 [00:03<00:00, 2450.61it/s]
 90%|████████▉ | 7885/8810 [00:03<00:00, 2364.35it/s]
 92%|█████████▏| 8124/8810 [00:03<00:00, 2268.26it/s]
 95%|█████████▍| 8361/8810 [00:03<00:00, 2273.95it/s]
 99%|█████████▊| 8678/8810 [00:03<00:00, 2521.52it/s]
100%|██████████| 8810/8810 [00:03<00:00, 2473.37it/s]
