
  0%|          | 0/8810 [00:00<?, ?it/s]
  2%|▏         | 193/8810 [00:00<00:04, 1926.66it/s]
  6%|▋         | 559/8810 [00:00<00:02, 2940.75it/s]
 10%|▉         | 854/8810 [00:00<00:03, 2441.70it/s]
 13%|█▎        | 1107/8810 [00:00<00:03, 2293.86it/s]
 15%|█▌        | 1342/8810 [00:00<00:03, 2305.20it/s]
 18%|█▊        | 1576/8810 [00:00<00:03, 2071.03it/s]
 21%|██        | 1821/8810 [00:00<00:03, 2139.89it/s]
 24%|██▎       | 2090/8810 [00:00<00:02, 2294.47it/s]
 26%|██▋       | 2324/8810 [00:01<00:02, 2220.15it/s]
 30%|███       | 2653/8810 [00:01<00:02, 2522.77it/s]
 33%|███▎      | 2910/8810 [00:01<00:02, 2304.52it/s]
 36%|███▌      | 3147/8810 [00:01<00:02, 2282.12it/s]
 39%|███▊      | 3392/8810 [00:01<00:02, 2326.08it/s]
 41%|████      | 3628/8810 [00:01<00:02, 2233.65it/s]
 44%|████▍     | 3855/8810 [00:01<00:02, 2211.97it/s]
 47%|████▋     | 4178/8810 [00:01<00:01, 2494.70it/s]
 50%|█████     | 4431/8810 [00:01<00:01, 2447.55it/s]
 53%|█████▎    | 4678/8810 [00:02<00:01, 2323.45it/s]
 56%|█████▌    | 4929/8810 [00:02<00:01, 2371.50it/s]
 59%|█████▊    | 5169/8810 [00:02<00:01, 2344.07it/s]
 61%|██████▏   | 5405/8810 [00:02<00:01, 2263.26it/s]
 65%|██████▌   | 5735/8810 [00:02<00:01, 2555.18it/s]
 68%|██████▊   | 5994/8810 [00:02<00:01, 2324.27it/s]
 71%|███████   | 6232/8810 [00:02<00:01, 2270.95it/s]
 73%|███████▎  | 6463/8810 [00:02<00:01, 2242.22it/s]
 77%|███████▋  | 6777/8810 [00:02<00:00, 2488.34it/s]
 80%|███████▉  | 7030/8810 [00:03<00:00, 2422.39it/s]
 83%|████████▎ | 7306/8810 [00:03<00:00, 2516.24it/s]
 86%|████████▌ | 7561/8810 [00:03<00:00, 2288.60it/s]
 88%|████████▊ | 7796/8810 [00:03<00:00, 2212.79it/s]
 91%|█████████ | 8032/8810 [00:03<00:00, 2250.00it/s]
 94%|█████████▍| 8260/8810 [00:03<00:00, 2100.35it/s]
 96%|█████████▌| 8474/8810 [00:03<00:00, 2028.46it/s]
 99%|█████████▉| 8702/8810 [00:03<00:00, 2013.85it/s]
100%|██████████| 8810/8810 [00:03<00:00, 2289.94it/s]
