
  0%|          | 0/8810 [00:00<?, ?it/s]
  2%|▏         | 181/8810 [00:00<00:05, 1658.12it/s]
  5%|▍         | 433/8810 [00:00<00:03, 2135.26it/s]
  7%|▋         | 656/8810 [00:00<00:04, 1945.01it/s]
 10%|▉         | 874/8810 [00:00<00:03, 2027.82it/s]
 12%|█▏        | 1080/8810 [00:00<00:03, 1941.98it/s]
 15%|█▌        | 1339/8810 [00:00<00:03, 2140.27it/s]
 18%|█▊        | 1556/8810 [00:00<00:03, 1930.65it/s]
 21%|██        | 1821/8810 [00:00<00:03, 1954.52it/s]
 23%|██▎       | 2052/8810 [00:01<00:03, 2048.56it/s]
 26%|██▌       | 2263/8810 [00:01<00:03, 1957.90it/s]
 29%|██▉       | 2533/8810 [00:01<00:02, 2161.21it/s]
 31%|███▏      | 2754/8810 [00:01<00:02, 2048.94it/s]
 34%|███▎      | 2968/8810 [00:01<00:02, 2071.85it/s]
 36%|███▌      | 3178/8810 [00:01<00:03, 1866.47it/s]
 39%|███▊      | 3396/8810 [00:01<00:02, 1947.15it/s]
 41%|████      | 3596/8810 [00:01<00:02, 1830.47it/s]
 43%|████▎     | 3784/8810 [00:01<00:02, 1797.65it/s]
 46%|████▌     | 4069/8810 [00:02<00:02, 2081.45it/s]
 49%|████▊     | 4282/8810 [00:02<00:02, 2002.07it/s]
 51%|█████     | 4504/8810 [00:02<00:02, 2057.07it/s]
 53%|█████▎    | 4713/8810 [00:02<00:02, 1879.72it/s]
 56%|█████▌    | 4918/8810 [00:02<00:02, 1921.65it/s]
 58%|█████▊    | 5114/8810 [00:02<00:02, 1804.82it/s]
 61%|██████    | 5356/8810 [00:02<00:01, 1967.08it/s]
 63%|██████▎   | 5557/8810 [00:02<00:01, 1904.64it/s]
 65%|██████▌   | 5754/8810 [00:02<00:01, 1910.97it/s]
 68%|██████▊   | 5948/8810 [00:03<00:01, 1863.32it/s]
 70%|██████▉   | 6136/8810 [00:03<00:01, 1806.83it/s]
 72%|███████▏  | 6365/8810 [00:03<00:01, 1939.23it/s]
 74%|███████▍  | 6561/8810 [00:03<00:01, 1810.01it/s]
 78%|███████▊  | 6853/8810 [00:03<00:00, 2113.53it/s]
 80%|████████  | 7069/8810 [00:03<00:00, 2006.77it/s]
 83%|████████▎ | 7274/8810 [00:03<00:00, 1996.83it/s]
 85%|████████▍ | 7477/8810 [00:03<00:00, 1850.29it/s]
 87%|████████▋ | 7666/8810 [00:03<00:00, 1799.24it/s]
 89%|████████▉ | 7849/8810 [00:04<00:00, 1667.74it/s]
 91%|█████████ | 8037/8810 [00:04<00:00, 1575.44it/s]
 93%|█████████▎| 8214/8810 [00:04<00:00, 1623.37it/s]
 95%|█████████▌| 8380/8810 [00:04<00:00, 1567.59it/s]
 98%|█████████▊| 8604/8810 [00:04<00:00, 1745.85it/s]
100%|█████████▉| 8782/8810 [00:04<00:00, 1691.16it/s]
100%|██████████| 8810/8810 [00:04<00:00, 1889.47it/s]
