
  0%|          | 0/8810 [00:00<?, ?it/s]
  2%|▏         | 181/8810 [00:00<00:05, 1517.59it/s]
  5%|▌         | 445/8810 [00:00<00:03, 2121.78it/s]
  8%|▊         | 685/8810 [00:00<00:03, 2241.76it/s]
 11%|█         | 934/8810 [00:00<00:03, 2336.61it/s]
 13%|█▎        | 1170/8810 [00:00<00:03, 2049.70it/s]
 16%|█▋        | 1440/8810 [00:00<00:03, 2246.82it/s]
 19%|█▉        | 1671/8810 [00:00<00:03, 1893.42it/s]
 21%|██▏       | 1873/8810 [00:00<00:03, 1751.45it/s]
 25%|██▌       | 2203/8810 [00:01<00:03, 2148.87it/s]
 28%|██▊       | 2433/8810 [00:01<00:03, 2024.98it/s]
 31%|███       | 2744/8810 [00:01<00:02, 2134.72it/s]
 34%|███▍      | 3001/8810 [00:01<00:02, 2246.23it/s]
 37%|███▋      | 3233/8810 [00:01<00:02, 2124.86it/s]
 39%|███▉      | 3451/8810 [00:01<00:02, 2086.91it/s]
 43%|████▎     | 3759/8810 [00:01<00:02, 2351.27it/s]
 45%|████▌     | 4000/8810 [00:01<00:02, 2292.75it/s]
 48%|████▊     | 4234/8810 [00:01<00:02, 2269.59it/s]
 51%|█████▏    | 4524/8810 [00:02<00:01, 2444.39it/s]
 54%|█████▍    | 4772/8810 [00:02<00:01, 2141.86it/s]
 57%|█████▋    | 4995/8810 [00:02<00:01, 2049.85it/s]
 60%|█████▉    | 5253/8810 [00:02<00:01, 2187.81it/s]
 62%|██████▏   | 5478/8810 [00:02<00:01, 1966.54it/s]
 65%|██████▌   | 5754/8810 [00:02<00:01, 2069.83it/s]
 68%|██████▊   | 5967/8810 [00:02<00:01, 1942.95it/s]
 70%|██████▉   | 6166/8810 [00:02<00:01, 1918.48it/s]
 73%|███████▎  | 6400/8810 [00:03<00:01, 1927.48it/s]
 75%|███████▌  | 6616/8810 [00:03<00:01, 1986.98it/s]
 78%|███████▊  | 6871/8810 [00:03<00:00, 2140.89it/s]
 80%|████████  | 7089/8810 [00:03<00:00, 1914.80it/s]
 83%|████████▎ | 7343/8810 [00:03<00:00, 2079.35it/s]
 86%|████████▌ | 7558/8810 [00:03<00:00, 1934.33it/s]
 88%|████████▊ | 7758/8810 [00:03<00:00, 1813.67it/s]
 90%|█████████ | 7945/8810 [00:03<00:00, 1788.46it/s]
 92%|█████████▏| 8127/8810 [00:04<00:00, 1533.40it/s]
 95%|█████████▍| 8361/8810 [00:04<00:00, 1618.54it/s]
 97%|█████████▋| 8535/8810 [00:04<00:00, 1647.48it/s]
 99%|█████████▉| 8705/8810 [00:04<00:00, 1629.92it/s]
100%|██████████| 8810/8810 [00:04<00:00, 1976.39it/s]
