
  0%|          | 0/8810 [00:00<?, ?it/s]
  2%|▏         | 181/8810 [00:00<00:05, 1552.05it/s]
  5%|▍         | 409/8810 [00:00<00:04, 1950.32it/s]
  7%|▋         | 630/8810 [00:00<00:03, 2060.16it/s]
 10%|▉         | 838/8810 [00:00<00:04, 1762.95it/s]
 12%|█▏        | 1021/8810 [00:00<00:04, 1654.49it/s]
 14%|█▍        | 1225/8810 [00:00<00:04, 1766.08it/s]
 17%|█▋        | 1454/8810 [00:00<00:03, 1920.27it/s]
 19%|█▊        | 1651/8810 [00:00<00:04, 1716.98it/s]
 21%|██        | 1829/8810 [00:01<00:04, 1611.88it/s]
 23%|██▎       | 2032/8810 [00:01<00:03, 1719.64it/s]
 26%|██▌       | 2258/8810 [00:01<00:03, 1865.47it/s]
 28%|██▊       | 2450/8810 [00:01<00:03, 1732.87it/s]
 30%|███       | 2679/8810 [00:01<00:03, 1878.34it/s]
 33%|███▎      | 2872/8810 [00:01<00:03, 1788.03it/s]
 35%|███▍      | 3055/8810 [00:01<00:03, 1798.97it/s]
 37%|███▋      | 3238/8810 [00:01<00:03, 1664.25it/s]
 39%|███▊      | 3410/8810 [00:01<00:03, 1570.81it/s]
 41%|████      | 3618/8810 [00:02<00:03, 1704.06it/s]
 43%|████▎     | 3793/8810 [00:02<00:03, 1617.91it/s]
 46%|████▌     | 4015/8810 [00:02<00:02, 1777.57it/s]
 48%|████▊     | 4197/8810 [00:02<00:02, 1650.71it/s]
 51%|█████     | 4459/8810 [00:02<00:02, 1909.16it/s]
 53%|█████▎    | 4656/8810 [00:02<00:02, 1699.82it/s]
 55%|█████▍    | 4844/8810 [00:02<00:02, 1744.89it/s]
 57%|█████▋    | 5025/8810 [00:02<00:02, 1546.33it/s]
 59%|█████▉    | 5214/8810 [00:03<00:02, 1627.28it/s]
 61%|██████    | 5384/8810 [00:03<00:02, 1547.20it/s]
 64%|██████▎   | 5613/8810 [00:03<00:01, 1741.27it/s]
 66%|██████▌   | 5794/8810 [00:03<00:01, 1721.51it/s]
 68%|██████▊   | 5971/8810 [00:03<00:01, 1723.29it/s]
 70%|██████▉   | 6147/8810 [00:03<00:01, 1649.51it/s]
 72%|███████▏  | 6386/8810 [00:03<00:01, 1850.45it/s]
 75%|███████▍  | 6575/8810 [00:03<00:01, 1739.03it/s]
 78%|███████▊  | 6828/8810 [00:03<00:01, 1952.58it/s]
 80%|███████▉  | 7028/8810 [00:04<00:00, 1815.60it/s]
 82%|████████▏ | 7215/8810 [00:04<00:00, 1769.87it/s]
 84%|████████▍ | 7396/8810 [00:04<00:00, 1751.06it/s]
 86%|████████▌ | 7574/8810 [00:04<00:00, 1742.69it/s]
 88%|████████▊ | 7750/8810 [00:04<00:00, 1631.45it/s]
 90%|████████▉ | 7917/8810 [00:04<00:00, 1640.96it/s]
 92%|█████████▏| 8083/8810 [00:04<00:00, 1456.70it/s]
 94%|█████████▍| 8272/8810 [00:04<00:00, 1569.48it/s]
 96%|█████████▌| 8434/8810 [00:04<00:00, 1466.55it/s]
 98%|█████████▊| 8648/8810 [00:05<00:00, 1644.26it/s]
100%|██████████| 8810/8810 [00:05<00:00, 1706.88it/s]
