
  0%|          | 0/8810 [00:00<?, ?it/s]
  2%|▏         | 181/8810 [00:00<00:05, 1657.72it/s]
  5%|▌         | 483/8810 [00:00<00:03, 2426.96it/s]
  8%|▊         | 729/8810 [00:00<00:03, 2342.57it/s]
 11%|█         | 980/8810 [00:00<00:03, 2398.52it/s]
 14%|█▍        | 1222/8810 [00:00<00:03, 2274.31it/s]
 17%|█▋        | 1457/8810 [00:00<00:03, 2188.68it/s]
 20%|█▉        | 1739/8810 [00:00<00:02, 2379.92it/s]
 22%|██▏       | 1980/8810 [00:00<00:03, 2129.67it/s]
 26%|██▌       | 2263/8810 [00:01<00:02, 2197.96it/s]
 29%|██▊       | 2523/8810 [00:01<00:02, 2304.28it/s]
 31%|███▏      | 2758/8810 [00:01<00:02, 2314.01it/s]
 34%|███▍      | 3006/8810 [00:01<00:02, 2360.67it/s]
 37%|███▋      | 3245/8810 [00:01<00:02, 2038.61it/s]
 39%|███▉      | 3458/8810 [00:01<00:02, 1976.83it/s]
 42%|████▏     | 3710/8810 [00:01<00:02, 2119.29it/s]
 45%|████▍     | 3929/8810 [00:01<00:02, 2137.69it/s]
 47%|████▋     | 4180/8810 [00:01<00:02, 2218.81it/s]
 51%|█████     | 4451/8810 [00:01<00:01, 2355.98it/s]
 53%|█████▎    | 4690/8810 [00:02<00:02, 2028.01it/s]
 56%|█████▌    | 4925/8810 [00:02<00:01, 2104.46it/s]
 58%|█████▊    | 5144/8810 [00:02<00:01, 1882.22it/s]
 61%|██████    | 5372/8810 [00:02<00:01, 1821.94it/s]
 63%|██████▎   | 5561/8810 [00:02<00:01, 1769.80it/s]
 65%|██████▌   | 5754/8810 [00:02<00:01, 1752.60it/s]
 67%|██████▋   | 5933/8810 [00:02<00:01, 1676.44it/s]
 69%|██████▉   | 6103/8810 [00:03<00:01, 1482.85it/s]
 71%|███████▏  | 6278/8810 [00:03<00:01, 1548.45it/s]
 73%|███████▎  | 6466/8810 [00:03<00:01, 1629.43it/s]
 76%|███████▋  | 6727/8810 [00:03<00:01, 1892.47it/s]
 79%|███████▉  | 6972/8810 [00:03<00:00, 1959.48it/s]
 81%|████████▏ | 7172/8810 [00:03<00:00, 1863.09it/s]
 84%|████████▎ | 7362/8810 [00:03<00:00, 1843.37it/s]
 87%|████████▋ | 7633/8810 [00:03<00:00, 2082.54it/s]
 89%|████████▉ | 7845/8810 [00:03<00:00, 1997.39it/s]
 91%|█████████▏| 8048/8810 [00:04<00:00, 1929.16it/s]
 94%|█████████▍| 8288/8810 [00:04<00:00, 2057.85it/s]
 96%|█████████▋| 8497/8810 [00:04<00:00, 1919.01it/s]
 99%|█████████▉| 8702/8810 [00:04<00:00, 1795.25it/s]
100%|██████████| 8810/8810 [00:04<00:00, 1995.19it/s]
