
  0%|          | 0/8810 [00:00<?, ?it/s]
  2%|▏         | 181/8810 [00:00<00:06, 1329.86it/s]
  5%|▍         | 397/8810 [00:00<00:04, 1751.61it/s]
  7%|▋         | 607/8810 [00:00<00:04, 1897.39it/s]
  9%|▉         | 802/8810 [00:00<00:05, 1585.96it/s]
 11%|█         | 970/8810 [00:00<00:04, 1600.83it/s]
 13%|█▎        | 1136/8810 [00:00<00:05, 1501.28it/s]
 15%|█▌        | 1332/8810 [00:00<00:04, 1629.65it/s]
 17%|█▋        | 1500/8810 [00:00<00:04, 1494.65it/s]
 19%|█▉        | 1689/8810 [00:01<00:04, 1599.37it/s]
 21%|██        | 1854/8810 [00:01<00:04, 1430.37it/s]
 23%|██▎       | 2049/8810 [00:01<00:04, 1556.38it/s]
 25%|██▌       | 2229/8810 [00:01<00:04, 1619.61it/s]
 27%|██▋       | 2396/8810 [00:01<00:04, 1486.27it/s]
 30%|██▉       | 2623/8810 [00:01<00:03, 1692.01it/s]
 32%|███▏      | 2799/8810 [00:01<00:04, 1421.76it/s]
 34%|███▎      | 2952/8810 [00:01<00:04, 1443.97it/s]
 35%|███▌      | 3105/8810 [00:02<00:04, 1334.16it/s]
 37%|███▋      | 3245/8810 [00:02<00:04, 1290.26it/s]
 39%|███▊      | 3397/8810 [00:02<00:04, 1344.83it/s]
 40%|████      | 3536/8810 [00:02<00:04, 1189.97it/s]
 42%|████▏     | 3709/8810 [00:02<00:03, 1321.41it/s]
 44%|████▎     | 3848/8810 [00:02<00:04, 1200.15it/s]
 46%|████▌     | 4028/8810 [00:02<00:03, 1348.57it/s]
 47%|████▋     | 4180/8810 [00:02<00:03, 1311.14it/s]
 49%|████▉     | 4360/8810 [00:02<00:03, 1438.98it/s]
 51%|█████▏    | 4526/8810 [00:03<00:02, 1497.55it/s]
 53%|█████▎    | 4680/8810 [00:03<00:03, 1342.45it/s]
 55%|█████▍    | 4836/8810 [00:03<00:02, 1396.50it/s]
 57%|█████▋    | 4981/8810 [00:03<00:02, 1290.09it/s]
 58%|█████▊    | 5115/8810 [00:03<00:02, 1244.86it/s]
 60%|██████    | 5307/8810 [00:03<00:02, 1422.56it/s]
 62%|██████▏   | 5454/8810 [00:03<00:02, 1347.88it/s]
 64%|██████▎   | 5610/8810 [00:03<00:02, 1401.56it/s]
 65%|██████▌   | 5754/8810 [00:04<00:02, 1229.50it/s]
 67%|██████▋   | 5883/8810 [00:04<00:02, 1181.44it/s]
 68%|██████▊   | 6005/8810 [00:04<00:02, 1176.29it/s]
 70%|██████▉   | 6126/8810 [00:04<00:02, 1103.63it/s]
 71%|███████▏  | 6287/8810 [00:04<00:02, 1229.94it/s]
 73%|███████▎  | 6414/8810 [00:04<00:02, 1125.02it/s]
 75%|███████▍  | 6584/8810 [00:04<00:01, 1272.51it/s]
 77%|███████▋  | 6782/8810 [00:04<00:01, 1463.58it/s]
 79%|███████▉  | 6972/8810 [00:04<00:01, 1473.05it/s]
 81%|████████  | 7123/8810 [00:05<00:01, 1438.66it/s]
 83%|████████▎ | 7270/8810 [00:05<00:01, 1383.02it/s]
 84%|████████▍ | 7411/8810 [00:05<00:01, 1355.41it/s]
 86%|████████▌ | 7548/8810 [00:05<00:00, 1281.07it/s]
 88%|████████▊ | 7715/8810 [00:05<00:00, 1244.98it/s]
 89%|████████▉ | 7841/8810 [00:05<00:00, 1206.12it/s]
 91%|█████████ | 7982/8810 [00:05<00:00, 1255.98it/s]
 92%|█████████▏| 8109/8810 [00:05<00:00, 1166.70it/s]
 94%|█████████▎| 8242/8810 [00:06<00:00, 1206.23it/s]
 95%|█████████▍| 8365/8810 [00:06<00:00, 1157.91it/s]
 97%|█████████▋| 8515/8810 [00:06<00:00, 1245.99it/s]
 98%|█████████▊| 8642/8810 [00:06<00:00, 1238.79it/s]
100%|█████████▉| 8767/8810 [00:06<00:00, 1167.86it/s]
100%|██████████| 8810/8810 [00:06<00:00, 1353.24it/s]
