
  0%|          | 0/8810 [00:00<?, ?it/s]
  2%|▏         | 181/8810 [00:00<00:06, 1422.50it/s]
  4%|▍         | 394/8810 [00:00<00:04, 1787.63it/s]
  7%|▋         | 624/8810 [00:00<00:04, 2003.34it/s]
  9%|▉         | 828/8810 [00:00<00:04, 1669.29it/s]
 11%|█▏        | 1004/8810 [00:00<00:05, 1455.44it/s]
 14%|█▎        | 1209/8810 [00:00<00:04, 1616.85it/s]
 16%|█▌        | 1380/8810 [00:00<00:04, 1581.16it/s]
 18%|█▊        | 1544/8810 [00:00<00:04, 1459.65it/s]
 20%|█▉        | 1743/8810 [00:01<00:04, 1597.77it/s]
 22%|██▏       | 1909/8810 [00:01<00:04, 1427.15it/s]
 24%|██▍       | 2097/8810 [00:01<00:04, 1543.20it/s]
 26%|██▌       | 2263/8810 [00:01<00:04, 1459.04it/s]
 28%|██▊       | 2470/8810 [00:01<00:03, 1616.59it/s]
 31%|███       | 2692/8810 [00:01<00:03, 1777.25it/s]
 33%|███▎      | 2876/8810 [00:01<00:03, 1658.23it/s]
 35%|███▍      | 3047/8810 [00:01<00:03, 1645.11it/s]
 37%|███▋      | 3216/8810 [00:02<00:03, 1502.32it/s]
 38%|███▊      | 3389/8810 [00:02<00:03, 1561.27it/s]
 40%|████      | 3549/8810 [00:02<00:03, 1451.69it/s]
 42%|████▏     | 3726/8810 [00:02<00:03, 1528.18it/s]
 44%|████▍     | 3883/8810 [00:02<00:03, 1401.91it/s]
 46%|████▋     | 4083/8810 [00:02<00:03, 1553.50it/s]
 48%|████▊     | 4244/8810 [00:02<00:03, 1472.17it/s]
 50%|████▉     | 4401/8810 [00:02<00:02, 1496.24it/s]
 52%|█████▏    | 4554/8810 [00:02<00:02, 1496.89it/s]
 53%|█████▎    | 4706/8810 [00:03<00:03, 1340.32it/s]
 55%|█████▌    | 4867/8810 [00:03<00:02, 1409.23it/s]
 57%|█████▋    | 5012/8810 [00:03<00:02, 1309.24it/s]
 59%|█████▉    | 5181/8810 [00:03<00:02, 1408.98it/s]
 61%|██████    | 5372/8810 [00:03<00:02, 1450.97it/s]
 63%|██████▎   | 5555/8810 [00:03<00:02, 1547.95it/s]
 65%|██████▌   | 5754/8810 [00:03<00:02, 1518.97it/s]
 67%|██████▋   | 5909/8810 [00:03<00:01, 1476.97it/s]
 69%|██████▉   | 6059/8810 [00:04<00:01, 1385.03it/s]
 71%|███████   | 6241/8810 [00:04<00:01, 1498.20it/s]
 73%|███████▎  | 6400/8810 [00:04<00:01, 1396.27it/s]
 75%|███████▍  | 6586/8810 [00:04<00:01, 1518.17it/s]
 77%|███████▋  | 6802/8810 [00:04<00:01, 1692.68it/s]
 79%|███████▉  | 6976/8810 [00:04<00:01, 1633.79it/s]
 81%|████████  | 7143/8810 [00:04<00:01, 1625.61it/s]
 83%|████████▎ | 7328/8810 [00:04<00:00, 1685.47it/s]
 85%|████████▌ | 7499/8810 [00:04<00:00, 1503.64it/s]
 87%|████████▋ | 7654/8810 [00:05<00:00, 1495.74it/s]
 89%|████████▊ | 7807/8810 [00:05<00:00, 1365.36it/s]
 90%|█████████ | 7952/8810 [00:05<00:00, 1383.44it/s]
 92%|█████████▏| 8094/8810 [00:05<00:00, 1302.98it/s]
 93%|█████████▎| 8227/8810 [00:05<00:00, 1305.01it/s]
 95%|█████████▍| 8361/8810 [00:05<00:00, 1270.93it/s]
 97%|█████████▋| 8541/8810 [00:05<00:00, 1411.78it/s]
 99%|█████████▉| 8702/8810 [00:05<00:00, 1370.33it/s]
100%|██████████| 8810/8810 [00:05<00:00, 1497.79it/s]
