
  0%|          | 0/8810 [00:00<?, ?it/s]
  4%|▍         | 365/8810 [00:00<00:02, 3648.40it/s]
  8%|▊         | 737/8810 [00:00<00:02, 3690.20it/s]
 13%|█▎        | 1107/8810 [00:00<00:02, 3605.57it/s]
 17%|█▋        | 1468/8810 [00:00<00:02, 3518.72it/s]
 21%|██        | 1821/8810 [00:00<00:02, 3471.86it/s]
 25%|██▌       | 2241/8810 [00:00<00:01, 3709.45it/s]
 30%|███       | 2653/8810 [00:00<00:01, 3834.46it/s]
 34%|███▍      | 3038/8810 [00:00<00:01, 3659.82it/s]
 39%|███▊      | 3406/8810 [00:00<00:01, 3517.96it/s]
 43%|████▎     | 3760/8810 [00:01<00:01, 3489.81it/s]
 47%|████▋     | 4113/8810 [00:01<00:01, 3500.31it/s]
 51%|█████     | 4493/8810 [00:01<00:01, 3588.02it/s]
 55%|█████▌    | 4853/8810 [00:01<00:01, 3360.38it/s]
 59%|█████▉    | 5193/8810 [00:01<00:01, 3290.22it/s]
 63%|██████▎   | 5539/8810 [00:01<00:00, 3337.13it/s]
 67%|██████▋   | 5875/8810 [00:01<00:00, 3283.24it/s]
 70%|███████   | 6205/8810 [00:01<00:00, 3083.01it/s]
 74%|███████▍  | 6517/8810 [00:01<00:00, 2825.36it/s]
 78%|███████▊  | 6887/8810 [00:02<00:00, 3056.74it/s]
 82%|████████▏ | 7200/8810 [00:02<00:00, 3024.79it/s]
 85%|████████▌ | 7509/8810 [00:02<00:00, 3041.67it/s]
 89%|████████▉ | 7822/8810 [00:02<00:00, 3060.56it/s]
 92%|█████████▏| 8131/8810 [00:02<00:00, 2659.82it/s]
 95%|█████████▌| 8412/8810 [00:02<00:00, 2696.50it/s]
 99%|█████████▉| 8723/8810 [00:02<00:00, 2808.98it/s]
100%|██████████| 8810/8810 [00:02<00:00, 3230.99it/s]
