
  0%|          | 0/8810 [00:00<?, ?it/s]
  3%|▎         | 227/8810 [00:00<00:03, 2244.35it/s]
  7%|▋         | 574/8810 [00:00<00:02, 2935.50it/s]
 10%|▉         | 868/8810 [00:00<00:03, 2369.83it/s]
 13%|█▎        | 1116/8810 [00:00<00:03, 2306.07it/s]
 16%|█▋        | 1441/8810 [00:00<00:02, 2606.62it/s]
 19%|█▉        | 1710/8810 [00:00<00:02, 2478.08it/s]
 22%|██▏       | 1964/8810 [00:00<00:02, 2347.86it/s]
 26%|██▌       | 2263/8810 [00:00<00:02, 2328.12it/s]
 29%|██▉       | 2562/8810 [00:01<00:02, 2503.93it/s]
 32%|███▏      | 2817/8810 [00:01<00:02, 2447.33it/s]
 35%|███▍      | 3065/8810 [00:01<00:02, 2409.08it/s]
 38%|███▊      | 3367/8810 [00:01<00:02, 2580.61it/s]
 41%|████      | 3628/8810 [00:01<00:02, 2446.89it/s]
 44%|████▍     | 3876/8810 [00:01<00:02, 2443.71it/s]
 47%|████▋     | 4180/8810 [00:01<00:01, 2480.46it/s]
 51%|█████     | 4482/8810 [00:01<00:01, 2629.67it/s]
 54%|█████▍    | 4747/8810 [00:01<00:01, 2485.44it/s]
 57%|█████▋    | 4999/8810 [00:02<00:01, 2447.15it/s]
 60%|██████    | 5322/8810 [00:02<00:01, 2661.51it/s]
 63%|██████▎   | 5591/8810 [00:02<00:01, 2632.06it/s]
 66%|██████▋   | 5856/8810 [00:02<00:01, 2503.68it/s]
 69%|██████▉   | 6109/8810 [00:02<00:01, 2314.01it/s]
 72%|███████▏  | 6384/8810 [00:02<00:00, 2428.16it/s]
 75%|███████▌  | 6631/8810 [00:02<00:00, 2355.40it/s]
 79%|███████▉  | 6972/8810 [00:02<00:00, 2521.01it/s]
 82%|████████▏ | 7232/8810 [00:02<00:00, 2542.55it/s]
 85%|████████▍ | 7488/8810 [00:03<00:00, 2457.02it/s]
 88%|████████▊ | 7735/8810 [00:03<00:00, 2383.66it/s]
 91%|█████████ | 8005/8810 [00:03<00:00, 2468.31it/s]
 94%|█████████▎| 8253/8810 [00:03<00:00, 2361.16it/s]
 96%|█████████▋| 8491/8810 [00:03<00:00, 2311.62it/s]
 99%|█████████▉| 8724/8810 [00:03<00:00, 2307.82it/s]
100%|██████████| 8810/8810 [00:03<00:00, 2453.19it/s]
