
  0%|          | 0/8810 [00:00<?, ?it/s]
  4%|▍         | 353/8810 [00:00<00:02, 3526.61it/s]
  8%|▊         | 706/8810 [00:00<00:02, 3517.64it/s]
 12%|█▏        | 1058/8810 [00:00<00:02, 3410.94it/s]
 17%|█▋        | 1457/8810 [00:00<00:02, 3442.81it/s]
 21%|██        | 1821/8810 [00:00<00:02, 3394.98it/s]
 25%|██▌       | 2222/8810 [00:00<00:01, 3589.20it/s]
 29%|██▉       | 2592/8810 [00:00<00:01, 3616.74it/s]
 34%|███▎      | 2955/8810 [00:00<00:01, 3539.47it/s]
 38%|███▊      | 3310/8810 [00:00<00:01, 3416.74it/s]
 41%|████▏     | 3653/8810 [00:01<00:01, 3398.37it/s]
 46%|████▌     | 4015/8810 [00:01<00:01, 3461.56it/s]
 50%|████▉     | 4362/8810 [00:01<00:01, 3448.66it/s]
 53%|█████▎    | 4708/8810 [00:01<00:01, 3270.42it/s]
 57%|█████▋    | 5037/8810 [00:01<00:01, 3075.07it/s]
 61%|██████    | 5372/8810 [00:01<00:01, 3095.63it/s]
 65%|██████▌   | 5754/8810 [00:01<00:00, 3134.37it/s]
 69%|██████▉   | 6069/8810 [00:01<00:00, 2906.00it/s]
 72%|███████▏  | 6378/8810 [00:01<00:00, 2952.22it/s]
 76%|███████▌  | 6676/8810 [00:02<00:00, 2776.13it/s]
 80%|███████▉  | 7015/8810 [00:02<00:00, 2940.71it/s]
 84%|████████▎ | 7360/8810 [00:02<00:00, 2884.89it/s]
 88%|████████▊ | 7715/8810 [00:02<00:00, 2913.57it/s]
 91%|█████████ | 8009/8810 [00:02<00:00, 2658.99it/s]
 94%|█████████▍| 8280/8810 [00:02<00:00, 2651.41it/s]
 97%|█████████▋| 8565/8810 [00:02<00:00, 2703.51it/s]
100%|██████████| 8810/8810 [00:02<00:00, 3097.69it/s]
