
  0%|          | 0/8810 [00:00<?, ?it/s]
  2%|▏         | 181/8810 [00:00<00:06, 1410.67it/s]
  5%|▍         | 407/8810 [00:00<00:04, 1841.30it/s]
  7%|▋         | 611/8810 [00:00<00:04, 1924.71it/s]
  9%|▉         | 807/8810 [00:00<00:05, 1596.16it/s]
 11%|█         | 975/8810 [00:00<00:05, 1541.44it/s]
 13%|█▎        | 1135/8810 [00:00<00:05, 1470.85it/s]
 15%|█▌        | 1334/8810 [00:00<00:04, 1613.04it/s]
 17%|█▋        | 1500/8810 [00:00<00:05, 1446.65it/s]
 19%|█▉        | 1707/8810 [00:01<00:04, 1605.14it/s]
 21%|██▏       | 1874/8810 [00:01<00:04, 1460.50it/s]
 23%|██▎       | 2067/8810 [00:01<00:04, 1581.18it/s]
 25%|██▌       | 2241/8810 [00:01<00:04, 1620.39it/s]
 27%|██▋       | 2408/8810 [00:01<00:04, 1519.86it/s]
 30%|███       | 2657/8810 [00:01<00:03, 1778.46it/s]
 32%|███▏      | 2841/8810 [00:01<00:03, 1567.02it/s]
 34%|███▍      | 3017/8810 [00:01<00:03, 1614.71it/s]
 36%|███▌      | 3185/8810 [00:02<00:03, 1499.08it/s]
 38%|███▊      | 3349/8810 [00:02<00:03, 1533.86it/s]
 40%|███▉      | 3507/8810 [00:02<00:03, 1374.72it/s]
 42%|████▏     | 3686/8810 [00:02<00:03, 1477.00it/s]
 44%|████▎     | 3840/8810 [00:02<00:03, 1397.02it/s]
 46%|████▌     | 4062/8810 [00:02<00:02, 1611.08it/s]
 48%|████▊     | 4229/8810 [00:02<00:03, 1476.44it/s]
 50%|████▉     | 4394/8810 [00:02<00:02, 1519.28it/s]
 52%|█████▏    | 4551/8810 [00:02<00:02, 1491.88it/s]
 53%|█████▎    | 4704/8810 [00:03<00:03, 1327.33it/s]
 56%|█████▌    | 4892/8810 [00:03<00:02, 1466.51it/s]
 57%|█████▋    | 5045/8810 [00:03<00:02, 1370.91it/s]
 59%|█████▉    | 5219/8810 [00:03<00:02, 1463.26it/s]
 61%|██████    | 5372/8810 [00:03<00:02, 1425.16it/s]
 63%|██████▎   | 5555/8810 [00:03<00:02, 1532.02it/s]
 65%|██████▌   | 5754/8810 [00:03<00:02, 1520.75it/s]
 67%|██████▋   | 5909/8810 [00:03<00:01, 1478.63it/s]
 69%|██████▉   | 6059/8810 [00:04<00:01, 1394.88it/s]
 71%|███████   | 6231/8810 [00:04<00:01, 1481.09it/s]
 73%|███████▎  | 6400/8810 [00:04<00:01, 1419.55it/s]
 75%|███████▍  | 6568/8810 [00:04<00:01, 1485.23it/s]
 77%|███████▋  | 6781/8810 [00:04<00:01, 1659.53it/s]
 79%|███████▉  | 6972/8810 [00:04<00:01, 1582.20it/s]
 81%|████████  | 7142/8810 [00:04<00:01, 1610.12it/s]
 83%|████████▎ | 7326/8810 [00:04<00:00, 1671.90it/s]
 85%|████████▌ | 7496/8810 [00:04<00:00, 1432.36it/s]
 87%|████████▋ | 7647/8810 [00:05<00:00, 1445.89it/s]
 89%|████████▊ | 7797/8810 [00:05<00:00, 1335.15it/s]
 90%|█████████ | 7961/8810 [00:05<00:00, 1411.34it/s]
 92%|█████████▏| 8107/8810 [00:05<00:00, 1317.34it/s]
 94%|█████████▎| 8243/8810 [00:05<00:00, 1322.43it/s]
 95%|█████████▌| 8378/8810 [00:05<00:00, 1219.69it/s]
 97%|█████████▋| 8549/8810 [00:05<00:00, 1347.10it/s]
 99%|█████████▉| 8702/8810 [00:05<00:00, 1310.75it/s]
100%|██████████| 8810/8810 [00:05<00:00, 1487.25it/s]
