
  0%|          | 0/8810 [00:00<?, ?it/s]
  4%|▍         | 342/8810 [00:00<00:02, 3411.84it/s]
  8%|▊         | 684/8810 [00:00<00:02, 3410.21it/s]
 12%|█▏        | 1026/8810 [00:00<00:02, 3273.60it/s]
 16%|█▋        | 1433/8810 [00:00<00:02, 3577.32it/s]
 20%|██        | 1792/8810 [00:00<00:01, 3526.27it/s]
 24%|██▍       | 2146/8810 [00:00<00:01, 3524.91it/s]
 28%|██▊       | 2500/8810 [00:00<00:01, 3498.43it/s]
 33%|███▎      | 2881/8810 [00:00<00:01, 3591.36it/s]
 37%|███▋      | 3241/8810 [00:00<00:01, 3442.27it/s]
 41%|████      | 3587/8810 [00:01<00:01, 3432.27it/s]
 45%|████▍     | 3940/8810 [00:01<00:01, 3457.74it/s]
 49%|████▉     | 4351/8810 [00:01<00:01, 3650.62it/s]
 54%|█████▎    | 4717/8810 [00:01<00:01, 3462.93it/s]
 58%|█████▊    | 5066/8810 [00:01<00:01, 3348.53it/s]
 61%|██████▏   | 5413/8810 [00:01<00:01, 3381.16it/s]
 65%|██████▌   | 5768/8810 [00:01<00:00, 3429.59it/s]
 69%|██████▉   | 6113/8810 [00:01<00:00, 3328.93it/s]
 73%|███████▎  | 6448/8810 [00:01<00:00, 3309.47it/s]
 78%|███████▊  | 6909/8810 [00:01<00:00, 3685.03it/s]
 83%|████████▎ | 7280/8810 [00:02<00:00, 3439.90it/s]
 87%|████████▋ | 7629/8810 [00:02<00:00, 3389.34it/s]
 90%|█████████ | 7971/8810 [00:02<00:00, 3252.56it/s]
 94%|█████████▍| 8299/8810 [00:02<00:00, 3086.47it/s]
 98%|█████████▊| 8611/8810 [00:02<00:00, 3039.51it/s]
100%|██████████| 8810/8810 [00:02<00:00, 3359.95it/s]
