
  0%|          | 0/8810 [00:00<?, ?it/s]
  2%|▏         | 179/8810 [00:00<00:04, 1775.09it/s]
  4%|▍         | 357/8810 [00:00<00:05, 1555.21it/s]
  7%|▋         | 574/8810 [00:00<00:04, 1808.15it/s]
  9%|▊         | 758/8810 [00:00<00:05, 1530.29it/s]
 11%|█         | 931/8810 [00:00<00:04, 1592.18it/s]
 12%|█▏        | 1096/8810 [00:00<00:05, 1540.64it/s]
 14%|█▍        | 1259/8810 [00:00<00:04, 1564.37it/s]
 16%|█▌        | 1418/8810 [00:00<00:04, 1525.37it/s]
 18%|█▊        | 1573/8810 [00:01<00:05, 1341.22it/s]
 20%|██        | 1769/8810 [00:01<00:04, 1504.08it/s]
 22%|██▏       | 1925/8810 [00:01<00:05, 1347.00it/s]
 24%|██▍       | 2137/8810 [00:01<00:04, 1547.07it/s]
 26%|██▌       | 2300/8810 [00:01<00:04, 1432.21it/s]
 28%|██▊       | 2504/8810 [00:01<00:03, 1588.56it/s]
 30%|███       | 2674/8810 [00:01<00:03, 1616.03it/s]
 32%|███▏      | 2841/8810 [00:01<00:04, 1419.66it/s]
 34%|███▍      | 3004/8810 [00:01<00:03, 1469.33it/s]
 36%|███▌      | 3157/8810 [00:02<00:04, 1370.03it/s]
 37%|███▋      | 3299/8810 [00:02<00:04, 1354.24it/s]
 39%|███▉      | 3438/8810 [00:02<00:04, 1322.31it/s]
 41%|████      | 3630/8810 [00:02<00:03, 1481.63it/s]
 43%|████▎     | 3782/8810 [00:02<00:03, 1396.69it/s]
 45%|████▌     | 3973/8810 [00:02<00:03, 1529.96it/s]
 47%|████▋     | 4180/8810 [00:02<00:03, 1541.28it/s]
 50%|████▉     | 4390/8810 [00:02<00:02, 1686.39it/s]
 52%|█████▏    | 4562/8810 [00:03<00:02, 1620.53it/s]
 54%|█████▎    | 4727/8810 [00:03<00:02, 1454.89it/s]
 56%|█████▌    | 4892/8810 [00:03<00:02, 1499.11it/s]
 57%|█████▋    | 5046/8810 [00:03<00:02, 1371.98it/s]
 60%|█████▉    | 5243/8810 [00:03<00:02, 1524.01it/s]
 61%|██████▏   | 5401/8810 [00:03<00:02, 1436.92it/s]
 64%|██████▍   | 5626/8810 [00:03<00:01, 1647.78it/s]
 66%|██████▌   | 5797/8810 [00:03<00:01, 1525.02it/s]
 68%|██████▊   | 5955/8810 [00:03<00:01, 1432.81it/s]
 69%|██████▉   | 6103/8810 [00:04<00:01, 1368.20it/s]
 71%|███████▏  | 6295/8810 [00:04<00:01, 1510.70it/s]
 73%|███████▎  | 6451/8810 [00:04<00:01, 1408.36it/s]
 75%|███████▌  | 6617/8810 [00:04<00:01, 1473.81it/s]
 78%|███████▊  | 6829/8810 [00:04<00:01, 1649.81it/s]
 79%|███████▉  | 6999/8810 [00:04<00:01, 1565.13it/s]
 81%|████████▏ | 7162/8810 [00:04<00:01, 1579.85it/s]
 83%|████████▎ | 7350/8810 [00:04<00:00, 1659.84it/s]
 85%|████████▌ | 7519/8810 [00:05<00:00, 1474.68it/s]
 88%|████████▊ | 7715/8810 [00:05<00:00, 1436.67it/s]
 89%|████████▉ | 7863/8810 [00:05<00:00, 1383.81it/s]
 91%|█████████ | 8005/8810 [00:05<00:00, 1392.10it/s]
 92%|█████████▏| 8147/8810 [00:05<00:00, 1255.78it/s]
 94%|█████████▍| 8276/8810 [00:05<00:00, 1245.04it/s]
 95%|█████████▌| 8403/8810 [00:05<00:00, 1159.13it/s]
 97%|█████████▋| 8557/8810 [00:05<00:00, 1256.51it/s]
 99%|█████████▉| 8702/8810 [00:05<00:00, 1218.99it/s]
100%|██████████| 8810/8810 [00:06<00:00, 1458.68it/s]
