
  0%|          | 0/8810 [00:00<?, ?it/s]
  2%|▏         | 181/8810 [00:00<00:06, 1368.16it/s]
  5%|▍         | 419/8810 [00:00<00:04, 1891.25it/s]
  7%|▋         | 652/8810 [00:00<00:03, 2071.53it/s]
 10%|▉         | 865/8810 [00:00<00:04, 1700.48it/s]
 12%|█▏        | 1046/8810 [00:00<00:04, 1624.89it/s]
 14%|█▍        | 1250/8810 [00:00<00:04, 1744.79it/s]
 17%|█▋        | 1457/8810 [00:00<00:04, 1644.47it/s]
 19%|█▊        | 1636/8810 [00:00<00:04, 1683.81it/s]
 21%|██        | 1821/8810 [00:01<00:04, 1570.68it/s]
 23%|██▎       | 2016/8810 [00:01<00:04, 1670.08it/s]
 25%|██▍       | 2195/8810 [00:01<00:03, 1692.47it/s]
 27%|██▋       | 2368/8810 [00:01<00:04, 1453.82it/s]
 29%|██▉       | 2580/8810 [00:01<00:03, 1619.94it/s]
 31%|███       | 2751/8810 [00:01<00:03, 1515.47it/s]
 33%|███▎      | 2909/8810 [00:01<00:03, 1512.81it/s]
 35%|███▍      | 3065/8810 [00:01<00:04, 1355.62it/s]
 37%|███▋      | 3220/8810 [00:02<00:03, 1403.67it/s]
 38%|███▊      | 3381/8810 [00:02<00:03, 1457.64it/s]
 40%|████      | 3531/8810 [00:02<00:03, 1331.94it/s]
 42%|████▏     | 3708/8810 [00:02<00:03, 1444.47it/s]
 44%|████▍     | 3857/8810 [00:02<00:03, 1356.01it/s]
 46%|████▌     | 4066/8810 [00:02<00:03, 1547.94it/s]
 48%|████▊     | 4226/8810 [00:02<00:03, 1420.99it/s]
 50%|█████     | 4429/8810 [00:02<00:02, 1579.87it/s]
 52%|█████▏    | 4593/8810 [00:02<00:02, 1544.87it/s]
 54%|█████▍    | 4752/8810 [00:03<00:03, 1335.50it/s]
 56%|█████▌    | 4893/8810 [00:03<00:03, 1293.19it/s]
 57%|█████▋    | 5028/8810 [00:03<00:03, 1180.01it/s]
 59%|█████▉    | 5180/8810 [00:03<00:02, 1263.37it/s]
 61%|██████    | 5337/8810 [00:03<00:02, 1337.56it/s]
 62%|██████▏   | 5476/8810 [00:03<00:02, 1216.31it/s]
 65%|██████▍   | 5684/8810 [00:03<00:02, 1438.36it/s]
 66%|██████▌   | 5835/8810 [00:03<00:02, 1392.69it/s]
 68%|██████▊   | 5980/8810 [00:04<00:02, 1361.57it/s]
 69%|██████▉   | 6120/8810 [00:04<00:02, 1289.79it/s]
 71%|███████▏  | 6287/8810 [00:04<00:01, 1386.51it/s]
 73%|███████▎  | 6429/8810 [00:04<00:01, 1261.83it/s]
 75%|███████▍  | 6571/8810 [00:04<00:01, 1302.72it/s]
 77%|███████▋  | 6770/8810 [00:04<00:01, 1489.25it/s]
 79%|███████▉  | 6968/8810 [00:04<00:01, 1623.45it/s]
 81%|████████  | 7135/8810 [00:04<00:01, 1445.90it/s]
 83%|████████▎ | 7313/8810 [00:04<00:00, 1526.86it/s]
 85%|████████▍ | 7471/8810 [00:05<00:00, 1378.96it/s]
 86%|████████▋ | 7615/8810 [00:05<00:00, 1379.18it/s]
 88%|████████▊ | 7757/8810 [00:05<00:00, 1231.25it/s]
 90%|████████▉ | 7894/8810 [00:05<00:00, 1261.00it/s]
 91%|█████████ | 8027/8810 [00:05<00:00, 1274.94it/s]
 93%|█████████▎| 8158/8810 [00:05<00:00, 1163.17it/s]
 94%|█████████▍| 8320/8810 [00:05<00:00, 1277.14it/s]
 96%|█████████▌| 8452/8810 [00:05<00:00, 1184.42it/s]
 98%|█████████▊| 8629/8810 [00:06<00:00, 1337.03it/s]
100%|█████████▉| 8768/8810 [00:06<00:00, 1226.80it/s]
100%|██████████| 8810/8810 [00:06<00:00, 1422.66it/s]
