
  0%|          | 0/8810 [00:00<?, ?it/s]
  2%|▏         | 179/8810 [00:00<00:04, 1777.64it/s]
  4%|▍         | 357/8810 [00:00<00:05, 1547.30it/s]
  6%|▋         | 563/8810 [00:00<00:04, 1759.04it/s]
  8%|▊         | 742/8810 [00:00<00:05, 1502.41it/s]
 10%|█         | 905/8810 [00:00<00:05, 1537.95it/s]
 12%|█▏        | 1063/8810 [00:00<00:05, 1487.04it/s]
 14%|█▍        | 1215/8810 [00:00<00:05, 1494.90it/s]
 16%|█▌        | 1367/8810 [00:00<00:05, 1424.72it/s]
 17%|█▋        | 1512/8810 [00:01<00:05, 1345.71it/s]
 19%|█▉        | 1694/8810 [00:01<00:04, 1477.14it/s]
 21%|██        | 1845/8810 [00:01<00:05, 1366.12it/s]
 23%|██▎       | 2027/8810 [00:01<00:04, 1483.49it/s]
 25%|██▌       | 2208/8810 [00:01<00:04, 1574.02it/s]
 27%|██▋       | 2369/8810 [00:01<00:04, 1409.24it/s]
 29%|██▉       | 2563/8810 [00:01<00:04, 1549.55it/s]
 31%|███       | 2744/8810 [00:01<00:04, 1514.19it/s]
 33%|███▎      | 2917/8810 [00:01<00:03, 1571.28it/s]
 35%|███▍      | 3078/8810 [00:02<00:03, 1455.68it/s]
 37%|███▋      | 3238/8810 [00:02<00:03, 1493.70it/s]
 39%|███▊      | 3410/8810 [00:02<00:03, 1439.68it/s]
 41%|████      | 3611/8810 [00:02<00:03, 1589.89it/s]
 43%|████▎     | 3774/8810 [00:02<00:03, 1521.46it/s]
 45%|████▍     | 3951/8810 [00:02<00:03, 1586.24it/s]
 47%|████▋     | 4180/8810 [00:02<00:02, 1616.17it/s]
 50%|████▉     | 4394/8810 [00:02<00:02, 1753.03it/s]
 52%|█████▏    | 4578/8810 [00:02<00:02, 1774.46it/s]
 54%|█████▍    | 4758/8810 [00:03<00:02, 1551.98it/s]
 56%|█████▌    | 4923/8810 [00:03<00:02, 1576.59it/s]
 58%|█████▊    | 5086/8810 [00:03<00:02, 1518.49it/s]
 60%|██████    | 5311/8810 [00:03<00:02, 1713.29it/s]
 62%|██████▏   | 5487/8810 [00:03<00:02, 1605.80it/s]
 65%|██████▍   | 5704/8810 [00:03<00:01, 1755.04it/s]
 67%|██████▋   | 5884/8810 [00:03<00:01, 1573.00it/s]
 69%|██████▊   | 6048/8810 [00:03<00:01, 1398.33it/s]
 71%|███████   | 6256/8810 [00:04<00:01, 1559.24it/s]
 73%|███████▎  | 6420/8810 [00:04<00:01, 1499.00it/s]
 75%|███████▌  | 6626/8810 [00:04<00:01, 1639.90it/s]
 78%|███████▊  | 6846/8810 [00:04<00:01, 1791.38it/s]
 80%|███████▉  | 7031/8810 [00:04<00:01, 1585.06it/s]
 82%|████████▏ | 7198/8810 [00:04<00:01, 1569.38it/s]
 84%|████████▎ | 7361/8810 [00:04<00:00, 1543.02it/s]
 85%|████████▌ | 7522/8810 [00:04<00:00, 1559.47it/s]
 88%|████████▊ | 7709/8810 [00:04<00:00, 1644.45it/s]
 89%|████████▉ | 7876/8810 [00:05<00:00, 1412.05it/s]
 91%|█████████ | 8027/8810 [00:05<00:00, 1434.92it/s]
 93%|█████████▎| 8176/8810 [00:05<00:00, 1292.38it/s]
 94%|█████████▍| 8311/8810 [00:05<00:00, 1299.11it/s]
 96%|█████████▌| 8445/8810 [00:05<00:00, 1205.55it/s]
 98%|█████████▊| 8633/8810 [00:05<00:00, 1377.63it/s]
100%|█████████▉| 8776/8810 [00:05<00:00, 1347.18it/s]
100%|██████████| 8810/8810 [00:05<00:00, 1515.89it/s]
