
  0%|          | 0/8810 [00:00<?, ?it/s]
  4%|▍         | 354/8810 [00:00<00:02, 3534.19it/s]
  8%|▊         | 708/8810 [00:00<00:02, 3493.56it/s]
 12%|█▏        | 1058/8810 [00:00<00:02, 3377.59it/s]
 17%|█▋        | 1457/8810 [00:00<00:02, 3333.07it/s]
 21%|██        | 1821/8810 [00:00<00:02, 3346.35it/s]
 25%|██▌       | 2229/8810 [00:00<00:01, 3579.98it/s]
 30%|██▉       | 2614/8810 [00:00<00:01, 3661.81it/s]
 34%|███▍      | 2982/8810 [00:00<00:01, 3481.14it/s]
 38%|███▊      | 3333/8810 [00:00<00:01, 3406.08it/s]
 42%|████▏     | 3687/8810 [00:01<00:01, 3441.32it/s]
 46%|████▌     | 4033/8810 [00:01<00:01, 3417.98it/s]
 50%|████▉     | 4396/8810 [00:01<00:01, 3479.54it/s]
 54%|█████▍    | 4745/8810 [00:01<00:01, 3323.11it/s]
 58%|█████▊    | 5080/8810 [00:01<00:01, 3262.53it/s]
 62%|██████▏   | 5431/8810 [00:01<00:01, 3330.70it/s]
 66%|██████▌   | 5805/8810 [00:01<00:00, 3449.47it/s]
 70%|██████▉   | 6152/8810 [00:01<00:00, 3255.31it/s]
 74%|███████▎  | 6481/8810 [00:01<00:00, 3188.03it/s]
 79%|███████▉  | 6947/8810 [00:02<00:00, 3602.09it/s]
 83%|████████▎ | 7312/8810 [00:02<00:00, 3313.06it/s]
 87%|████████▋ | 7650/8810 [00:02<00:00, 3212.62it/s]
 91%|█████████ | 7976/8810 [00:02<00:00, 3071.64it/s]
 94%|█████████▍| 8287/8810 [00:02<00:00, 2966.32it/s]
 97%|█████████▋| 8587/8810 [00:02<00:00, 2890.14it/s]
100%|██████████| 8810/8810 [00:02<00:00, 3246.72it/s]
