
  0%|          | 0/8810 [00:00<?, ?it/s]
  2%|▏         | 186/8810 [00:00<00:04, 1846.08it/s]
  5%|▌         | 449/8810 [00:00<00:03, 2304.89it/s]
  8%|▊         | 680/8810 [00:00<00:03, 2217.62it/s]
 10%|█         | 903/8810 [00:00<00:04, 1961.49it/s]
 13%|█▎        | 1123/8810 [00:00<00:03, 2037.17it/s]
 16%|█▌        | 1394/8810 [00:00<00:03, 2250.42it/s]
 18%|█▊        | 1623/8810 [00:00<00:03, 2161.03it/s]
 21%|██        | 1842/8810 [00:00<00:03, 2120.68it/s]
 24%|██▍       | 2152/8810 [00:00<00:02, 2404.90it/s]
 27%|██▋       | 2396/8810 [00:01<00:02, 2169.56it/s]
 30%|██▉       | 2639/8810 [00:01<00:02, 2237.82it/s]
 33%|███▎      | 2868/8810 [00:01<00:02, 2120.72it/s]
 35%|███▌      | 3085/8810 [00:01<00:02, 1980.03it/s]
 38%|███▊      | 3356/8810 [00:01<00:02, 2170.91it/s]
 41%|████      | 3579/8810 [00:01<00:02, 2070.93it/s]
 43%|████▎     | 3791/8810 [00:01<00:02, 1986.47it/s]
 46%|████▌     | 4029/8810 [00:01<00:02, 2090.09it/s]
 48%|████▊     | 4242/8810 [00:02<00:02, 2024.55it/s]
 51%|█████▏    | 4526/8810 [00:02<00:01, 2249.55it/s]
 54%|█████▍    | 4755/8810 [00:02<00:01, 2086.81it/s]
 56%|█████▋    | 4968/8810 [00:02<00:01, 1949.16it/s]
 60%|█████▉    | 5268/8810 [00:02<00:01, 2226.21it/s]
 62%|██████▏   | 5498/8810 [00:02<00:01, 2194.92it/s]
 65%|██████▌   | 5754/8810 [00:02<00:01, 2194.94it/s]
 68%|██████▊   | 5997/8810 [00:02<00:01, 2259.29it/s]
 71%|███████   | 6230/8810 [00:02<00:01, 2277.50it/s]
 73%|███████▎  | 6460/8810 [00:02<00:01, 2283.14it/s]
 77%|███████▋  | 6816/8810 [00:03<00:00, 2649.90it/s]
 80%|████████  | 7084/8810 [00:03<00:00, 2494.54it/s]
 83%|████████▎ | 7337/8810 [00:03<00:00, 2450.93it/s]
 86%|████████▌ | 7585/8810 [00:03<00:00, 2079.50it/s]
 89%|████████▊ | 7804/8810 [00:03<00:00, 1985.24it/s]
 91%|█████████ | 8036/8810 [00:03<00:00, 2068.93it/s]
 94%|█████████▎| 8250/8810 [00:03<00:00, 1979.64it/s]
 96%|█████████▌| 8453/8810 [00:03<00:00, 1986.96it/s]
 99%|█████████▉| 8702/8810 [00:04<00:00, 2067.00it/s]
100%|██████████| 8810/8810 [00:04<00:00, 2159.03it/s]
