
  0%|          | 0/8810 [00:00<?, ?it/s]
  2%|▏         | 201/8810 [00:00<00:04, 2001.88it/s]
  6%|▌         | 517/8810 [00:00<00:03, 2679.38it/s]
  9%|▉         | 786/8810 [00:00<00:03, 2390.04it/s]
 12%|█▏        | 1029/8810 [00:00<00:03, 2311.32it/s]
 15%|█▍        | 1313/8810 [00:00<00:03, 2484.99it/s]
 18%|█▊        | 1565/8810 [00:00<00:03, 2355.72it/s]
 21%|██        | 1821/8810 [00:00<00:02, 2349.08it/s]
 24%|██▍       | 2093/8810 [00:00<00:02, 2456.73it/s]
 27%|██▋       | 2341/8810 [00:00<00:02, 2386.38it/s]
 30%|███       | 2673/8810 [00:01<00:02, 2658.48it/s]
 33%|███▎      | 2942/8810 [00:01<00:02, 2242.20it/s]
 36%|███▌      | 3179/8810 [00:01<00:02, 2088.99it/s]
 39%|███▊      | 3410/8810 [00:01<00:02, 2012.93it/s]
 42%|████▏     | 3708/8810 [00:01<00:02, 2257.62it/s]
 45%|████▌     | 3970/8810 [00:01<00:02, 2351.05it/s]
 48%|████▊     | 4213/8810 [00:01<00:01, 2302.12it/s]
 50%|█████     | 4449/8810 [00:01<00:01, 2199.71it/s]
 53%|█████▎    | 4673/8810 [00:02<00:02, 1936.45it/s]
 56%|█████▌    | 4892/8810 [00:02<00:01, 1993.98it/s]
 58%|█████▊    | 5098/8810 [00:02<00:02, 1789.05it/s]
 61%|██████    | 5372/8810 [00:02<00:01, 1906.99it/s]
 64%|██████▍   | 5668/8810 [00:02<00:01, 2172.72it/s]
 67%|██████▋   | 5894/8810 [00:02<00:01, 2083.40it/s]
 69%|██████▉   | 6109/8810 [00:02<00:01, 1935.19it/s]
 72%|███████▏  | 6380/8810 [00:02<00:01, 2135.08it/s]
 75%|███████▍  | 6601/8810 [00:03<00:01, 2140.76it/s]
 79%|███████▉  | 6946/8810 [00:03<00:00, 2501.62it/s]
 82%|████████▏ | 7203/8810 [00:03<00:00, 2388.65it/s]
 85%|████████▍ | 7448/8810 [00:03<00:00, 2398.16it/s]
 87%|████████▋ | 7693/8810 [00:03<00:00, 2411.26it/s]
 90%|█████████ | 7937/8810 [00:03<00:00, 2277.37it/s]
 93%|█████████▎| 8168/8810 [00:03<00:00, 2168.86it/s]
 95%|█████████▌| 8388/8810 [00:03<00:00, 2054.32it/s]
 99%|█████████▊| 8685/8810 [00:03<00:00, 2299.37it/s]
100%|██████████| 8810/8810 [00:03<00:00, 2219.16it/s]
