
  0%|          | 0/8810 [00:00<?, ?it/s]
  1%|          | 101/8810 [00:00<00:08, 1008.14it/s]
  2%|▏         | 202/8810 [00:00<00:09, 927.74it/s] 
  5%|▍         | 423/8810 [00:00<00:05, 1479.93it/s]
  7%|▋         | 645/8810 [00:00<00:04, 1762.79it/s]
  9%|▉         | 824/8810 [00:00<00:05, 1424.17it/s]
 11%|█         | 977/8810 [00:00<00:05, 1394.95it/s]
 13%|█▎        | 1123/8810 [00:00<00:05, 1334.75it/s]
 15%|█▍        | 1288/8810 [00:00<00:05, 1420.59it/s]
 16%|█▋        | 1447/8810 [00:01<00:05, 1465.50it/s]
 18%|█▊        | 1597/8810 [00:01<00:05, 1273.86it/s]
 20%|██        | 1796/8810 [00:01<00:04, 1451.87it/s]
 22%|██▏       | 1949/8810 [00:01<00:05, 1309.58it/s]
 24%|██▍       | 2148/8810 [00:01<00:04, 1483.50it/s]
 26%|██▌       | 2305/8810 [00:01<00:04, 1372.42it/s]
 29%|██▊       | 2518/8810 [00:01<00:04, 1566.35it/s]
 31%|███       | 2707/8810 [00:01<00:03, 1652.05it/s]
 33%|███▎      | 2879/8810 [00:02<00:03, 1490.22it/s]
 35%|███▍      | 3057/8810 [00:02<00:04, 1426.00it/s]
 37%|███▋      | 3238/8810 [00:02<00:03, 1518.10it/s]
 39%|███▊      | 3410/8810 [00:02<00:03, 1498.62it/s]
 41%|████      | 3611/8810 [00:02<00:03, 1631.91it/s]
 43%|████▎     | 3779/8810 [00:02<00:03, 1574.15it/s]
 46%|████▌     | 4017/8810 [00:02<00:02, 1791.98it/s]
 48%|████▊     | 4201/8810 [00:02<00:02, 1727.24it/s]
 50%|█████     | 4437/8810 [00:02<00:02, 1901.14it/s]
 53%|█████▎    | 4631/8810 [00:03<00:02, 1711.56it/s]
 55%|█████▍    | 4808/8810 [00:03<00:02, 1690.36it/s]
 57%|█████▋    | 4981/8810 [00:03<00:02, 1559.27it/s]
 59%|█████▊    | 5174/8810 [00:03<00:02, 1650.31it/s]
 61%|██████    | 5372/8810 [00:03<00:02, 1600.81it/s]
 63%|██████▎   | 5566/8810 [00:03<00:01, 1688.60it/s]
 65%|██████▌   | 5754/8810 [00:03<00:01, 1658.87it/s]
 67%|██████▋   | 5923/8810 [00:03<00:01, 1617.66it/s]
 69%|██████▉   | 6087/8810 [00:03<00:01, 1551.77it/s]
 71%|███████▏  | 6294/8810 [00:04<00:01, 1689.03it/s]
 73%|███████▎  | 6466/8810 [00:04<00:01, 1561.63it/s]
 76%|███████▌  | 6688/8810 [00:04<00:01, 1735.85it/s]
 79%|███████▊  | 6936/8810 [00:04<00:00, 1940.03it/s]
 81%|████████  | 7135/8810 [00:04<00:00, 1730.24it/s]
 83%|████████▎ | 7344/8810 [00:04<00:00, 1820.38it/s]
 86%|████████▌ | 7533/8810 [00:04<00:00, 1601.92it/s]
 88%|████████▊ | 7715/8810 [00:04<00:00, 1565.19it/s]
 89%|████████▉ | 7884/8810 [00:05<00:00, 1591.41it/s]
 91%|█████████▏| 8048/8810 [00:05<00:00, 1423.14it/s]
 93%|█████████▎| 8200/8810 [00:05<00:00, 1439.72it/s]
 95%|█████████▍| 8361/8810 [00:05<00:00, 1381.60it/s]
 97%|█████████▋| 8544/8810 [00:05<00:00, 1494.55it/s]
 99%|█████████▉| 8702/8810 [00:05<00:00, 1418.52it/s]
100%|██████████| 8810/8810 [00:05<00:00, 1550.49it/s]
