
  0%|          | 0/8810 [00:00<?, ?it/s]
  4%|▍         | 338/8810 [00:00<00:02, 3372.00it/s]
  8%|▊         | 688/8810 [00:00<00:02, 3446.83it/s]
 12%|█▏        | 1033/8810 [00:00<00:02, 3322.98it/s]
 16%|█▌        | 1394/8810 [00:00<00:02, 3433.43it/s]
 20%|█▉        | 1738/8810 [00:00<00:02, 3302.23it/s]
 23%|██▎       | 2070/8810 [00:00<00:02, 3164.86it/s]
 27%|██▋       | 2388/8810 [00:00<00:02, 3102.71it/s]
 31%|███▏      | 2763/8810 [00:00<00:01, 3294.18it/s]
 35%|███▌      | 3094/8810 [00:00<00:01, 3258.34it/s]
 39%|███▉      | 3421/8810 [00:01<00:01, 3137.92it/s]
 43%|████▎     | 3774/8810 [00:01<00:01, 3141.20it/s]
 47%|████▋     | 4180/8810 [00:01<00:01, 3258.70it/s]
 52%|█████▏    | 4572/8810 [00:01<00:01, 3439.18it/s]
 56%|█████▌    | 4918/8810 [00:01<00:01, 3270.09it/s]
 60%|█████▉    | 5248/8810 [00:01<00:01, 3199.05it/s]
 63%|██████▎   | 5570/8810 [00:01<00:01, 3198.19it/s]
 67%|██████▋   | 5891/8810 [00:01<00:00, 3131.65it/s]
 70%|███████   | 6205/8810 [00:01<00:00, 3068.27it/s]
 74%|███████▍  | 6513/8810 [00:02<00:00, 3024.60it/s]
 79%|███████▉  | 6968/8810 [00:02<00:00, 3453.96it/s]
 83%|████████▎ | 7316/8810 [00:02<00:00, 3312.40it/s]
 87%|████████▋ | 7650/8810 [00:02<00:00, 3227.56it/s]
 91%|█████████ | 7975/8810 [00:02<00:00, 3075.54it/s]
 94%|█████████▍| 8285/8810 [00:02<00:00, 2967.21it/s]
 98%|█████████▊| 8590/8810 [00:02<00:00, 2988.53it/s]
100%|██████████| 8810/8810 [00:02<00:00, 3172.80it/s]
