
  0%|          | 0/8810 [00:00<?, ?it/s]
  3%|▎         | 245/8810 [00:00<00:03, 2449.67it/s]
  7%|▋         | 628/8810 [00:00<00:02, 3257.89it/s]
 11%|█         | 954/8810 [00:00<00:03, 2499.05it/s]
 14%|█▍        | 1221/8810 [00:00<00:03, 2333.65it/s]
 17%|█▋        | 1465/8810 [00:00<00:03, 2337.58it/s]
 21%|██        | 1807/8810 [00:00<00:02, 2660.91it/s]
 24%|██▎       | 2082/8810 [00:00<00:02, 2588.76it/s]
 27%|██▋       | 2347/8810 [00:00<00:02, 2511.61it/s]
 30%|███       | 2669/8810 [00:01<00:02, 2706.78it/s]
 33%|███▎      | 2944/8810 [00:01<00:02, 2602.00it/s]
 36%|███▋      | 3208/8810 [00:01<00:02, 2457.38it/s]
 39%|███▉      | 3457/8810 [00:01<00:02, 2263.47it/s]
 43%|████▎     | 3774/8810 [00:01<00:02, 2403.15it/s]
 46%|████▋     | 4083/8810 [00:01<00:01, 2578.95it/s]
 49%|████▉     | 4346/8810 [00:01<00:01, 2538.89it/s]
 52%|█████▏    | 4625/8810 [00:01<00:01, 2438.55it/s]
 56%|█████▌    | 4894/8810 [00:01<00:01, 2501.87it/s]
 58%|█████▊    | 5147/8810 [00:02<00:01, 2402.44it/s]
 61%|██████    | 5390/8810 [00:02<00:01, 2382.09it/s]
 65%|██████▍   | 5683/8810 [00:02<00:01, 2534.98it/s]
 67%|██████▋   | 5939/8810 [00:02<00:01, 2180.74it/s]
 70%|███████   | 6167/8810 [00:02<00:01, 2162.05it/s]
 73%|███████▎  | 6432/8810 [00:02<00:01, 2289.10it/s]
 76%|███████▌  | 6689/8810 [00:02<00:00, 2366.13it/s]
 79%|███████▉  | 6942/8810 [00:02<00:00, 2408.56it/s]
 82%|████████▏ | 7187/8810 [00:02<00:00, 2233.89it/s]
 85%|████████▍ | 7449/8810 [00:03<00:00, 2337.78it/s]
 88%|████████▊ | 7715/8810 [00:03<00:00, 2317.60it/s]
 91%|█████████ | 8001/8810 [00:03<00:00, 2465.22it/s]
 94%|█████████▎| 8251/8810 [00:03<00:00, 2245.73it/s]
 96%|█████████▋| 8482/8810 [00:03<00:00, 2184.23it/s]
 99%|█████████▉| 8705/8810 [00:03<00:00, 2184.97it/s]
100%|██████████| 8810/8810 [00:03<00:00, 2392.54it/s]
