
  0%|          | 0/8810 [00:00<?, ?it/s]
  3%|▎         | 237/8810 [00:00<00:03, 2367.21it/s]
  7%|▋         | 601/8810 [00:00<00:02, 3115.35it/s]
 10%|█         | 913/8810 [00:00<00:02, 2766.40it/s]
 14%|█▎        | 1194/8810 [00:00<00:02, 2760.21it/s]
 17%|█▋        | 1473/8810 [00:00<00:02, 2658.90it/s]
 21%|██        | 1810/8810 [00:00<00:02, 2881.11it/s]
 24%|██▍       | 2101/8810 [00:00<00:02, 2796.97it/s]
 27%|██▋       | 2383/8810 [00:00<00:02, 2667.42it/s]
 31%|███       | 2744/8810 [00:00<00:02, 2805.97it/s]
 34%|███▍      | 3026/8810 [00:01<00:02, 2795.38it/s]
 38%|███▊      | 3307/8810 [00:01<00:02, 2628.13it/s]
 41%|████      | 3572/8810 [00:01<00:02, 2553.30it/s]
 43%|████▎     | 3832/8810 [00:01<00:01, 2561.94it/s]
 47%|████▋     | 4180/8810 [00:01<00:01, 2725.48it/s]
 52%|█████▏    | 4538/8810 [00:01<00:01, 2961.96it/s]
 55%|█████▍    | 4836/8810 [00:01<00:01, 2591.65it/s]
 58%|█████▊    | 5104/8810 [00:01<00:01, 2365.14it/s]
 61%|██████    | 5349/8810 [00:02<00:01, 2326.87it/s]
 64%|██████▍   | 5626/8810 [00:02<00:01, 2439.88it/s]
 67%|██████▋   | 5876/8810 [00:02<00:01, 2416.96it/s]
 69%|██████▉   | 6122/8810 [00:02<00:01, 2319.62it/s]
 73%|███████▎  | 6400/8810 [00:02<00:01, 2333.07it/s]
 77%|███████▋  | 6758/8810 [00:02<00:00, 2669.31it/s]
 80%|███████▉  | 7030/8810 [00:02<00:00, 2569.54it/s]
 83%|████████▎ | 7343/8810 [00:02<00:00, 2724.18it/s]
 86%|████████▋ | 7620/8810 [00:02<00:00, 2476.06it/s]
 89%|████████▉ | 7874/8810 [00:03<00:00, 2268.89it/s]
 92%|█████████▏| 8108/8810 [00:03<00:00, 1941.90it/s]
 94%|█████████▍| 8316/8810 [00:03<00:00, 1972.05it/s]
 97%|█████████▋| 8522/8810 [00:03<00:00, 1822.47it/s]
 99%|█████████▉| 8711/8810 [00:03<00:00, 1821.15it/s]
100%|██████████| 8810/8810 [00:03<00:00, 2436.60it/s]
