
  0%|          | 0/8810 [00:00<?, ?it/s]
  3%|▎         | 285/8810 [00:00<00:03, 2838.99it/s]
  7%|▋         | 656/8810 [00:00<00:02, 3137.28it/s]
 11%|█         | 969/8810 [00:00<00:02, 2998.75it/s]
 15%|█▍        | 1297/8810 [00:00<00:02, 3100.41it/s]
 18%|█▊        | 1608/8810 [00:00<00:02, 2909.14it/s]
 22%|██▏       | 1901/8810 [00:00<00:02, 2817.82it/s]
 26%|██▌       | 2263/8810 [00:00<00:02, 2914.07it/s]
 30%|███       | 2659/8810 [00:00<00:01, 3217.77it/s]
 34%|███▍      | 2984/8810 [00:00<00:01, 3179.80it/s]
 38%|███▊      | 3304/8810 [00:01<00:01, 3116.15it/s]
 41%|████▏     | 3645/8810 [00:01<00:01, 3199.78it/s]
 45%|████▌     | 3991/8810 [00:01<00:01, 3275.32it/s]
 49%|████▉     | 4360/8810 [00:01<00:01, 3395.84it/s]
 53%|█████▎    | 4701/8810 [00:01<00:01, 3215.00it/s]
 57%|█████▋    | 5026/8810 [00:01<00:01, 3145.11it/s]
 61%|██████    | 5372/8810 [00:01<00:01, 3207.94it/s]
 65%|██████▌   | 5754/8810 [00:01<00:00, 3174.08it/s]
 69%|██████▉   | 6073/8810 [00:01<00:00, 3046.99it/s]
 73%|███████▎  | 6400/8810 [00:02<00:00, 2996.38it/s]
 77%|███████▋  | 6824/8810 [00:02<00:00, 3337.74it/s]
 81%|████████▏ | 7162/8810 [00:02<00:00, 3302.36it/s]
 85%|████████▌ | 7495/8810 [00:02<00:00, 3206.81it/s]
 89%|████████▊ | 7818/8810 [00:02<00:00, 3068.41it/s]
 92%|█████████▏| 8127/8810 [00:02<00:00, 2864.19it/s]
 96%|█████████▌| 8417/8810 [00:02<00:00, 2747.36it/s]
 99%|█████████▉| 8702/8810 [00:02<00:00, 2758.30it/s]
100%|██████████| 8810/8810 [00:02<00:00, 3066.17it/s]
