
  0%|          | 0/8810 [00:00<?, ?it/s]
  2%|▏         | 181/8810 [00:00<00:05, 1546.00it/s]
  5%|▍         | 423/8810 [00:00<00:04, 2023.14it/s]
  7%|▋         | 656/8810 [00:00<00:04, 1875.31it/s]
 10%|▉         | 866/8810 [00:00<00:04, 1952.25it/s]
 12%|█▏        | 1065/8810 [00:00<00:04, 1768.45it/s]
 14%|█▍        | 1252/8810 [00:00<00:04, 1798.13it/s]
 17%|█▋        | 1457/8810 [00:00<00:04, 1713.56it/s]
 19%|█▊        | 1651/8810 [00:00<00:04, 1776.14it/s]
 21%|██        | 1832/8810 [00:01<00:04, 1658.85it/s]
 23%|██▎       | 2049/8810 [00:01<00:03, 1795.43it/s]
 26%|██▌       | 2263/8810 [00:01<00:03, 1747.00it/s]
 28%|██▊       | 2490/8810 [00:01<00:03, 1884.67it/s]
 31%|███       | 2727/8810 [00:01<00:03, 2016.54it/s]
 33%|███▎      | 2933/8810 [00:01<00:03, 1701.52it/s]
 35%|███▌      | 3114/8810 [00:01<00:03, 1631.52it/s]
 37%|███▋      | 3294/8810 [00:01<00:03, 1671.94it/s]
 39%|███▉      | 3467/8810 [00:01<00:03, 1574.82it/s]
 42%|████▏     | 3687/8810 [00:02<00:02, 1738.11it/s]
 44%|████▍     | 3867/8810 [00:02<00:03, 1641.68it/s]
 46%|████▋     | 4083/8810 [00:02<00:02, 1779.52it/s]
 48%|████▊     | 4266/8810 [00:02<00:02, 1672.76it/s]
 51%|█████     | 4471/8810 [00:02<00:02, 1768.83it/s]
 53%|█████▎    | 4652/8810 [00:02<00:02, 1642.88it/s]
 55%|█████▍    | 4821/8810 [00:02<00:02, 1612.59it/s]
 57%|█████▋    | 4985/8810 [00:02<00:02, 1490.45it/s]
 59%|█████▉    | 5196/8810 [00:03<00:02, 1648.01it/s]
 61%|██████    | 5372/8810 [00:03<00:02, 1623.84it/s]
 64%|██████▎   | 5610/8810 [00:03<00:01, 1826.83it/s]
 66%|██████▌   | 5797/8810 [00:03<00:01, 1737.94it/s]
 68%|██████▊   | 5975/8810 [00:03<00:01, 1705.05it/s]
 70%|██████▉   | 6148/8810 [00:03<00:01, 1635.64it/s]
 72%|███████▏  | 6371/8810 [00:03<00:01, 1796.28it/s]
 74%|███████▍  | 6554/8810 [00:03<00:01, 1674.47it/s]
 77%|███████▋  | 6824/8810 [00:03<00:01, 1950.78it/s]
 80%|███████▉  | 7025/8810 [00:04<00:00, 1832.54it/s]
 82%|████████▏ | 7213/8810 [00:04<00:00, 1823.02it/s]
 84%|████████▍ | 7399/8810 [00:04<00:00, 1764.77it/s]
 86%|████████▌ | 7578/8810 [00:04<00:00, 1765.03it/s]
 88%|████████▊ | 7757/8810 [00:04<00:00, 1658.01it/s]
 90%|█████████ | 7946/8810 [00:04<00:00, 1716.06it/s]
 92%|█████████▏| 8120/8810 [00:04<00:00, 1555.66it/s]
 94%|█████████▍| 8290/8810 [00:04<00:00, 1592.39it/s]
 96%|█████████▌| 8453/8810 [00:04<00:00, 1482.79it/s]
 98%|█████████▊| 8655/8810 [00:05<00:00, 1619.35it/s]
100%|██████████| 8810/8810 [00:05<00:00, 1705.23it/s]
