
  0%|          | 0/8810 [00:00<?, ?it/s]
  2%|▏         | 181/8810 [00:00<00:05, 1489.57it/s]
  5%|▍         | 409/8810 [00:00<00:04, 1901.68it/s]
  7%|▋         | 656/8810 [00:00<00:04, 1854.03it/s]
 10%|▉         | 851/8810 [00:00<00:04, 1885.17it/s]
 12%|█▏        | 1042/8810 [00:00<00:04, 1762.90it/s]
 14%|█▍        | 1248/8810 [00:00<00:04, 1851.53it/s]
 17%|█▋        | 1457/8810 [00:00<00:04, 1749.27it/s]
 19%|█▉        | 1659/8810 [00:00<00:03, 1822.33it/s]
 21%|██        | 1844/8810 [00:01<00:03, 1762.95it/s]
 24%|██▎       | 2077/8810 [00:01<00:03, 1923.53it/s]
 26%|██▌       | 2273/8810 [00:01<00:03, 1777.92it/s]
 29%|██▊       | 2519/8810 [00:01<00:03, 1962.82it/s]
 31%|███       | 2744/8810 [00:01<00:03, 1868.95it/s]
 33%|███▎      | 2936/8810 [00:01<00:03, 1878.08it/s]
 35%|███▌      | 3127/8810 [00:01<00:03, 1797.01it/s]
 38%|███▊      | 3327/8810 [00:01<00:02, 1852.14it/s]
 40%|███▉      | 3515/8810 [00:01<00:02, 1785.55it/s]
 43%|████▎     | 3753/8810 [00:02<00:02, 1949.26it/s]
 45%|████▍     | 3951/8810 [00:02<00:02, 1822.74it/s]
 47%|████▋     | 4180/8810 [00:02<00:02, 1848.45it/s]
 50%|████▉     | 4390/8810 [00:02<00:02, 1915.06it/s]
 52%|█████▏    | 4584/8810 [00:02<00:02, 1855.12it/s]
 54%|█████▍    | 4772/8810 [00:02<00:02, 1692.85it/s]
 56%|█████▌    | 4945/8810 [00:02<00:02, 1553.69it/s]
 58%|█████▊    | 5151/8810 [00:02<00:02, 1679.86it/s]
 61%|██████    | 5372/8810 [00:02<00:02, 1684.90it/s]
 64%|██████▎   | 5595/8810 [00:03<00:01, 1827.24it/s]
 66%|██████▌   | 5782/8810 [00:03<00:01, 1767.24it/s]
 68%|██████▊   | 5962/8810 [00:03<00:01, 1727.34it/s]
 70%|██████▉   | 6137/8810 [00:03<00:01, 1659.82it/s]
 72%|███████▏  | 6366/8810 [00:03<00:01, 1829.05it/s]
 74%|███████▍  | 6552/8810 [00:03<00:01, 1592.93it/s]
 77%|███████▋  | 6791/8810 [00:03<00:01, 1792.04it/s]
 79%|███████▉  | 6978/8810 [00:03<00:01, 1737.88it/s]
 81%|████████▏ | 7159/8810 [00:04<00:00, 1749.69it/s]
 83%|████████▎ | 7347/8810 [00:04<00:00, 1784.07it/s]
 85%|████████▌ | 7529/8810 [00:04<00:00, 1574.55it/s]
 88%|████████▊ | 7715/8810 [00:04<00:00, 1554.75it/s]
 90%|████████▉ | 7895/8810 [00:04<00:00, 1617.24it/s]
 91%|█████████▏| 8061/8810 [00:04<00:00, 1513.59it/s]
 93%|█████████▎| 8228/8810 [00:04<00:00, 1553.53it/s]
 95%|█████████▌| 8387/8810 [00:04<00:00, 1523.05it/s]
 98%|█████████▊| 8619/8810 [00:04<00:00, 1740.10it/s]
100%|█████████▉| 8797/8810 [00:05<00:00, 1607.47it/s]
100%|██████████| 8810/8810 [00:05<00:00, 1741.18it/s]
