
  0%|          | 0/8810 [00:00<?, ?it/s]
  3%|▎         | 228/8810 [00:00<00:03, 2262.93it/s]
  7%|▋         | 598/8810 [00:00<00:02, 3105.48it/s]
 10%|█         | 909/8810 [00:00<00:03, 2187.83it/s]
 13%|█▎        | 1170/8810 [00:00<00:03, 2311.17it/s]
 17%|█▋        | 1457/8810 [00:00<00:03, 2293.27it/s]
 20%|██        | 1784/8810 [00:00<00:02, 2571.20it/s]
 23%|██▎       | 2054/8810 [00:00<00:02, 2494.71it/s]
 26%|██▌       | 2312/8810 [00:00<00:02, 2480.15it/s]
 30%|███       | 2661/8810 [00:01<00:02, 2767.56it/s]
 33%|███▎      | 2945/8810 [00:01<00:02, 2593.67it/s]
 36%|███▋      | 3211/8810 [00:01<00:02, 2398.61it/s]
 39%|███▉      | 3463/8810 [00:01<00:02, 2429.34it/s]
 43%|████▎     | 3760/8810 [00:01<00:01, 2574.99it/s]
 46%|████▌     | 4023/8810 [00:01<00:01, 2416.65it/s]
 49%|████▉     | 4312/8810 [00:01<00:01, 2545.27it/s]
 52%|█████▏    | 4625/8810 [00:01<00:01, 2512.86it/s]
 55%|█████▌    | 4885/8810 [00:01<00:01, 2534.39it/s]
 58%|█████▊    | 5142/8810 [00:02<00:01, 2441.35it/s]
 61%|██████    | 5393/8810 [00:02<00:01, 2457.25it/s]
 65%|██████▌   | 5751/8810 [00:02<00:01, 2771.42it/s]
 68%|██████▊   | 6032/8810 [00:02<00:01, 2454.55it/s]
 71%|███████▏  | 6286/8810 [00:02<00:01, 2302.25it/s]
 74%|███████▍  | 6523/8810 [00:02<00:00, 2302.30it/s]
 79%|███████▉  | 6950/8810 [00:02<00:00, 2833.32it/s]
 82%|████████▏ | 7243/8810 [00:02<00:00, 2724.58it/s]
 85%|████████▌ | 7523/8810 [00:03<00:00, 2467.77it/s]
 88%|████████▊ | 7779/8810 [00:03<00:00, 2480.21it/s]
 91%|█████████ | 8037/8810 [00:03<00:00, 2381.33it/s]
 94%|█████████▍| 8307/8810 [00:03<00:00, 2462.65it/s]
 97%|█████████▋| 8558/8810 [00:03<00:00, 2353.78it/s]
100%|█████████▉| 8797/8810 [00:03<00:00, 2317.33it/s]
100%|██████████| 8810/8810 [00:03<00:00, 2474.59it/s]
