
  0%|          | 0/8810 [00:00<?, ?it/s]
  4%|▍         | 361/8810 [00:00<00:02, 3609.43it/s]
  8%|▊         | 722/8810 [00:00<00:02, 3528.16it/s]
 12%|█▏        | 1075/8810 [00:00<00:02, 3408.28it/s]
 17%|█▋        | 1457/8810 [00:00<00:02, 3401.74it/s]
 21%|██        | 1821/8810 [00:00<00:02, 3414.59it/s]
 25%|██▌       | 2219/8810 [00:00<00:01, 3596.77it/s]
 29%|██▉       | 2580/8810 [00:00<00:01, 3566.34it/s]
 33%|███▎      | 2938/8810 [00:00<00:01, 3407.67it/s]
 37%|███▋      | 3281/8810 [00:00<00:01, 3308.14it/s]
 41%|████      | 3614/8810 [00:01<00:01, 3297.99it/s]
 45%|████▍     | 3945/8810 [00:01<00:01, 3294.27it/s]
 49%|████▉     | 4299/8810 [00:01<00:01, 3365.53it/s]
 53%|█████▎    | 4637/8810 [00:01<00:01, 3318.69it/s]
 56%|█████▋    | 4970/8810 [00:01<00:01, 3217.57it/s]
 61%|██████    | 5372/8810 [00:01<00:01, 3292.89it/s]
 65%|██████▌   | 5754/8810 [00:01<00:00, 3374.60it/s]
 69%|██████▉   | 6092/8810 [00:01<00:00, 3209.50it/s]
 73%|███████▎  | 6415/8810 [00:01<00:00, 3195.41it/s]
 77%|███████▋  | 6780/8810 [00:02<00:00, 3323.33it/s]
 81%|████████  | 7121/8810 [00:02<00:00, 3346.10it/s]
 85%|████████▍ | 7457/8810 [00:02<00:00, 3284.81it/s]
 88%|████████▊ | 7787/8810 [00:02<00:00, 3145.40it/s]
 92%|█████████▏| 8103/8810 [00:02<00:00, 3060.07it/s]
 95%|█████████▌| 8411/8810 [00:02<00:00, 3030.36it/s]
 99%|█████████▉| 8726/8810 [00:02<00:00, 3063.82it/s]
100%|██████████| 8810/8810 [00:02<00:00, 3287.61it/s]
