
  0%|          | 0/8810 [00:00<?, ?it/s]
  4%|▍         | 339/8810 [00:00<00:02, 3384.30it/s]
  8%|▊         | 697/8810 [00:00<00:02, 3482.76it/s]
 12%|█▏        | 1046/8810 [00:00<00:02, 3289.04it/s]
 17%|█▋        | 1457/8810 [00:00<00:02, 3389.71it/s]
 21%|██        | 1821/8810 [00:00<00:02, 3418.57it/s]
 25%|██▌       | 2219/8810 [00:00<00:01, 3591.75it/s]
 29%|██▉       | 2592/8810 [00:00<00:01, 3630.93it/s]
 34%|███▎      | 2956/8810 [00:00<00:01, 3527.58it/s]
 38%|███▊      | 3310/8810 [00:00<00:01, 3416.61it/s]
 41%|████▏     | 3653/8810 [00:01<00:01, 3355.52it/s]
 45%|████▌     | 3991/8810 [00:01<00:01, 3362.55it/s]
 49%|████▉     | 4329/8810 [00:01<00:01, 3362.24it/s]
 53%|█████▎    | 4666/8810 [00:01<00:01, 3222.64it/s]
 57%|█████▋    | 4990/8810 [00:01<00:01, 2924.41it/s]
 61%|██████    | 5372/8810 [00:01<00:01, 3008.23it/s]
 65%|██████▌   | 5751/8810 [00:01<00:00, 3217.04it/s]
 69%|██████▉   | 6078/8810 [00:01<00:00, 2871.48it/s]
 73%|███████▎  | 6400/8810 [00:01<00:00, 2889.56it/s]
 77%|███████▋  | 6824/8810 [00:02<00:00, 3246.11it/s]
 81%|████████  | 7158/8810 [00:02<00:00, 3022.84it/s]
 85%|████████▍ | 7469/8810 [00:02<00:00, 2704.67it/s]
 88%|████████▊ | 7758/8810 [00:02<00:00, 2750.70it/s]
 91%|█████████▏| 8042/8810 [00:02<00:00, 2671.87it/s]
 95%|█████████▍| 8361/8810 [00:02<00:00, 2697.13it/s]
 99%|█████████▉| 8702/8810 [00:02<00:00, 2763.59it/s]
100%|██████████| 8810/8810 [00:02<00:00, 3100.51it/s]
