
  0%|          | 0/8810 [00:00<?, ?it/s]
  2%|▏         | 191/8810 [00:00<00:04, 1906.06it/s]
  6%|▌         | 489/8810 [00:00<00:03, 2536.15it/s]
  8%|▊         | 743/8810 [00:00<00:03, 2339.71it/s]
 11%|█▏        | 996/8810 [00:00<00:03, 2202.80it/s]
 15%|█▍        | 1309/8810 [00:00<00:02, 2504.69it/s]
 18%|█▊        | 1564/8810 [00:00<00:03, 2214.99it/s]
 21%|██        | 1821/8810 [00:00<00:03, 2144.37it/s]
 23%|██▎       | 2041/8810 [00:00<00:03, 2042.63it/s]
 26%|██▌       | 2263/8810 [00:01<00:03, 2059.76it/s]
 29%|██▊       | 2524/8810 [00:01<00:02, 2206.35it/s]
 31%|███       | 2748/8810 [00:01<00:02, 2149.19it/s]
 34%|███▎      | 2966/8810 [00:01<00:02, 2042.85it/s]
 36%|███▌      | 3173/8810 [00:01<00:03, 1855.23it/s]
 39%|███▊      | 3399/8810 [00:01<00:02, 1961.29it/s]
 41%|████      | 3600/8810 [00:01<00:02, 1855.81it/s]
 43%|████▎     | 3790/8810 [00:01<00:02, 1842.53it/s]
 46%|████▌     | 4046/8810 [00:01<00:02, 2037.77it/s]
 48%|████▊     | 4254/8810 [00:02<00:02, 1881.73it/s]
 51%|█████     | 4497/8810 [00:02<00:02, 2028.72it/s]
 53%|█████▎    | 4705/8810 [00:02<00:02, 1722.79it/s]
 56%|█████▌    | 4926/8810 [00:02<00:02, 1839.54it/s]
 58%|█████▊    | 5120/8810 [00:02<00:02, 1830.05it/s]
 61%|██████    | 5372/8810 [00:02<00:01, 1883.28it/s]
 64%|██████▎   | 5600/8810 [00:02<00:01, 1986.26it/s]
 66%|██████▌   | 5803/8810 [00:02<00:01, 1915.32it/s]
 68%|██████▊   | 5998/8810 [00:03<00:01, 1838.95it/s]
 70%|███████   | 6185/8810 [00:03<00:01, 1720.69it/s]
 73%|███████▎  | 6400/8810 [00:03<00:01, 1702.54it/s]
 75%|███████▌  | 6627/8810 [00:03<00:01, 1847.93it/s]
 78%|███████▊  | 6900/8810 [00:03<00:00, 2082.96it/s]
 81%|████████  | 7114/8810 [00:03<00:00, 1938.57it/s]
 83%|████████▎ | 7326/8810 [00:03<00:00, 1985.78it/s]
 85%|████████▌ | 7529/8810 [00:03<00:00, 1791.17it/s]
 88%|████████▊ | 7715/8810 [00:03<00:00, 1774.95it/s]
 90%|█████████ | 7939/8810 [00:04<00:00, 1894.56it/s]
 92%|█████████▏| 8133/8810 [00:04<00:00, 1680.14it/s]
 95%|█████████▍| 8361/8810 [00:04<00:00, 1674.33it/s]
 98%|█████████▊| 8594/8810 [00:04<00:00, 1839.46it/s]
100%|█████████▉| 8785/8810 [00:04<00:00, 1795.98it/s]
100%|██████████| 8810/8810 [00:04<00:00, 1935.31it/s]
