
  0%|          | 0/8810 [00:00<?, ?it/s]
  3%|▎         | 269/8810 [00:00<00:03, 2683.60it/s]
  7%|▋         | 656/8810 [00:00<00:02, 2912.02it/s]
 11%|█         | 968/8810 [00:00<00:02, 2992.34it/s]
 14%|█▍        | 1267/8810 [00:00<00:02, 2920.97it/s]
 18%|█▊        | 1559/8810 [00:00<00:02, 2752.28it/s]
 21%|██        | 1835/8810 [00:00<00:02, 2651.07it/s]
 25%|██▌       | 2214/8810 [00:00<00:02, 2991.94it/s]
 29%|██▊       | 2517/8810 [00:00<00:02, 2922.93it/s]
 32%|███▏      | 2812/8810 [00:00<00:02, 2857.98it/s]
 35%|███▌      | 3100/8810 [00:01<00:02, 2850.74it/s]
 39%|███▊      | 3410/8810 [00:01<00:01, 2744.76it/s]
 43%|████▎     | 3774/8810 [00:01<00:01, 2819.20it/s]
 47%|████▋     | 4169/8810 [00:01<00:01, 3126.90it/s]
 51%|█████     | 4486/8810 [00:01<00:01, 3082.87it/s]
 54%|█████▍    | 4797/8810 [00:01<00:01, 2846.36it/s]
 58%|█████▊    | 5086/8810 [00:01<00:01, 2668.74it/s]
 61%|██████    | 5372/8810 [00:01<00:01, 2700.45it/s]
 65%|██████▌   | 5754/8810 [00:02<00:01, 2849.65it/s]
 69%|██████▊   | 6041/8810 [00:02<00:01, 2715.62it/s]
 73%|███████▎  | 6400/8810 [00:02<00:00, 2742.51it/s]
 77%|███████▋  | 6802/8810 [00:02<00:00, 3076.82it/s]
 81%|████████  | 7115/8810 [00:02<00:00, 3022.08it/s]
 84%|████████▍ | 7421/8810 [00:02<00:00, 2992.83it/s]
 88%|████████▊ | 7723/8810 [00:02<00:00, 2742.64it/s]
 91%|█████████ | 8029/8810 [00:02<00:00, 2822.15it/s]
 94%|█████████▍| 8316/8810 [00:02<00:00, 2699.61it/s]
 98%|█████████▊| 8590/8810 [00:03<00:00, 2642.08it/s]
100%|██████████| 8810/8810 [00:03<00:00, 2817.23it/s]
