
  0%|          | 0/8810 [00:00<?, ?it/s]
  2%|▏         | 199/8810 [00:00<00:04, 1979.19it/s]
  5%|▍         | 430/8810 [00:00<00:03, 2160.56it/s]
  8%|▊         | 670/8810 [00:00<00:03, 2265.81it/s]
 11%|█         | 968/8810 [00:00<00:03, 2541.69it/s]
 14%|█▍        | 1223/8810 [00:00<00:02, 2532.89it/s]
 17%|█▋        | 1477/8810 [00:00<00:02, 2477.04it/s]
 20%|██        | 1798/8810 [00:00<00:02, 2711.47it/s]
 23%|██▎       | 2070/8810 [00:00<00:02, 2643.43it/s]
 27%|██▋       | 2336/8810 [00:00<00:02, 2446.89it/s]
 30%|███       | 2669/8810 [00:01<00:02, 2697.71it/s]
 33%|███▎      | 2943/8810 [00:01<00:02, 2631.82it/s]
 36%|███▋      | 3209/8810 [00:01<00:02, 2400.18it/s]
 39%|███▉      | 3455/8810 [00:01<00:02, 2371.61it/s]
 43%|████▎     | 3771/8810 [00:01<00:01, 2585.07it/s]
 46%|████▌     | 4034/8810 [00:01<00:01, 2486.30it/s]
 49%|████▊     | 4286/8810 [00:01<00:01, 2439.45it/s]
 52%|█████▏    | 4571/8810 [00:01<00:01, 2553.16it/s]
 55%|█████▍    | 4829/8810 [00:01<00:01, 2381.55it/s]
 58%|█████▊    | 5071/8810 [00:02<00:01, 2261.61it/s]
 61%|██████    | 5372/8810 [00:02<00:01, 2283.78it/s]
 64%|██████▍   | 5680/8810 [00:02<00:01, 2493.57it/s]
 67%|██████▋   | 5934/8810 [00:02<00:01, 2347.41it/s]
 70%|███████   | 6173/8810 [00:02<00:01, 2154.04it/s]
 73%|███████▎  | 6400/8810 [00:02<00:01, 2128.07it/s]
 75%|███████▌  | 6635/8810 [00:02<00:00, 2179.86it/s]
 79%|███████▉  | 6972/8810 [00:02<00:00, 2399.16it/s]
 82%|████████▏ | 7260/8810 [00:02<00:00, 2529.88it/s]
 85%|████████▌ | 7516/8810 [00:03<00:00, 2412.58it/s]
 88%|████████▊ | 7760/8810 [00:03<00:00, 2416.95it/s]
 91%|█████████ | 8004/8810 [00:03<00:00, 2401.55it/s]
 94%|█████████▎| 8246/8810 [00:03<00:00, 2280.98it/s]
 96%|█████████▌| 8476/8810 [00:03<00:00, 2175.24it/s]
 99%|█████████▉| 8709/8810 [00:03<00:00, 2215.55it/s]
100%|██████████| 8810/8810 [00:03<00:00, 2394.56it/s]
