
  0%|          | 0/8810 [00:00<?, ?it/s]
  2%|▏         | 181/8810 [00:00<00:06, 1396.19it/s]
  5%|▍         | 427/8810 [00:00<00:04, 1941.70it/s]
  7%|▋         | 652/8810 [00:00<00:03, 2072.01it/s]
 10%|▉         | 864/8810 [00:00<00:04, 1751.16it/s]
 12%|█▏        | 1048/8810 [00:00<00:04, 1627.26it/s]
 14%|█▍        | 1269/8810 [00:00<00:04, 1790.34it/s]
 17%|█▋        | 1455/8810 [00:00<00:04, 1810.53it/s]
 19%|█▊        | 1641/8810 [00:00<00:04, 1611.33it/s]
 21%|██        | 1821/8810 [00:01<00:04, 1517.53it/s]
 23%|██▎       | 2011/8810 [00:01<00:04, 1615.09it/s]
 25%|██▍       | 2199/8810 [00:01<00:03, 1684.18it/s]
 27%|██▋       | 2372/8810 [00:01<00:04, 1441.56it/s]
 30%|██▉       | 2618/8810 [00:01<00:03, 1695.60it/s]
 32%|███▏      | 2799/8810 [00:01<00:03, 1525.53it/s]
 34%|███▎      | 2972/8810 [00:01<00:03, 1574.76it/s]
 36%|███▌      | 3138/8810 [00:01<00:03, 1454.13it/s]
 37%|███▋      | 3290/8810 [00:02<00:03, 1428.20it/s]
 39%|███▉      | 3438/8810 [00:02<00:03, 1409.12it/s]
 41%|████      | 3621/8810 [00:02<00:03, 1515.98it/s]
 43%|████▎     | 3776/8810 [00:02<00:03, 1436.80it/s]
 45%|████▌     | 3970/8810 [00:02<00:03, 1570.27it/s]
 47%|████▋     | 4179/8810 [00:02<00:02, 1713.27it/s]
 49%|████▉     | 4354/8810 [00:02<00:02, 1581.11it/s]
 51%|█████▏    | 4522/8810 [00:02<00:02, 1605.47it/s]
 53%|█████▎    | 4686/8810 [00:02<00:03, 1358.00it/s]
 55%|█████▍    | 4840/8810 [00:03<00:02, 1399.92it/s]
 57%|█████▋    | 4987/8810 [00:03<00:03, 1163.85it/s]
 58%|█████▊    | 5116/8810 [00:03<00:03, 1189.86it/s]
 60%|█████▉    | 5276/8810 [00:03<00:02, 1290.31it/s]
 61%|██████▏   | 5413/8810 [00:03<00:02, 1148.19it/s]
 63%|██████▎   | 5578/8810 [00:03<00:02, 1269.42it/s]
 65%|██████▌   | 5754/8810 [00:03<00:02, 1252.03it/s]
 67%|██████▋   | 5885/8810 [00:03<00:02, 1252.56it/s]
 68%|██████▊   | 6015/8810 [00:04<00:02, 1260.07it/s]
 70%|██████▉   | 6144/8810 [00:04<00:02, 1198.94it/s]
 72%|███████▏  | 6315/8810 [00:04<00:01, 1335.71it/s]
 73%|███████▎  | 6452/8810 [00:04<00:01, 1222.72it/s]
 75%|███████▍  | 6595/8810 [00:04<00:01, 1276.35it/s]
 77%|███████▋  | 6771/8810 [00:04<00:01, 1408.86it/s]
 79%|███████▉  | 6949/8810 [00:04<00:01, 1512.49it/s]
 81%|████████  | 7104/8810 [00:04<00:01, 1369.85it/s]
 82%|████████▏ | 7246/8810 [00:04<00:01, 1363.67it/s]
 84%|████████▍ | 7386/8810 [00:05<00:01, 1359.93it/s]
 85%|████████▌ | 7525/8810 [00:05<00:01, 1279.28it/s]
 87%|████████▋ | 7698/8810 [00:05<00:00, 1397.98it/s]
 89%|████████▉ | 7841/8810 [00:05<00:00, 1165.38it/s]
 91%|█████████ | 7998/8810 [00:05<00:00, 1264.30it/s]
 92%|█████████▏| 8132/8810 [00:05<00:00, 1143.64it/s]
 94%|█████████▍| 8282/8810 [00:05<00:00, 1229.68it/s]
 95%|█████████▌| 8412/8810 [00:05<00:00, 1164.88it/s]
 98%|█████████▊| 8601/8810 [00:06<00:00, 1350.24it/s]
 99%|█████████▉| 8743/8810 [00:06<00:00, 1216.16it/s]
100%|██████████| 8810/8810 [00:06<00:00, 1407.30it/s]
