
  0%|          | 0/8810 [00:00<?, ?it/s]
  4%|▍         | 344/8810 [00:00<00:02, 3436.53it/s]
  8%|▊         | 693/8810 [00:00<00:02, 3467.78it/s]
 12%|█▏        | 1040/8810 [00:00<00:02, 3243.03it/s]
 16%|█▋        | 1443/8810 [00:00<00:02, 3540.24it/s]
 20%|██        | 1800/8810 [00:00<00:02, 3473.75it/s]
 24%|██▍       | 2149/8810 [00:00<00:01, 3409.98it/s]
 28%|██▊       | 2492/8810 [00:00<00:01, 3376.19it/s]
 32%|███▏      | 2831/8810 [00:00<00:01, 3357.65it/s]
 36%|███▌      | 3168/8810 [00:00<00:01, 3276.99it/s]
 40%|███▉      | 3497/8810 [00:01<00:01, 3142.18it/s]
 43%|████▎     | 3831/8810 [00:01<00:01, 3195.14it/s]
 47%|████▋     | 4180/8810 [00:01<00:01, 3227.91it/s]
 52%|█████▏    | 4573/8810 [00:01<00:01, 3430.39it/s]
 56%|█████▌    | 4918/8810 [00:01<00:01, 3194.41it/s]
 60%|█████▉    | 5242/8810 [00:01<00:01, 3120.17it/s]
 63%|██████▎   | 5581/8810 [00:01<00:01, 3192.72it/s]
 67%|██████▋   | 5903/8810 [00:01<00:00, 3172.39it/s]
 71%|███████   | 6223/8810 [00:01<00:00, 3172.99it/s]
 74%|███████▍  | 6548/8810 [00:02<00:00, 3194.95it/s]
 79%|███████▉  | 6972/8810 [00:02<00:00, 3396.10it/s]
 83%|████████▎ | 7351/8810 [00:02<00:00, 3504.82it/s]
 87%|████████▋ | 7702/8810 [00:02<00:00, 3319.27it/s]
 91%|█████████ | 8036/8810 [00:02<00:00, 3108.44it/s]
 95%|█████████▍| 8350/8810 [00:02<00:00, 3042.56it/s]
 98%|█████████▊| 8657/8810 [00:02<00:00, 3007.23it/s]
100%|██████████| 8810/8810 [00:02<00:00, 3224.58it/s]
