
  0%|          | 0/8810 [00:00<?, ?it/s]
  2%|▏         | 201/8810 [00:00<00:04, 2000.24it/s]
  6%|▌         | 485/8810 [00:00<00:03, 2483.51it/s]
  8%|▊         | 734/8810 [00:00<00:03, 2192.99it/s]
 11%|█▏        | 996/8810 [00:00<00:03, 2186.62it/s]
 15%|█▍        | 1289/8810 [00:00<00:03, 2428.74it/s]
 17%|█▋        | 1536/8810 [00:00<00:03, 2284.71it/s]
 20%|██        | 1803/8810 [00:00<00:02, 2395.68it/s]
 23%|██▎       | 2046/8810 [00:00<00:03, 2247.39it/s]
 26%|██▌       | 2275/8810 [00:01<00:03, 2153.03it/s]
 29%|██▉       | 2592/8810 [00:01<00:02, 2429.67it/s]
 32%|███▏      | 2840/8810 [00:01<00:02, 2221.44it/s]
 35%|███▍      | 3068/8810 [00:01<00:02, 2118.09it/s]
 37%|███▋      | 3288/8810 [00:01<00:02, 2136.02it/s]
 40%|███▉      | 3505/8810 [00:01<00:02, 1976.27it/s]
 43%|████▎     | 3757/8810 [00:01<00:02, 2117.37it/s]
 45%|████▌     | 3974/8810 [00:01<00:02, 2036.92it/s]
 47%|████▋     | 4181/8810 [00:01<00:02, 1994.96it/s]
 51%|█████     | 4489/8810 [00:02<00:01, 2293.69it/s]
 54%|█████▎    | 4723/8810 [00:02<00:02, 2041.73it/s]
 56%|█████▌    | 4935/8810 [00:02<00:02, 1926.07it/s]
 59%|█████▉    | 5192/8810 [00:02<00:01, 2092.16it/s]
 61%|██████▏   | 5408/8810 [00:02<00:01, 2037.14it/s]
 65%|██████▍   | 5700/8810 [00:02<00:01, 2274.64it/s]
 67%|██████▋   | 5933/8810 [00:02<00:01, 2076.86it/s]
 70%|██████▉   | 6148/8810 [00:02<00:01, 1930.08it/s]
 73%|███████▎  | 6400/8810 [00:03<00:01, 1923.28it/s]
 76%|███████▌  | 6703/8810 [00:03<00:00, 2204.55it/s]
 79%|███████▉  | 6972/8810 [00:03<00:00, 2182.88it/s]
 82%|████████▏ | 7196/8810 [00:03<00:00, 2128.86it/s]
 84%|████████▍ | 7413/8810 [00:03<00:00, 2132.47it/s]
 87%|████████▋ | 7650/8810 [00:03<00:00, 2194.64it/s]
 89%|████████▉ | 7872/8810 [00:03<00:00, 2088.59it/s]
 92%|█████████▏| 8084/8810 [00:03<00:00, 1855.98it/s]
 95%|█████████▍| 8342/8810 [00:03<00:00, 2043.44it/s]
 97%|█████████▋| 8554/8810 [00:04<00:00, 1822.45it/s]
 99%|█████████▉| 8745/8810 [00:04<00:00, 1794.19it/s]
100%|██████████| 8810/8810 [00:04<00:00, 2092.24it/s]
