
  0%|          | 0/8810 [00:00<?, ?it/s]
  4%|▍         | 360/8810 [00:00<00:02, 3588.83it/s]
  8%|▊         | 719/8810 [00:00<00:02, 3374.93it/s]
 12%|█▏        | 1058/8810 [00:00<00:02, 3166.00it/s]
 16%|█▋        | 1432/8810 [00:00<00:02, 3377.13it/s]
 20%|██        | 1772/8810 [00:00<00:02, 3017.26it/s]
 24%|██▎       | 2080/8810 [00:00<00:02, 3001.28it/s]
 27%|██▋       | 2393/8810 [00:00<00:02, 3038.38it/s]
 31%|███       | 2744/8810 [00:00<00:01, 3175.24it/s]
 35%|███▍      | 3065/8810 [00:00<00:01, 3000.66it/s]
 39%|███▊      | 3410/8810 [00:01<00:01, 2986.38it/s]
 43%|████▎     | 3774/8810 [00:01<00:01, 3120.54it/s]
 47%|████▋     | 4180/8810 [00:01<00:01, 3279.29it/s]
 52%|█████▏    | 4571/8810 [00:01<00:01, 3454.87it/s]
 56%|█████▌    | 4919/8810 [00:01<00:01, 3255.85it/s]
 60%|█████▉    | 5248/8810 [00:01<00:01, 3218.98it/s]
 63%|██████▎   | 5575/8810 [00:01<00:01, 3231.72it/s]
 67%|██████▋   | 5900/8810 [00:01<00:00, 3200.39it/s]
 71%|███████   | 6222/8810 [00:01<00:00, 3150.84it/s]
 74%|███████▍  | 6547/8810 [00:02<00:00, 3178.05it/s]
 79%|███████▉  | 6972/8810 [00:02<00:00, 3395.09it/s]
 83%|████████▎ | 7336/8810 [00:02<00:00, 3464.67it/s]
 87%|████████▋ | 7683/8810 [00:02<00:00, 3323.06it/s]
 91%|█████████ | 8017/8810 [00:02<00:00, 3117.58it/s]
 95%|█████████▍| 8332/8810 [00:02<00:00, 2960.28it/s]
 98%|█████████▊| 8631/8810 [00:02<00:00, 2953.18it/s]
100%|██████████| 8810/8810 [00:02<00:00, 3151.94it/s]
