
  0%|          | 0/8810 [00:00<?, ?it/s]
  2%|▏         | 200/8810 [00:00<00:04, 1991.43it/s]
  6%|▋         | 571/8810 [00:00<00:02, 2989.13it/s]
 10%|▉         | 870/8810 [00:00<00:03, 2499.93it/s]
 13%|█▎        | 1128/8810 [00:00<00:03, 2334.18it/s]
 16%|█▌        | 1415/8810 [00:00<00:02, 2501.33it/s]
 19%|█▉        | 1671/8810 [00:00<00:02, 2389.22it/s]
 22%|██▏       | 1914/8810 [00:00<00:03, 2254.70it/s]
 25%|██▌       | 2207/8810 [00:00<00:02, 2446.21it/s]
 28%|██▊       | 2456/8810 [00:01<00:02, 2222.93it/s]
 31%|███       | 2744/8810 [00:01<00:02, 2268.25it/s]
 34%|███▍      | 2975/8810 [00:01<00:02, 2112.81it/s]
 36%|███▌      | 3190/8810 [00:01<00:02, 2084.48it/s]
 39%|███▊      | 3410/8810 [00:01<00:02, 2063.43it/s]
 42%|████▏     | 3724/8810 [00:01<00:02, 2349.97it/s]
 45%|████▍     | 3963/8810 [00:01<00:02, 1934.12it/s]
 48%|████▊     | 4216/8810 [00:01<00:02, 2079.42it/s]
 51%|█████▏    | 4518/8810 [00:01<00:01, 2322.39it/s]
 54%|█████▍    | 4763/8810 [00:02<00:01, 2156.85it/s]
 57%|█████▋    | 4990/8810 [00:02<00:01, 2053.65it/s]
 59%|█████▉    | 5203/8810 [00:02<00:01, 2034.60it/s]
 61%|██████▏   | 5412/8810 [00:02<00:01, 2023.64it/s]
 65%|██████▍   | 5712/8810 [00:02<00:01, 2282.24it/s]
 67%|██████▋   | 5945/8810 [00:02<00:01, 1864.23it/s]
 70%|██████▉   | 6147/8810 [00:02<00:01, 1811.23it/s]
 73%|███████▎  | 6400/8810 [00:02<00:01, 1866.34it/s]
 76%|███████▋  | 6724/8810 [00:03<00:00, 2209.14it/s]
 79%|███████▉  | 6978/8810 [00:03<00:00, 2289.15it/s]
 82%|████████▏ | 7217/8810 [00:03<00:00, 2106.57it/s]
 84%|████████▍ | 7437/8810 [00:03<00:00, 2097.35it/s]
 87%|████████▋ | 7668/8810 [00:03<00:00, 2153.54it/s]
 90%|████████▉ | 7889/8810 [00:03<00:00, 2071.90it/s]
 92%|█████████▏| 8100/8810 [00:03<00:00, 1977.18it/s]
 95%|█████████▍| 8361/8810 [00:03<00:00, 2005.59it/s]
 98%|█████████▊| 8623/8810 [00:04<00:00, 2168.73it/s]
100%|██████████| 8810/8810 [00:04<00:00, 2139.47it/s]
