
  0%|          | 0/8810 [00:00<?, ?it/s]
  2%|▏         | 181/8810 [00:00<00:05, 1692.17it/s]
  5%|▍         | 433/8810 [00:00<00:03, 2153.67it/s]
  7%|▋         | 656/8810 [00:00<00:04, 1965.36it/s]
 10%|▉         | 855/8810 [00:00<00:04, 1953.16it/s]
 12%|█▏        | 1052/8810 [00:00<00:04, 1838.05it/s]
 15%|█▍        | 1291/8810 [00:00<00:03, 2009.92it/s]
 17%|█▋        | 1495/8810 [00:00<00:03, 1847.29it/s]
 20%|█▉        | 1740/8810 [00:00<00:03, 2019.95it/s]
 22%|██▏       | 1947/8810 [00:01<00:03, 1849.23it/s]
 25%|██▌       | 2208/8810 [00:01<00:03, 2055.45it/s]
 27%|██▋       | 2420/8810 [00:01<00:03, 1927.36it/s]
 30%|███       | 2676/8810 [00:01<00:02, 2095.15it/s]
 33%|███▎      | 2891/8810 [00:01<00:03, 1938.94it/s]
 35%|███▌      | 3091/8810 [00:01<00:03, 1811.54it/s]
 37%|███▋      | 3284/8810 [00:01<00:03, 1841.42it/s]
 39%|███▉      | 3472/8810 [00:01<00:03, 1727.05it/s]
 42%|████▏     | 3708/8810 [00:01<00:02, 1895.24it/s]
 44%|████▍     | 3902/8810 [00:02<00:02, 1780.54it/s]
 47%|████▋     | 4180/8810 [00:02<00:02, 1886.00it/s]
 50%|█████     | 4419/8810 [00:02<00:02, 2013.33it/s]
 52%|█████▏    | 4625/8810 [00:02<00:02, 1931.27it/s]
 55%|█████▍    | 4821/8810 [00:02<00:02, 1857.68it/s]
 57%|█████▋    | 5009/8810 [00:02<00:02, 1673.74it/s]
 59%|█████▉    | 5223/8810 [00:02<00:02, 1792.27it/s]
 61%|██████▏   | 5407/8810 [00:02<00:01, 1763.51it/s]
 64%|██████▍   | 5671/8810 [00:02<00:01, 2001.15it/s]
 67%|██████▋   | 5876/8810 [00:03<00:01, 1821.56it/s]
 69%|██████▉   | 6064/8810 [00:03<00:01, 1683.18it/s]
 71%|███████▏  | 6288/8810 [00:03<00:01, 1821.44it/s]
 74%|███████▎  | 6476/8810 [00:03<00:01, 1721.45it/s]
 77%|███████▋  | 6751/8810 [00:03<00:01, 1991.43it/s]
 79%|███████▉  | 6972/8810 [00:03<00:00, 1959.86it/s]
 81%|████████▏ | 7173/8810 [00:03<00:00, 1961.98it/s]
 84%|████████▎ | 7373/8810 [00:03<00:00, 1909.70it/s]
 86%|████████▌ | 7567/8810 [00:04<00:00, 1898.80it/s]
 88%|████████▊ | 7759/8810 [00:04<00:00, 1839.30it/s]
 90%|█████████ | 7956/8810 [00:04<00:00, 1872.54it/s]
 92%|█████████▏| 8145/8810 [00:04<00:00, 1727.25it/s]
 95%|█████████▍| 8359/8810 [00:04<00:00, 1839.74it/s]
 97%|█████████▋| 8546/8810 [00:04<00:00, 1776.76it/s]
 99%|█████████▉| 8726/8810 [00:04<00:00, 1680.73it/s]
100%|██████████| 8810/8810 [00:04<00:00, 1863.22it/s]
