
  0%|          | 0/8810 [00:00<?, ?it/s]
  2%|▏         | 181/8810 [00:00<00:05, 1480.01it/s]
  5%|▍         | 433/8810 [00:00<00:04, 2030.26it/s]
  7%|▋         | 656/8810 [00:00<00:03, 2065.39it/s]
 11%|█         | 944/8810 [00:00<00:03, 2370.24it/s]
 13%|█▎        | 1185/8810 [00:00<00:03, 2346.45it/s]
 17%|█▋        | 1457/8810 [00:00<00:03, 2161.92it/s]
 19%|█▉        | 1694/8810 [00:00<00:03, 2222.22it/s]
 22%|██▏       | 1921/8810 [00:00<00:03, 2218.48it/s]
 26%|██▌       | 2258/8810 [00:00<00:02, 2555.47it/s]
 29%|██▊       | 2518/8810 [00:01<00:02, 2509.09it/s]
 31%|███▏      | 2772/8810 [00:01<00:02, 2270.51it/s]
 34%|███▍      | 3013/8810 [00:01<00:02, 2306.62it/s]
 37%|███▋      | 3248/8810 [00:01<00:02, 2174.66it/s]
 39%|███▉      | 3470/8810 [00:01<00:02, 2102.48it/s]
 42%|████▏     | 3728/8810 [00:01<00:02, 2228.64it/s]
 45%|████▍     | 3954/8810 [00:01<00:02, 2141.39it/s]
 47%|████▋     | 4180/8810 [00:01<00:02, 2132.62it/s]
 52%|█████▏    | 4548/8810 [00:01<00:01, 2562.42it/s]
 55%|█████▍    | 4809/8810 [00:02<00:01, 2360.27it/s]
 57%|█████▋    | 5051/8810 [00:02<00:01, 2103.45it/s]
 61%|██████    | 5372/8810 [00:02<00:01, 2204.06it/s]
 64%|██████▍   | 5632/8810 [00:02<00:01, 2302.19it/s]
 67%|██████▋   | 5868/8810 [00:02<00:01, 2227.08it/s]
 69%|██████▉   | 6095/8810 [00:02<00:01, 2066.60it/s]
 73%|███████▎  | 6400/8810 [00:02<00:01, 2196.03it/s]
 76%|███████▋  | 6739/8810 [00:02<00:00, 2505.29it/s]
 79%|███████▉  | 6997/8810 [00:03<00:00, 2425.92it/s]
 82%|████████▏ | 7245/8810 [00:03<00:00, 2387.03it/s]
 85%|████████▍ | 7487/8810 [00:03<00:00, 2379.84it/s]
 88%|████████▊ | 7728/8810 [00:03<00:00, 2358.99it/s]
 90%|█████████ | 7966/8810 [00:03<00:00, 2362.61it/s]
 93%|█████████▎| 8204/8810 [00:03<00:00, 2037.31it/s]
 96%|█████████▌| 8416/8810 [00:03<00:00, 1937.13it/s]
 99%|█████████▊| 8687/8810 [00:03<00:00, 2137.09it/s]
100%|██████████| 8810/8810 [00:03<00:00, 2217.56it/s]
