
  0%|          | 0/8810 [00:00<?, ?it/s]
  2%|▏         | 188/8810 [00:00<00:04, 1875.00it/s]
  6%|▌         | 487/8810 [00:00<00:03, 2528.97it/s]
  8%|▊         | 740/8810 [00:00<00:03, 2267.46it/s]
 11%|█▏        | 993/8810 [00:00<00:03, 2363.10it/s]
 14%|█▍        | 1232/8810 [00:00<00:03, 2349.71it/s]
 17%|█▋        | 1469/8810 [00:00<00:03, 2274.24it/s]
 20%|█▉        | 1742/8810 [00:00<00:02, 2413.28it/s]
 23%|██▎       | 1985/8810 [00:00<00:03, 2193.28it/s]
 26%|██▌       | 2263/8810 [00:00<00:02, 2286.42it/s]
 30%|██▉       | 2626/8810 [00:01<00:02, 2663.16it/s]
 33%|███▎      | 2898/8810 [00:01<00:02, 2550.61it/s]
 36%|███▌      | 3158/8810 [00:01<00:02, 2469.07it/s]
 39%|███▊      | 3410/8810 [00:01<00:02, 2332.86it/s]
 42%|████▏     | 3680/8810 [00:01<00:02, 2430.63it/s]
 45%|████▍     | 3927/8810 [00:01<00:02, 2341.47it/s]
 47%|████▋     | 4180/8810 [00:01<00:01, 2373.35it/s]
 51%|█████     | 4507/8810 [00:01<00:01, 2622.03it/s]
 54%|█████▍    | 4773/8810 [00:01<00:01, 2446.38it/s]
 57%|█████▋    | 5022/8810 [00:02<00:01, 2151.39it/s]
 60%|██████    | 5322/8810 [00:02<00:01, 2368.57it/s]
 63%|██████▎   | 5569/8810 [00:02<00:01, 2190.66it/s]
 66%|██████▌   | 5834/8810 [00:02<00:01, 2302.83it/s]
 69%|██████▉   | 6072/8810 [00:02<00:01, 2304.68it/s]
 72%|███████▏  | 6351/8810 [00:02<00:01, 2437.95it/s]
 75%|███████▍  | 6600/8810 [00:02<00:01, 2192.93it/s]
 79%|███████▉  | 6952/8810 [00:02<00:00, 2544.41it/s]
 82%|████████▏ | 7217/8810 [00:03<00:00, 2377.14it/s]
 85%|████████▍ | 7464/8810 [00:03<00:00, 2161.70it/s]
 88%|████████▊ | 7715/8810 [00:03<00:00, 2100.62it/s]
 90%|█████████ | 7944/8810 [00:03<00:00, 2140.49it/s]
 93%|█████████▎| 8163/8810 [00:03<00:00, 2063.42it/s]
 95%|█████████▌| 8373/8810 [00:03<00:00, 1883.96it/s]
 98%|█████████▊| 8647/8810 [00:03<00:00, 2103.61it/s]
100%|██████████| 8810/8810 [00:03<00:00, 2272.20it/s]
