
  0%|          | 0/8810 [00:00<?, ?it/s]
  2%|▏         | 216/8810 [00:00<00:04, 2148.30it/s]
  5%|▌         | 449/8810 [00:00<00:03, 2252.30it/s]
  8%|▊         | 675/8810 [00:00<00:04, 1916.76it/s]
 11%|█         | 960/8810 [00:00<00:03, 2244.02it/s]
 14%|█▎        | 1201/8810 [00:00<00:03, 2298.42it/s]
 17%|█▋        | 1457/8810 [00:00<00:03, 2297.60it/s]
 20%|█▉        | 1752/8810 [00:00<00:02, 2498.49it/s]
 23%|██▎       | 2006/8810 [00:00<00:02, 2339.10it/s]
 26%|██▌       | 2263/8810 [00:01<00:02, 2247.94it/s]
 29%|██▉       | 2592/8810 [00:01<00:02, 2533.15it/s]
 32%|███▏      | 2851/8810 [00:01<00:02, 2418.73it/s]
 35%|███▌      | 3097/8810 [00:01<00:02, 2030.11it/s]
 38%|███▊      | 3318/8810 [00:01<00:02, 2074.54it/s]
 40%|████      | 3535/8810 [00:01<00:02, 1995.96it/s]
 43%|████▎     | 3774/8810 [00:01<00:02, 2074.29it/s]
 45%|████▌     | 3987/8810 [00:01<00:02, 2066.03it/s]
 48%|████▊     | 4198/8810 [00:01<00:02, 2038.60it/s]
 50%|█████     | 4430/8810 [00:02<00:02, 2115.89it/s]
 53%|█████▎    | 4644/8810 [00:02<00:02, 2021.27it/s]
 55%|█████▌    | 4853/8810 [00:02<00:01, 2035.61it/s]
 57%|█████▋    | 5059/8810 [00:02<00:01, 1885.51it/s]
 61%|██████    | 5372/8810 [00:02<00:01, 2035.57it/s]
 63%|██████▎   | 5577/8810 [00:02<00:01, 1911.30it/s]
 66%|██████▌   | 5783/8810 [00:02<00:01, 1945.11it/s]
 68%|██████▊   | 6006/8810 [00:02<00:01, 2016.98it/s]
 70%|███████   | 6210/8810 [00:02<00:01, 2019.44it/s]
 73%|███████▎  | 6430/8810 [00:03<00:01, 2069.64it/s]
 77%|███████▋  | 6746/8810 [00:03<00:00, 2382.97it/s]
 79%|███████▉  | 6990/8810 [00:03<00:00, 2397.56it/s]
 82%|████████▏ | 7243/8810 [00:03<00:00, 2432.22it/s]
 85%|████████▍ | 7488/8810 [00:03<00:00, 2253.31it/s]
 88%|████████▊ | 7717/8810 [00:03<00:00, 2203.21it/s]
 91%|█████████ | 7974/8810 [00:03<00:00, 2300.41it/s]
 93%|█████████▎| 8207/8810 [00:03<00:00, 1976.69it/s]
 96%|█████████▌| 8414/8810 [00:03<00:00, 1967.19it/s]
 98%|█████████▊| 8629/8810 [00:04<00:00, 2015.69it/s]
100%|██████████| 8810/8810 [00:04<00:00, 2127.83it/s]
