
  0%|          | 0/8810 [00:00<?, ?it/s]
  4%|▍         | 332/8810 [00:00<00:02, 3314.76it/s]
  8%|▊         | 664/8810 [00:00<00:02, 3309.37it/s]
 11%|█▏        | 996/8810 [00:00<00:02, 3088.76it/s]
 16%|█▌        | 1401/8810 [00:00<00:02, 3446.27it/s]
 20%|█▉        | 1749/8810 [00:00<00:02, 3291.45it/s]
 24%|██▎       | 2081/8810 [00:00<00:02, 3173.28it/s]
 27%|██▋       | 2401/8810 [00:00<00:02, 3061.60it/s]
 31%|███       | 2744/8810 [00:00<00:01, 3140.39it/s]
 35%|███▍      | 3060/8810 [00:00<00:01, 2884.33it/s]
 38%|███▊      | 3379/8810 [00:01<00:01, 2968.26it/s]
 42%|████▏     | 3680/8810 [00:01<00:01, 2939.16it/s]
 45%|████▌     | 3977/8810 [00:01<00:01, 2918.00it/s]
 49%|████▊     | 4280/8810 [00:01<00:01, 2946.24it/s]
 52%|█████▏    | 4625/8810 [00:01<00:01, 2879.78it/s]
 56%|█████▌    | 4915/8810 [00:01<00:01, 2779.95it/s]
 59%|█████▉    | 5195/8810 [00:01<00:01, 2528.19it/s]
 62%|██████▏   | 5452/8810 [00:01<00:01, 2298.34it/s]
 65%|██████▌   | 5759/8810 [00:02<00:01, 2492.21it/s]
 69%|██████▊   | 6036/8810 [00:02<00:01, 2454.25it/s]
 73%|███████▎  | 6400/8810 [00:02<00:00, 2568.34it/s]
 77%|███████▋  | 6791/8810 [00:02<00:00, 2912.30it/s]
 80%|████████  | 7089/8810 [00:02<00:00, 2648.61it/s]
 84%|████████▎ | 7362/8810 [00:02<00:00, 2473.69it/s]
 86%|████████▋ | 7616/8810 [00:02<00:00, 2447.92it/s]
 89%|████████▉ | 7865/8810 [00:02<00:00, 2251.42it/s]
 92%|█████████▏| 8095/8810 [00:03<00:00, 2097.66it/s]
 94%|█████████▍| 8309/8810 [00:03<00:00, 2003.66it/s]
 97%|█████████▋| 8512/8810 [00:03<00:00, 1823.24it/s]
 99%|█████████▉| 8702/8810 [00:03<00:00, 1816.09it/s]
100%|██████████| 8810/8810 [00:03<00:00, 2585.38it/s]
