
  0%|          | 0/8810 [00:00<?, ?it/s]
  2%|▏         | 181/8810 [00:00<00:05, 1590.57it/s]
  5%|▍         | 427/8810 [00:00<00:04, 2062.75it/s]
  7%|▋         | 656/8810 [00:00<00:04, 1883.87it/s]
 10%|▉         | 849/8810 [00:00<00:04, 1900.18it/s]
 12%|█▏        | 1042/8810 [00:00<00:04, 1781.10it/s]
 14%|█▍        | 1251/8810 [00:00<00:04, 1874.22it/s]
 16%|█▋        | 1444/8810 [00:00<00:03, 1890.84it/s]
 19%|█▊        | 1635/8810 [00:00<00:04, 1708.51it/s]
 21%|██        | 1821/8810 [00:01<00:04, 1651.28it/s]
 23%|██▎       | 1989/8810 [00:01<00:04, 1638.02it/s]
 25%|██▌       | 2225/8810 [00:01<00:03, 1836.27it/s]
 27%|██▋       | 2412/8810 [00:01<00:03, 1699.84it/s]
 30%|███       | 2673/8810 [00:01<00:03, 1947.80it/s]
 33%|███▎      | 2874/8810 [00:01<00:03, 1842.39it/s]
 35%|███▍      | 3063/8810 [00:01<00:03, 1649.73it/s]
 37%|███▋      | 3238/8810 [00:01<00:03, 1672.83it/s]
 39%|███▊      | 3410/8810 [00:01<00:03, 1588.16it/s]
 41%|████      | 3626/8810 [00:02<00:02, 1739.17it/s]
 43%|████▎     | 3805/8810 [00:02<00:02, 1709.12it/s]
 46%|████▌     | 4066/8810 [00:02<00:02, 1957.83it/s]
 48%|████▊     | 4266/8810 [00:02<00:02, 1894.05it/s]
 51%|█████     | 4503/8810 [00:02<00:02, 2021.94it/s]
 53%|█████▎    | 4709/8810 [00:02<00:02, 1755.17it/s]
 56%|█████▌    | 4909/8810 [00:02<00:02, 1816.86it/s]
 58%|█████▊    | 5098/8810 [00:02<00:02, 1689.43it/s]
 60%|██████    | 5322/8810 [00:02<00:01, 1828.16it/s]
 63%|██████▎   | 5511/8810 [00:03<00:01, 1723.52it/s]
 65%|██████▍   | 5726/8810 [00:03<00:01, 1832.17it/s]
 67%|██████▋   | 5914/8810 [00:03<00:01, 1550.83it/s]
 69%|██████▉   | 6079/8810 [00:03<00:01, 1541.43it/s]
 71%|███████▏  | 6286/8810 [00:03<00:01, 1673.27it/s]
 73%|███████▎  | 6461/8810 [00:03<00:01, 1579.14it/s]
 76%|███████▋  | 6729/8810 [00:03<00:01, 1866.27it/s]
 79%|███████▉  | 6946/8810 [00:03<00:00, 1948.13it/s]
 81%|████████  | 7147/8810 [00:04<00:00, 1817.94it/s]
 83%|████████▎ | 7353/8810 [00:04<00:00, 1882.38it/s]
 86%|████████▌ | 7546/8810 [00:04<00:00, 1705.02it/s]
 88%|████████▊ | 7723/8810 [00:04<00:00, 1688.77it/s]
 90%|████████▉ | 7918/8810 [00:04<00:00, 1758.19it/s]
 92%|█████████▏| 8098/8810 [00:04<00:00, 1633.21it/s]
 94%|█████████▍| 8277/8810 [00:04<00:00, 1675.01it/s]
 96%|█████████▌| 8448/8810 [00:04<00:00, 1547.79it/s]
 98%|█████████▊| 8648/8810 [00:04<00:00, 1663.29it/s]
100%|██████████| 8810/8810 [00:05<00:00, 1741.09it/s]
