
  0%|          | 0/8810 [00:00<?, ?it/s]
  2%|▏         | 181/8810 [00:00<00:05, 1562.38it/s]
  5%|▍         | 417/8810 [00:00<00:04, 1998.59it/s]
  7%|▋         | 629/8810 [00:00<00:03, 2050.38it/s]
  9%|▉         | 836/8810 [00:00<00:04, 1801.94it/s]
 12%|█▏        | 1021/8810 [00:00<00:04, 1690.74it/s]
 14%|█▍        | 1213/8810 [00:00<00:04, 1759.06it/s]
 16%|█▌        | 1392/8810 [00:00<00:04, 1692.69it/s]
 18%|█▊        | 1564/8810 [00:00<00:04, 1496.48it/s]
 20%|█▉        | 1755/8810 [00:01<00:04, 1606.61it/s]
 22%|██▏       | 1921/8810 [00:01<00:04, 1435.79it/s]
 24%|██▍       | 2117/8810 [00:01<00:04, 1567.03it/s]
 26%|██▌       | 2280/8810 [00:01<00:04, 1331.02it/s]
 28%|██▊       | 2470/8810 [00:01<00:04, 1470.10it/s]
 30%|███       | 2674/8810 [00:01<00:03, 1613.12it/s]
 32%|███▏      | 2845/8810 [00:01<00:04, 1488.87it/s]
 34%|███▍      | 3020/8810 [00:01<00:03, 1550.95it/s]
 36%|███▌      | 3182/8810 [00:02<00:03, 1472.07it/s]
 38%|███▊      | 3363/8810 [00:02<00:03, 1557.67it/s]
 40%|████      | 3524/8810 [00:02<00:03, 1446.86it/s]
 42%|████▏     | 3710/8810 [00:02<00:03, 1551.07it/s]
 44%|████▍     | 3870/8810 [00:02<00:03, 1459.74it/s]
 46%|████▌     | 4072/8810 [00:02<00:02, 1608.93it/s]
 48%|████▊     | 4238/8810 [00:02<00:03, 1518.14it/s]
 50%|█████     | 4430/8810 [00:02<00:02, 1625.45it/s]
 52%|█████▏    | 4597/8810 [00:02<00:02, 1586.58it/s]
 54%|█████▍    | 4759/8810 [00:03<00:02, 1431.28it/s]
 56%|█████▌    | 4907/8810 [00:03<00:02, 1433.44it/s]
 57%|█████▋    | 5054/8810 [00:03<00:02, 1322.76it/s]
 59%|█████▉    | 5225/8810 [00:03<00:02, 1420.47it/s]
 61%|██████    | 5372/8810 [00:03<00:02, 1335.48it/s]
 63%|██████▎   | 5509/8810 [00:03<00:02, 1342.99it/s]
 64%|██████▍   | 5667/8810 [00:03<00:02, 1405.83it/s]
 66%|██████▌   | 5810/8810 [00:03<00:02, 1251.80it/s]
 67%|██████▋   | 5940/8810 [00:03<00:02, 1223.68it/s]
 69%|██████▉   | 6066/8810 [00:04<00:02, 1197.74it/s]
 71%|███████   | 6256/8810 [00:04<00:01, 1380.11it/s]
 73%|███████▎  | 6400/8810 [00:04<00:01, 1284.31it/s]
 75%|███████▍  | 6572/8810 [00:04<00:01, 1399.26it/s]
 77%|███████▋  | 6778/8810 [00:04<00:01, 1580.25it/s]
 79%|███████▉  | 6972/8810 [00:04<00:01, 1567.62it/s]
 81%|████████  | 7155/8810 [00:04<00:01, 1638.77it/s]
 83%|████████▎ | 7322/8810 [00:04<00:00, 1647.24it/s]
 85%|████████▌ | 7489/8810 [00:05<00:00, 1423.98it/s]
 87%|████████▋ | 7668/8810 [00:05<00:00, 1518.36it/s]
 89%|████████▉ | 7826/8810 [00:05<00:00, 1356.37it/s]
 91%|█████████ | 7998/8810 [00:05<00:00, 1442.54it/s]
 92%|█████████▏| 8149/8810 [00:05<00:00, 1296.16it/s]
 94%|█████████▍| 8298/8810 [00:05<00:00, 1342.95it/s]
 96%|█████████▌| 8438/8810 [00:05<00:00, 1211.41it/s]
 98%|█████████▊| 8591/8810 [00:05<00:00, 1289.27it/s]
 99%|█████████▉| 8726/8810 [00:06<00:00, 1136.39it/s]
100%|██████████| 8810/8810 [00:06<00:00, 1453.63it/s]
