
  0%|          | 0/8810 [00:00<?, ?it/s]
  2%|▏         | 181/8810 [00:00<00:04, 1751.47it/s]
  5%|▌         | 450/8810 [00:00<00:03, 2290.08it/s]
  8%|▊         | 680/8810 [00:00<00:03, 2237.21it/s]
 10%|█         | 906/8810 [00:00<00:03, 2241.35it/s]
 13%|█▎        | 1131/8810 [00:00<00:03, 2096.57it/s]
 16%|█▌        | 1390/8810 [00:00<00:03, 2252.55it/s]
 18%|█▊        | 1618/8810 [00:00<00:03, 2069.81it/s]
 21%|██        | 1829/8810 [00:00<00:03, 2048.34it/s]
 24%|██▍       | 2104/8810 [00:00<00:02, 2250.40it/s]
 26%|██▋       | 2333/8810 [00:01<00:03, 2149.65it/s]
 30%|███       | 2655/8810 [00:01<00:02, 2452.07it/s]
 33%|███▎      | 2905/8810 [00:01<00:02, 2264.83it/s]
 36%|███▌      | 3137/8810 [00:01<00:02, 2157.60it/s]
 38%|███▊      | 3375/8810 [00:01<00:02, 2217.08it/s]
 41%|████      | 3601/8810 [00:01<00:02, 2141.81it/s]
 43%|████▎     | 3818/8810 [00:01<00:02, 2079.32it/s]
 47%|████▋     | 4098/8810 [00:01<00:02, 2278.29it/s]
 49%|████▉     | 4329/8810 [00:01<00:02, 2204.39it/s]
 52%|█████▏    | 4584/8810 [00:02<00:01, 2300.50it/s]
 55%|█████▍    | 4817/8810 [00:02<00:01, 2035.01it/s]
 57%|█████▋    | 5028/8810 [00:02<00:02, 1865.21it/s]
 60%|█████▉    | 5285/8810 [00:02<00:01, 2045.23it/s]
 62%|██████▏   | 5498/8810 [00:02<00:01, 1999.25it/s]
 65%|██████▌   | 5754/8810 [00:02<00:01, 2027.89it/s]
 68%|██████▊   | 5967/8810 [00:02<00:01, 2054.04it/s]
 70%|███████   | 6176/8810 [00:02<00:01, 1962.38it/s]
 73%|███████▎  | 6400/8810 [00:03<00:01, 1933.42it/s]
 76%|███████▌  | 6713/8810 [00:03<00:00, 2256.02it/s]
 79%|███████▉  | 6972/8810 [00:03<00:00, 2149.36it/s]
 82%|████████▏ | 7192/8810 [00:03<00:00, 2102.96it/s]
 84%|████████▍ | 7406/8810 [00:03<00:00, 2044.72it/s]
 86%|████████▋ | 7613/8810 [00:03<00:00, 1978.60it/s]
 89%|████████▊ | 7813/8810 [00:03<00:00, 1831.76it/s]
 91%|█████████ | 8002/8810 [00:03<00:00, 1842.85it/s]
 93%|█████████▎| 8188/8810 [00:03<00:00, 1610.28it/s]
 95%|█████████▍| 8361/8810 [00:04<00:00, 1566.23it/s]
 98%|█████████▊| 8598/8810 [00:04<00:00, 1770.53it/s]
100%|█████████▉| 8781/8810 [00:04<00:00, 1644.42it/s]
100%|██████████| 8810/8810 [00:04<00:00, 2023.15it/s]
