
  0%|          | 0/8810 [00:00<?, ?it/s]
  2%|▏         | 182/8810 [00:00<00:04, 1804.57it/s]
  6%|▌         | 487/8810 [00:00<00:03, 2533.12it/s]
  9%|▊         | 754/8810 [00:00<00:03, 2593.10it/s]
 12%|█▏        | 1014/8810 [00:00<00:03, 2510.85it/s]
 15%|█▌        | 1341/8810 [00:00<00:02, 2762.28it/s]
 18%|█▊        | 1618/8810 [00:00<00:02, 2602.78it/s]
 21%|██▏       | 1881/8810 [00:00<00:02, 2330.74it/s]
 25%|██▌       | 2222/8810 [00:00<00:02, 2631.42it/s]
 28%|██▊       | 2493/8810 [00:00<00:02, 2541.35it/s]
 31%|███       | 2753/8810 [00:01<00:02, 2499.89it/s]
 35%|███▍      | 3057/8810 [00:01<00:02, 2378.75it/s]
 37%|███▋      | 3299/8810 [00:01<00:02, 2245.69it/s]
 40%|████      | 3527/8810 [00:01<00:02, 2231.86it/s]
 43%|████▎     | 3774/8810 [00:01<00:02, 2234.86it/s]
 47%|████▋     | 4170/8810 [00:01<00:01, 2703.63it/s]
 51%|█████     | 4468/8810 [00:01<00:01, 2779.28it/s]
 54%|█████▍    | 4751/8810 [00:01<00:01, 2664.65it/s]
 57%|█████▋    | 5022/8810 [00:02<00:01, 2601.19it/s]
 61%|██████    | 5357/8810 [00:02<00:01, 2806.01it/s]
 64%|██████▍   | 5641/8810 [00:02<00:01, 2766.24it/s]
 67%|██████▋   | 5920/8810 [00:02<00:01, 2403.43it/s]
 71%|███████   | 6223/8810 [00:02<00:01, 2563.29it/s]
 74%|███████▍  | 6548/8810 [00:02<00:00, 2748.67it/s]
 79%|███████▉  | 6972/8810 [00:02<00:00, 3066.87it/s]
 83%|████████▎ | 7353/8810 [00:02<00:00, 3271.59it/s]
 87%|████████▋ | 7686/8810 [00:02<00:00, 3227.02it/s]
 91%|█████████ | 8013/8810 [00:02<00:00, 3115.80it/s]
 95%|█████████▍| 8328/8810 [00:03<00:00, 2983.96it/s]
 98%|█████████▊| 8630/8810 [00:03<00:00, 2892.59it/s]
100%|██████████| 8810/8810 [00:03<00:00, 2670.92it/s]
