
  0%|          | 0/8810 [00:00<?, ?it/s]
  2%|▏         | 181/8810 [00:00<00:05, 1451.08it/s]
  5%|▍         | 411/8810 [00:00<00:04, 1890.70it/s]
  7%|▋         | 630/8810 [00:00<00:04, 2017.79it/s]
  9%|▉         | 835/8810 [00:00<00:04, 1623.01it/s]
 11%|█▏        | 1008/8810 [00:00<00:05, 1491.54it/s]
 14%|█▎        | 1209/8810 [00:00<00:04, 1636.61it/s]
 16%|█▌        | 1409/8810 [00:00<00:04, 1738.16it/s]
 18%|█▊        | 1590/8810 [00:00<00:04, 1616.35it/s]
 21%|██        | 1807/8810 [00:01<00:03, 1766.66it/s]
 23%|██▎       | 1990/8810 [00:01<00:04, 1613.67it/s]
 25%|██▌       | 2229/8810 [00:01<00:03, 1819.92it/s]
 27%|██▋       | 2418/8810 [00:01<00:03, 1806.59it/s]
 30%|███       | 2672/8810 [00:01<00:03, 2010.11it/s]
 33%|███▎      | 2879/8810 [00:01<00:03, 1857.63it/s]
 35%|███▍      | 3071/8810 [00:01<00:03, 1705.46it/s]
 37%|███▋      | 3284/8810 [00:01<00:03, 1811.58it/s]
 39%|███▉      | 3471/8810 [00:01<00:03, 1709.62it/s]
 42%|████▏     | 3702/8810 [00:02<00:02, 1867.16it/s]
 44%|████▍     | 3894/8810 [00:02<00:02, 1799.22it/s]
 47%|████▋     | 4153/8810 [00:02<00:02, 2007.70it/s]
 49%|████▉     | 4359/8810 [00:02<00:02, 1807.15it/s]
 52%|█████▏    | 4550/8810 [00:02<00:02, 1831.49it/s]
 54%|█████▍    | 4738/8810 [00:02<00:02, 1675.05it/s]
 56%|█████▌    | 4926/8810 [00:02<00:02, 1725.41it/s]
 58%|█████▊    | 5103/8810 [00:02<00:02, 1636.66it/s]
 60%|██████    | 5325/8810 [00:03<00:01, 1789.89it/s]
 63%|██████▎   | 5509/8810 [00:03<00:01, 1691.14it/s]
 65%|██████▌   | 5748/8810 [00:03<00:01, 1878.19it/s]
 67%|██████▋   | 5941/8810 [00:03<00:01, 1639.12it/s]
 69%|██████▉   | 6113/8810 [00:03<00:01, 1636.95it/s]
 72%|███████▏  | 6333/8810 [00:03<00:01, 1782.02it/s]
 74%|███████▍  | 6517/8810 [00:03<00:01, 1691.44it/s]
 77%|███████▋  | 6794/8810 [00:03<00:01, 1979.93it/s]
 79%|███████▉  | 6999/8810 [00:03<00:00, 1876.67it/s]
 82%|████████▏ | 7192/8810 [00:04<00:00, 1831.85it/s]
 84%|████████▍ | 7379/8810 [00:04<00:00, 1778.88it/s]
 86%|████████▌ | 7560/8810 [00:04<00:00, 1785.98it/s]
 88%|████████▊ | 7741/8810 [00:04<00:00, 1714.27it/s]
 90%|█████████ | 7967/8810 [00:04<00:00, 1863.11it/s]
 93%|█████████▎| 8156/8810 [00:04<00:00, 1777.19it/s]
 95%|█████████▍| 8361/8810 [00:04<00:00, 1673.57it/s]
 98%|█████████▊| 8612/8810 [00:04<00:00, 1891.33it/s]
100%|█████████▉| 8807/8810 [00:04<00:00, 1798.79it/s]
100%|██████████| 8810/8810 [00:04<00:00, 1769.77it/s]
