
  0%|          | 0/8810 [00:00<?, ?it/s]
  2%|▏         | 181/8810 [00:00<00:04, 1791.53it/s]
  5%|▌         | 460/8810 [00:00<00:03, 2371.71it/s]
  8%|▊         | 700/8810 [00:00<00:03, 2370.92it/s]
 11%|█         | 986/8810 [00:00<00:03, 2561.41it/s]
 14%|█▍        | 1243/8810 [00:00<00:02, 2550.64it/s]
 17%|█▋        | 1499/8810 [00:00<00:03, 2317.04it/s]
 21%|██        | 1821/8810 [00:00<00:02, 2376.65it/s]
 23%|██▎       | 2061/8810 [00:00<00:02, 2325.81it/s]
 26%|██▌       | 2295/8810 [00:01<00:03, 2153.44it/s]
 30%|██▉       | 2639/8810 [00:01<00:02, 2502.39it/s]
 33%|███▎      | 2896/8810 [00:01<00:02, 2288.08it/s]
 36%|███▌      | 3132/8810 [00:01<00:02, 2161.34it/s]
 39%|███▊      | 3397/8810 [00:01<00:02, 2286.07it/s]
 41%|████      | 3631/8810 [00:01<00:02, 2286.92it/s]
 44%|████▍     | 3864/8810 [00:01<00:02, 2068.98it/s]
 47%|████▋     | 4180/8810 [00:01<00:02, 2180.84it/s]
 51%|█████     | 4476/8810 [00:01<00:01, 2380.82it/s]
 54%|█████▎    | 4720/8810 [00:02<00:01, 2129.33it/s]
 56%|█████▌    | 4941/8810 [00:02<00:01, 1955.58it/s]
 58%|█████▊    | 5143/8810 [00:02<00:01, 1947.57it/s]
 61%|██████    | 5373/8810 [00:02<00:01, 2030.52it/s]
 64%|██████▍   | 5653/8810 [00:02<00:01, 2236.70it/s]
 67%|██████▋   | 5882/8810 [00:02<00:01, 2238.26it/s]
 69%|██████▉   | 6110/8810 [00:02<00:01, 2038.81it/s]
 73%|███████▎  | 6400/8810 [00:02<00:01, 2106.82it/s]
 77%|███████▋  | 6750/8810 [00:02<00:00, 2471.86it/s]
 80%|███████▉  | 7005/8810 [00:03<00:00, 2406.88it/s]
 82%|████████▏ | 7259/8810 [00:03<00:00, 2441.77it/s]
 85%|████████▌ | 7508/8810 [00:03<00:00, 2328.41it/s]
 88%|████████▊ | 7747/8810 [00:03<00:00, 2343.45it/s]
 91%|█████████ | 7984/8810 [00:03<00:00, 2335.31it/s]
 93%|█████████▎| 8220/8810 [00:03<00:00, 2183.83it/s]
 96%|█████████▌| 8442/8810 [00:03<00:00, 2151.54it/s]
 99%|█████████▉| 8702/8810 [00:03<00:00, 2211.01it/s]
100%|██████████| 8810/8810 [00:03<00:00, 2253.57it/s]
