
  0%|          | 0/8810 [00:00<?, ?it/s]
  2%|▏         | 185/8810 [00:00<00:04, 1834.38it/s]
  5%|▍         | 434/8810 [00:00<00:03, 2211.56it/s]
  7%|▋         | 657/8810 [00:00<00:03, 2204.34it/s]
 10%|█         | 912/8810 [00:00<00:03, 2334.49it/s]
 13%|█▎        | 1146/8810 [00:00<00:03, 2278.09it/s]
 16%|█▋        | 1439/8810 [00:00<00:02, 2492.04it/s]
 19%|█▉        | 1689/8810 [00:00<00:03, 2276.68it/s]
 22%|██▏       | 1921/8810 [00:00<00:03, 2179.64it/s]
 24%|██▍       | 2155/8810 [00:00<00:02, 2223.40it/s]
 27%|██▋       | 2380/8810 [00:01<00:03, 2129.00it/s]
 31%|███       | 2729/8810 [00:01<00:02, 2514.35it/s]
 34%|███▍      | 2985/8810 [00:01<00:02, 2209.38it/s]
 36%|███▋      | 3215/8810 [00:01<00:02, 1917.00it/s]
 39%|███▉      | 3419/8810 [00:01<00:02, 1857.69it/s]
 42%|████▏     | 3709/8810 [00:01<00:02, 2118.33it/s]
 45%|████▍     | 3932/8810 [00:01<00:02, 2034.26it/s]
 48%|████▊     | 4187/8810 [00:01<00:02, 2168.31it/s]
 51%|█████     | 4485/8810 [00:02<00:01, 2385.71it/s]
 54%|█████▎    | 4731/8810 [00:02<00:01, 2231.78it/s]
 56%|█████▋    | 4961/8810 [00:02<00:01, 2074.66it/s]
 59%|█████▊    | 5175/8810 [00:02<00:01, 2060.88it/s]
 61%|██████    | 5386/8810 [00:02<00:01, 2033.72it/s]
 64%|██████▍   | 5633/8810 [00:02<00:01, 2150.84it/s]
 66%|██████▋   | 5851/8810 [00:02<00:01, 2084.24it/s]
 69%|██████▉   | 6062/8810 [00:02<00:01, 1933.13it/s]
 72%|███████▏  | 6316/8810 [00:02<00:01, 2095.63it/s]
 74%|███████▍  | 6530/8810 [00:03<00:01, 1949.52it/s]
 78%|███████▊  | 6863/8810 [00:03<00:00, 2320.03it/s]
 81%|████████  | 7103/8810 [00:03<00:00, 2208.53it/s]
 84%|████████▎ | 7360/8810 [00:03<00:00, 2201.06it/s]
 86%|████████▋ | 7601/8810 [00:03<00:00, 2256.92it/s]
 89%|████████▉ | 7831/8810 [00:03<00:00, 2023.45it/s]
 91%|█████████▏| 8040/8810 [00:03<00:00, 1941.39it/s]
 94%|█████████▍| 8321/8810 [00:03<00:00, 2167.11it/s]
 97%|█████████▋| 8544/8810 [00:03<00:00, 2120.60it/s]
 99%|█████████▉| 8761/8810 [00:04<00:00, 2021.67it/s]
100%|██████████| 8810/8810 [00:04<00:00, 2136.54it/s]
