
  0%|          | 0/8810 [00:00<?, ?it/s]
  2%|▏         | 181/8810 [00:00<00:06, 1369.75it/s]
  5%|▍         | 421/8810 [00:00<00:04, 1894.83it/s]
  7%|▋         | 628/8810 [00:00<00:04, 1964.25it/s]
  9%|▉         | 829/8810 [00:00<00:04, 1702.31it/s]
 11%|█▏        | 1006/8810 [00:00<00:04, 1574.06it/s]
 14%|█▍        | 1227/8810 [00:00<00:04, 1751.83it/s]
 16%|█▋        | 1451/8810 [00:00<00:03, 1892.23it/s]
 19%|█▊        | 1646/8810 [00:00<00:04, 1747.96it/s]
 21%|██        | 1826/8810 [00:01<00:04, 1678.27it/s]
 23%|██▎       | 2018/8810 [00:01<00:03, 1743.77it/s]
 25%|██▌       | 2225/8810 [00:01<00:03, 1834.35it/s]
 27%|██▋       | 2412/8810 [00:01<00:03, 1678.95it/s]
 30%|███       | 2657/8810 [00:01<00:03, 1885.40it/s]
 32%|███▏      | 2851/8810 [00:01<00:03, 1720.17it/s]
 34%|███▍      | 3039/8810 [00:01<00:03, 1761.20it/s]
 37%|███▋      | 3220/8810 [00:01<00:03, 1553.72it/s]
 39%|███▊      | 3400/8810 [00:01<00:03, 1614.36it/s]
 40%|████      | 3568/8810 [00:02<00:03, 1548.62it/s]
 43%|████▎     | 3774/8810 [00:02<00:03, 1588.63it/s]
 45%|████▌     | 3978/8810 [00:02<00:02, 1706.52it/s]
 47%|████▋     | 4180/8810 [00:02<00:02, 1676.28it/s]
 50%|████▉     | 4362/8810 [00:02<00:02, 1708.39it/s]
 52%|█████▏    | 4549/8810 [00:02<00:02, 1752.25it/s]
 54%|█████▎    | 4727/8810 [00:02<00:02, 1539.99it/s]
 56%|█████▌    | 4900/8810 [00:02<00:02, 1586.54it/s]
 57%|█████▋    | 5064/8810 [00:03<00:02, 1475.79it/s]
 60%|█████▉    | 5251/8810 [00:03<00:02, 1575.52it/s]
 61%|██████▏   | 5413/8810 [00:03<00:02, 1478.28it/s]
 64%|██████▎   | 5609/8810 [00:03<00:01, 1600.53it/s]
 66%|██████▌   | 5773/8810 [00:03<00:02, 1502.72it/s]
 67%|██████▋   | 5927/8810 [00:03<00:02, 1406.00it/s]
 69%|██████▉   | 6071/8810 [00:03<00:02, 1349.45it/s]
 71%|███████   | 6223/8810 [00:03<00:01, 1390.11it/s]
 72%|███████▏  | 6386/8810 [00:03<00:01, 1452.70it/s]
 74%|███████▍  | 6534/8810 [00:04<00:01, 1355.15it/s]
 76%|███████▋  | 6731/8810 [00:04<00:01, 1518.76it/s]
 78%|███████▊  | 6904/8810 [00:04<00:01, 1573.85it/s]
 80%|████████  | 7065/8810 [00:04<00:01, 1457.32it/s]
 82%|████████▏ | 7215/8810 [00:04<00:01, 1450.38it/s]
 84%|████████▎ | 7363/8810 [00:04<00:01, 1400.76it/s]
 85%|████████▌ | 7505/8810 [00:04<00:00, 1372.28it/s]
 87%|████████▋ | 7672/8810 [00:04<00:00, 1452.44it/s]
 89%|████████▉ | 7819/8810 [00:04<00:00, 1325.30it/s]
 91%|█████████ | 7979/8810 [00:05<00:00, 1397.44it/s]
 92%|█████████▏| 8122/8810 [00:05<00:00, 1267.14it/s]
 94%|█████████▍| 8276/8810 [00:05<00:00, 1337.03it/s]
 96%|█████████▌| 8414/8810 [00:05<00:00, 1262.87it/s]
 98%|█████████▊| 8601/8810 [00:05<00:00, 1418.98it/s]
 99%|█████████▉| 8747/8810 [00:05<00:00, 1348.43it/s]
100%|██████████| 8810/8810 [00:05<00:00, 1549.92it/s]
