
  0%|          | 0/8810 [00:00<?, ?it/s]
  2%|▏         | 165/8810 [00:00<00:05, 1645.24it/s]
  4%|▎         | 330/8810 [00:00<00:05, 1509.22it/s]
  6%|▌         | 534/8810 [00:00<00:04, 1738.92it/s]
  8%|▊         | 710/8810 [00:00<00:05, 1501.47it/s]
 10%|▉         | 865/8810 [00:00<00:05, 1449.18it/s]
 11%|█▏        | 1013/8810 [00:00<00:05, 1389.60it/s]
 13%|█▎        | 1181/8810 [00:00<00:05, 1474.10it/s]
 15%|█▌        | 1354/8810 [00:00<00:04, 1545.24it/s]
 17%|█▋        | 1511/8810 [00:01<00:04, 1473.28it/s]
 19%|█▉        | 1695/8810 [00:01<00:04, 1576.59it/s]
 21%|██        | 1855/8810 [00:01<00:04, 1419.43it/s]
 23%|██▎       | 2039/8810 [00:01<00:04, 1532.95it/s]
 25%|██▌       | 2234/8810 [00:01<00:03, 1647.50it/s]
 27%|██▋       | 2403/8810 [00:01<00:04, 1579.90it/s]
 30%|███       | 2643/8810 [00:01<00:03, 1803.08it/s]
 32%|███▏      | 2828/8810 [00:01<00:03, 1603.94it/s]
 34%|███▍      | 3020/8810 [00:01<00:03, 1685.51it/s]
 36%|███▋      | 3195/8810 [00:02<00:03, 1594.45it/s]
 39%|███▊      | 3393/8810 [00:02<00:03, 1694.52it/s]
 40%|████      | 3567/8810 [00:02<00:03, 1596.32it/s]
 43%|████▎     | 3774/8810 [00:02<00:03, 1599.47it/s]
 45%|████▌     | 3972/8810 [00:02<00:02, 1696.59it/s]
 47%|████▋     | 4180/8810 [00:02<00:02, 1669.46it/s]
 50%|████▉     | 4361/8810 [00:02<00:02, 1706.75it/s]
 52%|█████▏    | 4542/8810 [00:02<00:02, 1734.19it/s]
 54%|█████▎    | 4718/8810 [00:02<00:02, 1525.66it/s]
 56%|█████▌    | 4892/8810 [00:03<00:02, 1580.52it/s]
 57%|█████▋    | 5055/8810 [00:03<00:02, 1468.19it/s]
 60%|█████▉    | 5242/8810 [00:03<00:02, 1571.25it/s]
 61%|██████▏   | 5404/8810 [00:03<00:02, 1497.63it/s]
 64%|██████▍   | 5625/8810 [00:03<00:01, 1688.47it/s]
 66%|██████▌   | 5799/8810 [00:03<00:01, 1617.85it/s]
 68%|██████▊   | 5965/8810 [00:03<00:01, 1586.54it/s]
 70%|██████▉   | 6126/8810 [00:03<00:01, 1517.78it/s]
 72%|███████▏  | 6305/8810 [00:03<00:01, 1586.69it/s]
 73%|███████▎  | 6466/8810 [00:04<00:01, 1497.10it/s]
 76%|███████▌  | 6670/8810 [00:04<00:01, 1638.59it/s]
 78%|███████▊  | 6904/8810 [00:04<00:01, 1829.78it/s]
 80%|████████  | 7091/8810 [00:04<00:01, 1615.47it/s]
 82%|████████▏ | 7259/8810 [00:04<00:00, 1608.06it/s]
 84%|████████▍ | 7425/8810 [00:04<00:00, 1586.19it/s]
 86%|████████▌ | 7587/8810 [00:04<00:00, 1525.79it/s]
 88%|████████▊ | 7742/8810 [00:04<00:00, 1400.92it/s]
 90%|████████▉ | 7894/8810 [00:05<00:00, 1430.10it/s]
 91%|█████████▏| 8040/8810 [00:05<00:00, 1307.55it/s]
 93%|█████████▎| 8213/8810 [00:05<00:00, 1412.44it/s]
 95%|█████████▍| 8361/8810 [00:05<00:00, 1364.71it/s]
 97%|█████████▋| 8541/8810 [00:05<00:00, 1479.38it/s]
 99%|█████████▉| 8702/8810 [00:05<00:00, 1407.27it/s]
100%|██████████| 8810/8810 [00:05<00:00, 1559.06it/s]
