
  0%|          | 0/8810 [00:00<?, ?it/s]
  2%|▏         | 181/8810 [00:00<00:06, 1426.17it/s]
  5%|▍         | 427/8810 [00:00<00:04, 1957.24it/s]
  7%|▋         | 656/8810 [00:00<00:04, 1887.52it/s]
 10%|▉         | 849/8810 [00:00<00:04, 1893.94it/s]
 12%|█▏        | 1041/8810 [00:00<00:04, 1755.30it/s]
 14%|█▍        | 1248/8810 [00:00<00:04, 1851.57it/s]
 16%|█▋        | 1453/8810 [00:00<00:03, 1910.75it/s]
 19%|█▊        | 1647/8810 [00:00<00:04, 1693.91it/s]
 21%|██        | 1822/8810 [00:01<00:04, 1586.81it/s]
 23%|██▎       | 1985/8810 [00:01<00:04, 1595.16it/s]
 25%|██▍       | 2195/8810 [00:01<00:03, 1725.52it/s]
 27%|██▋       | 2371/8810 [00:01<00:04, 1490.35it/s]
 30%|██▉       | 2615/8810 [00:01<00:03, 1731.02it/s]
 32%|███▏      | 2798/8810 [00:01<00:03, 1556.05it/s]
 34%|███▎      | 2963/8810 [00:01<00:03, 1566.25it/s]
 35%|███▌      | 3126/8810 [00:01<00:03, 1421.98it/s]
 37%|███▋      | 3275/8810 [00:02<00:03, 1407.99it/s]
 39%|███▉      | 3420/8810 [00:02<00:04, 1338.77it/s]
 41%|████      | 3586/8810 [00:02<00:03, 1419.80it/s]
 43%|████▎     | 3774/8810 [00:02<00:03, 1393.45it/s]
 45%|████▍     | 3953/8810 [00:02<00:03, 1495.77it/s]
 47%|████▋     | 4170/8810 [00:02<00:02, 1673.86it/s]
 49%|████▉     | 4342/8810 [00:02<00:02, 1550.16it/s]
 51%|█████     | 4506/8810 [00:02<00:02, 1570.87it/s]
 53%|█████▎    | 4667/8810 [00:02<00:02, 1415.00it/s]
 55%|█████▍    | 4814/8810 [00:03<00:02, 1358.36it/s]
 56%|█████▌    | 4954/8810 [00:03<00:03, 1136.88it/s]
 58%|█████▊    | 5114/8810 [00:03<00:02, 1244.88it/s]
 60%|█████▉    | 5269/8810 [00:03<00:02, 1316.29it/s]
 61%|██████▏   | 5408/8810 [00:03<00:02, 1204.80it/s]
 63%|██████▎   | 5584/8810 [00:03<00:02, 1345.56it/s]
 65%|██████▌   | 5754/8810 [00:03<00:02, 1312.85it/s]
 67%|██████▋   | 5901/8810 [00:03<00:02, 1347.22it/s]
 69%|██████▊   | 6040/8810 [00:04<00:02, 1237.62it/s]
 70%|███████   | 6207/8810 [00:04<00:01, 1347.25it/s]
 72%|███████▏  | 6377/8810 [00:04<00:01, 1438.74it/s]
 74%|███████▍  | 6525/8810 [00:04<00:01, 1271.95it/s]
 76%|███████▋  | 6732/8810 [00:04<00:01, 1476.11it/s]
 79%|███████▊  | 6932/8810 [00:04<00:01, 1615.90it/s]
 81%|████████  | 7101/8810 [00:04<00:01, 1454.82it/s]
 82%|████████▏ | 7254/8810 [00:04<00:01, 1446.36it/s]
 84%|████████▍ | 7404/8810 [00:04<00:01, 1401.54it/s]
 86%|████████▌ | 7548/8810 [00:05<00:00, 1310.91it/s]
 88%|████████▊ | 7715/8810 [00:05<00:00, 1272.02it/s]
 89%|████████▉ | 7845/8810 [00:05<00:00, 1227.40it/s]
 91%|█████████ | 7992/8810 [00:05<00:00, 1288.17it/s]
 92%|█████████▏| 8123/8810 [00:05<00:00, 1175.23it/s]
 94%|█████████▍| 8273/8810 [00:05<00:00, 1257.15it/s]
 95%|█████████▌| 8402/8810 [00:05<00:00, 1196.57it/s]
 97%|█████████▋| 8588/8810 [00:05<00:00, 1372.66it/s]
 99%|█████████▉| 8730/8810 [00:06<00:00, 1267.59it/s]
100%|██████████| 8810/8810 [00:06<00:00, 1442.14it/s]
