
  0%|          | 0/8810 [00:00<?, ?it/s]
  2%|▏         | 181/8810 [00:00<00:05, 1469.28it/s]
  4%|▍         | 383/8810 [00:00<00:04, 1764.41it/s]
  7%|▋         | 590/8810 [00:00<00:04, 1889.18it/s]
  9%|▉         | 782/8810 [00:00<00:05, 1584.79it/s]
 11%|█         | 954/8810 [00:00<00:04, 1626.11it/s]
 13%|█▎        | 1122/8810 [00:00<00:05, 1531.94it/s]
 15%|█▌        | 1330/8810 [00:00<00:04, 1689.88it/s]
 17%|█▋        | 1504/8810 [00:00<00:04, 1504.16it/s]
 19%|█▉        | 1711/8810 [00:01<00:04, 1653.69it/s]
 21%|██▏       | 1883/8810 [00:01<00:04, 1427.30it/s]
 23%|██▎       | 2068/8810 [00:01<00:04, 1532.37it/s]
 25%|██▌       | 2236/8810 [00:01<00:04, 1569.66it/s]
 27%|██▋       | 2400/8810 [00:01<00:04, 1478.13it/s]
 30%|██▉       | 2639/8810 [00:01<00:03, 1719.50it/s]
 32%|███▏      | 2818/8810 [00:01<00:03, 1563.13it/s]
 34%|███▍      | 3005/8810 [00:01<00:03, 1639.35it/s]
 36%|███▌      | 3175/8810 [00:02<00:03, 1501.05it/s]
 38%|███▊      | 3336/8810 [00:02<00:03, 1528.33it/s]
 40%|███▉      | 3494/8810 [00:02<00:03, 1394.41it/s]
 42%|████▏     | 3686/8810 [00:02<00:03, 1529.72it/s]
 44%|████▎     | 3845/8810 [00:02<00:03, 1414.29it/s]
 46%|████▌     | 4070/8810 [00:02<00:02, 1632.13it/s]
 48%|████▊     | 4240/8810 [00:02<00:02, 1576.82it/s]
 51%|█████     | 4450/8810 [00:02<00:02, 1716.44it/s]
 53%|█████▎    | 4627/8810 [00:02<00:02, 1498.78it/s]
 54%|█████▍    | 4785/8810 [00:03<00:02, 1450.86it/s]
 56%|█████▌    | 4936/8810 [00:03<00:02, 1315.05it/s]
 58%|█████▊    | 5123/8810 [00:03<00:02, 1450.28it/s]
 60%|██████    | 5314/8810 [00:03<00:02, 1567.83it/s]
 62%|██████▏   | 5477/8810 [00:03<00:02, 1423.39it/s]
 65%|██████▍   | 5688/8810 [00:03<00:01, 1600.21it/s]
 66%|██████▋   | 5856/8810 [00:03<00:01, 1489.05it/s]
 68%|██████▊   | 6011/8810 [00:03<00:01, 1445.73it/s]
 70%|██████▉   | 6160/8810 [00:04<00:01, 1412.53it/s]
 72%|███████▏  | 6365/8810 [00:04<00:01, 1582.25it/s]
 74%|███████▍  | 6528/8810 [00:04<00:01, 1453.19it/s]
 77%|███████▋  | 6763/8810 [00:04<00:01, 1688.49it/s]
 79%|███████▉  | 6972/8810 [00:04<00:01, 1674.78it/s]
 81%|████████  | 7144/8810 [00:04<00:00, 1672.00it/s]
 83%|████████▎ | 7315/8810 [00:04<00:00, 1678.80it/s]
 85%|████████▍ | 7486/8810 [00:04<00:00, 1490.98it/s]
 87%|████████▋ | 7650/8810 [00:04<00:00, 1528.98it/s]
 89%|████████▊ | 7807/8810 [00:05<00:00, 1434.43it/s]
 90%|█████████ | 7973/8810 [00:05<00:00, 1488.54it/s]
 92%|█████████▏| 8125/8810 [00:05<00:00, 1307.54it/s]
 94%|█████████▍| 8291/8810 [00:05<00:00, 1396.25it/s]
 96%|█████████▌| 8436/8810 [00:05<00:00, 1303.34it/s]
 98%|█████████▊| 8611/8810 [00:05<00:00, 1418.52it/s]
 99%|█████████▉| 8758/8810 [00:05<00:00, 1335.89it/s]
100%|██████████| 8810/8810 [00:05<00:00, 1515.79it/s]
