
  0%|          | 0/8810 [00:00<?, ?it/s]
  2%|▏         | 181/8810 [00:00<00:04, 1726.11it/s]
  4%|▍         | 358/8810 [00:00<00:04, 1748.07it/s]
  7%|▋         | 648/8810 [00:00<00:03, 2266.40it/s]
 10%|▉         | 876/8810 [00:00<00:03, 2149.55it/s]
 12%|█▏        | 1093/8810 [00:00<00:03, 2107.64it/s]
 15%|█▌        | 1345/8810 [00:00<00:03, 2238.65it/s]
 18%|█▊        | 1570/8810 [00:00<00:03, 2096.65it/s]
 21%|██        | 1821/8810 [00:00<00:03, 2118.34it/s]
 23%|██▎       | 2066/8810 [00:00<00:03, 2208.70it/s]
 26%|██▌       | 2289/8810 [00:01<00:03, 2081.43it/s]
 29%|██▉       | 2593/8810 [00:01<00:02, 2347.39it/s]
 32%|███▏      | 2832/8810 [00:01<00:02, 2192.42it/s]
 35%|███▍      | 3057/8810 [00:01<00:02, 2082.36it/s]
 37%|███▋      | 3285/8810 [00:01<00:02, 2129.94it/s]
 40%|███▉      | 3507/8810 [00:01<00:02, 2154.16it/s]
 43%|████▎     | 3774/8810 [00:01<00:02, 2160.36it/s]
 46%|████▋     | 4096/8810 [00:01<00:01, 2446.63it/s]
 49%|████▉     | 4345/8810 [00:01<00:01, 2365.56it/s]
 52%|█████▏    | 4625/8810 [00:02<00:01, 2290.68it/s]
 55%|█████▌    | 4857/8810 [00:02<00:01, 2102.71it/s]
 58%|█████▊    | 5071/8810 [00:02<00:01, 1883.99it/s]
 60%|██████    | 5310/8810 [00:02<00:01, 2009.15it/s]
 63%|██████▎   | 5518/8810 [00:02<00:01, 1914.12it/s]
 65%|██████▌   | 5754/8810 [00:02<00:01, 1944.35it/s]
 68%|██████▊   | 5952/8810 [00:02<00:01, 1785.64it/s]
 70%|██████▉   | 6135/8810 [00:02<00:01, 1656.57it/s]
 72%|███████▏  | 6376/8810 [00:03<00:01, 1843.97it/s]
 75%|███████▍  | 6566/8810 [00:03<00:01, 1750.39it/s]
 77%|███████▋  | 6750/8810 [00:03<00:01, 1772.84it/s]
 79%|███████▉  | 6972/8810 [00:03<00:01, 1816.84it/s]
 81%|████████▏ | 7168/8810 [00:03<00:00, 1844.71it/s]
 84%|████████▎ | 7360/8810 [00:03<00:00, 1753.71it/s]
 86%|████████▌ | 7558/8810 [00:03<00:00, 1813.56it/s]
 88%|████████▊ | 7754/8810 [00:03<00:00, 1851.98it/s]
 91%|█████████ | 7975/8810 [00:03<00:00, 1953.47it/s]
 93%|█████████▎| 8172/8810 [00:04<00:00, 1840.89it/s]
 95%|█████████▍| 8361/8810 [00:04<00:00, 1787.34it/s]
 98%|█████████▊| 8622/8810 [00:04<00:00, 2012.39it/s]
100%|██████████| 8810/8810 [00:04<00:00, 1997.10it/s]
