
  0%|          | 0/8810 [00:00<?, ?it/s]
  3%|▎         | 246/8810 [00:00<00:03, 2440.23it/s]
  7%|▋         | 624/8810 [00:00<00:02, 3219.28it/s]
 11%|█         | 947/8810 [00:00<00:03, 2593.40it/s]
 14%|█▍        | 1219/8810 [00:00<00:03, 2478.07it/s]
 17%|█▋        | 1474/8810 [00:00<00:02, 2456.85it/s]
 20%|██        | 1792/8810 [00:00<00:02, 2674.98it/s]
 23%|██▎       | 2065/8810 [00:00<00:02, 2579.05it/s]
 26%|██▋       | 2327/8810 [00:00<00:02, 2498.79it/s]
 31%|███       | 2744/8810 [00:01<00:02, 2757.58it/s]
 34%|███▍      | 3020/8810 [00:01<00:02, 2498.86it/s]
 37%|███▋      | 3273/8810 [00:01<00:02, 2355.15it/s]
 40%|████      | 3528/8810 [00:01<00:02, 2401.54it/s]
 43%|████▎     | 3803/8810 [00:01<00:02, 2492.79it/s]
 47%|████▋     | 4120/8810 [00:01<00:01, 2681.43it/s]
 50%|█████     | 4416/8810 [00:01<00:01, 2758.11it/s]
 53%|█████▎    | 4695/8810 [00:01<00:01, 2634.40it/s]
 56%|█████▋    | 4962/8810 [00:01<00:01, 2506.72it/s]
 59%|█████▉    | 5223/8810 [00:02<00:01, 2533.90it/s]
 62%|██████▏   | 5492/8810 [00:02<00:01, 2576.26it/s]
 65%|██████▌   | 5765/8810 [00:02<00:01, 2620.22it/s]
 68%|██████▊   | 6029/8810 [00:02<00:01, 2623.79it/s]
 71%|███████▏  | 6293/8810 [00:02<00:00, 2610.12it/s]
 74%|███████▍  | 6555/8810 [00:02<00:00, 2456.51it/s]
 77%|███████▋  | 6824/8810 [00:02<00:00, 2522.20it/s]
 81%|████████  | 7103/8810 [00:02<00:00, 2595.74it/s]
 84%|████████▎ | 7365/8810 [00:02<00:00, 2566.21it/s]
 87%|████████▋ | 7667/8810 [00:02<00:00, 2697.72it/s]
 90%|█████████ | 7938/8810 [00:03<00:00, 2614.45it/s]
 93%|█████████▎| 8201/8810 [00:03<00:00, 2431.18it/s]
 96%|█████████▌| 8448/8810 [00:03<00:00, 2393.25it/s]
 99%|█████████▉| 8702/8810 [00:03<00:00, 2320.90it/s]
100%|██████████| 8810/8810 [00:03<00:00, 2545.10it/s]
