
  0%|          | 0/8810 [00:00<?, ?it/s]
  2%|▏         | 185/8810 [00:00<00:04, 1849.72it/s]
  5%|▍         | 434/8810 [00:00<00:03, 2224.16it/s]
  7%|▋         | 657/8810 [00:00<00:03, 2187.84it/s]
 10%|█         | 904/8810 [00:00<00:03, 2285.77it/s]
 13%|█▎        | 1133/8810 [00:00<00:03, 2200.78it/s]
 16%|█▌        | 1415/8810 [00:00<00:03, 2396.12it/s]
 19%|█▉        | 1656/8810 [00:00<00:03, 2174.65it/s]
 21%|██▏       | 1878/8810 [00:00<00:03, 1941.65it/s]
 25%|██▍       | 2178/8810 [00:00<00:02, 2226.92it/s]
 27%|██▋       | 2410/8810 [00:01<00:03, 2119.97it/s]
 31%|███       | 2744/8810 [00:01<00:02, 2249.62it/s]
 34%|███▍      | 2986/8810 [00:01<00:02, 2289.82it/s]
 37%|███▋      | 3218/8810 [00:01<00:02, 2061.36it/s]
 39%|███▉      | 3430/8810 [00:01<00:02, 1961.07it/s]
 42%|████▏     | 3692/8810 [00:01<00:02, 2127.61it/s]
 44%|████▍     | 3910/8810 [00:01<00:02, 1971.09it/s]
 47%|████▋     | 4180/8810 [00:01<00:02, 2027.45it/s]
 51%|█████     | 4472/8810 [00:02<00:01, 2258.02it/s]
 53%|█████▎    | 4704/8810 [00:02<00:02, 2010.26it/s]
 56%|█████▌    | 4932/8810 [00:02<00:02, 1895.98it/s]
 59%|█████▉    | 5186/8810 [00:02<00:01, 2055.48it/s]
 61%|██████▏   | 5400/8810 [00:02<00:01, 1977.99it/s]
 64%|██████▍   | 5672/8810 [00:02<00:01, 2170.39it/s]
 67%|██████▋   | 5896/8810 [00:02<00:01, 2019.03it/s]
 69%|██████▉   | 6104/8810 [00:02<00:01, 1921.52it/s]
 73%|███████▎  | 6392/8810 [00:03<00:01, 2167.46it/s]
 75%|███████▌  | 6615/8810 [00:03<00:01, 2138.38it/s]
 79%|███████▊  | 6937/8810 [00:03<00:00, 2434.81it/s]
 82%|████████▏ | 7186/8810 [00:03<00:00, 2101.21it/s]
 84%|████████▍ | 7410/8810 [00:03<00:00, 2135.17it/s]
 87%|████████▋ | 7645/8810 [00:03<00:00, 2186.79it/s]
 89%|████████▉ | 7871/8810 [00:03<00:00, 1909.71it/s]
 92%|█████████▏| 8072/8810 [00:03<00:00, 1855.75it/s]
 94%|█████████▍| 8290/8810 [00:03<00:00, 1939.21it/s]
 96%|█████████▋| 8490/8810 [00:04<00:00, 1851.79it/s]
 99%|█████████▉| 8702/8810 [00:04<00:00, 1869.05it/s]
100%|██████████| 8810/8810 [00:04<00:00, 2070.72it/s]
