
  0%|          | 0/8810 [00:00<?, ?it/s]
  2%|▏         | 179/8810 [00:00<00:04, 1768.82it/s]
  4%|▍         | 356/8810 [00:00<00:05, 1446.96it/s]
  6%|▌         | 533/8810 [00:00<00:05, 1575.57it/s]
  8%|▊         | 695/8810 [00:00<00:05, 1512.16it/s]
 10%|▉         | 853/8810 [00:00<00:05, 1534.01it/s]
 11%|█▏        | 1008/8810 [00:00<00:05, 1385.98it/s]
 13%|█▎        | 1170/8810 [00:00<00:05, 1453.68it/s]
 15%|█▌        | 1341/8810 [00:00<00:04, 1520.77it/s]
 17%|█▋        | 1496/8810 [00:01<00:05, 1397.50it/s]
 19%|█▉        | 1667/8810 [00:01<00:04, 1481.63it/s]
 21%|██        | 1821/8810 [00:01<00:05, 1397.06it/s]
 22%|██▏       | 1964/8810 [00:01<00:05, 1364.40it/s]
 25%|██▍       | 2178/8810 [00:01<00:04, 1575.51it/s]
 27%|██▋       | 2339/8810 [00:01<00:04, 1414.55it/s]
 29%|██▉       | 2548/8810 [00:01<00:03, 1589.08it/s]
 31%|███       | 2744/8810 [00:01<00:04, 1505.13it/s]
 33%|███▎      | 2916/8810 [00:01<00:03, 1557.78it/s]
 35%|███▍      | 3077/8810 [00:02<00:03, 1468.24it/s]
 37%|███▋      | 3242/8810 [00:02<00:03, 1507.43it/s]
 39%|███▊      | 3410/8810 [00:02<00:03, 1441.94it/s]
 41%|████      | 3617/8810 [00:02<00:03, 1607.74it/s]
 43%|████▎     | 3782/8810 [00:02<00:03, 1514.88it/s]
 45%|████▌     | 3986/8810 [00:02<00:02, 1654.53it/s]
 47%|████▋     | 4180/8810 [00:02<00:02, 1628.85it/s]
 50%|█████     | 4411/8810 [00:02<00:02, 1812.76it/s]
 52%|█████▏    | 4597/8810 [00:02<00:02, 1720.38it/s]
 54%|█████▍    | 4773/8810 [00:03<00:02, 1562.74it/s]
 56%|█████▌    | 4934/8810 [00:03<00:02, 1461.91it/s]
 58%|█████▊    | 5123/8810 [00:03<00:02, 1569.51it/s]
 60%|██████    | 5329/8810 [00:03<00:02, 1700.65it/s]
 62%|██████▏   | 5504/8810 [00:03<00:02, 1591.90it/s]
 65%|██████▍   | 5694/8810 [00:03<00:01, 1672.94it/s]
 67%|██████▋   | 5866/8810 [00:03<00:01, 1489.95it/s]
 68%|██████▊   | 6021/8810 [00:03<00:01, 1452.37it/s]
 70%|███████   | 6171/8810 [00:04<00:01, 1380.04it/s]
 72%|███████▏  | 6376/8810 [00:04<00:01, 1551.39it/s]
 74%|███████▍  | 6536/8810 [00:04<00:01, 1409.61it/s]
 77%|███████▋  | 6749/8810 [00:04<00:01, 1593.84it/s]
 79%|███████▉  | 6946/8810 [00:04<00:01, 1690.64it/s]
 81%|████████  | 7121/8810 [00:04<00:01, 1539.13it/s]
 83%|████████▎ | 7289/8810 [00:04<00:00, 1574.48it/s]
 85%|████████▍ | 7452/8810 [00:04<00:00, 1501.87it/s]
 86%|████████▋ | 7606/8810 [00:04<00:00, 1480.82it/s]
 88%|████████▊ | 7757/8810 [00:05<00:00, 1372.75it/s]
 90%|████████▉ | 7910/8810 [00:05<00:00, 1413.41it/s]
 91%|█████████▏| 8054/8810 [00:05<00:00, 1258.69it/s]
 93%|█████████▎| 8201/8810 [00:05<00:00, 1312.03it/s]
 95%|█████████▍| 8361/8810 [00:05<00:00, 1287.97it/s]
 97%|█████████▋| 8522/8810 [00:05<00:00, 1369.83it/s]
 99%|█████████▊| 8699/8810 [00:05<00:00, 1475.42it/s]
100%|██████████| 8810/8810 [00:05<00:00, 1498.43it/s]
