
  0%|          | 0/8810 [00:00<?, ?it/s]
  2%|▏         | 181/8810 [00:00<00:05, 1488.15it/s]
  5%|▍         | 409/8810 [00:00<00:04, 1907.05it/s]
  7%|▋         | 628/8810 [00:00<00:04, 2026.87it/s]
  9%|▉         | 834/8810 [00:00<00:04, 1733.88it/s]
 12%|█▏        | 1014/8810 [00:00<00:04, 1580.76it/s]
 14%|█▍        | 1233/8810 [00:00<00:04, 1751.62it/s]
 16%|█▋        | 1440/8810 [00:00<00:03, 1844.09it/s]
 19%|█▊        | 1630/8810 [00:00<00:04, 1713.14it/s]
 21%|██        | 1821/8810 [00:01<00:04, 1677.53it/s]
 23%|██▎       | 2015/8810 [00:01<00:03, 1746.95it/s]
 25%|██▌       | 2230/8810 [00:01<00:03, 1855.77it/s]
 27%|██▋       | 2419/8810 [00:01<00:03, 1736.33it/s]
 30%|███       | 2672/8810 [00:01<00:03, 1952.79it/s]
 33%|███▎      | 2872/8810 [00:01<00:03, 1833.04it/s]
 35%|███▍      | 3060/8810 [00:01<00:03, 1627.56it/s]
 37%|███▋      | 3241/8810 [00:01<00:03, 1673.79it/s]
 39%|███▉      | 3414/8810 [00:01<00:03, 1578.44it/s]
 41%|████      | 3625/8810 [00:02<00:03, 1716.09it/s]
 43%|████▎     | 3802/8810 [00:02<00:03, 1629.63it/s]
 46%|████▌     | 4062/8810 [00:02<00:02, 1888.06it/s]
 48%|████▊     | 4257/8810 [00:02<00:02, 1754.52it/s]
 51%|█████     | 4491/8810 [00:02<00:02, 1906.03it/s]
 53%|█████▎    | 4688/8810 [00:02<00:02, 1680.51it/s]
 56%|█████▌    | 4911/8810 [00:02<00:02, 1820.63it/s]
 58%|█████▊    | 5101/8810 [00:02<00:02, 1645.31it/s]
 60%|██████    | 5288/8810 [00:03<00:02, 1699.75it/s]
 62%|██████▏   | 5465/8810 [00:03<00:02, 1558.07it/s]
 65%|██████▍   | 5684/8810 [00:03<00:01, 1719.81it/s]
 67%|██████▋   | 5863/8810 [00:03<00:01, 1619.61it/s]
 68%|██████▊   | 6031/8810 [00:03<00:01, 1627.00it/s]
 70%|███████   | 6198/8810 [00:03<00:01, 1598.43it/s]
 73%|███████▎  | 6400/8810 [00:03<00:01, 1582.05it/s]
 75%|███████▌  | 6633/8810 [00:03<00:01, 1778.13it/s]
 78%|███████▊  | 6885/8810 [00:03<00:00, 1976.07it/s]
 80%|████████  | 7087/8810 [00:04<00:00, 1831.69it/s]
 83%|████████▎ | 7293/8810 [00:04<00:00, 1891.68it/s]
 85%|████████▍ | 7487/8810 [00:04<00:00, 1722.27it/s]
 87%|████████▋ | 7700/8810 [00:04<00:00, 1828.40it/s]
 90%|████████▉ | 7888/8810 [00:04<00:00, 1594.45it/s]
 91%|█████████▏| 8056/8810 [00:04<00:00, 1429.72it/s]
 93%|█████████▎| 8234/8810 [00:04<00:00, 1510.36it/s]
 95%|█████████▌| 8393/8810 [00:04<00:00, 1448.77it/s]
 98%|█████████▊| 8602/8810 [00:05<00:00, 1612.35it/s]
100%|█████████▉| 8770/8810 [00:05<00:00, 1517.01it/s]
100%|██████████| 8810/8810 [00:05<00:00, 1696.26it/s]
