
  0%|          | 0/8810 [00:00<?, ?it/s]
  2%|▏         | 181/8810 [00:00<00:05, 1451.92it/s]
  5%|▍         | 417/8810 [00:00<00:04, 1933.21it/s]
  7%|▋         | 656/8810 [00:00<00:04, 1835.07it/s]
 10%|▉         | 855/8810 [00:00<00:04, 1882.94it/s]
 12%|█▏        | 1047/8810 [00:00<00:04, 1690.25it/s]
 14%|█▍        | 1271/8810 [00:00<00:04, 1849.16it/s]
 17%|█▋        | 1461/8810 [00:00<00:04, 1680.18it/s]
 19%|█▉        | 1689/8810 [00:00<00:03, 1845.33it/s]
 21%|██▏       | 1880/8810 [00:01<00:04, 1684.74it/s]
 24%|██▍       | 2115/8810 [00:01<00:03, 1862.31it/s]
 26%|██▌       | 2308/8810 [00:01<00:03, 1678.52it/s]
 29%|██▊       | 2513/8810 [00:01<00:03, 1770.42it/s]
 31%|███       | 2744/8810 [00:01<00:03, 1728.66it/s]
 33%|███▎      | 2929/8810 [00:01<00:03, 1756.34it/s]
 35%|███▌      | 3109/8810 [00:01<00:03, 1639.83it/s]
 37%|███▋      | 3280/8810 [00:01<00:03, 1658.09it/s]
 39%|███▉      | 3449/8810 [00:02<00:03, 1545.84it/s]
 41%|████      | 3633/8810 [00:02<00:03, 1622.36it/s]
 43%|████▎     | 3799/8810 [00:02<00:03, 1525.53it/s]
 45%|████▍     | 3957/8810 [00:02<00:03, 1535.56it/s]
 47%|████▋     | 4178/8810 [00:02<00:02, 1720.07it/s]
 49%|████▉     | 4353/8810 [00:02<00:02, 1574.89it/s]
 51%|█████▏    | 4535/8810 [00:02<00:02, 1636.70it/s]
 53%|█████▎    | 4703/8810 [00:02<00:02, 1452.96it/s]
 55%|█████▌    | 4887/8810 [00:02<00:02, 1552.74it/s]
 57%|█████▋    | 5048/8810 [00:03<00:02, 1461.78it/s]
 59%|█████▉    | 5224/8810 [00:03<00:02, 1538.70it/s]
 61%|██████    | 5382/8810 [00:03<00:02, 1444.61it/s]
 63%|██████▎   | 5552/8810 [00:03<00:02, 1512.14it/s]
 65%|██████▌   | 5736/8810 [00:03<00:01, 1602.31it/s]
 67%|██████▋   | 5900/8810 [00:03<00:02, 1290.10it/s]
 69%|██████▊   | 6041/8810 [00:03<00:02, 1209.23it/s]
 71%|███████   | 6231/8810 [00:03<00:01, 1373.72it/s]
 73%|███████▎  | 6400/8810 [00:04<00:01, 1339.70it/s]
 75%|███████▍  | 6571/8810 [00:04<00:01, 1428.89it/s]
 77%|███████▋  | 6770/8810 [00:04<00:01, 1574.51it/s]
 79%|███████▊  | 6934/8810 [00:04<00:01, 1544.67it/s]
 81%|████████  | 7093/8810 [00:04<00:01, 1132.45it/s]
 82%|████████▏ | 7225/8810 [00:04<00:01, 1009.88it/s]
 83%|████████▎ | 7340/8810 [00:04<00:01, 993.74it/s] 
 85%|████████▍ | 7449/8810 [00:05<00:01, 861.38it/s]
 86%|████████▌ | 7544/8810 [00:05<00:01, 780.39it/s]
 87%|████████▋ | 7642/8810 [00:05<00:01, 819.63it/s]
 88%|████████▊ | 7730/8810 [00:05<00:01, 636.97it/s]
 89%|████████▊ | 7803/8810 [00:05<00:01, 545.89it/s]
 89%|████████▉ | 7865/8810 [00:05<00:01, 547.45it/s]
 90%|█████████ | 7931/8810 [00:05<00:01, 569.99it/s]
 91%|█████████ | 7993/8810 [00:06<00:01, 516.29it/s]
 91%|█████████▏| 8049/8810 [00:06<00:02, 363.91it/s]
 92%|█████████▏| 8094/8810 [00:06<00:01, 375.97it/s]
 92%|█████████▏| 8138/8810 [00:06<00:01, 365.94it/s]
 93%|█████████▎| 8185/8810 [00:06<00:01, 385.91it/s]
 93%|█████████▎| 8228/8810 [00:06<00:01, 344.62it/s]
 94%|█████████▍| 8276/8810 [00:07<00:01, 373.33it/s]
 94%|█████████▍| 8320/8810 [00:07<00:01, 386.77it/s]
 95%|█████████▍| 8362/8810 [00:07<00:01, 353.25it/s]
 96%|█████████▌| 8431/8810 [00:07<00:00, 435.52it/s]
 97%|█████████▋| 8526/8810 [00:07<00:00, 568.66it/s]
 98%|█████████▊| 8623/8810 [00:07<00:00, 672.01it/s]
 99%|█████████▉| 8702/8810 [00:07<00:00, 619.32it/s]
100%|█████████▉| 8802/8810 [00:07<00:00, 716.67it/s]
100%|██████████| 8810/8810 [00:07<00:00, 1123.82it/s]
