
  0%|          | 0/8810 [00:00<?, ?it/s]
  2%|▏         | 181/8810 [00:00<00:05, 1596.74it/s]
  5%|▍         | 435/8810 [00:00<00:03, 2104.17it/s]
  7%|▋         | 656/8810 [00:00<00:03, 2050.34it/s]
 10%|█         | 885/8810 [00:00<00:03, 2137.34it/s]
 12%|█▏        | 1101/8810 [00:00<00:04, 1923.34it/s]
 15%|█▍        | 1310/8810 [00:00<00:03, 1970.39it/s]
 17%|█▋        | 1510/8810 [00:00<00:03, 1829.08it/s]
 20%|██        | 1766/8810 [00:00<00:03, 2037.65it/s]
 22%|██▏       | 1975/8810 [00:01<00:03, 1846.06it/s]
 25%|██▌       | 2231/8810 [00:01<00:03, 2039.95it/s]
 28%|██▊       | 2442/8810 [00:01<00:03, 1955.10it/s]
 30%|███       | 2677/8810 [00:01<00:02, 2062.22it/s]
 33%|███▎      | 2888/8810 [00:01<00:03, 1951.42it/s]
 35%|███▌      | 3087/8810 [00:01<00:03, 1819.57it/s]
 37%|███▋      | 3273/8810 [00:01<00:03, 1781.60it/s]
 39%|███▉      | 3454/8810 [00:01<00:03, 1693.10it/s]
 42%|████▏     | 3661/8810 [00:01<00:02, 1790.94it/s]
 44%|████▎     | 3843/8810 [00:02<00:02, 1713.89it/s]
 46%|████▋     | 4096/8810 [00:02<00:02, 1936.18it/s]
 49%|████▊     | 4294/8810 [00:02<00:02, 1865.41it/s]
 51%|█████▏    | 4525/8810 [00:02<00:02, 1988.57it/s]
 54%|█████▎    | 4727/8810 [00:02<00:02, 1792.70it/s]
 56%|█████▌    | 4912/8810 [00:02<00:02, 1802.77it/s]
 58%|█████▊    | 5097/8810 [00:02<00:02, 1630.19it/s]
 60%|██████    | 5315/8810 [00:02<00:01, 1772.51it/s]
 62%|██████▏   | 5498/8810 [00:02<00:01, 1688.79it/s]
 65%|██████▌   | 5746/8810 [00:03<00:01, 1899.50it/s]
 67%|██████▋   | 5942/8810 [00:03<00:01, 1669.63it/s]
 69%|██████▉   | 6118/8810 [00:03<00:01, 1586.15it/s]
 72%|███████▏  | 6333/8810 [00:03<00:01, 1724.76it/s]
 74%|███████▍  | 6512/8810 [00:03<00:01, 1640.63it/s]
 77%|███████▋  | 6791/8810 [00:03<00:01, 1942.15it/s]
 79%|███████▉  | 6993/8810 [00:03<00:00, 1914.28it/s]
 82%|████████▏ | 7202/8810 [00:03<00:00, 1961.76it/s]
 84%|████████▍ | 7403/8810 [00:03<00:00, 1929.46it/s]
 86%|████████▋ | 7599/8810 [00:04<00:00, 1916.45it/s]
 88%|████████▊ | 7793/8810 [00:04<00:00, 1789.77it/s]
 91%|█████████ | 8005/8810 [00:04<00:00, 1876.77it/s]
 93%|█████████▎| 8196/8810 [00:04<00:00, 1688.05it/s]
 95%|█████████▌| 8370/8810 [00:04<00:00, 1617.28it/s]
 98%|█████████▊| 8604/8810 [00:04<00:00, 1805.49it/s]
100%|█████████▉| 8790/8810 [00:04<00:00, 1730.63it/s]
100%|██████████| 8810/8810 [00:04<00:00, 1830.72it/s]
