
  0%|          | 0/8810 [00:00<?, ?it/s]
  2%|▏         | 181/8810 [00:00<00:05, 1535.56it/s]
  5%|▍         | 435/8810 [00:00<00:04, 2080.43it/s]
  7%|▋         | 656/8810 [00:00<00:04, 1898.16it/s]
 10%|▉         | 850/8810 [00:00<00:04, 1802.08it/s]
 12%|█▏        | 1033/8810 [00:00<00:04, 1654.38it/s]
 14%|█▍        | 1250/8810 [00:00<00:04, 1803.78it/s]
 17%|█▋        | 1457/8810 [00:00<00:04, 1732.54it/s]
 19%|█▉        | 1659/8810 [00:00<00:03, 1810.42it/s]
 21%|██        | 1844/8810 [00:01<00:04, 1684.46it/s]
 23%|██▎       | 2068/8810 [00:01<00:03, 1828.83it/s]
 26%|██▌       | 2263/8810 [00:01<00:03, 1746.37it/s]
 29%|██▊       | 2515/8810 [00:01<00:03, 1955.19it/s]
 31%|███       | 2724/8810 [00:01<00:03, 1988.12it/s]
 33%|███▎      | 2927/8810 [00:01<00:03, 1639.14it/s]
 35%|███▌      | 3103/8810 [00:01<00:03, 1606.88it/s]
 37%|███▋      | 3272/8810 [00:01<00:03, 1618.98it/s]
 39%|███▉      | 3440/8810 [00:01<00:03, 1615.82it/s]
 41%|████      | 3631/8810 [00:02<00:03, 1693.01it/s]
 43%|████▎     | 3804/8810 [00:02<00:03, 1629.69it/s]
 46%|████▌     | 4046/8810 [00:02<00:02, 1846.25it/s]
 48%|████▊     | 4235/8810 [00:02<00:02, 1747.29it/s]
 50%|█████     | 4445/8810 [00:02<00:02, 1843.87it/s]
 53%|█████▎    | 4633/8810 [00:02<00:02, 1644.32it/s]
 55%|█████▍    | 4822/8810 [00:02<00:02, 1707.94it/s]
 57%|█████▋    | 4998/8810 [00:02<00:02, 1629.87it/s]
 59%|█████▉    | 5220/8810 [00:02<00:02, 1785.72it/s]
 61%|██████▏   | 5403/8810 [00:03<00:02, 1693.76it/s]
 64%|██████▍   | 5637/8810 [00:03<00:01, 1867.53it/s]
 66%|██████▌   | 5828/8810 [00:03<00:01, 1834.73it/s]
 68%|██████▊   | 6015/8810 [00:03<00:01, 1775.58it/s]
 70%|███████   | 6195/8810 [00:03<00:01, 1623.81it/s]
 72%|███████▏  | 6366/8810 [00:03<00:01, 1639.89it/s]
 74%|███████▍  | 6533/8810 [00:03<00:01, 1531.22it/s]
 77%|███████▋  | 6780/8810 [00:03<00:01, 1779.21it/s]
 79%|███████▉  | 6972/8810 [00:04<00:01, 1773.53it/s]
 81%|████████▏ | 7170/8810 [00:04<00:00, 1823.01it/s]
 84%|████████▎ | 7360/8810 [00:04<00:00, 1786.11it/s]
 86%|████████▌ | 7541/8810 [00:04<00:00, 1728.44it/s]
 88%|████████▊ | 7716/8810 [00:04<00:00, 1714.71it/s]
 90%|████████▉ | 7911/8810 [00:04<00:00, 1775.82it/s]
 92%|█████████▏| 8090/8810 [00:04<00:00, 1579.74it/s]
 94%|█████████▍| 8280/8810 [00:04<00:00, 1664.17it/s]
 96%|█████████▌| 8451/8810 [00:04<00:00, 1602.06it/s]
 98%|█████████▊| 8671/8810 [00:04<00:00, 1764.27it/s]
100%|██████████| 8810/8810 [00:05<00:00, 1728.62it/s]
