
  0%|          | 0/8810 [00:00<?, ?it/s]
  2%|▏         | 181/8810 [00:00<00:05, 1717.79it/s]
  7%|▋         | 591/8810 [00:00<00:02, 3087.45it/s]
 10%|█         | 903/8810 [00:00<00:02, 2693.76it/s]
 13%|█▎        | 1180/8810 [00:00<00:02, 2654.77it/s]
 17%|█▋        | 1457/8810 [00:00<00:02, 2636.77it/s]
 20%|██        | 1805/8810 [00:00<00:02, 2903.91it/s]
 24%|██▍       | 2099/8810 [00:00<00:02, 2614.23it/s]
 27%|██▋       | 2367/8810 [00:00<00:02, 2511.55it/s]
 30%|███       | 2670/8810 [00:01<00:02, 2651.96it/s]
 33%|███▎      | 2940/8810 [00:01<00:02, 2404.08it/s]
 36%|███▌      | 3187/8810 [00:01<00:02, 2319.15it/s]
 39%|███▉      | 3424/8810 [00:01<00:02, 2294.52it/s]
 43%|████▎     | 3766/8810 [00:01<00:01, 2599.63it/s]
 46%|████▌     | 4047/8810 [00:01<00:01, 2658.45it/s]
 49%|████▉     | 4317/8810 [00:01<00:01, 2633.12it/s]
 52%|█████▏    | 4621/8810 [00:01<00:01, 2748.74it/s]
 56%|█████▌    | 4899/8810 [00:01<00:01, 2580.02it/s]
 59%|█████▊    | 5161/8810 [00:02<00:01, 2506.65it/s]
 61%|██████▏   | 5415/8810 [00:02<00:01, 2498.92it/s]
 65%|██████▌   | 5754/8810 [00:02<00:01, 2584.74it/s]
 69%|██████▊   | 6036/8810 [00:02<00:01, 2498.92it/s]
 73%|███████▎  | 6395/8810 [00:02<00:00, 2788.90it/s]
 76%|███████▌  | 6678/8810 [00:02<00:00, 2792.21it/s]
 79%|███████▉  | 6982/8810 [00:02<00:00, 2861.37it/s]
 83%|████████▎ | 7271/8810 [00:02<00:00, 2753.77it/s]
 86%|████████▌ | 7549/8810 [00:02<00:00, 2651.57it/s]
 89%|████████▊ | 7816/8810 [00:02<00:00, 2605.23it/s]
 92%|█████████▏| 8078/8810 [00:03<00:00, 2337.29it/s]
 95%|█████████▍| 8361/8810 [00:03<00:00, 2368.36it/s]
 99%|█████████▊| 8689/8810 [00:03<00:00, 2609.70it/s]
100%|██████████| 8810/8810 [00:03<00:00, 2571.41it/s]
