
  0%|          | 0/8810 [00:00<?, ?it/s]
  2%|▏         | 181/8810 [00:00<00:04, 1765.62it/s]
  5%|▌         | 466/8810 [00:00<00:03, 2391.86it/s]
  8%|▊         | 706/8810 [00:00<00:04, 2015.73it/s]
 10%|█         | 914/8810 [00:00<00:04, 1829.98it/s]
 13%|█▎        | 1102/8810 [00:00<00:04, 1748.18it/s]
 15%|█▌        | 1332/8810 [00:00<00:03, 1902.91it/s]
 17%|█▋        | 1527/8810 [00:00<00:04, 1743.22it/s]
 20%|█▉        | 1752/8810 [00:00<00:03, 1882.83it/s]
 22%|██▏       | 1946/8810 [00:01<00:04, 1704.56it/s]
 25%|██▍       | 2195/8810 [00:01<00:03, 1906.16it/s]
 27%|██▋       | 2393/8810 [00:01<00:03, 1726.36it/s]
 30%|███       | 2657/8810 [00:01<00:03, 1962.57it/s]
 32%|███▏      | 2862/8810 [00:01<00:03, 1743.90it/s]
 35%|███▍      | 3046/8810 [00:01<00:03, 1726.88it/s]
 37%|███▋      | 3226/8810 [00:01<00:03, 1609.37it/s]
 39%|███▊      | 3410/8810 [00:01<00:03, 1575.03it/s]
 42%|████▏     | 3658/8810 [00:02<00:02, 1805.74it/s]
 44%|████▎     | 3845/8810 [00:02<00:02, 1729.48it/s]
 46%|████▌     | 4069/8810 [00:02<00:02, 1860.23it/s]
 48%|████▊     | 4260/8810 [00:02<00:02, 1750.90it/s]
 51%|█████     | 4476/8810 [00:02<00:02, 1858.47it/s]
 53%|█████▎    | 4666/8810 [00:02<00:02, 1706.06it/s]
 55%|█████▍    | 4842/8810 [00:02<00:02, 1687.78it/s]
 57%|█████▋    | 5014/8810 [00:02<00:02, 1609.49it/s]
 59%|█████▉    | 5228/8810 [00:02<00:02, 1750.01it/s]
 61%|██████▏   | 5407/8810 [00:03<00:02, 1681.37it/s]
 64%|██████▍   | 5645/8810 [00:03<00:01, 1867.00it/s]
 66%|██████▌   | 5836/8810 [00:03<00:01, 1822.98it/s]
 68%|██████▊   | 6021/8810 [00:03<00:01, 1781.88it/s]
 70%|███████   | 6201/8810 [00:03<00:01, 1663.46it/s]
 72%|███████▏  | 6370/8810 [00:03<00:01, 1652.07it/s]
 74%|███████▍  | 6537/8810 [00:03<00:01, 1518.45it/s]
 77%|███████▋  | 6773/8810 [00:03<00:01, 1742.15it/s]
 79%|███████▉  | 6972/8810 [00:03<00:01, 1726.58it/s]
 81%|████████▏ | 7168/8810 [00:04<00:00, 1778.64it/s]
 84%|████████▎ | 7360/8810 [00:04<00:00, 1706.39it/s]
 86%|████████▌ | 7534/8810 [00:04<00:00, 1702.69it/s]
 88%|████████▊ | 7715/8810 [00:04<00:00, 1691.59it/s]
 90%|████████▉ | 7911/8810 [00:04<00:00, 1762.48it/s]
 92%|█████████▏| 8089/8810 [00:04<00:00, 1555.07it/s]
 94%|█████████▍| 8311/8810 [00:04<00:00, 1728.79it/s]
 96%|█████████▋| 8490/8810 [00:04<00:00, 1630.19it/s]
 99%|█████████▉| 8702/8810 [00:05<00:00, 1612.94it/s]
100%|██████████| 8810/8810 [00:05<00:00, 1744.51it/s]
