
  0%|          | 0/8810 [00:00<?, ?it/s]
  4%|▍         | 337/8810 [00:00<00:02, 3363.39it/s]
  8%|▊         | 674/8810 [00:00<00:02, 3360.69it/s]
 11%|█▏        | 1011/8810 [00:00<00:02, 3270.82it/s]
 16%|█▌        | 1416/8810 [00:00<00:02, 3567.35it/s]
 20%|██        | 1774/8810 [00:00<00:01, 3554.35it/s]
 24%|██▍       | 2130/8810 [00:00<00:01, 3486.73it/s]
 28%|██▊       | 2489/8810 [00:00<00:01, 3518.29it/s]
 33%|███▎      | 2877/8810 [00:00<00:01, 3624.05it/s]
 37%|███▋      | 3240/8810 [00:00<00:01, 3422.25it/s]
 41%|████      | 3585/8810 [00:01<00:01, 3417.37it/s]
 45%|████▍     | 3929/8810 [00:01<00:01, 3360.90it/s]
 49%|████▉     | 4310/8810 [00:01<00:01, 3490.90it/s]
 53%|█████▎    | 4666/8810 [00:01<00:01, 3509.74it/s]
 57%|█████▋    | 5018/8810 [00:01<00:01, 3312.21it/s]
 61%|██████    | 5372/8810 [00:01<00:01, 3340.26it/s]
 65%|██████▌   | 5754/8810 [00:01<00:00, 3462.52it/s]
 69%|██████▉   | 6103/8810 [00:01<00:00, 3325.94it/s]
 73%|███████▎  | 6448/8810 [00:01<00:00, 3361.13it/s]
 78%|███████▊  | 6898/8810 [00:01<00:00, 3684.85it/s]
 83%|████████▎ | 7269/8810 [00:02<00:00, 3513.55it/s]
 87%|████████▋ | 7624/8810 [00:02<00:00, 3400.56it/s]
 90%|█████████ | 7967/8810 [00:02<00:00, 3249.11it/s]
 94%|█████████▍| 8295/8810 [00:02<00:00, 3146.31it/s]
 98%|█████████▊| 8624/8810 [00:02<00:00, 3181.44it/s]
100%|██████████| 8810/8810 [00:02<00:00, 3383.14it/s]
