
  0%|          | 0/8810 [00:00<?, ?it/s]
  2%|▏         | 181/8810 [00:00<00:04, 1805.49it/s]
  5%|▌         | 444/8810 [00:00<00:03, 2283.43it/s]
  8%|▊         | 673/8810 [00:00<00:03, 2159.48it/s]
 10%|█         | 918/8810 [00:00<00:03, 2266.01it/s]
 13%|█▎        | 1146/8810 [00:00<00:03, 2225.40it/s]
 16%|█▌        | 1417/8810 [00:00<00:03, 2382.05it/s]
 19%|█▉        | 1657/8810 [00:00<00:03, 2256.65it/s]
 21%|██▏       | 1885/8810 [00:00<00:03, 2144.06it/s]
 25%|██▌       | 2209/8810 [00:00<00:02, 2458.66it/s]
 28%|██▊       | 2459/8810 [00:01<00:02, 2304.71it/s]
 31%|███       | 2744/8810 [00:01<00:02, 2350.17it/s]
 34%|███▍      | 3000/8810 [00:01<00:02, 2403.86it/s]
 37%|███▋      | 3243/8810 [00:01<00:02, 2135.84it/s]
 39%|███▉      | 3463/8810 [00:01<00:02, 2126.47it/s]
 43%|████▎     | 3772/8810 [00:01<00:02, 2383.79it/s]
 46%|████▌     | 4017/8810 [00:01<00:02, 2253.27it/s]
 48%|████▊     | 4248/8810 [00:01<00:02, 2221.51it/s]
 52%|█████▏    | 4561/8810 [00:01<00:01, 2469.71it/s]
 55%|█████▍    | 4813/8810 [00:02<00:01, 2352.26it/s]
 57%|█████▋    | 5053/8810 [00:02<00:01, 2189.38it/s]
 61%|██████    | 5357/8810 [00:02<00:01, 2413.95it/s]
 64%|██████▎   | 5604/8810 [00:02<00:01, 2354.56it/s]
 66%|██████▋   | 5844/8810 [00:02<00:01, 2278.04it/s]
 69%|██████▉   | 6075/8810 [00:02<00:01, 2117.32it/s]
 71%|███████▏  | 6291/8810 [00:02<00:01, 2099.36it/s]
 74%|███████▍  | 6504/8810 [00:02<00:01, 1964.74it/s]
 78%|███████▊  | 6854/8810 [00:03<00:00, 2372.24it/s]
 81%|████████  | 7098/8810 [00:03<00:00, 2208.18it/s]
 84%|████████▎ | 7360/8810 [00:03<00:00, 2144.94it/s]
 86%|████████▌ | 7580/8810 [00:03<00:00, 2057.33it/s]
 88%|████████▊ | 7789/8810 [00:03<00:00, 2042.51it/s]
 91%|█████████ | 8028/8810 [00:03<00:00, 2128.82it/s]
 94%|█████████▎| 8244/8810 [00:03<00:00, 1907.94it/s]
 96%|█████████▌| 8440/8810 [00:03<00:00, 1770.45it/s]
 99%|█████████▊| 8690/8810 [00:03<00:00, 1956.15it/s]
100%|██████████| 8810/8810 [00:04<00:00, 2176.91it/s]
