
  0%|          | 0/8810 [00:00<?, ?it/s]
  4%|▍         | 361/8810 [00:00<00:02, 3606.53it/s]
  8%|▊         | 722/8810 [00:00<00:02, 3484.84it/s]
 12%|█▏        | 1071/8810 [00:00<00:02, 3417.11it/s]
 17%|█▋        | 1457/8810 [00:00<00:02, 3397.16it/s]
 21%|██        | 1821/8810 [00:00<00:02, 3362.86it/s]
 25%|██▌       | 2219/8810 [00:00<00:01, 3559.19it/s]
 29%|██▉       | 2577/8810 [00:00<00:01, 3515.64it/s]
 33%|███▎      | 2930/8810 [00:00<00:01, 3407.38it/s]
 37%|███▋      | 3272/8810 [00:00<00:01, 3285.47it/s]
 41%|████      | 3612/8810 [00:01<00:01, 3317.60it/s]
 45%|████▍     | 3945/8810 [00:01<00:01, 3207.64it/s]
 49%|████▉     | 4314/8810 [00:01<00:01, 3345.31it/s]
 53%|█████▎    | 4651/8810 [00:01<00:01, 3262.33it/s]
 57%|█████▋    | 4979/8810 [00:01<00:01, 3066.55it/s]
 61%|██████    | 5366/8810 [00:01<00:01, 3288.15it/s]
 65%|██████▍   | 5701/8810 [00:01<00:00, 3305.01it/s]
 69%|██████▊   | 6035/8810 [00:01<00:00, 2869.85it/s]
 72%|███████▏  | 6358/8810 [00:01<00:00, 2960.60it/s]
 76%|███████▋  | 6727/8810 [00:02<00:00, 3158.27it/s]
 80%|████████  | 7071/8810 [00:02<00:00, 3234.05it/s]
 84%|████████▍ | 7401/8810 [00:02<00:00, 3206.02it/s]
 88%|████████▊ | 7727/8810 [00:02<00:00, 3103.57it/s]
 91%|█████████▏| 8041/8810 [00:02<00:00, 2987.32it/s]
 95%|█████████▍| 8361/8810 [00:02<00:00, 2975.41it/s]
 99%|█████████▉| 8702/8810 [00:02<00:00, 2987.92it/s]
100%|██████████| 8810/8810 [00:02<00:00, 3210.20it/s]
