
  0%|          | 0/8810 [00:00<?, ?it/s]
  2%|▏         | 181/8810 [00:00<00:05, 1671.53it/s]
  5%|▍         | 440/8810 [00:00<00:03, 2193.16it/s]
  8%|▊         | 662/8810 [00:00<00:03, 2063.87it/s]
 10%|▉         | 871/8810 [00:00<00:03, 2053.74it/s]
 12%|█▏        | 1078/8810 [00:00<00:04, 1899.88it/s]
 15%|█▌        | 1333/8810 [00:00<00:03, 2102.54it/s]
 18%|█▊        | 1547/8810 [00:00<00:03, 1912.44it/s]
 20%|██        | 1795/8810 [00:00<00:03, 2070.52it/s]
 23%|██▎       | 2007/8810 [00:01<00:03, 1903.18it/s]
 26%|██▌       | 2263/8810 [00:01<00:03, 1941.04it/s]
 29%|██▊       | 2522/8810 [00:01<00:02, 2109.47it/s]
 31%|███       | 2744/8810 [00:01<00:02, 2086.65it/s]
 34%|███▎      | 2971/8810 [00:01<00:02, 2134.69it/s]
 36%|███▌      | 3188/8810 [00:01<00:02, 1934.90it/s]
 38%|███▊      | 3387/8810 [00:01<00:02, 1943.70it/s]
 41%|████      | 3585/8810 [00:01<00:02, 1807.94it/s]
 43%|████▎     | 3774/8810 [00:01<00:02, 1721.91it/s]
 46%|████▌     | 4017/8810 [00:02<00:02, 1904.15it/s]
 48%|████▊     | 4212/8810 [00:02<00:02, 1838.50it/s]
 51%|█████     | 4468/8810 [00:02<00:02, 2030.78it/s]
 53%|█████▎    | 4676/8810 [00:02<00:02, 1910.28it/s]
 55%|█████▌    | 4871/8810 [00:02<00:02, 1862.42it/s]
 57%|█████▋    | 5060/8810 [00:02<00:02, 1694.61it/s]
 60%|█████▉    | 5285/8810 [00:02<00:01, 1836.73it/s]
 62%|██████▏   | 5474/8810 [00:02<00:01, 1707.37it/s]
 65%|██████▌   | 5754/8810 [00:03<00:01, 1842.07it/s]
 67%|██████▋   | 5941/8810 [00:03<00:01, 1848.40it/s]
 70%|██████▉   | 6128/8810 [00:03<00:01, 1731.20it/s]
 72%|███████▏  | 6359/8810 [00:03<00:01, 1883.29it/s]
 74%|███████▍  | 6551/8810 [00:03<00:01, 1811.48it/s]
 77%|███████▋  | 6802/8810 [00:03<00:01, 2001.63it/s]
 80%|███████▉  | 7006/8810 [00:03<00:00, 1969.07it/s]
 82%|████████▏ | 7217/8810 [00:03<00:00, 2007.95it/s]
 84%|████████▍ | 7420/8810 [00:03<00:00, 1986.40it/s]
 87%|████████▋ | 7621/8810 [00:03<00:00, 1985.93it/s]
 89%|████████▉ | 7821/8810 [00:04<00:00, 1790.17it/s]
 91%|█████████ | 8011/8810 [00:04<00:00, 1818.46it/s]
 93%|█████████▎| 8196/8810 [00:04<00:00, 1579.03it/s]
 95%|█████████▍| 8361/8810 [00:04<00:00, 1569.48it/s]
 97%|█████████▋| 8587/8810 [00:04<00:00, 1751.02it/s]
100%|█████████▉| 8768/8810 [00:04<00:00, 1634.79it/s]
100%|██████████| 8810/8810 [00:04<00:00, 1871.70it/s]
