
  0%|          | 0/8810 [00:00<?, ?it/s]
  2%|▏         | 181/8810 [00:00<00:06, 1298.94it/s]
  5%|▍         | 404/8810 [00:00<00:04, 1766.26it/s]
  7%|▋         | 598/8810 [00:00<00:04, 1838.11it/s]
  9%|▉         | 787/8810 [00:00<00:04, 1661.67it/s]
 11%|█         | 958/8810 [00:00<00:04, 1671.95it/s]
 13%|█▎        | 1129/8810 [00:00<00:04, 1605.78it/s]
 15%|█▌        | 1339/8810 [00:00<00:04, 1746.14it/s]
 17%|█▋        | 1517/8810 [00:00<00:04, 1567.05it/s]
 19%|█▉        | 1698/8810 [00:01<00:04, 1630.21it/s]
 21%|██        | 1865/8810 [00:01<00:04, 1445.62it/s]
 23%|██▎       | 2049/8810 [00:01<00:04, 1546.98it/s]
 25%|██▌       | 2229/8810 [00:01<00:04, 1609.88it/s]
 27%|██▋       | 2395/8810 [00:01<00:04, 1480.59it/s]
 30%|██▉       | 2626/8810 [00:01<00:03, 1690.34it/s]
 32%|███▏      | 2801/8810 [00:01<00:03, 1562.70it/s]
 34%|███▍      | 2982/8810 [00:01<00:03, 1627.91it/s]
 36%|███▌      | 3150/8810 [00:01<00:03, 1497.56it/s]
 38%|███▊      | 3316/8810 [00:02<00:03, 1535.34it/s]
 39%|███▉      | 3474/8810 [00:02<00:03, 1438.18it/s]
 42%|████▏     | 3658/8810 [00:02<00:03, 1544.08it/s]
 43%|████▎     | 3817/8810 [00:02<00:03, 1470.88it/s]
 46%|████▌     | 4017/8810 [00:02<00:02, 1608.24it/s]
 47%|████▋     | 4182/8810 [00:02<00:02, 1565.84it/s]
 50%|████▉     | 4393/8810 [00:02<00:02, 1716.43it/s]
 52%|█████▏    | 4568/8810 [00:02<00:02, 1697.78it/s]
 54%|█████▍    | 4740/8810 [00:03<00:02, 1481.52it/s]
 56%|█████▌    | 4906/8810 [00:03<00:02, 1527.28it/s]
 57%|█████▋    | 5064/8810 [00:03<00:02, 1388.27it/s]
 59%|█████▉    | 5231/8810 [00:03<00:02, 1460.35it/s]
 61%|██████    | 5382/8810 [00:03<00:02, 1367.10it/s]
 63%|██████▎   | 5573/8810 [00:03<00:02, 1505.21it/s]
 65%|██████▌   | 5754/8810 [00:03<00:02, 1482.33it/s]
 67%|██████▋   | 5906/8810 [00:03<00:01, 1485.25it/s]
 69%|██████▉   | 6057/8810 [00:03<00:02, 1359.94it/s]
 71%|███████   | 6222/8810 [00:04<00:01, 1428.73it/s]
 73%|███████▎  | 6397/8810 [00:04<00:01, 1514.52it/s]
 74%|███████▍  | 6552/8810 [00:04<00:01, 1482.05it/s]
 77%|███████▋  | 6781/8810 [00:04<00:01, 1707.15it/s]
 79%|███████▉  | 6972/8810 [00:04<00:01, 1659.44it/s]
 81%|████████  | 7155/8810 [00:04<00:00, 1704.29it/s]
 83%|████████▎ | 7330/8810 [00:04<00:00, 1712.23it/s]
 85%|████████▌ | 7503/8810 [00:04<00:00, 1520.01it/s]
 87%|████████▋ | 7678/8810 [00:04<00:00, 1576.87it/s]
 89%|████████▉ | 7840/8810 [00:05<00:00, 1433.26it/s]
 91%|█████████ | 8005/8810 [00:05<00:00, 1488.98it/s]
 93%|█████████▎| 8158/8810 [00:05<00:00, 1370.59it/s]
 94%|█████████▍| 8324/8810 [00:05<00:00, 1445.77it/s]
 96%|█████████▌| 8473/8810 [00:05<00:00, 1330.89it/s]
 98%|█████████▊| 8624/8810 [00:05<00:00, 1375.31it/s]
 99%|█████████▉| 8765/8810 [00:05<00:00, 1279.16it/s]
100%|██████████| 8810/8810 [00:05<00:00, 1522.39it/s]
