
  0%|          | 0/8810 [00:00<?, ?it/s]
  2%|▏         | 181/8810 [00:00<00:05, 1454.82it/s]
  5%|▍         | 427/8810 [00:00<00:04, 1983.99it/s]
  7%|▋         | 656/8810 [00:00<00:04, 1836.59it/s]
 10%|▉         | 844/8810 [00:00<00:04, 1844.52it/s]
 12%|█▏        | 1032/8810 [00:00<00:04, 1754.09it/s]
 14%|█▍        | 1248/8810 [00:00<00:04, 1874.22it/s]
 16%|█▋        | 1446/8810 [00:00<00:03, 1901.70it/s]
 19%|█▊        | 1638/8810 [00:00<00:04, 1701.18it/s]
 21%|██        | 1821/8810 [00:01<00:04, 1657.97it/s]
 23%|██▎       | 2018/8810 [00:01<00:03, 1743.36it/s]
 25%|██▌       | 2236/8810 [00:01<00:03, 1864.64it/s]
 28%|██▊       | 2426/8810 [00:01<00:03, 1718.37it/s]
 30%|██▉       | 2624/8810 [00:01<00:03, 1789.48it/s]
 32%|███▏      | 2807/8810 [00:01<00:03, 1579.47it/s]
 34%|███▍      | 3013/8810 [00:01<00:03, 1703.65it/s]
 36%|███▌      | 3190/8810 [00:01<00:03, 1623.08it/s]
 39%|███▊      | 3393/8810 [00:01<00:03, 1728.94it/s]
 41%|████      | 3571/8810 [00:02<00:03, 1657.63it/s]
 43%|████▎     | 3774/8810 [00:02<00:03, 1671.77it/s]
 46%|████▌     | 4016/8810 [00:02<00:02, 1869.96it/s]
 48%|████▊     | 4207/8810 [00:02<00:02, 1732.98it/s]
 50%|████▉     | 4398/8810 [00:02<00:02, 1778.04it/s]
 52%|█████▏    | 4580/8810 [00:02<00:02, 1727.56it/s]
 54%|█████▍    | 4756/8810 [00:02<00:02, 1514.19it/s]
 56%|█████▌    | 4914/8810 [00:02<00:02, 1499.91it/s]
 58%|█████▊    | 5068/8810 [00:03<00:02, 1356.42it/s]
 59%|█████▉    | 5220/8810 [00:03<00:02, 1395.22it/s]
 61%|██████    | 5372/8810 [00:03<00:02, 1346.28it/s]
 63%|██████▎   | 5537/8810 [00:03<00:02, 1422.17it/s]
 65%|██████▍   | 5721/8810 [00:03<00:02, 1531.39it/s]
 67%|██████▋   | 5878/8810 [00:03<00:02, 1333.92it/s]
 68%|██████▊   | 6018/8810 [00:03<00:02, 1314.61it/s]
 70%|██████▉   | 6154/8810 [00:03<00:02, 1297.81it/s]
 72%|███████▏  | 6342/8810 [00:03<00:01, 1453.22it/s]
 74%|███████▎  | 6492/8810 [00:04<00:01, 1326.91it/s]
 76%|███████▌  | 6663/8810 [00:04<00:01, 1426.12it/s]
 78%|███████▊  | 6862/8810 [00:04<00:01, 1576.72it/s]
 80%|███████▉  | 7025/8810 [00:04<00:01, 1443.74it/s]
 81%|████████▏ | 7175/8810 [00:04<00:01, 1458.21it/s]
 84%|████████▎ | 7360/8810 [00:04<00:01, 1417.57it/s]
 85%|████████▌ | 7505/8810 [00:04<00:00, 1424.28it/s]
 87%|████████▋ | 7698/8810 [00:04<00:00, 1555.15it/s]
 89%|████████▉ | 7857/8810 [00:04<00:00, 1377.83it/s]
 91%|█████████ | 8013/8810 [00:05<00:00, 1423.51it/s]
 93%|█████████▎| 8160/8810 [00:05<00:00, 1301.80it/s]
 94%|█████████▍| 8311/8810 [00:05<00:00, 1352.76it/s]
 96%|█████████▌| 8451/8810 [00:05<00:00, 1233.99it/s]
 98%|█████████▊| 8613/8810 [00:05<00:00, 1331.36it/s]
 99%|█████████▉| 8751/8810 [00:05<00:00, 1185.47it/s]
100%|██████████| 8810/8810 [00:05<00:00, 1527.87it/s]
