
  0%|          | 0/8810 [00:00<?, ?it/s]
  2%|▏         | 181/8810 [00:00<00:05, 1691.84it/s]
  4%|▍         | 356/8810 [00:00<00:04, 1723.85it/s]
  7%|▋         | 625/8810 [00:00<00:03, 2154.76it/s]
 10%|▉         | 842/8810 [00:00<00:04, 1892.23it/s]
 12%|█▏        | 1036/8810 [00:00<00:04, 1865.60it/s]
 15%|█▍        | 1310/8810 [00:00<00:03, 2138.74it/s]
 17%|█▋        | 1528/8810 [00:00<00:03, 2039.88it/s]
 20%|██        | 1801/8810 [00:00<00:03, 2239.89it/s]
 23%|██▎       | 2029/8810 [00:01<00:03, 2052.95it/s]
 26%|██▌       | 2263/8810 [00:01<00:03, 2026.10it/s]
 29%|██▉       | 2580/8810 [00:01<00:02, 2336.17it/s]
 32%|███▏      | 2820/8810 [00:01<00:02, 2125.04it/s]
 35%|███▍      | 3040/8810 [00:01<00:02, 2110.70it/s]
 37%|███▋      | 3256/8810 [00:01<00:02, 1975.80it/s]
 39%|███▉      | 3458/8810 [00:01<00:02, 1970.92it/s]
 42%|████▏     | 3705/8810 [00:01<00:02, 2107.03it/s]
 44%|████▍     | 3920/8810 [00:01<00:02, 1888.71it/s]
 47%|████▋     | 4180/8810 [00:02<00:02, 1928.12it/s]
 50%|█████     | 4416/8810 [00:02<00:02, 2036.15it/s]
 52%|█████▏    | 4625/8810 [00:02<00:02, 1873.56it/s]
 55%|█████▍    | 4818/8810 [00:02<00:02, 1834.32it/s]
 57%|█████▋    | 5005/8810 [00:02<00:02, 1705.92it/s]
 59%|█████▉    | 5224/8810 [00:02<00:01, 1829.90it/s]
 61%|██████▏   | 5411/8810 [00:02<00:01, 1776.00it/s]
 64%|██████▍   | 5636/8810 [00:02<00:01, 1903.96it/s]
 66%|██████▌   | 5830/8810 [00:02<00:01, 1808.65it/s]
 68%|██████▊   | 6014/8810 [00:03<00:01, 1701.03it/s]
 70%|███████   | 6187/8810 [00:03<00:01, 1635.01it/s]
 73%|███████▎  | 6400/8810 [00:03<00:01, 1611.39it/s]
 76%|███████▌  | 6667/8810 [00:03<00:01, 1884.79it/s]
 78%|███████▊  | 6911/8810 [00:03<00:00, 2028.36it/s]
 81%|████████  | 7120/8810 [00:03<00:00, 1849.13it/s]
 83%|████████▎ | 7314/8810 [00:03<00:00, 1868.05it/s]
 85%|████████▌ | 7506/8810 [00:03<00:00, 1704.73it/s]
 88%|████████▊ | 7715/8810 [00:04<00:00, 1654.32it/s]
 90%|████████▉ | 7886/8810 [00:04<00:00, 1667.38it/s]
 91%|█████████▏| 8056/8810 [00:04<00:00, 1567.90it/s]
 93%|█████████▎| 8228/8810 [00:04<00:00, 1606.58it/s]
 95%|█████████▌| 8391/8810 [00:04<00:00, 1536.43it/s]
 98%|█████████▊| 8597/8810 [00:04<00:00, 1675.37it/s]
100%|█████████▉| 8768/8810 [00:04<00:00, 1568.71it/s]
100%|██████████| 8810/8810 [00:04<00:00, 1850.38it/s]
