
  0%|          | 0/8810 [00:00<?, ?it/s]
  2%|▏         | 191/8810 [00:00<00:04, 1909.14it/s]
  6%|▋         | 571/8810 [00:00<00:02, 3017.35it/s]
 10%|▉         | 873/8810 [00:00<00:03, 2280.04it/s]
 13%|█▎        | 1118/8810 [00:00<00:03, 2083.83it/s]
 16%|█▋        | 1432/8810 [00:00<00:03, 2393.22it/s]
 19%|█▉        | 1685/8810 [00:00<00:03, 2353.57it/s]
 22%|██▏       | 1929/8810 [00:00<00:03, 2256.56it/s]
 26%|██▌       | 2263/8810 [00:00<00:02, 2336.56it/s]
 29%|██▊       | 2516/8810 [00:01<00:02, 2384.14it/s]
 31%|███▏      | 2758/8810 [00:01<00:02, 2255.88it/s]
 34%|███▍      | 2987/8810 [00:01<00:02, 2107.63it/s]
 36%|███▋      | 3201/8810 [00:01<00:02, 1939.94it/s]
 39%|███▊      | 3410/8810 [00:01<00:02, 1882.77it/s]
 42%|████▏     | 3706/8810 [00:01<00:02, 2161.69it/s]
 45%|████▍     | 3928/8810 [00:01<00:02, 2085.19it/s]
 47%|████▋     | 4180/8810 [00:01<00:02, 2195.81it/s]
 51%|█████     | 4493/8810 [00:01<00:01, 2454.29it/s]
 54%|█████▍    | 4744/8810 [00:02<00:01, 2257.90it/s]
 56%|█████▋    | 4976/8810 [00:02<00:01, 2164.92it/s]
 60%|██████    | 5318/8810 [00:02<00:01, 2502.32it/s]
 63%|██████▎   | 5576/8810 [00:02<00:01, 2394.83it/s]
 66%|██████▋   | 5849/8810 [00:02<00:01, 2484.12it/s]
 69%|██████▉   | 6103/8810 [00:02<00:01, 2423.41it/s]
 73%|███████▎  | 6400/8810 [00:02<00:00, 2500.43it/s]
 77%|███████▋  | 6789/8810 [00:02<00:00, 2887.62it/s]
 80%|████████  | 7083/8810 [00:03<00:00, 2691.33it/s]
 84%|████████▎ | 7360/8810 [00:03<00:00, 2473.18it/s]
 87%|████████▋ | 7664/8810 [00:03<00:00, 2620.30it/s]
 90%|█████████ | 7933/8810 [00:03<00:00, 2528.51it/s]
 93%|█████████▎| 8191/8810 [00:03<00:00, 2317.55it/s]
 96%|█████████▌| 8429/8810 [00:03<00:00, 2260.99it/s]
 99%|█████████▉| 8702/8810 [00:03<00:00, 2326.59it/s]
100%|██████████| 8810/8810 [00:03<00:00, 2346.37it/s]
