
  0%|          | 0/8810 [00:00<?, ?it/s]
  2%|▏         | 181/8810 [00:00<00:05, 1494.23it/s]
  4%|▍         | 384/8810 [00:00<00:04, 1776.38it/s]
  7%|▋         | 630/8810 [00:00<00:03, 2070.72it/s]
 10%|▉         | 840/8810 [00:00<00:04, 1737.04it/s]
 12%|█▏        | 1022/8810 [00:00<00:04, 1590.18it/s]
 14%|█▎        | 1198/8810 [00:00<00:04, 1635.94it/s]
 16%|█▌        | 1367/8810 [00:00<00:04, 1651.11it/s]
 17%|█▋        | 1536/8810 [00:00<00:04, 1517.19it/s]
 20%|█▉        | 1731/8810 [00:01<00:04, 1632.21it/s]
 22%|██▏       | 1899/8810 [00:01<00:04, 1479.67it/s]
 24%|██▍       | 2137/8810 [00:01<00:03, 1717.44it/s]
 26%|██▋       | 2316/8810 [00:01<00:04, 1548.83it/s]
 29%|██▉       | 2533/8810 [00:01<00:03, 1706.66it/s]
 31%|███       | 2744/8810 [00:01<00:03, 1699.31it/s]
 33%|███▎      | 2920/8810 [00:01<00:03, 1708.55it/s]
 35%|███▌      | 3095/8810 [00:01<00:03, 1609.28it/s]
 37%|███▋      | 3284/8810 [00:01<00:03, 1680.04it/s]
 39%|███▉      | 3456/8810 [00:02<00:03, 1580.41it/s]
 42%|████▏     | 3690/8810 [00:02<00:02, 1781.63it/s]
 44%|████▍     | 3873/8810 [00:02<00:03, 1619.85it/s]
 47%|████▋     | 4098/8810 [00:02<00:02, 1779.48it/s]
 49%|████▊     | 4282/8810 [00:02<00:02, 1703.89it/s]
 51%|█████     | 4504/8810 [00:02<00:02, 1842.67it/s]
 53%|█████▎    | 4693/8810 [00:02<00:02, 1603.67it/s]
 55%|█████▌    | 4870/8810 [00:02<00:02, 1638.36it/s]
 57%|█████▋    | 5040/8810 [00:03<00:02, 1502.72it/s]
 59%|█████▉    | 5239/8810 [00:03<00:02, 1627.72it/s]
 61%|██████▏   | 5408/8810 [00:03<00:02, 1566.54it/s]
 64%|██████▍   | 5633/8810 [00:03<00:01, 1748.60it/s]
 66%|██████▌   | 5814/8810 [00:03<00:01, 1683.10it/s]
 68%|██████▊   | 5987/8810 [00:03<00:01, 1640.30it/s]
 70%|██████▉   | 6154/8810 [00:03<00:01, 1559.37it/s]
 72%|███████▏  | 6371/8810 [00:03<00:01, 1722.60it/s]
 74%|███████▍  | 6547/8810 [00:03<00:01, 1651.46it/s]
 77%|███████▋  | 6793/8810 [00:04<00:01, 1872.64it/s]
 79%|███████▉  | 6985/8810 [00:04<00:01, 1783.98it/s]
 81%|████████▏ | 7170/8810 [00:04<00:00, 1801.36it/s]
 84%|████████▎ | 7360/8810 [00:04<00:00, 1759.79it/s]
 86%|████████▌ | 7538/8810 [00:04<00:00, 1721.70it/s]
 88%|████████▊ | 7715/8810 [00:04<00:00, 1683.09it/s]
 90%|████████▉ | 7886/8810 [00:04<00:00, 1690.36it/s]
 91%|█████████▏| 8056/8810 [00:04<00:00, 1523.10it/s]
 93%|█████████▎| 8212/8810 [00:04<00:00, 1484.42it/s]
 95%|█████████▍| 8363/8810 [00:05<00:00, 1394.99it/s]
 97%|█████████▋| 8543/8810 [00:05<00:00, 1501.04it/s]
 99%|█████████▉| 8702/8810 [00:05<00:00, 1440.51it/s]
100%|██████████| 8810/8810 [00:05<00:00, 1644.87it/s]
