
  0%|          | 0/8810 [00:00<?, ?it/s]
  2%|▏         | 181/8810 [00:00<00:06, 1433.15it/s]
  5%|▍         | 418/8810 [00:00<00:04, 1928.92it/s]
  7%|▋         | 644/8810 [00:00<00:03, 2068.28it/s]
 10%|▉         | 855/8810 [00:00<00:04, 1726.41it/s]
 12%|█▏        | 1037/8810 [00:00<00:04, 1617.40it/s]
 14%|█▍        | 1248/8810 [00:00<00:04, 1758.83it/s]
 17%|█▋        | 1457/8810 [00:00<00:04, 1706.26it/s]
 19%|█▊        | 1649/8810 [00:00<00:04, 1762.89it/s]
 21%|██        | 1830/8810 [00:01<00:04, 1581.20it/s]
 23%|██▎       | 2035/8810 [00:01<00:03, 1703.61it/s]
 26%|██▌       | 2263/8810 [00:01<00:03, 1679.20it/s]
 28%|██▊       | 2501/8810 [00:01<00:03, 1853.94it/s]
 31%|███       | 2744/8810 [00:01<00:03, 1812.63it/s]
 33%|███▎      | 2930/8810 [00:01<00:03, 1793.86it/s]
 35%|███▌      | 3113/8810 [00:01<00:03, 1731.13it/s]
 38%|███▊      | 3328/8810 [00:01<00:02, 1842.93it/s]
 40%|███▉      | 3515/8810 [00:02<00:03, 1717.27it/s]
 43%|████▎     | 3753/8810 [00:02<00:02, 1892.59it/s]
 45%|████▍     | 3947/8810 [00:02<00:02, 1727.69it/s]
 47%|████▋     | 4180/8810 [00:02<00:02, 1768.66it/s]
 51%|█████     | 4466/8810 [00:02<00:02, 2051.49it/s]
 53%|█████▎    | 4678/8810 [00:02<00:02, 1828.31it/s]
 55%|█████▌    | 4869/8810 [00:02<00:02, 1828.33it/s]
 57%|█████▋    | 5058/8810 [00:02<00:02, 1567.70it/s]
 59%|█████▉    | 5240/8810 [00:02<00:02, 1628.08it/s]
 61%|██████▏   | 5411/8810 [00:03<00:02, 1451.36it/s]
 63%|██████▎   | 5589/8810 [00:03<00:02, 1529.81it/s]
 65%|██████▌   | 5754/8810 [00:03<00:02, 1472.76it/s]
 67%|██████▋   | 5907/8810 [00:03<00:02, 1382.81it/s]
 69%|██████▊   | 6050/8810 [00:03<00:02, 1265.87it/s]
 70%|███████   | 6209/8810 [00:03<00:01, 1344.41it/s]
 73%|███████▎  | 6393/8810 [00:03<00:01, 1470.93it/s]
 74%|███████▍  | 6545/8810 [00:03<00:01, 1389.63it/s]
 77%|███████▋  | 6757/8810 [00:04<00:01, 1579.62it/s]
 79%|███████▉  | 6969/8810 [00:04<00:01, 1724.55it/s]
 81%|████████  | 7147/8810 [00:04<00:01, 1604.32it/s]
 83%|████████▎ | 7312/8810 [00:04<00:00, 1611.91it/s]
 85%|████████▍ | 7477/8810 [00:04<00:00, 1465.36it/s]
 87%|████████▋ | 7650/8810 [00:04<00:00, 1529.94it/s]
 89%|████████▊ | 7807/8810 [00:04<00:00, 1368.22it/s]
 90%|█████████ | 7952/8810 [00:04<00:00, 1385.26it/s]
 92%|█████████▏| 8095/8810 [00:05<00:00, 1265.10it/s]
 94%|█████████▎| 8241/8810 [00:05<00:00, 1314.45it/s]
 95%|█████████▌| 8377/8810 [00:05<00:00, 1221.72it/s]
 97%|█████████▋| 8526/8810 [00:05<00:00, 1290.66it/s]
 99%|█████████▉| 8700/8810 [00:05<00:00, 1409.17it/s]
100%|██████████| 8810/8810 [00:05<00:00, 1582.52it/s]
