
  0%|          | 0/8810 [00:00<?, ?it/s]
  4%|▍         | 331/8810 [00:00<00:02, 3306.46it/s]
  8%|▊         | 662/8810 [00:00<00:02, 3170.05it/s]
 11%|█▏        | 996/8810 [00:00<00:02, 3007.52it/s]
 16%|█▌        | 1400/8810 [00:00<00:02, 3381.40it/s]
 20%|█▉        | 1742/8810 [00:00<00:02, 3259.66it/s]
 24%|██▎       | 2071/8810 [00:00<00:02, 3119.37it/s]
 27%|██▋       | 2385/8810 [00:00<00:02, 3085.34it/s]
 31%|███       | 2744/8810 [00:00<00:01, 3196.81it/s]
 35%|███▍      | 3065/8810 [00:00<00:01, 3064.71it/s]
 39%|███▊      | 3393/8810 [00:01<00:01, 3127.01it/s]
 42%|████▏     | 3708/8810 [00:01<00:01, 3064.40it/s]
 46%|████▌     | 4016/8810 [00:01<00:01, 3065.54it/s]
 50%|████▉     | 4381/8810 [00:01<00:01, 3235.12it/s]
 53%|█████▎    | 4706/8810 [00:01<00:01, 3110.72it/s]
 57%|█████▋    | 5019/8810 [00:01<00:01, 3044.48it/s]
 61%|██████    | 5372/8810 [00:01<00:01, 3027.23it/s]
 65%|██████▌   | 5754/8810 [00:01<00:00, 3098.21it/s]
 69%|██████▉   | 6065/8810 [00:01<00:00, 2908.06it/s]
 73%|███████▎  | 6400/8810 [00:02<00:00, 3017.91it/s]
 78%|███████▊  | 6846/8810 [00:02<00:00, 3417.73it/s]
 82%|████████▏ | 7193/8810 [00:02<00:00, 3341.61it/s]
 85%|████████▌ | 7531/8810 [00:02<00:00, 3265.03it/s]
 89%|████████▉ | 7860/8810 [00:02<00:00, 3252.99it/s]
 93%|█████████▎| 8187/8810 [00:02<00:00, 3158.03it/s]
 97%|█████████▋| 8505/8810 [00:02<00:00, 3117.74it/s]
100%|██████████| 8810/8810 [00:02<00:00, 3143.98it/s]
