
  0%|          | 0/8810 [00:00<?, ?it/s]
  2%|▏         | 181/8810 [00:00<00:05, 1711.96it/s]
  5%|▍         | 434/8810 [00:00<00:03, 2172.10it/s]
  7%|▋         | 657/8810 [00:00<00:03, 2191.48it/s]
 10%|▉         | 877/8810 [00:00<00:03, 2083.60it/s]
 12%|█▏        | 1087/8810 [00:00<00:04, 1918.29it/s]
 15%|█▌        | 1339/8810 [00:00<00:03, 2105.51it/s]
 18%|█▊        | 1553/8810 [00:00<00:03, 2003.56it/s]
 21%|██        | 1821/8810 [00:00<00:03, 2033.03it/s]
 23%|██▎       | 2068/8810 [00:00<00:03, 2152.24it/s]
 26%|██▌       | 2286/8810 [00:01<00:03, 1995.58it/s]
 30%|██▉       | 2620/8810 [00:01<00:02, 2358.06it/s]
 32%|███▏      | 2863/8810 [00:01<00:02, 2185.92it/s]
 35%|███▌      | 3088/8810 [00:01<00:02, 2093.90it/s]
 38%|███▊      | 3331/8810 [00:01<00:02, 2182.27it/s]
 40%|████      | 3554/8810 [00:01<00:02, 2042.95it/s]
 43%|████▎     | 3774/8810 [00:01<00:02, 2069.66it/s]
 46%|████▌     | 4029/8810 [00:01<00:02, 2197.93it/s]
 48%|████▊     | 4252/8810 [00:02<00:02, 2187.60it/s]
 51%|█████     | 4497/8810 [00:02<00:01, 2261.52it/s]
 54%|█████▎    | 4726/8810 [00:02<00:01, 2056.34it/s]
 56%|█████▌    | 4937/8810 [00:02<00:01, 1953.00it/s]
 59%|█████▉    | 5180/8810 [00:02<00:01, 2078.70it/s]
 61%|██████    | 5392/8810 [00:02<00:01, 2024.82it/s]
 64%|██████▍   | 5645/8810 [00:02<00:01, 2158.08it/s]
 67%|██████▋   | 5864/8810 [00:02<00:01, 2060.11it/s]
 69%|██████▉   | 6073/8810 [00:02<00:01, 1948.67it/s]
 71%|███████   | 6271/8810 [00:03<00:01, 1911.93it/s]
 73%|███████▎  | 6464/8810 [00:03<00:01, 1759.58it/s]
 77%|███████▋  | 6780/8810 [00:03<00:00, 2130.51it/s]
 79%|███████▉  | 7000/8810 [00:03<00:00, 2083.79it/s]
 82%|████████▏ | 7241/8810 [00:03<00:00, 2172.08it/s]
 85%|████████▍ | 7463/8810 [00:03<00:00, 2076.98it/s]
 88%|████████▊ | 7715/8810 [00:03<00:00, 2042.86it/s]
 90%|█████████ | 7931/8810 [00:03<00:00, 2071.76it/s]
 92%|█████████▏| 8141/8810 [00:03<00:00, 1829.10it/s]
 95%|█████████▍| 8361/8810 [00:04<00:00, 1860.20it/s]
 97%|█████████▋| 8552/8810 [00:04<00:00, 1846.94it/s]
 99%|█████████▉| 8740/8810 [00:04<00:00, 1754.24it/s]
100%|██████████| 8810/8810 [00:04<00:00, 2029.04it/s]
