
  0%|          | 0/8810 [00:00<?, ?it/s]
  4%|▍         | 352/8810 [00:00<00:02, 3516.85it/s]
  8%|▊         | 704/8810 [00:00<00:02, 3397.02it/s]
 12%|█▏        | 1044/8810 [00:00<00:02, 3249.56it/s]
 16%|█▋        | 1446/8810 [00:00<00:02, 3535.07it/s]
 20%|██        | 1801/8810 [00:00<00:02, 3382.64it/s]
 24%|██▍       | 2141/8810 [00:00<00:01, 3347.03it/s]
 28%|██▊       | 2477/8810 [00:00<00:01, 3324.96it/s]
 32%|███▏      | 2833/8810 [00:00<00:01, 3394.84it/s]
 36%|███▌      | 3174/8810 [00:00<00:01, 3334.25it/s]
 40%|███▉      | 3508/8810 [00:01<00:01, 3182.62it/s]
 43%|████▎     | 3831/8810 [00:01<00:01, 3190.40it/s]
 47%|████▋     | 4180/8810 [00:01<00:01, 3172.40it/s]
 52%|█████▏    | 4550/8810 [00:01<00:01, 3317.01it/s]
 55%|█████▌    | 4883/8810 [00:01<00:01, 3149.09it/s]
 59%|█████▉    | 5201/8810 [00:01<00:01, 3025.79it/s]
 62%|██████▏   | 5506/8810 [00:01<00:01, 2833.15it/s]
 66%|██████▌   | 5793/8810 [00:01<00:01, 2791.50it/s]
 69%|██████▉   | 6074/8810 [00:01<00:01, 2648.15it/s]
 73%|███████▎  | 6400/8810 [00:02<00:00, 2743.40it/s]
 78%|███████▊  | 6850/8810 [00:02<00:00, 3223.64it/s]
 81%|████████▏ | 7178/8810 [00:02<00:00, 3178.71it/s]
 85%|████████▌ | 7500/8810 [00:02<00:00, 3123.61it/s]
 89%|████████▊ | 7816/8810 [00:02<00:00, 3060.65it/s]
 92%|█████████▏| 8124/8810 [00:02<00:00, 2979.34it/s]
 96%|█████████▌| 8424/8810 [00:02<00:00, 2978.30it/s]
 99%|█████████▉| 8723/8810 [00:02<00:00, 2946.33it/s]
100%|██████████| 8810/8810 [00:02<00:00, 3115.08it/s]
