
  0%|          | 0/8810 [00:00<?, ?it/s]
  2%|▏         | 181/8810 [00:00<00:05, 1547.47it/s]
  5%|▍         | 417/8810 [00:00<00:04, 1990.16it/s]
  7%|▋         | 644/8810 [00:00<00:03, 2102.64it/s]
 10%|▉         | 857/8810 [00:00<00:04, 1753.01it/s]
 12%|█▏        | 1041/8810 [00:00<00:04, 1595.40it/s]
 14%|█▍        | 1242/8810 [00:00<00:04, 1713.79it/s]
 17%|█▋        | 1454/8810 [00:00<00:04, 1829.69it/s]
 19%|█▊        | 1643/8810 [00:00<00:04, 1692.51it/s]
 21%|██        | 1818/8810 [00:01<00:04, 1703.58it/s]
 23%|██▎       | 1993/8810 [00:01<00:04, 1605.00it/s]
 25%|██▌       | 2218/8810 [00:01<00:03, 1776.76it/s]
 27%|██▋       | 2400/8810 [00:01<00:03, 1628.98it/s]
 30%|███       | 2657/8810 [00:01<00:03, 1878.27it/s]
 32%|███▏      | 2852/8810 [00:01<00:03, 1753.23it/s]
 34%|███▍      | 3033/8810 [00:01<00:03, 1767.95it/s]
 36%|███▋      | 3214/8810 [00:01<00:03, 1620.58it/s]
 39%|███▊      | 3410/8810 [00:01<00:03, 1590.94it/s]
 41%|████      | 3618/8810 [00:02<00:03, 1714.74it/s]
 43%|████▎     | 3794/8810 [00:02<00:03, 1649.77it/s]
 46%|████▌     | 4016/8810 [00:02<00:02, 1801.89it/s]
 48%|████▊     | 4200/8810 [00:02<00:02, 1733.95it/s]
 51%|█████     | 4462/8810 [00:02<00:02, 1976.65it/s]
 53%|█████▎    | 4664/8810 [00:02<00:02, 1796.44it/s]
 55%|█████▌    | 4850/8810 [00:02<00:02, 1774.25it/s]
 57%|█████▋    | 5032/8810 [00:02<00:02, 1578.71it/s]
 59%|█████▉    | 5204/8810 [00:03<00:02, 1612.70it/s]
 61%|██████    | 5372/8810 [00:03<00:02, 1491.66it/s]
 63%|██████▎   | 5526/8810 [00:03<00:02, 1490.42it/s]
 65%|██████▌   | 5746/8810 [00:03<00:01, 1677.47it/s]
 67%|██████▋   | 5918/8810 [00:03<00:02, 1380.28it/s]
 69%|██████▉   | 6067/8810 [00:03<00:02, 1293.23it/s]
 71%|███████   | 6223/8810 [00:03<00:01, 1352.43it/s]
 73%|███████▎  | 6400/8810 [00:03<00:01, 1319.12it/s]
 75%|███████▍  | 6593/8810 [00:04<00:01, 1470.27it/s]
 77%|███████▋  | 6818/8810 [00:04<00:01, 1669.71it/s]
 79%|███████▉  | 6993/8810 [00:04<00:01, 1553.80it/s]
 81%|████████  | 7155/8810 [00:04<00:01, 1553.13it/s]
 83%|████████▎ | 7320/8810 [00:04<00:00, 1570.42it/s]
 85%|████████▍ | 7481/8810 [00:04<00:00, 1485.86it/s]
 87%|████████▋ | 7644/8810 [00:04<00:00, 1521.67it/s]
 89%|████████▊ | 7799/8810 [00:04<00:00, 1380.25it/s]
 90%|█████████ | 7944/8810 [00:04<00:00, 1391.22it/s]
 92%|█████████▏| 8086/8810 [00:05<00:00, 1254.62it/s]
 93%|█████████▎| 8216/8810 [00:05<00:00, 1264.36it/s]
 95%|█████████▍| 8361/8810 [00:05<00:00, 1238.52it/s]
 96%|█████████▋| 8497/8810 [00:05<00:00, 1267.81it/s]
 98%|█████████▊| 8657/8810 [00:05<00:00, 1355.75it/s]
100%|█████████▉| 8795/8810 [00:05<00:00, 1317.89it/s]
100%|██████████| 8810/8810 [00:05<00:00, 1568.13it/s]
