
  0%|          | 0/8810 [00:00<?, ?it/s]
  2%|▏         | 181/8810 [00:00<00:05, 1451.60it/s]
  5%|▍         | 429/8810 [00:00<00:04, 1998.44it/s]
  7%|▋         | 656/8810 [00:00<00:04, 1909.88it/s]
 10%|▉         | 851/8810 [00:00<00:04, 1890.45it/s]
 12%|█▏        | 1043/8810 [00:00<00:04, 1719.92it/s]
 14%|█▍        | 1251/8810 [00:00<00:04, 1822.89it/s]
 17%|█▋        | 1457/8810 [00:00<00:04, 1742.24it/s]
 19%|█▊        | 1634/8810 [00:00<00:04, 1747.61it/s]
 21%|██        | 1817/8810 [00:01<00:03, 1768.39it/s]
 23%|██▎       | 1996/8810 [00:01<00:04, 1566.13it/s]
 25%|██▌       | 2234/8810 [00:01<00:03, 1782.10it/s]
 27%|██▋       | 2419/8810 [00:01<00:03, 1695.52it/s]
 30%|███       | 2655/8810 [00:01<00:03, 1868.12it/s]
 32%|███▏      | 2847/8810 [00:01<00:03, 1729.92it/s]
 35%|███▍      | 3043/8810 [00:01<00:03, 1790.39it/s]
 37%|███▋      | 3227/8810 [00:01<00:03, 1661.94it/s]
 39%|███▊      | 3408/8810 [00:01<00:03, 1699.29it/s]
 41%|████      | 3582/8810 [00:02<00:03, 1618.72it/s]
 43%|████▎     | 3774/8810 [00:02<00:03, 1618.81it/s]
 46%|████▌     | 4046/8810 [00:02<00:02, 1912.34it/s]
 48%|████▊     | 4242/8810 [00:02<00:02, 1837.83it/s]
 51%|█████     | 4452/8810 [00:02<00:02, 1904.63it/s]
 53%|█████▎    | 4646/8810 [00:02<00:02, 1695.22it/s]
 55%|█████▍    | 4822/8810 [00:02<00:02, 1704.86it/s]
 57%|█████▋    | 4997/8810 [00:02<00:02, 1522.55it/s]
 59%|█████▊    | 5155/8810 [00:03<00:02, 1526.40it/s]
 60%|██████    | 5323/8810 [00:03<00:02, 1563.76it/s]
 62%|██████▏   | 5483/8810 [00:03<00:02, 1403.57it/s]
 65%|██████▍   | 5693/8810 [00:03<00:01, 1584.11it/s]
 66%|██████▋   | 5858/8810 [00:03<00:02, 1424.64it/s]
 68%|██████▊   | 6008/8810 [00:03<00:02, 1347.99it/s]
 70%|██████▉   | 6148/8810 [00:03<00:02, 1273.83it/s]
 72%|███████▏  | 6344/8810 [00:03<00:01, 1444.89it/s]
 74%|███████▎  | 6494/8810 [00:03<00:01, 1396.74it/s]
 76%|███████▌  | 6704/8810 [00:04<00:01, 1583.96it/s]
 79%|███████▊  | 6921/8810 [00:04<00:01, 1745.05it/s]
 81%|████████  | 7101/8810 [00:04<00:01, 1613.84it/s]
 83%|████████▎ | 7281/8810 [00:04<00:00, 1662.64it/s]
 85%|████████▍ | 7452/8810 [00:04<00:00, 1546.51it/s]
 86%|████████▋ | 7611/8810 [00:04<00:00, 1552.96it/s]
 88%|████████▊ | 7770/8810 [00:04<00:00, 1368.59it/s]
 90%|█████████ | 7930/8810 [00:04<00:00, 1420.40it/s]
 92%|█████████▏| 8077/8810 [00:05<00:00, 1238.64it/s]
 93%|█████████▎| 8214/8810 [00:05<00:00, 1270.08it/s]
 95%|█████████▍| 8361/8810 [00:05<00:00, 1215.76it/s]
 97%|█████████▋| 8511/8810 [00:05<00:00, 1287.38it/s]
 99%|█████████▊| 8686/8810 [00:05<00:00, 1409.82it/s]
100%|██████████| 8810/8810 [00:05<00:00, 1574.33it/s]
