
  0%|          | 0/8810 [00:00<?, ?it/s]
  2%|▏         | 181/8810 [00:00<00:05, 1575.35it/s]
  5%|▍         | 422/8810 [00:00<00:04, 2020.10it/s]
  7%|▋         | 656/8810 [00:00<00:04, 1927.55it/s]
 10%|▉         | 870/8810 [00:00<00:03, 2000.61it/s]
 12%|█▏        | 1073/8810 [00:00<00:04, 1797.95it/s]
 15%|█▍        | 1280/8810 [00:00<00:04, 1873.90it/s]
 17%|█▋        | 1471/8810 [00:00<00:04, 1766.39it/s]
 19%|█▉        | 1716/8810 [00:00<00:03, 1959.47it/s]
 22%|██▏       | 1916/8810 [00:01<00:03, 1811.30it/s]
 25%|██▌       | 2203/8810 [00:01<00:03, 2100.05it/s]
 27%|██▋       | 2420/8810 [00:01<00:03, 1885.67it/s]
 30%|███       | 2669/8810 [00:01<00:03, 2042.88it/s]
 33%|███▎      | 2881/8810 [00:01<00:03, 1927.31it/s]
 35%|███▍      | 3080/8810 [00:01<00:03, 1816.48it/s]
 37%|███▋      | 3294/8810 [00:01<00:02, 1900.51it/s]
 40%|███▉      | 3489/8810 [00:01<00:02, 1813.69it/s]
 43%|████▎     | 3753/8810 [00:01<00:02, 2035.16it/s]
 45%|████▍     | 3962/8810 [00:02<00:02, 1885.82it/s]
 47%|████▋     | 4180/8810 [00:02<00:02, 1867.54it/s]
 51%|█████     | 4452/8810 [00:02<00:02, 2092.36it/s]
 53%|█████▎    | 4667/8810 [00:02<00:02, 1942.99it/s]
 55%|█████▌    | 4867/8810 [00:02<00:02, 1865.87it/s]
 57%|█████▋    | 5058/8810 [00:02<00:02, 1688.52it/s]
 60%|█████▉    | 5276/8810 [00:02<00:01, 1813.29it/s]
 62%|██████▏   | 5463/8810 [00:02<00:01, 1726.20it/s]
 65%|██████▌   | 5746/8810 [00:03<00:01, 2018.19it/s]
 68%|██████▊   | 5955/8810 [00:03<00:01, 1751.14it/s]
 70%|██████▉   | 6141/8810 [00:03<00:01, 1736.06it/s]
 72%|███████▏  | 6367/8810 [00:03<00:01, 1869.82it/s]
 74%|███████▍  | 6561/8810 [00:03<00:01, 1673.45it/s]
 77%|███████▋  | 6820/8810 [00:03<00:01, 1901.11it/s]
 80%|███████▉  | 7020/8810 [00:03<00:00, 1832.16it/s]
 82%|████████▏ | 7210/8810 [00:03<00:00, 1849.32it/s]
 84%|████████▍ | 7400/8810 [00:03<00:00, 1792.99it/s]
 86%|████████▌ | 7583/8810 [00:04<00:00, 1744.94it/s]
 88%|████████▊ | 7760/8810 [00:04<00:00, 1625.62it/s]
 90%|█████████ | 7945/8810 [00:04<00:00, 1678.43it/s]
 92%|█████████▏| 8116/8810 [00:04<00:00, 1539.30it/s]
 94%|█████████▍| 8306/8810 [00:04<00:00, 1633.68it/s]
 96%|█████████▌| 8473/8810 [00:04<00:00, 1589.89it/s]
 99%|█████████▊| 8693/8810 [00:04<00:00, 1752.78it/s]
100%|██████████| 8810/8810 [00:04<00:00, 1818.66it/s]
