
  0%|          | 0/8810 [00:00<?, ?it/s]
  3%|▎         | 291/8810 [00:00<00:02, 2905.39it/s]
  7%|▋         | 656/8810 [00:00<00:02, 3157.69it/s]
 11%|█▏        | 996/8810 [00:00<00:02, 3041.80it/s]
 16%|█▌        | 1389/8810 [00:00<00:02, 3368.47it/s]
 20%|█▉        | 1728/8810 [00:00<00:02, 3258.67it/s]
 23%|██▎       | 2056/8810 [00:00<00:02, 3115.21it/s]
 27%|██▋       | 2370/8810 [00:00<00:02, 2911.77it/s]
 31%|███       | 2744/8810 [00:00<00:01, 3142.05it/s]
 35%|███▍      | 3063/8810 [00:00<00:01, 3081.16it/s]
 39%|███▊      | 3410/8810 [00:01<00:01, 3048.34it/s]
 43%|████▎     | 3774/8810 [00:01<00:01, 3108.98it/s]
 47%|████▋     | 4180/8810 [00:01<00:01, 3194.87it/s]
 52%|█████▏    | 4569/8810 [00:01<00:01, 3380.50it/s]
 56%|█████▌    | 4910/8810 [00:01<00:01, 3193.01it/s]
 59%|█████▉    | 5233/8810 [00:01<00:01, 3092.83it/s]
 63%|██████▎   | 5545/8810 [00:01<00:01, 3074.27it/s]
 66%|██████▋   | 5854/8810 [00:01<00:00, 3025.91it/s]
 70%|██████▉   | 6158/8810 [00:02<00:00, 2845.98it/s]
 73%|███████▎  | 6461/8810 [00:02<00:00, 2895.20it/s]
 78%|███████▊  | 6862/8810 [00:02<00:00, 3208.47it/s]
 82%|████████▏ | 7187/8810 [00:02<00:00, 3063.74it/s]
 85%|████████▌ | 7497/8810 [00:02<00:00, 3002.40it/s]
 89%|████████▊ | 7800/8810 [00:02<00:00, 2988.19it/s]
 92%|█████████▏| 8101/8810 [00:02<00:00, 2943.54it/s]
 95%|█████████▌| 8397/8810 [00:02<00:00, 2827.69it/s]
 99%|█████████▉| 8702/8810 [00:02<00:00, 2771.45it/s]
100%|██████████| 8810/8810 [00:02<00:00, 3032.12it/s]
