
  0%|          | 0/8810 [00:00<?, ?it/s]
  2%|▏         | 181/8810 [00:00<00:05, 1461.88it/s]
  5%|▍         | 433/8810 [00:00<00:04, 2024.00it/s]
  7%|▋         | 656/8810 [00:00<00:04, 1904.94it/s]
 10%|█         | 888/8810 [00:00<00:03, 2053.11it/s]
 12%|█▏        | 1098/8810 [00:00<00:04, 1905.24it/s]
 15%|█▌        | 1326/8810 [00:00<00:03, 2017.05it/s]
 17%|█▋        | 1532/8810 [00:00<00:04, 1799.87it/s]
 20%|██        | 1781/8810 [00:00<00:03, 1989.13it/s]
 23%|██▎       | 1987/8810 [00:01<00:03, 1800.38it/s]
 25%|██▌       | 2241/8810 [00:01<00:03, 1995.62it/s]
 28%|██▊       | 2449/8810 [00:01<00:03, 1939.86it/s]
 31%|███       | 2692/8810 [00:01<00:02, 2073.26it/s]
 33%|███▎      | 2905/8810 [00:01<00:03, 1814.81it/s]
 35%|███▌      | 3096/8810 [00:01<00:03, 1761.47it/s]
 37%|███▋      | 3278/8810 [00:01<00:03, 1766.65it/s]
 39%|███▉      | 3459/8810 [00:01<00:03, 1689.08it/s]
 42%|████▏     | 3703/8810 [00:01<00:02, 1890.45it/s]
 44%|████▍     | 3897/8810 [00:02<00:02, 1746.43it/s]
 47%|████▋     | 4156/8810 [00:02<00:02, 1968.66it/s]
 49%|████▉     | 4359/8810 [00:02<00:02, 1894.54it/s]
 52%|█████▏    | 4553/8810 [00:02<00:02, 1893.89it/s]
 54%|█████▍    | 4746/8810 [00:02<00:02, 1647.89it/s]
 56%|█████▌    | 4932/8810 [00:02<00:02, 1567.06it/s]
 58%|█████▊    | 5107/8810 [00:02<00:02, 1611.06it/s]
 60%|██████    | 5319/8810 [00:02<00:02, 1743.30it/s]
 62%|██████▏   | 5499/8810 [00:03<00:01, 1676.00it/s]
 65%|██████▌   | 5754/8810 [00:03<00:01, 1729.84it/s]
 67%|██████▋   | 5929/8810 [00:03<00:01, 1696.60it/s]
 69%|██████▉   | 6100/8810 [00:03<00:01, 1666.68it/s]
 72%|███████▏  | 6322/8810 [00:03<00:01, 1810.30it/s]
 74%|███████▍  | 6505/8810 [00:03<00:01, 1715.77it/s]
 77%|███████▋  | 6749/8810 [00:03<00:01, 1905.01it/s]
 79%|███████▉  | 6972/8810 [00:03<00:01, 1819.60it/s]
 81%|████████  | 7158/8810 [00:03<00:00, 1813.15it/s]
 83%|████████▎ | 7350/8810 [00:04<00:00, 1840.69it/s]
 86%|████████▌ | 7536/8810 [00:04<00:00, 1637.21it/s]
 88%|████████▊ | 7715/8810 [00:04<00:00, 1621.92it/s]
 90%|████████▉ | 7896/8810 [00:04<00:00, 1667.81it/s]
 92%|█████████▏| 8066/8810 [00:04<00:00, 1547.79it/s]
 94%|█████████▎| 8259/8810 [00:04<00:00, 1645.25it/s]
 96%|█████████▌| 8427/8810 [00:04<00:00, 1523.11it/s]
 98%|█████████▊| 8634/8810 [00:04<00:00, 1662.35it/s]
100%|█████████▉| 8805/8810 [00:04<00:00, 1625.19it/s]
100%|██████████| 8810/8810 [00:04<00:00, 1768.13it/s]
