
  0%|          | 0/8810 [00:00<?, ?it/s]
  2%|▏         | 181/8810 [00:00<00:04, 1762.02it/s]
  5%|▍         | 433/8810 [00:00<00:03, 2192.77it/s]
  7%|▋         | 656/8810 [00:00<00:03, 2187.95it/s]
 10%|▉         | 875/8810 [00:00<00:03, 2186.84it/s]
 12%|█▏        | 1094/8810 [00:00<00:04, 1910.30it/s]
 15%|█▌        | 1340/8810 [00:00<00:03, 2076.54it/s]
 18%|█▊        | 1553/8810 [00:00<00:03, 1938.91it/s]
 21%|██        | 1821/8810 [00:00<00:03, 2029.55it/s]
 24%|██▎       | 2089/8810 [00:00<00:03, 2210.54it/s]
 26%|██▋       | 2315/8810 [00:01<00:02, 2168.94it/s]
 30%|██▉       | 2642/8810 [00:01<00:02, 2478.00it/s]
 33%|███▎      | 2894/8810 [00:01<00:02, 2308.23it/s]
 36%|███▌      | 3130/8810 [00:01<00:02, 2111.06it/s]
 38%|███▊      | 3361/8810 [00:01<00:02, 2162.31it/s]
 41%|████      | 3582/8810 [00:01<00:02, 2087.80it/s]
 43%|████▎     | 3795/8810 [00:01<00:02, 2017.85it/s]
 46%|████▌     | 4067/8810 [00:01<00:02, 2206.22it/s]
 49%|████▊     | 4292/8810 [00:02<00:02, 2030.67it/s]
 51%|█████▏    | 4537/8810 [00:02<00:02, 2132.71it/s]
 54%|█████▍    | 4755/8810 [00:02<00:02, 1935.20it/s]
 56%|█████▌    | 4955/8810 [00:02<00:02, 1859.66it/s]
 59%|█████▉    | 5220/8810 [00:02<00:01, 2065.27it/s]
 62%|██████▏   | 5433/8810 [00:02<00:01, 1989.04it/s]
 65%|██████▍   | 5696/8810 [00:02<00:01, 2162.05it/s]
 67%|██████▋   | 5917/8810 [00:02<00:01, 2014.65it/s]
 70%|██████▉   | 6124/8810 [00:02<00:01, 1987.29it/s]
 72%|███████▏  | 6386/8810 [00:03<00:01, 2159.79it/s]
 75%|███████▍  | 6606/8810 [00:03<00:01, 2129.36it/s]
 79%|███████▊  | 6931/8810 [00:03<00:00, 2438.27it/s]
 81%|████████▏ | 7179/8810 [00:03<00:00, 2226.09it/s]
 84%|████████▍ | 7408/8810 [00:03<00:00, 2231.39it/s]
 87%|████████▋ | 7636/8810 [00:03<00:00, 2210.51it/s]
 89%|████████▉ | 7860/8810 [00:03<00:00, 2046.00it/s]
 92%|█████████▏| 8069/8810 [00:03<00:00, 1953.23it/s]
 94%|█████████▍| 8320/8810 [00:03<00:00, 2098.15it/s]
 97%|█████████▋| 8534/8810 [00:04<00:00, 2010.79it/s]
 99%|█████████▉| 8738/8810 [00:04<00:00, 1963.40it/s]
100%|██████████| 8810/8810 [00:04<00:00, 2099.25it/s]
