
  0%|          | 0/8810 [00:00<?, ?it/s]
  1%|          | 105/8810 [00:00<00:08, 1046.17it/s]
  2%|▏         | 210/8810 [00:00<00:08, 1004.03it/s]
  4%|▍         | 362/8810 [00:00<00:06, 1227.67it/s]
  6%|▌         | 519/8810 [00:00<00:06, 1356.98it/s]
  7%|▋         | 656/8810 [00:00<00:06, 1229.53it/s]
  9%|▉         | 782/8810 [00:00<00:06, 1232.08it/s]
 10%|█         | 908/8810 [00:00<00:06, 1237.11it/s]
 12%|█▏        | 1033/8810 [00:00<00:06, 1168.90it/s]
 13%|█▎        | 1169/8810 [00:00<00:06, 1224.51it/s]
 15%|█▍        | 1299/8810 [00:01<00:06, 1235.94it/s]
 16%|█▋        | 1437/8810 [00:01<00:05, 1277.75it/s]
 18%|█▊        | 1566/8810 [00:01<00:07, 1018.90it/s]
 19%|█▉        | 1710/8810 [00:01<00:06, 1123.37it/s]
 21%|██        | 1831/8810 [00:01<00:06, 1015.71it/s]
 22%|██▏       | 1940/8810 [00:01<00:06, 1016.65it/s]
 24%|██▎       | 2077/8810 [00:01<00:06, 1107.93it/s]
 25%|██▍       | 2199/8810 [00:01<00:05, 1136.38it/s]
 26%|██▋       | 2317/8810 [00:02<00:07, 900.48it/s] 
 28%|██▊       | 2457/8810 [00:02<00:06, 1019.06it/s]
 30%|██▉       | 2618/8810 [00:02<00:05, 1166.51it/s]
 31%|███       | 2745/8810 [00:02<00:05, 1064.46it/s]
 33%|███▎      | 2876/8810 [00:02<00:05, 1120.02it/s]
 34%|███▍      | 2995/8810 [00:02<00:05, 1103.96it/s]
 35%|███▌      | 3110/8810 [00:02<00:05, 989.92it/s] 
 36%|███▋      | 3214/8810 [00:02<00:05, 971.28it/s]
 38%|███▊      | 3317/8810 [00:03<00:05, 983.27it/s]
 39%|███▉      | 3418/8810 [00:03<00:05, 910.61it/s]
 40%|███▉      | 3515/8810 [00:03<00:05, 923.29it/s]
 41%|████      | 3617/8810 [00:03<00:05, 940.16it/s]
 42%|████▏     | 3713/8810 [00:03<00:06, 837.42it/s]
 43%|████▎     | 3800/8810 [00:03<00:07, 694.78it/s]
 44%|████▍     | 3879/8810 [00:03<00:06, 715.86it/s]
 45%|████▌     | 3969/8810 [00:03<00:06, 758.34it/s]
 46%|████▋     | 4080/8810 [00:04<00:05, 846.33it/s]
 47%|████▋     | 4169/8810 [00:04<00:05, 839.82it/s]
 48%|████▊     | 4256/8810 [00:04<00:06, 692.55it/s]
 49%|████▉     | 4331/8810 [00:04<00:06, 696.70it/s]
 50%|█████     | 4436/8810 [00:04<00:05, 784.54it/s]
 51%|█████▏    | 4524/8810 [00:04<00:05, 809.36it/s]
 52%|█████▏    | 4625/8810 [00:04<00:05, 757.11it/s]
 53%|█████▎    | 4704/8810 [00:04<00:05, 760.39it/s]
 55%|█████▍    | 4810/8810 [00:04<00:04, 840.28it/s]
 56%|█████▌    | 4897/8810 [00:05<00:04, 847.12it/s]
 57%|█████▋    | 4984/8810 [00:05<00:05, 713.20it/s]
 58%|█████▊    | 5100/8810 [00:05<00:04, 821.28it/s]
 59%|█████▉    | 5208/8810 [00:05<00:04, 886.80it/s]
 60%|██████    | 5322/8810 [00:05<00:03, 954.18it/s]
 62%|██████▏   | 5422/8810 [00:05<00:04, 833.95it/s]
 63%|██████▎   | 5547/8810 [00:05<00:03, 938.48it/s]
 64%|██████▍   | 5673/8810 [00:05<00:03, 1016.32it/s]
 66%|██████▌   | 5780/8810 [00:06<00:03, 867.95it/s] 
 67%|██████▋   | 5874/8810 [00:06<00:03, 873.41it/s]
 68%|██████▊   | 5966/8810 [00:06<00:03, 778.98it/s]
 69%|██████▊   | 6049/8810 [00:06<00:03, 691.36it/s]
 70%|██████▉   | 6141/8810 [00:06<00:03, 742.98it/s]
 71%|███████   | 6231/8810 [00:06<00:03, 778.72it/s]
 72%|███████▏  | 6344/8810 [00:06<00:02, 864.94it/s]
 73%|███████▎  | 6435/8810 [00:06<00:02, 811.61it/s]
 74%|███████▍  | 6547/8810 [00:07<00:02, 891.03it/s]
 76%|███████▌  | 6661/8810 [00:07<00:02, 957.46it/s]
 77%|███████▋  | 6778/8810 [00:07<00:02, 1010.58it/s]
 78%|███████▊  | 6911/8810 [00:07<00:01, 1098.41it/s]
 80%|███████▉  | 7023/8810 [00:07<00:01, 956.53it/s] 
 81%|████████  | 7134/8810 [00:07<00:01, 994.87it/s]
 82%|████████▏ | 7238/8810 [00:07<00:01, 950.61it/s]
 84%|████████▎ | 7360/8810 [00:07<00:01, 911.93it/s]
 85%|████████▍ | 7459/8810 [00:07<00:01, 929.27it/s]
 86%|████████▌ | 7554/8810 [00:08<00:01, 851.46it/s]
 87%|████████▋ | 7668/8810 [00:08<00:01, 918.81it/s]
 88%|████████▊ | 7763/8810 [00:08<00:01, 787.47it/s]
 89%|████████▉ | 7847/8810 [00:08<00:01, 771.36it/s]
 90%|█████████ | 7953/8810 [00:08<00:01, 840.62it/s]
 91%|█████████▏| 8041/8810 [00:08<00:01, 739.90it/s]
 92%|█████████▏| 8144/8810 [00:08<00:00, 809.91it/s]
 93%|█████████▎| 8230/8810 [00:08<00:00, 776.66it/s]
 95%|█████████▍| 8338/8810 [00:09<00:00, 851.03it/s]
 96%|█████████▌| 8427/8810 [00:09<00:00, 791.40it/s]
 97%|█████████▋| 8541/8810 [00:09<00:00, 877.86it/s]
 98%|█████████▊| 8656/8810 [00:09<00:00, 951.46it/s]
 99%|█████████▉| 8755/8810 [00:09<00:00, 876.96it/s]
100%|██████████| 8810/8810 [00:09<00:00, 921.43it/s]
