
  0%|          | 0/8810 [00:00<?, ?it/s]
  4%|▎         | 314/8810 [00:00<00:02, 3127.01it/s]
  7%|▋         | 656/8810 [00:00<00:02, 3261.64it/s]
 11%|█         | 983/8810 [00:00<00:02, 2801.86it/s]
 15%|█▍        | 1282/8810 [00:00<00:02, 2861.95it/s]
 18%|█▊        | 1573/8810 [00:00<00:02, 2721.21it/s]
 21%|██        | 1849/8810 [00:00<00:02, 2692.10it/s]
 25%|██▌       | 2240/8810 [00:00<00:02, 3057.29it/s]
 29%|██▉       | 2594/8810 [00:00<00:01, 3196.58it/s]
 33%|███▎      | 2917/8810 [00:00<00:01, 3165.07it/s]
 37%|███▋      | 3236/8810 [00:01<00:01, 3084.03it/s]
 40%|████      | 3547/8810 [00:01<00:01, 2903.93it/s]
 44%|████▍     | 3855/8810 [00:01<00:01, 2952.49it/s]
 48%|████▊     | 4214/8810 [00:01<00:01, 3132.18it/s]
 52%|█████▏    | 4625/8810 [00:01<00:01, 3202.12it/s]
 56%|█████▌    | 4947/8810 [00:01<00:01, 3015.55it/s]
 61%|██████    | 5331/8810 [00:01<00:01, 3239.18it/s]
 64%|██████▍   | 5672/8810 [00:01<00:00, 3280.43it/s]
 68%|██████▊   | 6003/8810 [00:01<00:00, 3137.62it/s]
 72%|███████▏  | 6320/8810 [00:02<00:00, 3075.75it/s]
 75%|███████▌  | 6633/8810 [00:02<00:00, 3085.87it/s]
 79%|███████▉  | 6989/8810 [00:02<00:00, 3219.34it/s]
 83%|████████▎ | 7349/8810 [00:02<00:00, 3325.51it/s]
 87%|████████▋ | 7683/8810 [00:02<00:00, 3191.92it/s]
 91%|█████████ | 8005/8810 [00:02<00:00, 3022.93it/s]
 94%|█████████▍| 8310/8810 [00:02<00:00, 2879.07it/s]
 98%|█████████▊| 8601/8810 [00:02<00:00, 2866.80it/s]
100%|██████████| 8810/8810 [00:02<00:00, 3029.56it/s]
