
  0%|          | 0/8810 [00:00<?, ?it/s]
  2%|▏         | 181/8810 [00:00<00:05, 1503.81it/s]
  5%|▍         | 422/8810 [00:00<00:04, 1991.12it/s]
  7%|▋         | 656/8810 [00:00<00:04, 1885.86it/s]
 10%|▉         | 855/8810 [00:00<00:04, 1917.79it/s]
 12%|█▏        | 1050/8810 [00:00<00:04, 1757.93it/s]
 15%|█▍        | 1284/8810 [00:00<00:03, 1930.72it/s]
 17%|█▋        | 1481/8810 [00:00<00:04, 1761.95it/s]
 19%|█▉        | 1698/8810 [00:00<00:03, 1876.22it/s]
 21%|██▏       | 1891/8810 [00:01<00:04, 1689.53it/s]
 25%|██▍       | 2166/8810 [00:01<00:03, 1973.16it/s]
 27%|██▋       | 2372/8810 [00:01<00:03, 1781.79it/s]
 30%|██▉       | 2628/8810 [00:01<00:03, 1983.03it/s]
 32%|███▏      | 2836/8810 [00:01<00:03, 1781.26it/s]
 34%|███▍      | 3039/8810 [00:01<00:03, 1838.43it/s]
 37%|███▋      | 3231/8810 [00:01<00:03, 1687.13it/s]
 39%|███▊      | 3410/8810 [00:01<00:03, 1640.57it/s]
 41%|████▏     | 3648/8810 [00:02<00:02, 1831.02it/s]
 44%|████▎     | 3838/8810 [00:02<00:02, 1796.76it/s]
 46%|████▌     | 4073/8810 [00:02<00:02, 1944.36it/s]
 48%|████▊     | 4272/8810 [00:02<00:02, 1840.54it/s]
 51%|█████     | 4482/8810 [00:02<00:02, 1911.07it/s]
 53%|█████▎    | 4677/8810 [00:02<00:02, 1631.64it/s]
 55%|█████▌    | 4854/8810 [00:02<00:02, 1664.67it/s]
 57%|█████▋    | 5028/8810 [00:02<00:02, 1564.52it/s]
 59%|█████▉    | 5229/8810 [00:02<00:02, 1678.34it/s]
 61%|██████▏   | 5403/8810 [00:03<00:02, 1617.48it/s]
 64%|██████▍   | 5653/8810 [00:03<00:01, 1855.02it/s]
 66%|██████▋   | 5844/8810 [00:03<00:01, 1707.31it/s]
 68%|██████▊   | 6021/8810 [00:03<00:01, 1583.82it/s]
 70%|███████   | 6185/8810 [00:03<00:01, 1580.06it/s]
 73%|███████▎  | 6400/8810 [00:03<00:01, 1603.14it/s]
 75%|███████▍  | 6588/8810 [00:03<00:01, 1673.32it/s]
 78%|███████▊  | 6836/8810 [00:03<00:01, 1888.62it/s]
 80%|███████▉  | 7029/8810 [00:03<00:01, 1734.17it/s]
 82%|████████▏ | 7208/8810 [00:04<00:00, 1700.23it/s]
 84%|████████▍ | 7382/8810 [00:04<00:00, 1664.60it/s]
 86%|████████▌ | 7551/8810 [00:04<00:00, 1599.40it/s]
 88%|████████▊ | 7715/8810 [00:04<00:00, 1585.38it/s]
 90%|████████▉ | 7895/8810 [00:04<00:00, 1638.95it/s]
 91%|█████████▏| 8060/8810 [00:04<00:00, 1502.34it/s]
 94%|█████████▎| 8245/8810 [00:04<00:00, 1594.67it/s]
 95%|█████████▌| 8408/8810 [00:04<00:00, 1514.70it/s]
 98%|█████████▊| 8627/8810 [00:04<00:00, 1696.63it/s]
100%|█████████▉| 8801/8810 [00:05<00:00, 1599.44it/s]
100%|██████████| 8810/8810 [00:05<00:00, 1721.51it/s]
