
  0%|          | 0/8810 [00:00<?, ?it/s]
  3%|▎         | 282/8810 [00:00<00:03, 2812.56it/s]
  7%|▋         | 636/8810 [00:00<00:02, 3235.91it/s]
 11%|█         | 960/8810 [00:00<00:02, 2845.26it/s]
 14%|█▍        | 1250/8810 [00:00<00:02, 2858.86it/s]
 17%|█▋        | 1539/8810 [00:00<00:02, 2699.76it/s]
 21%|██        | 1847/8810 [00:00<00:02, 2815.50it/s]
 26%|██▌       | 2263/8810 [00:00<00:02, 3041.84it/s]
 31%|███       | 2707/8810 [00:00<00:01, 3450.19it/s]
 35%|███▍      | 3056/8810 [00:00<00:01, 3373.81it/s]
 39%|███▊      | 3396/8810 [00:01<00:01, 3334.65it/s]
 42%|████▏     | 3732/8810 [00:01<00:01, 3287.01it/s]
 46%|████▌     | 4073/8810 [00:01<00:01, 3321.56it/s]
 50%|█████     | 4437/8810 [00:01<00:01, 3411.94it/s]
 54%|█████▍    | 4780/8810 [00:01<00:01, 3239.90it/s]
 58%|█████▊    | 5107/8810 [00:01<00:01, 3123.44it/s]
 62%|██████▏   | 5422/8810 [00:01<00:01, 3066.61it/s]
 65%|██████▌   | 5756/8810 [00:01<00:00, 3142.97it/s]
 69%|██████▉   | 6072/8810 [00:01<00:00, 3036.29it/s]
 73%|███████▎  | 6400/8810 [00:02<00:00, 3048.31it/s]
 78%|███████▊  | 6838/8810 [00:02<00:00, 3427.14it/s]
 82%|████████▏ | 7184/8810 [00:02<00:00, 3363.79it/s]
 85%|████████▌ | 7523/8810 [00:02<00:00, 3317.13it/s]
 89%|████████▉ | 7857/8810 [00:02<00:00, 3280.28it/s]
 93%|█████████▎| 8186/8810 [00:02<00:00, 3197.61it/s]
 97%|█████████▋| 8507/8810 [00:02<00:00, 3164.95it/s]
100%|██████████| 8810/8810 [00:02<00:00, 3173.05it/s]
