
  0%|          | 0/8810 [00:00<?, ?it/s]
  3%|▎         | 238/8810 [00:00<00:03, 2367.74it/s]
  5%|▌         | 475/8810 [00:00<00:03, 2360.95it/s]
  8%|▊         | 712/8810 [00:00<00:03, 2197.28it/s]
 11%|█▏        | 996/8810 [00:00<00:03, 2272.63it/s]
 15%|█▌        | 1348/8810 [00:00<00:02, 2684.32it/s]
 18%|█▊        | 1620/8810 [00:00<00:02, 2506.83it/s]
 21%|██▏       | 1875/8810 [00:00<00:02, 2333.39it/s]
 25%|██▌       | 2217/8810 [00:00<00:02, 2634.60it/s]
 28%|██▊       | 2487/8810 [00:00<00:02, 2629.67it/s]
 31%|███▏      | 2772/8810 [00:01<00:02, 2692.03it/s]
 35%|███▍      | 3057/8810 [00:01<00:02, 2612.11it/s]
 38%|███▊      | 3328/8810 [00:01<00:02, 2632.18it/s]
 41%|████      | 3594/8810 [00:01<00:02, 2561.56it/s]
 44%|████▎     | 3852/8810 [00:01<00:01, 2486.85it/s]
 47%|████▋     | 4180/8810 [00:01<00:01, 2522.17it/s]
 51%|█████▏    | 4520/8810 [00:01<00:01, 2758.86it/s]
 54%|█████▍    | 4799/8810 [00:01<00:01, 2606.70it/s]
 57%|█████▋    | 5063/8810 [00:01<00:01, 2541.93it/s]
 61%|██████    | 5372/8810 [00:02<00:01, 2527.75it/s]
 64%|██████▍   | 5627/8810 [00:02<00:01, 2438.37it/s]
 67%|██████▋   | 5872/8810 [00:02<00:01, 2237.09it/s]
 69%|██████▉   | 6099/8810 [00:02<00:01, 2243.39it/s]
 73%|███████▎  | 6400/8810 [00:02<00:01, 2276.53it/s]
 76%|███████▋  | 6722/8810 [00:02<00:00, 2526.47it/s]
 79%|███████▉  | 6979/8810 [00:02<00:00, 2525.33it/s]
 82%|████████▏ | 7237/8810 [00:02<00:00, 2539.52it/s]
 85%|████████▌ | 7494/8810 [00:03<00:00, 2420.51it/s]
 88%|████████▊ | 7739/8810 [00:03<00:00, 2215.61it/s]
 90%|█████████ | 7965/8810 [00:03<00:00, 2209.22it/s]
 93%|█████████▎| 8189/8810 [00:03<00:00, 2086.44it/s]
 95%|█████████▌| 8401/8810 [00:03<00:00, 1903.40it/s]
 98%|█████████▊| 8671/8810 [00:03<00:00, 2108.86it/s]
100%|██████████| 8810/8810 [00:03<00:00, 2379.04it/s]
