
  0%|          | 0/8810 [00:00<?, ?it/s]
  2%|▏         | 181/8810 [00:00<00:06, 1330.51it/s]
  5%|▍         | 434/8810 [00:00<00:04, 1935.95it/s]
  8%|▊         | 670/8810 [00:00<00:03, 2114.10it/s]
 10%|█         | 896/8810 [00:00<00:03, 2164.56it/s]
 13%|█▎        | 1117/8810 [00:00<00:03, 2118.63it/s]
 15%|█▌        | 1347/8810 [00:00<00:03, 2174.97it/s]
 18%|█▊        | 1567/8810 [00:00<00:03, 1842.75it/s]
 20%|██        | 1795/8810 [00:00<00:03, 1960.61it/s]
 23%|██▎       | 1999/8810 [00:01<00:03, 1779.52it/s]
 26%|██▌       | 2263/8810 [00:01<00:03, 1887.55it/s]
 28%|██▊       | 2457/8810 [00:01<00:03, 1877.58it/s]
 30%|███       | 2676/8810 [00:01<00:03, 1951.82it/s]
 33%|███▎      | 2875/8810 [00:01<00:03, 1845.29it/s]
 35%|███▍      | 3063/8810 [00:01<00:03, 1809.33it/s]
 38%|███▊      | 3330/8810 [00:01<00:02, 2041.89it/s]
 40%|████      | 3538/8810 [00:01<00:02, 1819.67it/s]
 43%|████▎     | 3774/8810 [00:01<00:02, 1934.87it/s]
 46%|████▌     | 4070/8810 [00:02<00:02, 2207.78it/s]
 49%|████▉     | 4298/8810 [00:02<00:02, 2167.71it/s]
 52%|█████▏    | 4538/8810 [00:02<00:01, 2232.00it/s]
 54%|█████▍    | 4765/8810 [00:02<00:01, 2037.48it/s]
 56%|█████▋    | 4975/8810 [00:02<00:02, 1894.35it/s]
 60%|█████▉    | 5265/8810 [00:02<00:01, 2153.70it/s]
 62%|██████▏   | 5488/8810 [00:02<00:01, 2107.13it/s]
 65%|██████▌   | 5754/8810 [00:02<00:01, 2219.09it/s]
 68%|██████▊   | 5980/8810 [00:02<00:01, 2205.48it/s]
 70%|███████   | 6204/8810 [00:03<00:01, 2099.75it/s]
 73%|███████▎  | 6417/8810 [00:03<00:01, 1974.34it/s]
 75%|███████▌  | 6621/8810 [00:03<00:01, 1990.70it/s]
 78%|███████▊  | 6897/8810 [00:03<00:00, 2202.73it/s]
 81%|████████  | 7121/8810 [00:03<00:00, 2033.31it/s]
 84%|████████▎ | 7360/8810 [00:03<00:00, 1968.87it/s]
 86%|████████▌ | 7574/8810 [00:03<00:00, 2005.89it/s]
 88%|████████▊ | 7778/8810 [00:03<00:00, 1747.33it/s]
 91%|█████████ | 7999/8810 [00:04<00:00, 1862.93it/s]
 93%|█████████▎| 8193/8810 [00:04<00:00, 1799.54it/s]
 95%|█████████▌| 8378/8810 [00:04<00:00, 1781.93it/s]
 98%|█████████▊| 8648/8810 [00:04<00:00, 2028.78it/s]
100%|██████████| 8810/8810 [00:04<00:00, 1985.54it/s]
