
  0%|          | 0/8810 [00:00<?, ?it/s]
  2%|▏         | 181/8810 [00:00<00:06, 1308.86it/s]
  5%|▍         | 403/8810 [00:00<00:04, 1769.09it/s]
  7%|▋         | 608/8810 [00:00<00:04, 1887.02it/s]
  9%|▉         | 802/8810 [00:00<00:04, 1644.36it/s]
 11%|█         | 973/8810 [00:00<00:04, 1639.28it/s]
 13%|█▎        | 1142/8810 [00:00<00:04, 1553.10it/s]
 15%|█▌        | 1340/8810 [00:00<00:04, 1674.28it/s]
 17%|█▋        | 1511/8810 [00:00<00:04, 1570.08it/s]
 19%|█▉        | 1709/8810 [00:01<00:04, 1682.86it/s]
 21%|██▏       | 1881/8810 [00:01<00:04, 1529.47it/s]
 24%|██▍       | 2145/8810 [00:01<00:03, 1828.82it/s]
 27%|██▋       | 2335/8810 [00:01<00:03, 1681.64it/s]
 29%|██▉       | 2580/8810 [00:01<00:03, 1884.72it/s]
 32%|███▏      | 2776/8810 [00:01<00:03, 1729.54it/s]
 34%|███▎      | 2956/8810 [00:01<00:03, 1746.79it/s]
 36%|███▌      | 3136/8810 [00:01<00:03, 1591.59it/s]
 38%|███▊      | 3316/8810 [00:01<00:03, 1640.24it/s]
 40%|███▉      | 3485/8810 [00:02<00:03, 1542.37it/s]
 42%|████▏     | 3709/8810 [00:02<00:02, 1720.59it/s]
 44%|████▍     | 3886/8810 [00:02<00:03, 1628.03it/s]
 47%|████▋     | 4145/8810 [00:02<00:02, 1884.35it/s]
 49%|████▉     | 4340/8810 [00:02<00:02, 1730.01it/s]
 52%|█████▏    | 4550/8810 [00:02<00:02, 1821.93it/s]
 54%|█████▍    | 4738/8810 [00:02<00:02, 1626.95it/s]
 56%|█████▌    | 4908/8810 [00:02<00:02, 1643.32it/s]
 58%|█████▊    | 5078/8810 [00:03<00:02, 1530.80it/s]
 60%|██████    | 5301/8810 [00:03<00:02, 1713.49it/s]
 62%|██████▏   | 5479/8810 [00:03<00:02, 1619.15it/s]
 65%|██████▍   | 5701/8810 [00:03<00:01, 1776.63it/s]
 67%|██████▋   | 5884/8810 [00:03<00:01, 1651.32it/s]
 69%|██████▊   | 6054/8810 [00:03<00:01, 1481.58it/s]
 71%|███████   | 6255/8810 [00:03<00:01, 1611.49it/s]
 73%|███████▎  | 6423/8810 [00:03<00:01, 1477.09it/s]
 75%|███████▌  | 6633/8810 [00:03<00:01, 1634.87it/s]
 78%|███████▊  | 6887/8810 [00:04<00:01, 1874.32it/s]
 80%|████████  | 7082/8810 [00:04<00:00, 1744.52it/s]
 82%|████████▏ | 7264/8810 [00:04<00:00, 1741.57it/s]
 84%|████████▍ | 7443/8810 [00:04<00:00, 1688.79it/s]
 86%|████████▋ | 7616/8810 [00:04<00:00, 1629.82it/s]
 88%|████████▊ | 7782/8810 [00:04<00:00, 1524.50it/s]
 90%|█████████ | 7967/8810 [00:04<00:00, 1608.92it/s]
 92%|█████████▏| 8131/8810 [00:04<00:00, 1434.37it/s]
 94%|█████████▍| 8317/8810 [00:05<00:00, 1542.46it/s]
 96%|█████████▌| 8477/8810 [00:05<00:00, 1477.41it/s]
 99%|█████████▊| 8693/8810 [00:05<00:00, 1653.78it/s]
100%|██████████| 8810/8810 [00:05<00:00, 1645.71it/s]
