
  0%|          | 0/8810 [00:00<?, ?it/s]
  4%|▍         | 346/8810 [00:00<00:02, 3446.04it/s]
  8%|▊         | 696/8810 [00:00<00:02, 3473.09it/s]
 12%|█▏        | 1044/8810 [00:00<00:02, 3182.41it/s]
 16%|█▌        | 1400/8810 [00:00<00:02, 3318.72it/s]
 20%|█▉        | 1735/8810 [00:00<00:02, 3129.22it/s]
 23%|██▎       | 2051/8810 [00:00<00:02, 2943.10it/s]
 27%|██▋       | 2349/8810 [00:00<00:02, 2902.32it/s]
 31%|███       | 2744/8810 [00:00<00:01, 3064.31it/s]
 35%|███▍      | 3057/8810 [00:00<00:01, 2989.93it/s]
 39%|███▊      | 3396/8810 [00:01<00:01, 3103.35it/s]
 42%|████▏     | 3708/8810 [00:01<00:01, 3063.72it/s]
 46%|████▌     | 4016/8810 [00:01<00:01, 2818.96it/s]
 49%|████▉     | 4311/8810 [00:01<00:01, 2853.02it/s]
 52%|█████▏    | 4625/8810 [00:01<00:01, 2841.88it/s]
 56%|█████▌    | 4912/8810 [00:01<00:01, 2831.07it/s]
 59%|█████▉    | 5199/8810 [00:01<00:01, 2840.98it/s]
 62%|██████▏   | 5492/8810 [00:01<00:01, 2865.40it/s]
 66%|██████▌   | 5819/8810 [00:01<00:01, 2978.38it/s]
 69%|██████▉   | 6118/8810 [00:02<00:00, 2812.85it/s]
 73%|███████▎  | 6410/8810 [00:02<00:00, 2842.44it/s]
 77%|███████▋  | 6820/8810 [00:02<00:00, 3201.66it/s]
 81%|████████  | 7144/8810 [00:02<00:00, 3211.10it/s]
 85%|████████▍ | 7467/8810 [00:02<00:00, 2941.70it/s]
 88%|████████▊ | 7767/8810 [00:02<00:00, 2890.72it/s]
 91%|█████████▏| 8060/8810 [00:02<00:00, 2819.49it/s]
 95%|█████████▍| 8361/8810 [00:02<00:00, 2806.92it/s]
 99%|█████████▉| 8702/8810 [00:02<00:00, 2809.84it/s]
100%|██████████| 8810/8810 [00:02<00:00, 2963.93it/s]
