
  0%|          | 0/8810 [00:00<?, ?it/s]
  2%|▏         | 181/8810 [00:00<00:05, 1693.46it/s]
  5%|▍         | 411/8810 [00:00<00:04, 2031.48it/s]
  7%|▋         | 648/8810 [00:00<00:03, 2179.23it/s]
 10%|▉         | 867/8810 [00:00<00:04, 1789.17it/s]
 12%|█▏        | 1055/8810 [00:00<00:04, 1750.03it/s]
 15%|█▍        | 1309/8810 [00:00<00:03, 1985.16it/s]
 17%|█▋        | 1514/8810 [00:00<00:03, 1827.90it/s]
 20%|█▉        | 1754/8810 [00:00<00:03, 1987.64it/s]
 22%|██▏       | 1959/8810 [00:01<00:03, 1860.73it/s]
 25%|██▌       | 2226/8810 [00:01<00:03, 2082.68it/s]
 28%|██▊       | 2441/8810 [00:01<00:03, 1995.77it/s]
 31%|███       | 2694/8810 [00:01<00:02, 2141.62it/s]
 33%|███▎      | 2913/8810 [00:01<00:03, 1963.63it/s]
 35%|███▌      | 3115/8810 [00:01<00:03, 1888.33it/s]
 38%|███▊      | 3328/8810 [00:01<00:02, 1952.22it/s]
 40%|████      | 3527/8810 [00:01<00:02, 1830.37it/s]
 43%|████▎     | 3774/8810 [00:01<00:02, 1863.95it/s]
 46%|████▌     | 4009/8810 [00:02<00:02, 1991.88it/s]
 48%|████▊     | 4212/8810 [00:02<00:02, 1990.73it/s]
 51%|█████     | 4466/8810 [00:02<00:02, 2137.59it/s]
 53%|█████▎    | 4683/8810 [00:02<00:02, 1901.20it/s]
 56%|█████▌    | 4890/8810 [00:02<00:02, 1945.31it/s]
 58%|█████▊    | 5090/8810 [00:02<00:02, 1791.40it/s]
 60%|██████    | 5326/8810 [00:02<00:01, 1940.25it/s]
 63%|██████▎   | 5526/8810 [00:02<00:01, 1820.67it/s]
 65%|██████▌   | 5754/8810 [00:02<00:01, 1830.04it/s]
 67%|██████▋   | 5941/8810 [00:03<00:01, 1780.06it/s]
 69%|██████▉   | 6122/8810 [00:03<00:01, 1726.50it/s]
 72%|███████▏  | 6381/8810 [00:03<00:01, 1958.46it/s]
 75%|███████▍  | 6581/8810 [00:03<00:01, 1820.78it/s]
 78%|███████▊  | 6887/8810 [00:03<00:00, 2148.11it/s]
 81%|████████  | 7109/8810 [00:03<00:00, 2051.72it/s]
 84%|████████▎ | 7358/8810 [00:03<00:00, 2169.10it/s]
 86%|████████▌ | 7580/8810 [00:03<00:00, 1962.83it/s]
 88%|████████▊ | 7783/8810 [00:04<00:00, 1870.31it/s]
 91%|█████████ | 8001/8810 [00:04<00:00, 1947.15it/s]
 93%|█████████▎| 8200/8810 [00:04<00:00, 1783.43it/s]
 95%|█████████▌| 8384/8810 [00:04<00:00, 1695.52it/s]
 98%|█████████▊| 8623/8810 [00:04<00:00, 1871.26it/s]
100%|██████████| 8810/8810 [00:04<00:00, 1910.38it/s]
