
  0%|          | 0/8810 [00:00<?, ?it/s]
  2%|▏         | 186/8810 [00:00<00:04, 1848.92it/s]
  5%|▌         | 472/8810 [00:00<00:03, 2437.39it/s]
  8%|▊         | 716/8810 [00:00<00:03, 2157.89it/s]
 11%|█         | 979/8810 [00:00<00:03, 2325.08it/s]
 14%|█▍        | 1215/8810 [00:00<00:03, 2214.98it/s]
 17%|█▋        | 1457/8810 [00:00<00:03, 2140.18it/s]
 19%|█▉        | 1674/8810 [00:00<00:03, 2146.21it/s]
 21%|██▏       | 1891/8810 [00:00<00:03, 2058.01it/s]
 25%|██▌       | 2218/8810 [00:00<00:02, 2400.53it/s]
 28%|██▊       | 2462/8810 [00:01<00:02, 2176.38it/s]
 31%|███       | 2744/8810 [00:01<00:02, 2222.69it/s]
 34%|███▎      | 2971/8810 [00:01<00:02, 2175.36it/s]
 36%|███▌      | 3191/8810 [00:01<00:02, 2061.36it/s]
 39%|███▊      | 3410/8810 [00:01<00:02, 2007.87it/s]
 42%|████▏     | 3720/8810 [00:01<00:02, 2300.02it/s]
 45%|████▍     | 3955/8810 [00:01<00:02, 2165.90it/s]
 48%|████▊     | 4199/8810 [00:01<00:02, 2239.17it/s]
 51%|█████     | 4508/8810 [00:02<00:01, 2473.69it/s]
 54%|█████▍    | 4760/8810 [00:02<00:01, 2224.11it/s]
 57%|█████▋    | 4990/8810 [00:02<00:01, 2081.43it/s]
 60%|█████▉    | 5269/8810 [00:02<00:01, 2262.96it/s]
 62%|██████▏   | 5503/8810 [00:02<00:01, 2191.69it/s]
 65%|██████▌   | 5754/8810 [00:02<00:01, 2216.31it/s]
 68%|██████▊   | 5980/8810 [00:02<00:01, 2183.80it/s]
 70%|███████   | 6201/8810 [00:02<00:01, 2065.55it/s]
 73%|███████▎  | 6410/8810 [00:02<00:01, 2027.09it/s]
 76%|███████▋  | 6721/8810 [00:03<00:00, 2323.66it/s]
 79%|███████▉  | 6967/8810 [00:03<00:00, 2361.48it/s]
 82%|████████▏ | 7206/8810 [00:03<00:00, 2142.52it/s]
 84%|████████▍ | 7426/8810 [00:03<00:00, 2125.17it/s]
 87%|████████▋ | 7643/8810 [00:03<00:00, 2073.90it/s]
 89%|████████▉ | 7853/8810 [00:03<00:00, 1951.31it/s]
 91%|█████████▏| 8051/8810 [00:03<00:00, 1890.11it/s]
 94%|█████████▎| 8259/8810 [00:03<00:00, 1939.78it/s]
 96%|█████████▌| 8455/8810 [00:03<00:00, 1760.39it/s]
 99%|█████████▉| 8702/8810 [00:04<00:00, 1825.53it/s]
100%|██████████| 8810/8810 [00:04<00:00, 2123.64it/s]
