
  0%|          | 0/8810 [00:00<?, ?it/s]
  2%|▏         | 181/8810 [00:00<00:05, 1541.79it/s]
  5%|▍         | 423/8810 [00:00<00:04, 2011.53it/s]
  7%|▋         | 656/8810 [00:00<00:04, 1865.42it/s]
 10%|▉         | 853/8810 [00:00<00:04, 1902.10it/s]
 12%|█▏        | 1046/8810 [00:00<00:04, 1723.59it/s]
 14%|█▍        | 1251/8810 [00:00<00:04, 1816.24it/s]
 17%|█▋        | 1457/8810 [00:00<00:04, 1687.28it/s]
 19%|█▉        | 1657/8810 [00:00<00:04, 1771.83it/s]
 21%|██        | 1839/8810 [00:01<00:04, 1643.47it/s]
 23%|██▎       | 2056/8810 [00:01<00:03, 1784.99it/s]
 26%|██▌       | 2263/8810 [00:01<00:03, 1730.97it/s]
 28%|██▊       | 2501/8810 [00:01<00:03, 1901.93it/s]
 31%|███       | 2734/8810 [00:01<00:03, 2019.71it/s]
 33%|███▎      | 2941/8810 [00:01<00:03, 1718.77it/s]
 35%|███▌      | 3123/8810 [00:01<00:03, 1638.44it/s]
 38%|███▊      | 3312/8810 [00:01<00:03, 1702.46it/s]
 40%|███▉      | 3489/8810 [00:02<00:03, 1563.35it/s]
 42%|████▏     | 3709/8810 [00:02<00:02, 1725.10it/s]
 44%|████▍     | 3889/8810 [00:02<00:02, 1682.63it/s]
 47%|████▋     | 4123/8810 [00:02<00:02, 1858.29it/s]
 49%|████▉     | 4314/8810 [00:02<00:02, 1735.92it/s]
 51%|█████▏    | 4535/8810 [00:02<00:02, 1861.29it/s]
 54%|█████▎    | 4726/8810 [00:02<00:02, 1631.21it/s]
 56%|█████▌    | 4908/8810 [00:02<00:02, 1677.36it/s]
 58%|█████▊    | 5082/8810 [00:02<00:02, 1572.72it/s]
 60%|██████    | 5307/8810 [00:03<00:02, 1747.15it/s]
 62%|██████▏   | 5488/8810 [00:03<00:01, 1684.39it/s]
 65%|██████▌   | 5736/8810 [00:03<00:01, 1895.72it/s]
 67%|██████▋   | 5931/8810 [00:03<00:01, 1629.76it/s]
 69%|██████▉   | 6104/8810 [00:03<00:01, 1585.58it/s]
 72%|███████▏  | 6315/8810 [00:03<00:01, 1716.95it/s]
 74%|███████▎  | 6494/8810 [00:03<00:01, 1587.78it/s]
 77%|███████▋  | 6751/8810 [00:03<00:01, 1835.00it/s]
 79%|███████▉  | 6972/8810 [00:04<00:01, 1779.76it/s]
 81%|████████▏ | 7162/8810 [00:04<00:00, 1808.37it/s]
 84%|████████▎ | 7360/8810 [00:04<00:00, 1710.07it/s]
 86%|████████▌ | 7535/8810 [00:04<00:00, 1720.36it/s]
 88%|████████▊ | 7715/8810 [00:04<00:00, 1683.16it/s]
 90%|████████▉ | 7909/8810 [00:04<00:00, 1751.09it/s]
 92%|█████████▏| 8087/8810 [00:04<00:00, 1579.41it/s]
 94%|█████████▎| 8250/8810 [00:04<00:00, 1587.21it/s]
 95%|█████████▌| 8412/8810 [00:04<00:00, 1429.57it/s]
 98%|█████████▊| 8605/8810 [00:05<00:00, 1556.86it/s]
100%|█████████▉| 8766/8810 [00:05<00:00, 1494.62it/s]
100%|██████████| 8810/8810 [00:05<00:00, 1700.03it/s]
