
  0%|          | 0/8810 [00:00<?, ?it/s]
  2%|▏         | 181/8810 [00:00<00:05, 1579.99it/s]
  5%|▍         | 421/8810 [00:00<00:04, 2027.01it/s]
  7%|▋         | 638/8810 [00:00<00:03, 2081.56it/s]
 10%|▉         | 848/8810 [00:00<00:04, 1692.23it/s]
 12%|█▏        | 1027/8810 [00:00<00:04, 1631.82it/s]
 14%|█▍        | 1247/8810 [00:00<00:04, 1796.67it/s]
 16%|█▋        | 1433/8810 [00:00<00:04, 1806.73it/s]
 18%|█▊        | 1618/8810 [00:00<00:04, 1530.58it/s]
 21%|██        | 1814/8810 [00:01<00:04, 1634.38it/s]
 23%|██▎       | 1986/8810 [00:01<00:04, 1443.03it/s]
 25%|██▍       | 2195/8810 [00:01<00:04, 1601.93it/s]
 27%|██▋       | 2365/8810 [00:01<00:04, 1401.13it/s]
 29%|██▉       | 2581/8810 [00:01<00:03, 1583.02it/s]
 31%|███       | 2751/8810 [00:01<00:04, 1447.85it/s]
 33%|███▎      | 2905/8810 [00:01<00:04, 1446.94it/s]
 35%|███▍      | 3057/8810 [00:01<00:04, 1361.50it/s]
 37%|███▋      | 3231/8810 [00:02<00:03, 1456.76it/s]
 39%|███▊      | 3394/8810 [00:02<00:03, 1502.91it/s]
 40%|████      | 3549/8810 [00:02<00:03, 1377.21it/s]
 43%|████▎     | 3759/8810 [00:02<00:03, 1558.25it/s]
 44%|████▍     | 3920/8810 [00:02<00:03, 1404.08it/s]
 47%|████▋     | 4146/8810 [00:02<00:02, 1617.35it/s]
 49%|████▉     | 4315/8810 [00:02<00:02, 1541.63it/s]
 51%|█████▏    | 4522/8810 [00:02<00:02, 1676.90it/s]
 53%|█████▎    | 4696/8810 [00:03<00:02, 1458.67it/s]
 55%|█████▌    | 4863/8810 [00:03<00:02, 1510.30it/s]
 57%|█████▋    | 5021/8810 [00:03<00:02, 1331.25it/s]
 59%|█████▉    | 5203/8810 [00:03<00:02, 1449.76it/s]
 61%|██████    | 5366/8810 [00:03<00:02, 1493.56it/s]
 63%|██████▎   | 5522/8810 [00:03<00:02, 1346.79it/s]
 65%|██████▍   | 5699/8810 [00:03<00:02, 1450.33it/s]
 66%|██████▋   | 5851/8810 [00:03<00:02, 1228.63it/s]
 68%|██████▊   | 5984/8810 [00:04<00:02, 1188.01it/s]
 69%|██████▉   | 6110/8810 [00:04<00:02, 1174.69it/s]
 71%|███████▏  | 6287/8810 [00:04<00:01, 1326.34it/s]
 73%|███████▎  | 6426/8810 [00:04<00:01, 1243.85it/s]
 75%|███████▌  | 6627/8810 [00:04<00:01, 1441.83it/s]
 77%|███████▋  | 6821/8810 [00:04<00:01, 1571.54it/s]
 79%|███████▉  | 6984/8810 [00:04<00:01, 1499.02it/s]
 81%|████████▏ | 7160/8810 [00:04<00:01, 1565.70it/s]
 83%|████████▎ | 7344/8810 [00:04<00:00, 1641.93it/s]
 85%|████████▌ | 7512/8810 [00:05<00:00, 1436.43it/s]
 87%|████████▋ | 7700/8810 [00:05<00:00, 1547.74it/s]
 89%|████████▉ | 7861/8810 [00:05<00:00, 1369.69it/s]
 91%|█████████ | 8028/8810 [00:05<00:00, 1444.12it/s]
 93%|█████████▎| 8179/8810 [00:05<00:00, 1346.31it/s]
 94%|█████████▍| 8321/8810 [00:05<00:00, 1362.33it/s]
 96%|█████████▌| 8462/8810 [00:05<00:00, 1255.26it/s]
 98%|█████████▊| 8620/8810 [00:05<00:00, 1338.17it/s]
 99%|█████████▉| 8758/8810 [00:06<00:00, 1184.22it/s]
100%|██████████| 8810/8810 [00:06<00:00, 1456.78it/s]
