
  0%|          | 0/8810 [00:00<?, ?it/s]
  2%|▏         | 203/8810 [00:00<00:04, 2026.47it/s]
  7%|▋         | 591/8810 [00:00<00:02, 3114.51it/s]
 10%|█         | 903/8810 [00:00<00:03, 2585.12it/s]
 13%|█▎        | 1171/8810 [00:00<00:03, 2530.60it/s]
 17%|█▋        | 1457/8810 [00:00<00:02, 2490.86it/s]
 20%|██        | 1801/8810 [00:00<00:02, 2780.64it/s]
 24%|██▎       | 2085/8810 [00:00<00:02, 2577.71it/s]
 27%|██▋       | 2349/8810 [00:00<00:02, 2493.52it/s]
 31%|███       | 2731/8810 [00:01<00:02, 2863.87it/s]
 34%|███▍      | 3024/8810 [00:01<00:02, 2733.64it/s]
 37%|███▋      | 3303/8810 [00:01<00:02, 2653.07it/s]
 41%|████      | 3572/8810 [00:01<00:01, 2639.73it/s]
 44%|████▎     | 3839/8810 [00:01<00:01, 2579.84it/s]
 47%|████▋     | 4166/8810 [00:01<00:01, 2773.40it/s]
 50%|█████     | 4446/8810 [00:01<00:01, 2548.80it/s]
 53%|█████▎    | 4706/8810 [00:01<00:01, 2365.76it/s]
 56%|█████▌    | 4948/8810 [00:01<00:01, 2321.80it/s]
 60%|██████    | 5293/8810 [00:02<00:01, 2624.09it/s]
 63%|██████▎   | 5566/8810 [00:02<00:01, 2649.72it/s]
 66%|██████▋   | 5846/8810 [00:02<00:01, 2689.88it/s]
 69%|██████▉   | 6119/8810 [00:02<00:01, 2543.29it/s]
 73%|███████▎  | 6400/8810 [00:02<00:00, 2521.64it/s]
 76%|███████▌  | 6699/8810 [00:02<00:00, 2649.48it/s]
 79%|███████▉  | 6968/8810 [00:02<00:00, 2658.72it/s]
 82%|████████▏ | 7236/8810 [00:02<00:00, 2361.94it/s]
 85%|████████▍ | 7480/8810 [00:02<00:00, 2368.18it/s]
 88%|████████▊ | 7722/8810 [00:03<00:00, 2343.95it/s]
 91%|█████████ | 7999/8810 [00:03<00:00, 2455.56it/s]
 94%|█████████▎| 8248/8810 [00:03<00:00, 2338.03it/s]
 96%|█████████▋| 8485/8810 [00:03<00:00, 2330.13it/s]
 99%|█████████▉| 8721/8810 [00:03<00:00, 2194.09it/s]
100%|██████████| 8810/8810 [00:03<00:00, 2519.20it/s]
