P2B_START 13:12
[P2b] targets [1, 2, 7, 12, 13, 15, 21, 22, 24, 25, 29, 3, 19, 23] (primary [1, 2, 7, 12, 13, 15, 21, 22, 24, 25, 29], secondary [3, 19, 23])
[P2b] task 1 F_O 0.75: NOEFFECT cert=R_exp p=1.0 n=4 (41.3s)
[P2b] task 1 F_O 0.875: NOEFFECT cert=R_exp p=1.0 n=4 (39.4s)
[P2b] task 1 F_O 0.9375: ZERO cert=R_exp p=0.0 n=4 (172.2s)
[P2b] task 1 F_O 0.9062: NOEFFECT cert=R_exp p=1.0 n=4 (50.3s)
[P2b] task 1 F_H 18: NOEFFECT cert=R_exp_by_construction p=1.0 n=4 (38.4s)
[P2b] task 1 F_H 15: NOEFFECT cert=R_exp_by_construction p=1.0 n=4 (41.6s)
[P2b] task 1 F_H 12: NOEFFECT cert=R_exp_by_construction p=1.0 n=4 (48.3s)
[P2b] task 1 F_S0p oracle_scan: SCAN cert=None p=None n=0 (0s)
[P2b] task 1 F_S0p 1: NOEFFECT cert=R_exp p=1.0 n=4 (29.1s)
[P2b] task 2 F_O 0.75: OVERSHOOT cert=R_exp p=0.125 n=8 (284.0s)
[P2b] task 2 F_O 0.625: ZERO cert=R_exp p=0.0 n=4 (126.0s)
[P2b] task 2 F_O 0.5625: NOEFFECT cert=R_exp p=1.0 n=4 (69.1s)
[P2b] task 2 F_O 0.5938: NEAR cert=R_exp p=0.75 n=8 (188.0s)
[P2b] task 2 F_H None: INFEASIBLE cert=None p=None n=0 (0s)
[P2b] task 2 F_S0p oracle_scan: SCAN cert=None p=None n=0 (0s)
[P2b] task 2 F_S0p 1: NOEFFECT cert=R_exp p=1.0 n=4 (85.9s)
[P2b] task 2 F_S0p 2: NOEFFECT cert=R_exp p=0.875 n=8 (278.2s)
[P2b] task 7 F_O 0.75: NOEFFECT cert=R_exp p=1.0 n=4 (44.6s)
[P2b] task 7 F_O 0.875: NOEFFECT cert=R_exp p=1.0 n=4 (35.0s)
[P2b] task 7 F_O 0.9375: NOEFFECT cert=R_exp p=1.0 n=4 (87.9s)
[P2b] task 7 F_O 0.9688: NOEFFECT cert=R_exp p=1.0 n=4 (95.5s)
[P2b] task 7 F_H 13: IN-BAND cert=R_exp_by_construction p=0.625 n=8 (105.5s)
[P2b] task 12 F_O 0.75: NOEFFECT cert=R_exp p=1.0 n=4 (113.7s)
[P2b] task 12 F_O 0.875: IN-BAND cert=R_exp p=0.625 n=8 (275.3s)
[P2b] task 13 F_O 0.75: NOEFFECT cert=R_exp p=1.0 n=4 (119.9s)
[P2b] task 13 F_O 0.875: IN-BAND cert=R_exp p=0.375 n=8 (263.4s)
[P2b] task 15 F_O 0.75: IN-BAND cert=R_exp p=0.5 n=8 (322.2s)
[P2b] task 21 F_O 0.75: NOEFFECT cert=R_exp p=1.0 n=4 (35.9s)
[P2b] task 21 F_O 0.875: IN-BAND cert=R_exp p=0.625 n=8 (242.9s)
[P2b] task 22 F_O 0.75: IN-BAND cert=R_post_hoc p=0.5 n=8 (282.7s)
[P2b] task 24 F_O 0.75: NOEFFECT cert=R_exp p=0.875 n=8 (219.9s)
[P2b] task 24 F_O 0.875: NOEFFECT cert=R_exp p=1.0 n=4 (73.3s)
[P2b] task 24 F_O 0.9375: ZERO cert=R_exp p=0.0 n=4 (141.6s)
[P2b] task 24 F_O 0.9062: NOEFFECT cert=R_exp p=1.0 n=4 (74.6s)
[P2b] task 24 F_H 40: NOEFFECT cert=R_exp_by_construction p=1.0 n=4 (40.5s)
[P2b] task 24 F_H 37: NOEFFECT cert=R_exp_by_construction p=1.0 n=4 (40.5s)
[P2b] task 24 F_H 34: NOEFFECT cert=R_exp_by_construction p=1.0 n=4 (38.4s)
[P2b] task 24 F_S0p oracle_scan: SCAN cert=None p=None n=0 (0s)
[P2b] task 24 F_S0p 1: NOEFFECT cert=R_exp p=1.0 n=4 (108.0s)
[P2b] task 24 F_S0p 2: NOEFFECT cert=R_exp p=1.0 n=4 (116.3s)
[P2b] task 25 F_O 0.75: NOEFFECT cert=R_exp p=1.0 n=4 (94.1s)
[P2b] task 25 F_O 0.875: NOEFFECT cert=R_exp p=0.875 n=8 (312.7s)
[P2b] task 25 F_O 0.9375: NOEFFECT cert=R_exp p=1.0 n=4 (154.5s)
[P2b] task 25 F_O 0.9688: NOEFFECT cert=R_exp p=1.0 n=4 (130.3s)
[P2b] task 25 F_H 30: NOEFFECT cert=R_exp_by_construction p=1.0 n=4 (22.9s)
[P2b] task 25 F_H 27: NOEFFECT cert=R_exp_by_construction p=1.0 n=4 (29.5s)
[P2b] task 25 F_H 24: NOEFFECT cert=R_exp_by_construction p=1.0 n=4 (24.8s)
[P2b] task 25 F_S0p oracle_scan: SCAN cert=None p=None n=0 (0s)
[P2b] task 25 F_S0p None: INFEASIBLE cert=None p=None n=0 (0s)
[P2b] task 29 F_O 0.75: NOEFFECT cert=R_exp p=1.0 n=4 (57.9s)
[P2b] task 29 F_O 0.875: NOEFFECT cert=R_exp p=1.0 n=4 (68.6s)
[P2b] task 29 F_O 0.9375: NOEFFECT cert=R_exp p=1.0 n=4 (65.3s)
[P2b] task 29 F_O 0.9688: IN-BAND cert=R_exp p=0.625 n=8 (262.0s)
[P2b] task 3 F_O 0.75: NOEFFECT cert=R_exp p=1.0 n=4 (84.8s)
[P2b] task 3 F_O 0.875: NOEFFECT cert=R_exp p=1.0 n=4 (96.5s)
[P2b] task 3 F_O 0.9375: ZERO cert=R_exp p=0.0 n=4 (157.0s)
[P2b] task 3 F_O 0.9062: NEAR cert=R_exp p=0.25 n=8 (297.1s)
[P2b] task 3 F_H 21: NOEFFECT cert=R_exp_by_construction p=0.875 n=8 (121.0s)
[P2b] task 3 F_H 18: NOEFFECT cert=R_exp_by_construction p=0.875 n=8 (105.8s)
[P2b] task 3 F_H 15: NOEFFECT cert=R_exp_by_construction p=0.875 n=8 (74.8s)
[P2b] task 3 F_S0p oracle_scan: SCAN cert=None p=None n=0 (0s)
[P2b] task 3 F_S0p 1: NOEFFECT cert=R_exp p=1.0 n=4 (27.7s)
[P2b] task 3 F_S0p 2: NOEFFECT cert=R_exp p=1.0 n=4 (27.3s)
[P2b] task 19 F_O 0.75: IN-BAND cert=R_exp p=0.375 n=8 (288.9s)
[P2b] task 23 F_O 0.75: IN-BAND cert=R_exp p=0.625 n=8 (268.9s)
[P2b] done
P2B_DONE 15:39
   22,
   "F_O",
   0.75
  ],
  [
   29,
   "F_O",
   0.9688
  ]
 ]
}
leverage: {'F_O': '0.818 [0.545, 1.000] (n=11, tasks=11)', 'F_H': '0.250 [0.000, 0.750] (n=4, tasks=4)', 'F_S0p': '0.000 [0.000, 0.000] (n=3, tasks=3)'}
P2B_ANALYZED 15:39
