
  0%|          | 0/8810 [00:00<?, ?it/s]
  2%|▏         | 181/8810 [00:00<00:05, 1533.75it/s]
  4%|▍         | 382/8810 [00:00<00:04, 1786.80it/s]
  7%|▋         | 594/8810 [00:00<00:04, 1926.47it/s]
  9%|▉         | 789/8810 [00:00<00:04, 1650.97it/s]
 11%|█         | 960/8810 [00:00<00:05, 1535.77it/s]
 13%|█▎        | 1118/8810 [00:00<00:05, 1456.54it/s]
 14%|█▍        | 1267/8810 [00:00<00:05, 1460.64it/s]
 16%|█▌        | 1415/8810 [00:00<00:05, 1293.08it/s]
 18%|█▊        | 1548/8810 [00:01<00:05, 1241.55it/s]
 19%|█▉        | 1690/8810 [00:01<00:05, 1287.32it/s]
 21%|██        | 1822/8810 [00:01<00:05, 1263.67it/s]
 22%|██▏       | 1971/8810 [00:01<00:05, 1326.06it/s]
 24%|██▍       | 2133/8810 [00:01<00:04, 1408.80it/s]
 26%|██▌       | 2276/8810 [00:01<00:05, 1277.00it/s]
 28%|██▊       | 2446/8810 [00:01<00:04, 1390.98it/s]
 30%|██▉       | 2614/8810 [00:01<00:04, 1469.24it/s]
 31%|███▏      | 2764/8810 [00:01<00:04, 1396.75it/s]
 33%|███▎      | 2913/8810 [00:02<00:04, 1419.26it/s]
 35%|███▍      | 3057/8810 [00:02<00:04, 1359.06it/s]
 36%|███▋      | 3200/8810 [00:02<00:04, 1374.88it/s]
 38%|███▊      | 3362/8810 [00:02<00:03, 1438.46it/s]
 40%|███▉      | 3508/8810 [00:02<00:04, 1247.56it/s]
 42%|████▏     | 3680/8810 [00:02<00:03, 1366.43it/s]
 43%|████▎     | 3824/8810 [00:02<00:03, 1383.33it/s]
 45%|████▌     | 3978/8810 [00:02<00:03, 1425.35it/s]
 47%|████▋     | 4169/8810 [00:02<00:02, 1562.07it/s]
 49%|████▉     | 4328/8810 [00:03<00:03, 1469.85it/s]
 51%|█████     | 4500/8810 [00:03<00:02, 1537.12it/s]
 53%|█████▎    | 4657/8810 [00:03<00:02, 1432.54it/s]
 55%|█████▍    | 4804/8810 [00:03<00:02, 1418.75it/s]
 56%|█████▌    | 4948/8810 [00:03<00:03, 1280.94it/s]
 58%|█████▊    | 5101/8810 [00:03<00:02, 1342.85it/s]
 60%|█████▉    | 5274/8810 [00:03<00:02, 1442.16it/s]
 62%|██████▏   | 5422/8810 [00:03<00:02, 1379.02it/s]
 64%|██████▎   | 5597/8810 [00:03<00:02, 1478.42it/s]
 65%|██████▌   | 5754/8810 [00:04<00:02, 1472.93it/s]
 67%|██████▋   | 5904/8810 [00:04<00:02, 1407.21it/s]
 69%|██████▊   | 6047/8810 [00:04<00:02, 1314.22it/s]
 70%|███████   | 6204/8810 [00:04<00:01, 1380.36it/s]
 72%|███████▏  | 6366/8810 [00:04<00:01, 1444.87it/s]
 74%|███████▍  | 6513/8810 [00:04<00:01, 1378.34it/s]
 76%|███████▋  | 6739/8810 [00:04<00:01, 1619.89it/s]
 79%|███████▊  | 6935/8810 [00:04<00:01, 1714.51it/s]
 81%|████████  | 7110/8810 [00:04<00:01, 1623.53it/s]
 83%|████████▎ | 7276/8810 [00:05<00:00, 1609.36it/s]
 84%|████████▍ | 7443/8810 [00:05<00:00, 1625.47it/s]
 86%|████████▋ | 7607/8810 [00:05<00:00, 1557.20it/s]
 88%|████████▊ | 7765/8810 [00:05<00:00, 1509.88it/s]
 90%|█████████ | 7933/8810 [00:05<00:00, 1555.90it/s]
 92%|█████████▏| 8090/8810 [00:05<00:00, 1393.54it/s]
 93%|█████████▎| 8237/8810 [00:05<00:00, 1413.70it/s]
 95%|█████████▌| 8382/8810 [00:05<00:00, 1377.14it/s]
 97%|█████████▋| 8553/8810 [00:05<00:00, 1464.69it/s]
 99%|█████████▉| 8702/8810 [00:06<00:00, 1434.68it/s]
100%|██████████| 8810/8810 [00:06<00:00, 1444.43it/s]
