
  0%|          | 0/8810 [00:00<?, ?it/s]
  2%|▏         | 181/8810 [00:00<00:05, 1471.10it/s]
  5%|▍         | 407/8810 [00:00<00:04, 1891.37it/s]
  7%|▋         | 655/8810 [00:00<00:03, 2136.89it/s]
 10%|▉         | 872/8810 [00:00<00:04, 1873.61it/s]
 12%|█▏        | 1066/8810 [00:00<00:04, 1753.36it/s]
 15%|█▍        | 1280/8810 [00:00<00:04, 1868.44it/s]
 17%|█▋        | 1472/8810 [00:00<00:04, 1800.12it/s]
 19%|█▉        | 1656/8810 [00:00<00:03, 1806.05it/s]
 21%|██        | 1839/8810 [00:01<00:04, 1668.16it/s]
 23%|██▎       | 2062/8810 [00:01<00:03, 1821.36it/s]
 26%|██▌       | 2263/8810 [00:01<00:03, 1728.41it/s]
 28%|██▊       | 2503/8810 [00:01<00:03, 1908.59it/s]
 31%|███       | 2744/8810 [00:01<00:03, 1875.71it/s]
 33%|███▎      | 2936/8810 [00:01<00:03, 1843.03it/s]
 35%|███▌      | 3123/8810 [00:01<00:03, 1751.56it/s]
 38%|███▊      | 3313/8810 [00:01<00:03, 1790.57it/s]
 40%|███▉      | 3494/8810 [00:01<00:03, 1632.14it/s]
 43%|████▎     | 3757/8810 [00:02<00:02, 1892.46it/s]
 45%|████▍     | 3952/8810 [00:02<00:02, 1806.90it/s]
 47%|████▋     | 4180/8810 [00:02<00:02, 1823.58it/s]
 50%|█████     | 4429/8810 [00:02<00:02, 2000.49it/s]
 53%|█████▎    | 4634/8810 [00:02<00:02, 1800.99it/s]
 55%|█████▍    | 4844/8810 [00:02<00:02, 1875.21it/s]
 57%|█████▋    | 5037/8810 [00:02<00:02, 1734.14it/s]
 60%|█████▉    | 5274/8810 [00:02<00:01, 1897.42it/s]
 62%|██████▏   | 5470/8810 [00:03<00:01, 1780.89it/s]
 65%|██████▌   | 5728/8810 [00:03<00:01, 1988.54it/s]
 67%|██████▋   | 5933/8810 [00:03<00:01, 1746.69it/s]
 69%|██████▉   | 6117/8810 [00:03<00:01, 1731.97it/s]
 72%|███████▏  | 6365/8810 [00:03<00:01, 1924.38it/s]
 75%|███████▍  | 6565/8810 [00:03<00:01, 1798.70it/s]
 77%|███████▋  | 6803/8810 [00:03<00:01, 1948.58it/s]
 80%|███████▉  | 7004/8810 [00:03<00:00, 1874.84it/s]
 82%|████████▏ | 7196/8810 [00:03<00:00, 1852.62it/s]
 84%|████████▍ | 7385/8810 [00:04<00:00, 1814.87it/s]
 86%|████████▌ | 7569/8810 [00:04<00:00, 1793.75it/s]
 88%|████████▊ | 7750/8810 [00:04<00:00, 1729.03it/s]
 90%|█████████ | 7946/8810 [00:04<00:00, 1790.18it/s]
 92%|█████████▏| 8127/8810 [00:04<00:00, 1608.23it/s]
 94%|█████████▍| 8317/8810 [00:04<00:00, 1683.62it/s]
 96%|█████████▋| 8489/8810 [00:04<00:00, 1564.72it/s]
 99%|█████████▊| 8692/8810 [00:04<00:00, 1684.06it/s]
100%|██████████| 8810/8810 [00:04<00:00, 1790.94it/s]
