
  0%|          | 0/8810 [00:00<?, ?it/s]
  2%|▏         | 161/8810 [00:00<00:05, 1606.55it/s]
  4%|▎         | 322/8810 [00:00<00:06, 1368.36it/s]
  5%|▌         | 472/8810 [00:00<00:05, 1420.70it/s]
  7%|▋         | 656/8810 [00:00<00:05, 1426.40it/s]
  9%|▉         | 829/8810 [00:00<00:05, 1524.70it/s]
 11%|█▏        | 996/8810 [00:00<00:05, 1449.15it/s]
 14%|█▍        | 1219/8810 [00:00<00:04, 1675.47it/s]
 16%|█▌        | 1391/8810 [00:00<00:04, 1658.61it/s]
 18%|█▊        | 1560/8810 [00:01<00:04, 1562.08it/s]
 20%|██        | 1769/8810 [00:01<00:04, 1710.51it/s]
 22%|██▏       | 1944/8810 [00:01<00:04, 1515.44it/s]
 25%|██▍       | 2185/8810 [00:01<00:03, 1749.33it/s]
 27%|██▋       | 2368/8810 [00:01<00:04, 1577.28it/s]
 30%|██▉       | 2620/8810 [00:01<00:03, 1820.26it/s]
 32%|███▏      | 2812/8810 [00:01<00:03, 1650.77it/s]
 34%|███▍      | 3001/8810 [00:01<00:03, 1710.70it/s]
 36%|███▌      | 3180/8810 [00:01<00:03, 1567.38it/s]
 38%|███▊      | 3373/8810 [00:02<00:03, 1657.65it/s]
 40%|████      | 3545/8810 [00:02<00:03, 1521.32it/s]
 43%|████▎     | 3756/8810 [00:02<00:03, 1672.53it/s]
 45%|████▍     | 3930/8810 [00:02<00:03, 1557.69it/s]
 47%|████▋     | 4137/8810 [00:02<00:02, 1691.42it/s]
 49%|████▉     | 4312/8810 [00:02<00:02, 1569.01it/s]
 51%|█████     | 4499/8810 [00:02<00:02, 1643.61it/s]
 53%|█████▎    | 4668/8810 [00:02<00:02, 1457.08it/s]
 55%|█████▍    | 4821/8810 [00:03<00:02, 1470.12it/s]
 56%|█████▋    | 4973/8810 [00:03<00:02, 1337.42it/s]
 59%|█████▊    | 5170/8810 [00:03<00:02, 1494.44it/s]
 61%|██████    | 5357/8810 [00:03<00:02, 1592.55it/s]
 63%|██████▎   | 5522/8810 [00:03<00:02, 1556.50it/s]
 65%|██████▌   | 5747/8810 [00:03<00:01, 1743.71it/s]
 67%|██████▋   | 5926/8810 [00:03<00:01, 1513.63it/s]
 69%|██████▉   | 6086/8810 [00:03<00:01, 1471.57it/s]
 71%|███████   | 6256/8810 [00:03<00:01, 1531.10it/s]
 73%|███████▎  | 6414/8810 [00:04<00:01, 1450.37it/s]
 75%|███████▌  | 6626/8810 [00:04<00:01, 1627.14it/s]
 78%|███████▊  | 6861/8810 [00:04<00:01, 1823.46it/s]
 80%|████████  | 7049/8810 [00:04<00:01, 1678.87it/s]
 82%|████████▏ | 7223/8810 [00:04<00:00, 1676.40it/s]
 84%|████████▍ | 7395/8810 [00:04<00:00, 1671.52it/s]
 86%|████████▌ | 7565/8810 [00:04<00:00, 1582.58it/s]
 88%|████████▊ | 7726/8810 [00:04<00:00, 1538.09it/s]
 90%|████████▉ | 7895/8810 [00:04<00:00, 1579.47it/s]
 91%|█████████▏| 8055/8810 [00:05<00:00, 1439.67it/s]
 93%|█████████▎| 8202/8810 [00:05<00:00, 1424.91it/s]
 95%|█████████▍| 8361/8810 [00:05<00:00, 1378.46it/s]
 97%|█████████▋| 8519/8810 [00:05<00:00, 1429.43it/s]
 99%|█████████▊| 8692/8810 [00:05<00:00, 1511.09it/s]
100%|██████████| 8810/8810 [00:05<00:00, 1557.90it/s]
