
  0%|          | 0/8810 [00:00<?, ?it/s]
  0%|          | 27/8810 [00:00<00:32, 268.36it/s]
  1%|          | 102/8810 [00:00<00:16, 532.00it/s]
  2%|▏         | 166/8810 [00:00<00:15, 564.92it/s]
  3%|▎         | 223/8810 [00:00<00:22, 382.96it/s]
  3%|▎         | 287/8810 [00:00<00:18, 452.05it/s]
  4%|▍         | 339/8810 [00:00<00:18, 446.25it/s]
  4%|▍         | 394/8810 [00:00<00:17, 472.27it/s]
  5%|▌         | 445/8810 [00:01<00:20, 403.64it/s]
  6%|▋         | 565/8810 [00:01<00:13, 601.88it/s]
  7%|▋         | 645/8810 [00:01<00:12, 653.48it/s]
  8%|▊         | 717/8810 [00:01<00:15, 521.63it/s]
  9%|▉         | 778/8810 [00:01<00:15, 534.77it/s]
 10%|▉         | 838/8810 [00:01<00:14, 532.63it/s]
 11%|█         | 945/8810 [00:01<00:11, 668.99it/s]
 12%|█▏        | 1018/8810 [00:01<00:12, 607.83it/s]
 12%|█▏        | 1099/8810 [00:02<00:11, 650.82it/s]
 13%|█▎        | 1168/8810 [00:02<00:12, 620.65it/s]
 14%|█▍        | 1233/8810 [00:02<00:12, 611.82it/s]
 15%|█▍        | 1297/8810 [00:02<00:12, 602.54it/s]
 16%|█▌        | 1410/8810 [00:02<00:09, 743.75it/s]
 17%|█▋        | 1487/8810 [00:02<00:12, 575.66it/s]
 18%|█▊        | 1608/8810 [00:02<00:09, 720.83it/s]
 20%|█▉        | 1731/8810 [00:02<00:08, 838.03it/s]
 21%|██        | 1823/8810 [00:03<00:09, 731.65it/s]
 22%|██▏       | 1904/8810 [00:03<00:10, 675.60it/s]
 23%|██▎       | 2001/8810 [00:03<00:09, 744.71it/s]
 24%|██▍       | 2133/8810 [00:03<00:07, 879.62it/s]
 25%|██▌       | 2228/8810 [00:03<00:08, 784.44it/s]
 26%|██▋       | 2313/8810 [00:03<00:10, 638.75it/s]
 27%|██▋       | 2385/8810 [00:03<00:10, 591.61it/s]
 28%|██▊       | 2455/8810 [00:03<00:10, 615.45it/s]
 29%|██▊       | 2522/8810 [00:04<00:10, 617.78it/s]
 30%|██▉       | 2612/8810 [00:04<00:09, 679.76it/s]
 30%|███       | 2684/8810 [00:04<00:10, 588.63it/s]
 31%|███       | 2747/8810 [00:04<00:12, 492.92it/s]
 32%|███▏      | 2801/8810 [00:04<00:12, 474.66it/s]
 33%|███▎      | 2878/8810 [00:04<00:10, 540.08it/s]
 33%|███▎      | 2937/8810 [00:04<00:11, 491.35it/s]
 34%|███▍      | 3021/8810 [00:05<00:10, 573.79it/s]
 35%|███▍      | 3083/8810 [00:05<00:10, 523.27it/s]
 36%|███▌      | 3146/8810 [00:05<00:10, 532.17it/s]
 36%|███▋      | 3202/8810 [00:05<00:11, 477.53it/s]
 37%|███▋      | 3253/8810 [00:05<00:12, 444.73it/s]
 38%|███▊      | 3327/8810 [00:05<00:10, 514.94it/s]
 38%|███▊      | 3382/8810 [00:05<00:10, 523.14it/s]
 39%|███▉      | 3437/8810 [00:06<00:15, 356.76it/s]
 40%|███▉      | 3481/8810 [00:06<00:14, 365.29it/s]
 40%|████      | 3529/8810 [00:06<00:13, 389.09it/s]
 41%|████      | 3604/8810 [00:06<00:10, 474.78it/s]
 42%|████▏     | 3658/8810 [00:06<00:10, 490.38it/s]
 42%|████▏     | 3712/8810 [00:06<00:10, 487.31it/s]
 43%|████▎     | 3768/8810 [00:06<00:09, 505.98it/s]
 43%|████▎     | 3821/8810 [00:06<00:12, 407.95it/s]
 44%|████▍     | 3867/8810 [00:07<00:12, 407.78it/s]
 44%|████▍     | 3911/8810 [00:07<00:12, 406.76it/s]
 45%|████▌     | 3987/8810 [00:07<00:09, 494.26it/s]
 46%|████▌     | 4057/8810 [00:07<00:08, 545.10it/s]
 47%|████▋     | 4114/8810 [00:07<00:08, 533.95it/s]
 47%|████▋     | 4178/8810 [00:07<00:08, 563.11it/s]
 48%|████▊     | 4236/8810 [00:07<00:10, 433.79it/s]
 49%|████▊     | 4285/8810 [00:07<00:10, 440.72it/s]
 49%|████▉     | 4353/8810 [00:07<00:09, 491.48it/s]
 50%|█████     | 4406/8810 [00:08<00:09, 485.35it/s]
 51%|█████     | 4472/8810 [00:08<00:08, 522.30it/s]
 51%|█████▏    | 4535/8810 [00:08<00:07, 544.21it/s]
 52%|█████▏    | 4591/8810 [00:08<00:08, 496.27it/s]
 53%|█████▎    | 4643/8810 [00:08<00:10, 407.76it/s]
 53%|█████▎    | 4688/8810 [00:08<00:10, 397.25it/s]
 54%|█████▎    | 4735/8810 [00:08<00:09, 410.40it/s]
 54%|█████▍    | 4783/8810 [00:08<00:09, 419.22it/s]
 55%|█████▍    | 4837/8810 [00:09<00:08, 446.29it/s]
 56%|█████▌    | 4923/8810 [00:09<00:06, 557.94it/s]
 57%|█████▋    | 4981/8810 [00:09<00:08, 476.50it/s]
 57%|█████▋    | 5033/8810 [00:09<00:07, 479.54it/s]
 58%|█████▊    | 5084/8810 [00:09<00:08, 463.84it/s]
 58%|█████▊    | 5133/8810 [00:09<00:09, 397.06it/s]
 59%|█████▉    | 5180/8810 [00:09<00:08, 412.51it/s]
 59%|█████▉    | 5224/8810 [00:09<00:09, 372.49it/s]
 60%|█████▉    | 5267/8810 [00:10<00:09, 374.89it/s]
 60%|██████    | 5319/8810 [00:10<00:08, 410.02it/s]
 61%|██████    | 5372/8810 [00:10<00:10, 323.94it/s]
 61%|██████▏   | 5414/8810 [00:10<00:10, 337.29it/s]
 62%|██████▏   | 5451/8810 [00:10<00:09, 344.85it/s]
 62%|██████▏   | 5488/8810 [00:10<00:09, 338.47it/s]
 63%|██████▎   | 5524/8810 [00:10<00:09, 342.35it/s]
 63%|██████▎   | 5581/8810 [00:10<00:08, 402.84it/s]
 64%|██████▍   | 5636/8810 [00:11<00:07, 441.80it/s]
 65%|██████▍   | 5704/8810 [00:11<00:06, 508.80it/s]
 65%|██████▌   | 5757/8810 [00:11<00:07, 393.35it/s]
 66%|██████▌   | 5823/8810 [00:11<00:06, 456.59it/s]
 67%|██████▋   | 5874/8810 [00:11<00:06, 443.11it/s]
 67%|██████▋   | 5922/8810 [00:11<00:07, 401.33it/s]
 68%|██████▊   | 5976/8810 [00:11<00:06, 434.70it/s]
 68%|██████▊   | 6023/8810 [00:11<00:06, 426.68it/s]
 69%|██████▉   | 6068/8810 [00:12<00:07, 373.77it/s]
 69%|██████▉   | 6114/8810 [00:12<00:06, 394.36it/s]
 70%|██████▉   | 6156/8810 [00:12<00:06, 394.13it/s]
 71%|███████   | 6219/8810 [00:12<00:05, 454.32it/s]
 71%|███████▏  | 6280/8810 [00:12<00:05, 494.92it/s]
 72%|███████▏  | 6332/8810 [00:12<00:04, 498.43it/s]
 73%|███████▎  | 6393/8810 [00:12<00:04, 527.50it/s]
 73%|███████▎  | 6447/8810 [00:12<00:05, 421.60it/s]
 74%|███████▎  | 6495/8810 [00:13<00:05, 430.79it/s]
 74%|███████▍  | 6551/8810 [00:13<00:04, 462.75it/s]
 75%|███████▍  | 6605/8810 [00:13<00:04, 483.30it/s]
 76%|███████▌  | 6670/8810 [00:13<00:04, 525.54it/s]
 77%|███████▋  | 6749/8810 [00:13<00:03, 593.80it/s]
 77%|███████▋  | 6810/8810 [00:13<00:03, 585.94it/s]
 78%|███████▊  | 6881/8810 [00:13<00:03, 612.20it/s]
 79%|███████▉  | 6944/8810 [00:13<00:03, 612.41it/s]
 80%|███████▉  | 7006/8810 [00:13<00:04, 429.34it/s]
 80%|████████  | 7057/8810 [00:14<00:03, 442.63it/s]
 81%|████████  | 7108/8810 [00:14<00:03, 440.83it/s]
 81%|████████▏ | 7160/8810 [00:14<00:03, 455.14it/s]
 82%|████████▏ | 7209/8810 [00:14<00:03, 443.07it/s]
 82%|████████▏ | 7256/8810 [00:14<00:03, 441.17it/s]
 83%|████████▎ | 7328/8810 [00:14<00:02, 512.85it/s]
 84%|████████▍ | 7382/8810 [00:14<00:03, 437.40it/s]
 84%|████████▍ | 7437/8810 [00:14<00:02, 463.86it/s]
 85%|████████▍ | 7486/8810 [00:15<00:03, 424.47it/s]
 85%|████████▌ | 7531/8810 [00:15<00:03, 388.23it/s]
 86%|████████▌ | 7585/8810 [00:15<00:02, 418.52it/s]
 87%|████████▋ | 7639/8810 [00:15<00:02, 449.29it/s]
 87%|████████▋ | 7686/8810 [00:15<00:02, 453.92it/s]
 88%|████████▊ | 7733/8810 [00:15<00:03, 350.28it/s]
 88%|████████▊ | 7773/8810 [00:15<00:03, 344.86it/s]
 89%|████████▊ | 7816/8810 [00:15<00:02, 357.66it/s]
 89%|████████▉ | 7861/8810 [00:16<00:02, 377.28it/s]
 90%|█████████ | 7930/8810 [00:16<00:01, 453.44it/s]
 91%|█████████ | 7978/8810 [00:16<00:01, 421.06it/s]
 91%|█████████ | 8027/8810 [00:16<00:01, 437.21it/s]
 92%|█████████▏| 8073/8810 [00:16<00:02, 302.74it/s]
 92%|█████████▏| 8120/8810 [00:16<00:02, 335.75it/s]
 93%|█████████▎| 8185/8810 [00:16<00:01, 399.07it/s]
 93%|█████████▎| 8231/8810 [00:17<00:01, 370.08it/s]
 94%|█████████▍| 8291/8810 [00:17<00:01, 423.22it/s]
 95%|█████████▍| 8338/8810 [00:17<00:01, 422.02it/s]
 95%|█████████▌| 8384/8810 [00:17<00:01, 342.63it/s]
 96%|█████████▌| 8436/8810 [00:17<00:00, 381.37it/s]
 96%|█████████▋| 8498/8810 [00:17<00:00, 432.91it/s]
 97%|█████████▋| 8563/8810 [00:17<00:00, 486.79it/s]
 98%|█████████▊| 8616/8810 [00:17<00:00, 483.68it/s]
 99%|█████████▊| 8685/8810 [00:17<00:00, 538.22it/s]
 99%|█████████▉| 8742/8810 [00:18<00:00, 349.68it/s]
100%|█████████▉| 8788/8810 [00:18<00:00, 369.30it/s]
100%|██████████| 8810/8810 [00:18<00:00, 478.57it/s]
