
  0%|          | 0/8810 [00:00<?, ?it/s]
  2%|▏         | 147/8810 [00:00<00:05, 1460.73it/s]
  3%|▎         | 294/8810 [00:00<00:07, 1197.26it/s]
  5%|▍         | 426/8810 [00:00<00:06, 1241.54it/s]
  7%|▋         | 583/8810 [00:00<00:06, 1361.74it/s]
  8%|▊         | 722/8810 [00:00<00:07, 1131.68it/s]
 10%|▉         | 863/8810 [00:00<00:06, 1207.22it/s]
 11%|█▏        | 993/8810 [00:00<00:06, 1231.30it/s]
 13%|█▎        | 1121/8810 [00:00<00:06, 1170.33it/s]
 14%|█▍        | 1258/8810 [00:01<00:06, 1223.04it/s]
 16%|█▌        | 1389/8810 [00:01<00:05, 1246.07it/s]
 17%|█▋        | 1516/8810 [00:01<00:06, 1135.86it/s]
 19%|█▉        | 1699/8810 [00:01<00:05, 1323.53it/s]
 21%|██        | 1836/8810 [00:01<00:05, 1201.81it/s]
 23%|██▎       | 1988/8810 [00:01<00:05, 1282.48it/s]
 25%|██▍       | 2176/8810 [00:01<00:04, 1443.34it/s]
 26%|██▋       | 2325/8810 [00:01<00:05, 1252.16it/s]
 28%|██▊       | 2478/8810 [00:01<00:04, 1319.96it/s]
 30%|██▉       | 2641/8810 [00:02<00:04, 1398.64it/s]
 32%|███▏      | 2787/8810 [00:02<00:04, 1244.39it/s]
 33%|███▎      | 2920/8810 [00:02<00:04, 1265.94it/s]
 35%|███▍      | 3057/8810 [00:02<00:04, 1167.44it/s]
 36%|███▋      | 3205/8810 [00:02<00:04, 1244.88it/s]
 38%|███▊      | 3359/8810 [00:02<00:04, 1319.76it/s]
 40%|███▉      | 3495/8810 [00:02<00:04, 1179.40it/s]
 41%|████▏     | 3647/8810 [00:02<00:04, 1266.80it/s]
 43%|████▎     | 3779/8810 [00:03<00:04, 1205.82it/s]
 44%|████▍     | 3911/8810 [00:03<00:03, 1235.47it/s]
 47%|████▋     | 4138/8810 [00:03<00:03, 1515.01it/s]
 49%|████▊     | 4294/8810 [00:03<00:03, 1357.29it/s]
 51%|█████     | 4462/8810 [00:03<00:03, 1439.88it/s]
 52%|█████▏    | 4612/8810 [00:03<00:03, 1397.93it/s]
 54%|█████▍    | 4756/8810 [00:03<00:03, 1170.86it/s]
 55%|█████▌    | 4882/8810 [00:03<00:03, 1168.44it/s]
 57%|█████▋    | 5005/8810 [00:04<00:03, 1047.68it/s]
 58%|█████▊    | 5116/8810 [00:04<00:03, 1051.88it/s]
 60%|█████▉    | 5268/8810 [00:04<00:03, 1168.75it/s]
 61%|██████    | 5390/8810 [00:04<00:03, 1088.06it/s]
 63%|██████▎   | 5511/8810 [00:04<00:02, 1118.09it/s]
 64%|██████▍   | 5673/8810 [00:04<00:02, 1246.06it/s]
 66%|██████▌   | 5801/8810 [00:04<00:02, 1178.29it/s]
 67%|██████▋   | 5922/8810 [00:04<00:02, 1109.20it/s]
 69%|██████▊   | 6036/8810 [00:04<00:02, 1031.69it/s]
 70%|███████   | 6201/8810 [00:05<00:02, 1191.26it/s]
 72%|███████▏  | 6358/8810 [00:05<00:01, 1291.69it/s]
 74%|███████▎  | 6492/8810 [00:05<00:01, 1224.43it/s]
 76%|███████▌  | 6689/8810 [00:05<00:01, 1423.81it/s]
 78%|███████▊  | 6861/8810 [00:05<00:01, 1506.39it/s]
 80%|███████▉  | 7016/8810 [00:05<00:01, 1364.40it/s]
 81%|████████▏ | 7163/8810 [00:05<00:01, 1387.09it/s]
 83%|████████▎ | 7331/8810 [00:05<00:01, 1465.30it/s]
 85%|████████▍ | 7481/8810 [00:05<00:01, 1291.54it/s]
 86%|████████▋ | 7620/8810 [00:06<00:00, 1313.25it/s]
 88%|████████▊ | 7756/8810 [00:06<00:00, 1200.59it/s]
 90%|████████▉ | 7911/8810 [00:06<00:00, 1288.84it/s]
 91%|█████████▏| 8045/8810 [00:06<00:00, 1158.55it/s]
 93%|█████████▎| 8210/8810 [00:06<00:00, 1283.62it/s]
 95%|█████████▍| 8359/8810 [00:06<00:00, 1337.81it/s]
 96%|█████████▋| 8498/8810 [00:06<00:00, 1203.75it/s]
 98%|█████████▊| 8657/8810 [00:06<00:00, 1303.08it/s]
100%|█████████▉| 8793/8810 [00:07<00:00, 1285.22it/s]
100%|██████████| 8810/8810 [00:07<00:00, 1255.96it/s]
