
  0%|          | 0/8810 [00:00<?, ?it/s]
  2%|▏         | 181/8810 [00:00<00:05, 1509.92it/s]
  5%|▍         | 433/8810 [00:00<00:04, 2039.54it/s]
  7%|▋         | 656/8810 [00:00<00:04, 1950.09it/s]
 10%|█         | 886/8810 [00:00<00:03, 2075.38it/s]
 12%|█▏        | 1097/8810 [00:00<00:03, 1958.57it/s]
 15%|█▌        | 1340/8810 [00:00<00:03, 2101.42it/s]
 18%|█▊        | 1553/8810 [00:00<00:03, 1845.47it/s]
 20%|██        | 1796/8810 [00:00<00:03, 2004.79it/s]
 23%|██▎       | 2003/8810 [00:01<00:03, 1751.86it/s]
 25%|██▌       | 2234/8810 [00:01<00:03, 1894.01it/s]
 28%|██▊       | 2433/8810 [00:01<00:03, 1845.03it/s]
 31%|███       | 2707/8810 [00:01<00:02, 2085.46it/s]
 33%|███▎      | 2923/8810 [00:01<00:03, 1902.07it/s]
 35%|███▌      | 3121/8810 [00:01<00:03, 1791.25it/s]
 38%|███▊      | 3328/8810 [00:01<00:02, 1860.19it/s]
 40%|███▉      | 3519/8810 [00:01<00:02, 1833.97it/s]
 43%|████▎     | 3759/8810 [00:01<00:02, 1985.53it/s]
 45%|████▍     | 3962/8810 [00:02<00:02, 1867.08it/s]
 47%|████▋     | 4180/8810 [00:02<00:02, 1853.36it/s]
 50%|█████     | 4443/8810 [00:02<00:02, 2061.65it/s]
 53%|█████▎    | 4654/8810 [00:02<00:02, 1882.99it/s]
 55%|█████▌    | 4858/8810 [00:02<00:02, 1922.50it/s]
 57%|█████▋    | 5055/8810 [00:02<00:02, 1736.94it/s]
 60%|██████    | 5286/8810 [00:02<00:01, 1880.40it/s]
 62%|██████▏   | 5480/8810 [00:02<00:01, 1800.88it/s]
 65%|██████▌   | 5747/8810 [00:03<00:01, 2030.78it/s]
 68%|██████▊   | 5956/8810 [00:03<00:01, 1777.49it/s]
 70%|██████▉   | 6143/8810 [00:03<00:01, 1717.15it/s]
 73%|███████▎  | 6400/8810 [00:03<00:01, 1769.93it/s]
 75%|███████▌  | 6615/8810 [00:03<00:01, 1863.76it/s]
 78%|███████▊  | 6859/8810 [00:03<00:00, 2015.39it/s]
 80%|████████  | 7066/8810 [00:03<00:00, 1855.22it/s]
 82%|████████▏ | 7267/8810 [00:03<00:00, 1892.10it/s]
 85%|████████▍ | 7461/8810 [00:03<00:00, 1822.34it/s]
 87%|████████▋ | 7669/8810 [00:04<00:00, 1891.86it/s]
 89%|████████▉ | 7862/8810 [00:04<00:00, 1754.54it/s]
 91%|█████████▏| 8041/8810 [00:04<00:00, 1618.91it/s]
 93%|█████████▎| 8227/8810 [00:04<00:00, 1680.18it/s]
 95%|█████████▌| 8399/8810 [00:04<00:00, 1523.89it/s]
 98%|█████████▊| 8602/8810 [00:04<00:00, 1654.50it/s]
100%|█████████▉| 8773/8810 [00:04<00:00, 1546.56it/s]
100%|██████████| 8810/8810 [00:04<00:00, 1830.28it/s]
