
  0%|          | 0/8810 [00:00<?, ?it/s]
  0%|          | 29/8810 [00:00<00:30, 288.22it/s]
  1%|          | 88/8810 [00:00<00:18, 465.27it/s]
  2%|▏         | 146/8810 [00:00<00:17, 499.70it/s]
  2%|▏         | 196/8810 [00:00<00:30, 286.06it/s]
  3%|▎         | 263/8810 [00:00<00:22, 378.02it/s]
  4%|▎         | 323/8810 [00:00<00:19, 432.05it/s]
  4%|▍         | 375/8810 [00:00<00:18, 446.67it/s]
  5%|▍         | 426/8810 [00:01<00:18, 442.31it/s]
  5%|▌         | 475/8810 [00:01<00:19, 438.11it/s]
  7%|▋         | 586/8810 [00:01<00:13, 608.05it/s]
  7%|▋         | 651/8810 [00:01<00:13, 588.43it/s]
  8%|▊         | 713/8810 [00:01<00:25, 311.88it/s]
  9%|▊         | 760/8810 [00:01<00:25, 316.62it/s]
  9%|▉         | 803/8810 [00:02<00:24, 333.58it/s]
 10%|▉         | 846/8810 [00:02<00:23, 336.48it/s]
 10%|█         | 886/8810 [00:02<00:22, 344.59it/s]
 10%|█         | 925/8810 [00:02<00:23, 334.89it/s]
 11%|█         | 962/8810 [00:02<00:24, 322.02it/s]
 11%|█▏        | 997/8810 [00:02<00:30, 254.90it/s]
 13%|█▎        | 1102/8810 [00:02<00:18, 421.25it/s]
 13%|█▎        | 1176/8810 [00:02<00:15, 493.42it/s]
 14%|█▍        | 1251/8810 [00:03<00:13, 549.73it/s]
 15%|█▍        | 1313/8810 [00:03<00:13, 562.93it/s]
 16%|█▌        | 1375/8810 [00:03<00:13, 554.02it/s]
 16%|█▋        | 1436/8810 [00:03<00:12, 568.82it/s]
 17%|█▋        | 1496/8810 [00:03<00:17, 426.32it/s]
 18%|█▊        | 1546/8810 [00:03<00:16, 437.19it/s]
 18%|█▊        | 1595/8810 [00:03<00:16, 438.05it/s]
 19%|█▉        | 1652/8810 [00:03<00:15, 469.26it/s]
 19%|█▉        | 1705/8810 [00:04<00:15, 465.93it/s]
 20%|█▉        | 1761/8810 [00:04<00:14, 485.48it/s]
 21%|██        | 1812/8810 [00:04<00:14, 485.60it/s]
 21%|██        | 1862/8810 [00:04<00:21, 316.50it/s]
 22%|██▏       | 1904/8810 [00:04<00:20, 336.50it/s]
 22%|██▏       | 1945/8810 [00:04<00:20, 339.29it/s]
 23%|██▎       | 1984/8810 [00:04<00:19, 347.22it/s]
 23%|██▎       | 2031/8810 [00:04<00:18, 374.99it/s]
 24%|██▎       | 2072/8810 [00:05<00:17, 377.47it/s]
 24%|██▍       | 2118/8810 [00:05<00:16, 394.49it/s]
 25%|██▍       | 2160/8810 [00:05<00:16, 391.52it/s]
 25%|██▌       | 2203/8810 [00:05<00:16, 397.62it/s]
 25%|██▌       | 2244/8810 [00:05<00:20, 326.22it/s]
 26%|██▌       | 2280/8810 [00:05<00:28, 230.08it/s]
 27%|██▋       | 2335/8810 [00:05<00:22, 288.37it/s]
 27%|██▋       | 2372/8810 [00:06<00:21, 304.95it/s]
 27%|██▋       | 2408/8810 [00:06<00:20, 316.96it/s]
 28%|██▊       | 2457/8810 [00:06<00:17, 358.86it/s]
 28%|██▊       | 2501/8810 [00:06<00:17, 367.17it/s]
 29%|██▉       | 2541/8810 [00:06<00:17, 363.22it/s]
 29%|██▉       | 2588/8810 [00:06<00:15, 390.34it/s]
 30%|██▉       | 2629/8810 [00:06<00:16, 377.14it/s]
 30%|███       | 2668/8810 [00:06<00:16, 369.66it/s]
 31%|███       | 2715/8810 [00:06<00:15, 394.21it/s]
 31%|███▏      | 2756/8810 [00:07<00:24, 246.79it/s]
 32%|███▏      | 2788/8810 [00:07<00:23, 260.70it/s]
 32%|███▏      | 2822/8810 [00:07<00:21, 273.14it/s]
 33%|███▎      | 2887/8810 [00:07<00:16, 355.63it/s]
 33%|███▎      | 2928/8810 [00:07<00:17, 333.90it/s]
 34%|███▎      | 2970/8810 [00:07<00:16, 353.70it/s]
 34%|███▍      | 3009/8810 [00:07<00:17, 328.42it/s]
 35%|███▍      | 3055/8810 [00:08<00:15, 360.23it/s]
 35%|███▌      | 3094/8810 [00:08<00:23, 243.06it/s]
 36%|███▌      | 3133/8810 [00:08<00:20, 271.90it/s]
 36%|███▌      | 3167/8810 [00:08<00:20, 273.96it/s]
 36%|███▋      | 3199/8810 [00:08<00:23, 237.14it/s]
 37%|███▋      | 3233/8810 [00:08<00:21, 258.29it/s]
 37%|███▋      | 3263/8810 [00:08<00:20, 264.27it/s]
 37%|███▋      | 3292/8810 [00:09<00:20, 268.81it/s]
 38%|███▊      | 3327/8810 [00:09<00:19, 285.43it/s]
 38%|███▊      | 3373/8810 [00:09<00:16, 332.02it/s]
 39%|███▊      | 3408/8810 [00:09<00:17, 304.74it/s]
 39%|███▉      | 3440/8810 [00:09<00:26, 205.46it/s]
 39%|███▉      | 3466/8810 [00:09<00:25, 206.28it/s]
 40%|███▉      | 3491/8810 [00:10<00:28, 187.40it/s]
 40%|███▉      | 3521/8810 [00:10<00:25, 208.64it/s]
 40%|████      | 3545/8810 [00:10<00:26, 196.69it/s]
 40%|████      | 3567/8810 [00:10<00:28, 181.40it/s]
 41%|████      | 3610/8810 [00:10<00:22, 234.11it/s]
 41%|████▏     | 3636/8810 [00:10<00:27, 189.79it/s]
 42%|████▏     | 3686/8810 [00:10<00:20, 249.18it/s]
 42%|████▏     | 3715/8810 [00:10<00:21, 235.49it/s]
 43%|████▎     | 3752/8810 [00:11<00:19, 260.78it/s]
 43%|████▎     | 3781/8810 [00:11<00:30, 164.71it/s]
 43%|████▎     | 3816/8810 [00:11<00:25, 193.85it/s]
 44%|████▎     | 3842/8810 [00:11<00:25, 193.36it/s]
 44%|████▍     | 3866/8810 [00:11<00:26, 187.23it/s]
 44%|████▍     | 3897/8810 [00:11<00:23, 212.80it/s]
 45%|████▍     | 3922/8810 [00:12<00:23, 204.30it/s]
 45%|████▍     | 3945/8810 [00:12<00:24, 199.02it/s]
 45%|████▌     | 3986/8810 [00:12<00:19, 246.14it/s]
 46%|████▌     | 4015/8810 [00:12<00:19, 247.66it/s]
 46%|████▌     | 4042/8810 [00:12<00:20, 228.57it/s]
 46%|████▌     | 4067/8810 [00:12<00:22, 215.04it/s]
 46%|████▋     | 4090/8810 [00:12<00:22, 213.26it/s]
 47%|████▋     | 4118/8810 [00:12<00:20, 227.93it/s]
 47%|████▋     | 4150/8810 [00:13<00:19, 244.75it/s]
 47%|████▋     | 4175/8810 [00:13<00:20, 229.40it/s]
 48%|████▊     | 4199/8810 [00:13<00:34, 134.87it/s]
 48%|████▊     | 4233/8810 [00:13<00:28, 161.07it/s]
 48%|████▊     | 4268/8810 [00:13<00:24, 184.77it/s]
 49%|████▊     | 4290/8810 [00:13<00:24, 187.53it/s]
 49%|████▉     | 4314/8810 [00:14<00:22, 198.88it/s]
 49%|████▉     | 4337/8810 [00:14<00:25, 177.25it/s]
 50%|████▉     | 4381/8810 [00:14<00:18, 237.26it/s]
 50%|█████     | 4408/8810 [00:14<00:19, 228.05it/s]
 50%|█████     | 4433/8810 [00:14<00:20, 211.35it/s]
 51%|█████     | 4468/8810 [00:14<00:18, 239.29it/s]
 51%|█████     | 4494/8810 [00:14<00:19, 218.95it/s]
 51%|█████▏    | 4518/8810 [00:14<00:20, 209.58it/s]
 52%|█████▏    | 4541/8810 [00:15<00:20, 206.98it/s]
 52%|█████▏    | 4563/8810 [00:15<00:25, 163.95it/s]
 52%|█████▏    | 4625/8810 [00:15<00:21, 197.23it/s]
 53%|█████▎    | 4645/8810 [00:15<00:23, 180.80it/s]
 53%|█████▎    | 4678/8810 [00:15<00:19, 206.76it/s]
 53%|█████▎    | 4700/8810 [00:15<00:23, 174.84it/s]
 54%|█████▎    | 4728/8810 [00:16<00:20, 196.19it/s]
 54%|█████▍    | 4750/8810 [00:16<00:24, 167.47it/s]
 54%|█████▍    | 4790/8810 [00:16<00:18, 216.38it/s]
 55%|█████▍    | 4840/8810 [00:16<00:14, 280.81it/s]
 55%|█████▌    | 4887/8810 [00:16<00:12, 320.51it/s]
 56%|█████▌    | 4923/8810 [00:16<00:15, 245.68it/s]
 56%|█████▌    | 4953/8810 [00:17<00:23, 161.88it/s]
 57%|█████▋    | 5006/8810 [00:17<00:17, 219.47it/s]
 57%|█████▋    | 5038/8810 [00:17<00:16, 232.76it/s]
 58%|█████▊    | 5078/8810 [00:17<00:14, 265.35it/s]
 58%|█████▊    | 5115/8810 [00:17<00:12, 285.68it/s]
 59%|█████▊    | 5169/8810 [00:17<00:10, 335.08it/s]
 59%|█████▉    | 5207/8810 [00:17<00:11, 326.05it/s]
 60%|█████▉    | 5243/8810 [00:17<00:11, 313.10it/s]
 60%|█████▉    | 5277/8810 [00:18<00:11, 309.74it/s]
 60%|██████    | 5310/8810 [00:18<00:13, 261.64it/s]
 61%|██████    | 5339/8810 [00:18<00:15, 223.95it/s]
 61%|██████    | 5372/8810 [00:18<00:18, 182.75it/s]
 61%|██████▏   | 5399/8810 [00:18<00:17, 194.30it/s]
 62%|██████▏   | 5436/8810 [00:18<00:15, 221.09it/s]
 62%|██████▏   | 5463/8810 [00:19<00:14, 229.22it/s]
 62%|██████▏   | 5488/8810 [00:19<00:16, 204.88it/s]
 63%|██████▎   | 5511/8810 [00:19<00:18, 180.45it/s]
 63%|██████▎   | 5545/8810 [00:19<00:15, 210.55it/s]
 63%|██████▎   | 5568/8810 [00:19<00:15, 205.15it/s]
 63%|██████▎   | 5590/8810 [00:19<00:16, 197.81it/s]
 64%|██████▎   | 5614/8810 [00:19<00:15, 202.40it/s]
 64%|██████▍   | 5653/8810 [00:19<00:12, 247.52it/s]
 65%|██████▍   | 5686/8810 [00:20<00:11, 266.82it/s]
 65%|██████▍   | 5714/8810 [00:20<00:13, 227.50it/s]
 65%|██████▌   | 5742/8810 [00:20<00:13, 226.95it/s]
 65%|██████▌   | 5766/8810 [00:20<00:21, 139.15it/s]
 66%|██████▌   | 5787/8810 [00:20<00:20, 150.20it/s]
 66%|██████▌   | 5835/8810 [00:20<00:14, 211.30it/s]
 67%|██████▋   | 5862/8810 [00:21<00:15, 184.49it/s]
 67%|██████▋   | 5885/8810 [00:21<00:17, 168.93it/s]
 67%|██████▋   | 5905/8810 [00:21<00:18, 157.53it/s]
 67%|██████▋   | 5923/8810 [00:21<00:19, 146.46it/s]
 67%|██████▋   | 5939/8810 [00:21<00:20, 142.02it/s]
 68%|██████▊   | 5954/8810 [00:21<00:20, 138.51it/s]
 68%|██████▊   | 5978/8810 [00:21<00:17, 160.86it/s]
 68%|██████▊   | 6013/8810 [00:22<00:14, 197.97it/s]
 69%|██████▊   | 6036/8810 [00:22<00:23, 116.59it/s]
 69%|██████▉   | 6077/8810 [00:22<00:18, 150.74it/s]
 69%|██████▉   | 6098/8810 [00:22<00:17, 157.04it/s]
 69%|██████▉   | 6117/8810 [00:22<00:18, 142.04it/s]
 70%|██████▉   | 6134/8810 [00:23<00:20, 133.66it/s]
 70%|██████▉   | 6149/8810 [00:23<00:19, 133.17it/s]
 70%|███████   | 6169/8810 [00:23<00:18, 143.68it/s]
 70%|███████   | 6185/8810 [00:23<00:20, 127.45it/s]
 70%|███████   | 6205/8810 [00:23<00:18, 138.20it/s]
 71%|███████   | 6231/8810 [00:23<00:15, 163.67it/s]
 71%|███████▏  | 6278/8810 [00:23<00:10, 238.97it/s]
 72%|███████▏  | 6305/8810 [00:23<00:11, 214.41it/s]
 72%|███████▏  | 6329/8810 [00:24<00:11, 216.36it/s]
 72%|███████▏  | 6353/8810 [00:24<00:11, 211.98it/s]
 72%|███████▏  | 6376/8810 [00:24<00:11, 206.21it/s]
 73%|███████▎  | 6398/8810 [00:24<00:11, 207.17it/s]
 73%|███████▎  | 6420/8810 [00:24<00:19, 120.86it/s]
 73%|███████▎  | 6448/8810 [00:24<00:15, 147.84it/s]
 73%|███████▎  | 6470/8810 [00:25<00:15, 149.29it/s]
 74%|███████▎  | 6489/8810 [00:25<00:15, 147.18it/s]
 74%|███████▍  | 6507/8810 [00:25<00:15, 145.50it/s]
 74%|███████▍  | 6548/8810 [00:25<00:11, 202.41it/s]
 75%|███████▍  | 6581/8810 [00:25<00:09, 229.44it/s]
 76%|███████▌  | 6652/8810 [00:25<00:06, 350.45it/s]
 76%|███████▌  | 6704/8810 [00:25<00:05, 391.71it/s]
 77%|███████▋  | 6747/8810 [00:25<00:05, 393.35it/s]
 77%|███████▋  | 6789/8810 [00:25<00:05, 382.34it/s]
 78%|███████▊  | 6833/8810 [00:26<00:05, 392.15it/s]
 78%|███████▊  | 6886/8810 [00:26<00:04, 428.49it/s]
 79%|███████▊  | 6932/8810 [00:26<00:04, 430.32it/s]
 79%|███████▉  | 6976/8810 [00:26<00:05, 317.36it/s]
 80%|███████▉  | 7013/8810 [00:26<00:05, 312.08it/s]
 80%|████████  | 7065/8810 [00:26<00:04, 361.20it/s]
 81%|████████  | 7152/8810 [00:26<00:03, 488.86it/s]
 82%|████████▏ | 7248/8810 [00:26<00:02, 613.31it/s]
 84%|████████▎ | 7360/8810 [00:27<00:02, 702.37it/s]
 85%|████████▍ | 7466/8810 [00:27<00:01, 797.78it/s]
 86%|████████▌ | 7549/8810 [00:27<00:01, 751.55it/s]
 87%|████████▋ | 7693/8810 [00:27<00:01, 936.61it/s]
 88%|████████▊ | 7791/8810 [00:27<00:01, 787.06it/s]
 90%|████████▉ | 7894/8810 [00:27<00:01, 836.01it/s]
 91%|█████████ | 7983/8810 [00:27<00:00, 837.22it/s]
 92%|█████████▏| 8071/8810 [00:28<00:01, 499.09it/s]
 92%|█████████▏| 8140/8810 [00:28<00:01, 421.16it/s]
 93%|█████████▎| 8197/8810 [00:28<00:01, 377.67it/s]
 94%|█████████▎| 8245/8810 [00:28<00:01, 369.63it/s]
 94%|█████████▍| 8310/8810 [00:28<00:01, 420.06it/s]
 95%|█████████▍| 8360/8810 [00:28<00:01, 426.75it/s]
 95%|█████████▌| 8409/8810 [00:29<00:01, 361.41it/s]
 96%|█████████▌| 8461/8810 [00:29<00:00, 389.98it/s]
 97%|█████████▋| 8511/8810 [00:29<00:00, 414.90it/s]
 97%|█████████▋| 8579/8810 [00:29<00:00, 473.40it/s]
 98%|█████████▊| 8634/8810 [00:29<00:00, 488.31it/s]
 99%|█████████▉| 8700/8810 [00:29<00:00, 532.32it/s]
 99%|█████████▉| 8756/8810 [00:29<00:00, 401.86it/s]
100%|█████████▉| 8803/8810 [00:29<00:00, 390.79it/s]
100%|██████████| 8810/8810 [00:30<00:00, 293.59it/s]
