
  0%|          | 0/8810 [00:00<?, ?it/s]
  2%|▏         | 181/8810 [00:00<00:05, 1515.65it/s]
  5%|▌         | 445/8810 [00:00<00:03, 2121.35it/s]
  8%|▊         | 662/8810 [00:00<00:04, 1988.40it/s]
 10%|▉         | 864/8810 [00:00<00:04, 1949.59it/s]
 12%|█▏        | 1061/8810 [00:00<00:04, 1844.31it/s]
 15%|█▍        | 1280/8810 [00:00<00:03, 1947.12it/s]
 17%|█▋        | 1477/8810 [00:00<00:04, 1790.09it/s]
 19%|█▉        | 1671/8810 [00:00<00:03, 1830.17it/s]
 21%|██        | 1857/8810 [00:01<00:04, 1647.23it/s]
 24%|██▎       | 2079/8810 [00:01<00:03, 1802.17it/s]
 26%|██▌       | 2265/8810 [00:01<00:03, 1671.27it/s]
 28%|██▊       | 2437/8810 [00:01<00:03, 1677.07it/s]
 30%|██▉       | 2639/8810 [00:01<00:03, 1770.84it/s]
 32%|███▏      | 2820/8810 [00:01<00:04, 1449.97it/s]
 34%|███▍      | 2977/8810 [00:01<00:03, 1472.43it/s]
 36%|███▌      | 3133/8810 [00:01<00:04, 1153.44it/s]
 37%|███▋      | 3264/8810 [00:02<00:05, 942.13it/s] 
 38%|███▊      | 3374/8810 [00:02<00:06, 888.17it/s]
 39%|███▉      | 3473/8810 [00:02<00:07, 670.38it/s]
 41%|████      | 3621/8810 [00:02<00:06, 814.14it/s]
 43%|████▎     | 3774/8810 [00:02<00:05, 914.58it/s]
 45%|████▍     | 3958/8810 [00:02<00:04, 1114.43it/s]
 47%|████▋     | 4170/8810 [00:03<00:03, 1350.64it/s]
 49%|████▉     | 4325/8810 [00:03<00:03, 1261.72it/s]
 51%|█████     | 4496/8810 [00:03<00:03, 1370.09it/s]
 53%|█████▎    | 4646/8810 [00:03<00:03, 1194.77it/s]
 54%|█████▍    | 4778/8810 [00:03<00:03, 1168.51it/s]
 56%|█████▌    | 4903/8810 [00:03<00:03, 1179.91it/s]
 57%|█████▋    | 5027/8810 [00:03<00:03, 1052.42it/s]
 59%|█████▉    | 5180/8810 [00:03<00:03, 1169.31it/s]
 60%|██████    | 5316/8810 [00:04<00:02, 1207.01it/s]
 62%|██████▏   | 5442/8810 [00:04<00:03, 1026.47it/s]
 64%|██████▎   | 5600/8810 [00:04<00:02, 1153.28it/s]
 65%|██████▌   | 5752/8810 [00:04<00:02, 1246.53it/s]
 67%|██████▋   | 5884/8810 [00:04<00:02, 1095.64it/s]
 68%|██████▊   | 6002/8810 [00:04<00:02, 1095.22it/s]
 69%|██████▉   | 6117/8810 [00:04<00:02, 1041.51it/s]
 71%|███████   | 6249/8810 [00:04<00:02, 1112.63it/s]
 72%|███████▏  | 6365/8810 [00:05<00:02, 1046.20it/s]
 73%|███████▎  | 6473/8810 [00:05<00:03, 744.27it/s] 
 75%|███████▍  | 6593/8810 [00:05<00:02, 838.60it/s]
 77%|███████▋  | 6758/8810 [00:05<00:02, 1023.51it/s]
 79%|███████▊  | 6932/8810 [00:05<00:01, 1199.89it/s]
 80%|████████  | 7067/8810 [00:05<00:01, 1061.05it/s]
 82%|████████▏ | 7186/8810 [00:05<00:01, 984.50it/s] 
 83%|████████▎ | 7294/8810 [00:06<00:01, 887.00it/s]
 84%|████████▍ | 7390/8810 [00:06<00:01, 776.40it/s]
 85%|████████▍ | 7474/8810 [00:06<00:01, 785.90it/s]
 86%|████████▌ | 7574/8810 [00:06<00:01, 835.55it/s]
 87%|████████▋ | 7700/8810 [00:06<00:01, 936.44it/s]
 89%|████████▊ | 7799/8810 [00:06<00:01, 843.22it/s]
 90%|████████▉ | 7910/8810 [00:06<00:01, 898.73it/s]
 91%|█████████ | 8006/8810 [00:06<00:00, 914.68it/s]
 92%|█████████▏| 8101/8810 [00:07<00:00, 808.32it/s]
 93%|█████████▎| 8196/8810 [00:07<00:00, 840.68it/s]
 94%|█████████▍| 8310/8810 [00:07<00:00, 919.94it/s]
 95%|█████████▌| 8406/8810 [00:07<00:00, 824.08it/s]
 97%|█████████▋| 8515/8810 [00:07<00:00, 890.50it/s]
 98%|█████████▊| 8629/8810 [00:07<00:00, 957.19it/s]
 99%|█████████▉| 8729/8810 [00:07<00:00, 860.24it/s]
100%|██████████| 8810/8810 [00:07<00:00, 1132.35it/s]
