
  0%|          | 0/8810 [00:00<?, ?it/s]
  2%|▏         | 181/8810 [00:00<00:05, 1609.95it/s]
  5%|▍         | 426/8810 [00:00<00:04, 2069.34it/s]
  7%|▋         | 656/8810 [00:00<00:04, 1995.92it/s]
 10%|▉         | 862/8810 [00:00<00:03, 2012.75it/s]
 12%|█▏        | 1065/8810 [00:00<00:04, 1887.96it/s]
 15%|█▍        | 1284/8810 [00:00<00:03, 1981.25it/s]
 17%|█▋        | 1484/8810 [00:00<00:04, 1737.83it/s]
 20%|█▉        | 1731/8810 [00:00<00:03, 1937.18it/s]
 22%|██▏       | 1932/8810 [00:01<00:03, 1770.17it/s]
 25%|██▌       | 2204/8810 [00:01<00:03, 2022.44it/s]
 27%|██▋       | 2415/8810 [00:01<00:03, 1817.47it/s]
 31%|███       | 2705/8810 [00:01<00:02, 2097.00it/s]
 33%|███▎      | 2926/8810 [00:01<00:03, 1918.16it/s]
 36%|███▌      | 3128/8810 [00:01<00:03, 1850.90it/s]
 38%|███▊      | 3327/8810 [00:01<00:02, 1885.82it/s]
 40%|███▉      | 3521/8810 [00:01<00:02, 1820.50it/s]
 43%|████▎     | 3760/8810 [00:01<00:02, 1970.62it/s]
 45%|████▍     | 3962/8810 [00:02<00:02, 1789.56it/s]
 47%|████▋     | 4180/8810 [00:02<00:02, 1796.25it/s]
 50%|█████     | 4419/8810 [00:02<00:02, 1950.00it/s]
 52%|█████▏    | 4625/8810 [00:02<00:02, 1855.48it/s]
 55%|█████▍    | 4815/8810 [00:02<00:02, 1836.25it/s]
 57%|█████▋    | 5002/8810 [00:02<00:02, 1729.60it/s]
 59%|█████▉    | 5225/8810 [00:02<00:01, 1861.04it/s]
 61%|██████▏   | 5415/8810 [00:02<00:01, 1822.64it/s]
 64%|██████▍   | 5671/8810 [00:02<00:01, 2025.56it/s]
 67%|██████▋   | 5877/8810 [00:03<00:01, 1870.02it/s]
 69%|██████▉   | 6069/8810 [00:03<00:01, 1770.43it/s]
 71%|███████▏  | 6298/8810 [00:03<00:01, 1908.22it/s]
 74%|███████▎  | 6493/8810 [00:03<00:01, 1815.04it/s]
 77%|███████▋  | 6758/8810 [00:03<00:01, 2038.01it/s]
 79%|███████▉  | 6972/8810 [00:03<00:00, 2007.31it/s]
 82%|████████▏ | 7184/8810 [00:03<00:00, 2035.57it/s]
 84%|████████▍ | 7390/8810 [00:03<00:00, 1933.73it/s]
 86%|████████▌ | 7586/8810 [00:04<00:00, 1843.85it/s]
 88%|████████▊ | 7773/8810 [00:04<00:00, 1698.75it/s]
 90%|█████████ | 7966/8810 [00:04<00:00, 1759.29it/s]
 92%|█████████▏| 8145/8810 [00:04<00:00, 1586.73it/s]
 95%|█████████▍| 8334/8810 [00:04<00:00, 1664.70it/s]
 97%|█████████▋| 8505/8810 [00:04<00:00, 1562.49it/s]
 99%|█████████▊| 8695/8810 [00:04<00:00, 1649.86it/s]
100%|██████████| 8810/8810 [00:04<00:00, 1833.91it/s]
