
  0%|          | 0/8810 [00:00<?, ?it/s]
  2%|▏         | 181/8810 [00:00<00:05, 1530.06it/s]
  5%|▍         | 407/8810 [00:00<00:04, 1919.63it/s]
  7%|▋         | 655/8810 [00:00<00:03, 2159.88it/s]
 10%|▉         | 874/8810 [00:00<00:04, 1732.55it/s]
 12%|█▏        | 1059/8810 [00:00<00:04, 1663.32it/s]
 15%|█▍        | 1291/8810 [00:00<00:04, 1852.91it/s]
 17%|█▋        | 1484/8810 [00:00<00:04, 1685.51it/s]
 19%|█▉        | 1717/8810 [00:00<00:03, 1858.93it/s]
 22%|██▏       | 1911/8810 [00:01<00:04, 1639.61it/s]
 24%|██▍       | 2152/8810 [00:01<00:03, 1838.55it/s]
 27%|██▋       | 2346/8810 [00:01<00:03, 1694.13it/s]
 30%|██▉       | 2620/8810 [00:01<00:03, 1959.82it/s]
 32%|███▏      | 2827/8810 [00:01<00:03, 1793.97it/s]
 34%|███▍      | 3016/8810 [00:01<00:03, 1814.33it/s]
 36%|███▋      | 3204/8810 [00:01<00:03, 1658.32it/s]
 39%|███▊      | 3410/8810 [00:01<00:03, 1616.71it/s]
 41%|████▏     | 3647/8810 [00:02<00:02, 1804.62it/s]
 44%|████▎     | 3835/8810 [00:02<00:02, 1776.73it/s]
 47%|████▋     | 4097/8810 [00:02<00:02, 1998.40it/s]
 49%|████▉     | 4303/8810 [00:02<00:02, 1870.93it/s]
 51%|█████▏    | 4537/8810 [00:02<00:02, 1994.55it/s]
 54%|█████▍    | 4742/8810 [00:02<00:02, 1689.64it/s]
 56%|█████▌    | 4932/8810 [00:02<00:02, 1583.46it/s]
 59%|█████▊    | 5173/8810 [00:02<00:02, 1781.36it/s]
 61%|██████    | 5372/8810 [00:03<00:02, 1715.47it/s]
 63%|██████▎   | 5589/8810 [00:03<00:01, 1831.54it/s]
 66%|██████▌   | 5780/8810 [00:03<00:01, 1713.30it/s]
 68%|██████▊   | 5958/8810 [00:03<00:01, 1696.50it/s]
 70%|██████▉   | 6132/8810 [00:03<00:01, 1617.30it/s]
 72%|███████▏  | 6358/8810 [00:03<00:01, 1784.48it/s]
 74%|███████▍  | 6541/8810 [00:03<00:01, 1626.19it/s]
 77%|███████▋  | 6802/8810 [00:03<00:01, 1882.52it/s]
 79%|███████▉  | 6998/8810 [00:03<00:01, 1770.87it/s]
 82%|████████▏ | 7181/8810 [00:04<00:00, 1773.41it/s]
 84%|████████▎ | 7363/8810 [00:04<00:00, 1707.50it/s]
 86%|████████▌ | 7537/8810 [00:04<00:00, 1645.44it/s]
 88%|████████▊ | 7715/8810 [00:04<00:00, 1661.23it/s]
 90%|████████▉ | 7894/8810 [00:04<00:00, 1696.60it/s]
 92%|█████████▏| 8066/8810 [00:04<00:00, 1548.09it/s]
 94%|█████████▍| 8271/8810 [00:04<00:00, 1682.98it/s]
 96%|█████████▌| 8443/8810 [00:04<00:00, 1493.30it/s]
 99%|█████████▊| 8685/8810 [00:04<00:00, 1728.41it/s]
100%|██████████| 8810/8810 [00:05<00:00, 1731.64it/s]
