
  0%|          | 0/8810 [00:00<?, ?it/s]
  2%|▏         | 145/8810 [00:00<00:05, 1449.91it/s]
  3%|▎         | 290/8810 [00:00<00:07, 1143.86it/s]
  5%|▌         | 441/8810 [00:00<00:06, 1288.29it/s]
  7%|▋         | 618/8810 [00:00<00:05, 1460.52it/s]
  9%|▊         | 769/8810 [00:00<00:06, 1276.12it/s]
 10%|█         | 904/8810 [00:00<00:06, 1296.81it/s]
 12%|█▏        | 1038/8810 [00:00<00:06, 1186.94it/s]
 13%|█▎        | 1171/8810 [00:00<00:06, 1224.97it/s]
 15%|█▌        | 1323/8810 [00:01<00:05, 1304.94it/s]
 17%|█▋        | 1457/8810 [00:01<00:06, 1170.79it/s]
 18%|█▊        | 1579/8810 [00:01<00:06, 1130.96it/s]
 20%|██        | 1762/8810 [00:01<00:05, 1317.90it/s]
 22%|██▏       | 1899/8810 [00:01<00:05, 1167.03it/s]
 23%|██▎       | 2067/8810 [00:01<00:05, 1298.48it/s]
 26%|██▌       | 2259/8810 [00:01<00:04, 1456.90it/s]
 27%|██▋       | 2411/8810 [00:01<00:05, 1269.76it/s]
 30%|██▉       | 2620/8810 [00:02<00:04, 1469.61it/s]
 32%|███▏      | 2776/8810 [00:02<00:04, 1236.71it/s]
 33%|███▎      | 2912/8810 [00:02<00:04, 1201.60it/s]
 35%|███▍      | 3057/8810 [00:02<00:05, 1137.99it/s]
 36%|███▌      | 3177/8810 [00:02<00:05, 1109.74it/s]
 38%|███▊      | 3312/8810 [00:02<00:04, 1166.97it/s]
 39%|███▉      | 3433/8810 [00:02<00:05, 1075.12it/s]
 40%|████      | 3560/8810 [00:02<00:04, 1123.08it/s]
 42%|████▏     | 3728/8810 [00:03<00:03, 1270.72it/s]
 44%|████▍     | 3860/8810 [00:03<00:04, 1129.28it/s]
 45%|████▌     | 3979/8810 [00:03<00:04, 1055.33it/s]
 47%|████▋     | 4138/8810 [00:03<00:03, 1189.95it/s]
 48%|████▊     | 4263/8810 [00:03<00:04, 1105.05it/s]
 50%|████▉     | 4404/8810 [00:03<00:03, 1181.80it/s]
 52%|█████▏    | 4548/8810 [00:03<00:03, 1245.04it/s]
 53%|█████▎    | 4677/8810 [00:03<00:03, 1139.52it/s]
 54%|█████▍    | 4795/8810 [00:03<00:03, 1147.75it/s]
 56%|█████▌    | 4913/8810 [00:04<00:03, 979.55it/s] 
 57%|█████▋    | 5017/8810 [00:04<00:03, 953.24it/s]
 59%|█████▊    | 5166/8810 [00:04<00:03, 1087.86it/s]
 60%|██████    | 5316/8810 [00:04<00:02, 1193.35it/s]
 62%|██████▏   | 5441/8810 [00:04<00:03, 1102.02it/s]
 64%|██████▍   | 5632/8810 [00:04<00:02, 1311.57it/s]
 65%|██████▌   | 5769/8810 [00:04<00:02, 1230.91it/s]
 67%|██████▋   | 5897/8810 [00:04<00:02, 1242.51it/s]
 68%|██████▊   | 6032/8810 [00:05<00:02, 1271.03it/s]
 70%|██████▉   | 6162/8810 [00:05<00:02, 1199.37it/s]
 72%|███████▏  | 6316/8810 [00:05<00:01, 1289.07it/s]
 73%|███████▎  | 6448/8810 [00:05<00:02, 1168.28it/s]
 75%|███████▍  | 6605/8810 [00:05<00:01, 1269.10it/s]
 77%|███████▋  | 6789/8810 [00:05<00:01, 1419.64it/s]
 79%|███████▉  | 6947/8810 [00:05<00:01, 1460.11it/s]
 81%|████████  | 7096/8810 [00:05<00:01, 1211.90it/s]
 82%|████████▏ | 7226/8810 [00:05<00:01, 1219.49it/s]
 84%|████████▎ | 7360/8810 [00:06<00:01, 1168.00it/s]
 85%|████████▍ | 7485/8810 [00:06<00:01, 1187.30it/s]
 86%|████████▋ | 7608/8810 [00:06<00:01, 1170.37it/s]
 88%|████████▊ | 7728/8810 [00:06<00:01, 1077.32it/s]
 89%|████████▉ | 7839/8810 [00:06<00:00, 1003.97it/s]
 91%|█████████ | 7993/8810 [00:06<00:00, 1139.91it/s]
 92%|█████████▏| 8111/8810 [00:06<00:00, 992.31it/s] 
 93%|█████████▎| 8221/8810 [00:06<00:00, 1016.89it/s]
 95%|█████████▍| 8354/8810 [00:07<00:00, 1096.47it/s]
 96%|█████████▌| 8468/8810 [00:07<00:00, 931.81it/s] 
 98%|█████████▊| 8622/8810 [00:07<00:00, 1078.28it/s]
 99%|█████████▉| 8738/8810 [00:07<00:00, 999.17it/s] 
100%|██████████| 8810/8810 [00:07<00:00, 1178.90it/s]
