
  0%|          | 0/8810 [00:00<?, ?it/s]
  2%|▏         | 181/8810 [00:00<00:05, 1445.96it/s]
  5%|▍         | 412/8810 [00:00<00:04, 1900.12it/s]
  7%|▋         | 618/8810 [00:00<00:04, 1965.65it/s]
  9%|▉         | 818/8810 [00:00<00:04, 1619.18it/s]
 11%|█         | 989/8810 [00:00<00:04, 1631.82it/s]
 13%|█▎        | 1158/8810 [00:00<00:04, 1632.18it/s]
 15%|█▌        | 1344/8810 [00:00<00:04, 1699.36it/s]
 17%|█▋        | 1518/8810 [00:00<00:04, 1575.92it/s]
 20%|█▉        | 1740/8810 [00:01<00:04, 1757.00it/s]
 22%|██▏       | 1920/8810 [00:01<00:04, 1571.88it/s]
 24%|██▍       | 2104/8810 [00:01<00:04, 1642.45it/s]
 26%|██▌       | 2274/8810 [00:01<00:04, 1472.97it/s]
 28%|██▊       | 2477/8810 [00:01<00:03, 1616.86it/s]
 31%|███       | 2692/8810 [00:01<00:03, 1760.60it/s]
 33%|███▎      | 2875/8810 [00:01<00:03, 1679.60it/s]
 35%|███▍      | 3048/8810 [00:01<00:03, 1654.38it/s]
 37%|███▋      | 3217/8810 [00:01<00:03, 1566.56it/s]
 39%|███▊      | 3401/8810 [00:02<00:03, 1638.38it/s]
 40%|████      | 3568/8810 [00:02<00:03, 1480.12it/s]
 43%|████▎     | 3766/8810 [00:02<00:03, 1611.57it/s]
 45%|████▍     | 3932/8810 [00:02<00:03, 1376.50it/s]
 47%|████▋     | 4156/8810 [00:02<00:02, 1589.35it/s]
 49%|████▉     | 4326/8810 [00:02<00:02, 1540.72it/s]
 52%|█████▏    | 4538/8810 [00:02<00:02, 1687.91it/s]
 54%|█████▎    | 4714/8810 [00:02<00:02, 1461.28it/s]
 55%|█████▌    | 4871/8810 [00:03<00:02, 1485.21it/s]
 57%|█████▋    | 5027/8810 [00:03<00:02, 1328.32it/s]
 59%|█████▉    | 5193/8810 [00:03<00:02, 1410.16it/s]
 61%|██████    | 5372/8810 [00:03<00:02, 1356.58it/s]
 63%|██████▎   | 5545/8810 [00:03<00:02, 1443.73it/s]
 65%|██████▌   | 5751/8810 [00:03<00:01, 1604.67it/s]
 67%|██████▋   | 5918/8810 [00:03<00:02, 1377.91it/s]
 69%|██████▉   | 6065/8810 [00:03<00:02, 1330.18it/s]
 71%|███████▏  | 6278/8810 [00:04<00:01, 1528.79it/s]
 73%|███████▎  | 6439/8810 [00:04<00:01, 1430.06it/s]
 76%|███████▌  | 6663/8810 [00:04<00:01, 1637.64it/s]
 79%|███████▊  | 6926/8810 [00:04<00:00, 1905.10it/s]
 81%|████████  | 7125/8810 [00:04<00:01, 1673.99it/s]
 83%|████████▎ | 7307/8810 [00:04<00:00, 1709.76it/s]
 85%|████████▍ | 7486/8810 [00:04<00:00, 1523.40it/s]
 87%|████████▋ | 7695/8810 [00:04<00:00, 1664.72it/s]
 89%|████████▉ | 7871/8810 [00:05<00:00, 1478.78it/s]
 91%|█████████ | 8031/8810 [00:05<00:00, 1503.61it/s]
 93%|█████████▎| 8189/8810 [00:05<00:00, 1356.62it/s]
 95%|█████████▍| 8338/8810 [00:05<00:00, 1387.55it/s]
 96%|█████████▋| 8482/8810 [00:05<00:00, 1323.53it/s]
 98%|█████████▊| 8645/8810 [00:05<00:00, 1403.30it/s]
100%|█████████▉| 8790/8810 [00:05<00:00, 1367.23it/s]
100%|██████████| 8810/8810 [00:05<00:00, 1539.16it/s]
