
  0%|          | 0/8810 [00:00<?, ?it/s]
  2%|▏         | 148/8810 [00:00<00:05, 1476.43it/s]
  3%|▎         | 296/8810 [00:00<00:05, 1426.01it/s]
  6%|▌         | 530/8810 [00:00<00:04, 1834.26it/s]
  8%|▊         | 715/8810 [00:00<00:04, 1713.79it/s]
 10%|█         | 914/8810 [00:00<00:04, 1806.37it/s]
 12%|█▏        | 1097/8810 [00:00<00:04, 1772.73it/s]
 15%|█▍        | 1297/8810 [00:00<00:04, 1839.01it/s]
 17%|█▋        | 1482/8810 [00:00<00:04, 1648.57it/s]
 19%|█▉        | 1694/8810 [00:00<00:03, 1780.67it/s]
 21%|██▏       | 1877/8810 [00:01<00:04, 1647.30it/s]
 24%|██▍       | 2093/8810 [00:01<00:03, 1787.45it/s]
 26%|██▌       | 2277/8810 [00:01<00:04, 1604.10it/s]
 29%|██▊       | 2520/8810 [00:01<00:03, 1819.05it/s]
 31%|███       | 2744/8810 [00:01<00:03, 1815.47it/s]
 33%|███▎      | 2940/8810 [00:01<00:03, 1853.29it/s]
 36%|███▌      | 3130/8810 [00:01<00:03, 1776.60it/s]
 38%|███▊      | 3328/8810 [00:01<00:02, 1827.68it/s]
 40%|███▉      | 3514/8810 [00:02<00:03, 1761.05it/s]
 43%|████▎     | 3767/8810 [00:02<00:02, 1972.88it/s]
 45%|████▌     | 3968/8810 [00:02<00:02, 1844.18it/s]
 47%|████▋     | 4180/8810 [00:02<00:02, 1858.83it/s]
 50%|█████     | 4418/8810 [00:02<00:02, 1996.05it/s]
 52%|█████▏    | 4625/8810 [00:02<00:02, 1847.45it/s]
 55%|█████▍    | 4814/8810 [00:02<00:02, 1766.34it/s]
 57%|█████▋    | 4994/8810 [00:02<00:02, 1673.16it/s]
 59%|█████▉    | 5204/8810 [00:02<00:02, 1783.31it/s]
 61%|██████    | 5386/8810 [00:03<00:02, 1676.82it/s]
 64%|██████▎   | 5610/8810 [00:03<00:01, 1820.68it/s]
 66%|██████▌   | 5796/8810 [00:03<00:01, 1734.47it/s]
 68%|██████▊   | 5973/8810 [00:03<00:01, 1646.23it/s]
 70%|██████▉   | 6140/8810 [00:03<00:01, 1558.22it/s]
 72%|███████▏  | 6334/8810 [00:03<00:01, 1657.94it/s]
 74%|███████▍  | 6503/8810 [00:03<00:01, 1589.47it/s]
 77%|███████▋  | 6789/8810 [00:03<00:01, 1928.58it/s]
 79%|███████▉  | 6987/8810 [00:03<00:00, 1899.42it/s]
 82%|████████▏ | 7181/8810 [00:04<00:00, 1878.67it/s]
 84%|████████▎ | 7371/8810 [00:04<00:00, 1691.08it/s]
 86%|████████▌ | 7545/8810 [00:04<00:00, 1639.29it/s]
 88%|████████▊ | 7715/8810 [00:04<00:00, 1641.75it/s]
 90%|████████▉ | 7919/8810 [00:04<00:00, 1750.37it/s]
 92%|█████████▏| 8097/8810 [00:04<00:00, 1610.72it/s]
 94%|█████████▍| 8275/8810 [00:04<00:00, 1650.86it/s]
 96%|█████████▌| 8443/8810 [00:04<00:00, 1491.25it/s]
 98%|█████████▊| 8626/8810 [00:04<00:00, 1577.55it/s]
100%|█████████▉| 8788/8810 [00:05<00:00, 1498.40it/s]
100%|██████████| 8810/8810 [00:05<00:00, 1724.12it/s]
