
  0%|          | 0/8810 [00:00<?, ?it/s]
  2%|▏         | 181/8810 [00:00<00:05, 1524.58it/s]
  5%|▍         | 426/8810 [00:00<00:04, 2027.51it/s]
  7%|▋         | 656/8810 [00:00<00:04, 1895.86it/s]
 10%|▉         | 862/8810 [00:00<00:04, 1946.95it/s]
 12%|█▏        | 1060/8810 [00:00<00:04, 1792.71it/s]
 15%|█▍        | 1306/8810 [00:00<00:03, 1996.50it/s]
 17%|█▋        | 1510/8810 [00:00<00:03, 1827.54it/s]
 20%|█▉        | 1752/8810 [00:00<00:03, 1993.97it/s]
 22%|██▏       | 1957/8810 [00:01<00:03, 1803.51it/s]
 25%|██▍       | 2199/8810 [00:01<00:03, 1965.19it/s]
 27%|██▋       | 2403/8810 [00:01<00:03, 1799.80it/s]
 30%|███       | 2663/8810 [00:01<00:03, 2008.21it/s]
 33%|███▎      | 2872/8810 [00:01<00:03, 1941.05it/s]
 35%|███▍      | 3072/8810 [00:01<00:03, 1745.57it/s]
 37%|███▋      | 3259/8810 [00:01<00:03, 1775.25it/s]
 39%|███▉      | 3442/8810 [00:01<00:03, 1698.64it/s]
 42%|████▏     | 3679/8810 [00:01<00:02, 1873.00it/s]
 44%|████▍     | 3871/8810 [00:02<00:02, 1736.61it/s]
 47%|████▋     | 4146/8810 [00:02<00:02, 1999.50it/s]
 49%|████▉     | 4353/8810 [00:02<00:02, 1823.45it/s]
 52%|█████▏    | 4549/8810 [00:02<00:02, 1857.74it/s]
 54%|█████▍    | 4740/8810 [00:02<00:02, 1631.13it/s]
 56%|█████▌    | 4932/8810 [00:02<00:02, 1555.11it/s]
 58%|█████▊    | 5142/8810 [00:02<00:02, 1688.34it/s]
 61%|██████    | 5372/8810 [00:02<00:01, 1719.04it/s]
 64%|██████▎   | 5597/8810 [00:03<00:01, 1855.69it/s]
 66%|██████▌   | 5789/8810 [00:03<00:01, 1730.97it/s]
 68%|██████▊   | 5967/8810 [00:03<00:01, 1716.54it/s]
 70%|██████▉   | 6142/8810 [00:03<00:01, 1615.65it/s]
 72%|███████▏  | 6351/8810 [00:03<00:01, 1740.62it/s]
 74%|███████▍  | 6529/8810 [00:03<00:01, 1624.30it/s]
 77%|███████▋  | 6791/8810 [00:03<00:01, 1887.47it/s]
 79%|███████▉  | 6986/8810 [00:03<00:00, 1848.23it/s]
 81%|████████▏ | 7175/8810 [00:03<00:00, 1840.18it/s]
 84%|████████▎ | 7362/8810 [00:04<00:00, 1682.51it/s]
 86%|████████▌ | 7535/8810 [00:04<00:00, 1569.65it/s]
 88%|████████▊ | 7715/8810 [00:04<00:00, 1506.26it/s]
 89%|████████▉ | 7869/8810 [00:04<00:00, 1498.81it/s]
 91%|█████████ | 8024/8810 [00:04<00:00, 1510.66it/s]
 93%|█████████▎| 8177/8810 [00:04<00:00, 1361.52it/s]
 95%|█████████▍| 8336/8810 [00:04<00:00, 1419.19it/s]
 96%|█████████▋| 8481/8810 [00:04<00:00, 1305.48it/s]
 98%|█████████▊| 8644/8810 [00:05<00:00, 1386.29it/s]
100%|█████████▉| 8787/8810 [00:05<00:00, 1309.90it/s]
100%|██████████| 8810/8810 [00:05<00:00, 1696.98it/s]
