
  0%|          | 0/8810 [00:00<?, ?it/s]
  2%|▏         | 181/8810 [00:00<00:05, 1540.52it/s]
  5%|▍         | 422/8810 [00:00<00:04, 2017.32it/s]
  7%|▋         | 656/8810 [00:00<00:04, 1928.04it/s]
 10%|█         | 885/8810 [00:00<00:03, 2057.36it/s]
 12%|█▏        | 1094/8810 [00:00<00:03, 1947.38it/s]
 15%|█▍        | 1299/8810 [00:00<00:03, 1979.17it/s]
 17%|█▋        | 1499/8810 [00:00<00:04, 1710.24it/s]
 20%|█▉        | 1752/8810 [00:00<00:03, 1934.65it/s]
 22%|██▏       | 1954/8810 [00:01<00:03, 1753.66it/s]
 25%|██▌       | 2204/8810 [00:01<00:03, 1950.15it/s]
 27%|██▋       | 2408/8810 [00:01<00:03, 1789.85it/s]
 30%|███       | 2679/8810 [00:01<00:03, 2028.32it/s]
 33%|███▎      | 2891/8810 [00:01<00:03, 1914.35it/s]
 35%|███▌      | 3090/8810 [00:01<00:03, 1784.25it/s]
 37%|███▋      | 3292/8810 [00:01<00:02, 1843.50it/s]
 40%|███▉      | 3482/8810 [00:01<00:03, 1771.64it/s]
 43%|████▎     | 3759/8810 [00:01<00:02, 2034.16it/s]
 45%|████▌     | 3968/8810 [00:02<00:02, 1844.29it/s]
 47%|████▋     | 4180/8810 [00:02<00:02, 1825.73it/s]
 51%|█████     | 4451/8810 [00:02<00:02, 2056.82it/s]
 53%|█████▎    | 4663/8810 [00:02<00:02, 1895.49it/s]
 55%|█████▌    | 4859/8810 [00:02<00:02, 1866.65it/s]
 57%|█████▋    | 5050/8810 [00:02<00:02, 1713.81it/s]
 60%|█████▉    | 5278/8810 [00:02<00:01, 1860.20it/s]
 62%|██████▏   | 5470/8810 [00:02<00:01, 1767.92it/s]
 65%|██████▌   | 5729/8810 [00:03<00:01, 1982.92it/s]
 67%|██████▋   | 5933/8810 [00:03<00:01, 1752.64it/s]
 69%|██████▉   | 6117/8810 [00:03<00:01, 1716.19it/s]
 72%|███████▏  | 6369/8810 [00:03<00:01, 1925.80it/s]
 75%|███████▍  | 6569/8810 [00:03<00:01, 1867.60it/s]
 78%|███████▊  | 6847/8810 [00:03<00:00, 2112.98it/s]
 80%|████████  | 7065/8810 [00:03<00:00, 2011.65it/s]
 83%|████████▎ | 7271/8810 [00:03<00:00, 1944.86it/s]
 85%|████████▍ | 7469/8810 [00:03<00:00, 1837.71it/s]
 87%|████████▋ | 7671/8810 [00:04<00:00, 1885.92it/s]
 89%|████████▉ | 7863/8810 [00:04<00:00, 1664.21it/s]
 91%|█████████ | 8037/8810 [00:04<00:00, 1561.17it/s]
 93%|█████████▎| 8223/8810 [00:04<00:00, 1634.52it/s]
 95%|█████████▌| 8391/8810 [00:04<00:00, 1526.35it/s]
 97%|█████████▋| 8588/8810 [00:04<00:00, 1639.21it/s]
 99%|█████████▉| 8757/8810 [00:04<00:00, 1552.59it/s]
100%|██████████| 8810/8810 [00:04<00:00, 1823.10it/s]
