
  0%|          | 0/8810 [00:00<?, ?it/s]
  2%|▏         | 181/8810 [00:00<00:06, 1376.86it/s]
  4%|▍         | 382/8810 [00:00<00:04, 1705.70it/s]
  7%|▋         | 590/8810 [00:00<00:04, 1862.07it/s]
  9%|▉         | 780/8810 [00:00<00:05, 1512.95it/s]
 11%|█         | 967/8810 [00:00<00:04, 1615.26it/s]
 13%|█▎        | 1137/8810 [00:00<00:04, 1550.38it/s]
 15%|█▌        | 1341/8810 [00:00<00:04, 1686.28it/s]
 17%|█▋        | 1515/8810 [00:00<00:04, 1554.68it/s]
 20%|█▉        | 1731/8810 [00:01<00:04, 1721.36it/s]
 22%|██▏       | 1909/8810 [00:01<00:04, 1460.40it/s]
 24%|██▍       | 2145/8810 [00:01<00:03, 1685.65it/s]
 26%|██▋       | 2325/8810 [00:01<00:04, 1512.05it/s]
 29%|██▊       | 2524/8810 [00:01<00:03, 1627.02it/s]
 31%|███       | 2744/8810 [00:01<00:03, 1663.26it/s]
 33%|███▎      | 2917/8810 [00:01<00:03, 1585.81it/s]
 35%|███▍      | 3081/8810 [00:01<00:03, 1527.18it/s]
 37%|███▋      | 3243/8810 [00:02<00:03, 1546.41it/s]
 39%|███▊      | 3410/8810 [00:02<00:03, 1484.69it/s]
 41%|████      | 3621/8810 [00:02<00:03, 1646.40it/s]
 43%|████▎     | 3789/8810 [00:02<00:03, 1607.18it/s]
 45%|████▌     | 3979/8810 [00:02<00:02, 1687.46it/s]
 47%|████▋     | 4180/8810 [00:02<00:02, 1694.27it/s]
 50%|█████     | 4405/8810 [00:02<00:02, 1848.40it/s]
 52%|█████▏    | 4600/8810 [00:02<00:02, 1873.00it/s]
 54%|█████▍    | 4790/8810 [00:02<00:02, 1596.32it/s]
 56%|█████▋    | 4958/8810 [00:03<00:02, 1416.18it/s]
 58%|█████▊    | 5141/8810 [00:03<00:02, 1515.07it/s]
 60%|██████    | 5329/8810 [00:03<00:02, 1606.58it/s]
 62%|██████▏   | 5497/8810 [00:03<00:02, 1481.09it/s]
 65%|██████▍   | 5714/8810 [00:03<00:01, 1659.20it/s]
 67%|██████▋   | 5887/8810 [00:03<00:01, 1490.40it/s]
 69%|██████▊   | 6044/8810 [00:03<00:01, 1388.82it/s]
 71%|███████   | 6232/8810 [00:03<00:01, 1511.30it/s]
 73%|███████▎  | 6400/8810 [00:04<00:01, 1455.16it/s]
 75%|███████▌  | 6615/8810 [00:04<00:01, 1634.93it/s]
 78%|███████▊  | 6830/8810 [00:04<00:01, 1772.76it/s]
 80%|███████▉  | 7013/8810 [00:04<00:01, 1717.42it/s]
 82%|████████▏ | 7189/8810 [00:04<00:00, 1724.33it/s]
 84%|████████▎ | 7365/8810 [00:04<00:00, 1566.00it/s]
 85%|████████▌ | 7526/8810 [00:04<00:00, 1563.03it/s]
 88%|████████▊ | 7715/8810 [00:04<00:00, 1490.97it/s]
 90%|████████▉ | 7895/8810 [00:04<00:00, 1568.40it/s]
 91%|█████████▏| 8056/8810 [00:05<00:00, 1447.14it/s]
 93%|█████████▎| 8213/8810 [00:05<00:00, 1476.00it/s]
 95%|█████████▍| 8364/8810 [00:05<00:00, 1433.66it/s]
 97%|█████████▋| 8526/8810 [00:05<00:00, 1479.78it/s]
 99%|█████████▉| 8702/8810 [00:05<00:00, 1479.26it/s]
100%|██████████| 8810/8810 [00:05<00:00, 1580.35it/s]
