
  0%|          | 0/8810 [00:00<?, ?it/s]
  2%|▏         | 165/8810 [00:00<00:05, 1639.79it/s]
  4%|▎         | 329/8810 [00:00<00:05, 1493.14it/s]
  5%|▌         | 484/8810 [00:00<00:05, 1508.03it/s]
  7%|▋         | 656/8810 [00:00<00:05, 1423.67it/s]
  9%|▉         | 806/8810 [00:00<00:05, 1443.94it/s]
 11%|█         | 954/8810 [00:00<00:05, 1452.47it/s]
 12%|█▏        | 1100/8810 [00:00<00:05, 1347.75it/s]
 14%|█▍        | 1267/8810 [00:00<00:05, 1438.55it/s]
 16%|█▌        | 1413/8810 [00:00<00:05, 1420.53it/s]
 18%|█▊        | 1557/8810 [00:01<00:05, 1277.41it/s]
 19%|█▉        | 1716/8810 [00:01<00:05, 1358.22it/s]
 21%|██        | 1855/8810 [00:01<00:05, 1162.50it/s]
 23%|██▎       | 2002/8810 [00:01<00:05, 1239.02it/s]
 25%|██▍       | 2187/8810 [00:01<00:04, 1397.03it/s]
 26%|██▋       | 2333/8810 [00:01<00:05, 1217.45it/s]
 29%|██▊       | 2518/8810 [00:01<00:04, 1373.70it/s]
 31%|███       | 2692/8810 [00:01<00:04, 1468.67it/s]
 32%|███▏      | 2846/8810 [00:02<00:04, 1373.38it/s]
 34%|███▍      | 3014/8810 [00:02<00:04, 1446.51it/s]
 36%|███▌      | 3164/8810 [00:02<00:04, 1378.28it/s]
 38%|███▊      | 3306/8810 [00:02<00:04, 1349.66it/s]
 39%|███▉      | 3444/8810 [00:02<00:04, 1257.22it/s]
 41%|████      | 3622/8810 [00:02<00:03, 1390.43it/s]
 43%|████▎     | 3774/8810 [00:02<00:03, 1291.64it/s]
 44%|████▍     | 3911/8810 [00:02<00:03, 1307.43it/s]
 47%|████▋     | 4145/8810 [00:02<00:02, 1583.87it/s]
 49%|████▉     | 4309/8810 [00:03<00:03, 1449.70it/s]
 51%|█████     | 4489/8810 [00:03<00:02, 1537.80it/s]
 53%|█████▎    | 4648/8810 [00:03<00:03, 1369.80it/s]
 54%|█████▍    | 4793/8810 [00:03<00:02, 1381.86it/s]
 56%|█████▌    | 4936/8810 [00:03<00:03, 1271.88it/s]
 58%|█████▊    | 5114/8810 [00:03<00:02, 1400.89it/s]
 60%|██████    | 5294/8810 [00:03<00:02, 1506.92it/s]
 62%|██████▏   | 5450/8810 [00:03<00:02, 1389.45it/s]
 64%|██████▍   | 5644/8810 [00:04<00:02, 1529.65it/s]
 66%|██████▌   | 5802/8810 [00:04<00:02, 1468.62it/s]
 68%|██████▊   | 5953/8810 [00:04<00:02, 1392.29it/s]
 69%|██████▉   | 6096/8810 [00:04<00:01, 1358.57it/s]
 71%|███████   | 6260/8810 [00:04<00:01, 1431.47it/s]
 73%|███████▎  | 6406/8810 [00:04<00:01, 1302.46it/s]
 75%|███████▍  | 6589/8810 [00:04<00:01, 1439.74it/s]
 77%|███████▋  | 6791/8810 [00:04<00:01, 1592.44it/s]
 79%|███████▉  | 6972/8810 [00:04<00:01, 1477.00it/s]
 81%|████████  | 7125/8810 [00:05<00:01, 1449.18it/s]
 83%|████████▎ | 7274/8810 [00:05<00:01, 1413.17it/s]
 84%|████████▍ | 7418/8810 [00:05<00:00, 1410.34it/s]
 86%|████████▌ | 7561/8810 [00:05<00:00, 1323.44it/s]
 88%|████████▊ | 7715/8810 [00:05<00:00, 1300.93it/s]
 89%|████████▉ | 7847/8810 [00:05<00:00, 1277.47it/s]
 91%|█████████ | 8001/8810 [00:05<00:00, 1340.35it/s]
 92%|█████████▏| 8137/8810 [00:05<00:00, 1166.28it/s]
 94%|█████████▍| 8297/8810 [00:06<00:00, 1275.36it/s]
 96%|█████████▌| 8430/8810 [00:06<00:00, 1165.46it/s]
 98%|█████████▊| 8605/8810 [00:06<00:00, 1314.23it/s]
 99%|█████████▉| 8743/8810 [00:06<00:00, 1245.37it/s]
100%|██████████| 8810/8810 [00:06<00:00, 1370.59it/s]
