
  0%|          | 0/8810 [00:00<?, ?it/s]
  2%|▏         | 181/8810 [00:00<00:05, 1500.75it/s]
  5%|▍         | 426/8810 [00:00<00:04, 2007.98it/s]
  7%|▋         | 656/8810 [00:00<00:04, 1888.47it/s]
 10%|▉         | 853/8810 [00:00<00:04, 1916.65it/s]
 12%|█▏        | 1047/8810 [00:00<00:04, 1752.20it/s]
 15%|█▍        | 1280/8810 [00:00<00:03, 1926.10it/s]
 17%|█▋        | 1477/8810 [00:00<00:04, 1736.58it/s]
 19%|█▉        | 1698/8810 [00:00<00:03, 1867.09it/s]
 21%|██▏       | 1890/8810 [00:01<00:04, 1680.33it/s]
 24%|██▍       | 2148/8810 [00:01<00:03, 1916.54it/s]
 27%|██▋       | 2348/8810 [00:01<00:03, 1701.79it/s]
 29%|██▊       | 2528/8810 [00:01<00:03, 1632.34it/s]
 31%|███       | 2730/8810 [00:01<00:03, 1731.83it/s]
 33%|███▎      | 2910/8810 [00:01<00:03, 1584.53it/s]
 35%|███▍      | 3075/8810 [00:01<00:03, 1495.73it/s]
 37%|███▋      | 3239/8810 [00:01<00:03, 1524.68it/s]
 39%|███▊      | 3410/8810 [00:02<00:03, 1494.15it/s]
 41%|████      | 3617/8810 [00:02<00:03, 1645.69it/s]
 43%|████▎     | 3786/8810 [00:02<00:03, 1626.18it/s]
 45%|████▌     | 3991/8810 [00:02<00:02, 1741.97it/s]
 47%|████▋     | 4180/8810 [00:02<00:02, 1757.14it/s]
 50%|█████     | 4419/8810 [00:02<00:02, 1934.42it/s]
 52%|█████▏    | 4625/8810 [00:02<00:02, 1792.54it/s]
 55%|█████▍    | 4808/8810 [00:02<00:02, 1782.53it/s]
 57%|█████▋    | 4989/8810 [00:02<00:02, 1659.97it/s]
 59%|█████▉    | 5199/8810 [00:03<00:02, 1777.63it/s]
 61%|██████    | 5381/8810 [00:03<00:02, 1680.28it/s]
 64%|██████▍   | 5624/8810 [00:03<00:01, 1879.69it/s]
 66%|██████▌   | 5817/8810 [00:03<00:01, 1771.78it/s]
 68%|██████▊   | 5998/8810 [00:03<00:01, 1667.89it/s]
 70%|███████   | 6168/8810 [00:03<00:01, 1582.90it/s]
 72%|███████▏  | 6370/8810 [00:03<00:01, 1695.90it/s]
 74%|███████▍  | 6543/8810 [00:03<00:01, 1531.14it/s]
 77%|███████▋  | 6751/8810 [00:03<00:01, 1669.85it/s]
 79%|███████▊  | 6936/8810 [00:04<00:01, 1711.61it/s]
 81%|████████  | 7112/8810 [00:04<00:01, 1497.39it/s]
 83%|████████▎ | 7269/8810 [00:04<00:01, 1476.53it/s]
 84%|████████▍ | 7422/8810 [00:04<00:00, 1452.84it/s]
 86%|████████▌ | 7571/8810 [00:04<00:00, 1395.51it/s]
 88%|████████▊ | 7715/8810 [00:04<00:00, 1356.87it/s]
 89%|████████▉ | 7861/8810 [00:04<00:00, 1382.90it/s]
 91%|█████████ | 8027/8810 [00:04<00:00, 1457.47it/s]
 93%|█████████▎| 8175/8810 [00:04<00:00, 1326.22it/s]
 95%|█████████▍| 8354/8810 [00:05<00:00, 1450.71it/s]
 97%|█████████▋| 8503/8810 [00:05<00:00, 1369.73it/s]
 99%|█████████▊| 8687/8810 [00:05<00:00, 1496.95it/s]
100%|██████████| 8810/8810 [00:05<00:00, 1624.11it/s]
