
  0%|          | 0/8810 [00:00<?, ?it/s]
  2%|▏         | 181/8810 [00:00<00:06, 1351.35it/s]
  4%|▍         | 382/8810 [00:00<00:04, 1687.57it/s]
  7%|▋         | 583/8810 [00:00<00:04, 1818.58it/s]
  9%|▊         | 769/8810 [00:00<00:05, 1528.46it/s]
 11%|█         | 932/8810 [00:00<00:05, 1559.03it/s]
 12%|█▏        | 1094/8810 [00:00<00:05, 1444.17it/s]
 14%|█▍        | 1270/8810 [00:00<00:04, 1531.46it/s]
 16%|█▌        | 1431/8810 [00:00<00:04, 1552.05it/s]
 18%|█▊        | 1590/8810 [00:01<00:05, 1399.96it/s]
 20%|██        | 1778/8810 [00:01<00:04, 1528.38it/s]
 22%|██▏       | 1936/8810 [00:01<00:05, 1339.69it/s]
 24%|██▍       | 2153/8810 [00:01<00:04, 1548.60it/s]
 26%|██▋       | 2317/8810 [00:01<00:04, 1454.10it/s]
 28%|██▊       | 2501/8810 [00:01<00:04, 1551.07it/s]
 31%|███       | 2718/8810 [00:01<00:03, 1715.48it/s]
 33%|███▎      | 2896/8810 [00:01<00:03, 1488.69it/s]
 35%|███▍      | 3054/8810 [00:02<00:03, 1476.13it/s]
 36%|███▋      | 3208/8810 [00:02<00:04, 1356.42it/s]
 38%|███▊      | 3377/8810 [00:02<00:03, 1438.04it/s]
 40%|████      | 3526/8810 [00:02<00:04, 1294.09it/s]
 42%|████▏     | 3726/8810 [00:02<00:03, 1470.04it/s]
 44%|████▍     | 3881/8810 [00:02<00:03, 1420.29it/s]
 46%|████▋     | 4080/8810 [00:02<00:03, 1564.27it/s]
 48%|████▊     | 4242/8810 [00:02<00:03, 1453.58it/s]
 50%|█████     | 4422/8810 [00:02<00:02, 1543.29it/s]
 52%|█████▏    | 4581/8810 [00:03<00:02, 1496.61it/s]
 54%|█████▎    | 4734/8810 [00:03<00:03, 1315.10it/s]
 55%|█████▌    | 4883/8810 [00:03<00:02, 1359.26it/s]
 57%|█████▋    | 5024/8810 [00:03<00:02, 1291.84it/s]
 59%|█████▉    | 5204/8810 [00:03<00:02, 1425.79it/s]
 61%|██████    | 5372/8810 [00:03<00:02, 1389.70it/s]
 63%|██████▎   | 5549/8810 [00:03<00:02, 1486.51it/s]
 65%|██████▌   | 5747/8810 [00:03<00:01, 1617.09it/s]
 67%|██████▋   | 5913/8810 [00:04<00:02, 1376.88it/s]
 69%|██████▉   | 6059/8810 [00:04<00:02, 1339.46it/s]
 71%|███████   | 6224/8810 [00:04<00:01, 1417.96it/s]
 73%|███████▎  | 6400/8810 [00:04<00:01, 1379.48it/s]
 75%|███████▍  | 6571/8810 [00:04<00:01, 1464.90it/s]
 77%|███████▋  | 6781/8810 [00:04<00:01, 1635.69it/s]
 79%|███████▉  | 6972/8810 [00:04<00:01, 1583.53it/s]
 81%|████████  | 7135/8810 [00:04<00:01, 1570.62it/s]
 83%|████████▎ | 7312/8810 [00:04<00:00, 1624.46it/s]
 85%|████████▍ | 7477/8810 [00:05<00:00, 1450.11it/s]
 87%|████████▋ | 7656/8810 [00:05<00:00, 1539.39it/s]
 89%|████████▊ | 7815/8810 [00:05<00:00, 1381.73it/s]
 91%|█████████ | 7982/8810 [00:05<00:00, 1455.59it/s]
 92%|█████████▏| 8133/8810 [00:05<00:00, 1317.61it/s]
 94%|█████████▍| 8314/8810 [00:05<00:00, 1441.29it/s]
 96%|█████████▌| 8464/8810 [00:05<00:00, 1310.13it/s]
 98%|█████████▊| 8613/8810 [00:05<00:00, 1352.69it/s]
 99%|█████████▉| 8753/8810 [00:06<00:00, 1255.76it/s]
100%|██████████| 8810/8810 [00:06<00:00, 1452.43it/s]
