
  0%|          | 0/8810 [00:00<?, ?it/s]
  2%|▏         | 181/8810 [00:00<00:05, 1495.05it/s]
  5%|▍         | 426/8810 [00:00<00:04, 2006.42it/s]
  7%|▋         | 651/8810 [00:00<00:03, 2103.20it/s]
 10%|▉         | 865/8810 [00:00<00:04, 1718.91it/s]
 12%|█▏        | 1047/8810 [00:00<00:04, 1601.50it/s]
 15%|█▍        | 1288/8810 [00:00<00:04, 1829.97it/s]
 17%|█▋        | 1480/8810 [00:00<00:04, 1668.89it/s]
 19%|█▉        | 1716/8810 [00:00<00:03, 1855.67it/s]
 22%|██▏       | 1910/8810 [00:01<00:04, 1653.80it/s]
 25%|██▍       | 2187/8810 [00:01<00:03, 1943.72it/s]
 27%|██▋       | 2393/8810 [00:01<00:03, 1817.25it/s]
 30%|███       | 2670/8810 [00:01<00:02, 2066.90it/s]
 33%|███▎      | 2887/8810 [00:01<00:03, 1920.36it/s]
 35%|███▌      | 3088/8810 [00:01<00:03, 1800.33it/s]
 37%|███▋      | 3284/8810 [00:01<00:03, 1835.21it/s]
 39%|███▉      | 3473/8810 [00:01<00:03, 1716.07it/s]
 42%|████▏     | 3712/8810 [00:02<00:02, 1889.43it/s]
 44%|████▍     | 3907/8810 [00:02<00:02, 1802.93it/s]
 47%|████▋     | 4158/8810 [00:02<00:02, 1992.51it/s]
 50%|████▉     | 4363/8810 [00:02<00:02, 1911.59it/s]
 52%|█████▏    | 4567/8810 [00:02<00:02, 1945.56it/s]
 54%|█████▍    | 4765/8810 [00:02<00:02, 1783.50it/s]
 56%|█████▌    | 4948/8810 [00:02<00:02, 1569.07it/s]
 58%|█████▊    | 5145/8810 [00:02<00:02, 1668.86it/s]
 61%|██████    | 5372/8810 [00:02<00:02, 1711.81it/s]
 64%|██████▎   | 5610/8810 [00:03<00:01, 1879.30it/s]
 66%|██████▌   | 5804/8810 [00:03<00:01, 1786.39it/s]
 68%|██████▊   | 5987/8810 [00:03<00:01, 1745.92it/s]
 70%|██████▉   | 6165/8810 [00:03<00:01, 1625.76it/s]
 72%|███████▏  | 6370/8810 [00:03<00:01, 1735.80it/s]
 74%|███████▍  | 6548/8810 [00:03<00:01, 1557.03it/s]
 77%|███████▋  | 6781/8810 [00:03<00:01, 1755.87it/s]
 79%|███████▉  | 6972/8810 [00:03<00:01, 1608.80it/s]
 81%|████████  | 7148/8810 [00:04<00:01, 1647.34it/s]
 83%|████████▎ | 7331/8810 [00:04<00:00, 1696.12it/s]
 85%|████████▌ | 7505/8810 [00:04<00:00, 1471.13it/s]
 88%|████████▊ | 7715/8810 [00:04<00:00, 1471.36it/s]
 89%|████████▉ | 7876/8810 [00:04<00:00, 1504.89it/s]
 91%|█████████ | 8031/8810 [00:04<00:00, 1439.41it/s]
 93%|█████████▎| 8179/8810 [00:04<00:00, 1305.88it/s]
 95%|█████████▍| 8343/8810 [00:04<00:00, 1389.84it/s]
 96%|█████████▋| 8487/8810 [00:05<00:00, 1351.53it/s]
 98%|█████████▊| 8663/8810 [00:05<00:00, 1460.13it/s]
100%|██████████| 8810/8810 [00:05<00:00, 1682.44it/s]
