
  0%|          | 0/8810 [00:00<?, ?it/s]
  0%|          | 29/8810 [00:00<00:34, 253.50it/s]
  1%|          | 83/8810 [00:00<00:21, 409.66it/s]
  2%|▏         | 164/8810 [00:00<00:15, 564.14it/s]
  3%|▎         | 221/8810 [00:00<00:22, 388.19it/s]
  3%|▎         | 280/8810 [00:00<00:19, 440.57it/s]
  4%|▎         | 330/8810 [00:00<00:27, 311.39it/s]
  4%|▍         | 369/8810 [00:01<00:29, 285.90it/s]
  5%|▍         | 403/8810 [00:01<00:30, 277.41it/s]
  5%|▍         | 435/8810 [00:01<00:36, 230.17it/s]
  5%|▌         | 472/8810 [00:01<00:32, 257.73it/s]
  6%|▌         | 533/8810 [00:01<00:24, 334.62it/s]
  6%|▋         | 572/8810 [00:01<00:23, 346.27it/s]
  7%|▋         | 611/8810 [00:01<00:25, 322.80it/s]
  7%|▋         | 653/8810 [00:01<00:23, 345.50it/s]
  8%|▊         | 691/8810 [00:02<00:35, 227.26it/s]
  8%|▊         | 721/8810 [00:02<00:38, 212.68it/s]
  9%|▊         | 758/8810 [00:02<00:33, 241.34it/s]
  9%|▉         | 798/8810 [00:02<00:29, 271.81it/s]
  9%|▉         | 834/8810 [00:02<00:27, 291.00it/s]
 10%|▉         | 867/8810 [00:02<00:26, 299.96it/s]
 10%|█         | 905/8810 [00:02<00:24, 318.75it/s]
 11%|█         | 960/8810 [00:03<00:20, 374.69it/s]
 11%|█▏        | 1000/8810 [00:03<00:24, 312.79it/s]
 12%|█▏        | 1077/8810 [00:03<00:18, 423.24it/s]
 13%|█▎        | 1130/8810 [00:03<00:17, 443.70it/s]
 13%|█▎        | 1178/8810 [00:03<00:16, 453.18it/s]
 14%|█▍        | 1233/8810 [00:03<00:16, 468.86it/s]
 15%|█▍        | 1297/8810 [00:03<00:14, 514.15it/s]
 15%|█▌        | 1350/8810 [00:03<00:15, 469.44it/s]
 16%|█▌        | 1399/8810 [00:04<00:15, 472.28it/s]
 16%|█▋        | 1451/8810 [00:04<00:15, 479.19it/s]
 17%|█▋        | 1500/8810 [00:04<00:21, 338.04it/s]
 18%|█▊        | 1563/8810 [00:04<00:18, 395.66it/s]
 19%|█▊        | 1631/8810 [00:04<00:15, 460.79it/s]
 19%|█▉        | 1691/8810 [00:04<00:14, 488.30it/s]
 20%|█▉        | 1752/8810 [00:04<00:13, 506.16it/s]
 21%|██        | 1813/8810 [00:04<00:13, 533.07it/s]
 21%|██        | 1869/8810 [00:05<00:21, 322.34it/s]
 22%|██▏       | 1957/8810 [00:05<00:16, 428.22it/s]
 23%|██▎       | 2027/8810 [00:05<00:13, 485.53it/s]
 24%|██▎       | 2090/8810 [00:05<00:13, 514.80it/s]
 25%|██▍       | 2166/8810 [00:05<00:11, 574.44it/s]
 25%|██▌       | 2232/8810 [00:05<00:12, 547.96it/s]
 26%|██▌       | 2293/8810 [00:06<00:15, 418.91it/s]
 27%|██▋       | 2363/8810 [00:06<00:13, 477.95it/s]
 28%|██▊       | 2442/8810 [00:06<00:11, 542.13it/s]
 29%|██▊       | 2516/8810 [00:06<00:10, 590.06it/s]
 30%|██▉       | 2611/8810 [00:06<00:09, 674.29it/s]
 30%|███       | 2684/8810 [00:06<00:09, 628.08it/s]
 31%|███       | 2751/8810 [00:06<00:12, 500.73it/s]
 32%|███▏      | 2808/8810 [00:06<00:13, 442.15it/s]
 33%|███▎      | 2882/8810 [00:07<00:11, 504.48it/s]
 33%|███▎      | 2939/8810 [00:07<00:11, 489.27it/s]
 35%|███▍      | 3057/8810 [00:07<00:10, 570.19it/s]
 35%|███▌      | 3124/8810 [00:07<00:09, 587.94it/s]
 36%|███▌      | 3185/8810 [00:07<00:10, 529.68it/s]
 37%|███▋      | 3240/8810 [00:07<00:11, 494.58it/s]
 37%|███▋      | 3291/8810 [00:07<00:11, 462.82it/s]
 38%|███▊      | 3362/8810 [00:07<00:10, 516.51it/s]
 39%|███▉      | 3416/8810 [00:08<00:14, 375.97it/s]
 39%|███▉      | 3469/8810 [00:08<00:13, 407.50it/s]
 40%|████      | 3525/8810 [00:08<00:11, 442.27it/s]
 41%|████      | 3575/8810 [00:08<00:11, 456.08it/s]
 41%|████      | 3633/8810 [00:08<00:10, 485.34it/s]
 42%|████▏     | 3730/8810 [00:08<00:08, 613.00it/s]
 43%|████▎     | 3795/8810 [00:08<00:08, 582.79it/s]
 44%|████▍     | 3856/8810 [00:08<00:08, 553.11it/s]
 44%|████▍     | 3914/8810 [00:09<00:09, 542.01it/s]
 45%|████▌     | 3986/8810 [00:09<00:08, 576.93it/s]
 46%|████▌     | 4069/8810 [00:09<00:07, 639.82it/s]
 47%|████▋     | 4135/8810 [00:09<00:08, 545.38it/s]
 48%|████▊     | 4193/8810 [00:09<00:09, 472.41it/s]
 48%|████▊     | 4270/8810 [00:09<00:08, 536.47it/s]
 49%|████▉     | 4332/8810 [00:09<00:08, 556.73it/s]
 50%|████▉     | 4400/8810 [00:09<00:07, 574.27it/s]
 51%|█████     | 4460/8810 [00:10<00:07, 546.42it/s]
 51%|█████▏    | 4517/8810 [00:10<00:12, 347.53it/s]
 52%|█████▏    | 4562/8810 [00:10<00:14, 286.73it/s]
 52%|█████▏    | 4599/8810 [00:11<00:20, 202.53it/s]
 53%|█████▎    | 4628/8810 [00:11<00:27, 153.26it/s]
 53%|█████▎    | 4651/8810 [00:11<00:27, 153.22it/s]
 53%|█████▎    | 4674/8810 [00:11<00:25, 163.85it/s]
 53%|█████▎    | 4695/8810 [00:11<00:31, 129.59it/s]
 54%|█████▎    | 4728/8810 [00:12<00:26, 156.97it/s]
 54%|█████▍    | 4749/8810 [00:12<00:27, 147.55it/s]
 54%|█████▍    | 4785/8810 [00:12<00:21, 186.04it/s]
 55%|█████▍    | 4809/8810 [00:12<00:25, 156.42it/s]
 55%|█████▍    | 4829/8810 [00:12<00:24, 162.50it/s]
 55%|█████▌    | 4849/8810 [00:12<00:28, 139.12it/s]
 55%|█████▌    | 4866/8810 [00:13<00:29, 132.41it/s]
 55%|█████▌    | 4881/8810 [00:13<00:29, 135.28it/s]
 56%|█████▌    | 4896/8810 [00:13<00:30, 128.55it/s]
 56%|█████▌    | 4911/8810 [00:13<00:29, 133.10it/s]
 56%|█████▌    | 4926/8810 [00:13<00:28, 134.29it/s]
 56%|█████▌    | 4940/8810 [00:14<01:03, 61.24it/s] 
 56%|█████▌    | 4954/8810 [00:14<00:54, 70.56it/s]
 57%|█████▋    | 4982/8810 [00:14<00:36, 104.34it/s]
 57%|█████▋    | 5009/8810 [00:14<00:28, 134.46it/s]
 57%|█████▋    | 5028/8810 [00:14<00:30, 124.48it/s]
 57%|█████▋    | 5052/8810 [00:14<00:25, 146.32it/s]
 58%|█████▊    | 5071/8810 [00:14<00:28, 131.65it/s]
 58%|█████▊    | 5089/8810 [00:14<00:26, 138.38it/s]
 58%|█████▊    | 5105/8810 [00:15<00:26, 141.21it/s]
 58%|█████▊    | 5123/8810 [00:15<00:25, 143.87it/s]
 59%|█████▊    | 5155/8810 [00:15<00:21, 168.55it/s]
 59%|█████▉    | 5180/8810 [00:15<00:19, 183.93it/s]
 59%|█████▉    | 5200/8810 [00:15<00:26, 134.18it/s]
 59%|█████▉    | 5223/8810 [00:15<00:25, 143.17it/s]
 60%|█████▉    | 5251/8810 [00:16<00:24, 147.75it/s]
 60%|█████▉    | 5267/8810 [00:16<00:23, 149.14it/s]
 60%|█████▉    | 5284/8810 [00:16<00:23, 148.97it/s]
 60%|██████    | 5304/8810 [00:16<00:22, 154.44it/s]
 60%|██████    | 5320/8810 [00:16<00:23, 149.06it/s]
 61%|██████    | 5345/8810 [00:16<00:20, 171.27it/s]
 61%|██████    | 5372/8810 [00:17<00:32, 104.85it/s]
 61%|██████    | 5387/8810 [00:17<00:34, 98.25it/s] 
 61%|██████▏   | 5400/8810 [00:17<00:33, 102.51it/s]
 62%|██████▏   | 5431/8810 [00:17<00:24, 140.36it/s]
 62%|██████▏   | 5463/8810 [00:17<00:19, 173.23it/s]
 62%|██████▏   | 5485/8810 [00:17<00:18, 179.26it/s]
 63%|██████▎   | 5507/8810 [00:17<00:18, 181.15it/s]
 63%|██████▎   | 5538/8810 [00:17<00:15, 213.00it/s]
 63%|██████▎   | 5562/8810 [00:17<00:15, 207.39it/s]
 64%|██████▎   | 5597/8810 [00:18<00:13, 244.08it/s]
 64%|██████▍   | 5624/8810 [00:18<00:12, 245.99it/s]
 64%|██████▍   | 5650/8810 [00:18<00:13, 236.90it/s]
 64%|██████▍   | 5675/8810 [00:18<00:14, 211.80it/s]
 65%|██████▍   | 5703/8810 [00:18<00:15, 200.59it/s]
 65%|██████▍   | 5724/8810 [00:18<00:15, 193.65it/s]
 65%|██████▌   | 5748/8810 [00:18<00:16, 188.52it/s]
 65%|██████▌   | 5768/8810 [00:19<00:26, 115.02it/s]
 66%|██████▌   | 5784/8810 [00:19<00:27, 111.61it/s]
 66%|██████▌   | 5805/8810 [00:19<00:23, 125.74it/s]
 66%|██████▌   | 5832/8810 [00:19<00:19, 152.49it/s]
 66%|██████▋   | 5853/8810 [00:19<00:18, 162.19it/s]
 67%|██████▋   | 5872/8810 [00:19<00:22, 131.47it/s]
 67%|██████▋   | 5888/8810 [00:20<00:21, 135.52it/s]
 67%|██████▋   | 5904/8810 [00:20<00:22, 130.63it/s]
 67%|██████▋   | 5919/8810 [00:20<00:23, 121.19it/s]
 67%|██████▋   | 5935/8810 [00:20<00:22, 129.24it/s]
 68%|██████▊   | 5975/8810 [00:20<00:14, 195.27it/s]
 68%|██████▊   | 6013/8810 [00:20<00:11, 239.56it/s]
 69%|██████▊   | 6039/8810 [00:20<00:13, 198.43it/s]
 69%|██████▉   | 6098/8810 [00:20<00:09, 290.20it/s]
 70%|██████▉   | 6132/8810 [00:21<00:09, 285.43it/s]
 70%|███████   | 6178/8810 [00:21<00:07, 329.25it/s]
 71%|███████   | 6223/8810 [00:21<00:07, 355.71it/s]
 71%|███████▏  | 6294/8810 [00:21<00:05, 433.52it/s]
 72%|███████▏  | 6339/8810 [00:21<00:06, 399.47it/s]
 73%|███████▎  | 6388/8810 [00:21<00:05, 423.05it/s]
 73%|███████▎  | 6432/8810 [00:21<00:07, 306.00it/s]
 73%|███████▎  | 6470/8810 [00:21<00:07, 321.99it/s]
 74%|███████▍  | 6512/8810 [00:22<00:06, 338.44it/s]
 74%|███████▍  | 6550/8810 [00:22<00:06, 331.25it/s]
 75%|███████▍  | 6590/8810 [00:22<00:06, 348.24it/s]
 75%|███████▌  | 6638/8810 [00:22<00:05, 379.29it/s]
 76%|███████▌  | 6704/8810 [00:22<00:04, 446.06it/s]
 77%|███████▋  | 6751/8810 [00:22<00:04, 433.43it/s]
 77%|███████▋  | 6796/8810 [00:22<00:04, 436.33it/s]
 78%|███████▊  | 6850/8810 [00:22<00:04, 457.05it/s]
 78%|███████▊  | 6897/8810 [00:22<00:04, 446.88it/s]
 79%|███████▉  | 6943/8810 [00:23<00:04, 401.66it/s]
 79%|███████▉  | 6985/8810 [00:23<00:06, 297.25it/s]
 80%|███████▉  | 7020/8810 [00:23<00:05, 304.32it/s]
 80%|████████  | 7065/8810 [00:23<00:05, 329.69it/s]
 81%|████████  | 7101/8810 [00:23<00:05, 332.86it/s]
 81%|████████  | 7146/8810 [00:23<00:04, 359.58it/s]
 82%|████████▏ | 7184/8810 [00:23<00:04, 326.17it/s]
 82%|████████▏ | 7220/8810 [00:24<00:04, 332.36it/s]
 82%|████████▏ | 7259/8810 [00:24<00:04, 344.09it/s]
 83%|████████▎ | 7327/8810 [00:24<00:03, 426.71it/s]
 84%|████████▎ | 7371/8810 [00:24<00:05, 280.11it/s]
 84%|████████▍ | 7439/8810 [00:24<00:03, 361.60it/s]
 85%|████████▍ | 7484/8810 [00:24<00:04, 307.51it/s]
 85%|████████▌ | 7522/8810 [00:24<00:04, 301.44it/s]
 86%|████████▌ | 7558/8810 [00:25<00:04, 293.92it/s]
 86%|████████▋ | 7603/8810 [00:25<00:03, 324.46it/s]
 87%|████████▋ | 7649/8810 [00:25<00:03, 337.94it/s]
 87%|████████▋ | 7698/8810 [00:25<00:03, 364.79it/s]
 88%|████████▊ | 7737/8810 [00:25<00:04, 262.11it/s]
 88%|████████▊ | 7769/8810 [00:25<00:03, 267.47it/s]
 89%|████████▊ | 7812/8810 [00:25<00:03, 299.31it/s]
 89%|████████▉ | 7846/8810 [00:26<00:03, 286.11it/s]
 90%|████████▉ | 7885/8810 [00:26<00:03, 301.33it/s]
 90%|█████████ | 7937/8810 [00:26<00:02, 348.02it/s]
 91%|█████████ | 7974/8810 [00:26<00:02, 292.42it/s]
 91%|█████████ | 8006/8810 [00:26<00:02, 297.33it/s]
 91%|█████████ | 8038/8810 [00:26<00:04, 192.16it/s]
 92%|█████████▏| 8078/8810 [00:26<00:03, 229.05it/s]
 92%|█████████▏| 8114/8810 [00:27<00:02, 247.08it/s]
 92%|█████████▏| 8144/8810 [00:27<00:02, 240.60it/s]
 93%|█████████▎| 8185/8810 [00:27<00:02, 277.64it/s]
 93%|█████████▎| 8217/8810 [00:27<00:02, 241.18it/s]
 94%|█████████▍| 8262/8810 [00:27<00:01, 288.04it/s]
 94%|█████████▍| 8306/8810 [00:27<00:01, 324.68it/s]
 95%|█████████▍| 8342/8810 [00:27<00:01, 310.87it/s]
 95%|█████████▌| 8376/8810 [00:28<00:02, 212.65it/s]
 95%|█████████▌| 8404/8810 [00:28<00:01, 225.32it/s]
 96%|█████████▌| 8432/8810 [00:28<00:01, 236.62it/s]
 96%|█████████▌| 8468/8810 [00:28<00:01, 251.43it/s]
 96%|█████████▋| 8498/8810 [00:28<00:01, 258.61it/s]
 97%|█████████▋| 8541/8810 [00:28<00:00, 299.56it/s]
 97%|█████████▋| 8588/8810 [00:28<00:00, 344.05it/s]
 98%|█████████▊| 8625/8810 [00:28<00:00, 317.10it/s]
 98%|█████████▊| 8659/8810 [00:29<00:00, 301.75it/s]
 99%|█████████▉| 8702/8810 [00:29<00:00, 218.78it/s]
 99%|█████████▉| 8736/8810 [00:29<00:00, 239.40it/s]
100%|█████████▉| 8780/8810 [00:29<00:00, 275.88it/s]
100%|██████████| 8810/8810 [00:29<00:00, 297.26it/s]
