
  0%|          | 0/8810 [00:00<?, ?it/s]
  2%|▏         | 181/8810 [00:00<00:05, 1482.24it/s]
  5%|▍         | 419/8810 [00:00<00:04, 1961.73it/s]
  7%|▋         | 645/8810 [00:00<00:03, 2082.72it/s]
 10%|▉         | 857/8810 [00:00<00:04, 1752.10it/s]
 12%|█▏        | 1041/8810 [00:00<00:04, 1670.23it/s]
 14%|█▍        | 1248/8810 [00:00<00:04, 1784.44it/s]
 16%|█▋        | 1447/8810 [00:00<00:03, 1845.19it/s]
 19%|█▊        | 1636/8810 [00:00<00:04, 1678.83it/s]
 21%|██        | 1821/8810 [00:01<00:04, 1620.45it/s]
 23%|██▎       | 2036/8810 [00:01<00:03, 1763.79it/s]
 26%|██▌       | 2263/8810 [00:01<00:03, 1724.50it/s]
 28%|██▊       | 2494/8810 [00:01<00:03, 1878.86it/s]
 31%|███       | 2744/8810 [00:01<00:03, 1851.30it/s]
 33%|███▎      | 2933/8810 [00:01<00:03, 1847.54it/s]
 35%|███▌      | 3121/8810 [00:01<00:03, 1729.34it/s]
 37%|███▋      | 3297/8810 [00:01<00:03, 1719.51it/s]
 39%|███▉      | 3471/8810 [00:01<00:03, 1620.81it/s]
 42%|████▏     | 3709/8810 [00:02<00:02, 1820.25it/s]
 44%|████▍     | 3895/8810 [00:02<00:02, 1686.63it/s]
 47%|████▋     | 4156/8810 [00:02<00:02, 1931.44it/s]
 49%|████▉     | 4355/8810 [00:02<00:02, 1835.06it/s]
 52%|█████▏    | 4569/8810 [00:02<00:02, 1914.40it/s]
 54%|█████▍    | 4765/8810 [00:02<00:02, 1713.33it/s]
 56%|█████▌    | 4943/8810 [00:02<00:03, 1275.84it/s]
 58%|█████▊    | 5105/8810 [00:03<00:02, 1346.63it/s]
 60%|██████    | 5308/8810 [00:03<00:02, 1505.96it/s]
 62%|██████▏   | 5475/8810 [00:03<00:02, 1420.05it/s]
 65%|██████▍   | 5688/8810 [00:03<00:01, 1595.68it/s]
 67%|██████▋   | 5860/8810 [00:03<00:02, 1293.04it/s]
 68%|██████▊   | 6006/8810 [00:03<00:02, 1232.48it/s]
 70%|██████▉   | 6141/8810 [00:03<00:02, 1170.68it/s]
 72%|███████▏  | 6300/8810 [00:03<00:01, 1261.87it/s]
 73%|███████▎  | 6434/8810 [00:04<00:02, 1165.41it/s]
 75%|███████▍  | 6603/8810 [00:04<00:01, 1292.29it/s]
 77%|███████▋  | 6822/8810 [00:04<00:01, 1521.15it/s]
 79%|███████▉  | 6983/8810 [00:04<00:01, 1504.00it/s]
 81%|████████  | 7153/8810 [00:04<00:01, 1556.34it/s]
 83%|████████▎ | 7314/8810 [00:04<00:00, 1524.64it/s]
 85%|████████▍ | 7470/8810 [00:04<00:00, 1388.04it/s]
 87%|████████▋ | 7635/8810 [00:04<00:00, 1457.46it/s]
 88%|████████▊ | 7785/8810 [00:04<00:00, 1295.71it/s]
 90%|█████████ | 7953/8810 [00:05<00:00, 1390.80it/s]
 92%|█████████▏| 8098/8810 [00:05<00:00, 1315.64it/s]
 94%|█████████▎| 8258/8810 [00:05<00:00, 1387.83it/s]
 95%|█████████▌| 8401/8810 [00:05<00:00, 1317.75it/s]
 98%|█████████▊| 8601/8810 [00:05<00:00, 1498.52it/s]
 99%|█████████▉| 8755/8810 [00:05<00:00, 1348.13it/s]
100%|██████████| 8810/8810 [00:05<00:00, 1544.33it/s]
