
  0%|          | 0/8810 [00:00<?, ?it/s]
  1%|          | 83/8810 [00:00<00:10, 818.76it/s]
  2%|▏         | 181/8810 [00:00<00:10, 787.85it/s]
  3%|▎         | 294/8810 [00:00<00:09, 928.80it/s]
  5%|▍         | 411/8810 [00:00<00:08, 1009.26it/s]
  6%|▌         | 514/8810 [00:00<00:08, 961.92it/s] 
  7%|▋         | 612/8810 [00:00<00:08, 913.60it/s]
  8%|▊         | 705/8810 [00:00<00:10, 757.20it/s]
  9%|▉         | 789/8810 [00:00<00:10, 778.82it/s]
 10%|▉         | 871/8810 [00:01<00:10, 759.42it/s]
 11%|█         | 950/8810 [00:01<00:10, 739.97it/s]
 12%|█▏        | 1026/8810 [00:01<00:12, 646.14it/s]
 12%|█▏        | 1098/8810 [00:01<00:11, 664.41it/s]
 13%|█▎        | 1171/8810 [00:01<00:11, 677.61it/s]
 14%|█▍        | 1256/8810 [00:01<00:10, 723.53it/s]
 15%|█▌        | 1339/8810 [00:01<00:10, 746.90it/s]
 16%|█▌        | 1416/8810 [00:01<00:09, 747.63it/s]
 17%|█▋        | 1492/8810 [00:02<00:12, 601.16it/s]
 18%|█▊        | 1567/8810 [00:02<00:11, 636.74it/s]
 19%|█▉        | 1655/8810 [00:02<00:10, 696.83it/s]
 20%|█▉        | 1754/8810 [00:02<00:09, 776.03it/s]
 21%|██        | 1836/8810 [00:02<00:11, 585.39it/s]
 22%|██▏       | 1904/8810 [00:02<00:11, 586.58it/s]
 22%|██▏       | 1970/8810 [00:02<00:11, 600.16it/s]
 23%|██▎       | 2066/8810 [00:02<00:09, 681.26it/s]
 25%|██▍       | 2176/8810 [00:02<00:08, 789.58it/s]
 26%|██▌       | 2263/8810 [00:03<00:09, 694.94it/s]
 27%|██▋       | 2338/8810 [00:03<00:09, 699.66it/s]
 27%|██▋       | 2412/8810 [00:03<00:09, 700.13it/s]
 29%|██▊       | 2513/8810 [00:03<00:08, 783.35it/s]
 30%|██▉       | 2619/8810 [00:03<00:07, 844.23it/s]
 31%|███       | 2706/8810 [00:03<00:07, 817.84it/s]
 32%|███▏      | 2790/8810 [00:03<00:10, 589.16it/s]
 33%|███▎      | 2907/8810 [00:04<00:08, 714.71it/s]
 34%|███▍      | 3005/8810 [00:04<00:07, 775.42it/s]
 35%|███▌      | 3092/8810 [00:04<00:07, 790.47it/s]
 36%|███▌      | 3181/8810 [00:04<00:06, 806.34it/s]
 37%|███▋      | 3268/8810 [00:04<00:06, 820.56it/s]
 38%|███▊      | 3354/8810 [00:04<00:06, 815.36it/s]
 39%|███▉      | 3438/8810 [00:04<00:09, 549.80it/s]
 40%|███▉      | 3514/8810 [00:04<00:08, 591.93it/s]
 41%|████      | 3586/8810 [00:05<00:08, 620.32it/s]
 42%|████▏     | 3680/8810 [00:05<00:07, 695.60it/s]
 43%|████▎     | 3774/8810 [00:05<00:07, 674.64it/s]
 44%|████▎     | 3851/8810 [00:05<00:07, 688.92it/s]
 45%|████▍     | 3933/8810 [00:05<00:06, 717.83it/s]
 45%|████▌     | 4008/8810 [00:05<00:06, 697.22it/s]
 46%|████▋     | 4080/8810 [00:05<00:07, 623.44it/s]
 47%|████▋     | 4145/8810 [00:05<00:08, 573.90it/s]
 48%|████▊     | 4205/8810 [00:06<00:09, 470.22it/s]
 49%|████▉     | 4314/8810 [00:06<00:07, 608.06it/s]
 50%|█████     | 4418/8810 [00:06<00:06, 704.52it/s]
 51%|█████     | 4496/8810 [00:06<00:06, 679.31it/s]
 52%|█████▏    | 4569/8810 [00:06<00:06, 650.05it/s]
 53%|█████▎    | 4638/8810 [00:06<00:06, 612.69it/s]
 53%|█████▎    | 4702/8810 [00:06<00:06, 591.91it/s]
 54%|█████▍    | 4778/8810 [00:06<00:06, 634.45it/s]
 55%|█████▌    | 4853/8810 [00:06<00:05, 662.29it/s]
 56%|█████▌    | 4921/8810 [00:07<00:06, 614.98it/s]
 57%|█████▋    | 4985/8810 [00:07<00:07, 543.35it/s]
 58%|█████▊    | 5079/8810 [00:07<00:05, 635.72it/s]
 59%|█████▊    | 5174/8810 [00:07<00:05, 716.62it/s]
 60%|█████▉    | 5264/8810 [00:07<00:04, 761.33it/s]
 61%|██████    | 5349/8810 [00:07<00:04, 784.96it/s]
 62%|██████▏   | 5430/8810 [00:07<00:05, 581.42it/s]
 62%|██████▏   | 5503/8810 [00:07<00:05, 612.95it/s]
 63%|██████▎   | 5585/8810 [00:08<00:04, 662.90it/s]
 65%|██████▍   | 5683/8810 [00:08<00:04, 743.96it/s]
 65%|██████▌   | 5763/8810 [00:08<00:04, 628.15it/s]
 66%|██████▋   | 5848/8810 [00:08<00:04, 680.82it/s]
 67%|██████▋   | 5922/8810 [00:08<00:04, 625.53it/s]
 68%|██████▊   | 6012/8810 [00:08<00:04, 688.29it/s]
 69%|██████▉   | 6086/8810 [00:08<00:04, 607.91it/s]
 70%|██████▉   | 6152/8810 [00:08<00:04, 588.41it/s]
 71%|███████   | 6269/8810 [00:09<00:03, 731.82it/s]
 72%|███████▏  | 6348/8810 [00:09<00:03, 728.65it/s]
 73%|███████▎  | 6425/8810 [00:09<00:03, 638.35it/s]
 74%|███████▍  | 6510/8810 [00:09<00:03, 689.62it/s]
 75%|███████▌  | 6627/8810 [00:09<00:02, 811.47it/s]
 76%|███████▋  | 6727/8810 [00:09<00:02, 860.90it/s]
 77%|███████▋  | 6817/8810 [00:09<00:02, 871.26it/s]
 78%|███████▊  | 6911/8810 [00:09<00:02, 889.50it/s]
 79%|███████▉  | 7002/8810 [00:10<00:02, 766.85it/s]
 80%|████████  | 7083/8810 [00:10<00:02, 775.62it/s]
 81%|████████▏ | 7166/8810 [00:10<00:02, 789.04it/s]
 82%|████████▏ | 7248/8810 [00:10<00:02, 753.36it/s]
 83%|████████▎ | 7342/8810 [00:10<00:01, 802.17it/s]
 84%|████████▍ | 7424/8810 [00:10<00:01, 701.67it/s]
 85%|████████▌ | 7498/8810 [00:10<00:02, 624.87it/s]
 86%|████████▋ | 7612/8810 [00:10<00:01, 750.03it/s]
 88%|████████▊ | 7715/8810 [00:10<00:01, 784.43it/s]
 89%|████████▉ | 7823/8810 [00:11<00:01, 850.77it/s]
 90%|█████████ | 7933/8810 [00:11<00:00, 916.28it/s]
 91%|█████████ | 8028/8810 [00:11<00:00, 855.92it/s]
 92%|█████████▏| 8117/8810 [00:11<00:00, 722.65it/s]
 93%|█████████▎| 8203/8810 [00:11<00:00, 751.07it/s]
 94%|█████████▍| 8291/8810 [00:11<00:00, 783.63it/s]
 95%|█████████▌| 8373/8810 [00:11<00:00, 622.18it/s]
 96%|█████████▌| 8461/8810 [00:11<00:00, 678.12it/s]
 97%|█████████▋| 8543/8810 [00:12<00:00, 710.78it/s]
 98%|█████████▊| 8627/8810 [00:12<00:00, 736.76it/s]
 99%|█████████▉| 8705/8810 [00:12<00:00, 637.86it/s]
100%|██████████| 8810/8810 [00:12<00:00, 706.67it/s]
