
  0%|          | 0/8810 [00:00<?, ?it/s]
  1%|          | 69/8810 [00:00<00:12, 685.45it/s]
  2%|▏         | 166/8810 [00:00<00:10, 850.51it/s]
  3%|▎         | 252/8810 [00:00<00:12, 676.54it/s]
  4%|▍         | 341/8810 [00:00<00:11, 748.58it/s]
  5%|▍         | 420/8810 [00:00<00:11, 761.07it/s]
  6%|▌         | 499/8810 [00:00<00:11, 751.93it/s]
  7%|▋         | 601/8810 [00:00<00:09, 832.21it/s]
  8%|▊         | 686/8810 [00:00<00:11, 718.51it/s]
  9%|▊         | 762/8810 [00:01<00:11, 695.59it/s]
  9%|▉         | 834/8810 [00:01<00:11, 692.47it/s]
 10%|█         | 905/8810 [00:01<00:12, 644.34it/s]
 11%|█         | 971/8810 [00:01<00:12, 646.71it/s]
 12%|█▏        | 1037/8810 [00:01<00:12, 640.31it/s]
 13%|█▎        | 1104/8810 [00:01<00:11, 646.48it/s]
 13%|█▎        | 1183/8810 [00:01<00:11, 682.21it/s]
 14%|█▍        | 1256/8810 [00:01<00:10, 694.64it/s]
 15%|█▌        | 1329/8810 [00:01<00:10, 701.23it/s]
 16%|█▌        | 1400/8810 [00:01<00:10, 682.15it/s]
 17%|█▋        | 1469/8810 [00:02<00:11, 616.70it/s]
 18%|█▊        | 1543/8810 [00:02<00:11, 643.25it/s]
 19%|█▊        | 1642/8810 [00:02<00:09, 738.30it/s]
 20%|█▉        | 1718/8810 [00:02<00:09, 732.98it/s]
 21%|██        | 1814/8810 [00:02<00:08, 795.14it/s]
 22%|██▏       | 1895/8810 [00:02<00:10, 643.45it/s]
 22%|██▏       | 1976/8810 [00:02<00:10, 681.59it/s]
 23%|██▎       | 2066/8810 [00:02<00:09, 734.12it/s]
 24%|██▍       | 2150/8810 [00:03<00:08, 762.10it/s]
 25%|██▌       | 2230/8810 [00:03<00:08, 767.14it/s]
 26%|██▌       | 2309/8810 [00:03<00:10, 646.99it/s]
 27%|██▋       | 2380/8810 [00:03<00:09, 662.47it/s]
 28%|██▊       | 2492/8810 [00:03<00:08, 782.28it/s]
 30%|██▉       | 2615/8810 [00:03<00:06, 901.76it/s]
 31%|███       | 2709/8810 [00:03<00:06, 895.56it/s]
 32%|███▏      | 2802/8810 [00:03<00:08, 744.90it/s]
 33%|███▎      | 2891/8810 [00:03<00:07, 779.90it/s]
 34%|███▍      | 2974/8810 [00:04<00:08, 705.49it/s]
 35%|███▍      | 3049/8810 [00:04<00:08, 710.50it/s]
 35%|███▌      | 3124/8810 [00:04<00:08, 667.93it/s]
 36%|███▋      | 3194/8810 [00:04<00:08, 650.12it/s]
 37%|███▋      | 3261/8810 [00:04<00:08, 638.83it/s]
 38%|███▊      | 3359/8810 [00:04<00:07, 727.73it/s]
 39%|███▉      | 3434/8810 [00:04<00:08, 655.87it/s]
 40%|███▉      | 3521/8810 [00:04<00:07, 709.47it/s]
 41%|████      | 3619/8810 [00:05<00:06, 779.27it/s]
 42%|████▏     | 3722/8810 [00:05<00:06, 845.84it/s]
 43%|████▎     | 3809/8810 [00:05<00:06, 763.10it/s]
 44%|████▍     | 3889/8810 [00:05<00:06, 755.38it/s]
 46%|████▌     | 4015/8810 [00:05<00:05, 886.80it/s]
 47%|████▋     | 4107/8810 [00:05<00:05, 870.53it/s]
 48%|████▊     | 4196/8810 [00:05<00:06, 761.30it/s]
 49%|████▉     | 4295/8810 [00:05<00:05, 818.60it/s]
 50%|████▉     | 4393/8810 [00:05<00:05, 861.63it/s]
 51%|█████     | 4482/8810 [00:06<00:05, 819.44it/s]
 52%|█████▏    | 4567/8810 [00:06<00:05, 748.04it/s]
 53%|█████▎    | 4645/8810 [00:06<00:06, 659.52it/s]
 54%|█████▎    | 4715/8810 [00:06<00:06, 636.54it/s]
 54%|█████▍    | 4788/8810 [00:06<00:06, 658.00it/s]
 55%|█████▌    | 4856/8810 [00:06<00:06, 631.58it/s]
 56%|█████▌    | 4925/8810 [00:06<00:06, 636.79it/s]
 57%|█████▋    | 4990/8810 [00:06<00:06, 589.79it/s]
 57%|█████▋    | 5056/8810 [00:07<00:06, 607.44it/s]
 58%|█████▊    | 5140/8810 [00:07<00:05, 669.08it/s]
 59%|█████▉    | 5209/8810 [00:07<00:05, 639.01it/s]
 60%|██████    | 5304/8810 [00:07<00:04, 717.25it/s]
 61%|██████    | 5377/8810 [00:07<00:05, 648.58it/s]
 62%|██████▏   | 5444/8810 [00:07<00:05, 634.58it/s]
 63%|██████▎   | 5537/8810 [00:07<00:04, 708.50it/s]
 64%|██████▎   | 5613/8810 [00:07<00:04, 719.40it/s]
 65%|██████▍   | 5699/8810 [00:07<00:04, 756.70it/s]
 66%|██████▌   | 5776/8810 [00:08<00:04, 665.36it/s]
 66%|██████▋   | 5851/8810 [00:08<00:04, 686.07it/s]
 67%|██████▋   | 5922/8810 [00:08<00:04, 633.73it/s]
 68%|██████▊   | 6004/8810 [00:08<00:04, 680.75it/s]
 69%|██████▉   | 6075/8810 [00:08<00:04, 666.24it/s]
 70%|██████▉   | 6144/8810 [00:08<00:04, 644.94it/s]
 71%|███████   | 6243/8810 [00:08<00:03, 737.45it/s]
 72%|███████▏  | 6332/8810 [00:08<00:03, 776.14it/s]
 73%|███████▎  | 6411/8810 [00:09<00:03, 693.79it/s]
 74%|███████▎  | 6483/8810 [00:09<00:03, 641.66it/s]
 74%|███████▍  | 6560/8810 [00:09<00:03, 671.09it/s]
 75%|███████▌  | 6635/8810 [00:09<00:03, 690.39it/s]
 76%|███████▋  | 6728/8810 [00:09<00:02, 754.67it/s]
 77%|███████▋  | 6821/8810 [00:09<00:02, 796.72it/s]
 78%|███████▊  | 6911/8810 [00:09<00:02, 822.79it/s]
 79%|███████▉  | 6995/8810 [00:09<00:02, 768.58it/s]
 80%|████████  | 7086/8810 [00:09<00:02, 805.26it/s]
 81%|████████▏ | 7168/8810 [00:10<00:02, 710.12it/s]
 82%|████████▏ | 7242/8810 [00:10<00:02, 714.22it/s]
 83%|████████▎ | 7335/8810 [00:10<00:01, 769.17it/s]
 84%|████████▍ | 7414/8810 [00:10<00:01, 728.82it/s]
 85%|████████▌ | 7489/8810 [00:10<00:02, 630.26it/s]
 86%|████████▌ | 7556/8810 [00:10<00:02, 608.38it/s]
 87%|████████▋ | 7648/8810 [00:10<00:01, 685.85it/s]
 88%|████████▊ | 7720/8810 [00:10<00:01, 613.51it/s]
 88%|████████▊ | 7785/8810 [00:10<00:01, 620.24it/s]
 89%|████████▉ | 7854/8810 [00:11<00:01, 635.34it/s]
 90%|█████████ | 7946/8810 [00:11<00:01, 709.55it/s]
 91%|█████████ | 8025/8810 [00:11<00:01, 728.23it/s]
 92%|█████████▏| 8100/8810 [00:11<00:01, 636.06it/s]
 93%|█████████▎| 8175/8810 [00:11<00:00, 662.14it/s]
 94%|█████████▎| 8244/8810 [00:11<00:00, 631.96it/s]
 94%|█████████▍| 8320/8810 [00:11<00:00, 661.79it/s]
 95%|█████████▌| 8388/8810 [00:11<00:00, 613.45it/s]
 96%|█████████▋| 8493/8810 [00:12<00:00, 726.85it/s]
 97%|█████████▋| 8588/8810 [00:12<00:00, 787.91it/s]
 98%|█████████▊| 8670/8810 [00:12<00:00, 763.73it/s]
 99%|█████████▉| 8749/8810 [00:12<00:00, 720.76it/s]
100%|██████████| 8810/8810 [00:12<00:00, 709.98it/s]
