
  0%|          | 0/8810 [00:00<?, ?it/s]
  2%|▏         | 181/8810 [00:00<00:05, 1523.29it/s]
  5%|▍         | 425/8810 [00:00<00:04, 2010.68it/s]
  7%|▋         | 652/8810 [00:00<00:03, 2119.73it/s]
 10%|▉         | 867/8810 [00:00<00:04, 1742.19it/s]
 12%|█▏        | 1051/8810 [00:00<00:04, 1674.81it/s]
 14%|█▍        | 1266/8810 [00:00<00:04, 1814.26it/s]
 17%|█▋        | 1457/8810 [00:00<00:04, 1704.84it/s]
 19%|█▊        | 1645/8810 [00:00<00:04, 1754.03it/s]
 21%|██        | 1825/8810 [00:01<00:04, 1658.81it/s]
 23%|██▎       | 2049/8810 [00:01<00:03, 1817.49it/s]
 26%|██▌       | 2263/8810 [00:01<00:03, 1745.87it/s]
 28%|██▊       | 2477/8810 [00:01<00:03, 1847.87it/s]
 31%|███       | 2703/8810 [00:01<00:03, 1960.95it/s]
 33%|███▎      | 2903/8810 [00:01<00:03, 1690.15it/s]
 35%|███▍      | 3081/8810 [00:01<00:03, 1553.79it/s]
 37%|███▋      | 3244/8810 [00:01<00:03, 1487.86it/s]
 39%|███▊      | 3410/8810 [00:02<00:03, 1418.45it/s]
 41%|████      | 3611/8810 [00:02<00:03, 1565.27it/s]
 43%|████▎     | 3774/8810 [00:02<00:03, 1495.55it/s]
 45%|████▍     | 3953/8810 [00:02<00:03, 1567.37it/s]
 47%|████▋     | 4175/8810 [00:02<00:02, 1741.00it/s]
 49%|████▉     | 4354/8810 [00:02<00:02, 1642.52it/s]
 52%|█████▏    | 4538/8810 [00:02<00:02, 1693.13it/s]
 53%|█████▎    | 4711/8810 [00:02<00:02, 1384.92it/s]
 55%|█████▌    | 4868/8810 [00:02<00:02, 1428.40it/s]
 57%|█████▋    | 5020/8810 [00:03<00:02, 1347.63it/s]
 59%|█████▉    | 5192/8810 [00:03<00:02, 1440.66it/s]
 61%|██████    | 5372/8810 [00:03<00:02, 1411.88it/s]
 63%|██████▎   | 5546/8810 [00:03<00:02, 1495.06it/s]
 65%|██████▌   | 5754/8810 [00:03<00:02, 1526.74it/s]
 67%|██████▋   | 5910/8810 [00:03<00:01, 1500.74it/s]
 69%|██████▉   | 6062/8810 [00:03<00:01, 1413.86it/s]
 71%|███████   | 6243/8810 [00:03<00:01, 1518.44it/s]
 73%|███████▎  | 6400/8810 [00:04<00:01, 1435.56it/s]
 75%|███████▍  | 6592/8810 [00:04<00:01, 1563.83it/s]
 77%|███████▋  | 6816/8810 [00:04<00:01, 1750.39it/s]
 79%|███████▉  | 6995/8810 [00:04<00:01, 1647.83it/s]
 81%|████████▏ | 7164/8810 [00:04<00:01, 1641.10it/s]
 83%|████████▎ | 7332/8810 [00:04<00:00, 1651.69it/s]
 85%|████████▌ | 7499/8810 [00:04<00:00, 1490.06it/s]
 87%|████████▋ | 7652/8810 [00:04<00:00, 1495.74it/s]
 89%|████████▊ | 7805/8810 [00:04<00:00, 1362.15it/s]
 90%|█████████ | 7960/8810 [00:05<00:00, 1409.70it/s]
 92%|█████████▏| 8105/8810 [00:05<00:00, 1289.63it/s]
 94%|█████████▎| 8244/8810 [00:05<00:00, 1313.96it/s]
 95%|█████████▌| 8379/8810 [00:05<00:00, 1267.32it/s]
 97%|█████████▋| 8579/8810 [00:05<00:00, 1465.01it/s]
 99%|█████████▉| 8730/8810 [00:05<00:00, 1362.39it/s]
100%|██████████| 8810/8810 [00:05<00:00, 1559.71it/s]
