
  0%|          | 0/8810 [00:00<?, ?it/s]
  2%|▏         | 161/8810 [00:00<00:05, 1608.51it/s]
  4%|▎         | 322/8810 [00:00<00:06, 1305.34it/s]
  5%|▌         | 464/8810 [00:00<00:06, 1347.96it/s]
  7%|▋         | 656/8810 [00:00<00:06, 1296.05it/s]
  9%|▉         | 788/8810 [00:00<00:06, 1273.74it/s]
 10%|█         | 917/8810 [00:00<00:06, 1225.49it/s]
 12%|█▏        | 1041/8810 [00:00<00:06, 1163.41it/s]
 13%|█▎        | 1183/8810 [00:00<00:06, 1234.58it/s]
 15%|█▌        | 1323/8810 [00:01<00:05, 1281.60it/s]
 17%|█▋        | 1457/8810 [00:01<00:06, 1117.17it/s]
 18%|█▊        | 1573/8810 [00:01<00:06, 1079.38it/s]
 20%|█▉        | 1732/8810 [00:01<00:05, 1214.01it/s]
 21%|██        | 1858/8810 [00:01<00:06, 1010.83it/s]
 22%|██▏       | 1981/8810 [00:01<00:06, 1063.52it/s]
 24%|██▍       | 2119/8810 [00:01<00:05, 1140.60it/s]
 25%|██▌       | 2239/8810 [00:01<00:05, 1140.83it/s]
 27%|██▋       | 2358/8810 [00:02<00:06, 1036.39it/s]
 29%|██▊       | 2515/8810 [00:02<00:05, 1174.00it/s]
 30%|███       | 2659/8810 [00:02<00:04, 1244.15it/s]
 32%|███▏      | 2788/8810 [00:02<00:05, 1111.80it/s]
 33%|███▎      | 2917/8810 [00:02<00:05, 1156.53it/s]
 35%|███▍      | 3057/8810 [00:02<00:05, 1106.88it/s]
 36%|███▌      | 3189/8810 [00:02<00:04, 1159.93it/s]
 38%|███▊      | 3309/8810 [00:02<00:04, 1160.39it/s]
 39%|███▉      | 3428/8810 [00:02<00:05, 1058.71it/s]
 40%|████      | 3562/8810 [00:03<00:04, 1132.81it/s]
 43%|████▎     | 3757/8810 [00:03<00:03, 1350.89it/s]
 44%|████▍     | 3897/8810 [00:03<00:03, 1243.32it/s]
 46%|████▋     | 4091/8810 [00:03<00:03, 1429.21it/s]
 48%|████▊     | 4240/8810 [00:03<00:03, 1333.28it/s]
 50%|█████     | 4411/8810 [00:03<00:03, 1433.38it/s]
 52%|█████▏    | 4559/8810 [00:03<00:03, 1393.72it/s]
 53%|█████▎    | 4702/8810 [00:03<00:03, 1196.36it/s]
 55%|█████▍    | 4844/8810 [00:04<00:03, 1250.82it/s]
 56%|█████▋    | 4975/8810 [00:04<00:03, 1103.65it/s]
 58%|█████▊    | 5145/8810 [00:04<00:02, 1248.04it/s]
 60%|██████    | 5297/8810 [00:04<00:02, 1316.51it/s]
 62%|██████▏   | 5435/8810 [00:04<00:02, 1193.63it/s]
 64%|██████▍   | 5624/8810 [00:04<00:02, 1370.65it/s]
 65%|██████▌   | 5769/8810 [00:04<00:02, 1303.10it/s]
 67%|██████▋   | 5905/8810 [00:04<00:02, 1272.14it/s]
 69%|██████▊   | 6036/8810 [00:05<00:02, 1126.32it/s]
 71%|███████   | 6224/8810 [00:05<00:01, 1309.31it/s]
 73%|███████▎  | 6395/8810 [00:05<00:01, 1412.59it/s]
 74%|███████▍  | 6543/8810 [00:05<00:01, 1268.18it/s]
 76%|███████▋  | 6731/8810 [00:05<00:01, 1423.32it/s]
 78%|███████▊  | 6897/8810 [00:05<00:01, 1482.54it/s]
 80%|████████  | 7051/8810 [00:05<00:01, 1341.59it/s]
 82%|████████▏ | 7192/8810 [00:05<00:01, 1301.89it/s]
 83%|████████▎ | 7336/8810 [00:05<00:01, 1337.67it/s]
 85%|████████▍ | 7474/8810 [00:06<00:01, 1191.41it/s]
 86%|████████▌ | 7598/8810 [00:06<00:01, 1193.98it/s]
 88%|████████▊ | 7721/8810 [00:06<00:01, 1087.13it/s]
 89%|████████▉ | 7835/8810 [00:06<00:00, 1100.22it/s]
 91%|█████████ | 7978/8810 [00:06<00:00, 1185.69it/s]
 92%|█████████▏| 8100/8810 [00:06<00:00, 1045.95it/s]
 93%|█████████▎| 8210/8810 [00:06<00:00, 1027.94it/s]
 94%|█████████▍| 8321/8810 [00:06<00:00, 1045.17it/s]
 96%|█████████▌| 8428/8810 [00:07<00:00, 917.86it/s] 
 97%|█████████▋| 8584/8810 [00:07<00:00, 1079.99it/s]
 99%|█████████▉| 8702/8810 [00:07<00:00, 997.55it/s] 
100%|██████████| 8810/8810 [00:07<00:00, 1200.12it/s]
