
  0%|          | 0/8810 [00:00<?, ?it/s]
  1%|          | 103/8810 [00:00<00:08, 1021.34it/s]
  2%|▏         | 206/8810 [00:00<00:08, 971.14it/s] 
  4%|▍         | 382/8810 [00:00<00:06, 1314.94it/s]
  6%|▌         | 533/8810 [00:00<00:05, 1385.44it/s]
  8%|▊         | 673/8810 [00:00<00:06, 1208.27it/s]
  9%|▉         | 806/8810 [00:00<00:06, 1242.76it/s]
 11%|█         | 934/8810 [00:00<00:06, 1231.13it/s]
 12%|█▏        | 1059/8810 [00:00<00:06, 1136.85it/s]
 14%|█▎        | 1197/8810 [00:00<00:06, 1199.28it/s]
 15%|█▌        | 1329/8810 [00:01<00:06, 1227.28it/s]
 17%|█▋        | 1457/8810 [00:01<00:06, 1095.75it/s]
 18%|█▊        | 1576/8810 [00:01<00:06, 1118.57it/s]
 20%|█▉        | 1738/8810 [00:01<00:05, 1256.12it/s]
 21%|██        | 1867/8810 [00:01<00:06, 1057.63it/s]
 23%|██▎       | 2016/8810 [00:01<00:05, 1165.61it/s]
 25%|██▍       | 2176/8810 [00:01<00:05, 1279.06it/s]
 26%|██▌       | 2311/8810 [00:01<00:05, 1129.58it/s]
 28%|██▊       | 2470/8810 [00:02<00:05, 1245.54it/s]
 30%|██▉       | 2628/8810 [00:02<00:04, 1326.78it/s]
 31%|███▏      | 2767/8810 [00:02<00:05, 1177.46it/s]
 33%|███▎      | 2900/8810 [00:02<00:04, 1216.27it/s]
 35%|███▍      | 3040/8810 [00:02<00:04, 1259.96it/s]
 36%|███▌      | 3171/8810 [00:02<00:04, 1166.44it/s]
 37%|███▋      | 3292/8810 [00:02<00:04, 1124.14it/s]
 39%|███▊      | 3410/8810 [00:02<00:05, 1079.02it/s]
 40%|████      | 3548/8810 [00:02<00:04, 1158.08it/s]
 42%|████▏     | 3702/8810 [00:03<00:04, 1262.30it/s]
 43%|████▎     | 3831/8810 [00:03<00:04, 1178.76it/s]
 45%|████▌     | 3973/8810 [00:03<00:03, 1242.87it/s]
 47%|████▋     | 4144/8810 [00:03<00:03, 1368.64it/s]
 49%|████▊     | 4284/8810 [00:03<00:03, 1196.55it/s]
 50%|█████     | 4429/8810 [00:03<00:03, 1260.88it/s]
 52%|█████▏    | 4566/8810 [00:03<00:03, 1287.79it/s]
 53%|█████▎    | 4699/8810 [00:03<00:03, 1087.48it/s]
 55%|█████▍    | 4825/8810 [00:04<00:03, 1124.39it/s]
 56%|█████▌    | 4944/8810 [00:04<00:03, 987.57it/s] 
 58%|█████▊    | 5079/8810 [00:04<00:03, 1070.45it/s]
 59%|█████▉    | 5221/8810 [00:04<00:03, 1159.42it/s]
 61%|██████    | 5372/8810 [00:04<00:03, 1114.64it/s]
 62%|██████▏   | 5489/8810 [00:04<00:03, 1106.43it/s]
 64%|██████▎   | 5609/8810 [00:04<00:02, 1129.16it/s]
 65%|██████▍   | 5725/8810 [00:04<00:02, 1117.43it/s]
 66%|██████▋   | 5839/8810 [00:05<00:02, 1013.24it/s]
 67%|██████▋   | 5943/8810 [00:05<00:03, 934.64it/s] 
 69%|██████▊   | 6039/8810 [00:05<00:03, 893.59it/s]
 70%|███████   | 6194/8810 [00:05<00:02, 1060.48it/s]
 72%|███████▏  | 6332/8810 [00:05<00:02, 1145.50it/s]
 73%|███████▎  | 6451/8810 [00:05<00:02, 1067.10it/s]
 75%|███████▍  | 6588/8810 [00:05<00:01, 1145.57it/s]
 77%|███████▋  | 6776/8810 [00:05<00:01, 1346.51it/s]
 79%|███████▉  | 6957/8810 [00:05<00:01, 1477.42it/s]
 81%|████████  | 7109/8810 [00:06<00:01, 1206.02it/s]
 82%|████████▏ | 7240/8810 [00:06<00:01, 1147.86it/s]
 84%|████████▎ | 7363/8810 [00:06<00:01, 1125.04it/s]
 85%|████████▍ | 7482/8810 [00:06<00:01, 1134.14it/s]
 86%|████████▋ | 7599/8810 [00:06<00:01, 1136.68it/s]
 88%|████████▊ | 7716/8810 [00:06<00:01, 1068.84it/s]
 89%|████████▉ | 7830/8810 [00:06<00:00, 1081.94it/s]
 90%|█████████ | 7966/8810 [00:06<00:00, 1157.61it/s]
 92%|█████████▏| 8084/8810 [00:07<00:00, 1053.95it/s]
 93%|█████████▎| 8201/8810 [00:07<00:00, 1076.82it/s]
 95%|█████████▍| 8335/8810 [00:07<00:00, 1147.68it/s]
 96%|█████████▌| 8452/8810 [00:07<00:00, 1024.94it/s]
 98%|█████████▊| 8598/8810 [00:07<00:00, 1135.13it/s]
 99%|█████████▉| 8716/8810 [00:07<00:00, 1036.87it/s]
100%|██████████| 8810/8810 [00:07<00:00, 1151.01it/s]
