
  0%|          | 0/8810 [00:00<?, ?it/s]
  2%|▏         | 181/8810 [00:00<00:06, 1413.65it/s]
  5%|▍         | 408/8810 [00:00<00:04, 1859.70it/s]
  7%|▋         | 637/8810 [00:00<00:04, 2041.64it/s]
 10%|▉         | 846/8810 [00:00<00:04, 1813.50it/s]
 12%|█▏        | 1033/8810 [00:00<00:04, 1748.85it/s]
 14%|█▍        | 1239/8810 [00:00<00:04, 1841.17it/s]
 17%|█▋        | 1457/8810 [00:00<00:04, 1731.10it/s]
 19%|█▊        | 1649/8810 [00:00<00:04, 1780.57it/s]
 21%|██        | 1831/8810 [00:01<00:04, 1651.26it/s]
 23%|██▎       | 2052/8810 [00:01<00:03, 1800.48it/s]
 26%|██▌       | 2259/8810 [00:01<00:03, 1873.86it/s]
 28%|██▊       | 2450/8810 [00:01<00:03, 1723.30it/s]
 30%|███       | 2670/8810 [00:01<00:03, 1843.35it/s]
 32%|███▏      | 2859/8810 [00:01<00:03, 1747.66it/s]
 35%|███▍      | 3057/8810 [00:01<00:03, 1704.83it/s]
 37%|███▋      | 3231/8810 [00:01<00:03, 1708.73it/s]
 39%|███▊      | 3410/8810 [00:01<00:03, 1576.70it/s]
 41%|████      | 3633/8810 [00:02<00:02, 1747.12it/s]
 43%|████▎     | 3825/8810 [00:02<00:02, 1793.54it/s]
 46%|████▋     | 4079/8810 [00:02<00:02, 2001.45it/s]
 49%|████▊     | 4283/8810 [00:02<00:02, 1938.34it/s]
 52%|█████▏    | 4538/8810 [00:02<00:02, 2109.11it/s]
 54%|█████▍    | 4752/8810 [00:02<00:02, 1883.71it/s]
 56%|█████▌    | 4947/8810 [00:02<00:02, 1684.16it/s]
 59%|█████▊    | 5172/8810 [00:02<00:01, 1823.82it/s]
 61%|██████    | 5372/8810 [00:02<00:01, 1832.56it/s]
 64%|██████▍   | 5625/8810 [00:03<00:01, 2015.39it/s]
 66%|██████▌   | 5833/8810 [00:03<00:01, 1979.04it/s]
 69%|██████▊   | 6035/8810 [00:03<00:01, 1936.48it/s]
 71%|███████   | 6232/8810 [00:03<00:01, 1838.84it/s]
 73%|███████▎  | 6419/8810 [00:03<00:01, 1751.30it/s]
 75%|███████▌  | 6640/8810 [00:03<00:01, 1874.07it/s]
 78%|███████▊  | 6900/8810 [00:03<00:00, 2074.71it/s]
 81%|████████  | 7111/8810 [00:03<00:00, 1931.01it/s]
 83%|████████▎ | 7343/8810 [00:03<00:00, 2036.71it/s]
 86%|████████▌ | 7551/8810 [00:04<00:00, 1781.75it/s]
 88%|████████▊ | 7737/8810 [00:04<00:00, 1763.59it/s]
 90%|█████████ | 7939/8810 [00:04<00:00, 1828.04it/s]
 92%|█████████▏| 8127/8810 [00:04<00:00, 1610.39it/s]
 94%|█████████▍| 8320/8810 [00:04<00:00, 1689.81it/s]
 96%|█████████▋| 8496/8810 [00:04<00:00, 1586.83it/s]
 99%|█████████▊| 8697/8810 [00:04<00:00, 1696.49it/s]
100%|██████████| 8810/8810 [00:04<00:00, 1794.83it/s]
