
  0%|          | 0/8810 [00:00<?, ?it/s]
  2%|▏         | 181/8810 [00:00<00:05, 1532.14it/s]
  5%|▍         | 433/8810 [00:00<00:04, 2062.63it/s]
  7%|▋         | 656/8810 [00:00<00:04, 1916.72it/s]
 10%|▉         | 851/8810 [00:00<00:04, 1899.85it/s]
 12%|█▏        | 1043/8810 [00:00<00:04, 1794.89it/s]
 14%|█▍        | 1277/8810 [00:00<00:03, 1962.81it/s]
 17%|█▋        | 1476/8810 [00:00<00:04, 1795.18it/s]
 19%|█▉        | 1699/8810 [00:00<00:03, 1918.95it/s]
 22%|██▏       | 1895/8810 [00:01<00:04, 1704.73it/s]
 24%|██▍       | 2156/8810 [00:01<00:03, 1943.64it/s]
 27%|██▋       | 2359/8810 [00:01<00:03, 1620.49it/s]
 29%|██▉       | 2555/8810 [00:01<00:03, 1701.80it/s]
 31%|███       | 2737/8810 [00:01<00:03, 1640.25it/s]
 33%|███▎      | 2909/8810 [00:01<00:04, 1474.54it/s]
 35%|███▍      | 3064/8810 [00:01<00:04, 1291.82it/s]
 36%|███▋      | 3203/8810 [00:01<00:04, 1312.70it/s]
 38%|███▊      | 3341/8810 [00:02<00:04, 1285.12it/s]
 39%|███▉      | 3474/8810 [00:02<00:04, 1128.71it/s]
 41%|████      | 3592/8810 [00:02<00:04, 1089.17it/s]
 42%|████▏     | 3728/8810 [00:02<00:04, 1154.04it/s]
 44%|████▎     | 3847/8810 [00:02<00:04, 1077.76it/s]
 46%|████▌     | 4023/8810 [00:02<00:03, 1252.50it/s]
 47%|████▋     | 4180/8810 [00:02<00:03, 1265.59it/s]
 50%|█████     | 4413/8810 [00:02<00:02, 1547.23it/s]
 52%|█████▏    | 4580/8810 [00:03<00:02, 1580.02it/s]
 54%|█████▍    | 4743/8810 [00:03<00:02, 1357.34it/s]
 56%|█████▌    | 4901/8810 [00:03<00:02, 1413.37it/s]
 57%|█████▋    | 5050/8810 [00:03<00:03, 1235.47it/s]
 59%|█████▉    | 5184/8810 [00:03<00:02, 1255.47it/s]
 61%|██████    | 5337/8810 [00:03<00:02, 1324.22it/s]
 62%|██████▏   | 5475/8810 [00:03<00:02, 1213.08it/s]
 64%|██████▍   | 5644/8810 [00:03<00:02, 1334.21it/s]
 66%|██████▌   | 5783/8810 [00:04<00:02, 1160.94it/s]
 67%|██████▋   | 5907/8810 [00:04<00:02, 1092.83it/s]
 68%|██████▊   | 6022/8810 [00:04<00:02, 1089.51it/s]
 70%|██████▉   | 6135/8810 [00:04<00:02, 1006.80it/s]
 71%|███████▏  | 6297/8810 [00:04<00:02, 1161.06it/s]
 73%|███████▎  | 6419/8810 [00:04<00:02, 1066.12it/s]
 75%|███████▍  | 6580/8810 [00:04<00:01, 1203.87it/s]
 77%|███████▋  | 6750/8810 [00:04<00:01, 1335.43it/s]
 78%|███████▊  | 6900/8810 [00:04<00:01, 1379.01it/s]
 80%|███████▉  | 7043/8810 [00:05<00:01, 1188.17it/s]
 81%|████████▏ | 7170/8810 [00:05<00:01, 1170.52it/s]
 83%|████████▎ | 7326/8810 [00:05<00:01, 1271.25it/s]
 85%|████████▍ | 7459/8810 [00:05<00:01, 1116.44it/s]
 86%|████████▌ | 7577/8810 [00:05<00:01, 1106.39it/s]
 88%|████████▊ | 7715/8810 [00:05<00:01, 1043.65it/s]
 89%|████████▉ | 7824/8810 [00:05<00:00, 1012.05it/s]
 90%|█████████ | 7944/8810 [00:05<00:00, 1056.83it/s]
 91%|█████████▏| 8053/8810 [00:06<00:00, 913.50it/s] 
 93%|█████████▎| 8180/8810 [00:06<00:00, 994.88it/s]
 94%|█████████▍| 8298/8810 [00:06<00:00, 1042.61it/s]
 95%|█████████▌| 8407/8810 [00:06<00:00, 888.59it/s] 
 97%|█████████▋| 8544/8810 [00:06<00:00, 1002.79it/s]
 98%|█████████▊| 8652/8810 [00:06<00:00, 993.37it/s] 
 99%|█████████▉| 8757/8810 [00:06<00:00, 893.60it/s]
100%|██████████| 8810/8810 [00:06<00:00, 1279.37it/s]
