
  0%|          | 0/8810 [00:00<?, ?it/s]
  2%|▏         | 142/8810 [00:00<00:06, 1401.43it/s]
  3%|▎         | 283/8810 [00:00<00:06, 1245.48it/s]
  5%|▍         | 429/8810 [00:00<00:06, 1332.83it/s]
  7%|▋         | 617/8810 [00:00<00:05, 1534.03it/s]
  9%|▉         | 772/8810 [00:00<00:06, 1204.66it/s]
 10%|█         | 903/8810 [00:00<00:06, 1205.90it/s]
 12%|█▏        | 1031/8810 [00:00<00:06, 1140.50it/s]
 13%|█▎        | 1165/8810 [00:00<00:06, 1192.37it/s]
 15%|█▍        | 1299/8810 [00:01<00:06, 1226.50it/s]
 16%|█▋        | 1435/8810 [00:01<00:05, 1263.68it/s]
 18%|█▊        | 1564/8810 [00:01<00:06, 1039.70it/s]
 19%|█▉        | 1716/8810 [00:01<00:06, 1153.84it/s]
 21%|██        | 1839/8810 [00:01<00:06, 1017.06it/s]
 22%|██▏       | 1949/8810 [00:01<00:06, 1031.87it/s]
 24%|██▎       | 2077/8810 [00:01<00:06, 1094.87it/s]
 25%|██▌       | 2218/8810 [00:01<00:05, 1168.25it/s]
 27%|██▋       | 2339/8810 [00:02<00:06, 1008.51it/s]
 28%|██▊       | 2489/8810 [00:02<00:05, 1127.72it/s]
 30%|██▉       | 2639/8810 [00:02<00:05, 1224.76it/s]
 31%|███▏      | 2768/8810 [00:02<00:05, 1104.84it/s]
 33%|███▎      | 2893/8810 [00:02<00:05, 1141.86it/s]
 34%|███▍      | 3014/8810 [00:02<00:05, 1155.70it/s]
 36%|███▌      | 3134/8810 [00:02<00:05, 1122.64it/s]
 37%|███▋      | 3249/8810 [00:02<00:05, 1090.90it/s]
 39%|███▊      | 3392/8810 [00:02<00:04, 1183.53it/s]
 40%|███▉      | 3513/8810 [00:03<00:04, 1117.19it/s]
 42%|████▏     | 3696/8810 [00:03<00:03, 1311.32it/s]
 43%|████▎     | 3831/8810 [00:03<00:04, 1232.87it/s]
 45%|████▌     | 3990/8810 [00:03<00:03, 1328.72it/s]
 47%|████▋     | 4180/8810 [00:03<00:03, 1329.75it/s]
 49%|████▉     | 4358/8810 [00:03<00:03, 1447.95it/s]
 51%|█████     | 4514/8810 [00:03<00:02, 1474.19it/s]
 53%|█████▎    | 4664/8810 [00:03<00:03, 1250.82it/s]
 54%|█████▍    | 4797/8810 [00:03<00:03, 1256.62it/s]
 56%|█████▌    | 4932/8810 [00:04<00:03, 1151.48it/s]
 58%|█████▊    | 5082/8810 [00:04<00:03, 1236.36it/s]
 59%|█████▉    | 5232/8810 [00:04<00:02, 1306.00it/s]
 61%|██████    | 5372/8810 [00:04<00:02, 1219.90it/s]
 63%|██████▎   | 5512/8810 [00:04<00:02, 1262.12it/s]
 65%|██████▍   | 5696/8810 [00:04<00:02, 1416.13it/s]
 66%|██████▋   | 5842/8810 [00:04<00:02, 1294.02it/s]
 68%|██████▊   | 5976/8810 [00:04<00:02, 1215.36it/s]
 69%|██████▉   | 6101/8810 [00:05<00:02, 1181.88it/s]
 71%|███████▏  | 6280/8810 [00:05<00:01, 1337.83it/s]
 73%|███████▎  | 6418/8810 [00:05<00:01, 1211.56it/s]
 75%|███████▍  | 6570/8810 [00:05<00:01, 1290.63it/s]
 77%|███████▋  | 6764/8810 [00:05<00:01, 1461.14it/s]
 79%|███████▊  | 6933/8810 [00:05<00:01, 1523.21it/s]
 80%|████████  | 7089/8810 [00:05<00:01, 1308.19it/s]
 82%|████████▏ | 7228/8810 [00:05<00:01, 1282.47it/s]
 84%|████████▎ | 7362/8810 [00:05<00:01, 1202.20it/s]
 85%|████████▌ | 7489/8810 [00:06<00:01, 1216.67it/s]
 87%|████████▋ | 7636/8810 [00:06<00:00, 1280.28it/s]
 88%|████████▊ | 7767/8810 [00:06<00:00, 1125.27it/s]
 90%|████████▉ | 7910/8810 [00:06<00:00, 1201.53it/s]
 91%|█████████ | 8035/8810 [00:06<00:00, 1151.58it/s]
 93%|█████████▎| 8154/8810 [00:06<00:00, 1038.79it/s]
 94%|█████████▍| 8262/8810 [00:06<00:00, 1018.66it/s]
 95%|█████████▍| 8367/8810 [00:06<00:00, 914.21it/s] 
 96%|█████████▋| 8492/8810 [00:07<00:00, 995.82it/s]
 98%|█████████▊| 8627/8810 [00:07<00:00, 1087.04it/s]
 99%|█████████▉| 8740/8810 [00:07<00:00, 1027.56it/s]
100%|██████████| 8810/8810 [00:07<00:00, 1198.58it/s]
