
  0%|          | 0/8810 [00:00<?, ?it/s]
  2%|▏         | 147/8810 [00:00<00:05, 1465.31it/s]
  3%|▎         | 294/8810 [00:00<00:06, 1234.52it/s]
  5%|▌         | 442/8810 [00:00<00:06, 1335.97it/s]
  7%|▋         | 637/8810 [00:00<00:05, 1560.88it/s]
  9%|▉         | 796/8810 [00:00<00:06, 1270.62it/s]
 11%|█         | 937/8810 [00:00<00:06, 1309.65it/s]
 12%|█▏        | 1075/8810 [00:00<00:06, 1224.67it/s]
 14%|█▍        | 1238/8810 [00:00<00:05, 1334.66it/s]
 16%|█▌        | 1394/8810 [00:01<00:05, 1398.27it/s]
 17%|█▋        | 1538/8810 [00:01<00:05, 1246.34it/s]
 19%|█▉        | 1695/8810 [00:01<00:05, 1331.67it/s]
 21%|██        | 1834/8810 [00:01<00:05, 1229.98it/s]
 23%|██▎       | 1989/8810 [00:01<00:05, 1313.69it/s]
 25%|██▍       | 2176/8810 [00:01<00:04, 1462.51it/s]
 26%|██▋       | 2327/8810 [00:01<00:05, 1275.12it/s]
 28%|██▊       | 2479/8810 [00:01<00:04, 1334.93it/s]
 30%|███       | 2669/8810 [00:01<00:04, 1479.00it/s]
 32%|███▏      | 2823/8810 [00:02<00:04, 1285.75it/s]
 34%|███▍      | 2990/8810 [00:02<00:04, 1381.41it/s]
 36%|███▌      | 3136/8810 [00:02<00:04, 1304.24it/s]
 37%|███▋      | 3284/8810 [00:02<00:04, 1346.09it/s]
 39%|███▉      | 3424/8810 [00:02<00:04, 1275.04it/s]
 41%|████      | 3586/8810 [00:02<00:03, 1364.00it/s]
 43%|████▎     | 3774/8810 [00:02<00:03, 1355.75it/s]
 45%|████▍     | 3940/8810 [00:02<00:03, 1432.82it/s]
 47%|████▋     | 4138/8810 [00:03<00:02, 1575.02it/s]
 49%|████▉     | 4299/8810 [00:03<00:03, 1434.53it/s]
 51%|█████     | 4489/8810 [00:03<00:02, 1554.60it/s]
 53%|█████▎    | 4649/8810 [00:03<00:03, 1386.38it/s]
 54%|█████▍    | 4794/8810 [00:03<00:02, 1359.28it/s]
 56%|█████▌    | 4934/8810 [00:03<00:03, 1172.01it/s]
 58%|█████▊    | 5082/8810 [00:03<00:02, 1243.60it/s]
 59%|█████▉    | 5225/8810 [00:03<00:02, 1285.32it/s]
 61%|██████    | 5372/8810 [00:04<00:02, 1261.25it/s]
 63%|██████▎   | 5509/8810 [00:04<00:02, 1288.85it/s]
 64%|██████▍   | 5646/8810 [00:04<00:02, 1310.90it/s]
 66%|██████▌   | 5780/8810 [00:04<00:02, 1262.35it/s]
 67%|██████▋   | 5908/8810 [00:04<00:02, 1245.57it/s]
 69%|██████▊   | 6036/8810 [00:04<00:02, 1135.68it/s]
 70%|███████   | 6203/8810 [00:04<00:02, 1276.29it/s]
 72%|███████▏  | 6351/8810 [00:04<00:01, 1332.00it/s]
 74%|███████▎  | 6488/8810 [00:04<00:01, 1166.25it/s]
 76%|███████▌  | 6688/8810 [00:05<00:01, 1381.15it/s]
 78%|███████▊  | 6874/8810 [00:05<00:01, 1510.04it/s]
 80%|███████▉  | 7032/8810 [00:05<00:01, 1383.07it/s]
 81%|████████▏ | 7177/8810 [00:05<00:01, 1389.35it/s]
 83%|████████▎ | 7351/8810 [00:05<00:00, 1483.15it/s]
 85%|████████▌ | 7504/8810 [00:05<00:01, 1246.10it/s]
 87%|████████▋ | 7656/8810 [00:05<00:00, 1313.92it/s]
 88%|████████▊ | 7795/8810 [00:05<00:00, 1160.43it/s]
 90%|████████▉ | 7922/8810 [00:06<00:00, 1187.06it/s]
 91%|█████████▏| 8047/8810 [00:06<00:00, 984.20it/s] 
 93%|█████████▎| 8155/8810 [00:06<00:00, 939.70it/s]
 94%|█████████▍| 8279/8810 [00:06<00:00, 1009.78it/s]
 95%|█████████▌| 8387/8810 [00:06<00:00, 947.46it/s] 
 97%|█████████▋| 8536/8810 [00:06<00:00, 1082.49it/s]
 99%|█████████▊| 8692/8810 [00:06<00:00, 1204.94it/s]
100%|██████████| 8810/8810 [00:06<00:00, 1280.67it/s]
