
  0%|          | 0/8810 [00:00<?, ?it/s]
  2%|▏         | 181/8810 [00:00<00:06, 1319.62it/s]
  5%|▍         | 404/8810 [00:00<00:04, 1781.91it/s]
  7%|▋         | 604/8810 [00:00<00:04, 1871.52it/s]
  9%|▉         | 796/8810 [00:00<00:05, 1579.71it/s]
 11%|█         | 962/8810 [00:00<00:04, 1584.01it/s]
 13%|█▎        | 1126/8810 [00:00<00:05, 1470.37it/s]
 15%|█▍        | 1289/8810 [00:00<00:04, 1512.50it/s]
 17%|█▋        | 1457/8810 [00:00<00:05, 1411.67it/s]
 18%|█▊        | 1610/8810 [00:01<00:04, 1441.38it/s]
 21%|██        | 1811/8810 [00:01<00:04, 1599.57it/s]
 22%|██▏       | 1975/8810 [00:01<00:04, 1378.34it/s]
 25%|██▌       | 2203/8810 [00:01<00:04, 1609.93it/s]
 27%|██▋       | 2373/8810 [00:01<00:04, 1466.54it/s]
 30%|██▉       | 2618/8810 [00:01<00:03, 1711.85it/s]
 32%|███▏      | 2799/8810 [00:01<00:03, 1504.64it/s]
 34%|███▎      | 2968/8810 [00:01<00:03, 1548.57it/s]
 36%|███▌      | 3131/8810 [00:02<00:03, 1433.70it/s]
 37%|███▋      | 3281/8810 [00:02<00:03, 1418.17it/s]
 39%|███▉      | 3428/8810 [00:02<00:04, 1345.41it/s]
 41%|████      | 3582/8810 [00:02<00:03, 1394.36it/s]
 43%|████▎     | 3755/8810 [00:02<00:03, 1484.25it/s]
 44%|████▍     | 3907/8810 [00:02<00:03, 1328.67it/s]
 47%|████▋     | 4113/8810 [00:02<00:03, 1517.52it/s]
 48%|████▊     | 4271/8810 [00:02<00:03, 1410.40it/s]
 51%|█████     | 4460/8810 [00:02<00:02, 1535.08it/s]
 52%|█████▏    | 4625/8810 [00:03<00:02, 1417.50it/s]
 54%|█████▍    | 4772/8810 [00:03<00:02, 1407.38it/s]
 56%|█████▌    | 4923/8810 [00:03<00:02, 1430.72it/s]
 58%|█████▊    | 5069/8810 [00:03<00:02, 1328.87it/s]
 59%|█████▉    | 5227/8810 [00:03<00:02, 1394.61it/s]
 61%|██████    | 5372/8810 [00:03<00:02, 1347.80it/s]
 63%|██████▎   | 5538/8810 [00:03<00:02, 1429.27it/s]
 65%|██████▍   | 5712/8810 [00:03<00:02, 1509.18it/s]
 67%|██████▋   | 5865/8810 [00:04<00:02, 1303.66it/s]
 68%|██████▊   | 6002/8810 [00:04<00:02, 1240.25it/s]
 70%|██████▉   | 6131/8810 [00:04<00:02, 1165.25it/s]
 71%|███████▏  | 6286/8810 [00:04<00:02, 1260.76it/s]
 73%|███████▎  | 6416/8810 [00:04<00:02, 1108.47it/s]
 74%|███████▍  | 6548/8810 [00:04<00:01, 1159.34it/s]
 76%|███████▋  | 6731/8810 [00:04<00:01, 1333.80it/s]
 78%|███████▊  | 6885/8810 [00:04<00:01, 1387.83it/s]
 80%|███████▉  | 7029/8810 [00:04<00:01, 1258.25it/s]
 81%|████████▏ | 7160/8810 [00:05<00:01, 1259.32it/s]
 83%|████████▎ | 7290/8810 [00:05<00:01, 1252.11it/s]
 84%|████████▍ | 7418/8810 [00:05<00:01, 1183.39it/s]
 86%|████████▌ | 7539/8810 [00:05<00:01, 1027.18it/s]
 87%|████████▋ | 7696/8810 [00:05<00:00, 1161.62it/s]
 89%|████████▊ | 7818/8810 [00:05<00:00, 1039.56it/s]
 90%|█████████ | 7945/8810 [00:05<00:00, 1095.64it/s]
 91%|█████████▏| 8060/8810 [00:05<00:00, 943.97it/s] 
 93%|█████████▎| 8185/8810 [00:06<00:00, 1013.85it/s]
 94%|█████████▍| 8316/8810 [00:06<00:00, 1088.91it/s]
 96%|█████████▌| 8431/8810 [00:06<00:00, 1011.66it/s]
 98%|█████████▊| 8590/8810 [00:06<00:00, 1160.38it/s]
 99%|█████████▉| 8712/8810 [00:06<00:00, 1043.81it/s]
100%|██████████| 8810/8810 [00:06<00:00, 1327.45it/s]
