
  0%|          | 0/8810 [00:00<?, ?it/s]
  1%|          | 92/8810 [00:00<00:09, 913.53it/s]
  2%|▏         | 184/8810 [00:00<00:09, 865.71it/s]
  4%|▎         | 325/8810 [00:00<00:07, 1106.03it/s]
  5%|▍         | 437/8810 [00:00<00:07, 1052.42it/s]
  7%|▋         | 604/8810 [00:00<00:06, 1258.38it/s]
  8%|▊         | 732/8810 [00:00<00:08, 963.81it/s] 
 10%|▉         | 845/8810 [00:00<00:07, 1003.18it/s]
 11%|█         | 953/8810 [00:00<00:07, 1014.62it/s]
 12%|█▏        | 1060/8810 [00:01<00:08, 929.64it/s]
 13%|█▎        | 1183/8810 [00:01<00:07, 1006.34it/s]
 15%|█▍        | 1288/8810 [00:01<00:07, 973.83it/s] 
 16%|█▌        | 1400/8810 [00:01<00:07, 1008.58it/s]
 17%|█▋        | 1504/8810 [00:01<00:08, 891.20it/s] 
 18%|█▊        | 1597/8810 [00:01<00:08, 870.69it/s]
 20%|█▉        | 1731/8810 [00:01<00:07, 993.40it/s]
 21%|██        | 1834/8810 [00:01<00:08, 847.61it/s]
 22%|██▏       | 1931/8810 [00:02<00:07, 876.44it/s]
 23%|██▎       | 2066/8810 [00:02<00:06, 999.06it/s]
 25%|██▌       | 2205/8810 [00:02<00:05, 1104.02it/s]
 26%|██▋       | 2320/8810 [00:02<00:06, 940.76it/s] 
 28%|██▊       | 2445/8810 [00:02<00:06, 1013.91it/s]
 29%|██▉       | 2580/8810 [00:02<00:05, 1098.24it/s]
 31%|███       | 2696/8810 [00:02<00:05, 1065.68it/s]
 32%|███▏      | 2807/8810 [00:02<00:06, 869.42it/s] 
 33%|███▎      | 2917/8810 [00:02<00:06, 923.21it/s]
 34%|███▍      | 3039/8810 [00:03<00:05, 997.55it/s]
 36%|███▌      | 3145/8810 [00:03<00:06, 904.60it/s]
 37%|███▋      | 3242/8810 [00:03<00:06, 856.61it/s]
 38%|███▊      | 3375/8810 [00:03<00:05, 965.68it/s]
 39%|███▉      | 3477/8810 [00:03<00:06, 854.51it/s]
 41%|████      | 3585/8810 [00:03<00:05, 906.01it/s]
 42%|████▏     | 3690/8810 [00:03<00:05, 937.69it/s]
 43%|████▎     | 3788/8810 [00:03<00:05, 870.79it/s]
 44%|████▍     | 3890/8810 [00:04<00:05, 908.27it/s]
 46%|████▌     | 4024/8810 [00:04<00:04, 1021.47it/s]
 47%|████▋     | 4164/8810 [00:04<00:04, 1123.15it/s]
 49%|████▊     | 4280/8810 [00:04<00:04, 957.10it/s] 
 50%|█████     | 4411/8810 [00:04<00:04, 1043.55it/s]
 51%|█████▏    | 4521/8810 [00:04<00:04, 1003.51it/s]
 53%|█████▎    | 4626/8810 [00:04<00:04, 913.24it/s] 
 54%|█████▎    | 4722/8810 [00:04<00:04, 881.02it/s]
 55%|█████▍    | 4828/8810 [00:05<00:04, 924.95it/s]
 56%|█████▌    | 4923/8810 [00:05<00:04, 916.01it/s]
 57%|█████▋    | 5017/8810 [00:05<00:04, 835.61it/s]
 58%|█████▊    | 5126/8810 [00:05<00:04, 898.35it/s]
 60%|█████▉    | 5253/8810 [00:05<00:03, 998.98it/s]
 61%|██████    | 5357/8810 [00:05<00:03, 1007.64it/s]
 62%|██████▏   | 5460/8810 [00:05<00:03, 891.45it/s] 
 63%|██████▎   | 5567/8810 [00:05<00:03, 936.08it/s]
 65%|██████▍   | 5703/8810 [00:05<00:02, 1047.31it/s]
 66%|██████▌   | 5811/8810 [00:06<00:03, 940.29it/s] 
 67%|██████▋   | 5909/8810 [00:06<00:03, 889.81it/s]
 68%|██████▊   | 6001/8810 [00:06<00:03, 890.59it/s]
 69%|██████▉   | 6093/8810 [00:06<00:03, 833.85it/s]
 70%|███████   | 6182/8810 [00:06<00:03, 836.75it/s]
 72%|███████▏  | 6305/8810 [00:06<00:02, 939.98it/s]
 73%|███████▎  | 6401/8810 [00:06<00:02, 818.80it/s]
 74%|███████▍  | 6501/8810 [00:06<00:02, 863.73it/s]
 75%|███████▌  | 6633/8810 [00:06<00:02, 978.23it/s]
 77%|███████▋  | 6751/8810 [00:07<00:01, 1031.92it/s]
 78%|███████▊  | 6861/8810 [00:07<00:01, 1050.08it/s]
 79%|███████▉  | 6972/8810 [00:07<00:01, 931.02it/s] 
 80%|████████  | 7081/8810 [00:07<00:01, 968.86it/s]
 82%|████████▏ | 7182/8810 [00:07<00:01, 932.01it/s]
 83%|████████▎ | 7278/8810 [00:07<00:01, 930.15it/s]
 84%|████████▎ | 7373/8810 [00:07<00:01, 827.76it/s]
 85%|████████▍ | 7461/8810 [00:07<00:01, 841.20it/s]
 86%|████████▌ | 7548/8810 [00:08<00:01, 810.41it/s]
 87%|████████▋ | 7673/8810 [00:08<00:01, 924.65it/s]
 88%|████████▊ | 7768/8810 [00:08<00:01, 805.82it/s]
 89%|████████▉ | 7853/8810 [00:08<00:01, 814.99it/s]
 90%|█████████ | 7953/8810 [00:08<00:00, 863.17it/s]
 91%|█████████▏| 8042/8810 [00:08<00:01, 701.00it/s]
 92%|█████████▏| 8126/8810 [00:08<00:00, 732.31it/s]
 93%|█████████▎| 8213/8810 [00:08<00:00, 763.57it/s]
 95%|█████████▍| 8335/8810 [00:08<00:00, 883.25it/s]
 96%|█████████▌| 8428/8810 [00:09<00:00, 788.67it/s]
 97%|█████████▋| 8540/8810 [00:09<00:00, 872.49it/s]
 98%|█████████▊| 8645/8810 [00:09<00:00, 914.96it/s]
 99%|█████████▉| 8741/8810 [00:09<00:00, 827.60it/s]
100%|██████████| 8810/8810 [00:09<00:00, 924.60it/s]
