
  0%|          | 0/8810 [00:00<?, ?it/s]
  2%|▏         | 181/8810 [00:00<00:05, 1439.34it/s]
  6%|▌         | 488/8810 [00:00<00:03, 2304.08it/s]
  8%|▊         | 728/8810 [00:00<00:03, 2086.16it/s]
 11%|█         | 944/8810 [00:00<00:03, 1993.20it/s]
 13%|█▎        | 1148/8810 [00:00<00:04, 1810.51it/s]
 15%|█▌        | 1365/8810 [00:00<00:03, 1910.25it/s]
 18%|█▊        | 1561/8810 [00:00<00:04, 1807.73it/s]
 21%|██        | 1810/8810 [00:00<00:03, 1999.75it/s]
 23%|██▎       | 2015/8810 [00:01<00:03, 1854.53it/s]
 26%|██▌       | 2263/8810 [00:01<00:03, 1846.09it/s]
 28%|██▊       | 2506/8810 [00:01<00:03, 1991.80it/s]
 31%|███       | 2733/8810 [00:01<00:02, 2065.00it/s]
 33%|███▎      | 2944/8810 [00:01<00:03, 1771.75it/s]
 36%|███▌      | 3131/8810 [00:01<00:03, 1647.35it/s]
 37%|███▋      | 3303/8810 [00:01<00:03, 1641.77it/s]
 39%|███▉      | 3472/8810 [00:01<00:03, 1511.78it/s]
 42%|████▏     | 3680/8810 [00:02<00:03, 1655.29it/s]
 44%|████▎     | 3852/8810 [00:02<00:03, 1485.73it/s]
 46%|████▋     | 4090/8810 [00:02<00:02, 1708.60it/s]
 48%|████▊     | 4270/8810 [00:02<00:02, 1608.38it/s]
 51%|█████     | 4493/8810 [00:02<00:02, 1768.98it/s]
 53%|█████▎    | 4677/8810 [00:02<00:02, 1611.21it/s]
 55%|█████▌    | 4852/8810 [00:02<00:02, 1640.49it/s]
 57%|█████▋    | 5022/8810 [00:02<00:02, 1474.13it/s]
 59%|█████▉    | 5225/8810 [00:03<00:02, 1612.92it/s]
 61%|██████    | 5393/8810 [00:03<00:02, 1506.44it/s]
 63%|██████▎   | 5556/8810 [00:03<00:02, 1537.53it/s]
 65%|██████▌   | 5754/8810 [00:03<00:01, 1579.06it/s]
 67%|██████▋   | 5915/8810 [00:03<00:01, 1531.75it/s]
 69%|██████▉   | 6071/8810 [00:03<00:01, 1455.87it/s]
 71%|███████▏  | 6280/8810 [00:03<00:01, 1616.73it/s]
 73%|███████▎  | 6445/8810 [00:03<00:01, 1524.73it/s]
 76%|███████▌  | 6688/8810 [00:03<00:01, 1767.39it/s]
 79%|███████▊  | 6935/8810 [00:04<00:00, 1961.24it/s]
 81%|████████  | 7136/8810 [00:04<00:00, 1765.18it/s]
 83%|████████▎ | 7343/8810 [00:04<00:00, 1843.66it/s]
 86%|████████▌ | 7533/8810 [00:04<00:00, 1652.17it/s]
 88%|████████▊ | 7715/8810 [00:04<00:00, 1606.03it/s]
 90%|████████▉ | 7885/8810 [00:04<00:00, 1627.73it/s]
 91%|█████████▏| 8052/8810 [00:04<00:00, 1469.95it/s]
 93%|█████████▎| 8215/8810 [00:04<00:00, 1506.09it/s]
 95%|█████████▌| 8370/8810 [00:05<00:00, 1372.72it/s]
 97%|█████████▋| 8557/8810 [00:05<00:00, 1499.16it/s]
 99%|█████████▉| 8712/8810 [00:05<00:00, 1469.17it/s]
100%|██████████| 8810/8810 [00:05<00:00, 1670.57it/s]
