
  0%|          | 0/8810 [00:00<?, ?it/s]
  2%|▏         | 181/8810 [00:00<00:05, 1584.23it/s]
  5%|▍         | 435/8810 [00:00<00:03, 2099.37it/s]
  7%|▋         | 656/8810 [00:00<00:04, 2003.56it/s]
 10%|▉         | 865/8810 [00:00<00:03, 2035.19it/s]
 12%|█▏        | 1070/8810 [00:00<00:04, 1928.63it/s]
 15%|█▍        | 1310/8810 [00:00<00:03, 2077.71it/s]
 17%|█▋        | 1520/8810 [00:00<00:03, 1922.77it/s]
 20%|█▉        | 1755/8810 [00:00<00:03, 2044.88it/s]
 22%|██▏       | 1963/8810 [00:01<00:03, 1849.33it/s]
 25%|██▌       | 2219/8810 [00:01<00:03, 2043.51it/s]
 28%|██▊       | 2430/8810 [00:01<00:03, 1954.18it/s]
 30%|███       | 2676/8810 [00:01<00:02, 2091.85it/s]
 33%|███▎      | 2890/8810 [00:01<00:02, 1985.83it/s]
 35%|███▌      | 3093/8810 [00:01<00:03, 1860.94it/s]
 37%|███▋      | 3285/8810 [00:01<00:02, 1869.23it/s]
 39%|███▉      | 3475/8810 [00:01<00:03, 1726.16it/s]
 42%|████▏     | 3710/8810 [00:01<00:02, 1889.14it/s]
 44%|████▍     | 3904/8810 [00:02<00:02, 1747.87it/s]
 47%|████▋     | 4180/8810 [00:02<00:02, 1829.67it/s]
 50%|█████     | 4422/8810 [00:02<00:02, 1975.82it/s]
 52%|█████▏    | 4625/8810 [00:02<00:02, 1822.96it/s]
 55%|█████▍    | 4812/8810 [00:02<00:02, 1821.11it/s]
 57%|█████▋    | 4997/8810 [00:02<00:02, 1683.08it/s]
 59%|█████▉    | 5184/8810 [00:02<00:02, 1728.26it/s]
 61%|██████    | 5372/8810 [00:02<00:02, 1606.70it/s]
 63%|██████▎   | 5564/8810 [00:02<00:01, 1687.04it/s]
 65%|██████▌   | 5754/8810 [00:03<00:01, 1680.16it/s]
 67%|██████▋   | 5935/8810 [00:03<00:01, 1711.05it/s]
 69%|██████▉   | 6109/8810 [00:03<00:01, 1639.06it/s]
 72%|███████▏  | 6316/8810 [00:03<00:01, 1756.65it/s]
 74%|███████▎  | 6494/8810 [00:03<00:01, 1666.03it/s]
 77%|███████▋  | 6751/8810 [00:03<00:01, 1911.39it/s]
 79%|███████▉  | 6972/8810 [00:03<00:00, 1878.39it/s]
 81%|████████▏ | 7169/8810 [00:03<00:00, 1903.11it/s]
 84%|████████▎ | 7362/8810 [00:03<00:00, 1853.14it/s]
 86%|████████▌ | 7556/8810 [00:04<00:00, 1876.84it/s]
 88%|████████▊ | 7745/8810 [00:04<00:00, 1819.61it/s]
 90%|█████████ | 7951/8810 [00:04<00:00, 1881.97it/s]
 92%|█████████▏| 8141/8810 [00:04<00:00, 1682.61it/s]
 95%|█████████▍| 8343/8810 [00:04<00:00, 1772.57it/s]
 97%|█████████▋| 8525/8810 [00:04<00:00, 1727.84it/s]
 99%|█████████▉| 8702/8810 [00:04<00:00, 1657.82it/s]
100%|██████████| 8810/8810 [00:04<00:00, 1830.51it/s]
