
  0%|          | 0/8810 [00:00<?, ?it/s]
  2%|▏         | 181/8810 [00:00<00:05, 1597.21it/s]
  5%|▍         | 434/8810 [00:00<00:03, 2115.14it/s]
  7%|▋         | 656/8810 [00:00<00:04, 1990.82it/s]
 10%|▉         | 865/8810 [00:00<00:03, 2022.95it/s]
 12%|█▏        | 1069/8810 [00:00<00:04, 1861.24it/s]
 15%|█▍        | 1313/8810 [00:00<00:03, 2040.97it/s]
 17%|█▋        | 1521/8810 [00:00<00:03, 1866.74it/s]
 20%|██        | 1766/8810 [00:00<00:03, 2033.17it/s]
 22%|██▏       | 1975/8810 [00:01<00:03, 1793.03it/s]
 25%|██▌       | 2219/8810 [00:01<00:03, 1949.29it/s]
 27%|██▋       | 2422/8810 [00:01<00:03, 1887.21it/s]
 31%|███       | 2706/8810 [00:01<00:02, 2144.54it/s]
 33%|███▎      | 2927/8810 [00:01<00:03, 1951.83it/s]
 36%|███▌      | 3130/8810 [00:01<00:03, 1873.83it/s]
 38%|███▊      | 3336/8810 [00:01<00:02, 1919.57it/s]
 40%|████      | 3533/8810 [00:01<00:02, 1814.23it/s]
 43%|████▎     | 3760/8810 [00:01<00:02, 1932.73it/s]
 45%|████▍     | 3958/8810 [00:02<00:02, 1819.94it/s]
 47%|████▋     | 4180/8810 [00:02<00:02, 1799.37it/s]
 50%|█████     | 4429/8810 [00:02<00:02, 1981.70it/s]
 53%|█████▎    | 4632/8810 [00:02<00:02, 1861.64it/s]
 55%|█████▍    | 4837/8810 [00:02<00:02, 1911.53it/s]
 57%|█████▋    | 5032/8810 [00:02<00:02, 1758.73it/s]
 60%|█████▉    | 5255/8810 [00:02<00:01, 1881.08it/s]
 62%|██████▏   | 5448/8810 [00:02<00:01, 1809.44it/s]
 65%|██████▍   | 5701/8810 [00:02<00:01, 2005.78it/s]
 67%|██████▋   | 5906/8810 [00:03<00:01, 1798.46it/s]
 69%|██████▉   | 6093/8810 [00:03<00:01, 1721.94it/s]
 72%|███████▏  | 6300/8810 [00:03<00:01, 1810.18it/s]
 74%|███████▎  | 6486/8810 [00:03<00:01, 1709.13it/s]
 76%|███████▋  | 6727/8810 [00:03<00:01, 1894.50it/s]
 79%|███████▉  | 6950/8810 [00:03<00:00, 1982.11it/s]
 81%|████████  | 7153/8810 [00:03<00:00, 1817.59it/s]
 84%|████████▎ | 7360/8810 [00:03<00:00, 1736.12it/s]
 86%|████████▌ | 7551/8810 [00:04<00:00, 1780.18it/s]
 88%|████████▊ | 7733/8810 [00:04<00:00, 1755.14it/s]
 90%|█████████ | 7934/8810 [00:04<00:00, 1823.51it/s]
 92%|█████████▏| 8119/8810 [00:04<00:00, 1603.53it/s]
 95%|█████████▍| 8327/8810 [00:04<00:00, 1727.51it/s]
 97%|█████████▋| 8506/8810 [00:04<00:00, 1564.13it/s]
 99%|█████████▊| 8699/8810 [00:04<00:00, 1656.08it/s]
100%|██████████| 8810/8810 [00:04<00:00, 1826.19it/s]
