
  0%|          | 0/8810 [00:00<?, ?it/s]
  2%|▏         | 181/8810 [00:00<00:05, 1488.52it/s]
  5%|▍         | 407/8810 [00:00<00:04, 1893.32it/s]
  7%|▋         | 637/8810 [00:00<00:03, 2066.17it/s]
 10%|▉         | 847/8810 [00:00<00:04, 1684.50it/s]
 12%|█▏        | 1026/8810 [00:00<00:04, 1588.36it/s]
 14%|█▍        | 1226/8810 [00:00<00:04, 1703.29it/s]
 16%|█▌        | 1409/8810 [00:00<00:04, 1738.56it/s]
 18%|█▊        | 1588/8810 [00:00<00:04, 1536.88it/s]
 21%|██        | 1814/8810 [00:01<00:04, 1725.83it/s]
 23%|██▎       | 1994/8810 [00:01<00:04, 1546.82it/s]
 25%|██▍       | 2186/8810 [00:01<00:04, 1643.30it/s]
 27%|██▋       | 2358/8810 [00:01<00:04, 1452.54it/s]
 29%|██▉       | 2563/8810 [00:01<00:03, 1598.01it/s]
 31%|███       | 2744/8810 [00:01<00:03, 1544.74it/s]
 33%|███▎      | 2929/8810 [00:01<00:03, 1621.87it/s]
 35%|███▌      | 3097/8810 [00:01<00:03, 1577.32it/s]
 37%|███▋      | 3268/8810 [00:02<00:03, 1611.72it/s]
 39%|███▉      | 3433/8810 [00:02<00:03, 1492.59it/s]
 41%|████      | 3617/8810 [00:02<00:03, 1582.23it/s]
 43%|████▎     | 3779/8810 [00:02<00:03, 1434.98it/s]
 45%|████▍     | 3927/8810 [00:02<00:03, 1421.68it/s]
 47%|████▋     | 4153/8810 [00:02<00:02, 1646.15it/s]
 49%|████▉     | 4323/8810 [00:02<00:02, 1532.60it/s]
 51%|█████▏    | 4525/8810 [00:02<00:02, 1662.41it/s]
 53%|█████▎    | 4696/8810 [00:02<00:02, 1420.56it/s]
 55%|█████▌    | 4856/8810 [00:03<00:02, 1463.97it/s]
 57%|█████▋    | 5010/8810 [00:03<00:02, 1392.43it/s]
 59%|█████▊    | 5168/8810 [00:03<00:02, 1440.73it/s]
 60%|██████    | 5318/8810 [00:03<00:02, 1453.97it/s]
 62%|██████▏   | 5467/8810 [00:03<00:02, 1317.70it/s]
 64%|██████▍   | 5634/8810 [00:03<00:02, 1410.06it/s]
 66%|██████▌   | 5780/8810 [00:03<00:02, 1390.23it/s]
 67%|██████▋   | 5922/8810 [00:03<00:02, 1390.05it/s]
 69%|██████▉   | 6063/8810 [00:03<00:02, 1360.65it/s]
 71%|███████   | 6256/8810 [00:04<00:01, 1508.47it/s]
 73%|███████▎  | 6409/8810 [00:04<00:01, 1400.30it/s]
 75%|███████▌  | 6633/8810 [00:04<00:01, 1629.38it/s]
 78%|███████▊  | 6863/8810 [00:04<00:01, 1816.20it/s]
 80%|████████  | 7049/8810 [00:04<00:01, 1650.57it/s]
 82%|████████▏ | 7232/8810 [00:04<00:00, 1698.65it/s]
 84%|████████▍ | 7407/8810 [00:04<00:00, 1660.94it/s]
 86%|████████▌ | 7577/8810 [00:04<00:00, 1586.22it/s]
 88%|████████▊ | 7739/8810 [00:04<00:00, 1526.39it/s]
 90%|████████▉ | 7909/8810 [00:05<00:00, 1573.08it/s]
 92%|█████████▏| 8069/8810 [00:05<00:00, 1342.34it/s]
 93%|█████████▎| 8211/8810 [00:05<00:00, 1358.71it/s]
 95%|█████████▍| 8361/8810 [00:05<00:00, 1274.74it/s]
 97%|█████████▋| 8539/8810 [00:05<00:00, 1400.75it/s]
 99%|█████████▉| 8702/8810 [00:05<00:00, 1322.23it/s]
100%|██████████| 8810/8810 [00:05<00:00, 1523.98it/s]
