
  0%|          | 0/8810 [00:00<?, ?it/s]
  2%|▏         | 181/8810 [00:00<00:06, 1279.78it/s]
  4%|▍         | 394/8810 [00:00<00:04, 1700.30it/s]
  7%|▋         | 611/8810 [00:00<00:04, 1887.45it/s]
  9%|▉         | 806/8810 [00:00<00:04, 1626.77it/s]
 11%|█         | 976/8810 [00:00<00:04, 1583.24it/s]
 13%|█▎        | 1139/8810 [00:00<00:05, 1492.29it/s]
 15%|█▌        | 1339/8810 [00:00<00:04, 1634.06it/s]
 17%|█▋        | 1507/8810 [00:00<00:04, 1472.06it/s]
 19%|█▉        | 1690/8810 [00:01<00:04, 1566.91it/s]
 21%|██        | 1852/8810 [00:01<00:04, 1475.35it/s]
 23%|██▎       | 2035/8810 [00:01<00:04, 1570.63it/s]
 25%|██▌       | 2227/8810 [00:01<00:03, 1664.90it/s]
 27%|██▋       | 2398/8810 [00:01<00:04, 1542.70it/s]
 30%|██▉       | 2641/8810 [00:01<00:03, 1779.38it/s]
 32%|███▏      | 2825/8810 [00:01<00:03, 1610.86it/s]
 34%|███▍      | 3033/8810 [00:01<00:03, 1734.24it/s]
 36%|███▋      | 3213/8810 [00:02<00:03, 1559.73it/s]
 38%|███▊      | 3390/8810 [00:02<00:03, 1608.23it/s]
 40%|████      | 3557/8810 [00:02<00:03, 1475.27it/s]
 43%|████▎     | 3774/8810 [00:02<00:03, 1535.37it/s]
 45%|████▍     | 3958/8810 [00:02<00:03, 1612.98it/s]
 47%|████▋     | 4180/8810 [00:02<00:02, 1613.89it/s]
 50%|████▉     | 4396/8810 [00:02<00:02, 1754.04it/s]
 52%|█████▏    | 4576/8810 [00:02<00:02, 1679.29it/s]
 54%|█████▍    | 4747/8810 [00:03<00:02, 1453.07it/s]
 56%|█████▌    | 4909/8810 [00:03<00:02, 1487.59it/s]
 57%|█████▋    | 5063/8810 [00:03<00:02, 1402.43it/s]
 60%|█████▉    | 5265/8810 [00:03<00:02, 1561.36it/s]
 62%|██████▏   | 5427/8810 [00:03<00:02, 1452.25it/s]
 64%|██████▍   | 5644/8810 [00:03<00:01, 1639.78it/s]
 66%|██████▌   | 5814/8810 [00:03<00:01, 1619.83it/s]
 68%|██████▊   | 5981/8810 [00:03<00:01, 1530.90it/s]
 70%|██████▉   | 6138/8810 [00:03<00:01, 1464.69it/s]
 72%|███████▏  | 6342/8810 [00:04<00:01, 1610.26it/s]
 74%|███████▍  | 6507/8810 [00:04<00:01, 1478.99it/s]
 76%|███████▋  | 6729/8810 [00:04<00:01, 1672.72it/s]
 79%|███████▊  | 6933/8810 [00:04<00:01, 1768.42it/s]
 81%|████████  | 7115/8810 [00:04<00:01, 1647.69it/s]
 83%|████████▎ | 7285/8810 [00:04<00:00, 1607.45it/s]
 85%|████████▍ | 7449/8810 [00:04<00:00, 1549.14it/s]
 86%|████████▋ | 7607/8810 [00:04<00:00, 1545.31it/s]
 88%|████████▊ | 7764/8810 [00:04<00:00, 1453.85it/s]
 90%|█████████ | 7945/8810 [00:05<00:00, 1548.57it/s]
 92%|█████████▏| 8103/8810 [00:05<00:00, 1390.66it/s]
 94%|█████████▍| 8262/8810 [00:05<00:00, 1440.63it/s]
 95%|█████████▌| 8410/8810 [00:05<00:00, 1370.64it/s]
 97%|█████████▋| 8588/8810 [00:05<00:00, 1479.87it/s]
 99%|█████████▉| 8740/8810 [00:05<00:00, 1396.12it/s]
100%|██████████| 8810/8810 [00:05<00:00, 1555.36it/s]
