
  0%|          | 0/8810 [00:00<?, ?it/s]
  2%|▏         | 181/8810 [00:00<00:06, 1296.49it/s]
  4%|▍         | 393/8810 [00:00<00:04, 1705.61it/s]
  7%|▋         | 611/8810 [00:00<00:04, 1896.01it/s]
  9%|▉         | 806/8810 [00:00<00:05, 1594.34it/s]
 11%|█         | 974/8810 [00:00<00:05, 1563.70it/s]
 13%|█▎        | 1136/8810 [00:00<00:05, 1396.89it/s]
 15%|█▍        | 1315/8810 [00:00<00:04, 1503.36it/s]
 17%|█▋        | 1471/8810 [00:00<00:05, 1358.31it/s]
 18%|█▊        | 1616/8810 [00:01<00:05, 1378.92it/s]
 21%|██        | 1815/8810 [00:01<00:04, 1543.91it/s]
 22%|██▏       | 1975/8810 [00:01<00:05, 1328.86it/s]
 25%|██▍       | 2176/8810 [00:01<00:04, 1500.88it/s]
 27%|██▋       | 2335/8810 [00:01<00:04, 1321.97it/s]
 29%|██▊       | 2515/8810 [00:01<00:04, 1439.19it/s]
 30%|███       | 2668/8810 [00:01<00:04, 1460.02it/s]
 32%|███▏      | 2821/8810 [00:02<00:05, 1182.95it/s]
 34%|███▎      | 2964/8810 [00:02<00:04, 1240.87it/s]
 35%|███▌      | 3099/8810 [00:02<00:04, 1182.33it/s]
 37%|███▋      | 3225/8810 [00:02<00:04, 1185.03it/s]
 39%|███▊      | 3396/8810 [00:02<00:04, 1317.67it/s]
 40%|████      | 3534/8810 [00:02<00:04, 1215.14it/s]
 42%|████▏     | 3728/8810 [00:02<00:03, 1403.24it/s]
 44%|████▍     | 3875/8810 [00:02<00:03, 1326.54it/s]
 46%|████▌     | 4070/8810 [00:02<00:03, 1487.40it/s]
 48%|████▊     | 4225/8810 [00:03<00:03, 1401.75it/s]
 50%|█████     | 4416/8810 [00:03<00:02, 1534.20it/s]
 52%|█████▏    | 4574/8810 [00:03<00:02, 1534.57it/s]
 54%|█████▎    | 4731/8810 [00:03<00:02, 1373.65it/s]
 56%|█████▌    | 4892/8810 [00:03<00:02, 1432.17it/s]
 57%|█████▋    | 5040/8810 [00:03<00:03, 1244.96it/s]
 59%|█████▉    | 5193/8810 [00:03<00:02, 1313.12it/s]
 61%|██████    | 5356/8810 [00:03<00:02, 1393.94it/s]
 62%|██████▏   | 5501/8810 [00:03<00:02, 1288.48it/s]
 64%|██████▍   | 5673/8810 [00:04<00:02, 1397.92it/s]
 66%|██████▌   | 5818/8810 [00:04<00:02, 1354.35it/s]
 68%|██████▊   | 5957/8810 [00:04<00:02, 1237.86it/s]
 69%|██████▉   | 6085/8810 [00:04<00:02, 1117.29it/s]
 71%|███████   | 6220/8810 [00:04<00:02, 1174.13it/s]
 72%|███████▏  | 6384/8810 [00:04<00:01, 1293.63it/s]
 74%|███████▍  | 6518/8810 [00:04<00:01, 1209.19it/s]
 77%|███████▋  | 6754/8810 [00:04<00:01, 1512.63it/s]
 79%|███████▊  | 6935/8810 [00:05<00:01, 1586.24it/s]
 81%|████████  | 7099/8810 [00:05<00:01, 1406.55it/s]
 82%|████████▏ | 7247/8810 [00:05<00:01, 1419.25it/s]
 84%|████████▍ | 7409/8810 [00:05<00:00, 1472.14it/s]
 86%|████████▌ | 7561/8810 [00:05<00:00, 1358.88it/s]
 88%|████████▊ | 7715/8810 [00:05<00:00, 1334.07it/s]
 89%|████████▉ | 7870/8810 [00:05<00:00, 1388.65it/s]
 91%|█████████ | 8037/8810 [00:05<00:00, 1318.70it/s]
 93%|█████████▎| 8197/8810 [00:05<00:00, 1387.98it/s]
 95%|█████████▍| 8359/8810 [00:06<00:00, 1450.03it/s]
 97%|█████████▋| 8507/8810 [00:06<00:00, 1298.58it/s]
 99%|█████████▊| 8693/8810 [00:06<00:00, 1439.18it/s]
100%|██████████| 8810/8810 [00:06<00:00, 1372.94it/s]
