
  0%|          | 0/8810 [00:00<?, ?it/s]
  2%|▏         | 172/8810 [00:00<00:05, 1716.73it/s]
  4%|▍         | 344/8810 [00:00<00:05, 1534.92it/s]
  7%|▋         | 574/8810 [00:00<00:04, 1855.25it/s]
  9%|▊         | 763/8810 [00:00<00:05, 1506.71it/s]
 10%|█         | 923/8810 [00:00<00:05, 1478.28it/s]
 12%|█▏        | 1077/8810 [00:00<00:05, 1374.24it/s]
 14%|█▍        | 1234/8810 [00:00<00:05, 1428.33it/s]
 16%|█▌        | 1391/8810 [00:00<00:05, 1468.65it/s]
 17%|█▋        | 1541/8810 [00:01<00:05, 1333.79it/s]
 19%|█▉        | 1710/8810 [00:01<00:04, 1430.18it/s]
 21%|██        | 1857/8810 [00:01<00:05, 1270.49it/s]
 23%|██▎       | 2036/8810 [00:01<00:04, 1403.62it/s]
 25%|██▌       | 2230/8810 [00:01<00:04, 1539.01it/s]
 27%|██▋       | 2390/8810 [00:01<00:04, 1287.18it/s]
 29%|██▉       | 2594/8810 [00:01<00:04, 1465.70it/s]
 31%|███       | 2752/8810 [00:01<00:04, 1298.56it/s]
 33%|███▎      | 2892/8810 [00:02<00:04, 1269.58it/s]
 34%|███▍      | 3026/8810 [00:02<00:04, 1242.79it/s]
 36%|███▌      | 3155/8810 [00:02<00:04, 1205.28it/s]
 37%|███▋      | 3288/8810 [00:02<00:04, 1236.58it/s]
 39%|███▉      | 3415/8810 [00:02<00:04, 1189.27it/s]
 41%|████      | 3588/8810 [00:02<00:03, 1334.45it/s]
 43%|████▎     | 3774/8810 [00:02<00:03, 1328.84it/s]
 45%|████▍     | 3942/8810 [00:02<00:03, 1420.15it/s]
 47%|████▋     | 4150/8810 [00:02<00:02, 1597.79it/s]
 49%|████▉     | 4314/8810 [00:03<00:03, 1427.89it/s]
 51%|█████     | 4501/8810 [00:03<00:02, 1541.11it/s]
 53%|█████▎    | 4661/8810 [00:03<00:02, 1422.46it/s]
 55%|█████▍    | 4809/8810 [00:03<00:02, 1394.67it/s]
 56%|█████▌    | 4952/8810 [00:03<00:03, 1186.39it/s]
 58%|█████▊    | 5107/8810 [00:03<00:02, 1271.46it/s]
 60%|██████    | 5288/8810 [00:03<00:02, 1408.45it/s]
 62%|██████▏   | 5436/8810 [00:03<00:02, 1277.40it/s]
 64%|██████▍   | 5637/8810 [00:04<00:02, 1463.94it/s]
 66%|██████▌   | 5792/8810 [00:04<00:02, 1357.69it/s]
 67%|██████▋   | 5935/8810 [00:04<00:02, 1253.87it/s]
 69%|██████▉   | 6066/8810 [00:04<00:02, 1173.44it/s]
 70%|███████   | 6207/8810 [00:04<00:02, 1227.90it/s]
 72%|███████▏  | 6365/8810 [00:04<00:01, 1313.26it/s]
 74%|███████▍  | 6501/8810 [00:04<00:01, 1206.00it/s]
 76%|███████▋  | 6728/8810 [00:04<00:01, 1482.08it/s]
 78%|███████▊  | 6910/8810 [00:05<00:01, 1572.65it/s]
 80%|████████  | 7073/8810 [00:05<00:01, 1415.37it/s]
 82%|████████▏ | 7222/8810 [00:05<00:01, 1404.04it/s]
 84%|████████▎ | 7367/8810 [00:05<00:01, 1395.55it/s]
 85%|████████▌ | 7512/8810 [00:05<00:00, 1407.51it/s]
 87%|████████▋ | 7699/8810 [00:05<00:00, 1532.50it/s]
 89%|████████▉ | 7855/8810 [00:05<00:00, 1363.38it/s]
 91%|█████████ | 8035/8810 [00:05<00:00, 1476.65it/s]
 93%|█████████▎| 8188/8810 [00:05<00:00, 1384.32it/s]
 95%|█████████▍| 8335/8810 [00:06<00:00, 1405.02it/s]
 96%|█████████▌| 8479/8810 [00:06<00:00, 1297.11it/s]
 98%|█████████▊| 8651/8810 [00:06<00:00, 1404.27it/s]
100%|█████████▉| 8796/8810 [00:06<00:00, 1364.35it/s]
100%|██████████| 8810/8810 [00:06<00:00, 1376.15it/s]
