
  0%|          | 0/8810 [00:00<?, ?it/s]
  2%|▏         | 164/8810 [00:00<00:05, 1604.39it/s]
  4%|▎         | 325/8810 [00:00<00:05, 1486.66it/s]
  6%|▌         | 487/8810 [00:00<00:05, 1543.64it/s]
  7%|▋         | 656/8810 [00:00<00:05, 1477.27it/s]
  9%|▉         | 816/8810 [00:00<00:05, 1508.06it/s]
 11%|█         | 968/8810 [00:00<00:05, 1479.38it/s]
 13%|█▎        | 1117/8810 [00:00<00:05, 1383.09it/s]
 14%|█▍        | 1269/8810 [00:00<00:05, 1422.55it/s]
 16%|█▋        | 1432/8810 [00:00<00:04, 1481.00it/s]
 18%|█▊        | 1582/8810 [00:01<00:05, 1286.37it/s]
 20%|██        | 1777/8810 [00:01<00:04, 1461.23it/s]
 22%|██▏       | 1929/8810 [00:01<00:05, 1305.98it/s]
 24%|██▍       | 2149/8810 [00:01<00:04, 1532.39it/s]
 26%|██▌       | 2311/8810 [00:01<00:04, 1382.96it/s]
 28%|██▊       | 2477/8810 [00:01<00:04, 1447.55it/s]
 30%|███       | 2654/8810 [00:01<00:04, 1524.42it/s]
 32%|███▏      | 2812/8810 [00:01<00:04, 1374.74it/s]
 34%|███▍      | 2996/8810 [00:02<00:03, 1493.27it/s]
 36%|███▌      | 3152/8810 [00:02<00:03, 1416.44it/s]
 38%|███▊      | 3312/8810 [00:02<00:03, 1463.91it/s]
 39%|███▉      | 3463/8810 [00:02<00:03, 1376.80it/s]
 41%|████▏     | 3642/8810 [00:02<00:03, 1483.22it/s]
 43%|████▎     | 3794/8810 [00:02<00:03, 1418.51it/s]
 45%|████▍     | 3954/8810 [00:02<00:03, 1461.03it/s]
 47%|████▋     | 4168/8810 [00:02<00:02, 1648.22it/s]
 49%|████▉     | 4336/8810 [00:02<00:02, 1513.96it/s]
 51%|█████▏    | 4520/8810 [00:03<00:02, 1599.02it/s]
 53%|█████▎    | 4684/8810 [00:03<00:02, 1433.87it/s]
 55%|█████▍    | 4836/8810 [00:03<00:02, 1455.53it/s]
 57%|█████▋    | 4986/8810 [00:03<00:02, 1343.75it/s]
 59%|█████▉    | 5180/8810 [00:03<00:02, 1496.31it/s]
 61%|██████    | 5364/8810 [00:03<00:02, 1588.41it/s]
 63%|██████▎   | 5528/8810 [00:03<00:02, 1457.80it/s]
 65%|██████▌   | 5739/8810 [00:03<00:01, 1631.65it/s]
 67%|██████▋   | 5908/8810 [00:04<00:02, 1386.18it/s]
 69%|██████▉   | 6057/8810 [00:04<00:02, 1341.56it/s]
 71%|███████   | 6226/8810 [00:04<00:01, 1428.21it/s]
 73%|███████▎  | 6400/8810 [00:04<00:01, 1395.97it/s]
 75%|███████▍  | 6592/8810 [00:04<00:01, 1530.98it/s]
 77%|███████▋  | 6816/8810 [00:04<00:01, 1718.57it/s]
 79%|███████▉  | 6994/8810 [00:04<00:01, 1609.98it/s]
 81%|████████▏ | 7160/8810 [00:04<00:01, 1537.12it/s]
 83%|████████▎ | 7318/8810 [00:04<00:00, 1545.47it/s]
 85%|████████▍ | 7476/8810 [00:05<00:00, 1385.14it/s]
 87%|████████▋ | 7636/8810 [00:05<00:00, 1438.54it/s]
 88%|████████▊ | 7784/8810 [00:05<00:00, 1276.29it/s]
 90%|█████████ | 7937/8810 [00:05<00:00, 1339.41it/s]
 92%|█████████▏| 8076/8810 [00:05<00:00, 1216.73it/s]
 93%|█████████▎| 8209/8810 [00:05<00:00, 1245.39it/s]
 95%|█████████▍| 8361/8810 [00:05<00:00, 1224.92it/s]
 97%|█████████▋| 8543/8810 [00:05<00:00, 1378.10it/s]
 99%|█████████▉| 8702/8810 [00:06<00:00, 1303.41it/s]
100%|██████████| 8810/8810 [00:06<00:00, 1438.70it/s]
