
  0%|          | 0/8810 [00:00<?, ?it/s]
  2%|▏         | 181/8810 [00:00<00:05, 1673.64it/s]
  5%|▍         | 433/8810 [00:00<00:03, 2141.29it/s]
  7%|▋         | 656/8810 [00:00<00:04, 1997.83it/s]
 10%|▉         | 866/8810 [00:00<00:03, 2030.81it/s]
 12%|█▏        | 1071/8810 [00:00<00:04, 1923.36it/s]
 15%|█▍        | 1297/8810 [00:00<00:03, 2023.53it/s]
 17%|█▋        | 1501/8810 [00:00<00:03, 1868.68it/s]
 20%|█▉        | 1731/8810 [00:00<00:03, 1990.60it/s]
 22%|██▏       | 1934/8810 [00:01<00:03, 1808.63it/s]
 25%|██▍       | 2198/8810 [00:01<00:03, 2035.15it/s]
 27%|██▋       | 2408/8810 [00:01<00:03, 1878.88it/s]
 31%|███       | 2691/8810 [00:01<00:02, 2133.84it/s]
 33%|███▎      | 2912/8810 [00:01<00:03, 1963.01it/s]
 35%|███▌      | 3116/8810 [00:01<00:03, 1871.24it/s]
 38%|███▊      | 3309/8810 [00:01<00:02, 1848.06it/s]
 40%|███▉      | 3498/8810 [00:01<00:03, 1746.13it/s]
 43%|████▎     | 3755/8810 [00:01<00:02, 1964.17it/s]
 45%|████▍     | 3957/8810 [00:02<00:02, 1806.85it/s]
 47%|████▋     | 4180/8810 [00:02<00:02, 1774.69it/s]
 50%|█████     | 4437/8810 [00:02<00:02, 1977.60it/s]
 53%|█████▎    | 4641/8810 [00:02<00:02, 1841.98it/s]
 55%|█████▌    | 4853/8810 [00:02<00:02, 1911.14it/s]
 57%|█████▋    | 5049/8810 [00:02<00:02, 1765.46it/s]
 60%|█████▉    | 5268/8810 [00:02<00:01, 1872.93it/s]
 62%|██████▏   | 5460/8810 [00:02<00:01, 1788.09it/s]
 65%|██████▍   | 5722/8810 [00:02<00:01, 2007.73it/s]
 67%|██████▋   | 5928/8810 [00:03<00:01, 1766.51it/s]
 69%|██████▉   | 6113/8810 [00:03<00:01, 1716.82it/s]
 72%|███████▏  | 6344/8810 [00:03<00:01, 1867.58it/s]
 74%|███████▍  | 6537/8810 [00:03<00:01, 1809.87it/s]
 77%|███████▋  | 6818/8810 [00:03<00:00, 2074.04it/s]
 80%|███████▉  | 7031/8810 [00:03<00:00, 1871.02it/s]
 82%|████████▏ | 7232/8810 [00:03<00:00, 1904.97it/s]
 84%|████████▍ | 7428/8810 [00:03<00:00, 1896.86it/s]
 87%|████████▋ | 7631/8810 [00:04<00:00, 1931.51it/s]
 89%|████████▉ | 7827/8810 [00:04<00:00, 1766.04it/s]
 91%|█████████ | 8035/8810 [00:04<00:00, 1842.19it/s]
 93%|█████████▎| 8223/8810 [00:04<00:00, 1682.11it/s]
 95%|█████████▌| 8396/8810 [00:04<00:00, 1601.05it/s]
 98%|█████████▊| 8622/8810 [00:04<00:00, 1769.20it/s]
100%|█████████▉| 8804/8810 [00:04<00:00, 1654.88it/s]
100%|██████████| 8810/8810 [00:04<00:00, 1855.19it/s]
