
  0%|          | 0/8810 [00:00<?, ?it/s]
  1%|          | 56/8810 [00:00<00:16, 535.50it/s]
  1%|▏         | 127/8810 [00:00<00:13, 634.16it/s]
  2%|▏         | 191/8810 [00:00<00:23, 359.47it/s]
  3%|▎         | 267/8810 [00:00<00:18, 460.68it/s]
  4%|▍         | 341/8810 [00:00<00:16, 528.39it/s]
  5%|▍         | 404/8810 [00:00<00:15, 549.40it/s]
  5%|▌         | 465/8810 [00:00<00:17, 475.83it/s]
  6%|▋         | 568/8810 [00:01<00:13, 612.81it/s]
  7%|▋         | 637/8810 [00:01<00:14, 546.31it/s]
  8%|▊         | 698/8810 [00:01<00:19, 418.08it/s]
  8%|▊         | 748/8810 [00:01<00:18, 429.67it/s]
  9%|▉         | 814/8810 [00:01<00:16, 476.09it/s]
 10%|▉         | 868/8810 [00:01<00:16, 481.01it/s]
 10%|█         | 920/8810 [00:01<00:17, 461.40it/s]
 11%|█         | 969/8810 [00:02<00:17, 459.59it/s]
 12%|█▏        | 1017/8810 [00:02<00:19, 395.36it/s]
 12%|█▏        | 1075/8810 [00:02<00:17, 434.99it/s]
 13%|█▎        | 1126/8810 [00:02<00:16, 453.59it/s]
 13%|█▎        | 1174/8810 [00:02<00:17, 435.76it/s]
 14%|█▍        | 1244/8810 [00:02<00:14, 505.39it/s]
 15%|█▍        | 1297/8810 [00:02<00:15, 494.97it/s]
 16%|█▌        | 1367/8810 [00:02<00:13, 539.84it/s]
 17%|█▋        | 1457/8810 [00:02<00:13, 551.12it/s]
 17%|█▋        | 1530/8810 [00:03<00:12, 595.23it/s]
 18%|█▊        | 1591/8810 [00:03<00:13, 555.13it/s]
 20%|█▉        | 1731/8810 [00:03<00:09, 768.91it/s]
 21%|██        | 1821/8810 [00:03<00:10, 641.39it/s]
 22%|██▏       | 1918/8810 [00:03<00:09, 717.47it/s]
 23%|██▎       | 2020/8810 [00:03<00:08, 791.61it/s]
 24%|██▍       | 2140/8810 [00:03<00:07, 898.41it/s]
 25%|██▌       | 2236/8810 [00:03<00:08, 783.85it/s]
 26%|██▋       | 2321/8810 [00:04<00:11, 572.94it/s]
 27%|██▋       | 2391/8810 [00:04<00:11, 550.40it/s]
 28%|██▊       | 2459/8810 [00:04<00:11, 574.49it/s]
 29%|██▊       | 2523/8810 [00:04<00:10, 580.71it/s]
 30%|██▉       | 2618/8810 [00:04<00:09, 654.08it/s]
 31%|███       | 2688/8810 [00:04<00:10, 590.48it/s]
 31%|███       | 2751/8810 [00:05<00:12, 493.48it/s]
 32%|███▏      | 2805/8810 [00:05<00:12, 467.88it/s]
 33%|███▎      | 2877/8810 [00:05<00:11, 522.06it/s]
 33%|███▎      | 2933/8810 [00:05<00:12, 462.11it/s]
 34%|███▍      | 2983/8810 [00:05<00:12, 468.56it/s]
 34%|███▍      | 3034/8810 [00:05<00:12, 472.66it/s]
 35%|███▌      | 3084/8810 [00:05<00:14, 398.35it/s]
 36%|███▌      | 3147/8810 [00:05<00:12, 451.26it/s]
 36%|███▋      | 3196/8810 [00:06<00:13, 410.62it/s]
 37%|███▋      | 3240/8810 [00:06<00:14, 375.34it/s]
 37%|███▋      | 3281/8810 [00:06<00:14, 381.73it/s]
 38%|███▊      | 3321/8810 [00:06<00:15, 363.75it/s]
 38%|███▊      | 3369/8810 [00:06<00:13, 388.70it/s]
 39%|███▊      | 3410/8810 [00:06<00:17, 313.71it/s]
 39%|███▉      | 3464/8810 [00:06<00:14, 363.38it/s]
 40%|████      | 3525/8810 [00:06<00:12, 422.59it/s]
 41%|████      | 3586/8810 [00:07<00:11, 469.56it/s]
 41%|████▏     | 3648/8810 [00:07<00:10, 503.06it/s]
 42%|████▏     | 3709/8810 [00:07<00:09, 530.32it/s]
 43%|████▎     | 3768/8810 [00:07<00:09, 546.30it/s]
 43%|████▎     | 3825/8810 [00:07<00:11, 437.52it/s]
 44%|████▍     | 3874/8810 [00:07<00:11, 437.32it/s]
 45%|████▍     | 3931/8810 [00:07<00:10, 464.53it/s]
 46%|████▌     | 4023/8810 [00:07<00:08, 583.30it/s]
 46%|████▋     | 4085/8810 [00:08<00:08, 549.49it/s]
 47%|████▋     | 4146/8810 [00:08<00:08, 564.59it/s]
 48%|████▊     | 4205/8810 [00:08<00:11, 389.12it/s]
 49%|████▊     | 4273/8810 [00:08<00:10, 434.53it/s]
 49%|████▉     | 4324/8810 [00:08<00:10, 426.97it/s]
 50%|████▉     | 4394/8810 [00:08<00:09, 486.21it/s]
 51%|█████     | 4458/8810 [00:08<00:08, 518.44it/s]
 51%|█████     | 4514/8810 [00:08<00:08, 517.09it/s]
 52%|█████▏    | 4569/8810 [00:09<00:08, 509.27it/s]
 52%|█████▏    | 4625/8810 [00:09<00:08, 473.20it/s]
 53%|█████▎    | 4675/8810 [00:09<00:09, 433.58it/s]
 54%|█████▎    | 4720/8810 [00:09<00:09, 428.98it/s]
 54%|█████▍    | 4764/8810 [00:09<00:09, 430.70it/s]
 55%|█████▍    | 4822/8810 [00:09<00:08, 465.86it/s]
 56%|█████▌    | 4901/8810 [00:09<00:07, 554.54it/s]
 56%|█████▋    | 4958/8810 [00:09<00:09, 397.17it/s]
 57%|█████▋    | 5017/8810 [00:10<00:08, 435.19it/s]
 58%|█████▊    | 5067/8810 [00:10<00:08, 447.26it/s]
 58%|█████▊    | 5117/8810 [00:10<00:08, 446.80it/s]
 59%|█████▊    | 5173/8810 [00:10<00:07, 469.54it/s]
 59%|█████▉    | 5223/8810 [00:10<00:08, 411.31it/s]
 60%|█████▉    | 5267/8810 [00:10<00:09, 366.75it/s]
 60%|██████    | 5307/8810 [00:10<00:12, 285.20it/s]
 61%|██████    | 5340/8810 [00:11<00:15, 229.50it/s]
 61%|██████    | 5367/8810 [00:11<00:15, 218.20it/s]
 61%|██████    | 5392/8810 [00:11<00:26, 129.74it/s]
 61%|██████▏   | 5414/8810 [00:11<00:24, 141.46it/s]
 62%|██████▏   | 5434/8810 [00:12<00:23, 143.23it/s]
 62%|██████▏   | 5461/8810 [00:12<00:21, 158.70it/s]
 62%|██████▏   | 5481/8810 [00:12<00:20, 160.49it/s]
 63%|██████▎   | 5507/8810 [00:12<00:18, 176.64it/s]
 63%|██████▎   | 5527/8810 [00:12<00:18, 175.59it/s]
 63%|██████▎   | 5547/8810 [00:12<00:18, 171.94it/s]
 63%|██████▎   | 5566/8810 [00:12<00:18, 174.04it/s]
 63%|██████▎   | 5589/8810 [00:12<00:17, 179.11it/s]
 64%|██████▎   | 5613/8810 [00:13<00:17, 182.97it/s]
 64%|██████▍   | 5634/8810 [00:13<00:17, 183.65it/s]
 64%|██████▍   | 5663/8810 [00:13<00:16, 195.81it/s]
 65%|██████▍   | 5694/8810 [00:13<00:14, 214.16it/s]
 65%|██████▍   | 5716/8810 [00:13<00:15, 201.00it/s]
 65%|██████▌   | 5737/8810 [00:13<00:15, 203.04it/s]
 65%|██████▌   | 5758/8810 [00:13<00:22, 132.96it/s]
 66%|██████▌   | 5778/8810 [00:14<00:21, 140.12it/s]
 66%|██████▌   | 5795/8810 [00:14<00:21, 137.34it/s]
 66%|██████▌   | 5834/8810 [00:14<00:15, 187.84it/s]
 66%|██████▋   | 5856/8810 [00:14<00:22, 132.39it/s]
 67%|██████▋   | 5873/8810 [00:14<00:21, 138.87it/s]
 67%|██████▋   | 5890/8810 [00:14<00:24, 117.10it/s]
 67%|██████▋   | 5905/8810 [00:15<00:28, 100.48it/s]
 67%|██████▋   | 5917/8810 [00:15<00:29, 99.30it/s] 
 67%|██████▋   | 5929/8810 [00:15<00:28, 102.43it/s]
 68%|██████▊   | 5950/8810 [00:15<00:22, 125.25it/s]
 68%|██████▊   | 5978/8810 [00:15<00:17, 161.10it/s]
 68%|██████▊   | 5996/8810 [00:15<00:17, 163.08it/s]
 68%|██████▊   | 6014/8810 [00:15<00:19, 143.51it/s]
 68%|██████▊   | 6030/8810 [00:15<00:21, 127.04it/s]
 69%|██████▊   | 6044/8810 [00:16<00:43, 62.88it/s] 
 69%|██████▉   | 6064/8810 [00:16<00:34, 79.43it/s]
 69%|██████▉   | 6093/8810 [00:16<00:25, 108.11it/s]
 69%|██████▉   | 6109/8810 [00:16<00:24, 108.58it/s]
 70%|██████▉   | 6124/8810 [00:17<00:25, 103.48it/s]
 70%|██████▉   | 6137/8810 [00:17<00:26, 101.61it/s]
 70%|██████▉   | 6149/8810 [00:17<00:27, 96.27it/s] 
 70%|███████   | 6173/8810 [00:17<00:22, 115.69it/s]
 70%|███████   | 6199/8810 [00:17<00:19, 131.40it/s]
 71%|███████   | 6222/8810 [00:17<00:17, 150.93it/s]
 71%|███████   | 6250/8810 [00:17<00:14, 179.42it/s]
 71%|███████▏  | 6279/8810 [00:18<00:12, 195.72it/s]
 72%|███████▏  | 6300/8810 [00:18<00:12, 196.08it/s]
 72%|███████▏  | 6322/8810 [00:18<00:12, 199.53it/s]
 72%|███████▏  | 6343/8810 [00:18<00:13, 176.70it/s]
 72%|███████▏  | 6362/8810 [00:18<00:14, 167.23it/s]
 72%|███████▏  | 6381/8810 [00:18<00:14, 168.26it/s]
 73%|███████▎  | 6399/8810 [00:18<00:15, 160.41it/s]
 73%|███████▎  | 6416/8810 [00:19<00:25, 92.45it/s] 
 73%|███████▎  | 6446/8810 [00:19<00:19, 123.87it/s]
 73%|███████▎  | 6469/8810 [00:19<00:16, 142.16it/s]
 74%|███████▎  | 6492/8810 [00:19<00:14, 155.50it/s]
 74%|███████▍  | 6511/8810 [00:19<00:18, 123.27it/s]
 74%|███████▍  | 6530/8810 [00:19<00:16, 134.62it/s]
 75%|███████▍  | 6584/8810 [00:19<00:10, 221.26it/s]
 75%|███████▌  | 6650/8810 [00:20<00:06, 322.67it/s]
 76%|███████▋  | 6728/8810 [00:20<00:04, 436.66it/s]
 77%|███████▋  | 6778/8810 [00:20<00:04, 449.12it/s]
 78%|███████▊  | 6828/8810 [00:20<00:04, 459.16it/s]
 78%|███████▊  | 6881/8810 [00:20<00:04, 470.02it/s]
 79%|███████▊  | 6931/8810 [00:20<00:04, 449.88it/s]
 79%|███████▉  | 6978/8810 [00:20<00:06, 284.34it/s]
 80%|███████▉  | 7017/8810 [00:21<00:05, 300.29it/s]
 80%|████████  | 7062/8810 [00:21<00:05, 326.24it/s]
 81%|████████  | 7101/8810 [00:21<00:05, 320.71it/s]
 81%|████████  | 7145/8810 [00:21<00:04, 346.69it/s]
 82%|████████▏ | 7183/8810 [00:21<00:04, 336.43it/s]
 82%|████████▏ | 7229/8810 [00:21<00:04, 356.92it/s]
 83%|████████▎ | 7294/8810 [00:21<00:03, 428.28it/s]
 83%|████████▎ | 7350/8810 [00:21<00:03, 453.69it/s]
 84%|████████▍ | 7397/8810 [00:21<00:03, 365.72it/s]
 84%|████████▍ | 7439/8810 [00:22<00:03, 378.07it/s]
 85%|████████▍ | 7480/8810 [00:22<00:03, 342.92it/s]
 85%|████████▌ | 7517/8810 [00:22<00:04, 302.50it/s]
 86%|████████▌ | 7550/8810 [00:22<00:04, 297.81it/s]
 86%|████████▋ | 7601/8810 [00:22<00:03, 330.18it/s]
 87%|████████▋ | 7642/8810 [00:22<00:03, 343.49it/s]
 87%|████████▋ | 7678/8810 [00:22<00:03, 338.03it/s]
 88%|████████▊ | 7715/8810 [00:23<00:04, 252.52it/s]
 88%|████████▊ | 7747/8810 [00:23<00:04, 262.49it/s]
 88%|████████▊ | 7777/8810 [00:23<00:04, 250.84it/s]
 89%|████████▊ | 7814/8810 [00:23<00:03, 270.12it/s]
 89%|████████▉ | 7843/8810 [00:23<00:03, 262.73it/s]
 89%|████████▉ | 7878/8810 [00:23<00:03, 273.67it/s]
 90%|████████▉ | 7923/8810 [00:23<00:02, 318.60it/s]
 90%|█████████ | 7957/8810 [00:23<00:03, 271.64it/s]
 91%|█████████ | 7997/8810 [00:24<00:02, 299.85it/s]
 91%|█████████ | 8029/8810 [00:24<00:02, 286.95it/s]
 91%|█████████▏| 8060/8810 [00:24<00:03, 202.18it/s]
 92%|█████████▏| 8100/8810 [00:24<00:02, 240.35it/s]
 92%|█████████▏| 8129/8810 [00:24<00:03, 225.11it/s]
 93%|█████████▎| 8177/8810 [00:24<00:02, 280.99it/s]
 93%|█████████▎| 8210/8810 [00:25<00:02, 240.09it/s]
 94%|█████████▎| 8242/8810 [00:25<00:02, 257.62it/s]
 94%|█████████▍| 8282/8810 [00:25<00:01, 289.83it/s]
 94%|█████████▍| 8321/8810 [00:25<00:01, 307.25it/s]
 95%|█████████▍| 8359/8810 [00:25<00:01, 321.09it/s]
 95%|█████████▌| 8393/8810 [00:25<00:01, 217.98it/s]
 96%|█████████▌| 8427/8810 [00:25<00:01, 239.64it/s]
 96%|█████████▌| 8470/8810 [00:25<00:01, 279.17it/s]
 97%|█████████▋| 8503/8810 [00:26<00:01, 274.15it/s]
 97%|█████████▋| 8544/8810 [00:26<00:00, 292.35it/s]
 97%|█████████▋| 8587/8810 [00:26<00:00, 318.71it/s]
 98%|█████████▊| 8622/8810 [00:26<00:00, 319.95it/s]
 98%|█████████▊| 8656/8810 [00:26<00:00, 268.47it/s]
 99%|█████████▊| 8696/8810 [00:26<00:00, 299.67it/s]
 99%|█████████▉| 8729/8810 [00:26<00:00, 212.60it/s]
100%|█████████▉| 8771/8810 [00:27<00:00, 252.45it/s]
100%|██████████| 8810/8810 [00:27<00:00, 324.51it/s]
