
  0%|          | 0/8810 [00:00<?, ?it/s]
  2%|▏         | 181/8810 [00:00<00:05, 1465.17it/s]
  5%|▍         | 409/8810 [00:00<00:04, 1894.22it/s]
  7%|▋         | 619/8810 [00:00<00:04, 1976.85it/s]
  9%|▉         | 820/8810 [00:00<00:04, 1644.19it/s]
 11%|█▏        | 996/8810 [00:00<00:05, 1517.25it/s]
 14%|█▎        | 1201/8810 [00:00<00:04, 1668.95it/s]
 16%|█▌        | 1402/8810 [00:00<00:04, 1764.78it/s]
 18%|█▊        | 1585/8810 [00:00<00:04, 1603.79it/s]
 20%|██        | 1796/8810 [00:01<00:04, 1735.01it/s]
 22%|██▏       | 1976/8810 [00:01<00:04, 1531.15it/s]
 25%|██▌       | 2207/8810 [00:01<00:03, 1730.28it/s]
 27%|██▋       | 2389/8810 [00:01<00:04, 1579.66it/s]
 30%|██▉       | 2627/8810 [00:01<00:03, 1781.08it/s]
 32%|███▏      | 2814/8810 [00:01<00:03, 1634.60it/s]
 34%|███▍      | 3013/8810 [00:01<00:03, 1723.54it/s]
 36%|███▌      | 3193/8810 [00:01<00:03, 1552.28it/s]
 38%|███▊      | 3379/8810 [00:02<00:03, 1629.46it/s]
 40%|████      | 3549/8810 [00:02<00:03, 1511.92it/s]
 43%|████▎     | 3757/8810 [00:02<00:03, 1658.79it/s]
 45%|████▍     | 3930/8810 [00:02<00:03, 1574.07it/s]
 47%|████▋     | 4180/8810 [00:02<00:02, 1671.95it/s]
 50%|█████     | 4411/8810 [00:02<00:02, 1836.39it/s]
 52%|█████▏    | 4600/8810 [00:02<00:02, 1806.31it/s]
 54%|█████▍    | 4784/8810 [00:02<00:02, 1621.79it/s]
 56%|█████▌    | 4951/8810 [00:03<00:02, 1461.06it/s]
 58%|█████▊    | 5122/8810 [00:03<00:02, 1522.60it/s]
 60%|██████    | 5326/8810 [00:03<00:02, 1656.58it/s]
 62%|██████▏   | 5497/8810 [00:03<00:02, 1632.50it/s]
 65%|██████▍   | 5711/8810 [00:03<00:01, 1769.22it/s]
 67%|██████▋   | 5892/8810 [00:03<00:01, 1608.26it/s]
 69%|██████▉   | 6058/8810 [00:03<00:01, 1483.99it/s]
 71%|███████▏  | 6291/8810 [00:03<00:01, 1701.11it/s]
 73%|███████▎  | 6468/8810 [00:03<00:01, 1616.28it/s]
 76%|███████▌  | 6715/8810 [00:04<00:01, 1841.83it/s]
 79%|███████▊  | 6932/8810 [00:04<00:00, 1927.01it/s]
 81%|████████  | 7130/8810 [00:04<00:00, 1732.82it/s]
 83%|████████▎ | 7326/8810 [00:04<00:00, 1792.48it/s]
 85%|████████▌ | 7511/8810 [00:04<00:00, 1593.55it/s]
 88%|████████▊ | 7715/8810 [00:04<00:00, 1562.57it/s]
 90%|████████▉ | 7895/8810 [00:04<00:00, 1612.96it/s]
 91%|█████████▏| 8061/8810 [00:04<00:00, 1467.03it/s]
 93%|█████████▎| 8213/8810 [00:05<00:00, 1474.25it/s]
 95%|█████████▍| 8364/8810 [00:05<00:00, 1443.08it/s]
 97%|█████████▋| 8526/8810 [00:05<00:00, 1488.92it/s]
 99%|█████████▊| 8685/8810 [00:05<00:00, 1511.34it/s]
100%|██████████| 8810/8810 [00:05<00:00, 1609.20it/s]
