
  0%|          | 0/8810 [00:00<?, ?it/s]
  2%|▏         | 181/8810 [00:00<00:05, 1485.88it/s]
  5%|▍         | 421/8810 [00:00<00:04, 1976.08it/s]
  7%|▋         | 656/8810 [00:00<00:04, 1816.67it/s]
 10%|▉         | 849/8810 [00:00<00:04, 1853.07it/s]
 12%|█▏        | 1038/8810 [00:00<00:04, 1780.95it/s]
 14%|█▍        | 1275/8810 [00:00<00:03, 1962.77it/s]
 17%|█▋        | 1475/8810 [00:00<00:04, 1756.79it/s]
 19%|█▉        | 1706/8810 [00:00<00:03, 1901.12it/s]
 22%|██▏       | 1902/8810 [00:01<00:04, 1617.05it/s]
 25%|██▍       | 2168/8810 [00:01<00:03, 1881.26it/s]
 27%|██▋       | 2369/8810 [00:01<00:03, 1691.45it/s]
 30%|██▉       | 2642/8810 [00:01<00:03, 1949.97it/s]
 32%|███▏      | 2850/8810 [00:01<00:03, 1853.87it/s]
 35%|███▍      | 3045/8810 [00:01<00:03, 1870.03it/s]
 37%|███▋      | 3239/8810 [00:01<00:03, 1657.33it/s]
 39%|███▊      | 3413/8810 [00:01<00:03, 1630.12it/s]
 41%|████▏     | 3647/8810 [00:02<00:02, 1810.87it/s]
 44%|████▎     | 3835/8810 [00:02<00:02, 1745.79it/s]
 47%|████▋     | 4098/8810 [00:02<00:02, 1980.11it/s]
 49%|████▉     | 4302/8810 [00:02<00:02, 1834.28it/s]
 52%|█████▏    | 4542/8810 [00:02<00:02, 1984.87it/s]
 54%|█████▍    | 4747/8810 [00:02<00:02, 1643.10it/s]
 56%|█████▌    | 4932/8810 [00:02<00:02, 1539.10it/s]
 59%|█████▊    | 5170/8810 [00:02<00:02, 1739.96it/s]
 61%|██████    | 5372/8810 [00:03<00:02, 1650.66it/s]
 64%|██████▎   | 5595/8810 [00:03<00:01, 1792.94it/s]
 66%|██████▌   | 5784/8810 [00:03<00:01, 1676.86it/s]
 68%|██████▊   | 5959/8810 [00:03<00:01, 1670.49it/s]
 70%|██████▉   | 6131/8810 [00:03<00:01, 1608.40it/s]
 72%|███████▏  | 6344/8810 [00:03<00:01, 1743.42it/s]
 74%|███████▍  | 6523/8810 [00:03<00:01, 1602.04it/s]
 77%|███████▋  | 6802/8810 [00:03<00:01, 1915.29it/s]
 79%|███████▉  | 7001/8810 [00:03<00:00, 1810.02it/s]
 82%|████████▏ | 7188/8810 [00:04<00:00, 1736.24it/s]
 84%|████████▎ | 7366/8810 [00:04<00:00, 1699.31it/s]
 86%|████████▌ | 7539/8810 [00:04<00:00, 1673.33it/s]
 88%|████████▊ | 7715/8810 [00:04<00:00, 1672.06it/s]
 90%|████████▉ | 7911/8810 [00:04<00:00, 1748.33it/s]
 92%|█████████▏| 8088/8810 [00:04<00:00, 1596.99it/s]
 94%|█████████▍| 8290/8810 [00:04<00:00, 1710.68it/s]
 96%|█████████▌| 8465/8810 [00:04<00:00, 1512.72it/s]
 99%|█████████▊| 8693/8810 [00:04<00:00, 1710.75it/s]
100%|██████████| 8810/8810 [00:05<00:00, 1730.57it/s]
