
  0%|          | 0/8810 [00:00<?, ?it/s]
  2%|▏         | 181/8810 [00:00<00:06, 1289.39it/s]
  4%|▍         | 382/8810 [00:00<00:05, 1644.99it/s]
  7%|▋         | 608/8810 [00:00<00:04, 1891.88it/s]
  9%|▉         | 803/8810 [00:00<00:05, 1567.92it/s]
 11%|█         | 970/8810 [00:00<00:05, 1469.00it/s]
 13%|█▎        | 1123/8810 [00:00<00:05, 1362.51it/s]
 14%|█▍        | 1271/8810 [00:00<00:05, 1394.06it/s]
 16%|█▋        | 1432/8810 [00:00<00:05, 1450.30it/s]
 18%|█▊        | 1581/8810 [00:01<00:05, 1278.51it/s]
 20%|██        | 1782/8810 [00:01<00:04, 1468.55it/s]
 22%|██▏       | 1936/8810 [00:01<00:05, 1290.97it/s]
 25%|██▍       | 2166/8810 [00:01<00:04, 1544.13it/s]
 26%|██▋       | 2331/8810 [00:01<00:04, 1417.17it/s]
 29%|██▉       | 2580/8810 [00:01<00:03, 1687.08it/s]
 31%|███▏      | 2760/8810 [00:01<00:03, 1539.61it/s]
 33%|███▎      | 2930/8810 [00:01<00:03, 1575.98it/s]
 35%|███▌      | 3095/8810 [00:02<00:03, 1477.72it/s]
 37%|███▋      | 3249/8810 [00:02<00:03, 1477.27it/s]
 39%|███▊      | 3410/8810 [00:02<00:03, 1446.97it/s]
 40%|████      | 3567/8810 [00:02<00:03, 1479.78it/s]
 42%|████▏     | 3732/8810 [00:02<00:03, 1523.09it/s]
 44%|████▍     | 3887/8810 [00:02<00:03, 1380.92it/s]
 46%|████▋     | 4083/8810 [00:02<00:03, 1531.63it/s]
 48%|████▊     | 4241/8810 [00:02<00:03, 1392.81it/s]
 51%|█████     | 4462/8810 [00:02<00:02, 1605.38it/s]
 53%|█████▎    | 4629/8810 [00:03<00:02, 1455.39it/s]
 54%|█████▍    | 4782/8810 [00:03<00:02, 1473.32it/s]
 56%|█████▌    | 4935/8810 [00:03<00:02, 1323.01it/s]
 58%|█████▊    | 5105/8810 [00:03<00:02, 1417.01it/s]
 60%|██████    | 5297/8810 [00:03<00:02, 1549.76it/s]
 62%|██████▏   | 5458/8810 [00:03<00:02, 1401.38it/s]
 64%|██████▍   | 5664/8810 [00:03<00:02, 1571.04it/s]
 66%|██████▌   | 5828/8810 [00:03<00:02, 1467.74it/s]
 68%|██████▊   | 5981/8810 [00:04<00:02, 1353.06it/s]
 69%|██████▉   | 6122/8810 [00:04<00:02, 1238.95it/s]
 71%|███████▏  | 6287/8810 [00:04<00:01, 1337.56it/s]
 73%|███████▎  | 6426/8810 [00:04<00:01, 1204.08it/s]
 75%|███████▍  | 6586/8810 [00:04<00:01, 1296.56it/s]
 77%|███████▋  | 6777/8810 [00:04<00:01, 1450.86it/s]
 79%|███████▉  | 6961/8810 [00:04<00:01, 1553.78it/s]
 81%|████████  | 7122/8810 [00:04<00:01, 1349.74it/s]
 82%|████████▏ | 7265/8810 [00:05<00:01, 1307.15it/s]
 84%|████████▍ | 7402/8810 [00:05<00:01, 1276.36it/s]
 86%|████████▌ | 7534/8810 [00:05<00:01, 1216.67it/s]
 88%|████████▊ | 7715/8810 [00:05<00:00, 1257.33it/s]
 89%|████████▉ | 7848/8810 [00:05<00:00, 1271.63it/s]
 91%|█████████ | 7998/8810 [00:05<00:00, 1331.75it/s]
 92%|█████████▏| 8133/8810 [00:05<00:00, 1175.18it/s]
 94%|█████████▍| 8291/8810 [00:05<00:00, 1277.09it/s]
 96%|█████████▌| 8424/8810 [00:06<00:00, 1133.36it/s]
 98%|█████████▊| 8600/8810 [00:06<00:00, 1287.82it/s]
 99%|█████████▉| 8736/8810 [00:06<00:00, 1150.70it/s]
100%|██████████| 8810/8810 [00:06<00:00, 1391.75it/s]
