
  0%|          | 0/8810 [00:00<?, ?it/s]
  2%|▏         | 181/8810 [00:00<00:05, 1495.05it/s]
  5%|▍         | 404/8810 [00:00<00:04, 1889.28it/s]
  7%|▋         | 628/8810 [00:00<00:04, 2039.76it/s]
  9%|▉         | 835/8810 [00:00<00:04, 1763.89it/s]
 12%|█▏        | 1018/8810 [00:00<00:04, 1644.93it/s]
 14%|█▍        | 1254/8810 [00:00<00:04, 1854.11it/s]
 17%|█▋        | 1457/8810 [00:00<00:04, 1732.59it/s]
 19%|█▉        | 1655/8810 [00:00<00:03, 1799.62it/s]
 21%|██        | 1840/8810 [00:01<00:04, 1620.35it/s]
 23%|██▎       | 2053/8810 [00:01<00:03, 1754.30it/s]
 25%|██▌       | 2240/8810 [00:01<00:03, 1785.83it/s]
 28%|██▊       | 2423/8810 [00:01<00:03, 1695.18it/s]
 30%|██▉       | 2628/8810 [00:01<00:03, 1784.46it/s]
 32%|███▏      | 2810/8810 [00:01<00:03, 1545.03it/s]
 34%|███▍      | 2981/8810 [00:01<00:03, 1585.58it/s]
 36%|███▌      | 3146/8810 [00:01<00:03, 1512.14it/s]
 37%|███▋      | 3302/8810 [00:01<00:03, 1487.18it/s]
 39%|███▉      | 3454/8810 [00:02<00:03, 1448.75it/s]
 41%|████▏     | 3636/8810 [00:02<00:03, 1547.51it/s]
 43%|████▎     | 3794/8810 [00:02<00:03, 1457.46it/s]
 45%|████▍     | 3955/8810 [00:02<00:03, 1496.90it/s]
 47%|████▋     | 4165/8810 [00:02<00:02, 1660.87it/s]
 49%|████▉     | 4334/8810 [00:02<00:02, 1526.47it/s]
 51%|█████▏    | 4535/8810 [00:02<00:02, 1653.82it/s]
 53%|█████▎    | 4705/8810 [00:02<00:02, 1483.26it/s]
 55%|█████▌    | 4864/8810 [00:03<00:02, 1495.03it/s]
 57%|█████▋    | 5018/8810 [00:03<00:02, 1363.35it/s]
 59%|█████▉    | 5192/8810 [00:03<00:02, 1459.13it/s]
 61%|██████    | 5358/8810 [00:03<00:02, 1513.16it/s]
 63%|██████▎   | 5514/8810 [00:03<00:02, 1399.49it/s]
 65%|██████▍   | 5721/8810 [00:03<00:01, 1571.77it/s]
 67%|██████▋   | 5883/8810 [00:03<00:02, 1419.14it/s]
 68%|██████▊   | 6031/8810 [00:03<00:02, 1377.19it/s]
 70%|███████   | 6173/8810 [00:03<00:01, 1319.51it/s]
 72%|███████▏  | 6358/8810 [00:04<00:01, 1453.31it/s]
 74%|███████▍  | 6507/8810 [00:04<00:01, 1315.51it/s]
 76%|███████▋  | 6727/8810 [00:04<00:01, 1542.19it/s]
 78%|███████▊  | 6904/8810 [00:04<00:01, 1594.79it/s]
 80%|████████  | 7069/8810 [00:04<00:01, 1446.66it/s]
 82%|████████▏ | 7231/8810 [00:04<00:01, 1488.31it/s]
 84%|████████▍ | 7409/8810 [00:04<00:00, 1564.48it/s]
 86%|████████▌ | 7570/8810 [00:04<00:00, 1493.32it/s]
 88%|████████▊ | 7740/8810 [00:04<00:00, 1548.53it/s]
 90%|████████▉ | 7898/8810 [00:05<00:00, 1532.72it/s]
 91%|█████████▏| 8054/8810 [00:05<00:00, 1435.13it/s]
 93%|█████████▎| 8211/8810 [00:05<00:00, 1469.43it/s]
 95%|█████████▍| 8361/8810 [00:05<00:00, 1435.03it/s]
 97%|█████████▋| 8541/8810 [00:05<00:00, 1532.45it/s]
 99%|█████████▉| 8702/8810 [00:05<00:00, 1454.07it/s]
100%|██████████| 8810/8810 [00:05<00:00, 1546.92it/s]
