
  0%|          | 0/8810 [00:00<?, ?it/s]
  2%|▏         | 181/8810 [00:00<00:05, 1466.03it/s]
  5%|▍         | 423/8810 [00:00<00:04, 1970.45it/s]
  7%|▋         | 656/8810 [00:00<00:04, 1839.77it/s]
 10%|▉         | 863/8810 [00:00<00:04, 1917.22it/s]
 12%|█▏        | 1059/8810 [00:00<00:04, 1740.61it/s]
 14%|█▍        | 1248/8810 [00:00<00:04, 1782.67it/s]
 17%|█▋        | 1457/8810 [00:00<00:04, 1695.20it/s]
 19%|█▉        | 1661/8810 [00:00<00:03, 1790.44it/s]
 21%|██        | 1844/8810 [00:01<00:04, 1693.03it/s]
 23%|██▎       | 2040/8810 [00:01<00:03, 1764.37it/s]
 26%|██▌       | 2259/8810 [00:01<00:03, 1883.43it/s]
 28%|██▊       | 2451/8810 [00:01<00:03, 1761.13it/s]
 31%|███       | 2703/8810 [00:01<00:03, 1969.56it/s]
 33%|███▎      | 2905/8810 [00:01<00:03, 1778.69it/s]
 35%|███▌      | 3089/8810 [00:01<00:03, 1717.29it/s]
 37%|███▋      | 3286/8810 [00:01<00:03, 1779.82it/s]
 39%|███▉      | 3468/8810 [00:01<00:03, 1700.66it/s]
 42%|████▏     | 3722/8810 [00:02<00:02, 1925.98it/s]
 44%|████▍     | 3919/8810 [00:02<00:02, 1791.52it/s]
 47%|████▋     | 4170/8810 [00:02<00:02, 1982.80it/s]
 50%|████▉     | 4374/8810 [00:02<00:02, 1769.43it/s]
 52%|█████▏    | 4569/8810 [00:02<00:02, 1810.37it/s]
 54%|█████▍    | 4756/8810 [00:02<00:02, 1666.12it/s]
 56%|█████▌    | 4932/8810 [00:02<00:02, 1537.83it/s]
 58%|█████▊    | 5144/8810 [00:02<00:02, 1683.46it/s]
 61%|██████    | 5372/8810 [00:03<00:02, 1685.56it/s]
 63%|██████▎   | 5549/8810 [00:03<00:01, 1707.06it/s]
 65%|██████▌   | 5754/8810 [00:03<00:01, 1651.87it/s]
 67%|██████▋   | 5922/8810 [00:03<00:01, 1550.73it/s]
 69%|██████▉   | 6080/8810 [00:03<00:01, 1437.19it/s]
 71%|███████   | 6226/8810 [00:03<00:01, 1362.91it/s]
 72%|███████▏  | 6385/8810 [00:03<00:01, 1420.05it/s]
 74%|███████▍  | 6529/8810 [00:03<00:01, 1293.84it/s]
 76%|███████▋  | 6733/8810 [00:03<00:01, 1484.45it/s]
 79%|███████▊  | 6932/8810 [00:04<00:01, 1611.30it/s]
 81%|████████  | 7098/8810 [00:04<00:01, 1458.90it/s]
 82%|████████▏ | 7250/8810 [00:04<00:01, 1443.45it/s]
 84%|████████▍ | 7399/8810 [00:04<00:01, 1387.06it/s]
 86%|████████▌ | 7541/8810 [00:04<00:00, 1319.38it/s]
 88%|████████▊ | 7715/8810 [00:04<00:00, 1318.20it/s]
 89%|████████▉ | 7860/8810 [00:04<00:00, 1352.10it/s]
 91%|█████████ | 8012/8810 [00:04<00:00, 1396.51it/s]
 93%|█████████▎| 8154/8810 [00:05<00:00, 1270.19it/s]
 94%|█████████▍| 8288/8810 [00:05<00:00, 1288.58it/s]
 96%|█████████▌| 8420/8810 [00:05<00:00, 1194.34it/s]
 98%|█████████▊| 8598/8810 [00:05<00:00, 1348.17it/s]
 99%|█████████▉| 8737/8810 [00:05<00:00, 1267.15it/s]
100%|██████████| 8810/8810 [00:05<00:00, 1584.96it/s]
