
  0%|          | 0/8810 [00:00<?, ?it/s]
  0%|          | 20/8810 [00:00<00:44, 197.56it/s]
  1%|          | 55/8810 [00:00<00:30, 283.52it/s]
  1%|          | 105/8810 [00:00<00:22, 381.17it/s]
  2%|▏         | 166/8810 [00:00<00:18, 468.25it/s]
  2%|▏         | 213/8810 [00:00<00:32, 262.96it/s]
  3%|▎         | 283/8810 [00:00<00:23, 359.40it/s]
  4%|▍         | 338/8810 [00:00<00:21, 400.07it/s]
  4%|▍         | 387/8810 [00:01<00:20, 417.31it/s]
  5%|▍         | 435/8810 [00:01<00:21, 382.57it/s]
  6%|▌         | 485/8810 [00:01<00:20, 409.82it/s]
  6%|▋         | 567/8810 [00:01<00:16, 508.16it/s]
  7%|▋         | 622/8810 [00:01<00:19, 427.91it/s]
  8%|▊         | 670/8810 [00:01<00:25, 321.54it/s]
  8%|▊         | 713/8810 [00:01<00:23, 343.12it/s]
  9%|▉         | 771/8810 [00:02<00:20, 385.20it/s]
  9%|▉         | 828/8810 [00:02<00:18, 427.08it/s]
 10%|▉         | 876/8810 [00:02<00:18, 435.49it/s]
 11%|█         | 927/8810 [00:02<00:17, 452.63it/s]
 11%|█         | 975/8810 [00:02<00:17, 446.72it/s]
 12%|█▏        | 1022/8810 [00:02<00:17, 452.40it/s]
 12%|█▏        | 1099/8810 [00:02<00:14, 540.90it/s]
 14%|█▍        | 1212/8810 [00:02<00:10, 707.82it/s]
 15%|█▍        | 1285/8810 [00:02<00:11, 654.76it/s]
 15%|█▌        | 1353/8810 [00:03<00:13, 552.08it/s]
 16%|█▌        | 1413/8810 [00:03<00:13, 536.79it/s]
 17%|█▋        | 1470/8810 [00:03<00:18, 403.19it/s]
 17%|█▋        | 1517/8810 [00:03<00:18, 401.10it/s]
 18%|█▊        | 1562/8810 [00:03<00:17, 404.84it/s]
 18%|█▊        | 1606/8810 [00:03<00:18, 393.53it/s]
 19%|█▉        | 1652/8810 [00:03<00:18, 396.99it/s]
 19%|█▉        | 1707/8810 [00:03<00:16, 434.55it/s]
 20%|██        | 1777/8810 [00:04<00:14, 490.95it/s]
 21%|██        | 1828/8810 [00:04<00:20, 344.33it/s]
 21%|██        | 1870/8810 [00:04<00:20, 344.56it/s]
 22%|██▏       | 1932/8810 [00:04<00:17, 401.89it/s]
 23%|██▎       | 1987/8810 [00:04<00:15, 431.34it/s]
 23%|██▎       | 2040/8810 [00:04<00:14, 455.54it/s]
 24%|██▎       | 2090/8810 [00:04<00:14, 466.76it/s]
 25%|██▍       | 2176/8810 [00:04<00:11, 572.69it/s]
 25%|██▌       | 2236/8810 [00:05<00:12, 525.17it/s]
 26%|██▌       | 2292/8810 [00:05<00:18, 362.00it/s]
 27%|██▋       | 2360/8810 [00:05<00:15, 421.59it/s]
 27%|██▋       | 2417/8810 [00:05<00:14, 454.07it/s]
 28%|██▊       | 2479/8810 [00:05<00:12, 490.93it/s]
 29%|██▉       | 2534/8810 [00:05<00:12, 492.24it/s]
 29%|██▉       | 2594/8810 [00:05<00:12, 514.68it/s]
 30%|███       | 2649/8810 [00:06<00:12, 506.02it/s]
 31%|███       | 2702/8810 [00:06<00:12, 476.15it/s]
 31%|███       | 2752/8810 [00:06<00:20, 299.50it/s]
 32%|███▏      | 2792/8810 [00:06<00:19, 301.35it/s]
 32%|███▏      | 2829/8810 [00:06<00:19, 304.68it/s]
 33%|███▎      | 2880/8810 [00:06<00:17, 346.54it/s]
 33%|███▎      | 2920/8810 [00:07<00:18, 324.24it/s]
 34%|███▎      | 2968/8810 [00:07<00:16, 355.65it/s]
 34%|███▍      | 3007/8810 [00:07<00:17, 331.24it/s]
 35%|███▍      | 3043/8810 [00:07<00:17, 334.05it/s]
 35%|███▍      | 3079/8810 [00:07<00:23, 243.20it/s]
 35%|███▌      | 3120/8810 [00:07<00:20, 277.46it/s]
 36%|███▌      | 3153/8810 [00:07<00:21, 265.94it/s]
 36%|███▌      | 3183/8810 [00:08<00:23, 240.94it/s]
 37%|███▋      | 3220/8810 [00:08<00:21, 265.77it/s]
 37%|███▋      | 3249/8810 [00:08<00:22, 248.97it/s]
 37%|███▋      | 3288/8810 [00:08<00:19, 282.54it/s]
 38%|███▊      | 3319/8810 [00:08<00:19, 288.44it/s]
 38%|███▊      | 3363/8810 [00:08<00:16, 321.14it/s]
 39%|███▊      | 3397/8810 [00:08<00:18, 299.65it/s]
 39%|███▉      | 3429/8810 [00:08<00:24, 216.62it/s]
 39%|███▉      | 3467/8810 [00:09<00:21, 246.61it/s]
 40%|███▉      | 3508/8810 [00:09<00:18, 281.40it/s]
 40%|████      | 3548/8810 [00:09<00:17, 302.16it/s]
 41%|████      | 3589/8810 [00:09<00:16, 326.09it/s]
 41%|████      | 3633/8810 [00:09<00:15, 344.91it/s]
 42%|████▏     | 3690/8810 [00:09<00:12, 404.33it/s]
 42%|████▏     | 3733/8810 [00:09<00:14, 345.88it/s]
 43%|████▎     | 3774/8810 [00:10<00:19, 261.69it/s]
 43%|████▎     | 3805/8810 [00:10<00:19, 259.48it/s]
 44%|████▎     | 3836/8810 [00:10<00:18, 270.46it/s]
 44%|████▍     | 3866/8810 [00:10<00:17, 277.25it/s]
 44%|████▍     | 3899/8810 [00:10<00:17, 283.84it/s]
 45%|████▍     | 3933/8810 [00:10<00:16, 296.46it/s]
 45%|████▌     | 3972/8810 [00:10<00:15, 313.49it/s]
 46%|████▌     | 4015/8810 [00:10<00:13, 344.37it/s]
 46%|████▌     | 4055/8810 [00:10<00:13, 357.09it/s]
 46%|████▋     | 4092/8810 [00:11<00:14, 318.67it/s]
 47%|████▋     | 4126/8810 [00:11<00:16, 290.21it/s]
 47%|████▋     | 4168/8810 [00:11<00:14, 316.12it/s]
 48%|████▊     | 4201/8810 [00:11<00:20, 219.63it/s]
 48%|████▊     | 4241/8810 [00:11<00:17, 255.49it/s]
 49%|████▊     | 4278/8810 [00:11<00:16, 280.46it/s]
 49%|████▉     | 4311/8810 [00:11<00:18, 249.26it/s]
 49%|████▉     | 4357/8810 [00:12<00:15, 290.09it/s]
 50%|████▉     | 4390/8810 [00:12<00:15, 292.31it/s]
 50%|█████     | 4422/8810 [00:12<00:17, 246.85it/s]
 51%|█████     | 4466/8810 [00:12<00:15, 284.31it/s]
 51%|█████     | 4498/8810 [00:12<00:15, 270.04it/s]
 51%|█████▏    | 4527/8810 [00:12<00:15, 273.19it/s]
 52%|█████▏    | 4556/8810 [00:12<00:16, 251.50it/s]
 52%|█████▏    | 4583/8810 [00:13<00:20, 210.36it/s]
 52%|█████▏    | 4622/8810 [00:13<00:17, 244.09it/s]
 53%|█████▎    | 4649/8810 [00:13<00:25, 161.89it/s]
 53%|█████▎    | 4679/8810 [00:13<00:22, 183.82it/s]
 53%|█████▎    | 4702/8810 [00:13<00:22, 185.90it/s]
 54%|█████▎    | 4732/8810 [00:13<00:19, 210.22it/s]
 54%|█████▍    | 4770/8810 [00:13<00:16, 249.06it/s]
 55%|█████▍    | 4809/8810 [00:13<00:14, 283.74it/s]
 55%|█████▍    | 4841/8810 [00:14<00:15, 263.50it/s]
 55%|█████▌    | 4870/8810 [00:14<00:14, 265.62it/s]
 56%|█████▌    | 4899/8810 [00:14<00:15, 246.99it/s]
 56%|█████▌    | 4926/8810 [00:14<00:16, 240.68it/s]
 56%|█████▌    | 4951/8810 [00:14<00:22, 168.83it/s]
 57%|█████▋    | 5010/8810 [00:14<00:14, 253.44it/s]
 57%|█████▋    | 5042/8810 [00:14<00:14, 254.47it/s]
 58%|█████▊    | 5079/8810 [00:15<00:13, 277.36it/s]
 58%|█████▊    | 5114/8810 [00:15<00:12, 290.03it/s]
 58%|█████▊    | 5153/8810 [00:15<00:11, 314.39it/s]
 59%|█████▉    | 5187/8810 [00:15<00:11, 310.55it/s]
 59%|█████▉    | 5221/8810 [00:15<00:11, 316.88it/s]
 60%|█████▉    | 5278/8810 [00:15<00:09, 386.53it/s]
 60%|██████    | 5319/8810 [00:15<00:09, 385.10it/s]
 61%|██████    | 5365/8810 [00:15<00:08, 399.24it/s]
 61%|██████▏   | 5406/8810 [00:16<00:11, 287.93it/s]
 62%|██████▏   | 5466/8810 [00:16<00:09, 357.77it/s]
 63%|██████▎   | 5523/8810 [00:16<00:09, 333.02it/s]
 63%|██████▎   | 5563/8810 [00:16<00:09, 347.03it/s]
 64%|██████▎   | 5602/8810 [00:16<00:08, 356.69it/s]
 64%|██████▍   | 5644/8810 [00:16<00:08, 368.17it/s]
 65%|██████▍   | 5700/8810 [00:16<00:07, 418.10it/s]
 65%|██████▌   | 5746/8810 [00:16<00:07, 429.34it/s]
 66%|██████▌   | 5791/8810 [00:17<00:09, 311.48it/s]
 66%|██████▋   | 5844/8810 [00:17<00:08, 349.84it/s]
 67%|██████▋   | 5884/8810 [00:17<00:08, 333.64it/s]
 67%|██████▋   | 5921/8810 [00:17<00:09, 313.10it/s]
 68%|██████▊   | 5955/8810 [00:17<00:09, 310.92it/s]
 68%|██████▊   | 5989/8810 [00:17<00:08, 313.60it/s]
 68%|██████▊   | 6025/8810 [00:17<00:08, 322.48it/s]
 69%|██████▉   | 6059/8810 [00:18<00:10, 264.54it/s]
 69%|██████▉   | 6112/8810 [00:18<00:08, 324.26it/s]
 70%|██████▉   | 6162/8810 [00:18<00:07, 356.87it/s]
 70%|███████   | 6204/8810 [00:18<00:06, 372.89it/s]
 71%|███████   | 6260/8810 [00:18<00:06, 417.29it/s]
 72%|███████▏  | 6304/8810 [00:18<00:06, 387.79it/s]
 72%|███████▏  | 6350/8810 [00:18<00:06, 405.91it/s]
 73%|███████▎  | 6396/8810 [00:18<00:05, 414.86it/s]
 73%|███████▎  | 6439/8810 [00:18<00:07, 318.19it/s]
 74%|███████▎  | 6476/8810 [00:19<00:07, 329.17it/s]
 74%|███████▍  | 6522/8810 [00:19<00:06, 357.93it/s]
 75%|███████▍  | 6572/8810 [00:19<00:05, 385.77it/s]
 75%|███████▌  | 6634/8810 [00:19<00:04, 447.44it/s]
 76%|███████▌  | 6681/8810 [00:19<00:04, 445.80it/s]
 76%|███████▋  | 6729/8810 [00:19<00:04, 444.47it/s]
 77%|███████▋  | 6777/8810 [00:19<00:04, 449.63it/s]
 77%|███████▋  | 6823/8810 [00:19<00:04, 447.24it/s]
 78%|███████▊  | 6882/8810 [00:19<00:04, 480.16it/s]
 79%|███████▊  | 6936/8810 [00:20<00:03, 492.49it/s]
 79%|███████▉  | 6986/8810 [00:20<00:03, 479.40it/s]
 80%|███████▉  | 7043/8810 [00:20<00:03, 492.14it/s]
 81%|████████  | 7104/8810 [00:20<00:03, 517.90it/s]
 81%|████████▏ | 7159/8810 [00:20<00:03, 522.54it/s]
 82%|████████▏ | 7212/8810 [00:20<00:03, 486.66it/s]
 82%|████████▏ | 7267/8810 [00:20<00:03, 501.62it/s]
 83%|████████▎ | 7332/8810 [00:20<00:02, 538.44it/s]
 84%|████████▍ | 7387/8810 [00:20<00:03, 431.27it/s]
 84%|████████▍ | 7435/8810 [00:21<00:03, 442.32it/s]
 85%|████████▍ | 7482/8810 [00:21<00:03, 371.68it/s]
 85%|████████▌ | 7523/8810 [00:21<00:04, 306.53it/s]
 86%|████████▌ | 7558/8810 [00:21<00:04, 311.91it/s]
 86%|████████▋ | 7614/8810 [00:21<00:03, 362.69it/s]
 87%|████████▋ | 7657/8810 [00:21<00:03, 368.05it/s]
 87%|████████▋ | 7697/8810 [00:21<00:02, 374.43it/s]
 88%|████████▊ | 7737/8810 [00:22<00:04, 235.54it/s]
 88%|████████▊ | 7769/8810 [00:22<00:04, 250.18it/s]
 89%|████████▊ | 7801/8810 [00:22<00:03, 262.47it/s]
 89%|████████▉ | 7832/8810 [00:22<00:03, 259.51it/s]
 89%|████████▉ | 7862/8810 [00:22<00:03, 266.92it/s]
 90%|████████▉ | 7909/8810 [00:22<00:02, 313.46it/s]
 90%|█████████ | 7943/8810 [00:22<00:02, 303.26it/s]
 91%|█████████ | 7978/8810 [00:22<00:02, 313.72it/s]
 91%|█████████ | 8023/8810 [00:23<00:02, 350.49it/s]
 91%|█████████▏| 8060/8810 [00:23<00:03, 236.85it/s]
 92%|█████████▏| 8107/8810 [00:23<00:02, 283.66it/s]
 93%|█████████▎| 8158/8810 [00:23<00:01, 334.59it/s]
 93%|█████████▎| 8198/8810 [00:23<00:01, 310.45it/s]
 93%|█████████▎| 8234/8810 [00:23<00:01, 310.08it/s]
 94%|█████████▍| 8297/8810 [00:23<00:01, 387.51it/s]
 95%|█████████▍| 8340/8810 [00:24<00:01, 389.36it/s]
 95%|█████████▌| 8382/8810 [00:24<00:01, 272.73it/s]
 96%|█████████▌| 8425/8810 [00:24<00:01, 298.74it/s]
 96%|█████████▋| 8489/8810 [00:24<00:00, 372.62it/s]
 97%|█████████▋| 8533/8810 [00:24<00:00, 372.16it/s]
 97%|█████████▋| 8580/8810 [00:24<00:00, 393.39it/s]
 98%|█████████▊| 8623/8810 [00:24<00:00, 393.68it/s]
 98%|█████████▊| 8665/8810 [00:24<00:00, 380.77it/s]
 99%|█████████▉| 8705/8810 [00:25<00:00, 277.41it/s]
 99%|█████████▉| 8743/8810 [00:25<00:00, 296.72it/s]
100%|█████████▉| 8800/8810 [00:25<00:00, 359.90it/s]
100%|██████████| 8810/8810 [00:25<00:00, 345.82it/s]
