
  0%|          | 0/8810 [00:00<?, ?it/s]
  2%|▏         | 181/8810 [00:00<00:06, 1316.52it/s]
  5%|▍         | 397/8810 [00:00<00:04, 1742.81it/s]
  7%|▋         | 599/8810 [00:00<00:04, 1854.26it/s]
  9%|▉         | 789/8810 [00:00<00:05, 1578.36it/s]
 11%|█         | 967/8810 [00:00<00:04, 1636.77it/s]
 13%|█▎        | 1137/8810 [00:00<00:05, 1524.04it/s]
 15%|█▌        | 1334/8810 [00:00<00:04, 1647.35it/s]
 17%|█▋        | 1504/8810 [00:00<00:04, 1497.35it/s]
 19%|█▉        | 1706/8810 [00:01<00:04, 1633.97it/s]
 21%|██▏       | 1875/8810 [00:01<00:04, 1470.02it/s]
 24%|██▍       | 2096/8810 [00:01<00:04, 1662.56it/s]
 26%|██▌       | 2270/8810 [00:01<00:04, 1556.79it/s]
 28%|██▊       | 2478/8810 [00:01<00:03, 1687.64it/s]
 30%|███       | 2668/8810 [00:01<00:03, 1744.94it/s]
 32%|███▏      | 2848/8810 [00:01<00:03, 1621.91it/s]
 34%|███▍      | 3015/8810 [00:01<00:03, 1613.46it/s]
 36%|███▌      | 3180/8810 [00:01<00:03, 1525.60it/s]
 38%|███▊      | 3336/8810 [00:02<00:03, 1527.32it/s]
 40%|███▉      | 3491/8810 [00:02<00:03, 1419.95it/s]
 41%|████▏     | 3636/8810 [00:02<00:03, 1424.75it/s]
 43%|████▎     | 3781/8810 [00:02<00:03, 1320.46it/s]
 45%|████▍     | 3951/8810 [00:02<00:03, 1418.43it/s]
 47%|████▋     | 4148/8810 [00:02<00:02, 1569.82it/s]
 49%|████▉     | 4309/8810 [00:02<00:03, 1462.64it/s]
 51%|█████     | 4515/8810 [00:02<00:02, 1623.48it/s]
 53%|█████▎    | 4682/8810 [00:03<00:02, 1462.88it/s]
 55%|█████▌    | 4853/8810 [00:03<00:02, 1525.13it/s]
 57%|█████▋    | 5011/8810 [00:03<00:02, 1411.56it/s]
 59%|█████▉    | 5193/8810 [00:03<00:02, 1513.57it/s]
 61%|██████    | 5372/8810 [00:03<00:02, 1465.14it/s]
 63%|██████▎   | 5566/8810 [00:03<00:02, 1589.89it/s]
 65%|██████▌   | 5754/8810 [00:03<00:01, 1581.85it/s]
 67%|██████▋   | 5916/8810 [00:03<00:01, 1569.74it/s]
 69%|██████▉   | 6075/8810 [00:03<00:01, 1526.16it/s]
 71%|███████   | 6256/8810 [00:04<00:01, 1602.16it/s]
 73%|███████▎  | 6418/8810 [00:04<00:01, 1502.49it/s]
 75%|███████▌  | 6624/8810 [00:04<00:01, 1654.53it/s]
 78%|███████▊  | 6855/8810 [00:04<00:01, 1837.14it/s]
 80%|███████▉  | 7042/8810 [00:04<00:01, 1709.46it/s]
 82%|████████▏ | 7217/8810 [00:04<00:00, 1655.71it/s]
 84%|████████▍ | 7386/8810 [00:04<00:00, 1582.15it/s]
 86%|████████▌ | 7547/8810 [00:04<00:00, 1509.70it/s]
 88%|████████▊ | 7715/8810 [00:04<00:00, 1410.65it/s]
 89%|████████▉ | 7859/8810 [00:05<00:00, 1394.59it/s]
 91%|█████████ | 8028/8810 [00:05<00:00, 1470.53it/s]
 93%|█████████▎| 8177/8810 [00:05<00:00, 1386.64it/s]
 95%|█████████▍| 8327/8810 [00:05<00:00, 1413.77it/s]
 96%|█████████▌| 8470/8810 [00:05<00:00, 1324.56it/s]
 98%|█████████▊| 8634/8810 [00:05<00:00, 1407.78it/s]
100%|█████████▉| 8777/8810 [00:05<00:00, 1279.21it/s]
100%|██████████| 8810/8810 [00:05<00:00, 1521.94it/s]
