
  0%|          | 0/8810 [00:00<?, ?it/s]
  2%|▏         | 181/8810 [00:00<00:05, 1450.87it/s]
  5%|▍         | 423/8810 [00:00<00:04, 1966.57it/s]
  7%|▋         | 656/8810 [00:00<00:04, 1813.57it/s]
 10%|▉         | 842/8810 [00:00<00:04, 1769.13it/s]
 12%|█▏        | 1022/8810 [00:00<00:04, 1600.73it/s]
 14%|█▍        | 1212/8810 [00:00<00:04, 1688.22it/s]
 16%|█▌        | 1415/8810 [00:00<00:04, 1783.26it/s]
 18%|█▊        | 1597/8810 [00:00<00:04, 1643.76it/s]
 21%|██        | 1821/8810 [00:01<00:04, 1653.09it/s]
 23%|██▎       | 2019/8810 [00:01<00:03, 1739.04it/s]
 25%|██▌       | 2236/8810 [00:01<00:03, 1857.17it/s]
 28%|██▊       | 2426/8810 [00:01<00:03, 1679.15it/s]
 30%|███       | 2680/8810 [00:01<00:03, 1906.31it/s]
 33%|███▎      | 2878/8810 [00:01<00:03, 1817.35it/s]
 35%|███▍      | 3065/8810 [00:01<00:03, 1654.18it/s]
 37%|███▋      | 3238/8810 [00:01<00:03, 1668.81it/s]
 39%|███▊      | 3410/8810 [00:01<00:03, 1602.76it/s]
 41%|████▏     | 3636/8810 [00:02<00:02, 1777.06it/s]
 43%|████▎     | 3818/8810 [00:02<00:02, 1668.71it/s]
 46%|████▌     | 4057/8810 [00:02<00:02, 1859.65it/s]
 48%|████▊     | 4248/8810 [00:02<00:02, 1750.13it/s]
 51%|█████     | 4486/8810 [00:02<00:02, 1908.73it/s]
 53%|█████▎    | 4682/8810 [00:02<00:02, 1626.12it/s]
 55%|█████▌    | 4861/8810 [00:02<00:02, 1665.51it/s]
 57%|█████▋    | 5035/8810 [00:02<00:02, 1510.60it/s]
 59%|█████▉    | 5238/8810 [00:03<00:02, 1640.77it/s]
 61%|██████▏   | 5410/8810 [00:03<00:02, 1550.25it/s]
 64%|██████▎   | 5610/8810 [00:03<00:01, 1665.83it/s]
 66%|██████▌   | 5783/8810 [00:03<00:01, 1587.98it/s]
 68%|██████▊   | 5947/8810 [00:03<00:01, 1569.59it/s]
 69%|██████▉   | 6107/8810 [00:03<00:01, 1457.76it/s]
 72%|███████▏  | 6309/8810 [00:03<00:01, 1605.72it/s]
 73%|███████▎  | 6474/8810 [00:03<00:01, 1529.91it/s]
 76%|███████▋  | 6731/8810 [00:03<00:01, 1810.76it/s]
 79%|███████▉  | 6968/8810 [00:04<00:00, 1963.83it/s]
 81%|████████▏ | 7170/8810 [00:04<00:00, 1698.02it/s]
 84%|████████▎ | 7360/8810 [00:04<00:00, 1660.16it/s]
 86%|████████▌ | 7533/8810 [00:04<00:00, 1581.12it/s]
 88%|████████▊ | 7715/8810 [00:04<00:00, 1579.29it/s]
 90%|████████▉ | 7885/8810 [00:04<00:00, 1606.63it/s]
 91%|█████████▏| 8049/8810 [00:04<00:00, 1470.48it/s]
 93%|█████████▎| 8200/8810 [00:04<00:00, 1456.46it/s]
 95%|█████████▍| 8361/8810 [00:05<00:00, 1454.06it/s]
 97%|█████████▋| 8551/8810 [00:05<00:00, 1574.62it/s]
 99%|█████████▉| 8711/8810 [00:05<00:00, 1504.41it/s]
100%|██████████| 8810/8810 [00:05<00:00, 1659.52it/s]
