
  0%|          | 0/8810 [00:00<?, ?it/s]
  2%|▏         | 143/8810 [00:00<00:06, 1401.50it/s]
  3%|▎         | 284/8810 [00:00<00:07, 1155.50it/s]
  5%|▍         | 422/8810 [00:00<00:06, 1238.16it/s]
  6%|▋         | 571/8810 [00:00<00:06, 1329.02it/s]
  8%|▊         | 707/8810 [00:00<00:07, 1151.88it/s]
 10%|▉         | 853/8810 [00:00<00:06, 1243.16it/s]
 11%|█         | 982/8810 [00:00<00:06, 1256.22it/s]
 13%|█▎        | 1111/8810 [00:00<00:06, 1221.97it/s]
 14%|█▍        | 1267/8810 [00:01<00:05, 1318.26it/s]
 16%|█▌        | 1401/8810 [00:01<00:05, 1312.32it/s]
 17%|█▋        | 1534/8810 [00:01<00:06, 1195.90it/s]
 19%|█▉        | 1707/8810 [00:01<00:05, 1335.02it/s]
 21%|██        | 1844/8810 [00:01<00:05, 1205.57it/s]
 23%|██▎       | 2012/8810 [00:01<00:05, 1329.04it/s]
 25%|██▍       | 2193/8810 [00:01<00:04, 1458.07it/s]
 27%|██▋       | 2344/8810 [00:01<00:05, 1246.81it/s]
 29%|██▊       | 2515/8810 [00:01<00:04, 1362.39it/s]
 30%|███       | 2669/8810 [00:02<00:04, 1404.14it/s]
 32%|███▏      | 2816/8810 [00:02<00:04, 1263.65it/s]
 34%|███▎      | 2964/8810 [00:02<00:04, 1316.86it/s]
 35%|███▌      | 3101/8810 [00:02<00:04, 1200.26it/s]
 37%|███▋      | 3230/8810 [00:02<00:04, 1222.61it/s]
 38%|███▊      | 3383/8810 [00:02<00:04, 1301.94it/s]
 40%|███▉      | 3517/8810 [00:02<00:04, 1223.00it/s]
 41%|████▏     | 3648/8810 [00:02<00:04, 1244.57it/s]
 43%|████▎     | 3775/8810 [00:02<00:04, 1182.50it/s]
 45%|████▍     | 3926/8810 [00:03<00:03, 1270.73it/s]
 47%|████▋     | 4115/8810 [00:03<00:03, 1442.14it/s]
 48%|████▊     | 4262/8810 [00:03<00:03, 1376.34it/s]
 50%|█████     | 4412/8810 [00:03<00:03, 1410.39it/s]
 52%|█████▏    | 4555/8810 [00:03<00:03, 1406.09it/s]
 53%|█████▎    | 4697/8810 [00:03<00:03, 1162.62it/s]
 55%|█████▍    | 4829/8810 [00:03<00:03, 1198.67it/s]
 56%|█████▌    | 4955/8810 [00:03<00:03, 1022.88it/s]
 58%|█████▊    | 5079/8810 [00:04<00:03, 1072.18it/s]
 59%|█████▉    | 5205/8810 [00:04<00:03, 1118.78it/s]
 61%|██████    | 5338/8810 [00:04<00:02, 1171.34it/s]
 62%|██████▏   | 5460/8810 [00:04<00:03, 1080.15it/s]
 64%|██████▎   | 5600/8810 [00:04<00:02, 1161.49it/s]
 65%|██████▌   | 5754/8810 [00:04<00:02, 1137.33it/s]
 67%|██████▋   | 5881/8810 [00:04<00:02, 1167.22it/s]
 68%|██████▊   | 6001/8810 [00:04<00:02, 1137.63it/s]
 69%|██████▉   | 6117/8810 [00:04<00:02, 1115.02it/s]
 71%|███████▏  | 6280/8810 [00:05<00:02, 1256.24it/s]
 73%|███████▎  | 6408/8810 [00:05<00:02, 1165.77it/s]
 75%|███████▍  | 6584/8810 [00:05<00:01, 1322.58it/s]
 77%|███████▋  | 6776/8810 [00:05<00:01, 1487.91it/s]
 79%|███████▉  | 6943/8810 [00:05<00:01, 1538.20it/s]
 81%|████████  | 7100/8810 [00:05<00:01, 1344.93it/s]
 82%|████████▏ | 7243/8810 [00:05<00:01, 1367.17it/s]
 84%|████████▍ | 7385/8810 [00:05<00:01, 1337.13it/s]
 85%|████████▌ | 7522/8810 [00:05<00:01, 1240.58it/s]
 87%|████████▋ | 7693/8810 [00:06<00:00, 1363.15it/s]
 89%|████████▉ | 7834/8810 [00:06<00:00, 1223.66it/s]
 91%|█████████ | 8005/8810 [00:06<00:00, 1349.37it/s]
 92%|█████████▏| 8146/8810 [00:06<00:00, 1272.50it/s]
 94%|█████████▍| 8297/8810 [00:06<00:00, 1334.51it/s]
 96%|█████████▌| 8435/8810 [00:06<00:00, 1197.31it/s]
 98%|█████████▊| 8604/8810 [00:06<00:00, 1320.67it/s]
 99%|█████████▉| 8742/8810 [00:06<00:00, 1250.35it/s]
100%|██████████| 8810/8810 [00:06<00:00, 1265.13it/s]
