
  0%|          | 0/8810 [00:00<?, ?it/s]
  2%|▏         | 179/8810 [00:00<00:04, 1780.39it/s]
  4%|▍         | 358/8810 [00:00<00:06, 1395.47it/s]
  6%|▋         | 570/8810 [00:00<00:04, 1674.43it/s]
  8%|▊         | 745/8810 [00:00<00:06, 1340.43it/s]
 10%|█         | 905/8810 [00:00<00:05, 1413.88it/s]
 12%|█▏        | 1056/8810 [00:00<00:05, 1315.03it/s]
 14%|█▍        | 1233/8810 [00:00<00:05, 1433.60it/s]
 16%|█▌        | 1383/8810 [00:00<00:05, 1449.32it/s]
 17%|█▋        | 1533/8810 [00:01<00:05, 1291.26it/s]
 19%|█▉        | 1713/8810 [00:01<00:04, 1424.18it/s]
 21%|██        | 1862/8810 [00:01<00:05, 1192.32it/s]
 23%|██▎       | 2030/8810 [00:01<00:05, 1306.23it/s]
 25%|██▌       | 2212/8810 [00:01<00:04, 1437.33it/s]
 27%|██▋       | 2365/8810 [00:01<00:05, 1221.31it/s]
 29%|██▉       | 2533/8810 [00:01<00:04, 1326.54it/s]
 31%|███       | 2695/8810 [00:01<00:04, 1397.67it/s]
 32%|███▏      | 2843/8810 [00:02<00:04, 1227.69it/s]
 34%|███▍      | 2981/8810 [00:02<00:04, 1263.27it/s]
 35%|███▌      | 3115/8810 [00:02<00:04, 1143.32it/s]
 37%|███▋      | 3238/8810 [00:02<00:04, 1163.11it/s]
 38%|███▊      | 3360/8810 [00:02<00:04, 1122.54it/s]
 39%|███▉      | 3476/8810 [00:02<00:05, 976.82it/s] 
 41%|████      | 3603/8810 [00:02<00:04, 1046.08it/s]
 42%|████▏     | 3725/8810 [00:02<00:04, 1088.16it/s]
 44%|████▎     | 3838/8810 [00:03<00:04, 1023.95it/s]
 45%|████▌     | 3972/8810 [00:03<00:04, 1106.48it/s]
 47%|████▋     | 4153/8810 [00:03<00:03, 1295.10it/s]
 49%|████▊     | 4287/8810 [00:03<00:03, 1209.18it/s]
 50%|█████     | 4443/8810 [00:03<00:03, 1302.34it/s]
 52%|█████▏    | 4577/8810 [00:03<00:03, 1224.47it/s]
 53%|█████▎    | 4703/8810 [00:03<00:03, 1112.83it/s]
 55%|█████▍    | 4844/8810 [00:03<00:03, 1186.85it/s]
 56%|█████▋    | 4967/8810 [00:04<00:03, 1050.17it/s]
 58%|█████▊    | 5105/8810 [00:04<00:03, 1132.96it/s]
 60%|█████▉    | 5244/8810 [00:04<00:02, 1200.75it/s]
 61%|██████    | 5372/8810 [00:04<00:03, 1088.50it/s]
 62%|██████▏   | 5495/8810 [00:04<00:02, 1124.50it/s]
 64%|██████▍   | 5645/8810 [00:04<00:02, 1223.53it/s]
 66%|██████▌   | 5772/8810 [00:04<00:02, 1166.44it/s]
 67%|██████▋   | 5892/8810 [00:04<00:02, 1141.44it/s]
 68%|██████▊   | 6009/8810 [00:04<00:02, 1094.50it/s]
 69%|██████▉   | 6121/8810 [00:05<00:02, 1000.16it/s]
 71%|███████   | 6259/8810 [00:05<00:02, 1097.44it/s]
 72%|███████▏  | 6372/8810 [00:05<00:02, 1102.47it/s]
 74%|███████▎  | 6485/8810 [00:05<00:02, 1009.24it/s]
 76%|███████▌  | 6661/8810 [00:05<00:01, 1205.97it/s]
 77%|███████▋  | 6820/8810 [00:05<00:01, 1306.90it/s]
 79%|███████▉  | 6972/8810 [00:05<00:01, 1245.29it/s]
 81%|████████  | 7105/8810 [00:05<00:01, 1264.11it/s]
 82%|████████▏ | 7241/8810 [00:05<00:01, 1286.17it/s]
 84%|████████▎ | 7372/8810 [00:06<00:01, 1240.03it/s]
 85%|████████▌ | 7498/8810 [00:06<00:01, 1225.24it/s]
 87%|████████▋ | 7664/8810 [00:06<00:00, 1347.42it/s]
 89%|████████▊ | 7801/8810 [00:06<00:00, 1181.63it/s]
 90%|█████████ | 7948/8810 [00:06<00:00, 1256.11it/s]
 92%|█████████▏| 8078/8810 [00:06<00:00, 1105.12it/s]
 93%|█████████▎| 8218/8810 [00:06<00:00, 1177.67it/s]
 95%|█████████▍| 8361/8810 [00:06<00:00, 1176.20it/s]
 96%|█████████▋| 8498/8810 [00:06<00:00, 1225.05it/s]
 99%|█████████▊| 8685/8810 [00:07<00:00, 1399.88it/s]
100%|██████████| 8810/8810 [00:07<00:00, 1220.85it/s]
