
  0%|          | 0/8810 [00:00<?, ?it/s]
  2%|▏         | 181/8810 [00:00<00:05, 1497.68it/s]
  5%|▍         | 409/8810 [00:00<00:04, 1911.59it/s]
  7%|▋         | 636/8810 [00:00<00:03, 2062.09it/s]
 10%|▉         | 845/8810 [00:00<00:04, 1742.01it/s]
 12%|█▏        | 1027/8810 [00:00<00:04, 1654.84it/s]
 14%|█▍        | 1220/8810 [00:00<00:04, 1735.44it/s]
 16%|█▋        | 1447/8810 [00:00<00:03, 1890.09it/s]
 19%|█▊        | 1641/8810 [00:00<00:04, 1779.39it/s]
 21%|██        | 1823/8810 [00:01<00:04, 1695.63it/s]
 23%|██▎       | 1996/8810 [00:01<00:04, 1679.04it/s]
 25%|██▌       | 2215/8810 [00:01<00:03, 1822.29it/s]
 27%|██▋       | 2400/8810 [00:01<00:03, 1629.57it/s]
 30%|███       | 2643/8810 [00:01<00:03, 1841.22it/s]
 32%|███▏      | 2834/8810 [00:01<00:03, 1615.16it/s]
 34%|███▍      | 3005/8810 [00:01<00:03, 1599.79it/s]
 36%|███▌      | 3171/8810 [00:01<00:03, 1520.70it/s]
 38%|███▊      | 3330/8810 [00:01<00:03, 1534.58it/s]
 40%|███▉      | 3487/8810 [00:02<00:03, 1432.39it/s]
 42%|████▏     | 3694/8810 [00:02<00:03, 1598.29it/s]
 44%|████▍     | 3859/8810 [00:02<00:03, 1456.31it/s]
 46%|████▌     | 4066/8810 [00:02<00:02, 1612.21it/s]
 48%|████▊     | 4233/8810 [00:02<00:03, 1521.10it/s]
 50%|█████     | 4419/8810 [00:02<00:02, 1603.51it/s]
 52%|█████▏    | 4584/8810 [00:02<00:02, 1571.73it/s]
 54%|█████▍    | 4744/8810 [00:02<00:02, 1430.07it/s]
 56%|█████▌    | 4908/8810 [00:03<00:02, 1485.08it/s]
 57%|█████▋    | 5060/8810 [00:03<00:02, 1349.23it/s]
 59%|█████▉    | 5229/8810 [00:03<00:02, 1436.32it/s]
 61%|██████    | 5377/8810 [00:03<00:02, 1392.51it/s]
 63%|██████▎   | 5547/8810 [00:03<00:02, 1471.72it/s]
 65%|██████▌   | 5754/8810 [00:03<00:02, 1499.74it/s]
 67%|██████▋   | 5906/8810 [00:03<00:02, 1449.05it/s]
 69%|██████▊   | 6052/8810 [00:03<00:02, 1340.57it/s]
 71%|███████   | 6218/8810 [00:03<00:01, 1421.05it/s]
 73%|███████▎  | 6389/8810 [00:04<00:01, 1498.84it/s]
 74%|███████▍  | 6542/8810 [00:04<00:01, 1382.57it/s]
 76%|███████▋  | 6729/8810 [00:04<00:01, 1510.46it/s]
 78%|███████▊  | 6895/8810 [00:04<00:01, 1550.71it/s]
 80%|████████  | 7053/8810 [00:04<00:01, 1384.33it/s]
 82%|████████▏ | 7197/8810 [00:04<00:01, 1385.71it/s]
 84%|████████▎ | 7360/8810 [00:04<00:01, 1348.06it/s]
 85%|████████▌ | 7498/8810 [00:04<00:00, 1350.81it/s]
 87%|████████▋ | 7693/8810 [00:04<00:00, 1514.57it/s]
 89%|████████▉ | 7848/8810 [00:05<00:00, 1329.53it/s]
 91%|█████████ | 8037/8810 [00:05<00:00, 1337.26it/s]
 93%|█████████▎| 8203/8810 [00:05<00:00, 1415.23it/s]
 95%|█████████▍| 8361/8810 [00:05<00:00, 1363.80it/s]
 97%|█████████▋| 8522/8810 [00:05<00:00, 1427.73it/s]
 99%|█████████▊| 8699/8810 [00:05<00:00, 1517.78it/s]
100%|██████████| 8810/8810 [00:05<00:00, 1521.00it/s]
