
  0%|          | 0/8810 [00:00<?, ?it/s]
  0%|          | 24/8810 [00:00<00:36, 239.66it/s]
  2%|▏         | 181/8810 [00:00<00:11, 755.99it/s]
  4%|▎         | 322/8810 [00:00<00:08, 1002.59it/s]
  5%|▍         | 427/8810 [00:00<00:08, 1018.17it/s]
  7%|▋         | 586/8810 [00:00<00:06, 1206.49it/s]
  8%|▊         | 709/8810 [00:00<00:08, 1003.46it/s]
  9%|▉         | 816/8810 [00:00<00:07, 1017.51it/s]
 10%|█         | 922/8810 [00:00<00:07, 988.88it/s] 
 12%|█▏        | 1024/8810 [00:01<00:08, 919.37it/s]
 13%|█▎        | 1157/8810 [00:01<00:07, 1027.92it/s]
 14%|█▍        | 1270/8810 [00:01<00:07, 1048.47it/s]
 16%|█▌        | 1378/8810 [00:01<00:07, 1047.03it/s]
 17%|█▋        | 1485/8810 [00:01<00:08, 872.80it/s] 
 18%|█▊        | 1595/8810 [00:01<00:07, 928.84it/s]
 19%|█▉        | 1713/8810 [00:01<00:07, 993.67it/s]
 21%|██        | 1820/8810 [00:01<00:06, 1012.26it/s]
 22%|██▏       | 1925/8810 [00:02<00:08, 844.53it/s] 
 23%|██▎       | 2038/8810 [00:02<00:07, 909.65it/s]
 24%|██▍       | 2156/8810 [00:02<00:06, 976.69it/s]
 26%|██▌       | 2259/8810 [00:02<00:06, 972.88it/s]
 27%|██▋       | 2360/8810 [00:02<00:08, 801.05it/s]
 28%|██▊       | 2479/8810 [00:02<00:07, 893.94it/s]
 30%|██▉       | 2620/8810 [00:02<00:06, 1016.52it/s]
 31%|███       | 2744/8810 [00:02<00:06, 925.19it/s] 
 32%|███▏      | 2843/8810 [00:03<00:06, 862.03it/s]
 34%|███▎      | 2961/8810 [00:03<00:06, 937.50it/s]
 35%|███▍      | 3060/8810 [00:03<00:07, 819.78it/s]
 36%|███▌      | 3178/8810 [00:03<00:06, 904.53it/s]
 37%|███▋      | 3281/8810 [00:03<00:05, 932.25it/s]
 38%|███▊      | 3386/8810 [00:03<00:05, 960.41it/s]
 40%|███▉      | 3486/8810 [00:03<00:06, 812.95it/s]
 41%|████      | 3618/8810 [00:03<00:05, 924.59it/s]
 42%|████▏     | 3717/8810 [00:04<00:05, 874.68it/s]
 43%|████▎     | 3809/8810 [00:04<00:08, 616.54it/s]
 44%|████▍     | 3884/8810 [00:04<00:07, 629.88it/s]
 46%|████▌     | 4027/8810 [00:04<00:05, 806.00it/s]
 47%|████▋     | 4121/8810 [00:04<00:06, 774.11it/s]
 48%|████▊     | 4208/8810 [00:04<00:06, 706.78it/s]
 49%|████▉     | 4295/8810 [00:04<00:06, 744.67it/s]
 50%|████▉     | 4388/8810 [00:04<00:05, 789.45it/s]
 51%|█████     | 4489/8810 [00:05<00:05, 842.38it/s]
 52%|█████▏    | 4578/8810 [00:05<00:05, 823.64it/s]
 53%|█████▎    | 4664/8810 [00:05<00:06, 669.38it/s]
 54%|█████▍    | 4738/8810 [00:05<00:07, 542.17it/s]
 54%|█████▍    | 4801/8810 [00:05<00:07, 560.58it/s]
 55%|█████▌    | 4864/8810 [00:05<00:07, 563.37it/s]
 56%|█████▌    | 4925/8810 [00:05<00:07, 546.94it/s]
 57%|█████▋    | 4983/8810 [00:06<00:08, 451.47it/s]
 58%|█████▊    | 5081/8810 [00:06<00:06, 565.82it/s]
 59%|█████▊    | 5173/8810 [00:06<00:05, 647.68it/s]
 60%|█████▉    | 5245/8810 [00:06<00:05, 655.73it/s]
 60%|██████    | 5316/8810 [00:06<00:05, 648.56it/s]
 61%|██████    | 5384/8810 [00:06<00:06, 503.50it/s]
 62%|██████▏   | 5459/8810 [00:06<00:06, 553.03it/s]
 63%|██████▎   | 5521/8810 [00:06<00:06, 545.13it/s]
 63%|██████▎   | 5580/8810 [00:07<00:05, 546.17it/s]
 64%|██████▍   | 5646/8810 [00:07<00:05, 573.42it/s]
 65%|██████▍   | 5724/8810 [00:07<00:04, 628.15it/s]
 66%|██████▌   | 5790/8810 [00:07<00:07, 430.63it/s]
 66%|██████▋   | 5853/8810 [00:07<00:06, 469.24it/s]
 67%|██████▋   | 5909/8810 [00:07<00:06, 437.36it/s]
 68%|██████▊   | 5959/8810 [00:07<00:06, 425.49it/s]
 68%|██████▊   | 6017/8810 [00:08<00:06, 460.96it/s]
 69%|██████▉   | 6067/8810 [00:08<00:06, 408.56it/s]
 70%|██████▉   | 6128/8810 [00:08<00:05, 452.42it/s]
 70%|███████   | 6178/8810 [00:08<00:05, 463.67it/s]
 71%|███████   | 6231/8810 [00:08<00:05, 479.56it/s]
 72%|███████▏  | 6306/8810 [00:08<00:04, 550.18it/s]
 72%|███████▏  | 6364/8810 [00:08<00:04, 557.12it/s]
 73%|███████▎  | 6422/8810 [00:08<00:05, 430.27it/s]
 74%|███████▎  | 6485/8810 [00:09<00:04, 471.38it/s]
 74%|███████▍  | 6547/8810 [00:09<00:04, 507.98it/s]
 75%|███████▌  | 6624/8810 [00:09<00:03, 571.91it/s]
 76%|███████▌  | 6707/8810 [00:09<00:03, 641.24it/s]
 77%|███████▋  | 6825/8810 [00:09<00:02, 790.46it/s]
 79%|███████▉  | 6942/8810 [00:09<00:02, 897.22it/s]
 80%|███████▉  | 7035/8810 [00:09<00:02, 818.12it/s]
 81%|████████  | 7142/8810 [00:09<00:01, 883.46it/s]
 82%|████████▏ | 7240/8810 [00:09<00:01, 907.91it/s]
 83%|████████▎ | 7349/8810 [00:09<00:01, 951.04it/s]
 85%|████████▍ | 7446/8810 [00:10<00:01, 886.18it/s]
 86%|████████▌ | 7537/8810 [00:10<00:01, 813.64it/s]
 87%|████████▋ | 7658/8810 [00:10<00:01, 916.94it/s]
 88%|████████▊ | 7753/8810 [00:10<00:01, 780.63it/s]
 89%|████████▉ | 7837/8810 [00:10<00:01, 781.61it/s]
 90%|█████████ | 7949/8810 [00:10<00:00, 865.33it/s]
 91%|█████████▏| 8040/8810 [00:10<00:01, 746.05it/s]
 92%|█████████▏| 8146/8810 [00:10<00:00, 820.95it/s]
 93%|█████████▎| 8234/8810 [00:11<00:00, 831.64it/s]
 95%|█████████▍| 8328/8810 [00:11<00:00, 843.46it/s]
 96%|█████████▌| 8416/8810 [00:11<00:00, 595.01it/s]
 97%|█████████▋| 8515/8810 [00:11<00:00, 678.32it/s]
 98%|█████████▊| 8612/8810 [00:11<00:00, 741.31it/s]
 99%|█████████▊| 8696/8810 [00:11<00:00, 628.17it/s]
100%|█████████▉| 8768/8810 [00:12<00:00, 555.19it/s]
100%|██████████| 8810/8810 [00:12<00:00, 731.28it/s]
