
  0%|          | 0/8810 [00:00<?, ?it/s]
  2%|▏         | 166/8810 [00:00<00:05, 1641.19it/s]
  4%|▍         | 331/8810 [00:00<00:05, 1524.84it/s]
  6%|▌         | 519/8810 [00:00<00:04, 1674.39it/s]
  8%|▊         | 688/8810 [00:00<00:05, 1491.12it/s]
 10%|▉         | 841/8810 [00:00<00:05, 1472.93it/s]
 11%|█         | 991/8810 [00:00<00:05, 1438.16it/s]
 13%|█▎        | 1136/8810 [00:00<00:05, 1321.48it/s]
 15%|█▌        | 1329/8810 [00:00<00:05, 1493.03it/s]
 17%|█▋        | 1482/8810 [00:01<00:05, 1316.22it/s]
 19%|█▉        | 1659/8810 [00:01<00:04, 1432.00it/s]
 21%|██        | 1821/8810 [00:01<00:05, 1382.08it/s]
 22%|██▏       | 1974/8810 [00:01<00:04, 1420.91it/s]
 25%|██▍       | 2199/8810 [00:01<00:04, 1646.59it/s]
 27%|██▋       | 2369/8810 [00:01<00:04, 1386.37it/s]
 29%|██▉       | 2581/8810 [00:01<00:03, 1567.58it/s]
 31%|███       | 2748/8810 [00:01<00:04, 1456.29it/s]
 33%|███▎      | 2907/8810 [00:01<00:03, 1490.02it/s]
 35%|███▍      | 3063/8810 [00:02<00:04, 1393.78it/s]
 37%|███▋      | 3238/8810 [00:02<00:03, 1478.88it/s]
 39%|███▊      | 3401/8810 [00:02<00:03, 1518.34it/s]
 40%|████      | 3557/8810 [00:02<00:03, 1426.20it/s]
 43%|████▎     | 3759/8810 [00:02<00:03, 1581.60it/s]
 45%|████▍     | 3922/8810 [00:02<00:03, 1443.65it/s]
 47%|████▋     | 4119/8810 [00:02<00:02, 1581.20it/s]
 49%|████▊     | 4283/8810 [00:02<00:03, 1484.12it/s]
 51%|█████     | 4467/8810 [00:03<00:02, 1577.27it/s]
 53%|█████▎    | 4629/8810 [00:03<00:02, 1447.26it/s]
 54%|█████▍    | 4790/8810 [00:03<00:02, 1489.74it/s]
 56%|█████▌    | 4943/8810 [00:03<00:02, 1351.41it/s]
 58%|█████▊    | 5105/8810 [00:03<00:02, 1420.63it/s]
 60%|██████    | 5297/8810 [00:03<00:02, 1554.62it/s]
 62%|██████▏   | 5457/8810 [00:03<00:02, 1462.00it/s]
 64%|██████▍   | 5634/8810 [00:03<00:02, 1543.45it/s]
 66%|██████▌   | 5792/8810 [00:03<00:02, 1453.79it/s]
 67%|██████▋   | 5941/8810 [00:04<00:02, 1392.54it/s]
 69%|██████▉   | 6083/8810 [00:04<00:01, 1380.91it/s]
 71%|███████   | 6239/8810 [00:04<00:01, 1430.20it/s]
 73%|███████▎  | 6397/8810 [00:04<00:01, 1470.18it/s]
 74%|███████▍  | 6546/8810 [00:04<00:01, 1404.24it/s]
 77%|███████▋  | 6747/8810 [00:04<00:01, 1570.17it/s]
 78%|███████▊  | 6910/8810 [00:04<00:01, 1584.68it/s]
 80%|████████  | 7070/8810 [00:04<00:01, 1449.18it/s]
 82%|████████▏ | 7218/8810 [00:04<00:01, 1417.13it/s]
 84%|████████▎ | 7362/8810 [00:05<00:01, 1356.39it/s]
 85%|████████▌ | 7500/8810 [00:05<00:00, 1352.97it/s]
 87%|████████▋ | 7658/8810 [00:05<00:00, 1413.47it/s]
 89%|████████▊ | 7801/8810 [00:05<00:00, 1275.78it/s]
 90%|█████████ | 7956/8810 [00:05<00:00, 1348.81it/s]
 92%|█████████▏| 8094/8810 [00:05<00:00, 1255.86it/s]
 93%|█████████▎| 8237/8810 [00:05<00:00, 1301.66it/s]
 95%|█████████▌| 8370/8810 [00:05<00:00, 1259.66it/s]
 97%|█████████▋| 8544/8810 [00:05<00:00, 1385.86it/s]
 99%|█████████▉| 8702/8810 [00:06<00:00, 1318.04it/s]
100%|██████████| 8810/8810 [00:06<00:00, 1439.28it/s]
