
  0%|          | 0/8810 [00:00<?, ?it/s]
  2%|▏         | 181/8810 [00:00<00:05, 1556.06it/s]
  5%|▍         | 426/8810 [00:00<00:04, 2039.71it/s]
  7%|▋         | 656/8810 [00:00<00:04, 1948.98it/s]
 10%|▉         | 855/8810 [00:00<00:04, 1962.37it/s]
 12%|█▏        | 1053/8810 [00:00<00:04, 1702.76it/s]
 15%|█▍        | 1282/8810 [00:00<00:04, 1876.13it/s]
 17%|█▋        | 1476/8810 [00:00<00:04, 1692.16it/s]
 19%|█▉        | 1710/8810 [00:00<00:03, 1866.22it/s]
 22%|██▏       | 1904/8810 [00:01<00:04, 1675.22it/s]
 25%|██▍       | 2167/8810 [00:01<00:03, 1925.36it/s]
 27%|██▋       | 2369/8810 [00:01<00:03, 1780.00it/s]
 30%|███       | 2654/8810 [00:01<00:02, 2060.18it/s]
 33%|███▎      | 2870/8810 [00:01<00:03, 1946.51it/s]
 35%|███▍      | 3073/8810 [00:01<00:03, 1773.84it/s]
 37%|███▋      | 3277/8810 [00:01<00:03, 1838.83it/s]
 39%|███▉      | 3468/8810 [00:01<00:03, 1749.18it/s]
 42%|████▏     | 3710/8810 [00:02<00:02, 1921.83it/s]
 44%|████▍     | 3908/8810 [00:02<00:02, 1804.50it/s]
 47%|████▋     | 4158/8810 [00:02<00:02, 1986.98it/s]
 50%|████▉     | 4363/8810 [00:02<00:02, 1727.89it/s]
 52%|█████▏    | 4578/8810 [00:02<00:02, 1834.13it/s]
 54%|█████▍    | 4770/8810 [00:02<00:02, 1708.37it/s]
 56%|█████▌    | 4948/8810 [00:02<00:02, 1564.28it/s]
 59%|█████▊    | 5174/8810 [00:02<00:02, 1733.90it/s]
 61%|██████    | 5372/8810 [00:02<00:02, 1691.14it/s]
 63%|██████▎   | 5547/8810 [00:03<00:01, 1696.46it/s]
 65%|██████▌   | 5754/8810 [00:03<00:01, 1595.65it/s]
 67%|██████▋   | 5918/8810 [00:03<00:01, 1494.40it/s]
 69%|██████▉   | 6071/8810 [00:03<00:01, 1380.22it/s]
 71%|███████   | 6212/8810 [00:03<00:01, 1335.61it/s]
 72%|███████▏  | 6370/8810 [00:03<00:01, 1395.93it/s]
 74%|███████▍  | 6512/8810 [00:03<00:01, 1260.51it/s]
 76%|███████▋  | 6724/8810 [00:03<00:01, 1478.30it/s]
 79%|███████▊  | 6935/8810 [00:04<00:01, 1643.86it/s]
 81%|████████  | 7106/8810 [00:04<00:01, 1460.30it/s]
 82%|████████▏ | 7267/8810 [00:04<00:01, 1498.74it/s]
 84%|████████▍ | 7423/8810 [00:04<00:00, 1455.86it/s]
 86%|████████▌ | 7573/8810 [00:04<00:00, 1404.07it/s]
 88%|████████▊ | 7717/8810 [00:04<00:00, 1338.44it/s]
 89%|████████▉ | 7862/8810 [00:04<00:00, 1365.95it/s]
 91%|█████████ | 8013/8810 [00:04<00:00, 1399.88it/s]
 93%|█████████▎| 8155/8810 [00:05<00:00, 1241.24it/s]
 94%|█████████▍| 8316/8810 [00:05<00:00, 1333.20it/s]
 96%|█████████▌| 8454/8810 [00:05<00:00, 1231.80it/s]
 98%|█████████▊| 8633/8810 [00:05<00:00, 1377.59it/s]
100%|█████████▉| 8776/8810 [00:05<00:00, 1285.15it/s]
100%|██████████| 8810/8810 [00:05<00:00, 1603.83it/s]
