
  0%|          | 0/8810 [00:00<?, ?it/s]
  1%|          | 78/8810 [00:00<00:11, 760.76it/s]
  2%|▏         | 181/8810 [00:00<00:11, 753.30it/s]
  3%|▎         | 293/8810 [00:00<00:09, 901.68it/s]
  5%|▍         | 405/8810 [00:00<00:08, 980.04it/s]
  6%|▌         | 515/8810 [00:00<00:08, 1017.91it/s]
  7%|▋         | 625/8810 [00:00<00:07, 1041.69it/s]
  8%|▊         | 731/8810 [00:00<00:09, 808.66it/s] 
  9%|▉         | 836/8810 [00:00<00:09, 865.43it/s]
 11%|█         | 931/8810 [00:01<00:08, 885.33it/s]
 12%|█▏        | 1025/8810 [00:01<00:09, 814.06it/s]
 13%|█▎        | 1123/8810 [00:01<00:09, 853.53it/s]
 14%|█▍        | 1225/8810 [00:01<00:08, 889.07it/s]
 15%|█▍        | 1317/8810 [00:01<00:08, 887.93it/s]
 16%|█▋        | 1432/8810 [00:01<00:07, 961.36it/s]
 17%|█▋        | 1530/8810 [00:01<00:08, 837.60it/s]
 19%|█▊        | 1636/8810 [00:01<00:08, 889.64it/s]
 20%|█▉        | 1731/8810 [00:01<00:07, 905.62it/s]
 21%|██        | 1825/8810 [00:02<00:08, 807.19it/s]
 22%|██▏       | 1910/8810 [00:02<00:08, 794.71it/s]
 23%|██▎       | 2032/8810 [00:02<00:07, 902.35it/s]
 25%|██▍       | 2175/8810 [00:02<00:06, 1045.71it/s]
 26%|██▌       | 2283/8810 [00:02<00:07, 850.48it/s] 
 27%|██▋       | 2392/8810 [00:02<00:07, 908.95it/s]
 29%|██▊       | 2524/8810 [00:02<00:06, 1010.65it/s]
 30%|███       | 2662/8810 [00:02<00:05, 1107.34it/s]
 32%|███▏      | 2779/8810 [00:03<00:06, 951.02it/s] 
 33%|███▎      | 2888/8810 [00:03<00:06, 978.61it/s]
 34%|███▍      | 2992/8810 [00:03<00:06, 945.15it/s]
 35%|███▌      | 3091/8810 [00:03<00:07, 816.72it/s]
 36%|███▌      | 3180/8810 [00:03<00:06, 832.73it/s]
 37%|███▋      | 3269/8810 [00:03<00:06, 846.56it/s]
 38%|███▊      | 3381/8810 [00:03<00:05, 919.07it/s]
 39%|███▉      | 3476/8810 [00:03<00:06, 769.89it/s]
 40%|████      | 3566/8810 [00:04<00:06, 801.05it/s]
 42%|████▏     | 3701/8810 [00:04<00:05, 942.52it/s]
 43%|████▎     | 3801/8810 [00:04<00:05, 837.39it/s]
 44%|████▍     | 3899/8810 [00:04<00:05, 870.89it/s]
 46%|████▌     | 4048/8810 [00:04<00:04, 1032.04it/s]
 47%|████▋     | 4168/8810 [00:04<00:04, 1076.21it/s]
 49%|████▊     | 4280/8810 [00:04<00:04, 941.56it/s] 
 50%|█████     | 4413/8810 [00:04<00:04, 1039.28it/s]
 51%|█████▏    | 4523/8810 [00:04<00:04, 1038.87it/s]
 53%|█████▎    | 4631/8810 [00:05<00:04, 891.27it/s] 
 54%|█████▎    | 4727/8810 [00:05<00:04, 904.88it/s]
 55%|█████▍    | 4829/8810 [00:05<00:04, 933.43it/s]
 56%|█████▌    | 4926/8810 [00:05<00:04, 912.36it/s]
 57%|█████▋    | 5020/8810 [00:05<00:04, 854.95it/s]
 58%|█████▊    | 5121/8810 [00:05<00:04, 896.08it/s]
 59%|█████▉    | 5239/8810 [00:05<00:03, 972.80it/s]
 61%|██████    | 5339/8810 [00:05<00:03, 976.75it/s]
 62%|██████▏   | 5439/8810 [00:06<00:03, 861.54it/s]
 63%|██████▎   | 5549/8810 [00:06<00:03, 924.46it/s]
 65%|██████▍   | 5683/8810 [00:06<00:03, 1036.75it/s]
 66%|██████▌   | 5790/8810 [00:06<00:03, 910.97it/s] 
 67%|██████▋   | 5891/8810 [00:06<00:03, 935.33it/s]
 68%|██████▊   | 5989/8810 [00:06<00:03, 897.22it/s]
 69%|██████▉   | 6082/8810 [00:06<00:03, 820.28it/s]
 70%|███████   | 6170/8810 [00:06<00:03, 833.73it/s]
 71%|███████▏  | 6294/8810 [00:06<00:02, 939.61it/s]
 73%|███████▎  | 6391/8810 [00:07<00:02, 929.94it/s]
 74%|███████▎  | 6486/8810 [00:07<00:02, 829.85it/s]
 75%|███████▍  | 6592/8810 [00:07<00:02, 889.12it/s]
 76%|███████▋  | 6738/8810 [00:07<00:01, 1043.40it/s]
 78%|███████▊  | 6846/8810 [00:07<00:01, 1045.66it/s]
 79%|███████▉  | 6971/8810 [00:07<00:01, 1101.49it/s]
 80%|████████  | 7084/8810 [00:07<00:01, 880.73it/s] 
 82%|████████▏ | 7181/8810 [00:07<00:01, 861.31it/s]
 83%|████████▎ | 7291/8810 [00:07<00:01, 919.35it/s]
 84%|████████▍ | 7388/8810 [00:08<00:01, 859.31it/s]
 85%|████████▍ | 7483/8810 [00:08<00:01, 877.77it/s]
 86%|████████▌ | 7574/8810 [00:08<00:01, 869.44it/s]
 87%|████████▋ | 7700/8810 [00:08<00:01, 971.10it/s]
 89%|████████▊ | 7800/8810 [00:08<00:01, 809.47it/s]
 90%|████████▉ | 7911/8810 [00:08<00:01, 881.36it/s]
 91%|█████████ | 8005/8810 [00:08<00:00, 857.58it/s]
 92%|█████████▏| 8095/8810 [00:08<00:00, 732.79it/s]
 93%|█████████▎| 8190/8810 [00:09<00:00, 783.53it/s]
 94%|█████████▍| 8302/8810 [00:09<00:00, 863.90it/s]
 95%|█████████▌| 8394/8810 [00:09<00:00, 744.37it/s]
 97%|█████████▋| 8548/8810 [00:09<00:00, 936.69it/s]
 99%|█████████▉| 8702/8810 [00:09<00:00, 985.58it/s]
100%|██████████| 8810/8810 [00:09<00:00, 910.79it/s]
