
  0%|          | 0/8810 [00:00<?, ?it/s]
  2%|▏         | 181/8810 [00:00<00:06, 1312.39it/s]
  4%|▍         | 369/8810 [00:00<00:05, 1592.71it/s]
  7%|▋         | 605/8810 [00:00<00:04, 1911.99it/s]
  9%|▉         | 802/8810 [00:00<00:05, 1574.96it/s]
 11%|█         | 970/8810 [00:00<00:05, 1473.58it/s]
 13%|█▎        | 1124/8810 [00:00<00:05, 1359.36it/s]
 14%|█▍        | 1275/8810 [00:00<00:05, 1399.24it/s]
 16%|█▋        | 1433/8810 [00:00<00:05, 1448.20it/s]
 18%|█▊        | 1582/8810 [00:01<00:05, 1280.58it/s]
 20%|██        | 1781/8810 [00:01<00:04, 1465.79it/s]
 22%|██▏       | 1935/8810 [00:01<00:05, 1292.22it/s]
 25%|██▍       | 2166/8810 [00:01<00:04, 1545.67it/s]
 26%|██▋       | 2331/8810 [00:01<00:04, 1420.44it/s]
 29%|██▉       | 2562/8810 [00:01<00:03, 1645.62it/s]
 31%|███       | 2744/8810 [00:01<00:03, 1571.23it/s]
 33%|███▎      | 2909/8810 [00:01<00:03, 1581.96it/s]
 35%|███▍      | 3073/8810 [00:02<00:03, 1458.71it/s]
 37%|███▋      | 3233/8810 [00:02<00:03, 1492.10it/s]
 39%|███▊      | 3410/8810 [00:02<00:03, 1448.56it/s]
 40%|████      | 3567/8810 [00:02<00:03, 1480.36it/s]
 42%|████▏     | 3732/8810 [00:02<00:03, 1524.33it/s]
 44%|████▍     | 3887/8810 [00:02<00:03, 1382.27it/s]
 46%|████▋     | 4080/8810 [00:02<00:03, 1525.54it/s]
 48%|████▊     | 4237/8810 [00:02<00:03, 1394.35it/s]
 51%|█████     | 4459/8810 [00:02<00:02, 1609.36it/s]
 53%|█████▎    | 4627/8810 [00:03<00:02, 1466.86it/s]
 54%|█████▍    | 4780/8810 [00:03<00:02, 1475.89it/s]
 56%|█████▌    | 4933/8810 [00:03<00:02, 1336.77it/s]
 58%|█████▊    | 5101/8810 [00:03<00:02, 1424.78it/s]
 60%|██████    | 5286/8810 [00:03<00:02, 1535.35it/s]
 62%|██████▏   | 5445/8810 [00:03<00:02, 1368.71it/s]
 64%|██████▍   | 5652/8810 [00:03<00:02, 1549.06it/s]
 66%|██████▌   | 5815/8810 [00:03<00:02, 1483.01it/s]
 68%|██████▊   | 5969/8810 [00:04<00:02, 1338.90it/s]
 69%|██████▉   | 6109/8810 [00:04<00:02, 1239.03it/s]
 71%|███████▏  | 6278/8810 [00:04<00:01, 1346.40it/s]
 73%|███████▎  | 6418/8810 [00:04<00:01, 1197.37it/s]
 75%|███████▍  | 6585/8810 [00:04<00:01, 1314.02it/s]
 77%|███████▋  | 6773/8810 [00:04<00:01, 1460.13it/s]
 79%|███████▉  | 6949/8810 [00:04<00:01, 1540.87it/s]
 81%|████████  | 7109/8810 [00:04<00:01, 1346.24it/s]
 82%|████████▏ | 7252/8810 [00:05<00:01, 1326.42it/s]
 84%|████████▍ | 7390/8810 [00:05<00:01, 1266.74it/s]
 85%|████████▌ | 7521/8810 [00:05<00:01, 1242.32it/s]
 87%|████████▋ | 7702/8810 [00:05<00:00, 1389.05it/s]
 89%|████████▉ | 7845/8810 [00:05<00:00, 1236.32it/s]
 91%|█████████ | 7995/8810 [00:05<00:00, 1302.72it/s]
 92%|█████████▏| 8130/8810 [00:05<00:00, 1160.62it/s]
 94%|█████████▍| 8286/8810 [00:05<00:00, 1260.88it/s]
 96%|█████████▌| 8418/8810 [00:06<00:00, 1119.53it/s]
 98%|█████████▊| 8598/8810 [00:06<00:00, 1281.19it/s]
 99%|█████████▉| 8734/8810 [00:06<00:00, 1149.60it/s]
100%|██████████| 8810/8810 [00:06<00:00, 1391.73it/s]
