
  0%|          | 0/8810 [00:00<?, ?it/s]
  2%|▏         | 181/8810 [00:00<00:05, 1455.85it/s]
  5%|▍         | 423/8810 [00:00<00:04, 1956.16it/s]
  7%|▋         | 656/8810 [00:00<00:04, 1848.64it/s]
 10%|▉         | 845/8810 [00:00<00:04, 1749.51it/s]
 12%|█▏        | 1022/8810 [00:00<00:04, 1599.49it/s]
 14%|█▎        | 1209/8810 [00:00<00:04, 1678.16it/s]
 16%|█▌        | 1415/8810 [00:00<00:04, 1785.44it/s]
 18%|█▊        | 1597/8810 [00:00<00:04, 1642.24it/s]
 21%|██        | 1821/8810 [00:01<00:04, 1650.23it/s]
 23%|██▎       | 2020/8810 [00:01<00:03, 1740.20it/s]
 25%|██▌       | 2240/8810 [00:01<00:03, 1863.43it/s]
 28%|██▊       | 2430/8810 [00:01<00:03, 1694.84it/s]
 30%|███       | 2680/8810 [00:01<00:03, 1906.09it/s]
 33%|███▎      | 2877/8810 [00:01<00:03, 1814.77it/s]
 35%|███▍      | 3064/8810 [00:01<00:03, 1651.42it/s]
 37%|███▋      | 3237/8810 [00:01<00:03, 1668.00it/s]
 39%|███▊      | 3410/8810 [00:01<00:03, 1604.32it/s]
 41%|████      | 3629/8810 [00:02<00:02, 1757.49it/s]
 43%|████▎     | 3809/8810 [00:02<00:03, 1661.16it/s]
 46%|████▌     | 4066/8810 [00:02<00:02, 1904.56it/s]
 48%|████▊     | 4262/8810 [00:02<00:02, 1791.23it/s]
 51%|█████     | 4483/8810 [00:02<00:02, 1902.99it/s]
 53%|█████▎    | 4678/8810 [00:02<00:02, 1618.42it/s]
 55%|█████▌    | 4856/8810 [00:02<00:02, 1658.91it/s]
 57%|█████▋    | 5030/8810 [00:02<00:02, 1507.24it/s]
 59%|█████▉    | 5220/8810 [00:03<00:02, 1605.38it/s]
 61%|██████    | 5388/8810 [00:03<00:02, 1526.36it/s]
 64%|██████▎   | 5599/8810 [00:03<00:01, 1676.21it/s]
 66%|██████▌   | 5773/8810 [00:03<00:01, 1575.91it/s]
 67%|██████▋   | 5936/8810 [00:03<00:01, 1577.16it/s]
 69%|██████▉   | 6097/8810 [00:03<00:01, 1463.83it/s]
 72%|███████▏  | 6302/8810 [00:03<00:01, 1613.93it/s]
 73%|███████▎  | 6468/8810 [00:03<00:01, 1529.05it/s]
 76%|███████▋  | 6725/8810 [00:03<00:01, 1807.22it/s]
 79%|███████▉  | 6959/8810 [00:04<00:00, 1942.70it/s]
 81%|████████  | 7158/8810 [00:04<00:00, 1735.84it/s]
 84%|████████▎ | 7360/8810 [00:04<00:00, 1656.22it/s]
 85%|████████▌ | 7532/8810 [00:04<00:00, 1580.04it/s]
 88%|████████▊ | 7715/8810 [00:04<00:00, 1585.51it/s]
 90%|████████▉ | 7885/8810 [00:04<00:00, 1610.01it/s]
 91%|█████████▏| 8049/8810 [00:04<00:00, 1474.96it/s]
 93%|█████████▎| 8200/8810 [00:04<00:00, 1460.53it/s]
 95%|█████████▍| 8361/8810 [00:05<00:00, 1454.81it/s]
 97%|█████████▋| 8548/8810 [00:05<00:00, 1565.54it/s]
 99%|█████████▉| 8707/8810 [00:05<00:00, 1504.55it/s]
100%|██████████| 8810/8810 [00:05<00:00, 1659.24it/s]
