
  0%|          | 0/8810 [00:00<?, ?it/s]
  2%|▏         | 178/8810 [00:00<00:04, 1778.52it/s]
  4%|▍         | 356/8810 [00:00<00:05, 1551.01it/s]
  6%|▋         | 568/8810 [00:00<00:04, 1785.90it/s]
  9%|▊         | 750/8810 [00:00<00:05, 1527.93it/s]
 10%|█         | 909/8810 [00:00<00:05, 1511.41it/s]
 12%|█▏        | 1064/8810 [00:00<00:05, 1429.49it/s]
 14%|█▎        | 1210/8810 [00:00<00:05, 1435.73it/s]
 15%|█▌        | 1359/8810 [00:00<00:05, 1451.03it/s]
 17%|█▋        | 1506/8810 [00:01<00:05, 1277.72it/s]
 19%|█▉        | 1667/8810 [00:01<00:05, 1366.60it/s]
 21%|██        | 1821/8810 [00:01<00:05, 1323.63it/s]
 22%|██▏       | 1961/8810 [00:01<00:05, 1342.88it/s]
 24%|██▍       | 2157/8810 [00:01<00:04, 1513.71it/s]
 26%|██▌       | 2312/8810 [00:01<00:04, 1369.54it/s]
 29%|██▊       | 2515/8810 [00:01<00:04, 1543.70it/s]
 31%|███       | 2707/8810 [00:01<00:03, 1645.85it/s]
 33%|███▎      | 2877/8810 [00:01<00:03, 1495.12it/s]
 34%|███▍      | 3032/8810 [00:02<00:03, 1501.28it/s]
 36%|███▌      | 3186/8810 [00:02<00:03, 1414.27it/s]
 38%|███▊      | 3363/8810 [00:02<00:03, 1506.26it/s]
 40%|███▉      | 3517/8810 [00:02<00:03, 1385.00it/s]
 42%|████▏     | 3708/8810 [00:02<00:03, 1524.26it/s]
 44%|████▍     | 3865/8810 [00:02<00:03, 1437.03it/s]
 47%|████▋     | 4097/8810 [00:02<00:02, 1668.91it/s]
 48%|████▊     | 4269/8810 [00:02<00:02, 1606.55it/s]
 51%|█████     | 4483/8810 [00:02<00:02, 1752.45it/s]
 53%|█████▎    | 4663/8810 [00:03<00:02, 1593.98it/s]
 55%|█████▍    | 4828/8810 [00:03<00:02, 1553.77it/s]
 57%|█████▋    | 4987/8810 [00:03<00:02, 1438.70it/s]
 59%|█████▊    | 5169/8810 [00:03<00:02, 1534.05it/s]
 61%|██████    | 5356/8810 [00:03<00:02, 1623.72it/s]
 63%|██████▎   | 5522/8810 [00:03<00:02, 1514.44it/s]
 65%|██████▌   | 5736/8810 [00:03<00:01, 1679.52it/s]
 67%|██████▋   | 5909/8810 [00:03<00:01, 1470.86it/s]
 69%|██████▉   | 6064/8810 [00:04<00:01, 1401.82it/s]
 71%|███████   | 6253/8810 [00:04<00:01, 1526.20it/s]
 73%|███████▎  | 6412/8810 [00:04<00:01, 1442.79it/s]
 75%|███████▍  | 6585/8810 [00:04<00:01, 1512.37it/s]
 77%|███████▋  | 6803/8810 [00:04<00:01, 1689.73it/s]
 79%|███████▉  | 6977/8810 [00:04<00:01, 1573.05it/s]
 81%|████████  | 7139/8810 [00:04<00:01, 1580.09it/s]
 83%|████████▎ | 7301/8810 [00:04<00:00, 1554.12it/s]
 85%|████████▍ | 7459/8810 [00:04<00:00, 1451.66it/s]
 86%|████████▋ | 7607/8810 [00:05<00:00, 1396.08it/s]
 88%|████████▊ | 7749/8810 [00:05<00:00, 1304.98it/s]
 89%|████████▉ | 7882/8810 [00:05<00:00, 1284.07it/s]
 91%|█████████ | 8012/8810 [00:05<00:00, 1283.48it/s]
 92%|█████████▏| 8142/8810 [00:05<00:00, 1194.83it/s]
 94%|█████████▍| 8286/8810 [00:05<00:00, 1260.53it/s]
 96%|█████████▌| 8414/8810 [00:05<00:00, 1202.97it/s]
 97%|█████████▋| 8583/8810 [00:05<00:00, 1336.13it/s]
 99%|█████████▉| 8719/8810 [00:05<00:00, 1258.68it/s]
100%|██████████| 8810/8810 [00:06<00:00, 1461.91it/s]
