
  0%|          | 0/8810 [00:00<?, ?it/s]
  2%|▏         | 181/8810 [00:00<00:06, 1383.54it/s]
  5%|▍         | 421/8810 [00:00<00:04, 1913.43it/s]
  7%|▋         | 651/8810 [00:00<00:03, 2075.96it/s]
 10%|▉         | 864/8810 [00:00<00:04, 1766.81it/s]
 12%|█▏        | 1049/8810 [00:00<00:04, 1666.53it/s]
 14%|█▍        | 1269/8810 [00:00<00:04, 1816.43it/s]
 17%|█▋        | 1457/8810 [00:00<00:04, 1627.98it/s]
 19%|█▊        | 1649/8810 [00:00<00:04, 1701.58it/s]
 21%|██        | 1825/8810 [00:01<00:04, 1622.79it/s]
 23%|██▎       | 2012/8810 [00:01<00:04, 1687.25it/s]
 25%|██▌       | 2234/8810 [00:01<00:03, 1834.83it/s]
 27%|██▋       | 2422/8810 [00:01<00:03, 1770.71it/s]
 30%|███       | 2662/8810 [00:01<00:03, 1945.09it/s]
 32%|███▏      | 2860/8810 [00:01<00:03, 1805.22it/s]
 35%|███▍      | 3057/8810 [00:01<00:03, 1711.05it/s]
 37%|███▋      | 3235/8810 [00:01<00:03, 1727.18it/s]
 39%|███▊      | 3411/8810 [00:01<00:03, 1598.67it/s]
 41%|████      | 3627/8810 [00:02<00:02, 1747.47it/s]
 43%|████▎     | 3806/8810 [00:02<00:02, 1687.67it/s]
 46%|████▌     | 4065/8810 [00:02<00:02, 1934.63it/s]
 48%|████▊     | 4263/8810 [00:02<00:02, 1806.80it/s]
 51%|█████     | 4506/8810 [00:02<00:02, 1973.98it/s]
 53%|█████▎    | 4709/8810 [00:02<00:02, 1763.02it/s]
 56%|█████▌    | 4893/8810 [00:02<00:02, 1499.78it/s]
 57%|█████▋    | 5054/8810 [00:02<00:02, 1407.55it/s]
 59%|█████▉    | 5231/8810 [00:03<00:02, 1493.55it/s]
 61%|██████    | 5388/8810 [00:03<00:02, 1422.00it/s]
 63%|██████▎   | 5566/8810 [00:03<00:02, 1510.26it/s]
 65%|██████▌   | 5754/8810 [00:03<00:02, 1484.03it/s]
 67%|██████▋   | 5907/8810 [00:03<00:02, 1282.18it/s]
 69%|██████▊   | 6042/8810 [00:03<00:02, 1161.06it/s]
 70%|███████   | 6203/8810 [00:03<00:02, 1263.44it/s]
 72%|███████▏  | 6367/8810 [00:03<00:01, 1356.01it/s]
 74%|███████▍  | 6509/8810 [00:04<00:01, 1199.10it/s]
 76%|███████▋  | 6739/8810 [00:04<00:01, 1470.20it/s]
 79%|███████▉  | 6947/8810 [00:04<00:01, 1623.36it/s]
 81%|████████  | 7119/8810 [00:04<00:01, 1495.52it/s]
 83%|████████▎ | 7277/8810 [00:04<00:01, 1483.90it/s]
 84%|████████▍ | 7431/8810 [00:04<00:00, 1439.69it/s]
 86%|████████▌ | 7579/8810 [00:04<00:00, 1381.79it/s]
 88%|████████▊ | 7720/8810 [00:04<00:00, 1329.43it/s]
 90%|████████▉ | 7885/8810 [00:05<00:00, 1410.72it/s]
 91%|█████████ | 8037/8810 [00:05<00:00, 1293.13it/s]
 93%|█████████▎| 8192/8810 [00:05<00:00, 1356.74it/s]
 95%|█████████▍| 8361/8810 [00:05<00:00, 1293.06it/s]
 97%|█████████▋| 8547/8810 [00:05<00:00, 1436.94it/s]
 99%|█████████▉| 8702/8810 [00:05<00:00, 1348.40it/s]
100%|██████████| 8810/8810 [00:05<00:00, 1551.07it/s]
