
  0%|          | 0/8810 [00:00<?, ?it/s]
  2%|▏         | 181/8810 [00:00<00:05, 1560.82it/s]
  5%|▍         | 403/8810 [00:00<00:04, 1922.98it/s]
  7%|▋         | 649/8810 [00:00<00:03, 2155.90it/s]
 10%|▉         | 867/8810 [00:00<00:04, 1712.84it/s]
 12%|█▏        | 1050/8810 [00:00<00:04, 1687.64it/s]
 15%|█▍        | 1285/8810 [00:00<00:04, 1879.50it/s]
 17%|█▋        | 1481/8810 [00:00<00:04, 1716.43it/s]
 19%|█▉        | 1706/8810 [00:00<00:03, 1857.36it/s]
 22%|██▏       | 1899/8810 [00:01<00:04, 1619.05it/s]
 24%|██▍       | 2152/8810 [00:01<00:03, 1850.65it/s]
 27%|██▋       | 2348/8810 [00:01<00:03, 1683.16it/s]
 30%|██▉       | 2619/8810 [00:01<00:03, 1937.86it/s]
 32%|███▏      | 2824/8810 [00:01<00:03, 1791.33it/s]
 35%|███▍      | 3040/8810 [00:01<00:03, 1883.19it/s]
 37%|███▋      | 3237/8810 [00:01<00:03, 1669.89it/s]
 39%|███▊      | 3413/8810 [00:01<00:03, 1618.74it/s]
 42%|████▏     | 3662/8810 [00:02<00:02, 1839.88it/s]
 44%|████▎     | 3854/8810 [00:02<00:02, 1749.85it/s]
 47%|████▋     | 4111/8810 [00:02<00:02, 1966.00it/s]
 49%|████▉     | 4315/8810 [00:02<00:02, 1828.63it/s]
 52%|█████▏    | 4541/8810 [00:02<00:02, 1942.63it/s]
 54%|█████▍    | 4742/8810 [00:02<00:02, 1631.38it/s]
 56%|█████▌    | 4932/8810 [00:02<00:02, 1552.93it/s]
 59%|█████▊    | 5157/8810 [00:02<00:02, 1722.23it/s]
 61%|██████    | 5372/8810 [00:03<00:02, 1683.97it/s]
 63%|██████▎   | 5586/8810 [00:03<00:01, 1798.76it/s]
 66%|██████▌   | 5773/8810 [00:03<00:01, 1697.29it/s]
 68%|██████▊   | 5949/8810 [00:03<00:01, 1660.30it/s]
 69%|██████▉   | 6119/8810 [00:03<00:01, 1599.83it/s]
 72%|███████▏  | 6324/8810 [00:03<00:01, 1719.66it/s]
 74%|███████▍  | 6500/8810 [00:03<00:01, 1574.25it/s]
 77%|███████▋  | 6763/8810 [00:03<00:01, 1850.77it/s]
 79%|███████▉  | 6972/8810 [00:03<00:01, 1795.00it/s]
 81%|████████  | 7157/8810 [00:04<00:00, 1805.50it/s]
 84%|████████▎ | 7360/8810 [00:04<00:00, 1670.03it/s]
 85%|████████▌ | 7532/8810 [00:04<00:00, 1680.66it/s]
 88%|████████▊ | 7715/8810 [00:04<00:00, 1645.86it/s]
 90%|████████▉ | 7917/8810 [00:04<00:00, 1744.76it/s]
 92%|█████████▏| 8095/8810 [00:04<00:00, 1605.33it/s]
 94%|█████████▍| 8283/8810 [00:04<00:00, 1678.58it/s]
 96%|█████████▌| 8455/8810 [00:04<00:00, 1539.03it/s]
 99%|█████████▊| 8685/8810 [00:04<00:00, 1735.88it/s]
100%|██████████| 8810/8810 [00:05<00:00, 1725.31it/s]
