
  0%|          | 0/8810 [00:00<?, ?it/s]
  2%|▏         | 173/8810 [00:00<00:05, 1714.70it/s]
  4%|▍         | 345/8810 [00:00<00:05, 1457.67it/s]
  6%|▋         | 559/8810 [00:00<00:04, 1732.43it/s]
  8%|▊         | 737/8810 [00:00<00:05, 1491.29it/s]
 10%|█         | 906/8810 [00:00<00:05, 1545.10it/s]
 12%|█▏        | 1066/8810 [00:00<00:05, 1478.36it/s]
 14%|█▍        | 1227/8810 [00:00<00:05, 1513.42it/s]
 16%|█▌        | 1386/8810 [00:00<00:04, 1534.78it/s]
 18%|█▊        | 1542/8810 [00:01<00:05, 1391.33it/s]
 19%|█▉        | 1710/8810 [00:01<00:04, 1469.12it/s]
 21%|██        | 1861/8810 [00:01<00:05, 1313.82it/s]
 23%|██▎       | 2064/8810 [00:01<00:04, 1499.40it/s]
 26%|██▌       | 2260/8810 [00:01<00:04, 1619.06it/s]
 28%|██▊       | 2428/8810 [00:01<00:04, 1492.91it/s]
 30%|███       | 2653/8810 [00:01<00:03, 1695.31it/s]
 32%|███▏      | 2829/8810 [00:01<00:04, 1489.21it/s]
 34%|███▍      | 2987/8810 [00:01<00:03, 1494.29it/s]
 36%|███▌      | 3143/8810 [00:02<00:04, 1400.73it/s]
 37%|███▋      | 3288/8810 [00:02<00:04, 1366.33it/s]
 39%|███▉      | 3428/8810 [00:02<00:04, 1295.03it/s]
 41%|████      | 3617/8810 [00:02<00:03, 1447.83it/s]
 43%|████▎     | 3774/8810 [00:02<00:03, 1405.20it/s]
 45%|████▍     | 3930/8810 [00:02<00:03, 1445.55it/s]
 47%|████▋     | 4137/8810 [00:02<00:02, 1613.91it/s]
 49%|████▉     | 4302/8810 [00:02<00:03, 1468.09it/s]
 51%|█████     | 4483/8810 [00:03<00:02, 1554.96it/s]
 53%|█████▎    | 4643/8810 [00:03<00:03, 1326.94it/s]
 54%|█████▍    | 4793/8810 [00:03<00:02, 1365.52it/s]
 56%|█████▌    | 4936/8810 [00:03<00:03, 1263.75it/s]
 58%|█████▊    | 5116/8810 [00:03<00:02, 1396.26it/s]
 60%|██████    | 5304/8810 [00:03<00:02, 1524.92it/s]
 62%|██████▏   | 5463/8810 [00:03<00:02, 1377.54it/s]
 64%|██████▍   | 5636/8810 [00:03<00:02, 1469.06it/s]
 66%|██████▌   | 5789/8810 [00:03<00:02, 1376.84it/s]
 67%|██████▋   | 5932/8810 [00:04<00:02, 1381.35it/s]
 69%|██████▉   | 6074/8810 [00:04<00:02, 1354.44it/s]
 71%|███████   | 6241/8810 [00:04<00:01, 1440.34it/s]
 73%|███████▎  | 6396/8810 [00:04<00:01, 1470.39it/s]
 74%|███████▍  | 6545/8810 [00:04<00:01, 1387.34it/s]
 77%|███████▋  | 6764/8810 [00:04<00:01, 1608.61it/s]
 79%|███████▉  | 6947/8810 [00:04<00:01, 1670.19it/s]
 81%|████████  | 7117/8810 [00:04<00:01, 1503.28it/s]
 83%|████████▎ | 7274/8810 [00:04<00:01, 1519.15it/s]
 84%|████████▍ | 7430/8810 [00:05<00:00, 1483.92it/s]
 86%|████████▌ | 7581/8810 [00:05<00:00, 1468.43it/s]
 88%|████████▊ | 7730/8810 [00:05<00:00, 1383.68it/s]
 90%|████████▉ | 7885/8810 [00:05<00:00, 1427.58it/s]
 91%|█████████ | 8035/8810 [00:05<00:00, 1435.64it/s]
 93%|█████████▎| 8180/8810 [00:05<00:00, 1313.47it/s]
 95%|█████████▍| 8328/8810 [00:05<00:00, 1358.51it/s]
 96%|█████████▌| 8467/8810 [00:05<00:00, 1227.09it/s]
 98%|█████████▊| 8623/8810 [00:05<00:00, 1311.52it/s]
 99%|█████████▉| 8758/8810 [00:06<00:00, 1248.12it/s]
100%|██████████| 8810/8810 [00:06<00:00, 1438.51it/s]
