
  0%|          | 0/8810 [00:00<?, ?it/s]
  2%|▏         | 181/8810 [00:00<00:06, 1319.43it/s]
  5%|▍         | 411/8810 [00:00<00:04, 1813.75it/s]
  7%|▋         | 637/8810 [00:00<00:04, 1999.08it/s]
 10%|▉         | 843/8810 [00:00<00:04, 1729.98it/s]
 12%|█▏        | 1024/8810 [00:00<00:04, 1613.74it/s]
 14%|█▍        | 1220/8810 [00:00<00:04, 1710.41it/s]
 16%|█▌        | 1396/8810 [00:00<00:04, 1716.72it/s]
 18%|█▊        | 1571/8810 [00:00<00:04, 1545.26it/s]
 20%|██        | 1784/8810 [00:01<00:04, 1702.83it/s]
 22%|██▏       | 1960/8810 [00:01<00:04, 1518.99it/s]
 25%|██▍       | 2193/8810 [00:01<00:03, 1728.83it/s]
 27%|██▋       | 2374/8810 [00:01<00:04, 1544.23it/s]
 29%|██▉       | 2594/8810 [00:01<00:03, 1711.22it/s]
 31%|███▏      | 2775/8810 [00:01<00:03, 1593.88it/s]
 33%|███▎      | 2942/8810 [00:01<00:03, 1577.54it/s]
 35%|███▌      | 3105/8810 [00:01<00:03, 1554.60it/s]
 37%|███▋      | 3269/8810 [00:02<00:03, 1576.56it/s]
 39%|███▉      | 3430/8810 [00:02<00:03, 1441.82it/s]
 41%|████      | 3623/8810 [00:02<00:03, 1566.06it/s]
 43%|████▎     | 3784/8810 [00:02<00:03, 1515.27it/s]
 45%|████▍     | 3959/8810 [00:02<00:03, 1575.54it/s]
 47%|████▋     | 4180/8810 [00:02<00:02, 1595.98it/s]
 50%|████▉     | 4397/8810 [00:02<00:02, 1746.55it/s]
 52%|█████▏    | 4575/8810 [00:02<00:02, 1687.63it/s]
 54%|█████▍    | 4746/8810 [00:02<00:02, 1495.91it/s]
 56%|█████▌    | 4908/8810 [00:03<00:02, 1520.46it/s]
 57%|█████▋    | 5064/8810 [00:03<00:02, 1387.00it/s]
 59%|█████▉    | 5240/8810 [00:03<00:02, 1482.78it/s]
 61%|██████    | 5393/8810 [00:03<00:02, 1396.05it/s]
 63%|██████▎   | 5579/8810 [00:03<00:02, 1517.61it/s]
 65%|██████▌   | 5754/8810 [00:03<00:02, 1516.87it/s]
 67%|██████▋   | 5909/8810 [00:03<00:01, 1480.55it/s]
 69%|██████▉   | 6059/8810 [00:03<00:01, 1413.47it/s]
 71%|███████   | 6271/8810 [00:03<00:01, 1601.75it/s]
 73%|███████▎  | 6435/8810 [00:04<00:01, 1499.41it/s]
 75%|███████▌  | 6634/8810 [00:04<00:01, 1629.00it/s]
 78%|███████▊  | 6874/8810 [00:04<00:01, 1838.71it/s]
 80%|████████  | 7062/8810 [00:04<00:01, 1687.85it/s]
 82%|████████▏ | 7236/8810 [00:04<00:00, 1639.02it/s]
 84%|████████▍ | 7404/8810 [00:04<00:00, 1569.69it/s]
 86%|████████▌ | 7564/8810 [00:04<00:00, 1501.78it/s]
 88%|████████▊ | 7716/8810 [00:04<00:00, 1481.03it/s]
 89%|████████▉ | 7876/8810 [00:04<00:00, 1511.35it/s]
 91%|█████████ | 8033/8810 [00:05<00:00, 1515.45it/s]
 93%|█████████▎| 8186/8810 [00:05<00:00, 1398.72it/s]
 95%|█████████▍| 8338/8810 [00:05<00:00, 1427.15it/s]
 96%|█████████▋| 8483/8810 [00:05<00:00, 1360.91it/s]
 98%|█████████▊| 8657/8810 [00:05<00:00, 1462.44it/s]
100%|█████████▉| 8806/8810 [00:05<00:00, 1371.22it/s]
100%|██████████| 8810/8810 [00:05<00:00, 1553.42it/s]
