
  0%|          | 0/8810 [00:00<?, ?it/s]
  0%|          | 16/8810 [00:00<00:57, 152.01it/s]
  1%|          | 55/8810 [00:00<00:30, 287.57it/s]
  1%|          | 95/8810 [00:00<00:25, 337.75it/s]
  2%|▏         | 148/8810 [00:00<00:21, 412.14it/s]
  2%|▏         | 190/8810 [00:00<00:29, 290.76it/s]
  3%|▎         | 233/8810 [00:00<00:26, 324.41it/s]
  3%|▎         | 307/8810 [00:00<00:19, 431.44it/s]
  4%|▍         | 355/8810 [00:00<00:19, 427.53it/s]
  5%|▍         | 408/8810 [00:01<00:18, 449.68it/s]
  5%|▌         | 456/8810 [00:01<00:21, 387.49it/s]
  6%|▌         | 515/8810 [00:01<00:19, 428.20it/s]
  7%|▋         | 575/8810 [00:01<00:17, 461.40it/s]
  7%|▋         | 624/8810 [00:01<00:18, 446.22it/s]
  8%|▊         | 671/8810 [00:01<00:28, 287.11it/s]
  8%|▊         | 708/8810 [00:01<00:27, 298.40it/s]
  8%|▊         | 744/8810 [00:02<00:25, 310.72it/s]
  9%|▉         | 780/8810 [00:02<00:26, 297.66it/s]
  9%|▉         | 824/8810 [00:02<00:24, 326.71it/s]
 10%|▉         | 862/8810 [00:02<00:23, 336.64it/s]
 10%|█         | 898/8810 [00:02<00:23, 341.50it/s]
 11%|█         | 934/8810 [00:02<00:28, 280.90it/s]
 11%|█         | 965/8810 [00:02<00:34, 226.17it/s]
 11%|█         | 991/8810 [00:03<00:35, 218.32it/s]
 12%|█▏        | 1016/8810 [00:03<01:05, 118.94it/s]
 12%|█▏        | 1043/8810 [00:03<00:56, 136.87it/s]
 12%|█▏        | 1073/8810 [00:03<00:48, 159.18it/s]
 13%|█▎        | 1103/8810 [00:03<00:41, 185.38it/s]
 13%|█▎        | 1127/8810 [00:04<00:42, 181.29it/s]
 13%|█▎        | 1149/8810 [00:04<00:43, 174.21it/s]
 13%|█▎        | 1170/8810 [00:04<00:43, 174.60it/s]
 14%|█▎        | 1196/8810 [00:04<00:40, 187.86it/s]
 14%|█▍        | 1236/8810 [00:04<00:32, 231.24it/s]
 14%|█▍        | 1261/8810 [00:04<00:36, 204.29it/s]
 15%|█▍        | 1284/8810 [00:04<00:36, 205.13it/s]
 15%|█▌        | 1326/8810 [00:04<00:29, 256.71it/s]
 15%|█▌        | 1354/8810 [00:05<00:29, 254.27it/s]
 16%|█▌        | 1400/8810 [00:05<00:24, 307.39it/s]
 16%|█▋        | 1450/8810 [00:05<00:20, 353.58it/s]
 17%|█▋        | 1487/8810 [00:05<00:34, 213.92it/s]
 17%|█▋        | 1538/8810 [00:05<00:27, 268.52it/s]
 18%|█▊        | 1573/8810 [00:05<00:26, 271.63it/s]
 19%|█▊        | 1632/8810 [00:05<00:20, 343.11it/s]
 19%|█▉        | 1673/8810 [00:06<00:20, 351.26it/s]
 20%|█▉        | 1732/8810 [00:06<00:17, 408.91it/s]
 20%|██        | 1778/8810 [00:06<00:16, 419.64it/s]
 21%|██        | 1823/8810 [00:06<00:26, 268.33it/s]
 21%|██        | 1859/8810 [00:06<00:27, 253.98it/s]
 22%|██▏       | 1898/8810 [00:06<00:24, 277.08it/s]
 22%|██▏       | 1935/8810 [00:06<00:23, 293.90it/s]
 22%|██▏       | 1969/8810 [00:07<00:22, 303.38it/s]
 23%|██▎       | 2015/8810 [00:07<00:20, 336.22it/s]
 23%|██▎       | 2062/8810 [00:07<00:18, 362.99it/s]
 24%|██▍       | 2101/8810 [00:07<00:18, 367.99it/s]
 24%|██▍       | 2153/8810 [00:07<00:16, 409.30it/s]
 25%|██▍       | 2196/8810 [00:07<00:16, 411.52it/s]
 25%|██▌       | 2239/8810 [00:07<00:17, 386.35it/s]
 26%|██▌       | 2279/8810 [00:07<00:25, 256.48it/s]
 27%|██▋       | 2340/8810 [00:08<00:19, 327.24it/s]
 27%|██▋       | 2400/8810 [00:08<00:16, 384.19it/s]
 28%|██▊       | 2464/8810 [00:08<00:14, 440.50it/s]
 29%|██▊       | 2523/8810 [00:08<00:13, 475.06it/s]
 30%|██▉       | 2604/8810 [00:08<00:11, 553.63it/s]
 30%|███       | 2664/8810 [00:08<00:11, 545.30it/s]
 31%|███       | 2725/8810 [00:08<00:10, 560.82it/s]
 32%|███▏      | 2784/8810 [00:09<00:17, 341.41it/s]
 32%|███▏      | 2830/8810 [00:09<00:17, 346.27it/s]
 33%|███▎      | 2882/8810 [00:09<00:15, 380.87it/s]
 33%|███▎      | 2928/8810 [00:09<00:17, 341.17it/s]
 34%|███▎      | 2971/8810 [00:09<00:16, 359.67it/s]
 34%|███▍      | 3012/8810 [00:09<00:16, 345.81it/s]
 35%|███▍      | 3051/8810 [00:09<00:16, 340.24it/s]
 35%|███▌      | 3088/8810 [00:10<00:25, 223.87it/s]
 35%|███▌      | 3117/8810 [00:10<00:24, 229.63it/s]
 36%|███▌      | 3147/8810 [00:10<00:25, 220.70it/s]
 36%|███▌      | 3173/8810 [00:10<00:33, 169.90it/s]
 36%|███▋      | 3194/8810 [00:10<00:36, 154.42it/s]
 37%|███▋      | 3220/8810 [00:10<00:32, 170.60it/s]
 37%|███▋      | 3240/8810 [00:11<00:33, 167.69it/s]
 37%|███▋      | 3276/8810 [00:11<00:26, 206.31it/s]
 37%|███▋      | 3300/8810 [00:11<00:29, 188.36it/s]
 38%|███▊      | 3331/8810 [00:11<00:25, 215.48it/s]
 38%|███▊      | 3369/8810 [00:11<00:21, 252.63it/s]
 39%|███▊      | 3397/8810 [00:11<00:25, 210.33it/s]
 39%|███▉      | 3421/8810 [00:12<00:39, 136.97it/s]
 39%|███▉      | 3456/8810 [00:12<00:30, 173.23it/s]
 40%|███▉      | 3482/8810 [00:12<00:28, 186.95it/s]
 40%|███▉      | 3522/8810 [00:12<00:22, 232.47it/s]
 40%|████      | 3556/8810 [00:12<00:20, 257.09it/s]
 41%|████      | 3588/8810 [00:12<00:19, 266.88it/s]
 41%|████      | 3623/8810 [00:12<00:18, 280.01it/s]
 42%|████▏     | 3673/8810 [00:12<00:16, 317.63it/s]
 42%|████▏     | 3709/8810 [00:12<00:15, 325.95it/s]
 42%|████▏     | 3743/8810 [00:13<00:16, 308.75it/s]
 43%|████▎     | 3775/8810 [00:13<00:22, 224.75it/s]
 43%|████▎     | 3802/8810 [00:13<00:22, 224.41it/s]
 43%|████▎     | 3831/8810 [00:13<00:22, 224.00it/s]
 44%|████▍     | 3856/8810 [00:13<00:25, 194.07it/s]
 44%|████▍     | 3878/8810 [00:13<00:28, 174.15it/s]
 44%|████▍     | 3898/8810 [00:14<00:27, 178.97it/s]
 44%|████▍     | 3917/8810 [00:14<00:30, 160.39it/s]
 45%|████▍     | 3940/8810 [00:14<00:27, 174.11it/s]
 45%|████▌     | 3975/8810 [00:14<00:23, 209.72it/s]
 46%|████▌     | 4016/8810 [00:14<00:18, 257.51it/s]
 46%|████▌     | 4044/8810 [00:14<00:19, 245.74it/s]
 46%|████▌     | 4070/8810 [00:14<00:23, 199.25it/s]
 46%|████▋     | 4092/8810 [00:14<00:23, 200.21it/s]
 47%|████▋     | 4114/8810 [00:15<00:26, 176.06it/s]
 47%|████▋     | 4144/8810 [00:15<00:23, 201.83it/s]
 47%|████▋     | 4166/8810 [00:15<00:22, 205.38it/s]
 48%|████▊     | 4188/8810 [00:15<00:54, 85.10it/s] 
 48%|████▊     | 4205/8810 [00:16<00:53, 86.74it/s]
 48%|████▊     | 4220/8810 [00:16<00:49, 93.41it/s]
 48%|████▊     | 4251/8810 [00:16<00:35, 126.98it/s]
 49%|████▊     | 4276/8810 [00:16<00:30, 148.84it/s]
 49%|████▉     | 4296/8810 [00:16<00:29, 155.49it/s]
 49%|████▉     | 4316/8810 [00:16<00:31, 143.67it/s]
 49%|████▉     | 4351/8810 [00:16<00:23, 188.06it/s]
 50%|████▉     | 4390/8810 [00:16<00:18, 233.99it/s]
 50%|█████     | 4417/8810 [00:17<00:18, 236.71it/s]
 51%|█████     | 4451/8810 [00:17<00:16, 263.34it/s]
 51%|█████     | 4480/8810 [00:17<00:16, 266.21it/s]
 51%|█████     | 4509/8810 [00:17<00:22, 191.66it/s]
 51%|█████▏    | 4533/8810 [00:17<00:21, 197.36it/s]
 52%|█████▏    | 4556/8810 [00:17<00:21, 196.24it/s]
 52%|█████▏    | 4578/8810 [00:17<00:24, 175.79it/s]
 52%|█████▏    | 4601/8810 [00:18<00:23, 182.12it/s]
 52%|█████▏    | 4625/8810 [00:18<00:35, 116.67it/s]
 53%|█████▎    | 4641/8810 [00:18<00:36, 114.32it/s]
 53%|█████▎    | 4670/8810 [00:18<00:29, 142.09it/s]
 53%|█████▎    | 4688/8810 [00:18<00:33, 122.20it/s]
 54%|█████▎    | 4715/8810 [00:19<00:27, 150.25it/s]
 54%|█████▎    | 4734/8810 [00:19<00:26, 154.33it/s]
 54%|█████▍    | 4768/8810 [00:19<00:21, 184.45it/s]
 54%|█████▍    | 4792/8810 [00:19<00:20, 196.51it/s]
 55%|█████▍    | 4814/8810 [00:19<00:20, 192.12it/s]
 55%|█████▍    | 4844/8810 [00:19<00:18, 218.10it/s]
 55%|█████▌    | 4875/8810 [00:19<00:16, 242.36it/s]
 56%|█████▌    | 4908/8810 [00:19<00:15, 259.47it/s]
 56%|█████▌    | 4935/8810 [00:20<00:26, 145.61it/s]
 56%|█████▋    | 4956/8810 [00:20<00:26, 143.17it/s]
 57%|█████▋    | 5005/8810 [00:20<00:18, 206.79it/s]
 57%|█████▋    | 5033/8810 [00:20<00:17, 217.48it/s]
 58%|█████▊    | 5069/8810 [00:20<00:15, 247.44it/s]
 58%|█████▊    | 5103/8810 [00:20<00:13, 268.09it/s]
 58%|█████▊    | 5141/8810 [00:20<00:12, 296.20it/s]
 59%|█████▊    | 5174/8810 [00:21<00:16, 220.25it/s]
 59%|█████▉    | 5201/8810 [00:21<00:18, 198.01it/s]
 59%|█████▉    | 5225/8810 [00:21<00:19, 184.14it/s]
 60%|█████▉    | 5263/8810 [00:21<00:16, 219.91it/s]
 60%|██████    | 5288/8810 [00:21<00:16, 207.82it/s]
 60%|██████    | 5316/8810 [00:21<00:16, 215.66it/s]
 61%|██████    | 5340/8810 [00:21<00:17, 197.06it/s]
 61%|██████    | 5372/8810 [00:22<00:22, 153.33it/s]
 61%|██████▏   | 5398/8810 [00:22<00:20, 169.22it/s]
 62%|██████▏   | 5435/8810 [00:22<00:16, 209.04it/s]
 62%|██████▏   | 5469/8810 [00:22<00:14, 237.52it/s]
 63%|██████▎   | 5513/8810 [00:22<00:11, 286.22it/s]
 63%|██████▎   | 5556/8810 [00:22<00:10, 317.90it/s]
 64%|██████▎   | 5597/8810 [00:22<00:09, 336.81it/s]
 64%|██████▍   | 5634/8810 [00:22<00:09, 344.10it/s]
 65%|██████▍   | 5687/8810 [00:23<00:07, 390.98it/s]
 65%|██████▌   | 5728/8810 [00:23<00:08, 368.54it/s]
 65%|██████▌   | 5766/8810 [00:23<00:12, 234.92it/s]
 66%|██████▌   | 5797/8810 [00:23<00:12, 244.15it/s]
 66%|██████▌   | 5835/8810 [00:23<00:11, 268.69it/s]
 67%|██████▋   | 5867/8810 [00:23<00:11, 247.54it/s]
 67%|██████▋   | 5895/8810 [00:24<00:12, 240.23it/s]
 67%|██████▋   | 5922/8810 [00:24<00:18, 156.43it/s]
 67%|██████▋   | 5943/8810 [00:24<00:18, 153.62it/s]
 68%|██████▊   | 5971/8810 [00:24<00:16, 176.86it/s]
 68%|██████▊   | 5993/8810 [00:24<00:15, 185.13it/s]
 68%|██████▊   | 6015/8810 [00:24<00:16, 166.92it/s]
 69%|██████▊   | 6036/8810 [00:25<00:22, 121.39it/s]
 69%|██████▉   | 6090/8810 [00:25<00:14, 187.20it/s]
 69%|██████▉   | 6114/8810 [00:25<00:15, 175.29it/s]
 70%|██████▉   | 6138/8810 [00:25<00:14, 185.48it/s]
 70%|██████▉   | 6163/8810 [00:25<00:13, 194.15it/s]
 70%|███████   | 6200/8810 [00:25<00:11, 234.62it/s]
 71%|███████   | 6262/8810 [00:25<00:07, 324.88it/s]
 72%|███████▏  | 6302/8810 [00:26<00:07, 336.76it/s]
 72%|███████▏  | 6338/8810 [00:26<00:07, 328.03it/s]
 72%|███████▏  | 6373/8810 [00:26<00:07, 331.84it/s]
 73%|███████▎  | 6408/8810 [00:26<00:10, 230.98it/s]
 73%|███████▎  | 6445/8810 [00:26<00:09, 257.43it/s]
 74%|███████▎  | 6483/8810 [00:26<00:08, 280.78it/s]
 74%|███████▍  | 6528/8810 [00:26<00:07, 316.07it/s]
 75%|███████▍  | 6574/8810 [00:26<00:06, 345.49it/s]
 75%|███████▌  | 6627/8810 [00:27<00:05, 392.51it/s]
 76%|███████▌  | 6672/8810 [00:27<00:05, 401.06it/s]
 76%|███████▋  | 6727/8810 [00:27<00:04, 440.70it/s]
 77%|███████▋  | 6773/8810 [00:27<00:04, 422.59it/s]
 77%|███████▋  | 6817/8810 [00:27<00:04, 409.20it/s]
 78%|███████▊  | 6859/8810 [00:27<00:04, 390.42it/s]
 78%|███████▊  | 6902/8810 [00:27<00:04, 394.82it/s]
 79%|███████▉  | 6959/8810 [00:27<00:04, 441.27it/s]
 80%|███████▉  | 7004/8810 [00:28<00:05, 355.73it/s]
 80%|████████  | 7055/8810 [00:28<00:04, 389.01it/s]
 81%|████████  | 7112/8810 [00:28<00:03, 430.90it/s]
 81%|████████▏ | 7160/8810 [00:28<00:03, 435.82it/s]
 82%|████████▏ | 7214/8810 [00:28<00:03, 454.10it/s]
 83%|████████▎ | 7290/8810 [00:28<00:02, 537.80it/s]
 83%|████████▎ | 7351/8810 [00:28<00:02, 556.30it/s]
 84%|████████▍ | 7408/8810 [00:28<00:03, 466.80it/s]
 85%|████████▍ | 7458/8810 [00:28<00:02, 466.56it/s]
 85%|████████▌ | 7507/8810 [00:29<00:03, 431.01it/s]
 86%|████████▌ | 7558/8810 [00:29<00:02, 447.53it/s]
 87%|████████▋ | 7649/8810 [00:29<00:02, 567.54it/s]
 88%|████████▊ | 7709/8810 [00:29<00:01, 568.69it/s]
 88%|████████▊ | 7768/8810 [00:29<00:02, 424.87it/s]
 89%|████████▊ | 7817/8810 [00:29<00:02, 429.17it/s]
 89%|████████▉ | 7865/8810 [00:29<00:02, 430.72it/s]
 90%|█████████ | 7937/8810 [00:29<00:01, 493.60it/s]
 91%|█████████ | 7990/8810 [00:30<00:01, 448.17it/s]
 91%|█████████ | 8038/8810 [00:30<00:02, 306.67it/s]
 92%|█████████▏| 8078/8810 [00:30<00:02, 319.62it/s]
 92%|█████████▏| 8118/8810 [00:30<00:02, 336.60it/s]
 93%|█████████▎| 8159/8810 [00:30<00:01, 352.72it/s]
 93%|█████████▎| 8199/8810 [00:30<00:01, 341.05it/s]
 94%|█████████▎| 8242/8810 [00:30<00:01, 351.98it/s]
 94%|█████████▍| 8280/8810 [00:31<00:01, 339.57it/s]
 94%|█████████▍| 8316/8810 [00:31<00:01, 325.73it/s]
 95%|█████████▍| 8361/8810 [00:31<00:01, 258.22it/s]
 95%|█████████▌| 8413/8810 [00:31<00:01, 309.75it/s]
 96%|█████████▌| 8468/8810 [00:31<00:00, 357.16it/s]
 97%|█████████▋| 8508/8810 [00:31<00:00, 346.30it/s]
 97%|█████████▋| 8546/8810 [00:31<00:00, 344.22it/s]
 98%|█████████▊| 8592/8810 [00:31<00:00, 368.13it/s]
 98%|█████████▊| 8631/8810 [00:32<00:00, 338.52it/s]
 98%|█████████▊| 8667/8810 [00:32<00:00, 328.03it/s]
 99%|█████████▉| 8702/8810 [00:32<00:00, 271.78it/s]
 99%|█████████▉| 8753/8810 [00:32<00:00, 323.03it/s]
100%|██████████| 8810/8810 [00:32<00:00, 270.17it/s]
