
  0%|          | 0/8810 [00:00<?, ?it/s]
  2%|▏         | 173/8810 [00:00<00:05, 1720.04it/s]
  4%|▍         | 346/8810 [00:00<00:05, 1539.58it/s]
  6%|▋         | 559/8810 [00:00<00:04, 1790.15it/s]
  8%|▊         | 741/8810 [00:00<00:05, 1454.23it/s]
 10%|█         | 906/8810 [00:00<00:05, 1506.02it/s]
 12%|█▏        | 1063/8810 [00:00<00:05, 1468.45it/s]
 14%|█▍        | 1227/8810 [00:00<00:04, 1518.35it/s]
 16%|█▌        | 1402/8810 [00:00<00:04, 1580.18it/s]
 18%|█▊        | 1563/8810 [00:01<00:05, 1364.50it/s]
 20%|█▉        | 1743/8810 [00:01<00:04, 1480.14it/s]
 22%|██▏       | 1898/8810 [00:01<00:05, 1333.90it/s]
 23%|██▎       | 2068/8810 [00:01<00:04, 1428.82it/s]
 25%|██▌       | 2238/8810 [00:01<00:04, 1500.34it/s]
 27%|██▋       | 2394/8810 [00:01<00:04, 1377.06it/s]
 30%|██▉       | 2624/8810 [00:01<00:03, 1618.83it/s]
 32%|███▏      | 2793/8810 [00:01<00:04, 1451.54it/s]
 34%|███▎      | 2964/8810 [00:01<00:03, 1515.10it/s]
 35%|███▌      | 3122/8810 [00:02<00:04, 1398.75it/s]
 37%|███▋      | 3270/8810 [00:02<00:03, 1413.80it/s]
 39%|███▉      | 3416/8810 [00:02<00:03, 1353.85it/s]
 41%|████      | 3617/8810 [00:02<00:03, 1526.35it/s]
 43%|████▎     | 3774/8810 [00:02<00:03, 1449.53it/s]
 45%|████▍     | 3934/8810 [00:02<00:03, 1486.65it/s]
 47%|████▋     | 4157/8810 [00:02<00:02, 1690.08it/s]
 49%|████▉     | 4330/8810 [00:02<00:02, 1594.06it/s]
 51%|█████▏    | 4518/8810 [00:02<00:02, 1672.85it/s]
 53%|█████▎    | 4689/8810 [00:03<00:02, 1473.61it/s]
 55%|█████▍    | 4844/8810 [00:03<00:02, 1491.47it/s]
 57%|█████▋    | 4998/8810 [00:03<00:02, 1395.76it/s]
 59%|█████▊    | 5172/8810 [00:03<00:02, 1481.73it/s]
 61%|██████    | 5358/8810 [00:03<00:02, 1583.78it/s]
 63%|██████▎   | 5520/8810 [00:03<00:02, 1518.41it/s]
 65%|██████▌   | 5744/8810 [00:03<00:01, 1713.50it/s]
 67%|██████▋   | 5919/8810 [00:03<00:02, 1432.74it/s]
 69%|██████▉   | 6072/8810 [00:04<00:01, 1425.22it/s]
 71%|███████   | 6241/8810 [00:04<00:01, 1493.78it/s]
 73%|███████▎  | 6400/8810 [00:04<00:01, 1434.20it/s]
 75%|███████▍  | 6571/8810 [00:04<00:01, 1499.01it/s]
 77%|███████▋  | 6780/8810 [00:04<00:01, 1660.02it/s]
 79%|███████▉  | 6972/8810 [00:04<00:01, 1566.38it/s]
 81%|████████  | 7148/8810 [00:04<00:01, 1617.48it/s]
 83%|████████▎ | 7314/8810 [00:04<00:00, 1600.92it/s]
 85%|████████▍ | 7477/8810 [00:04<00:00, 1429.35it/s]
 87%|████████▋ | 7632/8810 [00:05<00:00, 1460.61it/s]
 88%|████████▊ | 7782/8810 [00:05<00:00, 1288.86it/s]
 90%|█████████ | 7939/8810 [00:05<00:00, 1358.69it/s]
 92%|█████████▏| 8080/8810 [00:05<00:00, 1201.65it/s]
 93%|█████████▎| 8210/8810 [00:05<00:00, 1226.15it/s]
 95%|█████████▍| 8361/8810 [00:05<00:00, 1214.77it/s]
 97%|█████████▋| 8518/8810 [00:05<00:00, 1305.69it/s]
 98%|█████████▊| 8655/8810 [00:05<00:00, 1320.09it/s]
100%|█████████▉| 8790/8810 [00:06<00:00, 1282.94it/s]
100%|██████████| 8810/8810 [00:06<00:00, 1457.06it/s]
