
  0%|          | 0/8810 [00:00<?, ?it/s]
  2%|▏         | 181/8810 [00:00<00:05, 1471.11it/s]
  5%|▍         | 434/8810 [00:00<00:04, 2010.29it/s]
  7%|▋         | 656/8810 [00:00<00:04, 1983.12it/s]
 10%|▉         | 866/8810 [00:00<00:03, 2017.72it/s]
 12%|█▏        | 1070/8810 [00:00<00:04, 1866.31it/s]
 14%|█▍        | 1275/8810 [00:00<00:03, 1922.96it/s]
 17%|█▋        | 1470/8810 [00:00<00:04, 1757.53it/s]
 19%|█▉        | 1667/8810 [00:00<00:03, 1816.55it/s]
 21%|██        | 1852/8810 [00:01<00:04, 1732.48it/s]
 24%|██▎       | 2074/8810 [00:01<00:03, 1868.03it/s]
 26%|██▌       | 2264/8810 [00:01<00:03, 1726.73it/s]
 28%|██▊       | 2506/8810 [00:01<00:03, 1915.40it/s]
 31%|███       | 2744/8810 [00:01<00:03, 1893.12it/s]
 34%|███▎      | 2959/8810 [00:01<00:02, 1961.30it/s]
 36%|███▌      | 3159/8810 [00:01<00:02, 1904.52it/s]
 38%|███▊      | 3359/8810 [00:01<00:02, 1929.84it/s]
 40%|████      | 3554/8810 [00:01<00:03, 1736.31it/s]
 43%|████▎     | 3774/8810 [00:02<00:02, 1765.13it/s]
 46%|████▌     | 4046/8810 [00:02<00:02, 2016.41it/s]
 48%|████▊     | 4253/8810 [00:02<00:02, 1951.19it/s]
 51%|█████     | 4506/8810 [00:02<00:02, 2107.91it/s]
 54%|█████▎    | 4721/8810 [00:02<00:02, 1900.18it/s]
 56%|█████▌    | 4918/8810 [00:02<00:02, 1901.54it/s]
 58%|█████▊    | 5113/8810 [00:02<00:02, 1762.53it/s]
 60%|██████    | 5323/8810 [00:02<00:01, 1850.93it/s]
 63%|██████▎   | 5513/8810 [00:02<00:01, 1819.28it/s]
 65%|██████▌   | 5754/8810 [00:03<00:01, 1856.05it/s]
 67%|██████▋   | 5942/8810 [00:03<00:01, 1862.33it/s]
 70%|██████▉   | 6130/8810 [00:03<00:01, 1812.72it/s]
 72%|███████▏  | 6367/8810 [00:03<00:01, 1966.45it/s]
 75%|███████▍  | 6566/8810 [00:03<00:01, 1884.12it/s]
 77%|███████▋  | 6803/8810 [00:03<00:00, 2013.85it/s]
 80%|███████▉  | 7007/8810 [00:03<00:00, 1954.56it/s]
 82%|████████▏ | 7205/8810 [00:03<00:00, 1937.59it/s]
 84%|████████▍ | 7400/8810 [00:03<00:00, 1930.67it/s]
 86%|████████▌ | 7594/8810 [00:04<00:00, 1908.69it/s]
 88%|████████▊ | 7786/8810 [00:04<00:00, 1755.79it/s]
 91%|█████████ | 8001/8810 [00:04<00:00, 1859.77it/s]
 93%|█████████▎| 8190/8810 [00:04<00:00, 1674.19it/s]
 95%|█████████▍| 8363/8810 [00:04<00:00, 1616.91it/s]
 97%|█████████▋| 8548/8810 [00:04<00:00, 1677.38it/s]
 99%|█████████▉| 8719/8810 [00:04<00:00, 1606.98it/s]
100%|██████████| 8810/8810 [00:04<00:00, 1845.91it/s]
