
  0%|          | 0/8810 [00:00<?, ?it/s]
  2%|▏         | 181/8810 [00:00<00:05, 1535.28it/s]
  5%|▍         | 427/8810 [00:00<00:04, 2028.51it/s]
  7%|▋         | 656/8810 [00:00<00:04, 1927.95it/s]
 10%|▉         | 852/8810 [00:00<00:04, 1908.24it/s]
 12%|█▏        | 1045/8810 [00:00<00:04, 1807.60it/s]
 15%|█▍        | 1279/8810 [00:00<00:03, 1972.03it/s]
 17%|█▋        | 1479/8810 [00:00<00:04, 1820.57it/s]
 19%|█▉        | 1711/8810 [00:00<00:03, 1962.53it/s]
 22%|██▏       | 1911/8810 [00:01<00:03, 1783.19it/s]
 24%|██▍       | 2153/8810 [00:01<00:03, 1954.83it/s]
 27%|██▋       | 2354/8810 [00:01<00:03, 1831.98it/s]
 30%|██▉       | 2619/8810 [00:01<00:03, 2053.46it/s]
 32%|███▏      | 2831/8810 [00:01<00:03, 1873.94it/s]
 35%|███▍      | 3040/8810 [00:01<00:02, 1927.93it/s]
 37%|███▋      | 3239/8810 [00:01<00:03, 1716.38it/s]
 39%|███▉      | 3418/8810 [00:01<00:03, 1632.34it/s]
 42%|████▏     | 3679/8810 [00:01<00:02, 1877.63it/s]
 44%|████▍     | 3875/8810 [00:02<00:02, 1742.99it/s]
 47%|████▋     | 4144/8810 [00:02<00:02, 1985.03it/s]
 49%|████▉     | 4351/8810 [00:02<00:02, 1793.77it/s]
 52%|█████▏    | 4557/8810 [00:02<00:02, 1860.36it/s]
 54%|█████▍    | 4750/8810 [00:02<00:02, 1681.74it/s]
 56%|█████▌    | 4932/8810 [00:02<00:02, 1563.29it/s]
 58%|█████▊    | 5126/8810 [00:02<00:02, 1653.69it/s]
 61%|██████    | 5357/8810 [00:02<00:01, 1824.78it/s]
 63%|██████▎   | 5547/8810 [00:03<00:01, 1747.99it/s]
 65%|██████▌   | 5754/8810 [00:03<00:01, 1754.18it/s]
 67%|██████▋   | 5933/8810 [00:03<00:01, 1695.01it/s]
 69%|██████▉   | 6105/8810 [00:03<00:01, 1656.89it/s]
 72%|███████▏  | 6315/8810 [00:03<00:01, 1776.13it/s]
 74%|███████▎  | 6495/8810 [00:03<00:01, 1629.53it/s]
 77%|███████▋  | 6763/8810 [00:03<00:01, 1910.43it/s]
 79%|███████▉  | 6972/8810 [00:03<00:00, 1873.16it/s]
 81%|████████▏ | 7164/8810 [00:03<00:00, 1821.45it/s]
 84%|████████▎ | 7360/8810 [00:04<00:00, 1707.96it/s]
 86%|████████▌ | 7534/8810 [00:04<00:00, 1623.07it/s]
 88%|████████▊ | 7715/8810 [00:04<00:00, 1542.87it/s]
 89%|████████▉ | 7872/8810 [00:04<00:00, 1523.89it/s]
 91%|█████████ | 8028/8810 [00:04<00:00, 1532.84it/s]
 93%|█████████▎| 8183/8810 [00:04<00:00, 1350.49it/s]
 95%|█████████▍| 8355/8810 [00:04<00:00, 1442.57it/s]
 97%|█████████▋| 8504/8810 [00:04<00:00, 1300.20it/s]
 99%|█████████▊| 8690/8810 [00:05<00:00, 1441.53it/s]
100%|██████████| 8810/8810 [00:05<00:00, 1708.83it/s]
