
  0%|          | 0/8810 [00:00<?, ?it/s]
  2%|▏         | 181/8810 [00:00<00:06, 1402.97it/s]
  5%|▍         | 430/8810 [00:00<00:04, 1964.21it/s]
  7%|▋         | 656/8810 [00:00<00:04, 2014.16it/s]
 10%|▉         | 861/8810 [00:00<00:04, 1949.28it/s]
 12%|█▏        | 1059/8810 [00:00<00:04, 1742.89it/s]
 15%|█▍        | 1298/8810 [00:00<00:03, 1929.25it/s]
 17%|█▋        | 1496/8810 [00:00<00:04, 1794.44it/s]
 20%|█▉        | 1751/8810 [00:00<00:03, 2003.53it/s]
 22%|██▏       | 1957/8810 [00:01<00:03, 1765.57it/s]
 25%|██▌       | 2223/8810 [00:01<00:03, 2001.23it/s]
 28%|██▊       | 2433/8810 [00:01<00:03, 1870.22it/s]
 31%|███       | 2705/8810 [00:01<00:02, 2095.44it/s]
 33%|███▎      | 2924/8810 [00:01<00:03, 1888.63it/s]
 35%|███▌      | 3122/8810 [00:01<00:03, 1857.25it/s]
 38%|███▊      | 3320/8810 [00:01<00:02, 1888.67it/s]
 40%|███▉      | 3514/8810 [00:01<00:02, 1798.47it/s]
 43%|████▎     | 3768/8810 [00:01<00:02, 1997.97it/s]
 45%|████▌     | 3973/8810 [00:02<00:02, 1918.42it/s]
 47%|████▋     | 4180/8810 [00:02<00:02, 1921.41it/s]
 50%|█████     | 4430/8810 [00:02<00:02, 2081.84it/s]
 53%|█████▎    | 4642/8810 [00:02<00:02, 1878.28it/s]
 55%|█████▍    | 4844/8810 [00:02<00:02, 1915.72it/s]
 57%|█████▋    | 5040/8810 [00:02<00:02, 1698.91it/s]
 60%|█████▉    | 5267/8810 [00:02<00:01, 1844.35it/s]
 62%|██████▏   | 5459/8810 [00:02<00:01, 1745.03it/s]
 65%|██████▌   | 5728/8810 [00:03<00:01, 1993.15it/s]
 67%|██████▋   | 5935/8810 [00:03<00:01, 1724.51it/s]
 69%|██████▉   | 6118/8810 [00:03<00:01, 1657.93it/s]
 72%|███████▏  | 6351/8810 [00:03<00:01, 1824.43it/s]
 74%|███████▍  | 6542/8810 [00:03<00:01, 1780.94it/s]
 77%|███████▋  | 6820/8810 [00:03<00:00, 2040.23it/s]
 80%|███████▉  | 7031/8810 [00:03<00:00, 1930.10it/s]
 82%|████████▏ | 7230/8810 [00:03<00:00, 1941.70it/s]
 84%|████████▍ | 7429/8810 [00:03<00:00, 1887.25it/s]
 87%|████████▋ | 7621/8810 [00:04<00:00, 1872.30it/s]
 89%|████████▊ | 7811/8810 [00:04<00:00, 1749.54it/s]
 91%|█████████ | 7998/8810 [00:04<00:00, 1781.01it/s]
 93%|█████████▎| 8179/8810 [00:04<00:00, 1637.29it/s]
 95%|█████████▍| 8361/8810 [00:04<00:00, 1563.97it/s]
 97%|█████████▋| 8586/8810 [00:04<00:00, 1742.11it/s]
 99%|█████████▉| 8765/8810 [00:04<00:00, 1598.99it/s]
100%|██████████| 8810/8810 [00:04<00:00, 1834.52it/s]
