
  0%|          | 0/8810 [00:00<?, ?it/s]
  2%|▏         | 181/8810 [00:00<00:06, 1434.50it/s]
  5%|▍         | 425/8810 [00:00<00:04, 1962.45it/s]
  7%|▋         | 656/8810 [00:00<00:04, 1896.69it/s]
 10%|▉         | 862/8810 [00:00<00:04, 1947.16it/s]
 12%|█▏        | 1060/8810 [00:00<00:04, 1850.39it/s]
 14%|█▍        | 1266/8810 [00:00<00:03, 1914.87it/s]
 17%|█▋        | 1460/8810 [00:00<00:04, 1740.17it/s]
 19%|█▊        | 1638/8810 [00:00<00:04, 1744.82it/s]
 21%|██        | 1815/8810 [00:01<00:04, 1733.01it/s]
 23%|██▎       | 1990/8810 [00:01<00:04, 1504.66it/s]
 25%|██▍       | 2186/8810 [00:01<00:04, 1622.32it/s]
 27%|██▋       | 2354/8810 [00:01<00:04, 1496.35it/s]
 29%|██▉       | 2549/8810 [00:01<00:03, 1614.48it/s]
 31%|███       | 2744/8810 [00:01<00:03, 1542.21it/s]
 33%|███▎      | 2912/8810 [00:01<00:03, 1577.46it/s]
 35%|███▍      | 3074/8810 [00:01<00:03, 1491.70it/s]
 37%|███▋      | 3227/8810 [00:01<00:03, 1471.18it/s]
 39%|███▊      | 3399/8810 [00:02<00:03, 1533.68it/s]
 40%|████      | 3555/8810 [00:02<00:03, 1425.32it/s]
 43%|████▎     | 3755/8810 [00:02<00:03, 1576.19it/s]
 44%|████▍     | 3916/8810 [00:02<00:03, 1427.91it/s]
 47%|████▋     | 4168/8810 [00:02<00:02, 1714.59it/s]
 49%|████▉     | 4347/8810 [00:02<00:02, 1602.11it/s]
 51%|█████▏    | 4524/8810 [00:02<00:02, 1646.21it/s]
 53%|█████▎    | 4694/8810 [00:02<00:02, 1450.11it/s]
 55%|█████▌    | 4865/8810 [00:03<00:02, 1515.83it/s]
 57%|█████▋    | 5023/8810 [00:03<00:02, 1422.03it/s]
 59%|█████▉    | 5197/8810 [00:03<00:02, 1503.25it/s]
 61%|██████    | 5372/8810 [00:03<00:02, 1455.85it/s]
 63%|██████▎   | 5547/8810 [00:03<00:02, 1528.71it/s]
 65%|██████▌   | 5754/8810 [00:03<00:02, 1512.73it/s]
 67%|██████▋   | 5908/8810 [00:03<00:02, 1443.74it/s]
 69%|██████▊   | 6055/8810 [00:03<00:01, 1392.62it/s]
 71%|███████   | 6230/8810 [00:03<00:01, 1478.98it/s]
 73%|███████▎  | 6400/8810 [00:04<00:01, 1426.44it/s]
 75%|███████▍  | 6586/8810 [00:04<00:01, 1537.82it/s]
 77%|███████▋  | 6801/8810 [00:04<00:01, 1703.86it/s]
 79%|███████▉  | 6975/8810 [00:04<00:01, 1629.31it/s]
 81%|████████  | 7141/8810 [00:04<00:01, 1636.15it/s]
 83%|████████▎ | 7307/8810 [00:04<00:00, 1569.77it/s]
 85%|████████▍ | 7466/8810 [00:04<00:00, 1421.87it/s]
 86%|████████▋ | 7620/8810 [00:04<00:00, 1449.33it/s]
 88%|████████▊ | 7768/8810 [00:05<00:00, 1283.93it/s]
 90%|████████▉ | 7901/8810 [00:05<00:00, 1269.22it/s]
 91%|█████████ | 8031/8810 [00:05<00:00, 1216.40it/s]
 93%|█████████▎| 8155/8810 [00:05<00:00, 1131.66it/s]
 94%|█████████▍| 8282/8810 [00:05<00:00, 1166.36it/s]
 95%|█████████▌| 8401/8810 [00:05<00:00, 1138.11it/s]
 97%|█████████▋| 8578/8810 [00:05<00:00, 1309.55it/s]
 99%|█████████▉| 8712/8810 [00:05<00:00, 1266.23it/s]
100%|██████████| 8810/8810 [00:05<00:00, 1505.24it/s]
