
  0%|          | 0/8810 [00:00<?, ?it/s]
  2%|▏         | 181/8810 [00:00<00:05, 1482.62it/s]
  5%|▍         | 411/8810 [00:00<00:04, 1920.74it/s]
  7%|▋         | 648/8810 [00:00<00:03, 2113.06it/s]
 10%|▉         | 863/8810 [00:00<00:04, 1715.62it/s]
 12%|█▏        | 1045/8810 [00:00<00:04, 1609.53it/s]
 15%|█▍        | 1280/8810 [00:00<00:04, 1821.22it/s]
 17%|█▋        | 1471/8810 [00:00<00:04, 1641.32it/s]
 19%|█▉        | 1677/8810 [00:00<00:04, 1751.90it/s]
 21%|██        | 1860/8810 [00:01<00:04, 1448.63it/s]
 24%|██▎       | 2082/8810 [00:01<00:04, 1635.63it/s]
 26%|██▌       | 2263/8810 [00:01<00:04, 1603.99it/s]
 28%|██▊       | 2507/8810 [00:01<00:03, 1816.37it/s]
 31%|███       | 2744/8810 [00:01<00:03, 1813.47it/s]
 33%|███▎      | 2933/8810 [00:01<00:03, 1782.23it/s]
 35%|███▌      | 3116/8810 [00:01<00:03, 1690.42it/s]
 37%|███▋      | 3290/8810 [00:01<00:03, 1703.17it/s]
 39%|███▉      | 3463/8810 [00:02<00:03, 1578.63it/s]
 42%|████▏     | 3705/8810 [00:02<00:02, 1796.71it/s]
 44%|████▍     | 3890/8810 [00:02<00:02, 1675.81it/s]
 47%|████▋     | 4138/8810 [00:02<00:02, 1886.36it/s]
 49%|████▉     | 4333/8810 [00:02<00:02, 1729.92it/s]
 51%|█████▏    | 4521/8810 [00:02<00:02, 1763.43it/s]
 53%|█████▎    | 4702/8810 [00:02<00:02, 1553.57it/s]
 55%|█████▌    | 4882/8810 [00:02<00:02, 1614.55it/s]
 57%|█████▋    | 5050/8810 [00:03<00:02, 1508.29it/s]
 60%|█████▉    | 5242/8810 [00:03<00:02, 1613.65it/s]
 61%|██████▏   | 5409/8810 [00:03<00:02, 1504.55it/s]
 64%|██████▎   | 5600/8810 [00:03<00:01, 1606.65it/s]
 65%|██████▌   | 5766/8810 [00:03<00:01, 1616.69it/s]
 67%|██████▋   | 5931/8810 [00:03<00:01, 1581.63it/s]
 69%|██████▉   | 6092/8810 [00:03<00:01, 1494.03it/s]
 71%|███████▏  | 6288/8810 [00:03<00:01, 1619.88it/s]
 73%|███████▎  | 6453/8810 [00:03<00:01, 1512.40it/s]
 76%|███████▌  | 6669/8810 [00:04<00:01, 1687.99it/s]
 79%|███████▊  | 6922/8810 [00:04<00:00, 1922.16it/s]
 81%|████████  | 7119/8810 [00:04<00:01, 1690.74it/s]
 83%|████████▎ | 7312/8810 [00:04<00:00, 1751.12it/s]
 85%|████████▌ | 7494/8810 [00:04<00:00, 1557.84it/s]
 87%|████████▋ | 7707/8810 [00:04<00:00, 1702.24it/s]
 90%|████████▉ | 7886/8810 [00:04<00:00, 1590.74it/s]
 91%|█████████▏| 8052/8810 [00:04<00:00, 1463.56it/s]
 93%|█████████▎| 8236/8810 [00:04<00:00, 1558.44it/s]
 95%|█████████▌| 8398/8810 [00:05<00:00, 1478.54it/s]
 98%|█████████▊| 8624/8810 [00:05<00:00, 1679.36it/s]
100%|█████████▉| 8798/8810 [00:05<00:00, 1577.22it/s]
100%|██████████| 8810/8810 [00:05<00:00, 1652.47it/s]
