
  0%|          | 0/8810 [00:00<?, ?it/s]
  2%|▏         | 181/8810 [00:00<00:04, 1738.57it/s]
  5%|▍         | 429/8810 [00:00<00:03, 2165.79it/s]
  7%|▋         | 656/8810 [00:00<00:04, 2033.65it/s]
 10%|▉         | 870/8810 [00:00<00:03, 2070.81it/s]
 12%|█▏        | 1079/8810 [00:00<00:03, 1956.30it/s]
 15%|█▌        | 1326/8810 [00:00<00:03, 2118.60it/s]
 17%|█▋        | 1540/8810 [00:00<00:03, 1931.06it/s]
 20%|██        | 1793/8810 [00:00<00:03, 2094.93it/s]
 23%|██▎       | 2007/8810 [00:01<00:03, 1897.75it/s]
 25%|██▌       | 2240/8810 [00:01<00:03, 2014.63it/s]
 28%|██▊       | 2447/8810 [00:01<00:03, 1954.76it/s]
 31%|███       | 2709/8810 [00:01<00:02, 2136.74it/s]
 33%|███▎      | 2927/8810 [00:01<00:03, 1921.80it/s]
 35%|███▌      | 3126/8810 [00:01<00:03, 1803.89it/s]
 38%|███▊      | 3330/8810 [00:01<00:02, 1861.78it/s]
 40%|███▉      | 3521/8810 [00:01<00:02, 1779.40it/s]
 43%|████▎     | 3760/8810 [00:01<00:02, 1938.92it/s]
 45%|████▍     | 3958/8810 [00:02<00:02, 1774.63it/s]
 47%|████▋     | 4180/8810 [00:02<00:02, 1762.65it/s]
 50%|█████     | 4418/8810 [00:02<00:02, 1919.41it/s]
 52%|█████▏    | 4625/8810 [00:02<00:02, 1792.09it/s]
 55%|█████▍    | 4809/8810 [00:02<00:02, 1757.27it/s]
 57%|█████▋    | 4988/8810 [00:02<00:02, 1604.98it/s]
 59%|█████▉    | 5204/8810 [00:02<00:02, 1746.34it/s]
 61%|██████    | 5384/8810 [00:02<00:02, 1617.35it/s]
 64%|██████▎   | 5600/8810 [00:03<00:01, 1757.22it/s]
 66%|██████▌   | 5781/8810 [00:03<00:01, 1696.74it/s]
 68%|██████▊   | 5955/8810 [00:03<00:01, 1660.50it/s]
 70%|██████▉   | 6124/8810 [00:03<00:01, 1644.47it/s]
 72%|███████▏  | 6334/8810 [00:03<00:01, 1768.71it/s]
 74%|███████▍  | 6513/8810 [00:03<00:01, 1704.34it/s]
 77%|███████▋  | 6789/8810 [00:03<00:01, 1998.61it/s]
 79%|███████▉  | 6993/8810 [00:03<00:00, 1942.24it/s]
 82%|████████▏ | 7194/8810 [00:03<00:00, 1959.53it/s]
 84%|████████▍ | 7392/8810 [00:03<00:00, 1932.81it/s]
 86%|████████▌ | 7587/8810 [00:04<00:00, 1877.39it/s]
 88%|████████▊ | 7776/8810 [00:04<00:00, 1772.64it/s]
 90%|█████████ | 7959/8810 [00:04<00:00, 1786.10it/s]
 92%|█████████▏| 8139/8810 [00:04<00:00, 1644.85it/s]
 95%|█████████▍| 8357/8810 [00:04<00:00, 1789.52it/s]
 97%|█████████▋| 8540/8810 [00:04<00:00, 1675.64it/s]
 99%|█████████▉| 8711/8810 [00:04<00:00, 1617.61it/s]
100%|██████████| 8810/8810 [00:04<00:00, 1829.21it/s]
