
  0%|          | 0/8810 [00:00<?, ?it/s]
  2%|▏         | 181/8810 [00:00<00:05, 1519.26it/s]
  5%|▍         | 426/8810 [00:00<00:04, 2023.92it/s]
  7%|▋         | 656/8810 [00:00<00:04, 1968.34it/s]
 10%|█         | 884/8810 [00:00<00:03, 2080.55it/s]
 12%|█▏        | 1095/8810 [00:00<00:04, 1867.88it/s]
 15%|█▍        | 1313/8810 [00:00<00:03, 1962.41it/s]
 17%|█▋        | 1514/8810 [00:00<00:04, 1794.81it/s]
 20%|██        | 1769/8810 [00:00<00:03, 2006.51it/s]
 22%|██▏       | 1976/8810 [00:01<00:03, 1797.88it/s]
 25%|██▌       | 2218/8810 [00:01<00:03, 1961.67it/s]
 27%|██▋       | 2422/8810 [00:01<00:03, 1803.76it/s]
 30%|███       | 2680/8810 [00:01<00:03, 2006.21it/s]
 33%|███▎      | 2889/8810 [00:01<00:03, 1798.43it/s]
 35%|███▍      | 3078/8810 [00:01<00:03, 1701.83it/s]
 37%|███▋      | 3258/8810 [00:01<00:03, 1726.35it/s]
 39%|███▉      | 3436/8810 [00:01<00:03, 1611.30it/s]
 42%|████▏     | 3659/8810 [00:01<00:02, 1771.02it/s]
 44%|████▎     | 3842/8810 [00:02<00:02, 1712.49it/s]
 46%|████▋     | 4084/8810 [00:02<00:02, 1900.48it/s]
 49%|████▊     | 4279/8810 [00:02<00:02, 1813.03it/s]
 51%|█████     | 4500/8810 [00:02<00:02, 1920.48it/s]
 53%|█████▎    | 4696/8810 [00:02<00:02, 1749.11it/s]
 56%|█████▌    | 4909/8810 [00:02<00:02, 1844.78it/s]
 58%|█████▊    | 5098/8810 [00:02<00:02, 1658.24it/s]
 60%|██████    | 5316/8810 [00:02<00:01, 1791.94it/s]
 62%|██████▏   | 5502/8810 [00:03<00:01, 1719.88it/s]
 65%|██████▌   | 5750/8810 [00:03<00:01, 1921.82it/s]
 68%|██████▊   | 5948/8810 [00:03<00:01, 1596.62it/s]
 69%|██████▉   | 6120/8810 [00:03<00:01, 1565.68it/s]
 72%|███████▏  | 6342/8810 [00:03<00:01, 1725.88it/s]
 74%|███████▍  | 6524/8810 [00:03<00:01, 1647.85it/s]
 77%|███████▋  | 6790/8810 [00:03<00:01, 1909.29it/s]
 79%|███████▉  | 6989/8810 [00:03<00:00, 1855.45it/s]
 82%|████████▏ | 7181/8810 [00:03<00:00, 1862.26it/s]
 84%|████████▎ | 7372/8810 [00:04<00:00, 1768.14it/s]
 86%|████████▌ | 7553/8810 [00:04<00:00, 1734.82it/s]
 88%|████████▊ | 7729/8810 [00:04<00:00, 1707.75it/s]
 90%|█████████ | 7934/8810 [00:04<00:00, 1801.06it/s]
 92%|█████████▏| 8116/8810 [00:04<00:00, 1481.67it/s]
 94%|█████████▍| 8278/8810 [00:04<00:00, 1516.23it/s]
 96%|█████████▌| 8438/8810 [00:04<00:00, 1427.78it/s]
 98%|█████████▊| 8622/8810 [00:04<00:00, 1532.93it/s]
100%|█████████▉| 8782/8810 [00:05<00:00, 1410.01it/s]
100%|██████████| 8810/8810 [00:05<00:00, 1740.00it/s]
