
  0%|          | 0/8810 [00:00<?, ?it/s]
  2%|▏         | 181/8810 [00:00<00:05, 1472.35it/s]
  5%|▍         | 425/8810 [00:00<00:04, 1987.79it/s]
  7%|▋         | 656/8810 [00:00<00:04, 1858.25it/s]
 10%|▉         | 852/8810 [00:00<00:04, 1892.47it/s]
 12%|█▏        | 1044/8810 [00:00<00:04, 1748.64it/s]
 14%|█▍        | 1266/8810 [00:00<00:03, 1889.71it/s]
 17%|█▋        | 1459/8810 [00:00<00:04, 1707.43it/s]
 19%|█▉        | 1661/8810 [00:00<00:03, 1788.45it/s]
 21%|██        | 1845/8810 [00:01<00:04, 1668.09it/s]
 23%|██▎       | 2066/8810 [00:01<00:03, 1813.88it/s]
 26%|██▌       | 2263/8810 [00:01<00:03, 1688.55it/s]
 28%|██▊       | 2471/8810 [00:01<00:03, 1792.27it/s]
 30%|███       | 2672/8810 [00:01<00:03, 1849.13it/s]
 32%|███▏      | 2861/8810 [00:01<00:03, 1543.47it/s]
 35%|███▍      | 3057/8810 [00:01<00:03, 1492.72it/s]
 37%|███▋      | 3234/8810 [00:01<00:03, 1558.16it/s]
 39%|███▊      | 3410/8810 [00:02<00:03, 1480.49it/s]
 41%|████      | 3626/8810 [00:02<00:03, 1651.46it/s]
 43%|████▎     | 3798/8810 [00:02<00:03, 1556.32it/s]
 46%|████▌     | 4048/8810 [00:02<00:02, 1798.87it/s]
 48%|████▊     | 4235/8810 [00:02<00:02, 1727.87it/s]
 51%|█████     | 4462/8810 [00:02<00:02, 1871.59it/s]
 53%|█████▎    | 4655/8810 [00:02<00:02, 1727.04it/s]
 55%|█████▍    | 4833/8810 [00:02<00:02, 1729.80it/s]
 57%|█████▋    | 5010/8810 [00:02<00:02, 1626.91it/s]
 59%|█████▉    | 5201/8810 [00:03<00:02, 1700.47it/s]
 61%|██████    | 5375/8810 [00:03<00:02, 1672.92it/s]
 64%|██████▎   | 5599/8810 [00:03<00:01, 1823.09it/s]
 66%|██████▌   | 5784/8810 [00:03<00:01, 1755.54it/s]
 68%|██████▊   | 5962/8810 [00:03<00:01, 1709.23it/s]
 70%|██████▉   | 6135/8810 [00:03<00:01, 1603.09it/s]
 72%|███████▏  | 6350/8810 [00:03<00:01, 1750.93it/s]
 74%|███████▍  | 6528/8810 [00:03<00:01, 1623.53it/s]
 77%|███████▋  | 6749/8810 [00:03<00:01, 1775.56it/s]
 79%|███████▉  | 6946/8810 [00:04<00:01, 1825.68it/s]
 81%|████████  | 7132/8810 [00:04<00:01, 1603.14it/s]
 83%|████████▎ | 7299/8810 [00:04<00:00, 1574.37it/s]
 85%|████████▍ | 7461/8810 [00:04<00:00, 1427.57it/s]
 86%|████████▋ | 7609/8810 [00:04<00:00, 1423.01it/s]
 88%|████████▊ | 7755/8810 [00:04<00:00, 1358.85it/s]
 90%|█████████ | 7941/8810 [00:04<00:00, 1490.04it/s]
 92%|█████████▏| 8094/8810 [00:04<00:00, 1313.75it/s]
 93%|█████████▎| 8231/8810 [00:05<00:00, 1324.03it/s]
 95%|█████████▍| 8368/8810 [00:05<00:00, 1269.85it/s]
 97%|█████████▋| 8576/8810 [00:05<00:00, 1483.34it/s]
 99%|█████████▉| 8730/8810 [00:05<00:00, 1405.90it/s]
100%|██████████| 8810/8810 [00:05<00:00, 1631.28it/s]
