
  0%|          | 0/8810 [00:00<?, ?it/s]
  2%|▏         | 181/8810 [00:00<00:05, 1569.66it/s]
  5%|▍         | 433/8810 [00:00<00:04, 2093.79it/s]
  7%|▋         | 656/8810 [00:00<00:04, 1989.15it/s]
 10%|▉         | 858/8810 [00:00<00:04, 1935.62it/s]
 12%|█▏        | 1053/8810 [00:00<00:04, 1751.73it/s]
 15%|█▍        | 1298/8810 [00:00<00:03, 1954.50it/s]
 17%|█▋        | 1498/8810 [00:00<00:04, 1788.98it/s]
 20%|██        | 1767/8810 [00:00<00:03, 2040.76it/s]
 22%|██▏       | 1978/8810 [00:01<00:03, 1798.30it/s]
 25%|██▌       | 2240/8810 [00:01<00:03, 2008.62it/s]
 28%|██▊       | 2451/8810 [00:01<00:03, 1936.10it/s]
 31%|███       | 2694/8810 [00:01<00:02, 2069.31it/s]
 33%|███▎      | 2908/8810 [00:01<00:03, 1872.24it/s]
 35%|███▌      | 3103/8810 [00:01<00:03, 1841.98it/s]
 37%|███▋      | 3292/8810 [00:01<00:03, 1834.84it/s]
 39%|███▉      | 3479/8810 [00:01<00:03, 1773.68it/s]
 43%|████▎     | 3752/8810 [00:01<00:02, 2034.56it/s]
 45%|████▍     | 3960/8810 [00:02<00:02, 1903.50it/s]
 47%|████▋     | 4180/8810 [00:02<00:02, 1941.22it/s]
 50%|█████     | 4443/8810 [00:02<00:02, 2130.80it/s]
 53%|█████▎    | 4660/8810 [00:02<00:02, 1898.32it/s]
 55%|█████▌    | 4857/8810 [00:02<00:02, 1914.42it/s]
 57%|█████▋    | 5054/8810 [00:02<00:02, 1706.21it/s]
 60%|█████▉    | 5285/8810 [00:02<00:01, 1859.12it/s]
 62%|██████▏   | 5479/8810 [00:02<00:01, 1758.89it/s]
 65%|██████▌   | 5747/8810 [00:03<00:01, 1994.11it/s]
 68%|██████▊   | 5954/8810 [00:03<00:01, 1717.52it/s]
 70%|██████▉   | 6137/8810 [00:03<00:01, 1639.71it/s]
 72%|███████▏  | 6376/8810 [00:03<00:01, 1827.25it/s]
 75%|███████▍  | 6568/8810 [00:03<00:01, 1771.39it/s]
 78%|███████▊  | 6833/8810 [00:03<00:00, 1999.72it/s]
 80%|███████▉  | 7041/8810 [00:03<00:00, 1883.00it/s]
 82%|████████▏ | 7236/8810 [00:03<00:00, 1896.71it/s]
 84%|████████▍ | 7430/8810 [00:03<00:00, 1868.31it/s]
 86%|████████▋ | 7620/8810 [00:04<00:00, 1873.02it/s]
 89%|████████▊ | 7810/8810 [00:04<00:00, 1749.47it/s]
 91%|█████████ | 7995/8810 [00:04<00:00, 1776.34it/s]
 93%|█████████▎| 8175/8810 [00:04<00:00, 1633.66it/s]
 95%|█████████▍| 8361/8810 [00:04<00:00, 1560.33it/s]
 97%|█████████▋| 8580/8810 [00:04<00:00, 1724.90it/s]
 99%|█████████▉| 8757/8810 [00:04<00:00, 1657.41it/s]
100%|██████████| 8810/8810 [00:04<00:00, 1842.36it/s]
