
  0%|          | 0/8810 [00:00<?, ?it/s]
  2%|▏         | 181/8810 [00:00<00:05, 1663.96it/s]
  5%|▍         | 433/8810 [00:00<00:03, 2135.09it/s]
  7%|▋         | 656/8810 [00:00<00:04, 1868.29it/s]
 10%|▉         | 852/8810 [00:00<00:04, 1899.76it/s]
 12%|█▏        | 1045/8810 [00:00<00:04, 1795.58it/s]
 14%|█▍        | 1276/8810 [00:00<00:03, 1954.09it/s]
 17%|█▋        | 1475/8810 [00:00<00:04, 1752.83it/s]
 20%|█▉        | 1732/8810 [00:00<00:03, 1974.58it/s]
 22%|██▏       | 1936/8810 [00:01<00:03, 1830.51it/s]
 25%|██▌       | 2214/8810 [00:01<00:03, 2086.59it/s]
 28%|██▊       | 2430/8810 [00:01<00:03, 1904.44it/s]
 30%|███       | 2655/8810 [00:01<00:03, 1992.21it/s]
 32%|███▏      | 2861/8810 [00:01<00:03, 1779.59it/s]
 35%|███▍      | 3047/8810 [00:01<00:03, 1775.42it/s]
 37%|███▋      | 3230/8810 [00:01<00:03, 1627.79it/s]
 39%|███▊      | 3410/8810 [00:01<00:03, 1515.47it/s]
 41%|████      | 3611/8810 [00:02<00:03, 1637.92it/s]
 43%|████▎     | 3781/8810 [00:02<00:03, 1526.39it/s]
 45%|████▍     | 3939/8810 [00:02<00:03, 1511.80it/s]
 47%|████▋     | 4164/8810 [00:02<00:02, 1704.46it/s]
 49%|████▉     | 4340/8810 [00:02<00:02, 1604.60it/s]
 51%|█████▏    | 4520/8810 [00:02<00:02, 1656.74it/s]
 53%|█████▎    | 4690/8810 [00:02<00:02, 1448.39it/s]
 55%|█████▌    | 4864/8810 [00:02<00:02, 1522.02it/s]
 57%|█████▋    | 5022/8810 [00:02<00:02, 1377.42it/s]
 59%|█████▉    | 5193/8810 [00:03<00:02, 1459.61it/s]
 61%|██████    | 5372/8810 [00:03<00:02, 1410.04it/s]
 63%|██████▎   | 5547/8810 [00:03<00:02, 1496.99it/s]
 65%|██████▌   | 5754/8810 [00:03<00:02, 1503.01it/s]
 67%|██████▋   | 5908/8810 [00:03<00:01, 1454.88it/s]
 69%|██████▊   | 6056/8810 [00:03<00:02, 1334.97it/s]
 70%|███████   | 6208/8810 [00:03<00:01, 1381.19it/s]
 72%|███████▏  | 6385/8810 [00:03<00:01, 1481.77it/s]
 74%|███████▍  | 6537/8810 [00:04<00:01, 1360.35it/s]
 77%|███████▋  | 6757/8810 [00:04<00:01, 1573.97it/s]
 79%|███████▉  | 6942/8810 [00:04<00:01, 1645.32it/s]
 81%|████████  | 7111/8810 [00:04<00:01, 1470.68it/s]
 82%|████████▏ | 7264/8810 [00:04<00:01, 1428.82it/s]
 84%|████████▍ | 7411/8810 [00:04<00:01, 1389.00it/s]
 86%|████████▌ | 7553/8810 [00:04<00:00, 1257.10it/s]
 88%|████████▊ | 7715/8810 [00:04<00:00, 1249.61it/s]
 89%|████████▉ | 7843/8810 [00:04<00:00, 1240.45it/s]
 91%|█████████ | 7998/8810 [00:05<00:00, 1317.65it/s]
 92%|█████████▏| 8132/8810 [00:05<00:00, 1198.14it/s]
 94%|█████████▍| 8288/8810 [00:05<00:00, 1292.21it/s]
 96%|█████████▌| 8421/8810 [00:05<00:00, 1260.56it/s]
 98%|█████████▊| 8619/8810 [00:05<00:00, 1454.38it/s]
100%|█████████▉| 8768/8810 [00:05<00:00, 1390.60it/s]
100%|██████████| 8810/8810 [00:05<00:00, 1549.25it/s]
