
  0%|          | 0/8810 [00:00<?, ?it/s]
  2%|▏         | 181/8810 [00:00<00:05, 1554.87it/s]
  5%|▍         | 408/8810 [00:00<00:04, 1935.15it/s]
  7%|▋         | 655/8810 [00:00<00:03, 2168.85it/s]
 10%|▉         | 875/8810 [00:00<00:04, 1701.39it/s]
 12%|█▏        | 1058/8810 [00:00<00:04, 1699.55it/s]
 15%|█▍        | 1288/8810 [00:00<00:04, 1876.00it/s]
 17%|█▋        | 1484/8810 [00:00<00:04, 1674.29it/s]
 19%|█▉        | 1705/8810 [00:00<00:03, 1817.98it/s]
 22%|██▏       | 1895/8810 [00:01<00:04, 1577.16it/s]
 24%|██▍       | 2149/8810 [00:01<00:03, 1821.55it/s]
 27%|██▋       | 2344/8810 [00:01<00:03, 1678.83it/s]
 30%|██▉       | 2626/8810 [00:01<00:03, 1970.74it/s]
 32%|███▏      | 2836/8810 [00:01<00:03, 1821.95it/s]
 35%|███▍      | 3040/8810 [00:01<00:03, 1871.88it/s]
 37%|███▋      | 3235/8810 [00:01<00:03, 1691.28it/s]
 39%|███▊      | 3412/8810 [00:01<00:03, 1647.41it/s]
 42%|████▏     | 3657/8810 [00:02<00:02, 1855.18it/s]
 44%|████▎     | 3850/8810 [00:02<00:02, 1763.56it/s]
 47%|████▋     | 4112/8810 [00:02<00:02, 1988.56it/s]
 49%|████▉     | 4318/8810 [00:02<00:02, 1827.99it/s]
 52%|█████▏    | 4550/8810 [00:02<00:02, 1954.64it/s]
 54%|█████▍    | 4752/8810 [00:02<00:02, 1657.08it/s]
 56%|█████▌    | 4932/8810 [00:02<00:02, 1549.29it/s]
 58%|█████▊    | 5153/8810 [00:02<00:02, 1709.54it/s]
 61%|██████    | 5372/8810 [00:03<00:02, 1690.45it/s]
 63%|██████▎   | 5579/8810 [00:03<00:01, 1785.41it/s]
 65%|██████▌   | 5764/8810 [00:03<00:01, 1720.78it/s]
 67%|██████▋   | 5941/8810 [00:03<00:01, 1680.21it/s]
 69%|██████▉   | 6112/8810 [00:03<00:01, 1596.60it/s]
 72%|███████▏  | 6333/8810 [00:03<00:01, 1752.66it/s]
 74%|███████▍  | 6512/8810 [00:03<00:01, 1586.50it/s]
 77%|███████▋  | 6791/8810 [00:03<00:01, 1897.85it/s]
 79%|███████▉  | 6989/8810 [00:03<00:01, 1801.38it/s]
 81%|████████▏ | 7176/8810 [00:04<00:00, 1751.08it/s]
 84%|████████▎ | 7360/8810 [00:04<00:00, 1700.12it/s]
 86%|████████▌ | 7533/8810 [00:04<00:00, 1663.66it/s]
 88%|████████▊ | 7715/8810 [00:04<00:00, 1668.55it/s]
 90%|████████▉ | 7910/8810 [00:04<00:00, 1744.71it/s]
 92%|█████████▏| 8087/8810 [00:04<00:00, 1593.23it/s]
 94%|█████████▍| 8287/8810 [00:04<00:00, 1699.89it/s]
 96%|█████████▌| 8461/8810 [00:04<00:00, 1528.00it/s]
 99%|█████████▊| 8686/8810 [00:04<00:00, 1713.40it/s]
100%|██████████| 8810/8810 [00:05<00:00, 1725.49it/s]
