
  0%|          | 0/8810 [00:00<?, ?it/s]
  2%|▏         | 144/8810 [00:00<00:06, 1432.90it/s]
  3%|▎         | 288/8810 [00:00<00:06, 1252.26it/s]
  5%|▍         | 433/8810 [00:00<00:06, 1329.12it/s]
  7%|▋         | 611/8810 [00:00<00:05, 1489.56it/s]
  9%|▊         | 762/8810 [00:00<00:06, 1222.73it/s]
 10%|█         | 892/8810 [00:00<00:06, 1237.40it/s]
 12%|█▏        | 1021/8810 [00:00<00:06, 1150.27it/s]
 13%|█▎        | 1149/8810 [00:00<00:06, 1183.79it/s]
 15%|█▍        | 1288/8810 [00:01<00:06, 1241.47it/s]
 16%|█▌        | 1417/8810 [00:01<00:05, 1248.57it/s]
 18%|█▊        | 1544/8810 [00:01<00:07, 1020.48it/s]
 19%|█▉        | 1670/8810 [00:01<00:06, 1080.02it/s]
 21%|██        | 1813/8810 [00:01<00:05, 1170.77it/s]
 22%|██▏       | 1936/8810 [00:01<00:07, 971.19it/s] 
 23%|██▎       | 2067/8810 [00:01<00:06, 1049.32it/s]
 25%|██▌       | 2208/8810 [00:01<00:05, 1139.90it/s]
 26%|██▋       | 2330/8810 [00:02<00:06, 999.36it/s] 
 28%|██▊       | 2470/8810 [00:02<00:05, 1096.42it/s]
 30%|██▉       | 2642/8810 [00:02<00:04, 1251.89it/s]
 31%|███▏      | 2775/8810 [00:02<00:05, 1131.44it/s]
 33%|███▎      | 2895/8810 [00:02<00:05, 1143.99it/s]
 34%|███▍      | 3015/8810 [00:02<00:05, 1102.75it/s]
 36%|███▌      | 3129/8810 [00:02<00:05, 1065.08it/s]
 37%|███▋      | 3238/8810 [00:02<00:05, 1065.42it/s]
 38%|███▊      | 3386/8810 [00:02<00:04, 1178.18it/s]
 40%|███▉      | 3507/8810 [00:03<00:04, 1089.64it/s]
 42%|████▏     | 3688/8810 [00:03<00:03, 1281.21it/s]
 43%|████▎     | 3820/8810 [00:03<00:04, 1210.70it/s]
 45%|████▌     | 3987/8810 [00:03<00:03, 1333.26it/s]
 47%|████▋     | 4168/8810 [00:03<00:03, 1461.88it/s]
 49%|████▉     | 4318/8810 [00:03<00:03, 1314.55it/s]
 51%|█████     | 4488/8810 [00:03<00:03, 1413.53it/s]
 53%|█████▎    | 4634/8810 [00:03<00:03, 1227.20it/s]
 54%|█████▍    | 4767/8810 [00:04<00:03, 1249.93it/s]
 56%|█████▌    | 4904/8810 [00:04<00:03, 1281.17it/s]
 57%|█████▋    | 5037/8810 [00:04<00:03, 1192.87it/s]
 59%|█████▉    | 5197/8810 [00:04<00:02, 1299.77it/s]
 61%|██████    | 5349/8810 [00:04<00:02, 1356.33it/s]
 62%|██████▏   | 5488/8810 [00:04<00:02, 1272.57it/s]
 64%|██████▍   | 5673/8810 [00:04<00:02, 1422.98it/s]
 66%|██████▌   | 5819/8810 [00:04<00:02, 1321.50it/s]
 68%|██████▊   | 5955/8810 [00:04<00:02, 1186.08it/s]
 69%|██████▉   | 6078/8810 [00:05<00:02, 1192.50it/s]
 71%|███████   | 6231/8810 [00:05<00:02, 1276.57it/s]
 73%|███████▎  | 6393/8810 [00:05<00:01, 1367.67it/s]
 74%|███████▍  | 6533/8810 [00:05<00:01, 1240.55it/s]
 77%|███████▋  | 6745/8810 [00:05<00:01, 1470.44it/s]
 78%|███████▊  | 6911/8810 [00:05<00:01, 1519.68it/s]
 80%|████████  | 7068/8810 [00:05<00:01, 1376.59it/s]
 82%|████████▏ | 7211/8810 [00:05<00:01, 1329.03it/s]
 83%|████████▎ | 7350/8810 [00:05<00:01, 1343.44it/s]
 85%|████████▍ | 7488/8810 [00:06<00:01, 1181.57it/s]
 87%|████████▋ | 7638/8810 [00:06<00:00, 1261.72it/s]
 88%|████████▊ | 7769/8810 [00:06<00:00, 1090.39it/s]
 90%|████████▉ | 7910/8810 [00:06<00:00, 1167.56it/s]
 91%|█████████ | 8034/8810 [00:06<00:00, 1172.88it/s]
 93%|█████████▎| 8156/8810 [00:06<00:00, 1067.88it/s]
 94%|█████████▍| 8268/8810 [00:06<00:00, 1031.47it/s]
 95%|█████████▌| 8375/8810 [00:06<00:00, 881.00it/s] 
 97%|█████████▋| 8515/8810 [00:07<00:00, 1000.73it/s]
 98%|█████████▊| 8655/8810 [00:07<00:00, 1099.14it/s]
100%|█████████▉| 8772/8810 [00:07<00:00, 1046.63it/s]
100%|██████████| 8810/8810 [00:07<00:00, 1198.72it/s]
