
  0%|          | 0/8810 [00:00<?, ?it/s]
  2%|▏         | 181/8810 [00:00<00:05, 1467.35it/s]
  5%|▍         | 404/8810 [00:00<00:04, 1873.71it/s]
  7%|▋         | 608/8810 [00:00<00:04, 1936.05it/s]
  9%|▉         | 804/8810 [00:00<00:04, 1619.11it/s]
 11%|█         | 979/8810 [00:00<00:04, 1656.98it/s]
 13%|█▎        | 1150/8810 [00:00<00:04, 1562.15it/s]
 15%|█▌        | 1340/8810 [00:00<00:04, 1657.94it/s]
 17%|█▋        | 1510/8810 [00:00<00:04, 1500.17it/s]
 19%|█▉        | 1716/8810 [00:01<00:04, 1652.00it/s]
 21%|██▏       | 1887/8810 [00:01<00:04, 1491.14it/s]
 24%|██▍       | 2104/8810 [00:01<00:04, 1668.15it/s]
 26%|██▌       | 2278/8810 [00:01<00:04, 1530.79it/s]
 29%|██▊       | 2519/8810 [00:01<00:03, 1758.90it/s]
 31%|███       | 2734/8810 [00:01<00:03, 1863.39it/s]
 33%|███▎      | 2927/8810 [00:01<00:03, 1671.90it/s]
 35%|███▌      | 3102/8810 [00:01<00:03, 1639.45it/s]
 37%|███▋      | 3272/8810 [00:01<00:03, 1634.06it/s]
 39%|███▉      | 3440/8810 [00:02<00:03, 1577.66it/s]
 41%|████      | 3618/8810 [00:02<00:03, 1624.80it/s]
 43%|████▎     | 3783/8810 [00:02<00:03, 1531.91it/s]
 45%|████▍     | 3957/8810 [00:02<00:03, 1585.70it/s]
 47%|████▋     | 4180/8810 [00:02<00:02, 1641.41it/s]
 50%|█████     | 4409/8810 [00:02<00:02, 1815.13it/s]
 52%|█████▏    | 4594/8810 [00:02<00:02, 1822.18it/s]
 54%|█████▍    | 4779/8810 [00:02<00:02, 1612.78it/s]
 56%|█████▌    | 4946/8810 [00:03<00:02, 1443.37it/s]
 58%|█████▊    | 5115/8810 [00:03<00:02, 1503.99it/s]
 60%|██████    | 5330/8810 [00:03<00:02, 1671.45it/s]
 62%|██████▏   | 5504/8810 [00:03<00:02, 1566.49it/s]
 65%|██████▍   | 5726/8810 [00:03<00:01, 1738.29it/s]
 67%|██████▋   | 5906/8810 [00:03<00:01, 1519.19it/s]
 69%|██████▉   | 6067/8810 [00:03<00:01, 1462.62it/s]
 71%|███████   | 6219/8810 [00:03<00:01, 1425.86it/s]
 73%|███████▎  | 6393/8810 [00:03<00:01, 1504.99it/s]
 74%|███████▍  | 6548/8810 [00:04<00:01, 1457.27it/s]
 77%|███████▋  | 6758/8810 [00:04<00:01, 1631.36it/s]
 79%|███████▉  | 6972/8810 [00:04<00:01, 1661.60it/s]
 81%|████████  | 7155/8810 [00:04<00:00, 1703.97it/s]
 83%|████████▎ | 7332/8810 [00:04<00:00, 1718.44it/s]
 85%|████████▌ | 7506/8810 [00:04<00:00, 1558.25it/s]
 87%|████████▋ | 7696/8810 [00:04<00:00, 1647.22it/s]
 89%|████████▉ | 7865/8810 [00:04<00:00, 1438.87it/s]
 91%|█████████ | 8031/8810 [00:05<00:00, 1493.21it/s]
 93%|█████████▎| 8186/8810 [00:05<00:00, 1400.07it/s]
 95%|█████████▍| 8361/8810 [00:05<00:00, 1346.25it/s]
 97%|█████████▋| 8535/8810 [00:05<00:00, 1444.20it/s]
 99%|█████████▊| 8695/8810 [00:05<00:00, 1484.89it/s]
100%|██████████| 8810/8810 [00:05<00:00, 1581.66it/s]
