
  0%|          | 0/8810 [00:00<?, ?it/s]
  2%|▏         | 164/8810 [00:00<00:05, 1622.91it/s]
  4%|▎         | 327/8810 [00:00<00:06, 1377.00it/s]
  5%|▌         | 468/8810 [00:00<00:06, 1384.19it/s]
  7%|▋         | 656/8810 [00:00<00:05, 1399.86it/s]
  9%|▉         | 806/8810 [00:00<00:05, 1429.19it/s]
 11%|█         | 958/8810 [00:00<00:05, 1450.20it/s]
 13%|█▎        | 1104/8810 [00:00<00:05, 1308.45it/s]
 14%|█▍        | 1250/8810 [00:00<00:05, 1348.43it/s]
 16%|█▌        | 1402/8810 [00:01<00:05, 1391.71it/s]
 18%|█▊        | 1543/8810 [00:01<00:05, 1260.57it/s]
 19%|█▉        | 1694/8810 [00:01<00:05, 1326.79it/s]
 21%|██        | 1830/8810 [00:01<00:05, 1193.43it/s]
 23%|██▎       | 1987/8810 [00:01<00:05, 1288.79it/s]
 25%|██▍       | 2167/8810 [00:01<00:04, 1425.92it/s]
 26%|██▋       | 2314/8810 [00:01<00:05, 1268.86it/s]
 28%|██▊       | 2477/8810 [00:01<00:04, 1362.79it/s]
 30%|███       | 2654/8810 [00:01<00:04, 1464.81it/s]
 32%|███▏      | 2806/8810 [00:02<00:04, 1272.41it/s]
 34%|███▎      | 2965/8810 [00:02<00:04, 1352.47it/s]
 35%|███▌      | 3107/8810 [00:02<00:04, 1228.84it/s]
 37%|███▋      | 3236/8810 [00:02<00:04, 1207.62it/s]
 38%|███▊      | 3363/8810 [00:02<00:04, 1220.15it/s]
 40%|███▉      | 3489/8810 [00:02<00:04, 1085.13it/s]
 41%|████▏     | 3642/8810 [00:02<00:04, 1194.29it/s]
 43%|████▎     | 3774/8810 [00:02<00:04, 1148.35it/s]
 45%|████▍     | 3940/8810 [00:03<00:03, 1279.58it/s]
 47%|████▋     | 4124/8810 [00:03<00:03, 1429.48it/s]
 48%|████▊     | 4272/8810 [00:03<00:03, 1366.73it/s]
 50%|█████     | 4430/8810 [00:03<00:03, 1424.24it/s]
 52%|█████▏    | 4576/8810 [00:03<00:03, 1361.96it/s]
 54%|█████▎    | 4715/8810 [00:03<00:03, 1179.72it/s]
 55%|█████▌    | 4853/8810 [00:03<00:03, 1228.13it/s]
 57%|█████▋    | 4981/8810 [00:03<00:03, 1166.70it/s]
 58%|█████▊    | 5126/8810 [00:03<00:02, 1241.06it/s]
 60%|██████    | 5308/8810 [00:04<00:02, 1397.91it/s]
 62%|██████▏   | 5452/8810 [00:04<00:02, 1313.76it/s]
 64%|██████▍   | 5626/8810 [00:04<00:02, 1427.83it/s]
 66%|██████▌   | 5773/8810 [00:04<00:02, 1382.84it/s]
 67%|██████▋   | 5914/8810 [00:04<00:02, 1317.57it/s]
 69%|██████▊   | 6048/8810 [00:04<00:02, 1242.00it/s]
 70%|███████   | 6207/8810 [00:04<00:01, 1333.55it/s]
 72%|███████▏  | 6378/8810 [00:04<00:01, 1435.95it/s]
 74%|███████▍  | 6525/8810 [00:04<00:01, 1326.86it/s]
 77%|███████▋  | 6746/8810 [00:05<00:01, 1561.75it/s]
 79%|███████▊  | 6933/8810 [00:05<00:01, 1642.41it/s]
 81%|████████  | 7101/8810 [00:05<00:01, 1429.90it/s]
 82%|████████▏ | 7252/8810 [00:05<00:01, 1407.80it/s]
 84%|████████▍ | 7398/8810 [00:05<00:01, 1327.52it/s]
 86%|████████▌ | 7535/8810 [00:05<00:01, 1193.48it/s]
 87%|████████▋ | 7699/8810 [00:05<00:00, 1304.28it/s]
 89%|████████▉ | 7835/8810 [00:05<00:00, 1165.81it/s]
 91%|█████████ | 7977/8810 [00:06<00:00, 1227.56it/s]
 92%|█████████▏| 8105/8810 [00:06<00:00, 1081.22it/s]
 93%|█████████▎| 8220/8810 [00:06<00:00, 1087.99it/s]
 95%|█████████▍| 8361/8810 [00:06<00:00, 1092.49it/s]
 96%|█████████▋| 8497/8810 [00:06<00:00, 1159.62it/s]
 98%|█████████▊| 8647/8810 [00:06<00:00, 1247.00it/s]
100%|█████████▉| 8775/8810 [00:06<00:00, 1128.58it/s]
100%|██████████| 8810/8810 [00:06<00:00, 1291.33it/s]
