
  0%|          | 0/8810 [00:00<?, ?it/s]
  2%|▏         | 181/8810 [00:00<00:05, 1549.44it/s]
  5%|▍         | 429/8810 [00:00<00:04, 2057.86it/s]
  7%|▋         | 656/8810 [00:00<00:04, 1879.65it/s]
 10%|▉         | 865/8810 [00:00<00:04, 1946.83it/s]
 12%|█▏        | 1063/8810 [00:00<00:04, 1839.36it/s]
 14%|█▍        | 1267/8810 [00:00<00:03, 1900.93it/s]
 17%|█▋        | 1460/8810 [00:00<00:04, 1728.64it/s]
 19%|█▉        | 1656/8810 [00:00<00:03, 1788.99it/s]
 21%|██        | 1838/8810 [00:01<00:04, 1645.48it/s]
 23%|██▎       | 2055/8810 [00:01<00:03, 1788.98it/s]
 26%|██▌       | 2263/8810 [00:01<00:03, 1691.80it/s]
 28%|██▊       | 2479/8810 [00:01<00:03, 1814.08it/s]
 31%|███       | 2744/8810 [00:01<00:03, 1833.22it/s]
 33%|███▎      | 2941/8810 [00:01<00:03, 1868.75it/s]
 36%|███▌      | 3131/8810 [00:01<00:03, 1820.53it/s]
 38%|███▊      | 3331/8810 [00:01<00:02, 1861.64it/s]
 40%|███▉      | 3519/8810 [00:01<00:03, 1726.17it/s]
 43%|████▎     | 3753/8810 [00:02<00:02, 1890.39it/s]
 45%|████▍     | 3946/8810 [00:02<00:02, 1756.12it/s]
 47%|████▋     | 4180/8810 [00:02<00:02, 1761.65it/s]
 50%|█████     | 4430/8810 [00:02<00:02, 1954.03it/s]
 53%|█████▎    | 4631/8810 [00:02<00:02, 1816.81it/s]
 55%|█████▍    | 4819/8810 [00:02<00:02, 1832.81it/s]
 57%|█████▋    | 5006/8810 [00:02<00:02, 1682.46it/s]
 59%|█████▉    | 5205/8810 [00:02<00:02, 1760.19it/s]
 61%|██████    | 5385/8810 [00:03<00:02, 1685.56it/s]
 64%|██████▍   | 5625/8810 [00:03<00:01, 1875.20it/s]
 66%|██████▌   | 5817/8810 [00:03<00:01, 1795.41it/s]
 68%|██████▊   | 6000/8810 [00:03<00:01, 1749.12it/s]
 70%|███████   | 6178/8810 [00:03<00:01, 1634.79it/s]
 73%|███████▎  | 6397/8810 [00:03<00:01, 1780.32it/s]
 75%|███████▍  | 6579/8810 [00:03<00:01, 1728.72it/s]
 78%|███████▊  | 6853/8810 [00:03<00:00, 2004.90it/s]
 80%|████████  | 7058/8810 [00:03<00:00, 1856.47it/s]
 82%|████████▏ | 7249/8810 [00:04<00:00, 1837.93it/s]
 84%|████████▍ | 7436/8810 [00:04<00:00, 1730.88it/s]
 86%|████████▋ | 7612/8810 [00:04<00:00, 1672.35it/s]
 88%|████████▊ | 7782/8810 [00:04<00:00, 1533.65it/s]
 90%|█████████ | 7952/8810 [00:04<00:00, 1576.12it/s]
 92%|█████████▏| 8113/8810 [00:04<00:00, 1423.72it/s]
 94%|█████████▍| 8307/8810 [00:04<00:00, 1555.87it/s]
 96%|█████████▌| 8468/8810 [00:04<00:00, 1479.48it/s]
 99%|█████████▊| 8690/8810 [00:04<00:00, 1673.71it/s]
100%|██████████| 8810/8810 [00:05<00:00, 1738.24it/s]
