
  0%|          | 0/8810 [00:00<?, ?it/s]
  2%|▏         | 181/8810 [00:00<00:05, 1520.20it/s]
  5%|▍         | 426/8810 [00:00<00:04, 2017.97it/s]
  7%|▋         | 656/8810 [00:00<00:04, 1905.19it/s]
 10%|▉         | 850/8810 [00:00<00:04, 1885.66it/s]
 12%|█▏        | 1041/8810 [00:00<00:04, 1785.50it/s]
 15%|█▍        | 1282/8810 [00:00<00:03, 1976.63it/s]
 17%|█▋        | 1483/8810 [00:00<00:04, 1783.99it/s]
 20%|█▉        | 1740/8810 [00:00<00:03, 2005.26it/s]
 22%|██▏       | 1947/8810 [00:01<00:03, 1749.33it/s]
 25%|██▌       | 2204/8810 [00:01<00:03, 1961.33it/s]
 27%|██▋       | 2410/8810 [00:01<00:03, 1859.12it/s]
 31%|███       | 2692/8810 [00:01<00:02, 2115.06it/s]
 33%|███▎      | 2913/8810 [00:01<00:03, 1963.04it/s]
 35%|███▌      | 3117/8810 [00:01<00:03, 1856.47it/s]
 38%|███▊      | 3312/8810 [00:01<00:02, 1880.09it/s]
 40%|███▉      | 3505/8810 [00:01<00:03, 1726.82it/s]
 43%|████▎     | 3756/8810 [00:01<00:02, 1928.07it/s]
 45%|████▍     | 3955/8810 [00:02<00:02, 1803.38it/s]
 47%|████▋     | 4180/8810 [00:02<00:02, 1831.35it/s]
 50%|█████     | 4408/8810 [00:02<00:02, 1947.60it/s]
 52%|█████▏    | 4625/8810 [00:02<00:02, 1847.37it/s]
 55%|█████▍    | 4814/8810 [00:02<00:02, 1854.42it/s]
 57%|█████▋    | 5003/8810 [00:02<00:02, 1690.27it/s]
 59%|█████▉    | 5199/8810 [00:02<00:02, 1759.47it/s]
 61%|██████    | 5379/8810 [00:02<00:02, 1699.61it/s]
 64%|██████▍   | 5624/8810 [00:03<00:01, 1902.27it/s]
 66%|██████▌   | 5819/8810 [00:03<00:01, 1769.80it/s]
 68%|██████▊   | 6001/8810 [00:03<00:01, 1744.23it/s]
 70%|███████   | 6179/8810 [00:03<00:01, 1622.86it/s]
 72%|███████▏  | 6385/8810 [00:03<00:01, 1737.06it/s]
 74%|███████▍  | 6563/8810 [00:03<00:01, 1564.84it/s]
 77%|███████▋  | 6777/8810 [00:03<00:01, 1709.32it/s]
 79%|███████▉  | 6969/8810 [00:03<00:01, 1760.04it/s]
 81%|████████  | 7150/8810 [00:03<00:01, 1568.46it/s]
 83%|████████▎ | 7332/8810 [00:04<00:00, 1631.94it/s]
 85%|████████▌ | 7501/8810 [00:04<00:00, 1504.17it/s]
 87%|████████▋ | 7699/8810 [00:04<00:00, 1621.31it/s]
 89%|████████▉ | 7867/8810 [00:04<00:00, 1467.53it/s]
 91%|█████████ | 8020/8810 [00:04<00:00, 1459.05it/s]
 93%|█████████▎| 8170/8810 [00:04<00:00, 1311.12it/s]
 95%|█████████▍| 8327/8810 [00:04<00:00, 1376.44it/s]
 96%|█████████▌| 8470/8810 [00:04<00:00, 1307.10it/s]
 99%|█████████▊| 8686/8810 [00:05<00:00, 1530.41it/s]
100%|██████████| 8810/8810 [00:05<00:00, 1711.97it/s]
