
  0%|          | 0/8810 [00:00<?, ?it/s]
  2%|▏         | 181/8810 [00:00<00:05, 1460.93it/s]
  5%|▍         | 412/8810 [00:00<00:04, 1905.23it/s]
  7%|▋         | 638/8810 [00:00<00:03, 2053.32it/s]
 10%|▉         | 847/8810 [00:00<00:04, 1724.04it/s]
 12%|█▏        | 1028/8810 [00:00<00:04, 1564.66it/s]
 14%|█▎        | 1197/8810 [00:00<00:04, 1595.86it/s]
 15%|█▌        | 1362/8810 [00:00<00:04, 1531.18it/s]
 17%|█▋        | 1519/8810 [00:00<00:05, 1395.02it/s]
 19%|█▉        | 1662/8810 [00:01<00:05, 1362.57it/s]
 21%|██        | 1821/8810 [00:01<00:05, 1288.16it/s]
 22%|██▏       | 1963/8810 [00:01<00:05, 1319.95it/s]
 24%|██▍       | 2150/8810 [00:01<00:04, 1465.00it/s]
 26%|██▌       | 2300/8810 [00:01<00:05, 1279.17it/s]
 28%|██▊       | 2479/8810 [00:01<00:04, 1404.48it/s]
 30%|███       | 2669/8810 [00:01<00:04, 1530.70it/s]
 32%|███▏      | 2828/8810 [00:01<00:04, 1348.94it/s]
 34%|███▎      | 2971/8810 [00:02<00:04, 1351.34it/s]
 35%|███▌      | 3112/8810 [00:02<00:04, 1233.84it/s]
 37%|███▋      | 3241/8810 [00:02<00:04, 1242.12it/s]
 39%|███▊      | 3408/8810 [00:02<00:03, 1353.82it/s]
 40%|████      | 3548/8810 [00:02<00:04, 1226.75it/s]
 42%|████▏     | 3726/8810 [00:02<00:03, 1366.75it/s]
 44%|████▍     | 3868/8810 [00:02<00:03, 1277.06it/s]
 46%|████▌     | 4062/8810 [00:02<00:03, 1445.84it/s]
 48%|████▊     | 4212/8810 [00:02<00:03, 1352.63it/s]
 49%|████▉     | 4352/8810 [00:03<00:03, 1364.74it/s]
 51%|█████     | 4506/8810 [00:03<00:03, 1408.52it/s]
 53%|█████▎    | 4650/8810 [00:03<00:03, 1290.36it/s]
 54%|█████▍    | 4783/8810 [00:03<00:03, 1264.89it/s]
 56%|█████▌    | 4923/8810 [00:03<00:02, 1301.13it/s]
 57%|█████▋    | 5056/8810 [00:03<00:03, 1240.48it/s]
 59%|█████▉    | 5225/8810 [00:03<00:02, 1361.58it/s]
 61%|██████    | 5372/8810 [00:03<00:02, 1295.12it/s]
 63%|██████▎   | 5520/8810 [00:03<00:02, 1343.69it/s]
 64%|██████▍   | 5679/8810 [00:04<00:02, 1407.04it/s]
 66%|██████▌   | 5822/8810 [00:04<00:02, 1307.84it/s]
 68%|██████▊   | 5956/8810 [00:04<00:02, 1232.97it/s]
 69%|██████▉   | 6094/8810 [00:04<00:02, 1271.99it/s]
 71%|███████▏  | 6280/8810 [00:04<00:01, 1432.19it/s]
 73%|███████▎  | 6426/8810 [00:04<00:01, 1357.28it/s]
 75%|███████▌  | 6615/8810 [00:04<00:01, 1502.64it/s]
 77%|███████▋  | 6803/8810 [00:04<00:01, 1600.03it/s]
 79%|███████▉  | 6972/8810 [00:04<00:01, 1486.20it/s]
 81%|████████  | 7124/8810 [00:05<00:01, 1456.00it/s]
 83%|████████▎ | 7272/8810 [00:05<00:01, 1459.86it/s]
 84%|████████▍ | 7420/8810 [00:05<00:00, 1460.95it/s]
 86%|████████▌ | 7568/8810 [00:05<00:00, 1383.18it/s]
 88%|████████▊ | 7715/8810 [00:05<00:00, 1334.11it/s]
 89%|████████▉ | 7850/8810 [00:05<00:00, 1336.73it/s]
 91%|█████████ | 8006/8810 [00:05<00:00, 1393.56it/s]
 92%|█████████▏| 8147/8810 [00:05<00:00, 1260.42it/s]
 94%|█████████▍| 8310/8810 [00:05<00:00, 1355.97it/s]
 96%|█████████▌| 8449/8810 [00:06<00:00, 1243.88it/s]
 98%|█████████▊| 8627/8810 [00:06<00:00, 1382.71it/s]
100%|█████████▉| 8770/8810 [00:06<00:00, 1326.59it/s]
100%|██████████| 8810/8810 [00:06<00:00, 1383.91it/s]
