
  0%|          | 0/8810 [00:00<?, ?it/s]
  0%|          | 27/8810 [00:00<00:32, 267.47it/s]
  1%|          | 92/8810 [00:00<00:17, 487.02it/s]
  2%|▏         | 181/8810 [00:00<00:19, 448.25it/s]
  3%|▎         | 227/8810 [00:00<00:19, 442.48it/s]
  3%|▎         | 307/8810 [00:00<00:15, 540.00it/s]
  4%|▍         | 363/8810 [00:00<00:16, 506.81it/s]
  5%|▍         | 423/8810 [00:00<00:15, 531.12it/s]
  5%|▌         | 478/8810 [00:00<00:15, 527.32it/s]
  7%|▋         | 644/8810 [00:01<00:09, 849.97it/s]
  8%|▊         | 733/8810 [00:01<00:12, 629.14it/s]
  9%|▉         | 807/8810 [00:01<00:13, 586.58it/s]
 10%|▉         | 873/8810 [00:01<00:16, 495.99it/s]
 11%|█         | 930/8810 [00:01<00:16, 491.02it/s]
 11%|█         | 984/8810 [00:01<00:16, 478.11it/s]
 12%|█▏        | 1035/8810 [00:02<00:18, 411.41it/s]
 12%|█▏        | 1080/8810 [00:02<00:18, 407.66it/s]
 13%|█▎        | 1132/8810 [00:02<00:17, 428.36it/s]
 14%|█▎        | 1197/8810 [00:02<00:15, 481.34it/s]
 14%|█▍        | 1248/8810 [00:02<00:15, 484.36it/s]
 15%|█▍        | 1299/8810 [00:02<00:15, 478.43it/s]
 15%|█▌        | 1349/8810 [00:02<00:15, 483.17it/s]
 16%|█▌        | 1417/8810 [00:02<00:13, 532.14it/s]
 17%|█▋        | 1472/8810 [00:02<00:17, 416.66it/s]
 17%|█▋        | 1518/8810 [00:03<00:17, 413.35it/s]
 18%|█▊        | 1568/8810 [00:03<00:16, 431.64it/s]
 19%|█▊        | 1634/8810 [00:03<00:14, 487.20it/s]
 19%|█▉        | 1695/8810 [00:03<00:13, 519.69it/s]
 20%|██        | 1763/8810 [00:03<00:12, 557.62it/s]
 21%|██        | 1821/8810 [00:03<00:17, 394.51it/s]
 21%|██        | 1869/8810 [00:03<00:18, 383.59it/s]
 22%|██▏       | 1944/8810 [00:04<00:14, 465.09it/s]
 23%|██▎       | 2018/8810 [00:04<00:12, 531.71it/s]
 24%|██▎       | 2078/8810 [00:04<00:12, 540.14it/s]
 24%|██▍       | 2149/8810 [00:04<00:11, 581.75it/s]
 25%|██▌       | 2211/8810 [00:04<00:11, 564.28it/s]
 26%|██▌       | 2270/8810 [00:04<00:16, 393.26it/s]
 26%|██▋       | 2330/8810 [00:04<00:15, 426.00it/s]
 27%|██▋       | 2380/8810 [00:04<00:14, 430.65it/s]
 28%|██▊       | 2477/8810 [00:05<00:11, 548.18it/s]
 29%|██▉       | 2563/8810 [00:05<00:10, 620.18it/s]
 30%|██▉       | 2642/8810 [00:05<00:09, 663.13it/s]
 31%|███       | 2713/8810 [00:05<00:09, 658.25it/s]
 32%|███▏      | 2782/8810 [00:05<00:13, 459.32it/s]
 33%|███▎      | 2892/8810 [00:05<00:09, 594.43it/s]
 34%|███▎      | 2971/8810 [00:05<00:09, 623.24it/s]
 35%|███▍      | 3043/8810 [00:05<00:09, 608.92it/s]
 35%|███▌      | 3111/8810 [00:06<00:12, 444.69it/s]
 36%|███▋      | 3201/8810 [00:06<00:10, 535.17it/s]
 37%|███▋      | 3285/8810 [00:06<00:09, 600.53it/s]
 39%|███▊      | 3410/8810 [00:06<00:08, 665.70it/s]
 40%|███▉      | 3515/8810 [00:06<00:07, 738.70it/s]
 41%|████      | 3623/8810 [00:06<00:06, 810.17it/s]
 42%|████▏     | 3710/8810 [00:06<00:07, 685.39it/s]
 43%|████▎     | 3786/8810 [00:07<00:09, 535.24it/s]
 44%|████▎     | 3849/8810 [00:07<00:10, 482.39it/s]
 44%|████▍     | 3904/8810 [00:07<00:10, 490.35it/s]
 45%|████▍     | 3958/8810 [00:07<00:09, 492.13it/s]
 46%|████▌     | 4034/8810 [00:07<00:08, 549.61it/s]
 46%|████▋     | 4093/8810 [00:07<00:08, 544.31it/s]
 47%|████▋     | 4153/8810 [00:07<00:08, 550.81it/s]
 48%|████▊     | 4210/8810 [00:08<00:11, 389.40it/s]
 48%|████▊     | 4258/8810 [00:08<00:11, 406.99it/s]
 49%|████▉     | 4306/8810 [00:08<00:10, 418.29it/s]
 50%|████▉     | 4363/8810 [00:08<00:09, 445.14it/s]
 50%|█████     | 4422/8810 [00:08<00:09, 480.09it/s]
 51%|█████     | 4486/8810 [00:08<00:08, 509.67it/s]
 52%|█████▏    | 4540/8810 [00:08<00:08, 501.83it/s]
 52%|█████▏    | 4592/8810 [00:08<00:09, 451.12it/s]
 53%|█████▎    | 4639/8810 [00:09<00:11, 361.46it/s]
 53%|█████▎    | 4679/8810 [00:09<00:11, 363.60it/s]
 54%|█████▎    | 4719/8810 [00:09<00:11, 358.76it/s]
 54%|█████▍    | 4777/8810 [00:09<00:09, 407.99it/s]
 55%|█████▌    | 4874/8810 [00:09<00:07, 547.63it/s]
 56%|█████▌    | 4932/8810 [00:09<00:09, 418.41it/s]
 57%|█████▋    | 4981/8810 [00:09<00:08, 430.18it/s]
 57%|█████▋    | 5053/8810 [00:10<00:07, 498.30it/s]
 58%|█████▊    | 5108/8810 [00:10<00:07, 487.27it/s]
 59%|█████▊    | 5169/8810 [00:10<00:07, 515.78it/s]
 59%|█████▉    | 5224/8810 [00:10<00:07, 497.35it/s]
 61%|██████    | 5356/8810 [00:10<00:04, 713.76it/s]
 62%|██████▏   | 5432/8810 [00:10<00:05, 672.26it/s]
 63%|██████▎   | 5547/8810 [00:10<00:04, 796.27it/s]
 64%|██████▍   | 5637/8810 [00:10<00:04, 784.33it/s]
 65%|██████▍   | 5718/8810 [00:10<00:04, 733.11it/s]
 66%|██████▌   | 5794/8810 [00:11<00:05, 560.37it/s]
 66%|██████▋   | 5858/8810 [00:11<00:05, 540.17it/s]
 67%|██████▋   | 5917/8810 [00:11<00:06, 456.95it/s]
 68%|██████▊   | 5968/8810 [00:11<00:06, 456.98it/s]
 69%|██████▊   | 6036/8810 [00:11<00:06, 416.35it/s]
 69%|██████▉   | 6101/8810 [00:11<00:05, 464.38it/s]
 70%|██████▉   | 6152/8810 [00:12<00:05, 460.62it/s]
 70%|███████   | 6208/8810 [00:12<00:05, 477.19it/s]
 71%|███████▏  | 6279/8810 [00:12<00:04, 531.13it/s]
 72%|███████▏  | 6335/8810 [00:12<00:04, 518.39it/s]
 73%|███████▎  | 6399/8810 [00:12<00:04, 545.25it/s]
 73%|███████▎  | 6455/8810 [00:12<00:05, 454.02it/s]
 74%|███████▍  | 6504/8810 [00:12<00:05, 428.77it/s]
 75%|███████▍  | 6571/8810 [00:12<00:04, 487.10it/s]
 75%|███████▌  | 6648/8810 [00:12<00:03, 556.27it/s]
 76%|███████▌  | 6707/8810 [00:13<00:03, 561.42it/s]
 77%|███████▋  | 6766/8810 [00:13<00:04, 456.90it/s]
 77%|███████▋  | 6817/8810 [00:13<00:05, 391.93it/s]
 78%|███████▊  | 6861/8810 [00:13<00:05, 380.68it/s]
 78%|███████▊  | 6902/8810 [00:13<00:05, 368.99it/s]
 79%|███████▉  | 6946/8810 [00:13<00:04, 382.09it/s]
 79%|███████▉  | 6986/8810 [00:14<00:07, 255.26it/s]
 80%|███████▉  | 7018/8810 [00:14<00:07, 254.48it/s]
 80%|████████  | 7055/8810 [00:14<00:06, 275.69it/s]
 81%|████████  | 7093/8810 [00:14<00:05, 297.70it/s]
 81%|████████  | 7127/8810 [00:14<00:05, 302.11it/s]
 81%|████████▏ | 7160/8810 [00:14<00:05, 295.91it/s]
 82%|████████▏ | 7192/8810 [00:14<00:06, 253.07it/s]
 82%|████████▏ | 7220/8810 [00:14<00:06, 246.33it/s]
 82%|████████▏ | 7247/8810 [00:15<00:06, 236.87it/s]
 83%|████████▎ | 7274/8810 [00:15<00:06, 236.54it/s]
 83%|████████▎ | 7307/8810 [00:15<00:06, 247.42it/s]
 83%|████████▎ | 7342/8810 [00:15<00:05, 261.97it/s]
 84%|████████▎ | 7369/8810 [00:15<00:08, 164.09it/s]
 84%|████████▍ | 7409/8810 [00:15<00:06, 206.54it/s]
 84%|████████▍ | 7436/8810 [00:15<00:06, 213.39it/s]
 85%|████████▍ | 7462/8810 [00:16<00:06, 203.43it/s]
 85%|████████▍ | 7486/8810 [00:16<00:07, 183.99it/s]
 85%|████████▌ | 7507/8810 [00:16<00:07, 181.68it/s]
 86%|████████▌ | 7533/8810 [00:16<00:06, 199.33it/s]
 86%|████████▌ | 7558/8810 [00:16<00:05, 210.14it/s]
 86%|████████▋ | 7620/8810 [00:16<00:03, 310.14it/s]
 87%|████████▋ | 7653/8810 [00:16<00:03, 310.04it/s]
 87%|████████▋ | 7686/8810 [00:16<00:03, 314.88it/s]
 88%|████████▊ | 7719/8810 [00:17<00:04, 239.73it/s]
 88%|████████▊ | 7747/8810 [00:17<00:04, 241.15it/s]
 88%|████████▊ | 7774/8810 [00:17<00:04, 236.32it/s]
 89%|████████▊ | 7801/8810 [00:17<00:04, 237.17it/s]
 89%|████████▉ | 7826/8810 [00:17<00:04, 217.27it/s]
 89%|████████▉ | 7868/8810 [00:17<00:03, 264.92it/s]
 90%|████████▉ | 7911/8810 [00:17<00:03, 294.30it/s]
 90%|█████████ | 7942/8810 [00:17<00:03, 284.52it/s]
 90%|█████████ | 7972/8810 [00:18<00:03, 271.51it/s]
 91%|█████████ | 8001/8810 [00:18<00:03, 267.34it/s]
 91%|█████████ | 8031/8810 [00:18<00:02, 275.54it/s]
 91%|█████████▏| 8059/8810 [00:18<00:04, 187.13it/s]
 92%|█████████▏| 8098/8810 [00:18<00:03, 227.22it/s]
 92%|█████████▏| 8125/8810 [00:18<00:03, 212.82it/s]
 93%|█████████▎| 8159/8810 [00:18<00:02, 239.77it/s]
 93%|█████████▎| 8189/8810 [00:19<00:02, 250.60it/s]
 93%|█████████▎| 8217/8810 [00:19<00:02, 256.35it/s]
 94%|█████████▍| 8261/8810 [00:19<00:01, 300.51it/s]
 94%|█████████▍| 8311/8810 [00:19<00:01, 354.52it/s]
 95%|█████████▍| 8349/8810 [00:19<00:01, 274.30it/s]
 95%|█████████▌| 8381/8810 [00:19<00:02, 167.43it/s]
 95%|█████████▌| 8406/8810 [00:20<00:02, 175.37it/s]
 96%|█████████▌| 8430/8810 [00:20<00:02, 175.78it/s]
 96%|█████████▌| 8472/8810 [00:20<00:01, 223.54it/s]
 97%|█████████▋| 8517/8810 [00:20<00:01, 265.50it/s]
 97%|█████████▋| 8551/8810 [00:20<00:00, 271.35it/s]
 97%|█████████▋| 8583/8810 [00:20<00:00, 282.52it/s]
 98%|█████████▊| 8614/8810 [00:20<00:00, 283.74it/s]
 98%|█████████▊| 8645/8810 [00:20<00:00, 262.90it/s]
 99%|█████████▊| 8686/8810 [00:21<00:00, 291.68it/s]
 99%|█████████▉| 8717/8810 [00:21<00:00, 186.10it/s]
 99%|█████████▉| 8762/8810 [00:21<00:00, 233.93it/s]
100%|█████████▉| 8808/8810 [00:21<00:00, 276.85it/s]
100%|██████████| 8810/8810 [00:21<00:00, 408.59it/s]
