
  0%|          | 0/8810 [00:00<?, ?it/s]
  2%|▏         | 164/8810 [00:00<00:05, 1628.28it/s]
  4%|▎         | 327/8810 [00:00<00:05, 1473.62it/s]
  5%|▌         | 476/8810 [00:00<00:05, 1447.02it/s]
  7%|▋         | 656/8810 [00:00<00:05, 1483.67it/s]
  9%|▉         | 805/8810 [00:00<00:05, 1469.17it/s]
 11%|█         | 952/8810 [00:00<00:05, 1442.63it/s]
 12%|█▏        | 1097/8810 [00:00<00:05, 1350.15it/s]
 14%|█▍        | 1266/8810 [00:00<00:05, 1444.42it/s]
 16%|█▋        | 1449/8810 [00:00<00:04, 1556.90it/s]
 18%|█▊        | 1607/8810 [00:01<00:05, 1406.93it/s]
 21%|██        | 1811/8810 [00:01<00:04, 1579.46it/s]
 22%|██▏       | 1974/8810 [00:01<00:05, 1280.26it/s]
 25%|██▍       | 2168/8810 [00:01<00:04, 1439.46it/s]
 26%|██▋       | 2324/8810 [00:01<00:04, 1309.91it/s]
 28%|██▊       | 2490/8810 [00:01<00:04, 1394.99it/s]
 30%|███       | 2670/8810 [00:01<00:04, 1494.63it/s]
 32%|███▏      | 2827/8810 [00:01<00:04, 1389.57it/s]
 34%|███▍      | 3005/8810 [00:02<00:03, 1485.52it/s]
 36%|███▌      | 3160/8810 [00:02<00:04, 1402.41it/s]
 38%|███▊      | 3317/8810 [00:02<00:03, 1445.05it/s]
 39%|███▉      | 3466/8810 [00:02<00:04, 1308.10it/s]
 41%|████▏     | 3649/8810 [00:02<00:03, 1443.86it/s]
 43%|████▎     | 3799/8810 [00:02<00:03, 1405.07it/s]
 45%|████▌     | 3980/8810 [00:02<00:03, 1514.45it/s]
 47%|████▋     | 4170/8810 [00:02<00:02, 1619.38it/s]
 49%|████▉     | 4336/8810 [00:03<00:03, 1467.52it/s]
 51%|█████▏    | 4521/8810 [00:03<00:02, 1564.34it/s]
 53%|█████▎    | 4682/8810 [00:03<00:02, 1430.44it/s]
 55%|█████▌    | 4852/8810 [00:03<00:02, 1499.85it/s]
 57%|█████▋    | 5007/8810 [00:03<00:02, 1343.50it/s]
 59%|█████▊    | 5174/8810 [00:03<00:02, 1420.96it/s]
 61%|██████    | 5338/8810 [00:03<00:02, 1472.81it/s]
 62%|██████▏   | 5490/8810 [00:03<00:02, 1395.50it/s]
 64%|██████▍   | 5680/8810 [00:03<00:02, 1528.56it/s]
 66%|██████▋   | 5837/8810 [00:04<00:02, 1428.90it/s]
 68%|██████▊   | 5984/8810 [00:04<00:02, 1355.32it/s]
 70%|██████▉   | 6123/8810 [00:04<00:02, 1257.08it/s]
 71%|███████▏  | 6297/8810 [00:04<00:01, 1378.87it/s]
 73%|███████▎  | 6439/8810 [00:04<00:01, 1293.88it/s]
 75%|███████▍  | 6604/8810 [00:04<00:01, 1385.81it/s]
 77%|███████▋  | 6803/8810 [00:04<00:01, 1547.79it/s]
 79%|███████▉  | 6972/8810 [00:04<00:01, 1441.79it/s]
 81%|████████  | 7131/8810 [00:04<00:01, 1480.40it/s]
 83%|████████▎ | 7283/8810 [00:05<00:01, 1468.88it/s]
 84%|████████▍ | 7433/8810 [00:05<00:00, 1452.57it/s]
 86%|████████▌ | 7580/8810 [00:05<00:00, 1358.23it/s]
 88%|████████▊ | 7718/8810 [00:05<00:00, 1276.48it/s]
 89%|████████▉ | 7848/8810 [00:05<00:00, 1273.89it/s]
 91%|█████████ | 8005/8810 [00:05<00:00, 1351.38it/s]
 92%|█████████▏| 8142/8810 [00:05<00:00, 1174.91it/s]
 94%|█████████▍| 8288/8810 [00:05<00:00, 1248.30it/s]
 96%|█████████▌| 8418/8810 [00:06<00:00, 1154.42it/s]
 98%|█████████▊| 8596/8810 [00:06<00:00, 1313.07it/s]
 99%|█████████▉| 8733/8810 [00:06<00:00, 1220.55it/s]
100%|██████████| 8810/8810 [00:06<00:00, 1398.24it/s]
