
  0%|          | 0/8810 [00:00<?, ?it/s]
  2%|▏         | 181/8810 [00:00<00:05, 1544.30it/s]
  5%|▍         | 427/8810 [00:00<00:04, 2041.19it/s]
  7%|▋         | 656/8810 [00:00<00:04, 1966.68it/s]
 10%|▉         | 866/8810 [00:00<00:03, 2009.89it/s]
 12%|█▏        | 1069/8810 [00:00<00:04, 1811.75it/s]
 15%|█▍        | 1312/8810 [00:00<00:03, 1995.48it/s]
 17%|█▋        | 1516/8810 [00:00<00:04, 1788.00it/s]
 20%|██        | 1777/8810 [00:00<00:03, 2014.37it/s]
 23%|██▎       | 1986/8810 [00:01<00:03, 1831.34it/s]
 25%|██▌       | 2221/8810 [00:01<00:03, 1969.05it/s]
 28%|██▊       | 2425/8810 [00:01<00:03, 1863.57it/s]
 30%|███       | 2668/8810 [00:01<00:03, 2013.69it/s]
 33%|███▎      | 2875/8810 [00:01<00:03, 1866.82it/s]
 35%|███▍      | 3068/8810 [00:01<00:03, 1687.87it/s]
 37%|███▋      | 3269/8810 [00:01<00:03, 1767.89it/s]
 39%|███▉      | 3452/8810 [00:01<00:03, 1656.60it/s]
 42%|████▏     | 3679/8810 [00:01<00:02, 1814.13it/s]
 44%|████▍     | 3866/8810 [00:02<00:02, 1711.83it/s]
 47%|████▋     | 4124/8810 [00:02<00:02, 1942.56it/s]
 49%|████▉     | 4325/8810 [00:02<00:02, 1798.97it/s]
 52%|█████▏    | 4549/8810 [00:02<00:02, 1909.52it/s]
 54%|█████▍    | 4746/8810 [00:02<00:02, 1703.84it/s]
 56%|█████▌    | 4932/8810 [00:02<00:02, 1616.43it/s]
 58%|█████▊    | 5153/8810 [00:02<00:02, 1763.54it/s]
 61%|██████    | 5372/8810 [00:02<00:02, 1699.85it/s]
 64%|██████▎   | 5595/8810 [00:03<00:01, 1835.17it/s]
 66%|██████▌   | 5785/8810 [00:03<00:01, 1742.54it/s]
 68%|██████▊   | 5964/8810 [00:03<00:01, 1668.94it/s]
 70%|██████▉   | 6135/8810 [00:03<00:01, 1608.27it/s]
 72%|███████▏  | 6350/8810 [00:03<00:01, 1747.67it/s]
 74%|███████▍  | 6528/8810 [00:03<00:01, 1644.91it/s]
 77%|███████▋  | 6794/8810 [00:03<00:01, 1916.62it/s]
 79%|███████▉  | 6991/8810 [00:03<00:00, 1839.14it/s]
 82%|████████▏ | 7183/8810 [00:03<00:00, 1858.64it/s]
 84%|████████▎ | 7372/8810 [00:04<00:00, 1783.83it/s]
 86%|████████▌ | 7553/8810 [00:04<00:00, 1731.23it/s]
 88%|████████▊ | 7728/8810 [00:04<00:00, 1681.56it/s]
 90%|█████████ | 7930/8810 [00:04<00:00, 1774.69it/s]
 92%|█████████▏| 8110/8810 [00:04<00:00, 1543.24it/s]
 94%|█████████▍| 8275/8810 [00:04<00:00, 1567.68it/s]
 96%|█████████▌| 8437/8810 [00:04<00:00, 1489.62it/s]
 98%|█████████▊| 8629/8810 [00:04<00:00, 1602.37it/s]
100%|█████████▉| 8794/8810 [00:05<00:00, 1487.18it/s]
100%|██████████| 8810/8810 [00:05<00:00, 1753.07it/s]
