
  0%|          | 0/8810 [00:00<?, ?it/s]
  2%|▏         | 181/8810 [00:00<00:05, 1493.56it/s]
  5%|▍         | 419/8810 [00:00<00:04, 1971.19it/s]
  7%|▋         | 655/8810 [00:00<00:03, 2132.67it/s]
 10%|▉         | 872/8810 [00:00<00:04, 1828.85it/s]
 12%|█▏        | 1062/8810 [00:00<00:04, 1741.37it/s]
 14%|█▍        | 1259/8810 [00:00<00:04, 1807.62it/s]
 17%|█▋        | 1457/8810 [00:00<00:04, 1691.48it/s]
 19%|█▉        | 1652/8810 [00:00<00:04, 1761.05it/s]
 21%|██        | 1832/8810 [00:01<00:04, 1620.17it/s]
 23%|██▎       | 2035/8810 [00:01<00:03, 1730.83it/s]
 25%|██▌       | 2213/8810 [00:01<00:03, 1744.09it/s]
 27%|██▋       | 2391/8810 [00:01<00:04, 1579.81it/s]
 30%|███       | 2643/8810 [00:01<00:03, 1821.77it/s]
 32%|███▏      | 2831/8810 [00:01<00:03, 1649.50it/s]
 35%|███▍      | 3057/8810 [00:01<00:03, 1650.03it/s]
 37%|███▋      | 3233/8810 [00:01<00:03, 1674.79it/s]
 39%|███▊      | 3410/8810 [00:02<00:03, 1562.92it/s]
 41%|████▏     | 3648/8810 [00:02<00:02, 1769.94it/s]
 43%|████▎     | 3831/8810 [00:02<00:02, 1718.55it/s]
 46%|████▌     | 4062/8810 [00:02<00:02, 1876.19it/s]
 48%|████▊     | 4254/8810 [00:02<00:02, 1811.08it/s]
 51%|█████     | 4486/8810 [00:02<00:02, 1950.58it/s]
 53%|█████▎    | 4685/8810 [00:02<00:02, 1718.38it/s]
 55%|█████▌    | 4864/8810 [00:02<00:02, 1711.38it/s]
 57%|█████▋    | 5040/8810 [00:02<00:02, 1608.48it/s]
 59%|█████▉    | 5224/8810 [00:03<00:02, 1664.30it/s]
 61%|██████    | 5394/8810 [00:03<00:02, 1562.55it/s]
 63%|██████▎   | 5586/8810 [00:03<00:01, 1656.33it/s]
 65%|██████▌   | 5755/8810 [00:03<00:01, 1600.57it/s]
 67%|██████▋   | 5918/8810 [00:03<00:01, 1526.52it/s]
 69%|██████▉   | 6073/8810 [00:03<00:01, 1468.25it/s]
 71%|███████   | 6232/8810 [00:03<00:01, 1500.78it/s]
 73%|███████▎  | 6400/8810 [00:03<00:01, 1470.98it/s]
 75%|███████▌  | 6626/8810 [00:03<00:01, 1684.40it/s]
 78%|███████▊  | 6861/8810 [00:04<00:01, 1865.37it/s]
 80%|████████  | 7051/8810 [00:04<00:00, 1764.61it/s]
 82%|████████▏ | 7235/8810 [00:04<00:00, 1782.08it/s]
 84%|████████▍ | 7416/8810 [00:04<00:00, 1784.16it/s]
 86%|████████▌ | 7596/8810 [00:04<00:00, 1779.83it/s]
 88%|████████▊ | 7776/8810 [00:04<00:00, 1636.07it/s]
 91%|█████████ | 7974/8810 [00:04<00:00, 1727.18it/s]
 93%|█████████▎| 8150/8810 [00:04<00:00, 1483.11it/s]
 95%|█████████▍| 8334/8810 [00:04<00:00, 1570.54it/s]
 96%|█████████▋| 8498/8810 [00:05<00:00, 1480.92it/s]
 99%|█████████▊| 8695/8810 [00:05<00:00, 1608.15it/s]
100%|██████████| 8810/8810 [00:05<00:00, 1674.69it/s]
