
  0%|          | 0/8810 [00:00<?, ?it/s]
  2%|▏         | 181/8810 [00:00<00:05, 1438.75it/s]
  6%|▌         | 488/8810 [00:00<00:03, 2301.53it/s]
  8%|▊         | 728/8810 [00:00<00:03, 2099.37it/s]
 11%|█         | 945/8810 [00:00<00:03, 2067.23it/s]
 13%|█▎        | 1156/8810 [00:00<00:04, 1777.81it/s]
 16%|█▌        | 1391/8810 [00:00<00:03, 1940.64it/s]
 18%|█▊        | 1593/8810 [00:00<00:04, 1770.81it/s]
 20%|██        | 1800/8810 [00:00<00:03, 1850.95it/s]
 23%|██▎       | 1991/8810 [00:01<00:04, 1691.05it/s]
 26%|██▌       | 2258/8810 [00:01<00:03, 1949.90it/s]
 28%|██▊       | 2461/8810 [00:01<00:03, 1790.35it/s]
 31%|███       | 2707/8810 [00:01<00:03, 1965.41it/s]
 33%|███▎      | 2912/8810 [00:01<00:03, 1735.10it/s]
 35%|███▌      | 3095/8810 [00:01<00:03, 1626.87it/s]
 37%|███▋      | 3265/8810 [00:01<00:03, 1624.74it/s]
 39%|███▉      | 3433/8810 [00:01<00:03, 1530.58it/s]
 41%|████      | 3633/8810 [00:02<00:03, 1649.98it/s]
 43%|████▎     | 3803/8810 [00:02<00:03, 1536.85it/s]
 46%|████▌     | 4017/8810 [00:02<00:02, 1690.77it/s]
 48%|████▊     | 4191/8810 [00:02<00:02, 1602.47it/s]
 50%|████▉     | 4397/8810 [00:02<00:02, 1724.77it/s]
 52%|█████▏    | 4580/8810 [00:02<00:02, 1753.23it/s]
 54%|█████▍    | 4759/8810 [00:02<00:02, 1614.20it/s]
 56%|█████▌    | 4932/8810 [00:02<00:02, 1480.62it/s]
 58%|█████▊    | 5141/8810 [00:02<00:02, 1636.19it/s]
 61%|██████    | 5337/8810 [00:03<00:02, 1722.69it/s]
 63%|██████▎   | 5515/8810 [00:03<00:02, 1545.56it/s]
 65%|██████▌   | 5752/8810 [00:03<00:01, 1759.04it/s]
 67%|██████▋   | 5936/8810 [00:03<00:01, 1517.90it/s]
 69%|██████▉   | 6099/8810 [00:03<00:01, 1505.19it/s]
 72%|███████▏  | 6305/8810 [00:03<00:01, 1647.11it/s]
 74%|███████▎  | 6478/8810 [00:03<00:01, 1519.27it/s]
 76%|███████▋  | 6731/8810 [00:03<00:01, 1777.55it/s]
 79%|███████▉  | 6959/8810 [00:04<00:00, 1910.99it/s]
 81%|████████  | 7158/8810 [00:04<00:00, 1704.85it/s]
 84%|████████▎ | 7360/8810 [00:04<00:00, 1636.87it/s]
 85%|████████▌ | 7531/8810 [00:04<00:00, 1635.63it/s]
 88%|████████▊ | 7715/8810 [00:04<00:00, 1580.02it/s]
 89%|████████▉ | 7878/8810 [00:04<00:00, 1590.94it/s]
 91%|█████████▏| 8040/8810 [00:04<00:00, 1468.36it/s]
 93%|█████████▎| 8213/8810 [00:04<00:00, 1534.93it/s]
 95%|█████████▌| 8370/8810 [00:05<00:00, 1437.16it/s]
 97%|█████████▋| 8583/8810 [00:05<00:00, 1620.69it/s]
 99%|█████████▉| 8750/8810 [00:05<00:00, 1473.53it/s]
100%|██████████| 8810/8810 [00:05<00:00, 1668.35it/s]
