
  0%|          | 0/8810 [00:00<?, ?it/s]
  2%|▏         | 181/8810 [00:00<00:06, 1342.06it/s]
  4%|▍         | 383/8810 [00:00<00:05, 1683.59it/s]
  7%|▋         | 582/8810 [00:00<00:04, 1813.02it/s]
  9%|▊         | 767/8810 [00:00<00:05, 1598.12it/s]
 11%|█         | 945/8810 [00:00<00:04, 1653.57it/s]
 13%|█▎        | 1115/8810 [00:00<00:05, 1537.55it/s]
 15%|█▍        | 1310/8810 [00:00<00:04, 1656.59it/s]
 17%|█▋        | 1480/8810 [00:00<00:04, 1540.25it/s]
 19%|█▉        | 1670/8810 [00:01<00:04, 1639.68it/s]
 21%|██        | 1838/8810 [00:01<00:04, 1536.65it/s]
 23%|██▎       | 2034/8810 [00:01<00:04, 1651.21it/s]
 25%|██▌       | 2219/8810 [00:01<00:03, 1699.89it/s]
 27%|██▋       | 2392/8810 [00:01<00:04, 1561.20it/s]
 30%|██▉       | 2627/8810 [00:01<00:03, 1771.68it/s]
 32%|███▏      | 2809/8810 [00:01<00:03, 1650.59it/s]
 34%|███▍      | 3004/8810 [00:01<00:03, 1726.45it/s]
 36%|███▌      | 3181/8810 [00:01<00:03, 1573.98it/s]
 38%|███▊      | 3373/8810 [00:02<00:03, 1664.58it/s]
 40%|████      | 3545/8810 [00:02<00:03, 1539.86it/s]
 43%|████▎     | 3756/8810 [00:02<00:02, 1690.01it/s]
 45%|████▍     | 3931/8810 [00:02<00:03, 1544.26it/s]
 47%|████▋     | 4148/8810 [00:02<00:02, 1706.62it/s]
 49%|████▉     | 4325/8810 [00:02<00:02, 1566.26it/s]
 51%|█████▏    | 4524/8810 [00:02<00:02, 1674.36it/s]
 53%|█████▎    | 4698/8810 [00:02<00:02, 1417.76it/s]
 55%|█████▌    | 4870/8810 [00:03<00:02, 1491.60it/s]
 57%|█████▋    | 5028/8810 [00:03<00:02, 1385.34it/s]
 59%|█████▉    | 5219/8810 [00:03<00:02, 1516.91it/s]
 61%|██████    | 5378/8810 [00:03<00:02, 1460.18it/s]
 63%|██████▎   | 5579/8810 [00:03<00:02, 1604.00it/s]
 65%|██████▌   | 5754/8810 [00:03<00:01, 1572.76it/s]
 67%|██████▋   | 5916/8810 [00:03<00:01, 1524.47it/s]
 69%|██████▉   | 6072/8810 [00:03<00:01, 1460.98it/s]
 71%|███████   | 6223/8810 [00:03<00:01, 1467.04it/s]
 73%|███████▎  | 6400/8810 [00:04<00:01, 1434.58it/s]
 75%|███████▍  | 6592/8810 [00:04<00:01, 1561.89it/s]
 77%|███████▋  | 6824/8810 [00:04<00:01, 1771.52it/s]
 80%|███████▉  | 7005/8810 [00:04<00:01, 1685.13it/s]
 81%|████████▏ | 7177/8810 [00:04<00:00, 1682.44it/s]
 84%|████████▎ | 7360/8810 [00:04<00:00, 1562.86it/s]
 85%|████████▌ | 7520/8810 [00:04<00:00, 1559.44it/s]
 88%|████████▊ | 7713/8810 [00:04<00:00, 1660.45it/s]
 89%|████████▉ | 7882/8810 [00:04<00:00, 1503.12it/s]
 91%|█████████ | 8037/8810 [00:05<00:00, 1369.13it/s]
 93%|█████████▎| 8195/8810 [00:05<00:00, 1420.14it/s]
 95%|█████████▍| 8361/8810 [00:05<00:00, 1359.66it/s]
 97%|█████████▋| 8514/8810 [00:05<00:00, 1402.72it/s]
 99%|█████████▊| 8692/8810 [00:05<00:00, 1504.06it/s]
100%|██████████| 8810/8810 [00:05<00:00, 1558.53it/s]
