
  0%|          | 0/8810 [00:00<?, ?it/s]
  2%|▏         | 144/8810 [00:00<00:06, 1439.48it/s]
  3%|▎         | 288/8810 [00:00<00:07, 1146.72it/s]
  5%|▍         | 440/8810 [00:00<00:06, 1290.42it/s]
  7%|▋         | 618/8810 [00:00<00:05, 1459.75it/s]
  9%|▊         | 768/8810 [00:00<00:06, 1272.74it/s]
 10%|█         | 904/8810 [00:00<00:06, 1297.75it/s]
 12%|█▏        | 1038/8810 [00:00<00:06, 1184.00it/s]
 13%|█▎        | 1173/8810 [00:00<00:06, 1229.47it/s]
 15%|█▌        | 1323/8810 [00:01<00:05, 1305.21it/s]
 17%|█▋        | 1457/8810 [00:01<00:06, 1169.48it/s]
 18%|█▊        | 1579/8810 [00:01<00:06, 1131.27it/s]
 20%|██        | 1762/8810 [00:01<00:05, 1317.09it/s]
 22%|██▏       | 1899/8810 [00:01<00:05, 1167.33it/s]
 23%|██▎       | 2067/8810 [00:01<00:05, 1298.34it/s]
 26%|██▌       | 2259/8810 [00:01<00:04, 1457.91it/s]
 27%|██▋       | 2411/8810 [00:01<00:05, 1271.35it/s]
 30%|██▉       | 2619/8810 [00:02<00:04, 1475.38it/s]
 32%|███▏      | 2776/8810 [00:02<00:04, 1235.13it/s]
 33%|███▎      | 2912/8810 [00:02<00:04, 1200.62it/s]
 35%|███▍      | 3057/8810 [00:02<00:04, 1152.42it/s]
 36%|███▌      | 3179/8810 [00:02<00:05, 1108.35it/s]
 38%|███▊      | 3312/8810 [00:02<00:04, 1162.84it/s]
 39%|███▉      | 3433/8810 [00:02<00:05, 1072.18it/s]
 40%|████      | 3560/8810 [00:02<00:04, 1120.20it/s]
 42%|████▏     | 3729/8810 [00:03<00:03, 1270.72it/s]
 44%|████▍     | 3861/8810 [00:03<00:04, 1127.36it/s]
 45%|████▌     | 3980/8810 [00:03<00:04, 1033.11it/s]
 47%|████▋     | 4152/8810 [00:03<00:03, 1196.78it/s]
 49%|████▊     | 4278/8810 [00:03<00:04, 1105.24it/s]
 50%|█████     | 4419/8810 [00:03<00:03, 1176.97it/s]
 52%|█████▏    | 4566/8810 [00:03<00:03, 1254.18it/s]
 53%|█████▎    | 4696/8810 [00:03<00:03, 1106.48it/s]
 55%|█████▍    | 4813/8810 [00:03<00:03, 1114.33it/s]
 56%|█████▌    | 4929/8810 [00:04<00:03, 991.82it/s] 
 57%|█████▋    | 5033/8810 [00:04<00:03, 955.33it/s]
 59%|█████▉    | 5192/8810 [00:04<00:03, 1113.51it/s]
 61%|██████    | 5345/8810 [00:04<00:02, 1221.91it/s]
 62%|██████▏   | 5472/8810 [00:04<00:02, 1133.40it/s]
 64%|██████▍   | 5664/8810 [00:04<00:02, 1340.52it/s]
 66%|██████▌   | 5804/8810 [00:04<00:02, 1229.96it/s]
 67%|██████▋   | 5933/8810 [00:04<00:02, 1224.05it/s]
 69%|██████▉   | 6060/8810 [00:05<00:02, 1162.42it/s]
 70%|███████   | 6205/8810 [00:05<00:02, 1237.47it/s]
 72%|███████▏  | 6359/8810 [00:05<00:01, 1314.51it/s]
 74%|███████▎  | 6494/8810 [00:05<00:01, 1168.62it/s]
 76%|███████▌  | 6689/8810 [00:05<00:01, 1371.84it/s]
 78%|███████▊  | 6850/8810 [00:05<00:01, 1436.50it/s]
 79%|███████▉  | 6999/8810 [00:05<00:01, 1256.52it/s]
 81%|████████  | 7132/8810 [00:05<00:01, 1250.14it/s]
 82%|████████▏ | 7262/8810 [00:05<00:01, 1239.73it/s]
 84%|████████▍ | 7390/8810 [00:06<00:01, 1214.64it/s]
 85%|████████▌ | 7514/8810 [00:06<00:01, 1153.04it/s]
 87%|████████▋ | 7639/8810 [00:06<00:00, 1177.70it/s]
 88%|████████▊ | 7759/8810 [00:06<00:01, 1018.10it/s]
 89%|████████▉ | 7876/8810 [00:06<00:00, 1055.14it/s]
 91%|█████████ | 8002/8810 [00:06<00:00, 1104.87it/s]
 92%|█████████▏| 8116/8810 [00:06<00:00, 988.02it/s] 
 93%|█████████▎| 8228/8810 [00:06<00:00, 1020.31it/s]
 95%|█████████▍| 8358/8810 [00:07<00:00, 1091.99it/s]
 96%|█████████▌| 8471/8810 [00:07<00:00, 929.81it/s] 
 98%|█████████▊| 8623/8810 [00:07<00:00, 1077.30it/s]
 99%|█████████▉| 8738/8810 [00:07<00:00, 1002.22it/s]
100%|██████████| 8810/8810 [00:07<00:00, 1178.79it/s]
