
  0%|          | 0/8810 [00:00<?, ?it/s]
  2%|▏         | 181/8810 [00:00<00:06, 1328.24it/s]
  5%|▍         | 407/8810 [00:00<00:04, 1791.92it/s]
  7%|▋         | 617/8810 [00:00<00:04, 1904.45it/s]
  9%|▉         | 812/8810 [00:00<00:04, 1641.35it/s]
 11%|█▏        | 996/8810 [00:00<00:05, 1545.76it/s]
 14%|█▍        | 1226/8810 [00:00<00:04, 1756.73it/s]
 16%|█▋        | 1435/8810 [00:00<00:03, 1852.13it/s]
 18%|█▊        | 1626/8810 [00:00<00:04, 1690.83it/s]
 21%|██        | 1821/8810 [00:01<00:04, 1618.16it/s]
 23%|██▎       | 1988/8810 [00:01<00:04, 1629.64it/s]
 25%|██▌       | 2221/8810 [00:01<00:03, 1819.60it/s]
 27%|██▋       | 2408/8810 [00:01<00:03, 1677.91it/s]
 30%|███       | 2643/8810 [00:01<00:03, 1854.74it/s]
 32%|███▏      | 2834/8810 [00:01<00:03, 1613.93it/s]
 34%|███▍      | 3004/8810 [00:01<00:03, 1612.37it/s]
 36%|███▌      | 3172/8810 [00:01<00:03, 1485.56it/s]
 38%|███▊      | 3327/8810 [00:02<00:03, 1499.56it/s]
 40%|███▉      | 3481/8810 [00:02<00:03, 1367.86it/s]
 42%|████▏     | 3686/8810 [00:02<00:03, 1536.38it/s]
 44%|████▎     | 3846/8810 [00:02<00:03, 1400.60it/s]
 46%|████▌     | 4028/8810 [00:02<00:03, 1504.96it/s]
 47%|████▋     | 4184/8810 [00:02<00:03, 1429.79it/s]
 50%|████▉     | 4389/8810 [00:02<00:02, 1591.33it/s]
 52%|█████▏    | 4554/8810 [00:02<00:02, 1555.80it/s]
 54%|█████▎    | 4714/8810 [00:02<00:02, 1409.32it/s]
 55%|█████▌    | 4863/8810 [00:03<00:02, 1429.81it/s]
 57%|█████▋    | 5010/8810 [00:03<00:02, 1305.98it/s]
 59%|█████▉    | 5180/8810 [00:03<00:02, 1408.12it/s]
 61%|██████    | 5364/8810 [00:03<00:02, 1522.91it/s]
 63%|██████▎   | 5521/8810 [00:03<00:02, 1422.22it/s]
 65%|██████▍   | 5715/8810 [00:03<00:01, 1561.64it/s]
 67%|██████▋   | 5876/8810 [00:03<00:02, 1409.95it/s]
 68%|██████▊   | 6023/8810 [00:03<00:02, 1356.07it/s]
 70%|██████▉   | 6163/8810 [00:04<00:01, 1334.78it/s]
 72%|███████▏  | 6322/8810 [00:04<00:01, 1401.69it/s]
 73%|███████▎  | 6465/8810 [00:04<00:01, 1275.20it/s]
 75%|███████▌  | 6641/8810 [00:04<00:01, 1401.37it/s]
 78%|███████▊  | 6828/8810 [00:04<00:01, 1527.43it/s]
 79%|███████▉  | 6985/8810 [00:04<00:01, 1434.43it/s]
 81%|████████  | 7133/8810 [00:04<00:01, 1433.32it/s]
 83%|████████▎ | 7332/8810 [00:04<00:00, 1582.44it/s]
 85%|████████▌ | 7494/8810 [00:04<00:00, 1417.80it/s]
 88%|████████▊ | 7715/8810 [00:05<00:00, 1511.63it/s]
 90%|████████▉ | 7919/8810 [00:05<00:00, 1647.86it/s]
 92%|█████████▏| 8088/8810 [00:05<00:00, 1505.63it/s]
 94%|█████████▎| 8258/8810 [00:05<00:00, 1555.80it/s]
 96%|█████████▌| 8418/8810 [00:05<00:00, 1420.24it/s]
 98%|█████████▊| 8619/8810 [00:05<00:00, 1568.68it/s]
100%|█████████▉| 8782/8810 [00:05<00:00, 1461.74it/s]
100%|██████████| 8810/8810 [00:05<00:00, 1523.03it/s]
