
  0%|          | 0/8810 [00:00<?, ?it/s]
  2%|▏         | 175/8810 [00:00<00:04, 1739.71it/s]
  4%|▍         | 349/8810 [00:00<00:05, 1609.47it/s]
  7%|▋         | 575/8810 [00:00<00:04, 1889.28it/s]
  9%|▊         | 766/8810 [00:00<00:04, 1653.39it/s]
 11%|█         | 954/8810 [00:00<00:04, 1722.58it/s]
 13%|█▎        | 1130/8810 [00:00<00:04, 1572.91it/s]
 15%|█▌        | 1325/8810 [00:00<00:04, 1679.38it/s]
 17%|█▋        | 1497/8810 [00:00<00:04, 1518.03it/s]
 19%|█▉        | 1706/8810 [00:01<00:04, 1666.98it/s]
 21%|██▏       | 1878/8810 [00:01<00:04, 1531.89it/s]
 24%|██▎       | 2082/8810 [00:01<00:04, 1662.79it/s]
 26%|██▌       | 2263/8810 [00:01<00:04, 1562.69it/s]
 28%|██▊       | 2464/8810 [00:01<00:03, 1676.29it/s]
 30%|███       | 2655/8810 [00:01<00:03, 1739.26it/s]
 32%|███▏      | 2833/8810 [00:01<00:03, 1547.88it/s]
 34%|███▍      | 3006/8810 [00:01<00:03, 1587.61it/s]
 36%|███▌      | 3170/8810 [00:01<00:03, 1510.00it/s]
 38%|███▊      | 3328/8810 [00:02<00:03, 1523.41it/s]
 40%|███▉      | 3484/8810 [00:02<00:03, 1393.34it/s]
 42%|████▏     | 3680/8810 [00:02<00:03, 1538.52it/s]
 44%|████▎     | 3839/8810 [00:02<00:03, 1424.38it/s]
 46%|████▌     | 4067/8810 [00:02<00:02, 1647.54it/s]
 48%|████▊     | 4238/8810 [00:02<00:02, 1601.73it/s]
 50%|█████     | 4421/8810 [00:02<00:02, 1659.53it/s]
 52%|█████▏    | 4591/8810 [00:02<00:02, 1660.31it/s]
 54%|█████▍    | 4760/8810 [00:03<00:02, 1475.78it/s]
 56%|█████▌    | 4913/8810 [00:03<00:02, 1482.66it/s]
 57%|█████▋    | 5065/8810 [00:03<00:02, 1362.82it/s]
 59%|█████▉    | 5225/8810 [00:03<00:02, 1418.64it/s]
 61%|██████    | 5372/8810 [00:03<00:02, 1388.04it/s]
 63%|██████▎   | 5562/8810 [00:03<00:02, 1526.92it/s]
 65%|██████▌   | 5754/8810 [00:03<00:02, 1514.18it/s]
 67%|██████▋   | 5908/8810 [00:03<00:01, 1488.28it/s]
 69%|██████▉   | 6059/8810 [00:03<00:01, 1415.09it/s]
 71%|███████   | 6263/8810 [00:04<00:01, 1582.56it/s]
 73%|███████▎  | 6424/8810 [00:04<00:01, 1482.89it/s]
 75%|███████▌  | 6626/8810 [00:04<00:01, 1627.98it/s]
 78%|███████▊  | 6874/8810 [00:04<00:01, 1862.86it/s]
 80%|████████  | 7065/8810 [00:04<00:01, 1698.36it/s]
 82%|████████▏ | 7241/8810 [00:04<00:00, 1623.96it/s]
 84%|████████▍ | 7408/8810 [00:04<00:00, 1600.72it/s]
 86%|████████▌ | 7571/8810 [00:04<00:00, 1501.88it/s]
 88%|████████▊ | 7724/8810 [00:04<00:00, 1478.97it/s]
 90%|████████▉ | 7895/8810 [00:05<00:00, 1538.45it/s]
 91%|█████████▏| 8051/8810 [00:05<00:00, 1367.88it/s]
 93%|█████████▎| 8203/8810 [00:05<00:00, 1403.42it/s]
 95%|█████████▍| 8361/8810 [00:05<00:00, 1334.94it/s]
 97%|█████████▋| 8543/8810 [00:05<00:00, 1460.84it/s]
 99%|█████████▉| 8702/8810 [00:05<00:00, 1385.07it/s]
100%|██████████| 8810/8810 [00:05<00:00, 1544.40it/s]
