
  0%|          | 0/8810 [00:00<?, ?it/s]
  2%|▏         | 181/8810 [00:00<00:05, 1592.39it/s]
  5%|▍         | 423/8810 [00:00<00:04, 2047.64it/s]
  7%|▋         | 653/8810 [00:00<00:03, 2158.84it/s]
 10%|▉         | 871/8810 [00:00<00:04, 1871.53it/s]
 12%|█▏        | 1064/8810 [00:00<00:04, 1668.04it/s]
 14%|█▍        | 1237/8810 [00:00<00:04, 1676.78it/s]
 16%|█▌        | 1409/8810 [00:00<00:04, 1536.63it/s]
 18%|█▊        | 1567/8810 [00:00<00:05, 1350.35it/s]
 20%|█▉        | 1718/8810 [00:01<00:05, 1387.81it/s]
 21%|██        | 1862/8810 [00:01<00:05, 1231.86it/s]
 24%|██▎       | 2079/8810 [00:01<00:04, 1465.27it/s]
 26%|██▌       | 2263/8810 [00:01<00:04, 1428.77it/s]
 28%|██▊       | 2478/8810 [00:01<00:03, 1605.44it/s]
 30%|███       | 2680/8810 [00:01<00:03, 1715.66it/s]
 32%|███▏      | 2859/8810 [00:01<00:03, 1605.13it/s]
 34%|███▍      | 3026/8810 [00:01<00:03, 1557.58it/s]
 36%|███▌      | 3186/8810 [00:02<00:03, 1423.32it/s]
 38%|███▊      | 3333/8810 [00:02<00:03, 1428.74it/s]
 39%|███▉      | 3479/8810 [00:02<00:04, 1306.50it/s]
 41%|████▏     | 3640/8810 [00:02<00:03, 1383.72it/s]
 43%|████▎     | 3782/8810 [00:02<00:03, 1317.18it/s]
 44%|████▍     | 3917/8810 [00:02<00:03, 1309.86it/s]
 47%|████▋     | 4137/8810 [00:02<00:03, 1548.62it/s]
 49%|████▉     | 4296/8810 [00:02<00:03, 1436.55it/s]
 51%|█████     | 4491/8810 [00:02<00:02, 1573.79it/s]
 53%|█████▎    | 4653/8810 [00:03<00:03, 1384.90it/s]
 54%|█████▍    | 4798/8810 [00:03<00:02, 1391.81it/s]
 56%|█████▌    | 4942/8810 [00:03<00:03, 1255.05it/s]
 58%|█████▊    | 5108/8810 [00:03<00:02, 1357.09it/s]
 60%|██████    | 5303/8810 [00:03<00:02, 1513.87it/s]
 62%|██████▏   | 5461/8810 [00:03<00:02, 1400.90it/s]
 64%|██████▍   | 5625/8810 [00:03<00:02, 1460.49it/s]
 66%|██████▌   | 5776/8810 [00:03<00:02, 1384.09it/s]
 67%|██████▋   | 5918/8810 [00:04<00:02, 1343.23it/s]
 69%|██████▊   | 6055/8810 [00:04<00:02, 1347.04it/s]
 71%|███████   | 6249/8810 [00:04<00:01, 1511.34it/s]
 73%|███████▎  | 6403/8810 [00:04<00:01, 1447.17it/s]
 75%|███████▌  | 6627/8810 [00:04<00:01, 1661.64it/s]
 78%|███████▊  | 6853/8810 [00:04<00:01, 1830.07it/s]
 80%|███████▉  | 7039/8810 [00:04<00:01, 1726.73it/s]
 82%|████████▏ | 7215/8810 [00:04<00:00, 1733.92it/s]
 84%|████████▍ | 7391/8810 [00:04<00:00, 1691.36it/s]
 86%|████████▌ | 7562/8810 [00:04<00:00, 1651.42it/s]
 88%|████████▊ | 7729/8810 [00:05<00:00, 1578.73it/s]
 90%|████████▉ | 7894/8810 [00:05<00:00, 1596.23it/s]
 91%|█████████▏| 8055/8810 [00:05<00:00, 1412.31it/s]
 93%|█████████▎| 8211/8810 [00:05<00:00, 1450.96it/s]
 95%|█████████▍| 8361/8810 [00:05<00:00, 1419.60it/s]
 97%|█████████▋| 8544/8810 [00:05<00:00, 1526.58it/s]
 99%|█████████▉| 8702/8810 [00:05<00:00, 1422.50it/s]
100%|██████████| 8810/8810 [00:05<00:00, 1501.66it/s]
