
  0%|          | 0/8810 [00:00<?, ?it/s]
  2%|▏         | 181/8810 [00:00<00:04, 1758.08it/s]
  5%|▌         | 460/8810 [00:00<00:03, 2348.96it/s]
  8%|▊         | 696/8810 [00:00<00:03, 2224.71it/s]
 10%|█         | 920/8810 [00:00<00:03, 2200.85it/s]
 13%|█▎        | 1141/8810 [00:00<00:03, 2050.84it/s]
 16%|█▌        | 1367/8810 [00:00<00:03, 2114.95it/s]
 18%|█▊        | 1581/8810 [00:00<00:03, 1940.91it/s]
 21%|██        | 1821/8810 [00:00<00:03, 1932.47it/s]
 23%|██▎       | 2034/8810 [00:00<00:03, 1986.80it/s]
 26%|██▌       | 2263/8810 [00:01<00:03, 1923.69it/s]
 29%|██▊       | 2523/8810 [00:01<00:02, 2107.52it/s]
 31%|███       | 2744/8810 [00:01<00:03, 2015.00it/s]
 33%|███▎      | 2949/8810 [00:01<00:02, 1997.70it/s]
 36%|███▌      | 3151/8810 [00:01<00:03, 1857.62it/s]
 38%|███▊      | 3340/8810 [00:01<00:03, 1779.07it/s]
 40%|███▉      | 3520/8810 [00:01<00:03, 1631.39it/s]
 42%|████▏     | 3708/8810 [00:01<00:03, 1692.97it/s]
 44%|████▍     | 3881/8810 [00:02<00:03, 1551.62it/s]
 47%|████▋     | 4109/8810 [00:02<00:02, 1739.12it/s]
 49%|████▊     | 4289/8810 [00:02<00:02, 1626.76it/s]
 51%|█████     | 4488/8810 [00:02<00:02, 1719.61it/s]
 53%|█████▎    | 4665/8810 [00:02<00:02, 1530.01it/s]
 55%|█████▍    | 4825/8810 [00:02<00:02, 1477.62it/s]
 56%|█████▋    | 4977/8810 [00:02<00:02, 1364.40it/s]
 59%|█████▊    | 5165/8810 [00:02<00:02, 1494.89it/s]
 60%|██████    | 5321/8810 [00:03<00:02, 1511.65it/s]
 62%|██████▏   | 5476/8810 [00:03<00:02, 1371.92it/s]
 64%|██████▍   | 5680/8810 [00:03<00:02, 1544.91it/s]
 66%|██████▋   | 5841/8810 [00:03<00:02, 1456.98it/s]
 68%|██████▊   | 5992/8810 [00:03<00:02, 1300.88it/s]
 70%|██████▉   | 6128/8810 [00:03<00:02, 1216.47it/s]
 71%|███████   | 6272/8810 [00:03<00:01, 1270.80it/s]
 73%|███████▎  | 6403/8810 [00:03<00:02, 1178.42it/s]
 75%|███████▍  | 6571/8810 [00:03<00:01, 1300.42it/s]
 77%|███████▋  | 6770/8810 [00:04<00:01, 1482.29it/s]
 79%|███████▉  | 6947/8810 [00:04<00:01, 1555.61it/s]
 81%|████████  | 7107/8810 [00:04<00:01, 1386.80it/s]
 82%|████████▏ | 7252/8810 [00:04<00:01, 1363.03it/s]
 84%|████████▍ | 7393/8810 [00:04<00:01, 1371.37it/s]
 86%|████████▌ | 7534/8810 [00:04<00:00, 1323.03it/s]
 88%|████████▊ | 7715/8810 [00:04<00:00, 1335.92it/s]
 89%|████████▉ | 7850/8810 [00:04<00:00, 1323.13it/s]
 91%|█████████ | 8012/8810 [00:05<00:00, 1403.17it/s]
 93%|█████████▎| 8154/8810 [00:05<00:00, 1302.76it/s]
 94%|█████████▍| 8317/8810 [00:05<00:00, 1389.18it/s]
 96%|█████████▌| 8459/8810 [00:05<00:00, 1294.88it/s]
 98%|█████████▊| 8630/8810 [00:05<00:00, 1406.32it/s]
100%|█████████▉| 8774/8810 [00:05<00:00, 1319.31it/s]
100%|██████████| 8810/8810 [00:05<00:00, 1572.11it/s]
