
  0%|          | 0/8810 [00:00<?, ?it/s]
  2%|▏         | 179/8810 [00:00<00:04, 1782.14it/s]
  4%|▍         | 358/8810 [00:00<00:05, 1412.70it/s]
  6%|▌         | 515/8810 [00:00<00:05, 1474.55it/s]
  8%|▊         | 666/8810 [00:00<00:06, 1353.10it/s]
  9%|▉         | 816/8810 [00:00<00:05, 1391.00it/s]
 11%|█         | 958/8810 [00:00<00:05, 1332.97it/s]
 12%|█▏        | 1093/8810 [00:00<00:06, 1277.56it/s]
 15%|█▍        | 1289/8810 [00:00<00:05, 1469.68it/s]
 16%|█▋        | 1453/8810 [00:01<00:04, 1518.96it/s]
 18%|█▊        | 1607/8810 [00:01<00:05, 1384.59it/s]
 21%|██        | 1817/8810 [00:01<00:04, 1579.42it/s]
 22%|██▏       | 1980/8810 [00:01<00:05, 1329.44it/s]
 25%|██▍       | 2175/8810 [00:01<00:04, 1482.38it/s]
 26%|██▋       | 2333/8810 [00:01<00:04, 1304.45it/s]
 28%|██▊       | 2503/8810 [00:01<00:04, 1400.13it/s]
 31%|███       | 2691/8810 [00:01<00:04, 1523.20it/s]
 32%|███▏      | 2852/8810 [00:02<00:04, 1399.83it/s]
 34%|███▍      | 3033/8810 [00:02<00:03, 1503.21it/s]
 36%|███▌      | 3190/8810 [00:02<00:04, 1394.56it/s]
 38%|███▊      | 3335/8810 [00:02<00:03, 1405.53it/s]
 40%|███▉      | 3480/8810 [00:02<00:04, 1303.53it/s]
 42%|████▏     | 3690/8810 [00:02<00:03, 1510.70it/s]
 44%|████▎     | 3847/8810 [00:02<00:03, 1410.79it/s]
 46%|████▌     | 4047/8810 [00:02<00:03, 1565.58it/s]
 48%|████▊     | 4209/8810 [00:02<00:03, 1439.25it/s]
 50%|████▉     | 4389/8810 [00:03<00:02, 1529.08it/s]
 52%|█████▏    | 4547/8810 [00:03<00:02, 1538.24it/s]
 53%|█████▎    | 4705/8810 [00:03<00:02, 1384.15it/s]
 55%|█████▌    | 4864/8810 [00:03<00:02, 1436.42it/s]
 57%|█████▋    | 5012/8810 [00:03<00:02, 1326.69it/s]
 59%|█████▉    | 5182/8810 [00:03<00:02, 1421.96it/s]
 61%|██████    | 5358/8810 [00:03<00:02, 1509.67it/s]
 63%|██████▎   | 5513/8810 [00:03<00:02, 1418.92it/s]
 65%|██████▍   | 5704/8810 [00:03<00:02, 1550.18it/s]
 67%|██████▋   | 5863/8810 [00:04<00:02, 1411.17it/s]
 68%|██████▊   | 6009/8810 [00:04<00:02, 1359.53it/s]
 70%|██████▉   | 6149/8810 [00:04<00:02, 1244.57it/s]
 72%|███████▏  | 6343/8810 [00:04<00:01, 1420.61it/s]
 74%|███████▎  | 6491/8810 [00:04<00:01, 1295.20it/s]
 76%|███████▌  | 6700/8810 [00:04<00:01, 1497.94it/s]
 78%|███████▊  | 6857/8810 [00:04<00:01, 1513.80it/s]
 80%|███████▉  | 7014/8810 [00:04<00:01, 1412.41it/s]
 81%|████████▏ | 7168/8810 [00:05<00:01, 1444.54it/s]
 83%|████████▎ | 7351/8810 [00:05<00:00, 1548.48it/s]
 85%|████████▌ | 7510/8810 [00:05<00:00, 1344.09it/s]
 87%|████████▋ | 7680/8810 [00:05<00:00, 1433.79it/s]
 89%|████████▉ | 7830/8810 [00:05<00:00, 1257.34it/s]
 91%|█████████ | 7977/8810 [00:05<00:00, 1306.44it/s]
 92%|█████████▏| 8114/8810 [00:05<00:00, 1155.22it/s]
 94%|█████████▎| 8242/8810 [00:05<00:00, 1185.84it/s]
 95%|█████████▍| 8366/8810 [00:06<00:00, 1139.47it/s]
 97%|█████████▋| 8525/8810 [00:06<00:00, 1256.40it/s]
 99%|█████████▊| 8699/8810 [00:06<00:00, 1385.70it/s]
100%|██████████| 8810/8810 [00:06<00:00, 1394.40it/s]
