
  0%|          | 0/8810 [00:00<?, ?it/s]
  2%|▏         | 155/8810 [00:00<00:05, 1547.45it/s]
  4%|▎         | 310/8810 [00:00<00:06, 1367.73it/s]
  5%|▌         | 470/8810 [00:00<00:05, 1464.28it/s]
  7%|▋         | 656/8810 [00:00<00:05, 1488.39it/s]
  9%|▉         | 836/8810 [00:00<00:05, 1591.82it/s]
 11%|█▏        | 997/8810 [00:00<00:05, 1353.41it/s]
 14%|█▎        | 1191/8810 [00:00<00:05, 1517.19it/s]
 15%|█▌        | 1350/8810 [00:00<00:05, 1467.07it/s]
 17%|█▋        | 1502/8810 [00:01<00:05, 1368.92it/s]
 19%|█▉        | 1695/8810 [00:01<00:04, 1520.17it/s]
 21%|██        | 1852/8810 [00:01<00:05, 1338.19it/s]
 23%|██▎       | 1995/8810 [00:01<00:05, 1361.24it/s]
 25%|██▍       | 2193/8810 [00:01<00:04, 1525.61it/s]
 27%|██▋       | 2351/8810 [00:01<00:04, 1352.88it/s]
 29%|██▊       | 2515/8810 [00:01<00:04, 1424.42it/s]
 31%|███       | 2690/8810 [00:01<00:04, 1509.99it/s]
 32%|███▏      | 2847/8810 [00:02<00:04, 1345.13it/s]
 34%|███▍      | 2998/8810 [00:02<00:04, 1387.38it/s]
 36%|███▌      | 3142/8810 [00:02<00:04, 1318.49it/s]
 37%|███▋      | 3278/8810 [00:02<00:04, 1315.69it/s]
 39%|███▊      | 3413/8810 [00:02<00:04, 1232.68it/s]
 41%|████      | 3612/8810 [00:02<00:03, 1432.37it/s]
 43%|████▎     | 3774/8810 [00:02<00:03, 1340.71it/s]
 45%|████▍     | 3935/8810 [00:02<00:03, 1408.22it/s]
 47%|████▋     | 4153/8810 [00:02<00:02, 1613.90it/s]
 49%|████▉     | 4320/8810 [00:03<00:03, 1448.18it/s]
 51%|█████     | 4499/8810 [00:03<00:02, 1536.83it/s]
 53%|█████▎    | 4659/8810 [00:03<00:03, 1350.73it/s]
 55%|█████▍    | 4802/8810 [00:03<00:03, 1316.73it/s]
 56%|█████▌    | 4939/8810 [00:03<00:03, 1169.33it/s]
 58%|█████▊    | 5105/8810 [00:03<00:02, 1287.55it/s]
 60%|█████▉    | 5268/8810 [00:03<00:02, 1368.83it/s]
 61%|██████▏   | 5411/8810 [00:03<00:02, 1263.03it/s]
 63%|██████▎   | 5575/8810 [00:04<00:02, 1359.43it/s]
 65%|██████▌   | 5752/8810 [00:04<00:02, 1469.22it/s]
 67%|██████▋   | 5904/8810 [00:04<00:02, 1223.49it/s]
 69%|██████▊   | 6036/8810 [00:04<00:02, 1127.83it/s]
 70%|███████   | 6201/8810 [00:04<00:02, 1251.80it/s]
 72%|███████▏  | 6371/8810 [00:04<00:01, 1365.24it/s]
 74%|███████▍  | 6516/8810 [00:04<00:01, 1226.20it/s]
 76%|███████▌  | 6689/8810 [00:04<00:01, 1350.91it/s]
 78%|███████▊  | 6886/8810 [00:04<00:01, 1510.59it/s]
 80%|███████▉  | 7045/8810 [00:05<00:01, 1386.19it/s]
 82%|████████▏ | 7191/8810 [00:05<00:01, 1387.57it/s]
 84%|████████▎ | 7360/8810 [00:05<00:01, 1326.71it/s]
 85%|████████▌ | 7497/8810 [00:05<00:01, 1307.50it/s]
 87%|████████▋ | 7664/8810 [00:05<00:00, 1403.04it/s]
 89%|████████▊ | 7808/8810 [00:05<00:00, 1166.71it/s]
 90%|█████████ | 7933/8810 [00:05<00:00, 1128.88it/s]
 91%|█████████▏| 8052/8810 [00:06<00:00, 992.50it/s] 
 93%|█████████▎| 8182/8810 [00:06<00:00, 1062.57it/s]
 94%|█████████▍| 8306/8810 [00:06<00:00, 1103.97it/s]
 96%|█████████▌| 8422/8810 [00:06<00:00, 990.34it/s] 
 97%|█████████▋| 8557/8810 [00:06<00:00, 1078.41it/s]
 98%|█████████▊| 8671/8810 [00:06<00:00, 1093.71it/s]
100%|█████████▉| 8785/8810 [00:06<00:00, 963.95it/s] 
100%|██████████| 8810/8810 [00:06<00:00, 1303.88it/s]
