
  0%|          | 0/8810 [00:00<?, ?it/s]
  2%|▏         | 181/8810 [00:00<00:05, 1620.50it/s]
  5%|▍         | 412/8810 [00:00<00:04, 1992.04it/s]
  7%|▋         | 628/8810 [00:00<00:03, 2056.39it/s]
  9%|▉         | 835/8810 [00:00<00:04, 1654.91it/s]
 11%|█▏        | 1011/8810 [00:00<00:04, 1574.85it/s]
 14%|█▍        | 1226/8810 [00:00<00:04, 1735.52it/s]
 16%|█▌        | 1415/8810 [00:00<00:04, 1773.30it/s]
 18%|█▊        | 1598/8810 [00:00<00:04, 1528.52it/s]
 21%|██        | 1821/8810 [00:01<00:04, 1557.19it/s]
 23%|██▎       | 1987/8810 [00:01<00:04, 1583.02it/s]
 25%|██▍       | 2187/8810 [00:01<00:03, 1692.28it/s]
 27%|██▋       | 2361/8810 [00:01<00:04, 1483.01it/s]
 29%|██▉       | 2593/8810 [00:01<00:03, 1692.30it/s]
 31%|███▏      | 2771/8810 [00:01<00:03, 1585.68it/s]
 34%|███▎      | 2959/8810 [00:01<00:03, 1657.61it/s]
 36%|███▌      | 3131/8810 [00:01<00:03, 1552.87it/s]
 37%|███▋      | 3293/8810 [00:02<00:03, 1569.80it/s]
 39%|███▉      | 3454/8810 [00:02<00:03, 1488.21it/s]
 41%|████      | 3627/8810 [00:02<00:03, 1552.80it/s]
 43%|████▎     | 3786/8810 [00:02<00:03, 1429.46it/s]
 45%|████▍     | 3933/8810 [00:02<00:03, 1432.63it/s]
 47%|████▋     | 4154/8810 [00:02<00:02, 1636.27it/s]
 49%|████▉     | 4321/8810 [00:02<00:02, 1539.52it/s]
 51%|█████▏    | 4533/8810 [00:02<00:02, 1693.28it/s]
 53%|█████▎    | 4706/8810 [00:02<00:02, 1451.82it/s]
 55%|█████▌    | 4867/8810 [00:03<00:02, 1488.28it/s]
 57%|█████▋    | 5022/8810 [00:03<00:02, 1345.86it/s]
 59%|█████▉    | 5185/8810 [00:03<00:02, 1416.98it/s]
 61%|██████    | 5364/8810 [00:03<00:02, 1513.16it/s]
 63%|██████▎   | 5521/8810 [00:03<00:02, 1362.36it/s]
 65%|██████▍   | 5714/8810 [00:03<00:02, 1508.89it/s]
 67%|██████▋   | 5872/8810 [00:03<00:02, 1372.79it/s]
 68%|██████▊   | 6016/8810 [00:03<00:02, 1382.52it/s]
 70%|██████▉   | 6159/8810 [00:04<00:01, 1369.38it/s]
 72%|███████▏  | 6359/8810 [00:04<00:01, 1536.56it/s]
 74%|███████▍  | 6517/8810 [00:04<00:01, 1452.93it/s]
 77%|███████▋  | 6753/8810 [00:04<00:01, 1696.53it/s]
 79%|███████▉  | 6972/8810 [00:04<00:01, 1663.19it/s]
 81%|████████▏ | 7159/8810 [00:04<00:00, 1716.16it/s]
 83%|████████▎ | 7350/8810 [00:04<00:00, 1766.50it/s]
 85%|████████▌ | 7530/8810 [00:04<00:00, 1501.58it/s]
 88%|████████▊ | 7715/8810 [00:04<00:00, 1509.78it/s]
 90%|████████▉ | 7892/8810 [00:05<00:00, 1573.32it/s]
 91%|█████████▏| 8055/8810 [00:05<00:00, 1374.38it/s]
 93%|█████████▎| 8200/8810 [00:05<00:00, 1387.96it/s]
 95%|█████████▍| 8361/8810 [00:05<00:00, 1305.82it/s]
 97%|█████████▋| 8545/8810 [00:05<00:00, 1439.19it/s]
 99%|█████████▉| 8702/8810 [00:05<00:00, 1356.78it/s]
100%|██████████| 8810/8810 [00:05<00:00, 1534.07it/s]
