
  0%|          | 0/8810 [00:00<?, ?it/s]
  0%|          | 10/8810 [00:00<01:28, 99.94it/s]
  0%|          | 37/8810 [00:00<00:45, 191.46it/s]
  2%|▏         | 136/8810 [00:00<00:15, 546.15it/s]
  2%|▏         | 192/8810 [00:00<00:17, 490.77it/s]
  3%|▎         | 296/8810 [00:00<00:12, 665.30it/s]
  5%|▍         | 409/8810 [00:00<00:10, 813.00it/s]
  6%|▌         | 493/8810 [00:00<00:10, 758.08it/s]
  6%|▋         | 571/8810 [00:00<00:11, 720.73it/s]
  7%|▋         | 645/8810 [00:01<00:12, 648.05it/s]
  8%|▊         | 712/8810 [00:01<00:14, 566.05it/s]
  9%|▉         | 787/8810 [00:01<00:13, 610.63it/s]
 10%|▉         | 851/8810 [00:01<00:12, 617.00it/s]
 10%|█         | 915/8810 [00:01<00:14, 562.06it/s]
 11%|█         | 974/8810 [00:01<00:14, 539.75it/s]
 12%|█▏        | 1030/8810 [00:01<00:14, 537.98it/s]
 13%|█▎        | 1104/8810 [00:01<00:13, 582.11it/s]
 13%|█▎        | 1169/8810 [00:01<00:12, 589.52it/s]
 14%|█▍        | 1251/8810 [00:02<00:11, 639.87it/s]
 15%|█▍        | 1316/8810 [00:02<00:11, 629.69it/s]
 16%|█▌        | 1416/8810 [00:02<00:10, 731.42it/s]
 17%|█▋        | 1491/8810 [00:02<00:11, 655.73it/s]
 18%|█▊        | 1559/8810 [00:02<00:11, 647.42it/s]
 19%|█▊        | 1643/8810 [00:02<00:10, 697.42it/s]
 20%|█▉        | 1739/8810 [00:02<00:09, 769.99it/s]
 21%|██        | 1818/8810 [00:02<00:10, 645.89it/s]
 21%|██▏       | 1887/8810 [00:03<00:14, 483.25it/s]
 22%|██▏       | 1970/8810 [00:03<00:12, 553.47it/s]
 23%|██▎       | 2051/8810 [00:03<00:11, 606.85it/s]
 24%|██▍       | 2120/8810 [00:03<00:11, 601.11it/s]
 25%|██▍       | 2186/8810 [00:03<00:11, 600.26it/s]
 26%|██▌       | 2250/8810 [00:03<00:11, 562.25it/s]
 26%|██▌       | 2309/8810 [00:03<00:14, 436.97it/s]
 27%|██▋       | 2381/8810 [00:04<00:13, 494.08it/s]
 28%|██▊       | 2461/8810 [00:04<00:11, 565.70it/s]
 29%|██▊       | 2524/8810 [00:04<00:10, 580.43it/s]
 30%|██▉       | 2611/8810 [00:04<00:09, 656.79it/s]
 30%|███       | 2681/8810 [00:04<00:09, 657.08it/s]
 31%|███       | 2750/8810 [00:04<00:10, 581.48it/s]
 32%|███▏      | 2822/8810 [00:04<00:09, 617.04it/s]
 33%|███▎      | 2895/8810 [00:04<00:09, 644.43it/s]
 34%|███▎      | 2962/8810 [00:04<00:09, 641.75it/s]
 34%|███▍      | 3028/8810 [00:05<00:09, 637.13it/s]
 35%|███▌      | 3093/8810 [00:05<00:09, 594.33it/s]
 36%|███▌      | 3174/8810 [00:05<00:08, 646.13it/s]
 37%|███▋      | 3252/8810 [00:05<00:08, 682.03it/s]
 38%|███▊      | 3322/8810 [00:05<00:09, 602.95it/s]
 38%|███▊      | 3389/8810 [00:05<00:08, 613.09it/s]
 39%|███▉      | 3453/8810 [00:05<00:09, 543.27it/s]
 40%|████      | 3529/8810 [00:05<00:09, 579.15it/s]
 41%|████      | 3589/8810 [00:06<00:09, 524.00it/s]
 42%|████▏     | 3658/8810 [00:06<00:09, 563.21it/s]
 43%|████▎     | 3759/8810 [00:06<00:07, 677.89it/s]
 43%|████▎     | 3830/8810 [00:06<00:09, 535.37it/s]
 44%|████▍     | 3891/8810 [00:06<00:09, 514.70it/s]
 45%|████▍     | 3951/8810 [00:06<00:09, 515.92it/s]
 46%|████▌     | 4048/8810 [00:06<00:07, 618.40it/s]
 47%|████▋     | 4114/8810 [00:06<00:07, 603.35it/s]
 47%|████▋     | 4180/8810 [00:07<00:09, 491.06it/s]
 48%|████▊     | 4268/8810 [00:07<00:07, 578.84it/s]
 50%|████▉     | 4392/8810 [00:07<00:05, 738.19it/s]
 51%|█████     | 4474/8810 [00:07<00:06, 692.89it/s]
 52%|█████▏    | 4549/8810 [00:07<00:07, 597.87it/s]
 52%|█████▏    | 4615/8810 [00:07<00:06, 601.22it/s]
 53%|█████▎    | 4680/8810 [00:07<00:08, 463.33it/s]
 54%|█████▎    | 4734/8810 [00:08<00:09, 451.95it/s]
 54%|█████▍    | 4784/8810 [00:08<00:09, 412.71it/s]
 55%|█████▍    | 4829/8810 [00:08<00:09, 404.76it/s]
 55%|█████▌    | 4872/8810 [00:08<00:09, 407.25it/s]
 56%|█████▌    | 4923/8810 [00:08<00:09, 425.72it/s]
 56%|█████▋    | 4967/8810 [00:08<00:12, 305.12it/s]
 57%|█████▋    | 5013/8810 [00:08<00:11, 331.76it/s]
 57%|█████▋    | 5052/8810 [00:09<00:11, 339.92it/s]
 58%|█████▊    | 5100/8810 [00:09<00:09, 371.69it/s]
 59%|█████▊    | 5168/8810 [00:09<00:08, 449.60it/s]
 59%|█████▉    | 5217/8810 [00:09<00:08, 426.81it/s]
 60%|█████▉    | 5263/8810 [00:09<00:08, 412.06it/s]
 60%|██████    | 5307/8810 [00:09<00:08, 394.09it/s]
 61%|██████    | 5349/8810 [00:09<00:08, 400.34it/s]
 61%|██████    | 5391/8810 [00:09<00:10, 320.71it/s]
 62%|██████▏   | 5435/8810 [00:10<00:09, 345.38it/s]
 62%|██████▏   | 5495/8810 [00:10<00:08, 399.40it/s]
 63%|██████▎   | 5547/8810 [00:10<00:07, 417.94it/s]
 64%|██████▎   | 5596/8810 [00:10<00:07, 436.48it/s]
 64%|██████▍   | 5671/8810 [00:10<00:06, 515.17it/s]
 65%|██████▍   | 5725/8810 [00:10<00:05, 514.85it/s]
 66%|██████▌   | 5778/8810 [00:10<00:09, 335.35it/s]
 66%|██████▌   | 5831/8810 [00:10<00:08, 367.16it/s]
 67%|██████▋   | 5875/8810 [00:11<00:09, 314.61it/s]
 67%|██████▋   | 5913/8810 [00:11<00:09, 295.65it/s]
 68%|██████▊   | 5953/8810 [00:11<00:09, 317.26it/s]
 68%|██████▊   | 5996/8810 [00:11<00:08, 342.87it/s]
 69%|██████▊   | 6036/8810 [00:11<00:10, 275.66it/s]
 69%|██████▉   | 6100/8810 [00:11<00:07, 351.73it/s]
 70%|██████▉   | 6141/8810 [00:11<00:07, 355.82it/s]
 70%|███████   | 6185/8810 [00:12<00:07, 373.12it/s]
 71%|███████   | 6231/8810 [00:12<00:06, 386.41it/s]
 71%|███████▏  | 6294/8810 [00:12<00:05, 443.43it/s]
 72%|███████▏  | 6341/8810 [00:12<00:05, 433.01it/s]
 73%|███████▎  | 6388/8810 [00:12<00:05, 437.31it/s]
 73%|███████▎  | 6433/8810 [00:12<00:07, 308.89it/s]
 73%|███████▎  | 6475/8810 [00:12<00:07, 331.30it/s]
 74%|███████▍  | 6529/8810 [00:12<00:06, 374.00it/s]
 75%|███████▍  | 6580/8810 [00:13<00:05, 403.37it/s]
 75%|███████▌  | 6634/8810 [00:13<00:04, 435.78it/s]
 76%|███████▌  | 6717/8810 [00:13<00:03, 541.64it/s]
 77%|███████▋  | 6775/8810 [00:13<00:03, 534.47it/s]
 78%|███████▊  | 6831/8810 [00:13<00:03, 509.24it/s]
 78%|███████▊  | 6893/8810 [00:13<00:03, 538.28it/s]
 79%|███████▉  | 6949/8810 [00:13<00:03, 517.35it/s]
 79%|███████▉  | 7002/8810 [00:13<00:04, 388.08it/s]
 80%|███████▉  | 7047/8810 [00:14<00:04, 382.45it/s]
 81%|████████  | 7093/8810 [00:14<00:04, 395.45it/s]
 81%|████████  | 7136/8810 [00:14<00:04, 396.96it/s]
 81%|████████▏ | 7178/8810 [00:14<00:04, 351.36it/s]
 82%|████████▏ | 7219/8810 [00:14<00:04, 364.24it/s]
 82%|████████▏ | 7268/8810 [00:14<00:03, 392.42it/s]
 83%|████████▎ | 7330/8810 [00:14<00:03, 448.28it/s]
 84%|████████▎ | 7377/8810 [00:14<00:04, 332.77it/s]
 84%|████████▍ | 7422/8810 [00:15<00:03, 356.91it/s]
 85%|████████▍ | 7463/8810 [00:15<00:03, 342.25it/s]
 85%|████████▌ | 7501/8810 [00:15<00:03, 339.35it/s]
 86%|████████▌ | 7538/8810 [00:15<00:04, 315.53it/s]
 86%|████████▋ | 7603/8810 [00:15<00:03, 393.54it/s]
 87%|████████▋ | 7671/8810 [00:15<00:02, 466.94it/s]
 88%|████████▊ | 7721/8810 [00:15<00:02, 376.27it/s]
 88%|████████▊ | 7764/8810 [00:15<00:02, 353.87it/s]
 89%|████████▊ | 7805/8810 [00:16<00:02, 366.63it/s]
 89%|████████▉ | 7848/8810 [00:16<00:02, 382.22it/s]
 90%|████████▉ | 7895/8810 [00:16<00:02, 404.17it/s]
 90%|█████████ | 7942/8810 [00:16<00:02, 415.94it/s]
 91%|█████████ | 7985/8810 [00:16<00:02, 371.71it/s]
 91%|█████████ | 8028/8810 [00:16<00:02, 385.00it/s]
 92%|█████████▏| 8068/8810 [00:16<00:02, 277.05it/s]
 92%|█████████▏| 8115/8810 [00:17<00:02, 312.72it/s]
 93%|█████████▎| 8152/8810 [00:17<00:02, 322.67it/s]
 93%|█████████▎| 8190/8810 [00:17<00:01, 331.07it/s]
 93%|█████████▎| 8226/8810 [00:17<00:01, 316.87it/s]
 94%|█████████▍| 8264/8810 [00:17<00:01, 326.36it/s]
 94%|█████████▍| 8317/8810 [00:17<00:01, 379.45it/s]
 95%|█████████▍| 8361/8810 [00:17<00:01, 290.51it/s]
 95%|█████████▌| 8403/8810 [00:17<00:01, 317.98it/s]
 96%|█████████▌| 8443/8810 [00:17<00:01, 329.02it/s]
 96%|█████████▋| 8500/8810 [00:18<00:00, 388.96it/s]
 97%|█████████▋| 8543/8810 [00:18<00:00, 381.33it/s]
 98%|█████████▊| 8600/8810 [00:18<00:00, 424.30it/s]
 98%|█████████▊| 8645/8810 [00:18<00:00, 413.15it/s]
 99%|█████████▊| 8689/8810 [00:18<00:00, 416.84it/s]
 99%|█████████▉| 8732/8810 [00:18<00:00, 299.27it/s]
100%|█████████▉| 8776/8810 [00:18<00:00, 328.32it/s]
100%|██████████| 8810/8810 [00:18<00:00, 464.92it/s]
