
  0%|          | 0/8810 [00:00<?, ?it/s]
  1%|          | 81/8810 [00:00<00:10, 793.59it/s]
  2%|▏         | 181/8810 [00:00<00:10, 802.74it/s]
  4%|▎         | 316/8810 [00:00<00:08, 1027.14it/s]
  5%|▍         | 433/8810 [00:00<00:07, 1078.49it/s]
  7%|▋         | 575/8810 [00:00<00:06, 1194.85it/s]
  8%|▊         | 696/8810 [00:00<00:08, 925.35it/s] 
  9%|▉         | 798/8810 [00:00<00:08, 927.97it/s]
 10%|█         | 897/8810 [00:00<00:08, 907.45it/s]
 11%|█▏        | 992/8810 [00:01<00:08, 907.53it/s]
 12%|█▏        | 1086/8810 [00:01<00:09, 789.53it/s]
 14%|█▍        | 1234/8810 [00:01<00:07, 962.76it/s]
 16%|█▌        | 1387/8810 [00:01<00:06, 1111.04it/s]
 17%|█▋        | 1505/8810 [00:01<00:06, 1087.16it/s]
 19%|█▉        | 1671/8810 [00:01<00:05, 1242.21it/s]
 21%|██        | 1821/8810 [00:01<00:05, 1229.15it/s]
 22%|██▏       | 1956/8810 [00:01<00:05, 1261.73it/s]
 24%|██▍       | 2149/8810 [00:01<00:04, 1447.06it/s]
 26%|██▌       | 2297/8810 [00:02<00:04, 1339.13it/s]
 29%|██▊       | 2523/8810 [00:02<00:03, 1582.52it/s]
 31%|███       | 2743/8810 [00:02<00:03, 1750.44it/s]
 33%|███▎      | 2923/8810 [00:02<00:03, 1473.22it/s]
 35%|███▍      | 3081/8810 [00:02<00:04, 1420.86it/s]
 37%|███▋      | 3231/8810 [00:02<00:03, 1437.04it/s]
 39%|███▊      | 3399/8810 [00:02<00:03, 1499.51it/s]
 40%|████      | 3554/8810 [00:02<00:03, 1315.74it/s]
 43%|████▎     | 3751/8810 [00:03<00:03, 1482.09it/s]
 44%|████▍     | 3907/8810 [00:03<00:03, 1327.54it/s]
 47%|████▋     | 4115/8810 [00:03<00:03, 1516.57it/s]
 49%|████▊     | 4276/8810 [00:03<00:03, 1436.48it/s]
 51%|█████     | 4460/8810 [00:03<00:02, 1539.37it/s]
 52%|█████▏    | 4625/8810 [00:03<00:02, 1427.83it/s]
 54%|█████▍    | 4782/8810 [00:03<00:02, 1462.73it/s]
 56%|█████▌    | 4933/8810 [00:03<00:02, 1299.44it/s]
 58%|█████▊    | 5125/8810 [00:03<00:02, 1456.80it/s]
 61%|██████    | 5331/8810 [00:04<00:02, 1615.75it/s]
 62%|██████▏   | 5500/8810 [00:04<00:02, 1478.81it/s]
 65%|██████▍   | 5700/8810 [00:04<00:01, 1612.20it/s]
 67%|██████▋   | 5868/8810 [00:04<00:02, 1454.41it/s]
 68%|██████▊   | 6021/8810 [00:04<00:01, 1398.77it/s]
 70%|██████▉   | 6166/8810 [00:04<00:01, 1343.34it/s]
 72%|███████▏  | 6351/8810 [00:04<00:01, 1473.52it/s]
 74%|███████▍  | 6503/8810 [00:04<00:01, 1388.79it/s]
 77%|███████▋  | 6749/8810 [00:05<00:01, 1667.50it/s]
 79%|███████▊  | 6932/8810 [00:05<00:01, 1706.46it/s]
 81%|████████  | 7107/8810 [00:05<00:01, 1511.63it/s]
 82%|████████▏ | 7265/8810 [00:05<00:01, 1497.83it/s]
 84%|████████▍ | 7420/8810 [00:05<00:00, 1489.45it/s]
 86%|████████▌ | 7573/8810 [00:05<00:00, 1458.78it/s]
 88%|████████▊ | 7721/8810 [00:05<00:00, 1415.35it/s]
 90%|████████▉ | 7885/8810 [00:05<00:00, 1471.84it/s]
 91%|█████████ | 8037/8810 [00:05<00:00, 1338.10it/s]
 93%|█████████▎| 8195/8810 [00:06<00:00, 1400.15it/s]
 95%|█████████▍| 8361/8810 [00:06<00:00, 1348.63it/s]
 97%|█████████▋| 8539/8810 [00:06<00:00, 1461.88it/s]
 99%|█████████▉| 8702/8810 [00:06<00:00, 1402.87it/s]
100%|██████████| 8810/8810 [00:06<00:00, 1358.11it/s]
