
  0%|          | 0/8810 [00:00<?, ?it/s]
  1%|          | 71/8810 [00:00<00:12, 696.98it/s]
  2%|▏         | 181/8810 [00:00<00:10, 814.00it/s]
  4%|▎         | 321/8810 [00:00<00:08, 1057.76it/s]
  5%|▍         | 429/8810 [00:00<00:08, 983.55it/s] 
  6%|▋         | 570/8810 [00:00<00:07, 1110.47it/s]
  8%|▊         | 683/8810 [00:00<00:08, 909.04it/s] 
  9%|▉         | 780/8810 [00:00<00:09, 891.21it/s]
 10%|▉         | 873/8810 [00:00<00:08, 883.10it/s]
 11%|█         | 964/8810 [00:01<00:09, 854.00it/s]
 12%|█▏        | 1052/8810 [00:01<00:10, 765.63it/s]
 13%|█▎        | 1158/8810 [00:01<00:09, 840.84it/s]
 14%|█▍        | 1252/8810 [00:01<00:08, 862.65it/s]
 15%|█▌        | 1343/8810 [00:01<00:08, 862.72it/s]
 16%|█▋        | 1440/8810 [00:01<00:08, 890.51it/s]
 17%|█▋        | 1531/8810 [00:01<00:09, 755.07it/s]
 19%|█▊        | 1632/8810 [00:01<00:08, 819.13it/s]
 20%|█▉        | 1739/8810 [00:01<00:07, 885.40it/s]
 21%|██        | 1832/8810 [00:02<00:09, 702.85it/s]
 22%|██▏       | 1911/8810 [00:02<00:10, 685.99it/s]
 23%|██▎       | 1995/8810 [00:02<00:09, 722.24it/s]
 24%|██▍       | 2095/8810 [00:02<00:08, 792.20it/s]
 25%|██▌       | 2204/8810 [00:02<00:07, 868.89it/s]
 26%|██▌       | 2295/8810 [00:02<00:09, 672.22it/s]
 27%|██▋       | 2374/8810 [00:02<00:09, 698.53it/s]
 28%|██▊       | 2463/8810 [00:03<00:08, 745.66it/s]
 29%|██▉       | 2563/8810 [00:03<00:07, 807.98it/s]
 30%|███       | 2658/8810 [00:03<00:07, 837.02it/s]
 31%|███       | 2746/8810 [00:03<00:08, 728.09it/s]
 32%|███▏      | 2824/8810 [00:03<00:08, 732.96it/s]
 33%|███▎      | 2914/8810 [00:03<00:07, 773.46it/s]
 34%|███▍      | 3001/8810 [00:03<00:07, 796.56it/s]
 35%|███▍      | 3083/8810 [00:03<00:07, 772.77it/s]
 36%|███▌      | 3180/8810 [00:03<00:06, 826.35it/s]
 37%|███▋      | 3265/8810 [00:04<00:07, 782.95it/s]
 38%|███▊      | 3345/8810 [00:04<00:07, 752.56it/s]
 39%|███▉      | 3422/8810 [00:04<00:09, 586.46it/s]
 40%|███▉      | 3487/8810 [00:04<00:08, 600.07it/s]
 41%|████      | 3581/8810 [00:04<00:07, 682.20it/s]
 41%|████▏     | 3655/8810 [00:04<00:07, 688.08it/s]
 43%|████▎     | 3755/8810 [00:04<00:06, 766.48it/s]
 44%|████▎     | 3835/8810 [00:04<00:07, 630.99it/s]
 44%|████▍     | 3904/8810 [00:05<00:07, 634.82it/s]
 45%|████▌     | 3996/8810 [00:05<00:06, 701.20it/s]
 47%|████▋     | 4109/8810 [00:05<00:05, 812.08it/s]
 48%|████▊     | 4195/8810 [00:05<00:07, 652.34it/s]
 48%|████▊     | 4270/8810 [00:05<00:06, 669.35it/s]
 49%|████▉     | 4343/8810 [00:05<00:07, 622.82it/s]
 50%|█████     | 4410/8810 [00:05<00:06, 632.28it/s]
 51%|█████     | 4477/8810 [00:05<00:07, 586.97it/s]
 52%|█████▏    | 4539/8810 [00:06<00:07, 574.21it/s]
 52%|█████▏    | 4599/8810 [00:06<00:07, 550.51it/s]
 53%|█████▎    | 4656/8810 [00:06<00:07, 534.71it/s]
 53%|█████▎    | 4711/8810 [00:06<00:07, 524.80it/s]
 54%|█████▍    | 4779/8810 [00:06<00:07, 563.11it/s]
 55%|█████▌    | 4853/8810 [00:06<00:06, 610.00it/s]
 56%|█████▌    | 4923/8810 [00:06<00:06, 629.82it/s]
 57%|█████▋    | 4987/8810 [00:06<00:06, 576.65it/s]
 57%|█████▋    | 5056/8810 [00:06<00:06, 606.72it/s]
 58%|█████▊    | 5145/8810 [00:07<00:05, 684.86it/s]
 59%|█████▉    | 5227/8810 [00:07<00:05, 712.22it/s]
 60%|██████    | 5322/8810 [00:07<00:04, 767.55it/s]
 61%|██████▏   | 5400/8810 [00:07<00:05, 582.85it/s]
 62%|██████▏   | 5494/8810 [00:07<00:04, 666.90it/s]
 63%|██████▎   | 5589/8810 [00:07<00:04, 735.69it/s]
 65%|██████▍   | 5693/8810 [00:07<00:03, 813.93it/s]
 66%|██████▌   | 5780/8810 [00:07<00:04, 681.51it/s]
 66%|██████▋   | 5856/8810 [00:08<00:04, 679.57it/s]
 67%|██████▋   | 5929/8810 [00:08<00:04, 645.88it/s]
 68%|██████▊   | 6032/8810 [00:08<00:03, 741.69it/s]
 69%|██████▉   | 6111/8810 [00:08<00:04, 654.62it/s]
 70%|███████   | 6194/8810 [00:08<00:03, 697.54it/s]
 71%|███████▏  | 6278/8810 [00:08<00:03, 731.38it/s]
 72%|███████▏  | 6355/8810 [00:08<00:03, 698.32it/s]
 73%|███████▎  | 6428/8810 [00:08<00:03, 600.74it/s]
 74%|███████▎  | 6496/8810 [00:09<00:03, 617.31it/s]
 75%|███████▍  | 6605/8810 [00:09<00:02, 736.79it/s]
 77%|███████▋  | 6749/8810 [00:09<00:02, 921.99it/s]
 78%|███████▊  | 6846/8810 [00:09<00:02, 894.55it/s]
 79%|███████▉  | 6944/8810 [00:09<00:02, 917.08it/s]
 80%|███████▉  | 7039/8810 [00:09<00:02, 756.47it/s]
 81%|████████  | 7121/8810 [00:09<00:02, 756.33it/s]
 82%|████████▏ | 7201/8810 [00:09<00:02, 751.85it/s]
 83%|████████▎ | 7331/8810 [00:09<00:01, 893.72it/s]
 84%|████████▍ | 7425/8810 [00:10<00:01, 774.07it/s]
 85%|████████▌ | 7508/8810 [00:10<00:01, 686.64it/s]
 86%|████████▌ | 7597/8810 [00:10<00:01, 734.46it/s]
 88%|████████▊ | 7715/8810 [00:10<00:01, 778.72it/s]
 89%|████████▉ | 7823/8810 [00:10<00:01, 848.14it/s]
 90%|█████████ | 7944/8810 [00:10<00:00, 931.06it/s]
 91%|█████████▏| 8041/8810 [00:10<00:01, 647.23it/s]
 92%|█████████▏| 8120/8810 [00:11<00:01, 631.48it/s]
 93%|█████████▎| 8193/8810 [00:11<00:01, 591.91it/s]
 94%|█████████▎| 8259/8810 [00:11<00:01, 524.93it/s]
 94%|█████████▍| 8320/8810 [00:11<00:00, 541.31it/s]
 95%|█████████▌| 8379/8810 [00:11<00:00, 516.12it/s]
 96%|█████████▌| 8460/8810 [00:11<00:00, 584.84it/s]
 97%|█████████▋| 8544/8810 [00:11<00:00, 635.26it/s]
 98%|█████████▊| 8633/8810 [00:11<00:00, 698.79it/s]
 99%|█████████▉| 8706/8810 [00:12<00:00, 657.71it/s]
100%|█████████▉| 8803/8810 [00:12<00:00, 739.34it/s]
100%|██████████| 8810/8810 [00:12<00:00, 720.79it/s]
