
  0%|          | 0/8810 [00:00<?, ?it/s]
  2%|▏         | 179/8810 [00:00<00:04, 1780.38it/s]
  4%|▍         | 358/8810 [00:00<00:06, 1396.24it/s]
  6%|▋         | 570/8810 [00:00<00:04, 1674.76it/s]
  8%|▊         | 745/8810 [00:00<00:06, 1338.20it/s]
 10%|█         | 905/8810 [00:00<00:05, 1413.46it/s]
 12%|█▏        | 1056/8810 [00:00<00:05, 1315.14it/s]
 14%|█▍        | 1233/8810 [00:00<00:05, 1434.40it/s]
 16%|█▌        | 1383/8810 [00:00<00:05, 1450.94it/s]
 17%|█▋        | 1533/8810 [00:01<00:05, 1292.29it/s]
 19%|█▉        | 1713/8810 [00:01<00:04, 1423.73it/s]
 21%|██        | 1862/8810 [00:01<00:05, 1192.24it/s]
 23%|██▎       | 2030/8810 [00:01<00:05, 1306.43it/s]
 25%|██▌       | 2209/8810 [00:01<00:04, 1426.97it/s]
 27%|██▋       | 2361/8810 [00:01<00:05, 1226.58it/s]
 29%|██▊       | 2522/8810 [00:01<00:04, 1316.31it/s]
 30%|███       | 2680/8810 [00:01<00:04, 1381.92it/s]
 32%|███▏      | 2826/8810 [00:02<00:04, 1225.10it/s]
 34%|███▎      | 2971/8810 [00:02<00:04, 1274.10it/s]
 35%|███▌      | 3105/8810 [00:02<00:04, 1154.25it/s]
 37%|███▋      | 3228/8810 [00:02<00:04, 1172.82it/s]
 38%|███▊      | 3350/8810 [00:02<00:04, 1118.94it/s]
 39%|███▉      | 3466/8810 [00:02<00:05, 979.51it/s] 
 41%|████      | 3586/8810 [00:02<00:05, 1026.32it/s]
 42%|████▏     | 3719/8810 [00:02<00:04, 1104.63it/s]
 44%|████▎     | 3834/8810 [00:03<00:04, 1028.70it/s]
 45%|████▌     | 3969/8810 [00:03<00:04, 1111.49it/s]
 47%|████▋     | 4149/8810 [00:03<00:03, 1297.84it/s]
 49%|████▊     | 4284/8810 [00:03<00:03, 1202.99it/s]
 50%|█████     | 4437/8810 [00:03<00:03, 1289.16it/s]
 52%|█████▏    | 4570/8810 [00:03<00:03, 1256.85it/s]
 53%|█████▎    | 4699/8810 [00:03<00:03, 1100.14it/s]
 55%|█████▍    | 4844/8810 [00:03<00:03, 1186.17it/s]
 56%|█████▋    | 4968/8810 [00:04<00:03, 1052.54it/s]
 58%|█████▊    | 5107/8810 [00:04<00:03, 1134.72it/s]
 60%|█████▉    | 5250/8810 [00:04<00:02, 1209.62it/s]
 61%|██████    | 5376/8810 [00:04<00:03, 1093.06it/s]
 62%|██████▏   | 5502/8810 [00:04<00:02, 1131.20it/s]
 64%|██████▍   | 5653/8810 [00:04<00:02, 1231.62it/s]
 66%|██████▌   | 5781/8810 [00:04<00:02, 1150.75it/s]
 67%|██████▋   | 5900/8810 [00:04<00:02, 1127.40it/s]
 68%|██████▊   | 6016/8810 [00:04<00:02, 1084.89it/s]
 70%|██████▉   | 6127/8810 [00:05<00:02, 1001.79it/s]
 71%|███████   | 6271/8810 [00:05<00:02, 1113.96it/s]
 72%|███████▏  | 6386/8810 [00:05<00:02, 1100.51it/s]
 74%|███████▍  | 6499/8810 [00:05<00:02, 999.29it/s] 
 76%|███████▌  | 6699/8810 [00:05<00:01, 1257.34it/s]
 78%|███████▊  | 6851/8810 [00:05<00:01, 1326.79it/s]
 79%|███████▉  | 6989/8810 [00:05<00:01, 1231.61it/s]
 81%|████████  | 7128/8810 [00:05<00:01, 1271.24it/s]
 82%|████████▏ | 7259/8810 [00:05<00:01, 1272.23it/s]
 84%|████████▍ | 7389/8810 [00:06<00:01, 1235.58it/s]
 85%|████████▌ | 7515/8810 [00:06<00:01, 1212.75it/s]
 87%|████████▋ | 7678/8810 [00:06<00:00, 1327.75it/s]
 89%|████████▊ | 7813/8810 [00:06<00:00, 1197.64it/s]
 90%|█████████ | 7951/8810 [00:06<00:00, 1246.16it/s]
 92%|█████████▏| 8079/8810 [00:06<00:00, 1102.61it/s]
 93%|█████████▎| 8217/8810 [00:06<00:00, 1172.30it/s]
 95%|█████████▍| 8361/8810 [00:06<00:00, 1158.84it/s]
 97%|█████████▋| 8511/8810 [00:06<00:00, 1246.36it/s]
 99%|█████████▊| 8693/8810 [00:07<00:00, 1395.62it/s]
100%|██████████| 8810/8810 [00:07<00:00, 1220.86it/s]
