
  0%|          | 0/8810 [00:00<?, ?it/s]
  2%|▏         | 181/8810 [00:00<00:06, 1281.93it/s]
  4%|▍         | 382/8810 [00:00<00:05, 1647.12it/s]
  7%|▋         | 608/8810 [00:00<00:04, 1892.56it/s]
  9%|▉         | 803/8810 [00:00<00:05, 1571.05it/s]
 11%|█         | 970/8810 [00:00<00:05, 1472.49it/s]
 13%|█▎        | 1124/8810 [00:00<00:05, 1355.60it/s]
 14%|█▍        | 1276/8810 [00:00<00:05, 1399.62it/s]
 16%|█▋        | 1436/8810 [00:00<00:05, 1452.12it/s]
 18%|█▊        | 1585/8810 [00:01<00:05, 1285.39it/s]
 20%|██        | 1782/8810 [00:01<00:04, 1462.94it/s]
 22%|██▏       | 1935/8810 [00:01<00:05, 1290.86it/s]
 24%|██▍       | 2153/8810 [00:01<00:04, 1513.74it/s]
 26%|██▋       | 2314/8810 [00:01<00:04, 1389.49it/s]
 29%|██▉       | 2563/8810 [00:01<00:03, 1666.66it/s]
 31%|███       | 2744/8810 [00:01<00:03, 1594.27it/s]
 33%|███▎      | 2911/8810 [00:01<00:03, 1587.76it/s]
 35%|███▍      | 3075/8810 [00:02<00:03, 1451.65it/s]
 37%|███▋      | 3238/8810 [00:02<00:03, 1494.50it/s]
 39%|███▊      | 3410/8810 [00:02<00:03, 1438.75it/s]
 41%|████      | 3585/8810 [00:02<00:03, 1515.99it/s]
 43%|████▎     | 3756/8810 [00:02<00:03, 1567.03it/s]
 44%|████▍     | 3916/8810 [00:02<00:03, 1350.71it/s]
 47%|████▋     | 4138/8810 [00:02<00:02, 1569.18it/s]
 49%|████▉     | 4304/8810 [00:02<00:03, 1421.94it/s]
 51%|█████     | 4515/8810 [00:03<00:02, 1591.80it/s]
 53%|█████▎    | 4683/8810 [00:03<00:02, 1430.44it/s]
 55%|█████▍    | 4844/8810 [00:03<00:02, 1471.52it/s]
 57%|█████▋    | 4998/8810 [00:03<00:02, 1347.48it/s]
 59%|█████▊    | 5172/8810 [00:03<00:02, 1443.88it/s]
 61%|██████    | 5338/8810 [00:03<00:02, 1494.45it/s]
 62%|██████▏   | 5493/8810 [00:03<00:02, 1399.47it/s]
 65%|██████▍   | 5701/8810 [00:03<00:01, 1576.00it/s]
 67%|██████▋   | 5864/8810 [00:03<00:02, 1434.23it/s]
 68%|██████▊   | 6013/8810 [00:04<00:02, 1348.70it/s]
 70%|██████▉   | 6152/8810 [00:04<00:02, 1218.73it/s]
 72%|███████▏  | 6323/8810 [00:04<00:01, 1339.40it/s]
 73%|███████▎  | 6463/8810 [00:04<00:01, 1194.02it/s]
 75%|███████▌  | 6642/8810 [00:04<00:01, 1339.70it/s]
 77%|███████▋  | 6820/8810 [00:04<00:01, 1447.56it/s]
 79%|███████▉  | 6972/8810 [00:04<00:01, 1394.76it/s]
 81%|████████  | 7117/8810 [00:04<00:01, 1377.63it/s]
 82%|████████▏ | 7258/8810 [00:05<00:01, 1351.51it/s]
 84%|████████▍ | 7396/8810 [00:05<00:01, 1275.15it/s]
 85%|████████▌ | 7526/8810 [00:05<00:01, 1247.09it/s]
 87%|████████▋ | 7707/8810 [00:05<00:00, 1397.86it/s]
 89%|████████▉ | 7850/8810 [00:05<00:00, 1228.12it/s]
 91%|█████████ | 8001/8810 [00:05<00:00, 1295.83it/s]
 92%|█████████▏| 8135/8810 [00:05<00:00, 1169.29it/s]
 94%|█████████▍| 8288/8810 [00:05<00:00, 1261.20it/s]
 96%|█████████▌| 8420/8810 [00:06<00:00, 1123.84it/s]
 98%|█████████▊| 8597/8810 [00:06<00:00, 1284.70it/s]
 99%|█████████▉| 8733/8810 [00:06<00:00, 1142.79it/s]
100%|██████████| 8810/8810 [00:06<00:00, 1391.73it/s]
