
  0%|          | 0/8810 [00:00<?, ?it/s]
  2%|▏         | 181/8810 [00:00<00:06, 1437.32it/s]
  5%|▍         | 411/8810 [00:00<00:04, 1883.46it/s]
  7%|▋         | 652/8810 [00:00<00:03, 2104.66it/s]
 10%|▉         | 867/8810 [00:00<00:04, 1685.68it/s]
 12%|█▏        | 1048/8810 [00:00<00:04, 1579.99it/s]
 14%|█▍        | 1250/8810 [00:00<00:04, 1704.40it/s]
 17%|█▋        | 1457/8810 [00:00<00:04, 1634.97it/s]
 19%|█▊        | 1649/8810 [00:00<00:04, 1706.09it/s]
 21%|██        | 1825/8810 [00:01<00:04, 1483.18it/s]
 23%|██▎       | 2026/8810 [00:01<00:04, 1617.11it/s]
 25%|██▌       | 2233/8810 [00:01<00:03, 1737.40it/s]
 27%|██▋       | 2414/8810 [00:01<00:03, 1607.71it/s]
 30%|███       | 2669/8810 [00:01<00:03, 1855.00it/s]
 32%|███▏      | 2863/8810 [00:01<00:03, 1705.31it/s]
 35%|███▍      | 3057/8810 [00:01<00:03, 1623.58it/s]
 37%|███▋      | 3245/8810 [00:01<00:03, 1684.31it/s]
 39%|███▉      | 3419/8810 [00:02<00:03, 1579.48it/s]
 41%|████      | 3633/8810 [00:02<00:03, 1725.63it/s]
 43%|████▎     | 3811/8810 [00:02<00:02, 1673.70it/s]
 46%|████▌     | 4027/8810 [00:02<00:02, 1803.27it/s]
 48%|████▊     | 4212/8810 [00:02<00:02, 1696.33it/s]
 50%|█████     | 4419/8810 [00:02<00:02, 1793.08it/s]
 52%|█████▏    | 4602/8810 [00:02<00:02, 1741.83it/s]
 54%|█████▍    | 4779/8810 [00:02<00:02, 1561.99it/s]
 56%|█████▌    | 4940/8810 [00:02<00:02, 1454.44it/s]
 58%|█████▊    | 5153/8810 [00:03<00:02, 1626.08it/s]
 61%|██████    | 5360/8810 [00:03<00:01, 1745.06it/s]
 63%|██████▎   | 5540/8810 [00:03<00:01, 1648.43it/s]
 65%|██████▌   | 5754/8810 [00:03<00:01, 1671.04it/s]
 67%|██████▋   | 5925/8810 [00:03<00:01, 1639.38it/s]
 69%|██████▉   | 6091/8810 [00:03<00:01, 1583.39it/s]
 71%|███████▏  | 6297/8810 [00:03<00:01, 1710.51it/s]
 73%|███████▎  | 6471/8810 [00:03<00:01, 1531.63it/s]
 76%|███████▋  | 6725/8810 [00:04<00:01, 1794.28it/s]
 79%|███████▉  | 6947/8810 [00:04<00:00, 1908.67it/s]
 81%|████████  | 7144/8810 [00:04<00:00, 1697.44it/s]
 83%|████████▎ | 7335/8810 [00:04<00:00, 1751.79it/s]
 85%|████████▌ | 7517/8810 [00:04<00:00, 1589.21it/s]
 88%|████████▊ | 7715/8810 [00:04<00:00, 1620.43it/s]
 90%|████████▉ | 7885/8810 [00:04<00:00, 1631.32it/s]
 91%|█████████▏| 8052/8810 [00:04<00:00, 1504.71it/s]
 94%|█████████▎| 8239/8810 [00:04<00:00, 1594.20it/s]
 95%|█████████▌| 8403/8810 [00:05<00:00, 1500.87it/s]
 98%|█████████▊| 8622/8810 [00:05<00:00, 1680.94it/s]
100%|█████████▉| 8795/8810 [00:05<00:00, 1574.13it/s]
100%|██████████| 8810/8810 [00:05<00:00, 1658.46it/s]
