
  0%|          | 0/8810 [00:00<?, ?it/s]
  1%|          | 92/8810 [00:00<00:09, 909.72it/s]
  2%|▏         | 183/8810 [00:00<00:10, 838.57it/s]
  4%|▎         | 328/8810 [00:00<00:07, 1104.39it/s]
  5%|▍         | 440/8810 [00:00<00:07, 1049.98it/s]
  7%|▋         | 584/8810 [00:00<00:06, 1182.06it/s]
  8%|▊         | 704/8810 [00:00<00:08, 969.24it/s] 
  9%|▉         | 816/8810 [00:00<00:07, 1006.55it/s]
 10%|█         | 922/8810 [00:00<00:07, 1006.10it/s]
 12%|█▏        | 1026/8810 [00:01<00:08, 949.08it/s]
 13%|█▎        | 1131/8810 [00:01<00:07, 973.13it/s]
 14%|█▍        | 1246/8810 [00:01<00:07, 1020.31it/s]
 15%|█▌        | 1350/8810 [00:01<00:07, 1000.92it/s]
 17%|█▋        | 1457/8810 [00:01<00:07, 924.66it/s] 
 18%|█▊        | 1552/8810 [00:01<00:07, 907.90it/s]
 19%|█▉        | 1689/8810 [00:01<00:06, 1033.49it/s]
 21%|██        | 1811/8810 [00:01<00:06, 1082.64it/s]
 22%|██▏       | 1922/8810 [00:01<00:07, 890.16it/s] 
 23%|██▎       | 2034/8810 [00:02<00:07, 945.97it/s]
 24%|██▍       | 2152/8810 [00:02<00:06, 1001.69it/s]
 26%|██▌       | 2259/8810 [00:02<00:06, 1015.37it/s]
 27%|██▋       | 2364/8810 [00:02<00:07, 857.45it/s] 
 28%|██▊       | 2477/8810 [00:02<00:06, 924.24it/s]
 30%|██▉       | 2612/8810 [00:02<00:05, 1035.51it/s]
 31%|███       | 2722/8810 [00:02<00:05, 1035.78it/s]
 32%|███▏      | 2830/8810 [00:02<00:06, 862.62it/s] 
 33%|███▎      | 2937/8810 [00:03<00:06, 909.59it/s]
 35%|███▍      | 3057/8810 [00:03<00:06, 847.62it/s]
 36%|███▌      | 3160/8810 [00:03<00:06, 888.98it/s]
 37%|███▋      | 3254/8810 [00:03<00:06, 887.27it/s]
 38%|███▊      | 3365/8810 [00:03<00:05, 945.51it/s]
 39%|███▉      | 3463/8810 [00:03<00:06, 811.64it/s]
 41%|████      | 3603/8810 [00:03<00:05, 953.51it/s]
 42%|████▏     | 3705/8810 [00:03<00:05, 963.65it/s]
 43%|████▎     | 3806/8810 [00:04<00:05, 838.48it/s]
 44%|████▍     | 3906/8810 [00:04<00:05, 878.72it/s]
 46%|████▌     | 4057/8810 [00:04<00:04, 1044.04it/s]
 47%|████▋     | 4168/8810 [00:04<00:04, 1044.97it/s]
 49%|████▊     | 4277/8810 [00:04<00:04, 932.99it/s] 
 50%|█████     | 4409/8810 [00:04<00:04, 1030.81it/s]
 51%|█████▏    | 4517/8810 [00:04<00:04, 1043.51it/s]
 52%|█████▏    | 4625/8810 [00:04<00:04, 911.38it/s] 
 54%|█████▎    | 4722/8810 [00:04<00:04, 901.25it/s]
 55%|█████▍    | 4829/8810 [00:05<00:04, 942.04it/s]
 56%|█████▌    | 4927/8810 [00:05<00:04, 942.10it/s]
 57%|█████▋    | 5024/8810 [00:05<00:04, 835.49it/s]
 58%|█████▊    | 5116/8810 [00:05<00:04, 855.86it/s]
 59%|█████▉    | 5227/8810 [00:05<00:03, 922.59it/s]
 61%|██████    | 5348/8810 [00:05<00:03, 1001.42it/s]
 62%|██████▏   | 5451/8810 [00:05<00:03, 897.86it/s] 
 63%|██████▎   | 5567/8810 [00:05<00:03, 961.36it/s]
 65%|██████▍   | 5699/8810 [00:05<00:02, 1059.10it/s]
 66%|██████▌   | 5809/8810 [00:06<00:03, 979.51it/s] 
 67%|██████▋   | 5911/8810 [00:06<00:03, 869.18it/s]
 68%|██████▊   | 6006/8810 [00:06<00:03, 887.78it/s]
 69%|██████▉   | 6098/8810 [00:06<00:03, 837.98it/s]
 70%|███████   | 6193/8810 [00:06<00:03, 865.45it/s]
 72%|███████▏  | 6316/8810 [00:06<00:02, 959.37it/s]
 73%|███████▎  | 6415/8810 [00:06<00:02, 853.13it/s]
 74%|███████▍  | 6519/8810 [00:06<00:02, 891.13it/s]
 76%|███████▌  | 6652/8810 [00:07<00:02, 996.89it/s]
 77%|███████▋  | 6789/8810 [00:07<00:01, 1097.50it/s]
 78%|███████▊  | 6910/8810 [00:07<00:01, 1127.32it/s]
 80%|███████▉  | 7025/8810 [00:07<00:01, 945.37it/s] 
 81%|████████  | 7126/8810 [00:07<00:01, 933.84it/s]
 82%|████████▏ | 7224/8810 [00:07<00:01, 887.05it/s]
 83%|████████▎ | 7347/8810 [00:07<00:01, 973.70it/s]
 85%|████████▍ | 7448/8810 [00:07<00:01, 902.60it/s]
 86%|████████▌ | 7542/8810 [00:08<00:01, 804.67it/s]
 87%|████████▋ | 7672/8810 [00:08<00:01, 922.89it/s]
 88%|████████▊ | 7770/8810 [00:08<00:01, 808.06it/s]
 89%|████████▉ | 7878/8810 [00:08<00:01, 871.78it/s]
 91%|█████████ | 7982/8810 [00:08<00:00, 910.92it/s]
 92%|█████████▏| 8078/8810 [00:08<00:00, 790.69it/s]
 93%|█████████▎| 8173/8810 [00:08<00:00, 826.46it/s]
 94%|█████████▍| 8261/8810 [00:08<00:00, 831.67it/s]
 95%|█████████▍| 8355/8810 [00:08<00:00, 858.44it/s]
 96%|█████████▌| 8444/8810 [00:09<00:00, 775.97it/s]
 97%|█████████▋| 8555/8810 [00:09<00:00, 860.83it/s]
 99%|█████████▊| 8678/8810 [00:09<00:00, 960.42it/s]
100%|█████████▉| 8778/8810 [00:09<00:00, 859.07it/s]
100%|██████████| 8810/8810 [00:09<00:00, 929.15it/s]
