
  0%|          | 0/8810 [00:00<?, ?it/s]
  2%|▏         | 181/8810 [00:00<00:05, 1492.64it/s]
  5%|▍         | 422/8810 [00:00<00:04, 1986.13it/s]
  7%|▋         | 656/8810 [00:00<00:04, 1932.63it/s]
 10%|▉         | 866/8810 [00:00<00:04, 1981.52it/s]
 12%|█▏        | 1067/8810 [00:00<00:04, 1828.37it/s]
 14%|█▍        | 1259/8810 [00:00<00:04, 1853.43it/s]
 17%|█▋        | 1457/8810 [00:00<00:04, 1739.43it/s]
 19%|█▉        | 1652/8810 [00:00<00:03, 1796.17it/s]
 21%|██        | 1834/8810 [00:01<00:04, 1701.32it/s]
 23%|██▎       | 2068/8810 [00:01<00:03, 1877.88it/s]
 26%|██▌       | 2263/8810 [00:01<00:03, 1764.85it/s]
 29%|██▊       | 2518/8810 [00:01<00:03, 1979.42it/s]
 31%|███       | 2744/8810 [00:01<00:03, 1925.28it/s]
 33%|███▎      | 2941/8810 [00:01<00:03, 1902.35it/s]
 36%|███▌      | 3134/8810 [00:01<00:03, 1770.25it/s]
 38%|███▊      | 3318/8810 [00:01<00:03, 1784.78it/s]
 40%|███▉      | 3499/8810 [00:01<00:03, 1661.80it/s]
 42%|████▏     | 3710/8810 [00:02<00:02, 1779.51it/s]
 44%|████▍     | 3892/8810 [00:02<00:02, 1688.25it/s]
 47%|████▋     | 4176/8810 [00:02<00:02, 1997.39it/s]
 50%|████▉     | 4381/8810 [00:02<00:02, 1808.79it/s]
 52%|█████▏    | 4569/8810 [00:02<00:02, 1774.29it/s]
 54%|█████▍    | 4751/8810 [00:02<00:02, 1626.34it/s]
 56%|█████▌    | 4932/8810 [00:02<00:02, 1514.39it/s]
 58%|█████▊    | 5153/8810 [00:02<00:02, 1687.90it/s]
 61%|██████    | 5372/8810 [00:03<00:02, 1673.93it/s]
 63%|██████▎   | 5564/8810 [00:03<00:01, 1735.01it/s]
 65%|██████▌   | 5754/8810 [00:03<00:01, 1616.85it/s]
 67%|██████▋   | 5920/8810 [00:03<00:01, 1476.72it/s]
 69%|██████▉   | 6072/8810 [00:03<00:02, 1368.60it/s]
 71%|███████   | 6213/8810 [00:03<00:01, 1338.42it/s]
 72%|███████▏  | 6369/8810 [00:03<00:01, 1394.37it/s]
 74%|███████▍  | 6511/8810 [00:03<00:01, 1230.53it/s]
 76%|███████▋  | 6725/8810 [00:04<00:01, 1458.59it/s]
 79%|███████▊  | 6935/8810 [00:04<00:01, 1623.55it/s]
 81%|████████  | 7105/8810 [00:04<00:01, 1442.59it/s]
 82%|████████▏ | 7258/8810 [00:04<00:01, 1416.00it/s]
 84%|████████▍ | 7406/8810 [00:04<00:00, 1429.32it/s]
 86%|████████▌ | 7554/8810 [00:04<00:00, 1323.16it/s]
 88%|████████▊ | 7715/8810 [00:04<00:00, 1303.98it/s]
 89%|████████▉ | 7849/8810 [00:04<00:00, 1307.91it/s]
 91%|█████████ | 8008/8810 [00:04<00:00, 1383.30it/s]
 92%|█████████▏| 8149/8810 [00:05<00:00, 1254.60it/s]
 94%|█████████▍| 8282/8810 [00:05<00:00, 1272.00it/s]
 95%|█████████▌| 8412/8810 [00:05<00:00, 1201.43it/s]
 98%|█████████▊| 8597/8810 [00:05<00:00, 1370.67it/s]
 99%|█████████▉| 8738/8810 [00:05<00:00, 1295.78it/s]
100%|██████████| 8810/8810 [00:05<00:00, 1584.17it/s]
