
  0%|          | 0/8810 [00:00<?, ?it/s]
  2%|▏         | 181/8810 [00:00<00:05, 1530.67it/s]
  5%|▍         | 434/8810 [00:00<00:04, 2074.97it/s]
  7%|▋         | 656/8810 [00:00<00:03, 2068.68it/s]
 10%|▉         | 866/8810 [00:00<00:03, 2016.85it/s]
 12%|█▏        | 1070/8810 [00:00<00:04, 1839.69it/s]
 15%|█▍        | 1313/8810 [00:00<00:03, 2021.16it/s]
 17%|█▋        | 1519/8810 [00:00<00:03, 1874.42it/s]
 20%|██        | 1785/8810 [00:00<00:03, 2095.02it/s]
 23%|██▎       | 2000/8810 [00:01<00:03, 1827.17it/s]
 26%|██▌       | 2262/8810 [00:01<00:03, 2033.98it/s]
 28%|██▊       | 2475/8810 [00:01<00:03, 1930.32it/s]
 31%|███       | 2744/8810 [00:01<00:03, 1957.91it/s]
 33%|███▎      | 2945/8810 [00:01<00:02, 1956.27it/s]
 36%|███▌      | 3144/8810 [00:01<00:02, 1925.83it/s]
 38%|███▊      | 3349/8810 [00:01<00:02, 1958.48it/s]
 40%|████      | 3547/8810 [00:01<00:02, 1824.85it/s]
 43%|████▎     | 3774/8810 [00:01<00:02, 1788.70it/s]
 46%|████▌     | 4063/8810 [00:02<00:02, 2077.12it/s]
 49%|████▊     | 4277/8810 [00:02<00:02, 1954.44it/s]
 51%|█████▏    | 4535/8810 [00:02<00:02, 2116.49it/s]
 54%|█████▍    | 4752/8810 [00:02<00:02, 1867.85it/s]
 56%|█████▌    | 4947/8810 [00:02<00:02, 1741.50it/s]
 58%|█████▊    | 5128/8810 [00:02<00:02, 1752.23it/s]
 61%|██████    | 5372/8810 [00:02<00:01, 1755.47it/s]
 64%|██████▎   | 5614/8810 [00:02<00:01, 1922.82it/s]
 66%|██████▌   | 5812/8810 [00:03<00:01, 1861.19it/s]
 68%|██████▊   | 6002/8810 [00:03<00:01, 1813.68it/s]
 70%|███████   | 6186/8810 [00:03<00:01, 1657.21it/s]
 73%|███████▎  | 6400/8810 [00:03<00:01, 1644.81it/s]
 76%|███████▌  | 6672/8810 [00:03<00:01, 1919.42it/s]
 79%|███████▊  | 6932/8810 [00:03<00:00, 2094.40it/s]
 81%|████████  | 7148/8810 [00:03<00:00, 1962.74it/s]
 84%|████████▎ | 7360/8810 [00:03<00:00, 1852.56it/s]
 86%|████████▌ | 7550/8810 [00:03<00:00, 1800.72it/s]
 88%|████████▊ | 7734/8810 [00:04<00:00, 1759.95it/s]
 90%|█████████ | 7945/8810 [00:04<00:00, 1848.65it/s]
 92%|█████████▏| 8133/8810 [00:04<00:00, 1646.28it/s]
 95%|█████████▍| 8339/8810 [00:04<00:00, 1752.90it/s]
 97%|█████████▋| 8520/8810 [00:04<00:00, 1667.94it/s]
 99%|█████████▉| 8702/8810 [00:04<00:00, 1608.46it/s]
100%|██████████| 8810/8810 [00:04<00:00, 1853.51it/s]
