
  0%|          | 0/8810 [00:00<?, ?it/s]
  2%|▏         | 181/8810 [00:00<00:06, 1394.31it/s]
  5%|▍         | 423/8810 [00:00<00:04, 1924.15it/s]
  7%|▋         | 656/8810 [00:00<00:04, 1815.34it/s]
 10%|▉         | 844/8810 [00:00<00:04, 1836.07it/s]
 12%|█▏        | 1031/8810 [00:00<00:04, 1723.15it/s]
 14%|█▍        | 1269/8810 [00:00<00:03, 1918.83it/s]
 17%|█▋        | 1465/8810 [00:00<00:04, 1770.98it/s]
 19%|█▉        | 1699/8810 [00:00<00:03, 1932.51it/s]
 22%|██▏       | 1897/8810 [00:01<00:03, 1814.43it/s]
 24%|██▍       | 2149/8810 [00:01<00:03, 2005.19it/s]
 27%|██▋       | 2355/8810 [00:01<00:03, 1816.84it/s]
 30%|██▉       | 2622/8810 [00:01<00:03, 2042.00it/s]
 32%|███▏      | 2834/8810 [00:01<00:03, 1886.62it/s]
 35%|███▍      | 3057/8810 [00:01<00:03, 1841.20it/s]
 37%|███▋      | 3246/8810 [00:01<00:03, 1852.70it/s]
 39%|███▉      | 3435/8810 [00:01<00:03, 1704.74it/s]
 41%|████      | 3631/8810 [00:01<00:02, 1769.84it/s]
 43%|████▎     | 3812/8810 [00:02<00:02, 1767.75it/s]
 46%|████▌     | 4057/8810 [00:02<00:02, 1953.33it/s]
 48%|████▊     | 4256/8810 [00:02<00:02, 1843.37it/s]
 51%|█████     | 4496/8810 [00:02<00:02, 1995.96it/s]
 53%|█████▎    | 4700/8810 [00:02<00:02, 1660.50it/s]
 56%|█████▌    | 4892/8810 [00:02<00:02, 1724.73it/s]
 58%|█████▊    | 5074/8810 [00:02<00:02, 1589.51it/s]
 60%|██████    | 5304/8810 [00:02<00:01, 1767.68it/s]
 62%|██████▏   | 5490/8810 [00:03<00:01, 1711.45it/s]
 65%|██████▌   | 5736/8810 [00:03<00:01, 1908.92it/s]
 67%|██████▋   | 5934/8810 [00:03<00:01, 1676.92it/s]
 69%|██████▉   | 6111/8810 [00:03<00:01, 1604.82it/s]
 72%|███████▏  | 6333/8810 [00:03<00:01, 1756.35it/s]
 74%|███████▍  | 6516/8810 [00:03<00:01, 1660.64it/s]
 77%|███████▋  | 6801/8810 [00:03<00:01, 1972.82it/s]
 80%|███████▉  | 7007/8810 [00:03<00:00, 1919.65it/s]
 82%|████████▏ | 7205/8810 [00:03<00:00, 1904.61it/s]
 84%|████████▍ | 7400/8810 [00:04<00:00, 1861.32it/s]
 86%|████████▌ | 7596/8810 [00:04<00:00, 1883.30it/s]
 88%|████████▊ | 7787/8810 [00:04<00:00, 1728.20it/s]
 91%|█████████ | 7977/8810 [00:04<00:00, 1773.72it/s]
 93%|█████████▎| 8158/8810 [00:04<00:00, 1612.08it/s]
 95%|█████████▍| 8361/8810 [00:04<00:00, 1553.47it/s]
 97%|█████████▋| 8587/8810 [00:04<00:00, 1731.33it/s]
100%|█████████▉| 8766/8810 [00:04<00:00, 1638.33it/s]
100%|██████████| 8810/8810 [00:04<00:00, 1786.63it/s]
