
  0%|          | 0/8810 [00:00<?, ?it/s]
  2%|▏         | 181/8810 [00:00<00:06, 1304.89it/s]
  4%|▍         | 368/8810 [00:00<00:05, 1587.80it/s]
  6%|▋         | 559/8810 [00:00<00:04, 1713.09it/s]
  8%|▊         | 734/8810 [00:00<00:05, 1404.11it/s]
 10%|█         | 883/8810 [00:00<00:05, 1414.40it/s]
 12%|█▏        | 1030/8810 [00:00<00:05, 1361.63it/s]
 14%|█▍        | 1225/8810 [00:00<00:04, 1527.64it/s]
 16%|█▌        | 1383/8810 [00:00<00:04, 1502.24it/s]
 17%|█▋        | 1537/8810 [00:01<00:05, 1424.89it/s]
 19%|█▉        | 1691/8810 [00:01<00:04, 1455.66it/s]
 21%|██        | 1839/8810 [00:01<00:05, 1264.33it/s]
 23%|██▎       | 2004/8810 [00:01<00:04, 1362.99it/s]
 25%|██▍       | 2193/8810 [00:01<00:04, 1501.12it/s]
 27%|██▋       | 2349/8810 [00:01<00:04, 1325.66it/s]
 29%|██▉       | 2534/8810 [00:01<00:04, 1457.01it/s]
 31%|███       | 2734/8810 [00:01<00:03, 1601.02it/s]
 33%|███▎      | 2901/8810 [00:02<00:04, 1455.09it/s]
 35%|███▍      | 3057/8810 [00:02<00:04, 1373.63it/s]
 37%|███▋      | 3217/8810 [00:02<00:03, 1430.31it/s]
 38%|███▊      | 3373/8810 [00:02<00:03, 1462.71it/s]
 40%|███▉      | 3523/8810 [00:02<00:03, 1344.01it/s]
 42%|████▏     | 3729/8810 [00:02<00:03, 1532.67it/s]
 44%|████▍     | 3888/8810 [00:02<00:03, 1413.17it/s]
 46%|████▌     | 4073/8810 [00:02<00:03, 1524.13it/s]
 48%|████▊     | 4231/8810 [00:02<00:03, 1441.12it/s]
 50%|█████     | 4443/8810 [00:03<00:02, 1621.70it/s]
 52%|█████▏    | 4611/8810 [00:03<00:02, 1636.38it/s]
 54%|█████▍    | 4779/8810 [00:03<00:02, 1469.74it/s]
 56%|█████▌    | 4932/8810 [00:03<00:02, 1320.59it/s]
 58%|█████▊    | 5087/8810 [00:03<00:02, 1377.73it/s]
 60%|█████▉    | 5269/8810 [00:03<00:02, 1488.23it/s]
 62%|██████▏   | 5423/8810 [00:03<00:02, 1381.22it/s]
 64%|██████▍   | 5628/8810 [00:03<00:02, 1557.36it/s]
 66%|██████▌   | 5790/8810 [00:03<00:02, 1454.32it/s]
 67%|██████▋   | 5941/8810 [00:04<00:02, 1349.35it/s]
 69%|██████▉   | 6081/8810 [00:04<00:02, 1299.40it/s]
 71%|███████   | 6241/8810 [00:04<00:01, 1377.22it/s]
 73%|███████▎  | 6393/8810 [00:04<00:01, 1415.15it/s]
 74%|███████▍  | 6538/8810 [00:04<00:01, 1303.29it/s]
 76%|███████▋  | 6733/8810 [00:04<00:01, 1473.39it/s]
 78%|███████▊  | 6911/8810 [00:04<00:01, 1556.84it/s]
 80%|████████  | 7071/8810 [00:04<00:01, 1462.36it/s]
 82%|████████▏ | 7221/8810 [00:05<00:01, 1434.65it/s]
 84%|████████▎ | 7367/8810 [00:05<00:01, 1354.87it/s]
 85%|████████▌ | 7505/8810 [00:05<00:00, 1318.37it/s]
 87%|████████▋ | 7676/8810 [00:05<00:00, 1424.54it/s]
 89%|████████▉ | 7821/8810 [00:05<00:00, 1290.14it/s]
 90%|█████████ | 7956/8810 [00:05<00:00, 1303.06it/s]
 92%|█████████▏| 8089/8810 [00:05<00:00, 1183.34it/s]
 93%|█████████▎| 8213/8810 [00:05<00:00, 1194.70it/s]
 95%|█████████▍| 8361/8810 [00:05<00:00, 1164.20it/s]
 97%|█████████▋| 8518/8810 [00:06<00:00, 1268.97it/s]
 99%|█████████▊| 8685/8810 [00:06<00:00, 1375.46it/s]
100%|██████████| 8810/8810 [00:06<00:00, 1405.23it/s]
