
  0%|          | 0/8810 [00:00<?, ?it/s]
  2%|▏         | 181/8810 [00:00<00:05, 1568.00it/s]
  5%|▍         | 427/8810 [00:00<00:04, 2048.71it/s]
  7%|▋         | 655/8810 [00:00<00:03, 2143.21it/s]
 10%|▉         | 872/8810 [00:00<00:04, 1768.67it/s]
 12%|█▏        | 1058/8810 [00:00<00:04, 1576.47it/s]
 14%|█▍        | 1255/8810 [00:00<00:04, 1686.19it/s]
 17%|█▋        | 1457/8810 [00:00<00:04, 1646.53it/s]
 19%|█▊        | 1651/8810 [00:00<00:04, 1723.87it/s]
 21%|██        | 1828/8810 [00:01<00:04, 1587.28it/s]
 23%|██▎       | 2000/8810 [00:01<00:04, 1621.60it/s]
 25%|██▌       | 2221/8810 [00:01<00:03, 1780.23it/s]
 27%|██▋       | 2404/8810 [00:01<00:03, 1622.21it/s]
 30%|███       | 2668/8810 [00:01<00:03, 1886.68it/s]
 33%|███▎      | 2864/8810 [00:01<00:03, 1772.56it/s]
 35%|███▍      | 3047/8810 [00:01<00:03, 1757.46it/s]
 37%|███▋      | 3227/8810 [00:01<00:03, 1558.00it/s]
 39%|███▊      | 3410/8810 [00:02<00:03, 1518.14it/s]
 41%|████      | 3630/8810 [00:02<00:03, 1690.23it/s]
 43%|████▎     | 3806/8810 [00:02<00:03, 1613.41it/s]
 46%|████▌     | 4023/8810 [00:02<00:02, 1759.26it/s]
 48%|████▊     | 4204/8810 [00:02<00:02, 1682.11it/s]
 51%|█████     | 4463/8810 [00:02<00:02, 1925.85it/s]
 53%|█████▎    | 4661/8810 [00:02<00:02, 1766.81it/s]
 55%|█████▍    | 4844/8810 [00:02<00:02, 1735.45it/s]
 57%|█████▋    | 5022/8810 [00:02<00:02, 1643.45it/s]
 59%|█████▉    | 5240/8810 [00:03<00:01, 1785.12it/s]
 62%|██████▏   | 5423/8810 [00:03<00:02, 1690.93it/s]
 64%|██████▍   | 5646/8810 [00:03<00:01, 1835.86it/s]
 66%|██████▌   | 5834/8810 [00:03<00:01, 1677.90it/s]
 68%|██████▊   | 6007/8810 [00:03<00:01, 1638.94it/s]
 70%|███████   | 6175/8810 [00:03<00:01, 1512.72it/s]
 72%|███████▏  | 6381/8810 [00:03<00:01, 1654.01it/s]
 74%|███████▍  | 6551/8810 [00:03<00:01, 1575.74it/s]
 77%|███████▋  | 6782/8810 [00:03<00:01, 1771.21it/s]
 79%|███████▉  | 6972/8810 [00:04<00:01, 1656.86it/s]
 81%|████████▏ | 7166/8810 [00:04<00:00, 1728.10it/s]
 84%|████████▎ | 7360/8810 [00:04<00:00, 1637.14it/s]
 85%|████████▌ | 7528/8810 [00:04<00:00, 1646.97it/s]
 88%|████████▊ | 7715/8810 [00:04<00:00, 1629.29it/s]
 90%|████████▉ | 7923/8810 [00:04<00:00, 1749.61it/s]
 92%|█████████▏| 8101/8810 [00:04<00:00, 1541.83it/s]
 94%|█████████▍| 8277/8810 [00:04<00:00, 1596.32it/s]
 96%|█████████▌| 8442/8810 [00:05<00:00, 1511.07it/s]
 98%|█████████▊| 8647/8810 [00:05<00:00, 1653.94it/s]
100%|██████████| 8810/8810 [00:05<00:00, 1679.74it/s]
