
  0%|          | 0/8810 [00:00<?, ?it/s]
  2%|▏         | 181/8810 [00:00<00:05, 1471.20it/s]
  5%|▌         | 473/8810 [00:00<00:03, 2246.36it/s]
  8%|▊         | 705/8810 [00:00<00:03, 2096.42it/s]
 10%|█         | 920/8810 [00:00<00:03, 2050.66it/s]
 13%|█▎        | 1128/8810 [00:00<00:04, 1894.76it/s]
 15%|█▌        | 1364/8810 [00:00<00:03, 2031.66it/s]
 18%|█▊        | 1571/8810 [00:00<00:03, 1880.96it/s]
 20%|██        | 1798/8810 [00:00<00:03, 1989.33it/s]
 23%|██▎       | 2001/8810 [00:01<00:03, 1742.53it/s]
 26%|██▌       | 2258/8810 [00:01<00:03, 1955.38it/s]
 28%|██▊       | 2462/8810 [00:01<00:03, 1888.28it/s]
 31%|███       | 2702/8810 [00:01<00:03, 2025.25it/s]
 33%|███▎      | 2911/8810 [00:01<00:03, 1748.16it/s]
 35%|███▌      | 3096/8810 [00:01<00:03, 1659.83it/s]
 37%|███▋      | 3269/8810 [00:01<00:03, 1628.33it/s]
 39%|███▉      | 3437/8810 [00:01<00:03, 1507.27it/s]
 41%|████      | 3619/8810 [00:02<00:03, 1585.73it/s]
 43%|████▎     | 3782/8810 [00:02<00:03, 1509.06it/s]
 45%|████▍     | 3958/8810 [00:02<00:03, 1572.99it/s]
 47%|████▋     | 4180/8810 [00:02<00:02, 1598.74it/s]
 50%|█████     | 4405/8810 [00:02<00:02, 1766.82it/s]
 52%|█████▏    | 4586/8810 [00:02<00:02, 1775.18it/s]
 54%|█████▍    | 4767/8810 [00:02<00:02, 1664.60it/s]
 56%|█████▌    | 4937/8810 [00:02<00:02, 1440.28it/s]
 58%|█████▊    | 5152/8810 [00:02<00:02, 1614.60it/s]
 61%|██████    | 5357/8810 [00:03<00:01, 1728.74it/s]
 63%|██████▎   | 5537/8810 [00:03<00:02, 1567.15it/s]
 65%|██████▌   | 5754/8810 [00:03<00:01, 1556.38it/s]
 67%|██████▋   | 5915/8810 [00:03<00:01, 1531.53it/s]
 69%|██████▉   | 6072/8810 [00:03<00:01, 1479.62it/s]
 71%|███████▏  | 6288/8810 [00:03<00:01, 1654.97it/s]
 73%|███████▎  | 6458/8810 [00:03<00:01, 1556.81it/s]
 76%|███████▌  | 6673/8810 [00:03<00:01, 1713.17it/s]
 79%|███████▊  | 6936/8810 [00:03<00:00, 1964.23it/s]
 81%|████████  | 7138/8810 [00:04<00:00, 1717.23it/s]
 83%|████████▎ | 7320/8810 [00:04<00:00, 1743.58it/s]
 85%|████████▌ | 7501/8810 [00:04<00:00, 1583.13it/s]
 87%|████████▋ | 7699/8810 [00:04<00:00, 1684.18it/s]
 89%|████████▉ | 7874/8810 [00:04<00:00, 1482.88it/s]
 91%|█████████ | 8037/8810 [00:04<00:00, 1380.22it/s]
 93%|█████████▎| 8210/8810 [00:04<00:00, 1464.19it/s]
 95%|█████████▍| 8363/8810 [00:05<00:00, 1381.65it/s]
 97%|█████████▋| 8543/8810 [00:05<00:00, 1487.12it/s]
 99%|█████████▉| 8702/8810 [00:05<00:00, 1471.77it/s]
100%|██████████| 8810/8810 [00:05<00:00, 1668.77it/s]
