
  0%|          | 0/8810 [00:00<?, ?it/s]
  2%|▏         | 181/8810 [00:00<00:05, 1509.48it/s]
  5%|▍         | 408/8810 [00:00<00:04, 1917.29it/s]
  7%|▋         | 645/8810 [00:00<00:03, 2111.70it/s]
 10%|▉         | 859/8810 [00:00<00:04, 1824.75it/s]
 12%|█▏        | 1048/8810 [00:00<00:04, 1757.93it/s]
 14%|█▍        | 1270/8810 [00:00<00:03, 1896.20it/s]
 17%|█▋        | 1464/8810 [00:00<00:04, 1698.97it/s]
 19%|█▉        | 1676/8810 [00:00<00:03, 1814.93it/s]
 21%|██        | 1863/8810 [00:01<00:04, 1655.95it/s]
 24%|██▍       | 2129/8810 [00:01<00:03, 1925.20it/s]
 26%|██▋       | 2330/8810 [00:01<00:03, 1728.55it/s]
 29%|██▉       | 2549/8810 [00:01<00:03, 1845.10it/s]
 31%|███       | 2742/8810 [00:01<00:03, 1819.51it/s]
 33%|███▎      | 2930/8810 [00:01<00:03, 1532.87it/s]
 35%|███▌      | 3094/8810 [00:01<00:03, 1482.91it/s]
 37%|███▋      | 3250/8810 [00:01<00:03, 1476.61it/s]
 39%|███▊      | 3410/8810 [00:02<00:03, 1392.98it/s]
 41%|████      | 3627/8810 [00:02<00:03, 1589.75it/s]
 43%|████▎     | 3792/8810 [00:02<00:03, 1530.48it/s]
 46%|████▌     | 4025/8810 [00:02<00:02, 1741.64it/s]
 48%|████▊     | 4205/8810 [00:02<00:02, 1690.58it/s]
 50%|█████     | 4416/8810 [00:02<00:02, 1802.56it/s]
 52%|█████▏    | 4600/8810 [00:02<00:02, 1810.16it/s]
 54%|█████▍    | 4784/8810 [00:02<00:02, 1660.36it/s]
 56%|█████▌    | 4954/8810 [00:02<00:02, 1525.99it/s]
 59%|█████▊    | 5172/8810 [00:03<00:02, 1692.21it/s]
 61%|██████    | 5372/8810 [00:03<00:02, 1662.03it/s]
 63%|██████▎   | 5585/8810 [00:03<00:01, 1786.64it/s]
 65%|██████▌   | 5768/8810 [00:03<00:01, 1754.69it/s]
 68%|██████▊   | 5947/8810 [00:03<00:01, 1638.14it/s]
 69%|██████▉   | 6114/8810 [00:03<00:01, 1575.65it/s]
 72%|███████▏  | 6324/8810 [00:03<00:01, 1711.84it/s]
 74%|███████▍  | 6499/8810 [00:03<00:01, 1596.69it/s]
 76%|███████▋  | 6731/8810 [00:03<00:01, 1788.79it/s]
 78%|███████▊  | 6915/8810 [00:04<00:01, 1795.34it/s]
 81%|████████  | 7098/8810 [00:04<00:01, 1580.08it/s]
 82%|████████▏ | 7263/8810 [00:04<00:00, 1556.77it/s]
 84%|████████▍ | 7423/8810 [00:04<00:00, 1504.66it/s]
 86%|████████▌ | 7577/8810 [00:04<00:00, 1430.50it/s]
 88%|████████▊ | 7723/8810 [00:04<00:00, 1426.26it/s]
 89%|████████▉ | 7870/8810 [00:04<00:00, 1436.22it/s]
 91%|█████████ | 8028/8810 [00:04<00:00, 1471.10it/s]
 93%|█████████▎| 8177/8810 [00:04<00:00, 1348.11it/s]
 95%|█████████▍| 8334/8810 [00:05<00:00, 1408.02it/s]
 96%|█████████▌| 8478/8810 [00:05<00:00, 1370.39it/s]
 98%|█████████▊| 8657/8810 [00:05<00:00, 1484.34it/s]
100%|█████████▉| 8808/8810 [00:05<00:00, 1431.52it/s]
100%|██████████| 8810/8810 [00:05<00:00, 1623.75it/s]
