
  0%|          | 0/8810 [00:00<?, ?it/s]
  2%|▏         | 181/8810 [00:00<00:05, 1590.72it/s]
  5%|▍         | 440/8810 [00:00<00:03, 2135.25it/s]
  7%|▋         | 657/8810 [00:00<00:04, 1938.69it/s]
 10%|█         | 884/8810 [00:00<00:03, 2055.18it/s]
 12%|█▏        | 1093/8810 [00:00<00:03, 1933.97it/s]
 15%|█▌        | 1339/8810 [00:00<00:03, 2089.69it/s]
 18%|█▊        | 1551/8810 [00:00<00:03, 1891.04it/s]
 21%|██        | 1810/8810 [00:00<00:03, 2086.38it/s]
 23%|██▎       | 2025/8810 [00:01<00:03, 1831.93it/s]
 26%|██▌       | 2259/8810 [00:01<00:03, 1965.07it/s]
 28%|██▊       | 2464/8810 [00:01<00:03, 1883.23it/s]
 31%|███       | 2727/8810 [00:01<00:02, 2081.97it/s]
 33%|███▎      | 2942/8810 [00:01<00:03, 1862.78it/s]
 36%|███▌      | 3137/8810 [00:01<00:03, 1770.07it/s]
 38%|███▊      | 3355/8810 [00:01<00:02, 1873.38it/s]
 40%|████      | 3548/8810 [00:01<00:02, 1795.26it/s]
 43%|████▎     | 3774/8810 [00:01<00:02, 1801.42it/s]
 45%|████▌     | 3986/8810 [00:02<00:02, 1883.63it/s]
 47%|████▋     | 4180/8810 [00:02<00:02, 1830.27it/s]
 51%|█████     | 4452/8810 [00:02<00:02, 2073.30it/s]
 53%|█████▎    | 4664/8810 [00:02<00:02, 1900.74it/s]
 55%|█████▌    | 4859/8810 [00:02<00:02, 1868.02it/s]
 57%|█████▋    | 5050/8810 [00:02<00:02, 1752.09it/s]
 60%|█████▉    | 5254/8810 [00:02<00:01, 1826.58it/s]
 62%|██████▏   | 5440/8810 [00:02<00:01, 1751.82it/s]
 65%|██████▍   | 5699/8810 [00:02<00:01, 1976.48it/s]
 67%|██████▋   | 5901/8810 [00:03<00:01, 1743.66it/s]
 69%|██████▉   | 6083/8810 [00:03<00:01, 1627.64it/s]
 72%|███████▏  | 6315/8810 [00:03<00:01, 1804.09it/s]
 74%|███████▍  | 6503/8810 [00:03<00:01, 1691.68it/s]
 77%|███████▋  | 6751/8810 [00:03<00:01, 1893.94it/s]
 79%|███████▉  | 6972/8810 [00:03<00:00, 1850.31it/s]
 81%|████████▏ | 7169/8810 [00:03<00:00, 1879.37it/s]
 84%|████████▎ | 7361/8810 [00:03<00:00, 1870.69it/s]
 86%|████████▌ | 7551/8810 [00:04<00:00, 1863.63it/s]
 88%|████████▊ | 7740/8810 [00:04<00:00, 1814.13it/s]
 90%|█████████ | 7942/8810 [00:04<00:00, 1868.94it/s]
 92%|█████████▏| 8131/8810 [00:04<00:00, 1614.71it/s]
 95%|█████████▍| 8327/8810 [00:04<00:00, 1703.35it/s]
 97%|█████████▋| 8504/8810 [00:04<00:00, 1544.97it/s]
 99%|█████████▊| 8696/8810 [00:04<00:00, 1637.52it/s]
100%|██████████| 8810/8810 [00:04<00:00, 1822.25it/s]
