
  0%|          | 0/8810 [00:00<?, ?it/s]
  2%|▏         | 181/8810 [00:00<00:05, 1558.26it/s]
  5%|▍         | 419/8810 [00:00<00:04, 2007.90it/s]
  7%|▋         | 637/8810 [00:00<00:03, 2080.82it/s]
 10%|▉         | 847/8810 [00:00<00:04, 1774.01it/s]
 12%|█▏        | 1031/8810 [00:00<00:04, 1628.07it/s]
 14%|█▍        | 1244/8810 [00:00<00:04, 1772.48it/s]
 16%|█▋        | 1449/8810 [00:00<00:03, 1851.26it/s]
 19%|█▊        | 1639/8810 [00:00<00:04, 1711.04it/s]
 21%|██        | 1821/8810 [00:01<00:04, 1619.64it/s]
 23%|██▎       | 1987/8810 [00:01<00:04, 1607.73it/s]
 24%|██▍       | 2155/8810 [00:01<00:04, 1624.88it/s]
 26%|██▋       | 2320/8810 [00:01<00:04, 1494.37it/s]
 29%|██▉       | 2534/8810 [00:01<00:03, 1665.70it/s]
 31%|███       | 2744/8810 [00:01<00:03, 1661.07it/s]
 34%|███▎      | 2959/8810 [00:01<00:03, 1789.22it/s]
 36%|███▌      | 3142/8810 [00:01<00:03, 1711.52it/s]
 38%|███▊      | 3316/8810 [00:01<00:03, 1665.75it/s]
 40%|███▉      | 3485/8810 [00:02<00:03, 1576.88it/s]
 42%|████▏     | 3710/8810 [00:02<00:02, 1755.22it/s]
 44%|████▍     | 3889/8810 [00:02<00:02, 1649.44it/s]
 47%|████▋     | 4116/8810 [00:02<00:02, 1814.81it/s]
 49%|████▉     | 4302/8810 [00:02<00:02, 1759.59it/s]
 51%|█████     | 4509/8810 [00:02<00:02, 1845.58it/s]
 53%|█████▎    | 4697/8810 [00:02<00:02, 1637.08it/s]
 55%|█████▌    | 4872/8810 [00:02<00:02, 1665.44it/s]
 57%|█████▋    | 5043/8810 [00:02<00:02, 1547.00it/s]
 59%|█████▉    | 5225/8810 [00:03<00:02, 1615.11it/s]
 61%|██████    | 5391/8810 [00:03<00:02, 1518.64it/s]
 63%|██████▎   | 5585/8810 [00:03<00:01, 1631.20it/s]
 65%|██████▌   | 5754/8810 [00:03<00:01, 1619.97it/s]
 67%|██████▋   | 5919/8810 [00:03<00:01, 1517.89it/s]
 69%|██████▉   | 6074/8810 [00:03<00:01, 1497.36it/s]
 71%|███████   | 6252/8810 [00:03<00:01, 1572.68it/s]
 73%|███████▎  | 6412/8810 [00:03<00:01, 1505.97it/s]
 75%|███████▌  | 6634/8810 [00:03<00:01, 1701.48it/s]
 78%|███████▊  | 6874/8810 [00:04<00:01, 1898.07it/s]
 80%|████████  | 7067/8810 [00:04<00:00, 1783.79it/s]
 82%|████████▏ | 7249/8810 [00:04<00:00, 1792.64it/s]
 84%|████████▍ | 7431/8810 [00:04<00:00, 1736.63it/s]
 86%|████████▋ | 7607/8810 [00:04<00:00, 1732.39it/s]
 88%|████████▊ | 7782/8810 [00:04<00:00, 1661.98it/s]
 90%|█████████ | 7953/8810 [00:04<00:00, 1672.46it/s]
 92%|█████████▏| 8122/8810 [00:04<00:00, 1437.17it/s]
 94%|█████████▍| 8287/8810 [00:04<00:00, 1491.52it/s]
 96%|█████████▌| 8442/8810 [00:05<00:00, 1389.66it/s]
 98%|█████████▊| 8649/8810 [00:05<00:00, 1566.22it/s]
100%|██████████| 8810/8810 [00:05<00:00, 1646.85it/s]
