
  0%|          | 0/8810 [00:00<?, ?it/s]
  0%|          | 10/8810 [00:00<01:49, 80.19it/s]
  0%|          | 29/8810 [00:00<01:05, 133.54it/s]
  1%|          | 54/8810 [00:00<00:50, 173.75it/s]
  1%|          | 102/8810 [00:00<00:30, 282.32it/s]
  2%|▏         | 143/8810 [00:00<00:27, 317.44it/s]
  2%|▏         | 176/8810 [00:00<00:29, 293.87it/s]
  2%|▏         | 206/8810 [00:01<01:01, 139.94it/s]
  3%|▎         | 238/8810 [00:01<00:52, 162.99it/s]
  3%|▎         | 291/8810 [00:01<00:37, 228.05it/s]
  4%|▍         | 337/8810 [00:01<00:31, 270.65it/s]
  4%|▍         | 382/8810 [00:01<00:28, 300.22it/s]
  5%|▍         | 418/8810 [00:01<00:33, 248.09it/s]
  5%|▌         | 449/8810 [00:02<00:37, 222.82it/s]
  6%|▌         | 488/8810 [00:02<00:32, 255.81it/s]
  6%|▋         | 567/8810 [00:02<00:22, 374.07it/s]
  7%|▋         | 612/8810 [00:02<00:25, 322.44it/s]
  7%|▋         | 652/8810 [00:02<00:24, 329.56it/s]
  8%|▊         | 690/8810 [00:02<00:37, 216.02it/s]
  8%|▊         | 720/8810 [00:03<00:39, 206.31it/s]
  8%|▊         | 746/8810 [00:03<00:38, 207.90it/s]
  9%|▉         | 772/8810 [00:03<00:37, 215.73it/s]
  9%|▉         | 814/8810 [00:03<00:33, 236.32it/s]
 10%|▉         | 843/8810 [00:03<00:32, 247.14it/s]
 10%|▉         | 870/8810 [00:03<00:33, 238.57it/s]
 10%|█         | 896/8810 [00:03<00:40, 196.17it/s]
 10%|█         | 918/8810 [00:03<00:40, 195.50it/s]
 11%|█         | 955/8810 [00:04<00:35, 221.08it/s]
 11%|█         | 979/8810 [00:04<00:38, 202.56it/s]
 11%|█▏        | 1001/8810 [00:04<00:49, 158.41it/s]
 12%|█▏        | 1043/8810 [00:04<00:36, 211.36it/s]
 12%|█▏        | 1068/8810 [00:04<00:36, 210.64it/s]
 12%|█▏        | 1092/8810 [00:04<00:50, 153.50it/s]
 13%|█▎        | 1123/8810 [00:05<00:42, 180.13it/s]
 13%|█▎        | 1145/8810 [00:05<00:45, 170.18it/s]
 13%|█▎        | 1174/8810 [00:05<00:40, 188.35it/s]
 14%|█▍        | 1225/8810 [00:05<00:30, 251.83it/s]
 14%|█▍        | 1266/8810 [00:05<00:28, 269.10it/s]
 15%|█▍        | 1295/8810 [00:05<00:27, 271.19it/s]
 15%|█▌        | 1341/8810 [00:05<00:24, 308.83it/s]
 16%|█▌        | 1374/8810 [00:05<00:24, 304.61it/s]
 16%|█▋        | 1446/8810 [00:06<00:17, 412.86it/s]
 17%|█▋        | 1490/8810 [00:06<00:30, 236.46it/s]
 17%|█▋        | 1529/8810 [00:06<00:27, 263.87it/s]
 18%|█▊        | 1565/8810 [00:06<00:25, 280.36it/s]
 18%|█▊        | 1609/8810 [00:06<00:23, 309.21it/s]
 19%|█▉        | 1655/8810 [00:06<00:20, 342.49it/s]
 19%|█▉        | 1706/8810 [00:06<00:19, 372.99it/s]
 20%|█▉        | 1752/8810 [00:07<00:18, 385.90it/s]
 20%|██        | 1794/8810 [00:07<00:17, 394.38it/s]
 21%|██        | 1836/8810 [00:07<00:22, 311.79it/s]
 21%|██        | 1872/8810 [00:07<00:23, 291.97it/s]
 22%|██▏       | 1936/8810 [00:07<00:18, 368.09it/s]
 23%|██▎       | 1989/8810 [00:07<00:16, 405.03it/s]
 23%|██▎       | 2035/8810 [00:07<00:16, 418.41it/s]
 24%|██▎       | 2081/8810 [00:07<00:15, 427.98it/s]
 24%|██▍       | 2132/8810 [00:08<00:14, 450.21it/s]
 25%|██▍       | 2179/8810 [00:08<00:16, 394.55it/s]
 25%|██▌       | 2221/8810 [00:08<00:19, 339.15it/s]
 26%|██▌       | 2262/8810 [00:08<00:18, 354.87it/s]
 26%|██▌       | 2300/8810 [00:08<00:29, 220.04it/s]
 27%|██▋       | 2340/8810 [00:08<00:26, 248.59it/s]
 27%|██▋       | 2380/8810 [00:08<00:23, 275.73it/s]
 28%|██▊       | 2435/8810 [00:09<00:19, 326.09it/s]
 28%|██▊       | 2473/8810 [00:09<00:19, 320.17it/s]
 29%|██▊       | 2522/8810 [00:09<00:17, 358.84it/s]
 29%|██▉       | 2582/8810 [00:09<00:15, 409.54it/s]
 30%|██▉       | 2626/8810 [00:09<00:15, 400.37it/s]
 30%|███       | 2669/8810 [00:09<00:17, 360.25it/s]
 31%|███       | 2707/8810 [00:09<00:19, 316.04it/s]
 31%|███       | 2741/8810 [00:10<00:22, 266.60it/s]
 31%|███▏      | 2770/8810 [00:10<00:39, 153.70it/s]
 32%|███▏      | 2793/8810 [00:10<00:39, 153.18it/s]
 32%|███▏      | 2819/8810 [00:10<00:36, 165.31it/s]
 33%|███▎      | 2874/8810 [00:10<00:25, 233.84it/s]
 33%|███▎      | 2904/8810 [00:11<00:31, 186.46it/s]
 33%|███▎      | 2929/8810 [00:11<00:30, 191.38it/s]
 34%|███▎      | 2968/8810 [00:11<00:25, 227.58it/s]
 34%|███▍      | 2996/8810 [00:11<00:24, 235.07it/s]
 35%|███▍      | 3057/8810 [00:11<00:26, 218.50it/s]
 35%|███▌      | 3106/8810 [00:11<00:21, 262.98it/s]
 36%|███▌      | 3137/8810 [00:12<00:20, 272.52it/s]
 36%|███▌      | 3178/8810 [00:12<00:18, 300.28it/s]
 37%|███▋      | 3223/8810 [00:12<00:16, 329.10it/s]
 37%|███▋      | 3259/8810 [00:12<00:17, 312.25it/s]
 37%|███▋      | 3293/8810 [00:12<00:20, 265.97it/s]
 38%|███▊      | 3325/8810 [00:12<00:19, 276.05it/s]
 38%|███▊      | 3355/8810 [00:12<00:20, 262.54it/s]
 38%|███▊      | 3383/8810 [00:12<00:24, 219.35it/s]
 39%|███▊      | 3407/8810 [00:13<00:28, 188.03it/s]
 39%|███▉      | 3428/8810 [00:13<00:49, 109.77it/s]
 39%|███▉      | 3460/8810 [00:13<00:38, 138.01it/s]
 40%|███▉      | 3480/8810 [00:13<00:39, 136.44it/s]
 40%|███▉      | 3507/8810 [00:13<00:33, 160.27it/s]
 40%|████      | 3530/8810 [00:14<00:30, 172.60it/s]
 40%|████      | 3560/8810 [00:14<00:26, 201.08it/s]
 41%|████      | 3603/8810 [00:14<00:21, 246.19it/s]
 41%|████      | 3631/8810 [00:14<00:22, 226.55it/s]
 42%|████▏     | 3662/8810 [00:14<00:20, 246.25it/s]
 42%|████▏     | 3690/8810 [00:14<00:21, 237.31it/s]
 42%|████▏     | 3716/8810 [00:14<00:21, 233.15it/s]
 43%|████▎     | 3753/8810 [00:14<00:18, 268.36it/s]
 43%|████▎     | 3782/8810 [00:15<00:27, 180.87it/s]
 43%|████▎     | 3805/8810 [00:15<00:26, 190.41it/s]
 44%|████▎     | 3845/8810 [00:15<00:21, 231.32it/s]
 44%|████▍     | 3872/8810 [00:15<00:22, 215.53it/s]
 44%|████▍     | 3897/8810 [00:15<00:22, 218.60it/s]
 45%|████▍     | 3953/8810 [00:15<00:16, 297.37it/s]
 45%|████▌     | 3986/8810 [00:15<00:17, 278.36it/s]
 46%|████▌     | 4024/8810 [00:15<00:15, 303.33it/s]
 46%|████▌     | 4069/8810 [00:16<00:14, 331.83it/s]
 47%|████▋     | 4104/8810 [00:16<00:14, 331.66it/s]
 47%|████▋     | 4139/8810 [00:16<00:14, 330.67it/s]
 47%|████▋     | 4173/8810 [00:16<00:14, 317.51it/s]
 48%|████▊     | 4206/8810 [00:16<00:26, 174.09it/s]
 48%|████▊     | 4258/8810 [00:16<00:19, 232.53it/s]
 49%|████▊     | 4292/8810 [00:17<00:18, 249.54it/s]
 49%|████▉     | 4325/8810 [00:17<00:20, 217.41it/s]
 49%|████▉     | 4358/8810 [00:17<00:18, 237.36it/s]
 50%|████▉     | 4392/8810 [00:17<00:18, 235.67it/s]
 50%|█████     | 4419/8810 [00:17<00:21, 209.03it/s]
 51%|█████     | 4452/8810 [00:17<00:18, 232.19it/s]
 51%|█████     | 4478/8810 [00:17<00:18, 238.34it/s]
 51%|█████     | 4504/8810 [00:18<00:21, 204.40it/s]
 52%|█████▏    | 4541/8810 [00:18<00:18, 232.76it/s]
 52%|█████▏    | 4567/8810 [00:18<00:18, 225.84it/s]
 52%|█████▏    | 4591/8810 [00:18<00:18, 228.33it/s]
 52%|█████▏    | 4625/8810 [00:18<00:25, 166.04it/s]
 53%|█████▎    | 4662/8810 [00:18<00:20, 201.88it/s]
 53%|█████▎    | 4687/8810 [00:18<00:21, 189.58it/s]
 54%|█████▎    | 4714/8810 [00:19<00:19, 205.06it/s]
 54%|█████▍    | 4739/8810 [00:19<00:19, 206.54it/s]
 54%|█████▍    | 4768/8810 [00:19<00:18, 219.64it/s]
 54%|█████▍    | 4799/8810 [00:19<00:17, 226.52it/s]
 55%|█████▍    | 4824/8810 [00:19<00:17, 223.53it/s]
 55%|█████▌    | 4848/8810 [00:19<00:20, 189.99it/s]
 55%|█████▌    | 4869/8810 [00:19<00:21, 186.46it/s]
 55%|█████▌    | 4889/8810 [00:19<00:20, 187.54it/s]
 56%|█████▌    | 4909/8810 [00:20<00:22, 169.87it/s]
 56%|█████▌    | 4927/8810 [00:20<00:23, 164.64it/s]
 56%|█████▌    | 4944/8810 [00:20<00:39, 97.27it/s] 
 56%|█████▋    | 4963/8810 [00:20<00:34, 110.98it/s]
 57%|█████▋    | 4979/8810 [00:20<00:32, 119.49it/s]
 57%|█████▋    | 5013/8810 [00:20<00:23, 161.31it/s]
 57%|█████▋    | 5033/8810 [00:21<00:22, 168.08it/s]
 57%|█████▋    | 5057/8810 [00:21<00:21, 176.08it/s]
 58%|█████▊    | 5087/8810 [00:21<00:18, 206.64it/s]
 58%|█████▊    | 5115/8810 [00:21<00:16, 220.88it/s]
 58%|█████▊    | 5151/8810 [00:21<00:14, 254.28it/s]
 59%|█████▉    | 5178/8810 [00:21<00:16, 217.07it/s]
 59%|█████▉    | 5202/8810 [00:21<00:16, 213.90it/s]
 59%|█████▉    | 5227/8810 [00:21<00:16, 214.82it/s]
 60%|█████▉    | 5268/8810 [00:22<00:13, 262.55it/s]
 60%|██████    | 5303/8810 [00:22<00:12, 282.20it/s]
 61%|██████    | 5333/8810 [00:22<00:12, 281.39it/s]
 61%|██████    | 5362/8810 [00:22<00:12, 269.63it/s]
 61%|██████    | 5390/8810 [00:22<00:19, 173.98it/s]
 61%|██████▏   | 5413/8810 [00:22<00:18, 184.55it/s]
 62%|██████▏   | 5436/8810 [00:22<00:18, 186.95it/s]
 62%|██████▏   | 5462/8810 [00:22<00:16, 202.71it/s]
 62%|██████▏   | 5503/8810 [00:23<00:13, 252.97it/s]
 63%|██████▎   | 5531/8810 [00:23<00:12, 259.15it/s]
 63%|██████▎   | 5559/8810 [00:23<00:12, 261.42it/s]
 64%|██████▎   | 5597/8810 [00:23<00:11, 292.09it/s]
 64%|██████▍   | 5628/8810 [00:23<00:10, 290.75it/s]
 64%|██████▍   | 5672/8810 [00:23<00:09, 329.57it/s]
 65%|██████▍   | 5706/8810 [00:23<00:09, 323.68it/s]
 65%|██████▌   | 5747/8810 [00:23<00:08, 342.32it/s]
 66%|██████▌   | 5782/8810 [00:24<00:15, 196.71it/s]
 66%|██████▌   | 5823/8810 [00:24<00:12, 234.06it/s]
 66%|██████▋   | 5854/8810 [00:24<00:13, 225.31it/s]
 67%|██████▋   | 5882/8810 [00:24<00:12, 226.02it/s]
 67%|██████▋   | 5909/8810 [00:24<00:14, 193.95it/s]
 67%|██████▋   | 5934/8810 [00:24<00:14, 204.06it/s]
 68%|██████▊   | 5957/8810 [00:24<00:14, 201.85it/s]
 68%|██████▊   | 5989/8810 [00:25<00:12, 225.21it/s]
 68%|██████▊   | 6016/8810 [00:25<00:11, 233.47it/s]
 69%|██████▊   | 6041/8810 [00:25<00:16, 163.51it/s]
 69%|██████▉   | 6090/8810 [00:25<00:12, 225.74it/s]
 69%|██████▉   | 6118/8810 [00:25<00:12, 222.63it/s]
 70%|██████▉   | 6148/8810 [00:25<00:11, 235.67it/s]
 70%|███████   | 6183/8810 [00:25<00:09, 262.97it/s]
 71%|███████   | 6222/8810 [00:26<00:08, 288.31it/s]
 71%|███████   | 6253/8810 [00:26<00:08, 287.39it/s]
 71%|███████▏  | 6291/8810 [00:26<00:08, 307.82it/s]
 72%|███████▏  | 6326/8810 [00:26<00:08, 301.39it/s]
 72%|███████▏  | 6357/8810 [00:26<00:08, 289.99it/s]
 73%|███████▎  | 6388/8810 [00:26<00:08, 288.81it/s]
 73%|███████▎  | 6418/8810 [00:26<00:12, 195.66it/s]
 73%|███████▎  | 6458/8810 [00:26<00:09, 237.08it/s]
 74%|███████▎  | 6487/8810 [00:27<00:12, 193.42it/s]
 74%|███████▍  | 6511/8810 [00:27<00:13, 171.27it/s]
 74%|███████▍  | 6548/8810 [00:27<00:11, 200.67it/s]
 75%|███████▍  | 6582/8810 [00:27<00:09, 229.42it/s]
 75%|███████▌  | 6609/8810 [00:27<00:09, 229.74it/s]
 75%|███████▌  | 6638/8810 [00:27<00:08, 243.56it/s]
 76%|███████▌  | 6674/8810 [00:27<00:07, 270.29it/s]
 76%|███████▋  | 6722/8810 [00:28<00:06, 320.99it/s]
 77%|███████▋  | 6756/8810 [00:28<00:08, 249.01it/s]
 77%|███████▋  | 6785/8810 [00:28<00:09, 215.46it/s]
 77%|███████▋  | 6821/8810 [00:28<00:08, 245.40it/s]
 78%|███████▊  | 6855/8810 [00:28<00:07, 263.47it/s]
 78%|███████▊  | 6887/8810 [00:28<00:07, 256.75it/s]
 79%|███████▊  | 6920/8810 [00:28<00:06, 272.18it/s]
 79%|███████▉  | 6949/8810 [00:28<00:06, 267.71it/s]
 79%|███████▉  | 6977/8810 [00:29<00:12, 151.34it/s]
 79%|███████▉  | 6999/8810 [00:29<00:11, 159.26it/s]
 80%|███████▉  | 7021/8810 [00:29<00:10, 168.78it/s]
 80%|████████  | 7048/8810 [00:29<00:09, 181.08it/s]
 80%|████████  | 7070/8810 [00:29<00:09, 174.87it/s]
 80%|████████  | 7090/8810 [00:30<00:11, 154.74it/s]
 81%|████████  | 7111/8810 [00:30<00:10, 164.55it/s]
 81%|████████  | 7141/8810 [00:30<00:08, 192.62it/s]
 81%|████████▏ | 7162/8810 [00:30<00:10, 162.96it/s]
 82%|████████▏ | 7183/8810 [00:30<00:10, 156.71it/s]
 82%|████████▏ | 7200/8810 [00:30<00:10, 158.31it/s]
 82%|████████▏ | 7232/8810 [00:30<00:08, 194.96it/s]
 82%|████████▏ | 7253/8810 [00:31<00:10, 152.10it/s]
 83%|████████▎ | 7271/8810 [00:31<00:10, 149.58it/s]
 83%|████████▎ | 7306/8810 [00:31<00:07, 190.00it/s]
 83%|████████▎ | 7327/8810 [00:31<00:08, 180.67it/s]
 83%|████████▎ | 7347/8810 [00:31<00:09, 160.19it/s]
 84%|████████▎ | 7365/8810 [00:32<00:16, 87.54it/s] 
 84%|████████▍ | 7387/8810 [00:32<00:13, 105.88it/s]
 84%|████████▍ | 7403/8810 [00:32<00:12, 112.85it/s]
 84%|████████▍ | 7424/8810 [00:32<00:10, 127.86it/s]
 85%|████████▍ | 7449/8810 [00:32<00:09, 150.79it/s]
 85%|████████▍ | 7472/8810 [00:32<00:07, 168.80it/s]
 85%|████████▌ | 7492/8810 [00:32<00:07, 171.88it/s]
 85%|████████▌ | 7512/8810 [00:32<00:08, 159.00it/s]
 85%|████████▌ | 7531/8810 [00:32<00:07, 163.08it/s]
 86%|████████▌ | 7575/8810 [00:33<00:05, 233.28it/s]
 87%|████████▋ | 7639/8810 [00:33<00:03, 336.87it/s]
 87%|████████▋ | 7693/8810 [00:33<00:02, 392.05it/s]
 88%|████████▊ | 7735/8810 [00:33<00:03, 288.20it/s]
 88%|████████▊ | 7776/8810 [00:33<00:03, 313.96it/s]
 89%|████████▉ | 7823/8810 [00:33<00:02, 347.58it/s]
 89%|████████▉ | 7877/8810 [00:33<00:02, 395.60it/s]
 90%|█████████ | 7933/8810 [00:33<00:02, 437.03it/s]
 91%|█████████ | 7980/8810 [00:34<00:02, 412.16it/s]
 91%|█████████ | 8027/8810 [00:34<00:01, 424.34it/s]
 92%|█████████▏| 8072/8810 [00:34<00:02, 330.25it/s]
 92%|█████████▏| 8120/8810 [00:34<00:01, 361.41it/s]
 93%|█████████▎| 8180/8810 [00:34<00:01, 419.32it/s]
 93%|█████████▎| 8226/8810 [00:34<00:01, 378.52it/s]
 94%|█████████▍| 8288/8810 [00:34<00:01, 435.60it/s]
 95%|█████████▍| 8336/8810 [00:34<00:01, 446.05it/s]
 95%|█████████▌| 8384/8810 [00:35<00:01, 283.62it/s]
 96%|█████████▌| 8422/8810 [00:35<00:01, 281.35it/s]
 96%|█████████▌| 8461/8810 [00:35<00:01, 301.27it/s]
 97%|█████████▋| 8503/8810 [00:35<00:00, 324.61it/s]
 97%|█████████▋| 8548/8810 [00:35<00:00, 348.37it/s]
 98%|█████████▊| 8602/8810 [00:35<00:00, 388.22it/s]
 98%|█████████▊| 8644/8810 [00:35<00:00, 337.09it/s]
 99%|█████████▊| 8687/8810 [00:36<00:00, 352.76it/s]
 99%|█████████▉| 8725/8810 [00:36<00:00, 246.61it/s]
100%|█████████▉| 8794/8810 [00:36<00:00, 332.99it/s]
100%|██████████| 8810/8810 [00:36<00:00, 241.47it/s]
