
  0%|          | 0/8810 [00:00<?, ?it/s]
  2%|▏         | 181/8810 [00:00<00:05, 1620.19it/s]
  5%|▍         | 423/8810 [00:00<00:04, 2066.43it/s]
  7%|▋         | 656/8810 [00:00<00:04, 1876.06it/s]
 10%|▉         | 856/8810 [00:00<00:04, 1912.71it/s]
 12%|█▏        | 1050/8810 [00:00<00:04, 1694.81it/s]
 14%|█▍        | 1251/8810 [00:00<00:04, 1785.22it/s]
 16%|█▋        | 1434/8810 [00:00<00:04, 1675.35it/s]
 18%|█▊        | 1605/8810 [00:00<00:05, 1408.44it/s]
 20%|█▉        | 1754/8810 [00:01<00:04, 1426.33it/s]
 22%|██▏       | 1903/8810 [00:01<00:05, 1243.83it/s]
 24%|██▎       | 2089/8810 [00:01<00:04, 1393.90it/s]
 26%|██▌       | 2263/8810 [00:01<00:04, 1393.74it/s]
 28%|██▊       | 2456/8810 [00:01<00:04, 1532.11it/s]
 30%|██▉       | 2638/8810 [00:01<00:03, 1605.72it/s]
 32%|███▏      | 2804/8810 [00:01<00:04, 1458.55it/s]
 34%|███▍      | 2982/8810 [00:01<00:03, 1538.93it/s]
 36%|███▌      | 3142/8810 [00:02<00:04, 1402.19it/s]
 37%|███▋      | 3288/8810 [00:02<00:03, 1386.26it/s]
 39%|███▉      | 3431/8810 [00:02<00:04, 1305.62it/s]
 41%|████      | 3589/8810 [00:02<00:03, 1374.22it/s]
 43%|████▎     | 3760/8810 [00:02<00:03, 1459.49it/s]
 44%|████▍     | 3909/8810 [00:02<00:03, 1274.65it/s]
 47%|████▋     | 4112/8810 [00:02<00:03, 1465.18it/s]
 48%|████▊     | 4266/8810 [00:02<00:03, 1421.50it/s]
 51%|█████     | 4451/8810 [00:02<00:02, 1536.24it/s]
 52%|█████▏    | 4610/8810 [00:03<00:02, 1530.12it/s]
 54%|█████▍    | 4767/8810 [00:03<00:02, 1379.05it/s]
 56%|█████▌    | 4926/8810 [00:03<00:02, 1432.63it/s]
 58%|█████▊    | 5074/8810 [00:03<00:02, 1339.42it/s]
 60%|█████▉    | 5242/8810 [00:03<00:02, 1429.36it/s]
 61%|██████    | 5389/8810 [00:03<00:02, 1364.12it/s]
 63%|██████▎   | 5549/8810 [00:03<00:02, 1427.98it/s]
 65%|██████▌   | 5746/8810 [00:03<00:01, 1577.95it/s]
 67%|██████▋   | 5907/8810 [00:04<00:02, 1351.24it/s]
 69%|██████▊   | 6050/8810 [00:04<00:02, 1323.43it/s]
 71%|███████   | 6224/8810 [00:04<00:01, 1428.38it/s]
 73%|███████▎  | 6400/8810 [00:04<00:01, 1445.98it/s]
 75%|███████▌  | 6621/8810 [00:04<00:01, 1650.60it/s]
 78%|███████▊  | 6858/8810 [00:04<00:01, 1850.14it/s]
 80%|████████  | 7048/8810 [00:04<00:01, 1752.64it/s]
 82%|████████▏ | 7228/8810 [00:04<00:00, 1754.62it/s]
 84%|████████▍ | 7407/8810 [00:04<00:00, 1730.37it/s]
 86%|████████▌ | 7583/8810 [00:05<00:00, 1676.43it/s]
 88%|████████▊ | 7753/8810 [00:05<00:00, 1610.98it/s]
 90%|█████████ | 7939/8810 [00:05<00:00, 1679.73it/s]
 92%|█████████▏| 8109/8810 [00:05<00:00, 1436.75it/s]
 94%|█████████▍| 8260/8810 [00:05<00:00, 1448.22it/s]
 95%|█████████▌| 8410/8810 [00:05<00:00, 1369.57it/s]
 98%|█████████▊| 8597/8810 [00:05<00:00, 1500.66it/s]
 99%|█████████▉| 8752/8810 [00:05<00:00, 1389.54it/s]
100%|██████████| 8810/8810 [00:05<00:00, 1501.04it/s]
