
  0%|          | 0/8810 [00:00<?, ?it/s]
  1%|          | 55/8810 [00:00<00:16, 543.47it/s]
  2%|▏         | 181/8810 [00:00<00:13, 642.23it/s]
  3%|▎         | 286/8810 [00:00<00:10, 786.73it/s]
  4%|▍         | 382/8810 [00:00<00:10, 832.95it/s]
  5%|▌         | 468/8810 [00:00<00:10, 790.39it/s]
  7%|▋         | 611/8810 [00:00<00:08, 979.94it/s]
  8%|▊         | 713/8810 [00:00<00:09, 835.00it/s]
  9%|▉         | 805/8810 [00:00<00:09, 854.72it/s]
 10%|█         | 895/8810 [00:01<00:09, 851.03it/s]
 11%|█         | 983/8810 [00:01<00:09, 812.96it/s]
 12%|█▏        | 1067/8810 [00:01<00:10, 770.05it/s]
 13%|█▎        | 1166/8810 [00:01<00:09, 827.56it/s]
 14%|█▍        | 1251/8810 [00:01<00:09, 823.76it/s]
 15%|█▌        | 1335/8810 [00:01<00:09, 827.81it/s]
 16%|█▌        | 1419/8810 [00:01<00:08, 830.09it/s]
 17%|█▋        | 1503/8810 [00:01<00:10, 683.51it/s]
 18%|█▊        | 1592/8810 [00:02<00:09, 731.97it/s]
 19%|█▉        | 1694/8810 [00:02<00:08, 805.83it/s]
 20%|██        | 1792/8810 [00:02<00:08, 845.18it/s]
 21%|██▏       | 1880/8810 [00:02<00:10, 662.13it/s]
 22%|██▏       | 1964/8810 [00:02<00:09, 697.20it/s]
 24%|██▎       | 2079/8810 [00:02<00:08, 803.59it/s]
 25%|██▍       | 2187/8810 [00:02<00:07, 874.60it/s]
 26%|██▌       | 2280/8810 [00:02<00:09, 702.00it/s]
 27%|██▋       | 2382/8810 [00:03<00:08, 772.31it/s]
 28%|██▊       | 2492/8810 [00:03<00:07, 853.89it/s]
 30%|██▉       | 2618/8810 [00:03<00:06, 960.24it/s]
 31%|███       | 2744/8810 [00:03<00:06, 912.26it/s]
 32%|███▏      | 2841/8810 [00:03<00:06, 875.10it/s]
 33%|███▎      | 2936/8810 [00:03<00:06, 891.87it/s]
 35%|███▍      | 3045/8810 [00:03<00:06, 943.15it/s]
 36%|███▌      | 3142/8810 [00:03<00:06, 838.31it/s]
 37%|███▋      | 3230/8810 [00:03<00:07, 781.15it/s]
 38%|███▊      | 3316/8810 [00:04<00:06, 799.27it/s]
 39%|███▊      | 3410/8810 [00:04<00:07, 737.17it/s]
 40%|███▉      | 3487/8810 [00:04<00:07, 736.82it/s]
 41%|████      | 3589/8810 [00:04<00:06, 808.42it/s]
 42%|████▏     | 3713/8810 [00:04<00:05, 922.09it/s]
 43%|████▎     | 3808/8810 [00:04<00:06, 807.98it/s]
 44%|████▍     | 3899/8810 [00:04<00:05, 830.79it/s]
 46%|████▌     | 4023/8810 [00:04<00:05, 937.41it/s]
 47%|████▋     | 4145/8810 [00:05<00:04, 1010.18it/s]
 48%|████▊     | 4249/8810 [00:05<00:05, 857.28it/s] 
 49%|████▉     | 4360/8810 [00:05<00:04, 913.44it/s]
 51%|█████     | 4471/8810 [00:05<00:04, 952.44it/s]
 52%|█████▏    | 4571/8810 [00:05<00:04, 918.50it/s]
 53%|█████▎    | 4666/8810 [00:05<00:05, 804.63it/s]
 54%|█████▍    | 4751/8810 [00:05<00:05, 768.76it/s]
 55%|█████▍    | 4842/8810 [00:05<00:04, 799.08it/s]
 56%|█████▌    | 4932/8810 [00:06<00:05, 770.60it/s]
 57%|█████▋    | 5057/8810 [00:06<00:04, 892.33it/s]
 58%|█████▊    | 5151/8810 [00:06<00:04, 899.85it/s]
 60%|█████▉    | 5244/8810 [00:06<00:04, 878.74it/s]
 61%|██████    | 5334/8810 [00:06<00:03, 871.64it/s]
 62%|██████▏   | 5423/8810 [00:06<00:04, 761.72it/s]
 63%|██████▎   | 5524/8810 [00:06<00:03, 824.07it/s]
 64%|██████▍   | 5646/8810 [00:06<00:03, 927.83it/s]
 65%|██████▌   | 5754/8810 [00:06<00:03, 851.62it/s]
 66%|██████▋   | 5844/8810 [00:07<00:03, 858.47it/s]
 67%|██████▋   | 5933/8810 [00:07<00:03, 757.10it/s]
 69%|██████▊   | 6036/8810 [00:07<00:03, 769.25it/s]
 70%|██████▉   | 6142/8810 [00:07<00:03, 836.34it/s]
 71%|███████   | 6241/8810 [00:07<00:02, 876.16it/s]
 72%|███████▏  | 6343/8810 [00:07<00:02, 911.75it/s]
 73%|███████▎  | 6437/8810 [00:07<00:03, 786.02it/s]
 74%|███████▍  | 6520/8810 [00:07<00:02, 794.58it/s]
 75%|███████▌  | 6638/8810 [00:07<00:02, 892.42it/s]
 77%|███████▋  | 6757/8810 [00:08<00:02, 973.03it/s]
 78%|███████▊  | 6862/8810 [00:08<00:01, 994.14it/s]
 79%|███████▉  | 6972/8810 [00:08<00:02, 908.03it/s]
 80%|████████  | 7066/8810 [00:08<00:01, 916.29it/s]
 81%|████████▏ | 7168/8810 [00:08<00:01, 933.86it/s]
 82%|████████▏ | 7264/8810 [00:08<00:01, 915.83it/s]
 84%|████████▎ | 7360/8810 [00:08<00:01, 830.56it/s]
 85%|████████▍ | 7454/8810 [00:08<00:01, 857.98it/s]
 86%|████████▌ | 7542/8810 [00:09<00:01, 790.77it/s]
 87%|████████▋ | 7665/8810 [00:09<00:01, 891.97it/s]
 88%|████████▊ | 7757/8810 [00:09<00:01, 745.81it/s]
 89%|████████▉ | 7837/8810 [00:09<00:01, 754.44it/s]
 90%|█████████ | 7956/8810 [00:09<00:00, 864.84it/s]
 91%|█████████▏| 8047/8810 [00:09<00:01, 718.09it/s]
 92%|█████████▏| 8126/8810 [00:09<00:00, 726.95it/s]
 93%|█████████▎| 8209/8810 [00:09<00:00, 750.48it/s]
 94%|█████████▍| 8307/8810 [00:10<00:00, 808.58it/s]
 95%|█████████▌| 8392/8810 [00:10<00:00, 709.36it/s]
 96%|█████████▋| 8488/8810 [00:10<00:00, 768.30it/s]
 98%|█████████▊| 8597/8810 [00:10<00:00, 841.06it/s]
 99%|█████████▊| 8686/8810 [00:10<00:00, 848.33it/s]
100%|█████████▉| 8774/8810 [00:10<00:00, 807.18it/s]
100%|██████████| 8810/8810 [00:10<00:00, 829.31it/s]
