
  0%|          | 0/8810 [00:00<?, ?it/s]
  2%|▏         | 178/8810 [00:00<00:04, 1768.92it/s]
  4%|▍         | 355/8810 [00:00<00:05, 1513.99it/s]
  6%|▋         | 568/8810 [00:00<00:04, 1770.39it/s]
  9%|▊         | 749/8810 [00:00<00:05, 1475.53it/s]
 10%|█         | 910/8810 [00:00<00:05, 1513.09it/s]
 12%|█▏        | 1067/8810 [00:00<00:05, 1502.67it/s]
 14%|█▍        | 1252/8810 [00:00<00:04, 1603.32it/s]
 17%|█▋        | 1457/8810 [00:00<00:04, 1565.82it/s]
 19%|█▊        | 1634/8810 [00:01<00:04, 1619.85it/s]
 21%|██        | 1818/8810 [00:01<00:04, 1682.00it/s]
 23%|██▎       | 1989/8810 [00:01<00:04, 1507.01it/s]
 25%|██▍       | 2199/8810 [00:01<00:03, 1663.45it/s]
 27%|██▋       | 2371/8810 [00:01<00:04, 1531.09it/s]
 30%|██▉       | 2618/8810 [00:01<00:03, 1778.61it/s]
 32%|███▏      | 2803/8810 [00:01<00:03, 1589.55it/s]
 34%|███▍      | 2987/8810 [00:01<00:03, 1647.56it/s]
 36%|███▌      | 3159/8810 [00:01<00:03, 1572.03it/s]
 38%|███▊      | 3356/8810 [00:02<00:03, 1677.58it/s]
 40%|████      | 3529/8810 [00:02<00:03, 1531.45it/s]
 42%|████▏     | 3729/8810 [00:02<00:03, 1652.42it/s]
 44%|████▍     | 3900/8810 [00:02<00:03, 1549.28it/s]
 47%|████▋     | 4138/8810 [00:02<00:02, 1769.48it/s]
 49%|████▉     | 4321/8810 [00:02<00:02, 1609.72it/s]
 51%|█████▏    | 4516/8810 [00:02<00:02, 1698.30it/s]
 53%|█████▎    | 4692/8810 [00:02<00:02, 1423.51it/s]
 55%|█████▌    | 4857/8810 [00:03<00:02, 1476.40it/s]
 57%|█████▋    | 5014/8810 [00:03<00:02, 1359.52it/s]
 59%|█████▉    | 5203/8810 [00:03<00:02, 1489.82it/s]
 61%|██████    | 5372/8810 [00:03<00:02, 1481.14it/s]
 63%|██████▎   | 5547/8810 [00:03<00:02, 1550.17it/s]
 65%|██████▌   | 5754/8810 [00:03<00:01, 1561.38it/s]
 67%|██████▋   | 5914/8810 [00:03<00:01, 1500.36it/s]
 69%|██████▉   | 6067/8810 [00:03<00:01, 1460.70it/s]
 71%|███████   | 6227/8810 [00:03<00:01, 1497.52it/s]
 73%|███████▎  | 6400/8810 [00:04<00:01, 1452.76it/s]
 75%|███████▍  | 6592/8810 [00:04<00:01, 1575.50it/s]
 77%|███████▋  | 6803/8810 [00:04<00:01, 1716.64it/s]
 79%|███████▉  | 6978/8810 [00:04<00:01, 1697.65it/s]
 81%|████████  | 7157/8810 [00:04<00:00, 1719.09it/s]
 83%|████████▎ | 7344/8810 [00:04<00:00, 1762.15it/s]
 85%|████████▌ | 7522/8810 [00:04<00:00, 1536.38it/s]
 88%|████████▊ | 7709/8810 [00:04<00:00, 1623.82it/s]
 89%|████████▉ | 7877/8810 [00:05<00:00, 1476.92it/s]
 91%|█████████ | 8037/8810 [00:05<00:00, 1376.60it/s]
 93%|█████████▎| 8192/8810 [00:05<00:00, 1418.81it/s]
 95%|█████████▍| 8359/8810 [00:05<00:00, 1484.18it/s]
 97%|█████████▋| 8512/8810 [00:05<00:00, 1386.63it/s]
 99%|█████████▊| 8678/8810 [00:05<00:00, 1456.58it/s]
100%|██████████| 8810/8810 [00:05<00:00, 1547.59it/s]
