
  0%|          | 0/8810 [00:00<?, ?it/s]
  2%|▏         | 181/8810 [00:00<00:06, 1410.97it/s]
  5%|▍         | 412/8810 [00:00<00:04, 1871.01it/s]
  7%|▋         | 638/8810 [00:00<00:04, 2029.17it/s]
 10%|▉         | 845/8810 [00:00<00:04, 1692.77it/s]
 12%|█▏        | 1023/8810 [00:00<00:04, 1616.88it/s]
 14%|█▍        | 1239/8810 [00:00<00:04, 1771.99it/s]
 16%|█▋        | 1451/8810 [00:00<00:03, 1869.43it/s]
 19%|█▊        | 1643/8810 [00:00<00:04, 1690.84it/s]
 21%|██        | 1818/8810 [00:01<00:04, 1571.35it/s]
 22%|██▏       | 1980/8810 [00:01<00:04, 1427.20it/s]
 25%|██▌       | 2204/8810 [00:01<00:04, 1634.02it/s]
 27%|██▋       | 2375/8810 [00:01<00:04, 1500.83it/s]
 30%|███       | 2653/8810 [00:01<00:03, 1826.28it/s]
 32%|███▏      | 2846/8810 [00:01<00:03, 1650.77it/s]
 35%|███▍      | 3057/8810 [00:01<00:03, 1624.55it/s]
 37%|███▋      | 3254/8810 [00:01<00:03, 1710.10it/s]
 39%|███▉      | 3432/8810 [00:02<00:03, 1648.45it/s]
 41%|████▏     | 3638/8810 [00:02<00:02, 1756.46it/s]
 43%|████▎     | 3819/8810 [00:02<00:02, 1692.32it/s]
 46%|████▌     | 4055/8810 [00:02<00:02, 1873.49it/s]
 48%|████▊     | 4247/8810 [00:02<00:02, 1789.94it/s]
 51%|█████     | 4451/8810 [00:02<00:02, 1858.28it/s]
 53%|█████▎    | 4640/8810 [00:02<00:02, 1613.33it/s]
 55%|█████▍    | 4811/8810 [00:02<00:02, 1637.90it/s]
 57%|█████▋    | 4981/8810 [00:02<00:02, 1520.10it/s]
 59%|█████▊    | 5173/8810 [00:03<00:02, 1621.14it/s]
 61%|██████    | 5358/8810 [00:03<00:02, 1681.06it/s]
 63%|██████▎   | 5531/8810 [00:03<00:02, 1614.43it/s]
 65%|██████▌   | 5754/8810 [00:03<00:01, 1619.24it/s]
 67%|██████▋   | 5922/8810 [00:03<00:01, 1631.24it/s]
 69%|██████▉   | 6087/8810 [00:03<00:01, 1548.95it/s]
 71%|███████▏  | 6279/8810 [00:03<00:01, 1648.24it/s]
 73%|███████▎  | 6446/8810 [00:03<00:01, 1557.61it/s]
 76%|███████▌  | 6672/8810 [00:03<00:01, 1746.74it/s]
 79%|███████▊  | 6921/8810 [00:04<00:00, 1953.88it/s]
 81%|████████  | 7121/8810 [00:04<00:00, 1753.03it/s]
 83%|████████▎ | 7320/8810 [00:04<00:00, 1812.55it/s]
 85%|████████▌ | 7507/8810 [00:04<00:00, 1630.28it/s]
 88%|████████▊ | 7715/8810 [00:04<00:00, 1625.51it/s]
 90%|████████▉ | 7911/8810 [00:04<00:00, 1706.09it/s]
 92%|█████████▏| 8086/8810 [00:04<00:00, 1565.29it/s]
 94%|█████████▍| 8276/8810 [00:04<00:00, 1649.38it/s]
 96%|█████████▌| 8446/8810 [00:05<00:00, 1573.20it/s]
 98%|█████████▊| 8649/8810 [00:05<00:00, 1692.33it/s]
100%|██████████| 8810/8810 [00:05<00:00, 1672.24it/s]
