
  0%|          | 0/8810 [00:00<?, ?it/s]
  2%|▏         | 181/8810 [00:00<00:05, 1469.33it/s]
  5%|▍         | 426/8810 [00:00<00:04, 1987.47it/s]
  7%|▋         | 656/8810 [00:00<00:04, 1876.82it/s]
 10%|▉         | 853/8810 [00:00<00:04, 1905.11it/s]
 12%|█▏        | 1046/8810 [00:00<00:04, 1696.58it/s]
 14%|█▍        | 1266/8810 [00:00<00:04, 1844.02it/s]
 17%|█▋        | 1457/8810 [00:00<00:04, 1718.39it/s]
 19%|█▉        | 1655/8810 [00:00<00:04, 1784.23it/s]
 21%|██        | 1837/8810 [00:01<00:04, 1636.17it/s]
 23%|██▎       | 2057/8810 [00:01<00:03, 1789.30it/s]
 25%|██▌       | 2241/8810 [00:01<00:03, 1708.79it/s]
 27%|██▋       | 2416/8810 [00:01<00:03, 1602.91it/s]
 30%|███       | 2669/8810 [00:01<00:03, 1848.57it/s]
 32%|███▏      | 2860/8810 [00:01<00:03, 1749.39it/s]
 35%|███▍      | 3041/8810 [00:01<00:03, 1759.68it/s]
 37%|███▋      | 3221/8810 [00:01<00:03, 1632.49it/s]
 39%|███▊      | 3407/8810 [00:01<00:03, 1690.03it/s]
 41%|████      | 3580/8810 [00:02<00:03, 1637.84it/s]
 43%|████▎     | 3774/8810 [00:02<00:03, 1587.50it/s]
 46%|████▌     | 4016/8810 [00:02<00:02, 1805.25it/s]
 48%|████▊     | 4201/8810 [00:02<00:02, 1739.42it/s]
 50%|█████     | 4443/8810 [00:02<00:02, 1924.59it/s]
 53%|█████▎    | 4640/8810 [00:02<00:02, 1755.63it/s]
 55%|█████▍    | 4829/8810 [00:02<00:02, 1788.25it/s]
 57%|█████▋    | 5012/8810 [00:02<00:02, 1638.03it/s]
 59%|█████▉    | 5214/8810 [00:02<00:02, 1735.42it/s]
 61%|██████    | 5392/8810 [00:03<00:02, 1576.66it/s]
 63%|██████▎   | 5582/8810 [00:03<00:01, 1660.08it/s]
 65%|██████▌   | 5754/8810 [00:03<00:01, 1606.43it/s]
 67%|██████▋   | 5919/8810 [00:03<00:01, 1546.69it/s]
 69%|██████▉   | 6077/8810 [00:03<00:01, 1455.29it/s]
 71%|███████   | 6262/8810 [00:03<00:01, 1558.03it/s]
 73%|███████▎  | 6421/8810 [00:03<00:01, 1453.71it/s]
 75%|███████▌  | 6635/8810 [00:03<00:01, 1635.02it/s]
 78%|███████▊  | 6881/8810 [00:04<00:01, 1857.59it/s]
 80%|████████  | 7072/8810 [00:04<00:00, 1746.74it/s]
 82%|████████▏ | 7266/8810 [00:04<00:00, 1799.12it/s]
 85%|████████▍ | 7450/8810 [00:04<00:00, 1743.22it/s]
 87%|████████▋ | 7627/8810 [00:04<00:00, 1748.70it/s]
 89%|████████▊ | 7804/8810 [00:04<00:00, 1573.30it/s]
 91%|█████████ | 8001/8810 [00:04<00:00, 1674.34it/s]
 93%|█████████▎| 8173/8810 [00:04<00:00, 1511.69it/s]
 95%|█████████▍| 8330/8810 [00:04<00:00, 1511.47it/s]
 96%|█████████▋| 8485/8810 [00:05<00:00, 1436.88it/s]
 98%|█████████▊| 8671/8810 [00:05<00:00, 1548.81it/s]
100%|██████████| 8810/8810 [00:05<00:00, 1670.72it/s]
