
  0%|          | 0/8810 [00:00<?, ?it/s]
  2%|▏         | 181/8810 [00:00<00:05, 1492.88it/s]
  5%|▍         | 409/8810 [00:00<00:04, 1910.06it/s]
  7%|▋         | 651/8810 [00:00<00:03, 2123.30it/s]
 10%|▉         | 867/8810 [00:00<00:04, 1830.56it/s]
 12%|█▏        | 1057/8810 [00:00<00:04, 1741.93it/s]
 15%|█▍        | 1297/8810 [00:00<00:03, 1931.96it/s]
 17%|█▋        | 1496/8810 [00:00<00:04, 1733.18it/s]
 20%|█▉        | 1750/8810 [00:00<00:03, 1951.18it/s]
 22%|██▏       | 1953/8810 [00:01<00:03, 1816.24it/s]
 25%|██▍       | 2197/8810 [00:01<00:03, 1981.61it/s]
 27%|██▋       | 2402/8810 [00:01<00:03, 1814.49it/s]
 30%|███       | 2677/8810 [00:01<00:02, 2057.28it/s]
 33%|███▎      | 2891/8810 [00:01<00:03, 1921.77it/s]
 35%|███▌      | 3090/8810 [00:01<00:03, 1839.30it/s]
 37%|███▋      | 3285/8810 [00:01<00:02, 1866.41it/s]
 39%|███▉      | 3476/8810 [00:01<00:03, 1697.17it/s]
 42%|████▏     | 3726/8810 [00:01<00:02, 1904.26it/s]
 45%|████▍     | 3923/8810 [00:02<00:02, 1840.41it/s]
 47%|████▋     | 4180/8810 [00:02<00:02, 1847.00it/s]
 50%|█████     | 4428/8810 [00:02<00:02, 2009.05it/s]
 53%|█████▎    | 4634/8810 [00:02<00:02, 1790.61it/s]
 55%|█████▍    | 4820/8810 [00:02<00:02, 1783.03it/s]
 57%|█████▋    | 5003/8810 [00:02<00:02, 1627.01it/s]
 59%|█████▉    | 5194/8810 [00:02<00:02, 1698.57it/s]
 61%|██████    | 5372/8810 [00:02<00:02, 1687.61it/s]
 64%|██████▎   | 5609/8810 [00:03<00:01, 1869.36it/s]
 66%|██████▌   | 5800/8810 [00:03<00:01, 1789.24it/s]
 68%|██████▊   | 5983/8810 [00:03<00:01, 1751.58it/s]
 70%|██████▉   | 6161/8810 [00:03<00:01, 1627.62it/s]
 73%|███████▎  | 6400/8810 [00:03<00:01, 1668.81it/s]
 75%|███████▌  | 6648/8810 [00:03<00:01, 1875.39it/s]
 78%|███████▊  | 6910/8810 [00:03<00:00, 2075.69it/s]
 81%|████████  | 7123/8810 [00:03<00:00, 1944.39it/s]
 84%|████████▎ | 7360/8810 [00:04<00:00, 1863.32it/s]
 86%|████████▌ | 7551/8810 [00:04<00:00, 1875.32it/s]
 88%|████████▊ | 7742/8810 [00:04<00:00, 1807.83it/s]
 90%|█████████ | 7942/8810 [00:04<00:00, 1856.26it/s]
 92%|█████████▏| 8130/8810 [00:04<00:00, 1604.86it/s]
 95%|█████████▍| 8342/8810 [00:04<00:00, 1735.49it/s]
 97%|█████████▋| 8523/8810 [00:04<00:00, 1665.62it/s]
 99%|█████████▉| 8702/8810 [00:04<00:00, 1610.88it/s]
100%|██████████| 8810/8810 [00:04<00:00, 1811.19it/s]
