
  0%|          | 0/8810 [00:00<?, ?it/s]
  1%|          | 83/8810 [00:00<00:10, 827.55it/s]
  2%|▏         | 181/8810 [00:00<00:11, 736.61it/s]
  4%|▎         | 313/8810 [00:00<00:08, 970.01it/s]
  5%|▍         | 414/8810 [00:00<00:08, 954.42it/s]
  6%|▌         | 519/8810 [00:00<00:08, 985.94it/s]
  7%|▋         | 636/8810 [00:00<00:07, 1045.54it/s]
  8%|▊         | 742/8810 [00:00<00:10, 794.16it/s] 
 10%|▉         | 845/8810 [00:00<00:09, 850.10it/s]
 11%|█▏        | 996/8810 [00:01<00:08, 918.92it/s]
 13%|█▎        | 1171/8810 [00:01<00:06, 1127.98it/s]
 15%|█▌        | 1329/8810 [00:01<00:06, 1244.36it/s]
 17%|█▋        | 1461/8810 [00:01<00:06, 1154.12it/s]
 18%|█▊        | 1610/8810 [00:01<00:05, 1241.73it/s]
 20%|██        | 1800/8810 [00:01<00:04, 1420.44it/s]
 22%|██▏       | 1948/8810 [00:01<00:05, 1287.66it/s]
 25%|██▍       | 2174/8810 [00:01<00:04, 1543.66it/s]
 27%|██▋       | 2336/8810 [00:02<00:04, 1404.38it/s]
 29%|██▊       | 2523/8810 [00:02<00:04, 1520.94it/s]
 31%|███       | 2743/8810 [00:02<00:03, 1698.27it/s]
 33%|███▎      | 2920/8810 [00:02<00:03, 1485.91it/s]
 35%|███▍      | 3078/8810 [00:02<00:04, 1413.20it/s]
 37%|███▋      | 3226/8810 [00:02<00:04, 1375.40it/s]
 38%|███▊      | 3390/8810 [00:02<00:03, 1439.14it/s]
 40%|████      | 3538/8810 [00:02<00:04, 1299.70it/s]
 42%|████▏     | 3728/8810 [00:02<00:03, 1446.60it/s]
 44%|████▍     | 3879/8810 [00:03<00:03, 1353.74it/s]
 46%|████▌     | 4073/8810 [00:03<00:03, 1504.51it/s]
 48%|████▊     | 4229/8810 [00:03<00:03, 1420.10it/s]
 50%|█████     | 4430/8810 [00:03<00:02, 1572.59it/s]
 52%|█████▏    | 4599/8810 [00:03<00:02, 1601.50it/s]
 54%|█████▍    | 4763/8810 [00:03<00:02, 1498.85it/s]
 56%|█████▌    | 4925/8810 [00:03<00:02, 1527.14it/s]
 58%|█████▊    | 5081/8810 [00:03<00:02, 1432.92it/s]
 60%|█████▉    | 5265/8810 [00:03<00:02, 1541.83it/s]
 62%|██████▏   | 5423/8810 [00:04<00:02, 1433.84it/s]
 64%|██████▍   | 5644/8810 [00:04<00:01, 1634.66it/s]
 66%|██████▌   | 5812/8810 [00:04<00:01, 1556.30it/s]
 68%|██████▊   | 5972/8810 [00:04<00:01, 1464.28it/s]
 69%|██████▉   | 6122/8810 [00:04<00:01, 1403.21it/s]
 72%|███████▏  | 6310/8810 [00:04<00:01, 1528.43it/s]
 73%|███████▎  | 6466/8810 [00:04<00:01, 1429.24it/s]
 76%|███████▌  | 6652/8810 [00:04<00:01, 1542.36it/s]
 78%|███████▊  | 6851/8810 [00:05<00:01, 1661.56it/s]
 80%|███████▉  | 7021/8810 [00:05<00:01, 1542.38it/s]
 81%|████████▏ | 7179/8810 [00:05<00:01, 1534.46it/s]
 84%|████████▎ | 7360/8810 [00:05<00:00, 1520.73it/s]
 85%|████████▌ | 7515/8810 [00:05<00:00, 1521.24it/s]
 88%|████████▊ | 7709/8810 [00:05<00:00, 1629.33it/s]
 89%|████████▉ | 7874/8810 [00:05<00:00, 1445.70it/s]
 91%|█████████ | 8029/8810 [00:05<00:00, 1470.46it/s]
 93%|█████████▎| 8180/8810 [00:05<00:00, 1360.29it/s]
 95%|█████████▍| 8335/8810 [00:06<00:00, 1407.87it/s]
 96%|█████████▌| 8479/8810 [00:06<00:00, 1337.20it/s]
 98%|█████████▊| 8645/8810 [00:06<00:00, 1421.06it/s]
100%|█████████▉| 8790/8810 [00:06<00:00, 1377.70it/s]
100%|██████████| 8810/8810 [00:06<00:00, 1378.81it/s]
