
  0%|          | 0/8810 [00:00<?, ?it/s]
  1%|          | 70/8810 [00:00<00:12, 693.80it/s]
  2%|▏         | 181/8810 [00:00<00:11, 734.20it/s]
  3%|▎         | 283/8810 [00:00<00:10, 842.80it/s]
  4%|▍         | 393/8810 [00:00<00:09, 931.42it/s]
  6%|▌         | 488/8810 [00:00<00:09, 875.61it/s]
  7%|▋         | 617/8810 [00:00<00:08, 1000.75it/s]
  8%|▊         | 719/8810 [00:00<00:09, 828.32it/s] 
  9%|▉         | 820/8810 [00:00<00:09, 875.67it/s]
 10%|█         | 913/8810 [00:01<00:09, 832.27it/s]
 11%|█▏        | 1000/8810 [00:01<00:10, 766.13it/s]
 13%|█▎        | 1122/8810 [00:01<00:08, 867.61it/s]
 14%|█▍        | 1216/8810 [00:01<00:08, 884.22it/s]
 15%|█▍        | 1307/8810 [00:01<00:08, 885.99it/s]
 16%|█▌        | 1398/8810 [00:01<00:08, 883.66it/s]
 17%|█▋        | 1488/8810 [00:01<00:09, 760.46it/s]
 18%|█▊        | 1570/8810 [00:01<00:09, 774.42it/s]
 19%|█▉        | 1670/8810 [00:01<00:08, 824.05it/s]
 20%|██        | 1781/8810 [00:02<00:07, 899.54it/s]
 21%|██▏       | 1874/8810 [00:02<00:10, 682.63it/s]
 22%|██▏       | 1971/8810 [00:02<00:09, 748.49it/s]
 23%|██▎       | 2064/8810 [00:02<00:08, 791.69it/s]
 25%|██▍       | 2174/8810 [00:02<00:07, 869.26it/s]
 26%|██▌       | 2267/8810 [00:02<00:09, 724.53it/s]
 27%|██▋       | 2362/8810 [00:02<00:08, 778.57it/s]
 28%|██▊       | 2470/8810 [00:02<00:07, 855.34it/s]
 29%|██▉       | 2580/8810 [00:03<00:06, 916.40it/s]
 30%|███       | 2677/8810 [00:03<00:06, 880.74it/s]
 31%|███▏      | 2769/8810 [00:03<00:07, 804.44it/s]
 33%|███▎      | 2877/8810 [00:03<00:06, 875.54it/s]
 34%|███▍      | 2985/8810 [00:03<00:06, 919.12it/s]
 35%|███▍      | 3080/8810 [00:03<00:07, 806.33it/s]
 36%|███▌      | 3180/8810 [00:03<00:06, 848.05it/s]
 37%|███▋      | 3269/8810 [00:03<00:06, 852.81it/s]
 38%|███▊      | 3370/8810 [00:04<00:06, 894.99it/s]
 39%|███▉      | 3462/8810 [00:04<00:06, 808.45it/s]
 40%|████      | 3547/8810 [00:04<00:06, 817.94it/s]
 42%|████▏     | 3673/8810 [00:04<00:05, 935.56it/s]
 43%|████▎     | 3770/8810 [00:04<00:05, 938.05it/s]
 44%|████▍     | 3866/8810 [00:04<00:06, 802.58it/s]
 45%|████▌     | 3980/8810 [00:04<00:05, 889.16it/s]
 47%|████▋     | 4098/8810 [00:04<00:04, 966.69it/s]
 48%|████▊     | 4199/8810 [00:04<00:05, 891.55it/s]
 49%|████▉     | 4306/8810 [00:05<00:04, 936.56it/s]
 50%|█████     | 4415/8810 [00:05<00:04, 977.62it/s]
 51%|█████▏    | 4516/8810 [00:05<00:04, 941.66it/s]
 52%|█████▏    | 4613/8810 [00:05<00:04, 927.00it/s]
 53%|█████▎    | 4708/8810 [00:05<00:05, 785.51it/s]
 55%|█████▍    | 4804/8810 [00:05<00:04, 826.35it/s]
 56%|█████▌    | 4892/8810 [00:05<00:04, 834.80it/s]
 57%|█████▋    | 4979/8810 [00:05<00:05, 731.18it/s]
 58%|█████▊    | 5082/8810 [00:06<00:04, 804.52it/s]
 59%|█████▉    | 5181/8810 [00:06<00:04, 851.44it/s]
 61%|██████    | 5337/8810 [00:06<00:03, 1042.65it/s]
 62%|██████▏   | 5446/8810 [00:06<00:03, 894.81it/s] 
 63%|██████▎   | 5550/8810 [00:06<00:03, 926.45it/s]
 64%|██████▍   | 5669/8810 [00:06<00:03, 992.70it/s]
 66%|██████▌   | 5773/8810 [00:06<00:03, 847.27it/s]
 67%|██████▋   | 5865/8810 [00:06<00:03, 820.61it/s]
 68%|██████▊   | 5952/8810 [00:07<00:03, 760.88it/s]
 69%|██████▊   | 6036/8810 [00:07<00:03, 722.18it/s]
 70%|██████▉   | 6136/8810 [00:07<00:03, 782.85it/s]
 71%|███████   | 6223/8810 [00:07<00:03, 803.49it/s]
 72%|███████▏  | 6334/8810 [00:07<00:02, 880.68it/s]
 73%|███████▎  | 6425/8810 [00:07<00:02, 843.41it/s]
 74%|███████▍  | 6518/8810 [00:07<00:02, 864.51it/s]
 75%|███████▌  | 6640/8810 [00:07<00:02, 963.13it/s]
 77%|███████▋  | 6758/8810 [00:07<00:02, 1019.50it/s]
 78%|███████▊  | 6862/8810 [00:07<00:01, 1007.27it/s]
 79%|███████▉  | 6968/8810 [00:08<00:01, 1018.41it/s]
 80%|████████  | 7071/8810 [00:08<00:02, 797.56it/s] 
 81%|████████▏ | 7159/8810 [00:08<00:02, 795.85it/s]
 82%|████████▏ | 7244/8810 [00:08<00:01, 789.33it/s]
 83%|████████▎ | 7347/8810 [00:08<00:01, 849.43it/s]
 84%|████████▍ | 7436/8810 [00:08<00:01, 857.26it/s]
 85%|████████▌ | 7525/8810 [00:08<00:01, 753.76it/s]
 87%|████████▋ | 7639/8810 [00:08<00:01, 850.80it/s]
 88%|████████▊ | 7729/8810 [00:09<00:01, 764.04it/s]
 89%|████████▊ | 7810/8810 [00:09<00:01, 758.11it/s]
 90%|████████▉ | 7889/8810 [00:09<00:01, 743.68it/s]
 90%|█████████ | 7973/8810 [00:09<00:01, 765.78it/s]
 91%|█████████▏| 8052/8810 [00:09<00:01, 644.37it/s]
 93%|█████████▎| 8159/8810 [00:09<00:00, 747.24it/s]
 94%|█████████▎| 8239/8810 [00:09<00:00, 737.77it/s]
 95%|█████████▍| 8335/8810 [00:09<00:00, 791.46it/s]
 96%|█████████▌| 8418/8810 [00:10<00:00, 708.82it/s]
 96%|█████████▋| 8501/8810 [00:10<00:00, 739.06it/s]
 98%|█████████▊| 8600/8810 [00:10<00:00, 805.33it/s]
 99%|█████████▊| 8696/8810 [00:10<00:00, 847.73it/s]
100%|█████████▉| 8784/8810 [00:10<00:00, 775.93it/s]
100%|██████████| 8810/8810 [00:10<00:00, 836.78it/s]
