
  0%|          | 0/8810 [00:00<?, ?it/s]
  2%|▏         | 181/8810 [00:00<00:05, 1511.33it/s]
  5%|▍         | 426/8810 [00:00<00:04, 2003.31it/s]
  7%|▋         | 656/8810 [00:00<00:04, 1832.65it/s]
 10%|▉         | 848/8810 [00:00<00:04, 1861.54it/s]
 12%|█▏        | 1037/8810 [00:00<00:04, 1696.88it/s]
 14%|█▍        | 1255/8810 [00:00<00:04, 1841.32it/s]
 17%|█▋        | 1457/8810 [00:00<00:04, 1735.66it/s]
 19%|█▉        | 1677/8810 [00:00<00:03, 1865.11it/s]
 21%|██        | 1868/8810 [00:01<00:04, 1659.14it/s]
 24%|██▍       | 2155/8810 [00:01<00:03, 1979.95it/s]
 27%|██▋       | 2363/8810 [00:01<00:03, 1918.91it/s]
 30%|██▉       | 2639/8810 [00:01<00:02, 2144.81it/s]
 32%|███▏      | 2861/8810 [00:01<00:02, 1983.90it/s]
 35%|███▍      | 3067/8810 [00:01<00:03, 1843.00it/s]
 37%|███▋      | 3282/8810 [00:01<00:02, 1922.67it/s]
 40%|███▉      | 3480/8810 [00:01<00:03, 1748.55it/s]
 42%|████▏     | 3709/8810 [00:01<00:02, 1887.43it/s]
 44%|████▍     | 3904/8810 [00:02<00:02, 1764.68it/s]
 47%|████▋     | 4180/8810 [00:02<00:02, 1849.16it/s]
 50%|█████     | 4429/8810 [00:02<00:02, 2011.51it/s]
 53%|█████▎    | 4636/8810 [00:02<00:02, 1843.39it/s]
 55%|█████▍    | 4826/8810 [00:02<00:02, 1856.71it/s]
 57%|█████▋    | 5016/8810 [00:02<00:02, 1665.36it/s]
 59%|█████▉    | 5223/8810 [00:02<00:02, 1764.89it/s]
 61%|██████▏   | 5405/8810 [00:02<00:02, 1674.43it/s]
 64%|██████▍   | 5671/8810 [00:03<00:01, 1926.05it/s]
 67%|██████▋   | 5870/8810 [00:03<00:01, 1704.71it/s]
 69%|██████▊   | 6049/8810 [00:03<00:01, 1533.72it/s]
 71%|███████   | 6269/8810 [00:03<00:01, 1695.23it/s]
 73%|███████▎  | 6448/8810 [00:03<00:01, 1558.52it/s]
 75%|███████▌  | 6642/8810 [00:03<00:01, 1652.75it/s]
 78%|███████▊  | 6871/8810 [00:03<00:01, 1817.49it/s]
 80%|████████  | 7060/8810 [00:03<00:01, 1615.81it/s]
 82%|████████▏ | 7230/8810 [00:04<00:00, 1603.84it/s]
 84%|████████▍ | 7397/8810 [00:04<00:00, 1578.70it/s]
 86%|████████▌ | 7559/8810 [00:04<00:00, 1534.09it/s]
 88%|████████▊ | 7716/8810 [00:04<00:00, 1486.78it/s]
 89%|████████▉ | 7877/8810 [00:04<00:00, 1517.57it/s]
 91%|█████████ | 8031/8810 [00:04<00:00, 1480.09it/s]
 93%|█████████▎| 8181/8810 [00:04<00:00, 1329.19it/s]
 95%|█████████▍| 8352/8810 [00:04<00:00, 1428.54it/s]
 96%|█████████▋| 8499/8810 [00:04<00:00, 1340.64it/s]
 99%|█████████▉| 8702/8810 [00:05<00:00, 1378.58it/s]
100%|██████████| 8810/8810 [00:05<00:00, 1699.10it/s]
