
  0%|          | 0/8810 [00:00<?, ?it/s]
  2%|▏         | 181/8810 [00:00<00:05, 1573.82it/s]
  5%|▍         | 426/8810 [00:00<00:04, 2055.89it/s]
  7%|▋         | 656/8810 [00:00<00:04, 1986.29it/s]
 10%|▉         | 857/8810 [00:00<00:03, 1988.54it/s]
 12%|█▏        | 1058/8810 [00:00<00:04, 1814.24it/s]
 14%|█▍        | 1247/8810 [00:00<00:04, 1836.78it/s]
 16%|█▋        | 1450/8810 [00:00<00:03, 1895.17it/s]
 19%|█▊        | 1642/8810 [00:00<00:04, 1759.23it/s]
 21%|██        | 1821/8810 [00:01<00:04, 1669.42it/s]
 23%|██▎       | 2001/8810 [00:01<00:03, 1702.55it/s]
 25%|██▌       | 2218/8810 [00:01<00:03, 1832.24it/s]
 27%|██▋       | 2404/8810 [00:01<00:03, 1722.85it/s]
 30%|███       | 2655/8810 [00:01<00:03, 1941.11it/s]
 32%|███▏      | 2853/8810 [00:01<00:03, 1638.24it/s]
 34%|███▍      | 3039/8810 [00:01<00:03, 1692.21it/s]
 37%|███▋      | 3217/8810 [00:01<00:03, 1626.88it/s]
 39%|███▊      | 3410/8810 [00:01<00:03, 1565.56it/s]
 41%|████      | 3623/8810 [00:02<00:03, 1706.25it/s]
 43%|████▎     | 3799/8810 [00:02<00:03, 1656.25it/s]
 46%|████▌     | 4015/8810 [00:02<00:02, 1788.67it/s]
 48%|████▊     | 4198/8810 [00:02<00:02, 1736.83it/s]
 51%|█████     | 4451/8810 [00:02<00:02, 1948.59it/s]
 53%|█████▎    | 4650/8810 [00:02<00:02, 1744.55it/s]
 55%|█████▍    | 4839/8810 [00:02<00:02, 1782.49it/s]
 57%|█████▋    | 5022/8810 [00:02<00:02, 1651.04it/s]
 59%|█████▉    | 5224/8810 [00:02<00:02, 1747.66it/s]
 61%|██████▏   | 5404/8810 [00:03<00:02, 1671.32it/s]
 64%|██████▍   | 5630/8810 [00:03<00:01, 1829.39it/s]
 66%|██████▌   | 5817/8810 [00:03<00:01, 1763.76it/s]
 68%|██████▊   | 5997/8810 [00:03<00:01, 1714.39it/s]
 70%|███████   | 6171/8810 [00:03<00:01, 1542.12it/s]
 72%|███████▏  | 6350/8810 [00:03<00:01, 1606.31it/s]
 74%|███████▍  | 6515/8810 [00:03<00:01, 1496.42it/s]
 77%|███████▋  | 6770/8810 [00:03<00:01, 1771.15it/s]
 79%|███████▉  | 6972/8810 [00:04<00:01, 1661.98it/s]
 81%|████████  | 7144/8810 [00:04<00:01, 1638.74it/s]
 83%|████████▎ | 7314/8810 [00:04<00:00, 1648.25it/s]
 85%|████████▍ | 7482/8810 [00:04<00:00, 1498.32it/s]
 87%|████████▋ | 7668/8810 [00:04<00:00, 1592.32it/s]
 89%|████████▉ | 7832/8810 [00:04<00:00, 1415.21it/s]
 91%|█████████ | 8011/8810 [00:04<00:00, 1506.74it/s]
 93%|█████████▎| 8168/8810 [00:04<00:00, 1448.88it/s]
 94%|█████████▍| 8321/8810 [00:04<00:00, 1468.05it/s]
 96%|█████████▌| 8471/8810 [00:05<00:00, 1389.54it/s]
 98%|█████████▊| 8649/8810 [00:05<00:00, 1488.15it/s]
100%|█████████▉| 8801/8810 [00:05<00:00, 1407.87it/s]
100%|██████████| 8810/8810 [00:05<00:00, 1662.63it/s]
