
  0%|          | 0/8810 [00:00<?, ?it/s]
  2%|▏         | 179/8810 [00:00<00:04, 1786.70it/s]
  4%|▍         | 358/8810 [00:00<00:05, 1582.23it/s]
  7%|▋         | 576/8810 [00:00<00:04, 1831.88it/s]
  9%|▊         | 762/8810 [00:00<00:05, 1571.02it/s]
 11%|█         | 929/8810 [00:00<00:04, 1598.58it/s]
 12%|█▏        | 1093/8810 [00:00<00:05, 1452.77it/s]
 15%|█▍        | 1297/8810 [00:00<00:04, 1615.00it/s]
 17%|█▋        | 1464/8810 [00:00<00:04, 1478.20it/s]
 19%|█▉        | 1661/8810 [00:01<00:04, 1611.09it/s]
 21%|██        | 1828/8810 [00:01<00:04, 1536.40it/s]
 23%|██▎       | 2030/8810 [00:01<00:04, 1668.03it/s]
 25%|██▌       | 2236/8810 [00:01<00:03, 1777.02it/s]
 27%|██▋       | 2418/8810 [00:01<00:04, 1479.20it/s]
 30%|██▉       | 2605/8810 [00:01<00:03, 1576.97it/s]
 31%|███▏      | 2772/8810 [00:01<00:04, 1353.59it/s]
 33%|███▎      | 2919/8810 [00:01<00:04, 1350.81it/s]
 35%|███▍      | 3062/8810 [00:02<00:04, 1318.02it/s]
 37%|███▋      | 3237/8810 [00:02<00:03, 1428.19it/s]
 39%|███▊      | 3410/8810 [00:02<00:03, 1397.22it/s]
 41%|████      | 3586/8810 [00:02<00:03, 1488.12it/s]
 43%|████▎     | 3774/8810 [00:02<00:03, 1504.31it/s]
 45%|████▌     | 3988/8810 [00:02<00:02, 1673.21it/s]
 47%|████▋     | 4180/8810 [00:02<00:02, 1654.75it/s]
 50%|█████     | 4428/8810 [00:02<00:02, 1876.91it/s]
 52%|█████▏    | 4625/8810 [00:02<00:02, 1738.41it/s]
 55%|█████▍    | 4804/8810 [00:03<00:02, 1733.45it/s]
 57%|█████▋    | 4981/8810 [00:03<00:02, 1547.90it/s]
 59%|█████▊    | 5173/8810 [00:03<00:02, 1643.15it/s]
 61%|██████    | 5372/8810 [00:03<00:02, 1629.56it/s]
 63%|██████▎   | 5555/8810 [00:03<00:01, 1682.52it/s]
 65%|██████▌   | 5754/8810 [00:03<00:01, 1654.25it/s]
 67%|██████▋   | 5922/8810 [00:03<00:01, 1610.80it/s]
 69%|██████▉   | 6085/8810 [00:03<00:01, 1583.26it/s]
 71%|███████▏  | 6287/8810 [00:03<00:01, 1702.28it/s]
 73%|███████▎  | 6459/8810 [00:04<00:01, 1582.35it/s]
 75%|███████▌  | 6649/8810 [00:04<00:01, 1662.45it/s]
 78%|███████▊  | 6885/8810 [00:04<00:01, 1855.21it/s]
 80%|████████  | 7074/8810 [00:04<00:01, 1729.84it/s]
 82%|████████▏ | 7251/8810 [00:04<00:00, 1725.87it/s]
 84%|████████▍ | 7435/8810 [00:04<00:00, 1755.01it/s]
 86%|████████▋ | 7613/8810 [00:04<00:00, 1760.25it/s]
 88%|████████▊ | 7791/8810 [00:04<00:00, 1602.09it/s]
 90%|█████████ | 7973/8810 [00:04<00:00, 1655.21it/s]
 92%|█████████▏| 8142/8810 [00:05<00:00, 1528.30it/s]
 95%|█████████▍| 8329/8810 [00:05<00:00, 1618.05it/s]
 96%|█████████▋| 8495/8810 [00:05<00:00, 1501.07it/s]
 99%|█████████▊| 8687/8810 [00:05<00:00, 1611.08it/s]
100%|██████████| 8810/8810 [00:05<00:00, 1599.05it/s]
