
  0%|          | 0/8810 [00:00<?, ?it/s]
  2%|▏         | 181/8810 [00:00<00:05, 1696.36it/s]
  5%|▍         | 434/8810 [00:00<00:03, 2153.23it/s]
  7%|▋         | 656/8810 [00:00<00:03, 2084.95it/s]
 10%|▉         | 866/8810 [00:00<00:03, 2074.92it/s]
 12%|█▏        | 1074/8810 [00:00<00:04, 1928.59it/s]
 15%|█▌        | 1334/8810 [00:00<00:03, 2131.51it/s]
 18%|█▊        | 1550/8810 [00:00<00:03, 1939.64it/s]
 21%|██        | 1821/8810 [00:00<00:03, 1951.54it/s]
 23%|██▎       | 2036/8810 [00:01<00:03, 2002.68it/s]
 26%|██▌       | 2263/8810 [00:01<00:03, 1879.36it/s]
 28%|██▊       | 2506/8810 [00:01<00:03, 2020.48it/s]
 31%|███       | 2744/8810 [00:01<00:03, 1976.11it/s]
 33%|███▎      | 2945/8810 [00:01<00:03, 1892.96it/s]
 36%|███▌      | 3137/8810 [00:01<00:03, 1708.22it/s]
 38%|███▊      | 3321/8810 [00:01<00:03, 1739.75it/s]
 40%|███▉      | 3499/8810 [00:01<00:03, 1643.60it/s]
 42%|████▏     | 3713/8810 [00:01<00:02, 1772.89it/s]
 44%|████▍     | 3894/8810 [00:02<00:02, 1706.47it/s]
 47%|████▋     | 4145/8810 [00:02<00:02, 1925.09it/s]
 49%|████▉     | 4342/8810 [00:02<00:02, 1822.03it/s]
 52%|█████▏    | 4549/8810 [00:02<00:02, 1886.59it/s]
 54%|█████▍    | 4741/8810 [00:02<00:02, 1691.82it/s]
 56%|█████▌    | 4921/8810 [00:02<00:02, 1717.89it/s]
 58%|█████▊    | 5097/8810 [00:02<00:02, 1580.30it/s]
 60%|██████    | 5300/8810 [00:02<00:02, 1696.44it/s]
 62%|██████▏   | 5475/8810 [00:03<00:02, 1577.54it/s]
 65%|██████▌   | 5735/8810 [00:03<00:01, 1842.09it/s]
 67%|██████▋   | 5926/8810 [00:03<00:01, 1615.83it/s]
 69%|██████▉   | 6097/8810 [00:03<00:01, 1596.94it/s]
 72%|███████▏  | 6309/8810 [00:03<00:01, 1731.87it/s]
 74%|███████▎  | 6489/8810 [00:03<00:01, 1652.37it/s]
 77%|███████▋  | 6745/8810 [00:03<00:01, 1894.79it/s]
 79%|███████▉  | 6960/8810 [00:03<00:00, 1964.30it/s]
 81%|████████▏ | 7162/8810 [00:03<00:00, 1753.06it/s]
 84%|████████▎ | 7360/8810 [00:04<00:00, 1683.89it/s]
 86%|████████▌ | 7534/8810 [00:04<00:00, 1677.69it/s]
 88%|████████▊ | 7715/8810 [00:04<00:00, 1642.50it/s]
 89%|████████▉ | 7882/8810 [00:04<00:00, 1648.97it/s]
 91%|█████████▏| 8049/8810 [00:04<00:00, 1394.23it/s]
 93%|█████████▎| 8196/8810 [00:04<00:00, 1410.41it/s]
 95%|█████████▍| 8361/8810 [00:04<00:00, 1365.32it/s]
 97%|█████████▋| 8543/8810 [00:04<00:00, 1478.17it/s]
 99%|█████████▉| 8702/8810 [00:05<00:00, 1427.51it/s]
100%|██████████| 8810/8810 [00:05<00:00, 1735.48it/s]
