
  0%|          | 0/8810 [00:00<?, ?it/s]
  2%|▏         | 181/8810 [00:00<00:06, 1436.25it/s]
  6%|▌         | 487/8810 [00:00<00:03, 2297.29it/s]
  8%|▊         | 726/8810 [00:00<00:03, 2124.86it/s]
 11%|█         | 945/8810 [00:00<00:03, 2059.11it/s]
 13%|█▎        | 1155/8810 [00:00<00:04, 1855.39it/s]
 16%|█▌        | 1415/8810 [00:00<00:03, 2070.00it/s]
 18%|█▊        | 1628/8810 [00:00<00:04, 1790.54it/s]
 21%|██        | 1821/8810 [00:00<00:04, 1721.62it/s]
 23%|██▎       | 2012/8810 [00:01<00:03, 1771.35it/s]
 25%|██▌       | 2241/8810 [00:01<00:03, 1911.58it/s]
 28%|██▊       | 2438/8810 [00:01<00:03, 1834.32it/s]
 30%|███       | 2654/8810 [00:01<00:03, 1920.12it/s]
 32%|███▏      | 2850/8810 [00:01<00:03, 1777.85it/s]
 34%|███▍      | 3039/8810 [00:01<00:03, 1808.03it/s]
 37%|███▋      | 3223/8810 [00:01<00:03, 1637.24it/s]
 39%|███▊      | 3407/8810 [00:01<00:03, 1690.55it/s]
 41%|████      | 3580/8810 [00:01<00:03, 1617.72it/s]
 43%|████▎     | 3774/8810 [00:02<00:03, 1550.01it/s]
 45%|████▍     | 3932/8810 [00:02<00:03, 1541.97it/s]
 47%|████▋     | 4175/8810 [00:02<00:02, 1777.61it/s]
 49%|████▉     | 4357/8810 [00:02<00:02, 1589.32it/s]
 52%|█████▏    | 4549/8810 [00:02<00:02, 1668.72it/s]
 54%|█████▎    | 4722/8810 [00:02<00:02, 1554.27it/s]
 56%|█████▌    | 4900/8810 [00:02<00:02, 1609.76it/s]
 57%|█████▋    | 5065/8810 [00:02<00:02, 1475.45it/s]
 60%|██████    | 5295/8810 [00:03<00:02, 1689.52it/s]
 62%|██████▏   | 5471/8810 [00:03<00:02, 1508.11it/s]
 65%|██████▍   | 5705/8810 [00:03<00:01, 1718.82it/s]
 67%|██████▋   | 5886/8810 [00:03<00:01, 1566.81it/s]
 69%|██████▊   | 6051/8810 [00:03<00:01, 1489.52it/s]
 71%|███████   | 6262/8810 [00:03<00:01, 1646.25it/s]
 73%|███████▎  | 6434/8810 [00:03<00:01, 1557.38it/s]
 76%|███████▌  | 6652/8810 [00:03<00:01, 1714.55it/s]
 78%|███████▊  | 6902/8810 [00:03<00:00, 1925.62it/s]
 81%|████████  | 7101/8810 [00:04<00:00, 1765.19it/s]
 83%|████████▎ | 7312/8810 [00:04<00:00, 1854.32it/s]
 85%|████████▌ | 7503/8810 [00:04<00:00, 1706.84it/s]
 87%|████████▋ | 7702/8810 [00:04<00:00, 1780.01it/s]
 90%|████████▉ | 7885/8810 [00:04<00:00, 1565.43it/s]
 91%|█████████▏| 8049/8810 [00:04<00:00, 1456.21it/s]
 93%|█████████▎| 8215/8810 [00:04<00:00, 1504.57it/s]
 95%|█████████▌| 8371/8810 [00:04<00:00, 1380.45it/s]
 97%|█████████▋| 8540/8810 [00:05<00:00, 1458.44it/s]
 99%|█████████▉| 8702/8810 [00:05<00:00, 1427.89it/s]
100%|██████████| 8810/8810 [00:05<00:00, 1671.86it/s]
