
  0%|          | 0/8810 [00:00<?, ?it/s]
  1%|          | 78/8810 [00:00<00:11, 778.21it/s]
  2%|▏         | 181/8810 [00:00<00:10, 853.72it/s]
  4%|▎         | 316/8810 [00:00<00:07, 1063.18it/s]
  5%|▍         | 423/8810 [00:00<00:08, 1033.54it/s]
  6%|▌         | 534/8810 [00:00<00:07, 1059.47it/s]
  7%|▋         | 641/8810 [00:00<00:07, 1059.99it/s]
  8%|▊         | 748/8810 [00:00<00:10, 799.32it/s] 
 10%|▉         | 837/8810 [00:00<00:09, 806.81it/s]
 11%|█         | 938/8810 [00:01<00:09, 860.20it/s]
 12%|█▏        | 1036/8810 [00:01<00:08, 891.37it/s]
 14%|█▎        | 1196/8810 [00:01<00:07, 1087.14it/s]
 15%|█▌        | 1348/8810 [00:01<00:06, 1206.89it/s]
 17%|█▋        | 1473/8810 [00:01<00:06, 1173.29it/s]
 19%|█▊        | 1642/8810 [00:01<00:05, 1316.34it/s]
 21%|██        | 1817/8810 [00:01<00:04, 1438.30it/s]
 22%|██▏       | 1964/8810 [00:01<00:05, 1290.77it/s]
 25%|██▍       | 2186/8810 [00:01<00:04, 1536.79it/s]
 27%|██▋       | 2346/8810 [00:02<00:04, 1380.68it/s]
 29%|██▉       | 2563/8810 [00:02<00:03, 1585.42it/s]
 31%|███       | 2744/8810 [00:02<00:03, 1540.00it/s]
 33%|███▎      | 2904/8810 [00:02<00:03, 1524.35it/s]
 35%|███▍      | 3061/8810 [00:02<00:04, 1396.38it/s]
 37%|███▋      | 3230/8810 [00:02<00:03, 1471.13it/s]
 38%|███▊      | 3385/8810 [00:02<00:03, 1490.71it/s]
 40%|████      | 3538/8810 [00:02<00:03, 1347.95it/s]
 42%|████▏     | 3712/8810 [00:02<00:03, 1448.61it/s]
 44%|████▍     | 3862/8810 [00:03<00:03, 1323.16it/s]
 46%|████▌     | 4057/8810 [00:03<00:03, 1483.68it/s]
 48%|████▊     | 4211/8810 [00:03<00:03, 1416.93it/s]
 50%|████▉     | 4404/8810 [00:03<00:02, 1549.73it/s]
 52%|█████▏    | 4569/8810 [00:03<00:02, 1575.46it/s]
 54%|█████▎    | 4730/8810 [00:03<00:02, 1440.21it/s]
 56%|█████▌    | 4893/8810 [00:03<00:02, 1489.78it/s]
 57%|█████▋    | 5046/8810 [00:03<00:02, 1386.77it/s]
 59%|█████▉    | 5232/8810 [00:03<00:02, 1512.75it/s]
 61%|██████    | 5388/8810 [00:04<00:02, 1483.60it/s]
 63%|██████▎   | 5581/8810 [00:04<00:02, 1605.82it/s]
 65%|██████▌   | 5754/8810 [00:04<00:01, 1573.11it/s]
 67%|██████▋   | 5914/8810 [00:04<00:01, 1487.48it/s]
 69%|██████▉   | 6065/8810 [00:04<00:01, 1398.23it/s]
 71%|███████   | 6252/8810 [00:04<00:01, 1523.07it/s]
 73%|███████▎  | 6408/8810 [00:04<00:01, 1479.45it/s]
 75%|███████▍  | 6592/8810 [00:04<00:01, 1573.31it/s]
 78%|███████▊  | 6830/8810 [00:04<00:01, 1800.29it/s]
 80%|███████▉  | 7013/8810 [00:05<00:01, 1636.67it/s]
 82%|████████▏ | 7182/8810 [00:05<00:01, 1595.23it/s]
 84%|████████▎ | 7360/8810 [00:05<00:00, 1526.73it/s]
 85%|████████▌ | 7516/8810 [00:05<00:00, 1532.77it/s]
 87%|████████▋ | 7706/8810 [00:05<00:00, 1632.55it/s]
 89%|████████▉ | 7872/8810 [00:05<00:00, 1465.77it/s]
 91%|█████████ | 8037/8810 [00:05<00:00, 1380.82it/s]
 93%|█████████▎| 8199/8810 [00:05<00:00, 1433.24it/s]
 95%|█████████▍| 8361/8810 [00:06<00:00, 1361.84it/s]
 97%|█████████▋| 8540/8810 [00:06<00:00, 1467.35it/s]
 99%|█████████▉| 8702/8810 [00:06<00:00, 1400.70it/s]
100%|██████████| 8810/8810 [00:06<00:00, 1387.67it/s]
