
  0%|          | 0/8810 [00:00<?, ?it/s]
  2%|▏         | 181/8810 [00:00<00:06, 1396.56it/s]
  5%|▍         | 411/8810 [00:00<00:04, 1857.96it/s]
  7%|▋         | 628/8810 [00:00<00:04, 1990.39it/s]
  9%|▉         | 831/8810 [00:00<00:04, 1651.20it/s]
 11%|█▏        | 1005/8810 [00:00<00:05, 1505.17it/s]
 14%|█▍        | 1220/8810 [00:00<00:04, 1684.47it/s]
 16%|█▌        | 1397/8810 [00:00<00:04, 1699.27it/s]
 18%|█▊        | 1573/8810 [00:00<00:04, 1568.23it/s]
 20%|██        | 1782/8810 [00:01<00:04, 1703.49it/s]
 22%|██▏       | 1958/8810 [00:01<00:04, 1504.90it/s]
 24%|██▍       | 2157/8810 [00:01<00:04, 1626.14it/s]
 26%|██▋       | 2327/8810 [00:01<00:04, 1531.81it/s]
 29%|██▊       | 2523/8810 [00:01<00:03, 1638.52it/s]
 31%|███       | 2744/8810 [00:01<00:03, 1666.01it/s]
 33%|███▎      | 2928/8810 [00:01<00:03, 1709.99it/s]
 35%|███▌      | 3102/8810 [00:01<00:03, 1631.69it/s]
 37%|███▋      | 3268/8810 [00:01<00:03, 1634.66it/s]
 39%|███▉      | 3434/8810 [00:02<00:03, 1565.16it/s]
 41%|████      | 3612/8810 [00:02<00:03, 1622.90it/s]
 43%|████▎     | 3776/8810 [00:02<00:03, 1556.99it/s]
 45%|████▌     | 3987/8810 [00:02<00:02, 1705.80it/s]
 47%|████▋     | 4180/8810 [00:02<00:02, 1710.21it/s]
 50%|█████     | 4418/8810 [00:02<00:02, 1897.04it/s]
 52%|█████▏    | 4625/8810 [00:02<00:02, 1759.87it/s]
 55%|█████▍    | 4805/8810 [00:02<00:02, 1700.18it/s]
 57%|█████▋    | 4978/8810 [00:03<00:02, 1504.89it/s]
 59%|█████▊    | 5172/8810 [00:03<00:02, 1614.60it/s]
 61%|██████    | 5372/8810 [00:03<00:02, 1566.27it/s]
 63%|██████▎   | 5564/8810 [00:03<00:01, 1657.23it/s]
 65%|██████▌   | 5754/8810 [00:03<00:01, 1662.21it/s]
 67%|██████▋   | 5924/8810 [00:03<00:01, 1625.03it/s]
 69%|██████▉   | 6089/8810 [00:03<00:01, 1620.92it/s]
 71%|███████▏  | 6297/8810 [00:03<00:01, 1745.22it/s]
 73%|███████▎  | 6474/8810 [00:03<00:01, 1631.19it/s]
 76%|███████▌  | 6714/8810 [00:04<00:01, 1841.50it/s]
 79%|███████▊  | 6936/8810 [00:04<00:00, 1941.36it/s]
 81%|████████  | 7134/8810 [00:04<00:00, 1725.94it/s]
 83%|████████▎ | 7342/8810 [00:04<00:00, 1816.18it/s]
 85%|████████▌ | 7530/8810 [00:04<00:00, 1585.56it/s]
 88%|████████▊ | 7715/8810 [00:04<00:00, 1566.88it/s]
 89%|████████▉ | 7878/8810 [00:04<00:00, 1555.64it/s]
 91%|█████████ | 8038/8810 [00:04<00:00, 1441.78it/s]
 93%|█████████▎| 8193/8810 [00:04<00:00, 1468.12it/s]
 95%|█████████▍| 8361/8810 [00:05<00:00, 1422.93it/s]
 97%|█████████▋| 8526/8810 [00:05<00:00, 1482.21it/s]
 99%|█████████▉| 8702/8810 [00:05<00:00, 1396.75it/s]
100%|██████████| 8810/8810 [00:05<00:00, 1620.63it/s]
