
  0%|          | 0/8810 [00:00<?, ?it/s]
  2%|▏         | 181/8810 [00:00<00:06, 1242.10it/s]
  4%|▍         | 393/8810 [00:00<00:05, 1674.69it/s]
  7%|▋         | 617/8810 [00:00<00:04, 1904.56it/s]
  9%|▉         | 815/8810 [00:00<00:05, 1561.84it/s]
 11%|█         | 982/8810 [00:00<00:05, 1464.66it/s]
 13%|█▎        | 1136/8810 [00:00<00:05, 1328.56it/s]
 15%|█▍        | 1309/8810 [00:00<00:05, 1431.84it/s]
 17%|█▋        | 1459/8810 [00:01<00:05, 1287.89it/s]
 18%|█▊        | 1624/8810 [00:01<00:05, 1374.75it/s]
 21%|██        | 1807/8810 [00:01<00:04, 1493.02it/s]
 22%|██▏       | 1962/8810 [00:01<00:05, 1323.74it/s]
 25%|██▍       | 2187/8810 [00:01<00:04, 1559.39it/s]
 27%|██▋       | 2352/8810 [00:01<00:04, 1430.28it/s]
 29%|██▉       | 2594/8810 [00:01<00:03, 1681.48it/s]
 31%|███▏      | 2772/8810 [00:01<00:03, 1545.11it/s]
 33%|███▎      | 2937/8810 [00:01<00:03, 1563.85it/s]
 35%|███▌      | 3100/8810 [00:02<00:03, 1472.68it/s]
 37%|███▋      | 3254/8810 [00:02<00:03, 1489.76it/s]
 39%|███▊      | 3410/8810 [00:02<00:03, 1422.91it/s]
 41%|████      | 3586/8810 [00:02<00:03, 1507.42it/s]
 43%|████▎     | 3757/8810 [00:02<00:03, 1561.22it/s]
 44%|████▍     | 3916/8810 [00:02<00:03, 1348.44it/s]
 47%|████▋     | 4138/8810 [00:02<00:02, 1571.92it/s]
 49%|████▉     | 4304/8810 [00:02<00:03, 1428.95it/s]
 51%|█████     | 4507/8810 [00:03<00:02, 1581.72it/s]
 53%|█████▎    | 4674/8810 [00:03<00:02, 1456.80it/s]
 55%|█████▍    | 4828/8810 [00:03<00:02, 1475.53it/s]
 57%|█████▋    | 4981/8810 [00:03<00:02, 1309.93it/s]
 59%|█████▊    | 5172/8810 [00:03<00:02, 1454.10it/s]
 61%|██████    | 5338/8810 [00:03<00:02, 1507.16it/s]
 62%|██████▏   | 5495/8810 [00:03<00:02, 1399.00it/s]
 65%|██████▍   | 5711/8810 [00:03<00:01, 1597.55it/s]
 67%|██████▋   | 5877/8810 [00:03<00:02, 1412.25it/s]
 68%|██████▊   | 6026/8810 [00:04<00:02, 1342.38it/s]
 70%|██████▉   | 6166/8810 [00:04<00:02, 1229.05it/s]
 72%|███████▏  | 6332/8810 [00:04<00:01, 1328.95it/s]
 73%|███████▎  | 6471/8810 [00:04<00:01, 1192.63it/s]
 76%|███████▌  | 6663/8810 [00:04<00:01, 1369.31it/s]
 77%|███████▋  | 6824/8810 [00:04<00:01, 1428.54it/s]
 79%|███████▉  | 6973/8810 [00:04<00:01, 1393.05it/s]
 81%|████████  | 7117/8810 [00:04<00:01, 1373.24it/s]
 82%|████████▏ | 7258/8810 [00:05<00:01, 1346.74it/s]
 84%|████████▍ | 7395/8810 [00:05<00:01, 1278.68it/s]
 85%|████████▌ | 7525/8810 [00:05<00:01, 1240.77it/s]
 87%|████████▋ | 7707/8810 [00:05<00:00, 1398.77it/s]
 89%|████████▉ | 7850/8810 [00:05<00:00, 1228.50it/s]
 91%|█████████ | 8001/8810 [00:05<00:00, 1296.34it/s]
 92%|█████████▏| 8136/8810 [00:05<00:00, 1165.16it/s]
 94%|█████████▍| 8298/8810 [00:05<00:00, 1277.48it/s]
 96%|█████████▌| 8432/8810 [00:06<00:00, 1121.41it/s]
 98%|█████████▊| 8605/8810 [00:06<00:00, 1267.18it/s]
 99%|█████████▉| 8740/8810 [00:06<00:00, 1150.96it/s]
100%|██████████| 8810/8810 [00:06<00:00, 1391.75it/s]
