
  0%|          | 0/8810 [00:00<?, ?it/s]
  0%|          | 27/8810 [00:00<00:35, 248.62it/s]
  1%|          | 79/8810 [00:00<00:22, 385.78it/s]
  2%|▏         | 146/8810 [00:00<00:17, 506.81it/s]
  2%|▏         | 198/8810 [00:00<00:28, 303.19it/s]
  3%|▎         | 283/8810 [00:00<00:19, 435.52it/s]
  4%|▍         | 339/8810 [00:00<00:20, 419.54it/s]
  4%|▍         | 389/8810 [00:00<00:21, 398.36it/s]
  5%|▍         | 434/8810 [00:01<00:22, 374.17it/s]
  5%|▌         | 475/8810 [00:01<00:22, 366.44it/s]
  6%|▋         | 560/8810 [00:01<00:17, 481.21it/s]
  7%|▋         | 613/8810 [00:01<00:18, 435.32it/s]
  7%|▋         | 660/8810 [00:01<00:27, 301.11it/s]
  8%|▊         | 700/8810 [00:01<00:25, 314.86it/s]
  8%|▊         | 746/8810 [00:02<00:23, 341.39it/s]
  9%|▉         | 798/8810 [00:02<00:21, 368.27it/s]
 10%|▉         | 843/8810 [00:02<00:20, 386.34it/s]
 10%|█         | 890/8810 [00:02<00:19, 406.09it/s]
 11%|█         | 934/8810 [00:02<00:21, 372.90it/s]
 11%|█         | 974/8810 [00:02<00:21, 367.06it/s]
 11%|█▏        | 1013/8810 [00:02<00:29, 260.88it/s]
 12%|█▏        | 1047/8810 [00:02<00:29, 267.10it/s]
 12%|█▏        | 1092/8810 [00:03<00:25, 306.55it/s]
 13%|█▎        | 1127/8810 [00:03<00:25, 300.73it/s]
 13%|█▎        | 1166/8810 [00:03<00:23, 318.77it/s]
 14%|█▎        | 1202/8810 [00:03<00:23, 329.04it/s]
 14%|█▍        | 1255/8810 [00:03<00:20, 376.29it/s]
 15%|█▍        | 1313/8810 [00:03<00:17, 426.79it/s]
 15%|█▌        | 1358/8810 [00:03<00:19, 384.12it/s]
 16%|█▌        | 1402/8810 [00:03<00:18, 392.85it/s]
 17%|█▋        | 1455/8810 [00:03<00:17, 428.98it/s]
 17%|█▋        | 1500/8810 [00:04<00:27, 263.65it/s]
 18%|█▊        | 1544/8810 [00:04<00:24, 292.36it/s]
 18%|█▊        | 1581/8810 [00:04<00:23, 302.77it/s]
 19%|█▊        | 1634/8810 [00:04<00:20, 354.82it/s]
 19%|█▉        | 1675/8810 [00:04<00:21, 335.85it/s]
 19%|█▉        | 1716/8810 [00:04<00:20, 348.77it/s]
 20%|█▉        | 1754/8810 [00:04<00:20, 348.27it/s]
 20%|██        | 1795/8810 [00:05<00:19, 358.47it/s]
 21%|██        | 1833/8810 [00:05<00:28, 244.71it/s]
 21%|██        | 1865/8810 [00:05<00:27, 256.42it/s]
 22%|██▏       | 1922/8810 [00:05<00:21, 321.36it/s]
 22%|██▏       | 1964/8810 [00:05<00:19, 343.52it/s]
 23%|██▎       | 2018/8810 [00:05<00:17, 392.77it/s]
 23%|██▎       | 2061/8810 [00:05<00:17, 388.67it/s]
 24%|██▍       | 2129/8810 [00:05<00:14, 465.85it/s]
 25%|██▍       | 2179/8810 [00:06<00:14, 462.07it/s]
 25%|██▌       | 2228/8810 [00:06<00:17, 383.35it/s]
 26%|██▌       | 2270/8810 [00:06<00:24, 270.96it/s]
 26%|██▌       | 2304/8810 [00:06<00:23, 278.38it/s]
 27%|██▋       | 2356/8810 [00:06<00:19, 325.62it/s]
 27%|██▋       | 2394/8810 [00:06<00:20, 318.59it/s]
 28%|██▊       | 2449/8810 [00:07<00:17, 369.63it/s]
 28%|██▊       | 2490/8810 [00:07<00:17, 360.71it/s]
 29%|██▉       | 2534/8810 [00:07<00:17, 356.77it/s]
 29%|██▉       | 2589/8810 [00:07<00:15, 401.63it/s]
 30%|██▉       | 2632/8810 [00:07<00:15, 406.50it/s]
 30%|███       | 2675/8810 [00:07<00:16, 373.94it/s]
 31%|███       | 2719/8810 [00:07<00:15, 383.29it/s]
 31%|███▏      | 2759/8810 [00:07<00:22, 264.28it/s]
 32%|███▏      | 2795/8810 [00:08<00:21, 283.98it/s]
 32%|███▏      | 2829/8810 [00:08<00:20, 290.47it/s]
 33%|███▎      | 2882/8810 [00:08<00:17, 344.62it/s]
 33%|███▎      | 2920/8810 [00:08<00:17, 343.52it/s]
 34%|███▎      | 2959/8810 [00:08<00:16, 355.27it/s]
 34%|███▍      | 2997/8810 [00:08<00:16, 343.32it/s]
 34%|███▍      | 3033/8810 [00:08<00:17, 326.81it/s]
 35%|███▍      | 3067/8810 [00:09<00:28, 203.39it/s]
 35%|███▌      | 3111/8810 [00:09<00:23, 247.71it/s]
 36%|███▌      | 3146/8810 [00:09<00:21, 267.90it/s]
 36%|███▌      | 3179/8810 [00:09<00:22, 255.73it/s]
 36%|███▋      | 3209/8810 [00:09<00:21, 262.26it/s]
 37%|███▋      | 3243/8810 [00:09<00:19, 280.89it/s]
 37%|███▋      | 3285/8810 [00:09<00:18, 305.88it/s]
 38%|███▊      | 3328/8810 [00:09<00:16, 335.38it/s]
 38%|███▊      | 3373/8810 [00:09<00:15, 362.39it/s]
 39%|███▊      | 3411/8810 [00:10<00:23, 232.33it/s]
 39%|███▉      | 3460/8810 [00:10<00:19, 278.88it/s]
 40%|███▉      | 3495/8810 [00:10<00:19, 279.30it/s]
 40%|████      | 3532/8810 [00:10<00:17, 297.39it/s]
 41%|████      | 3586/8810 [00:10<00:14, 353.69it/s]
 41%|████▏     | 3635/8810 [00:10<00:13, 381.23it/s]
 42%|████▏     | 3705/8810 [00:10<00:11, 459.13it/s]
 43%|████▎     | 3754/8810 [00:11<00:11, 453.87it/s]
 43%|████▎     | 3802/8810 [00:11<00:15, 324.36it/s]
 44%|████▎     | 3849/8810 [00:11<00:13, 354.46it/s]
 44%|████▍     | 3893/8810 [00:11<00:13, 370.55it/s]
 45%|████▍     | 3935/8810 [00:11<00:14, 346.66it/s]
 45%|████▌     | 3996/8810 [00:11<00:12, 400.52it/s]
 46%|████▌     | 4063/8810 [00:11<00:10, 462.99it/s]
 47%|████▋     | 4113/8810 [00:11<00:10, 437.25it/s]
 47%|████▋     | 4180/8810 [00:12<00:12, 371.42it/s]
 48%|████▊     | 4240/8810 [00:12<00:10, 420.33it/s]
 49%|████▉     | 4295/8810 [00:12<00:10, 438.92it/s]
 49%|████▉     | 4349/8810 [00:12<00:09, 459.46it/s]
 50%|█████     | 4405/8810 [00:12<00:09, 480.27it/s]
 51%|█████     | 4460/8810 [00:12<00:08, 487.85it/s]
 51%|█████     | 4511/8810 [00:12<00:09, 456.39it/s]
 52%|█████▏    | 4559/8810 [00:13<00:09, 439.05it/s]
 52%|█████▏    | 4604/8810 [00:13<00:10, 411.80it/s]
 53%|█████▎    | 4646/8810 [00:13<00:13, 302.53it/s]
 53%|█████▎    | 4681/8810 [00:13<00:13, 301.07it/s]
 54%|█████▎    | 4721/8810 [00:13<00:12, 319.49it/s]
 54%|█████▍    | 4766/8810 [00:13<00:11, 350.33it/s]
 55%|█████▍    | 4809/8810 [00:13<00:10, 369.99it/s]
 55%|█████▌    | 4849/8810 [00:13<00:10, 377.03it/s]
 55%|█████▌    | 4889/8810 [00:14<00:11, 350.38it/s]
 56%|█████▌    | 4926/8810 [00:14<00:11, 335.38it/s]
 56%|█████▋    | 4961/8810 [00:14<00:14, 259.25it/s]
 57%|█████▋    | 5014/8810 [00:14<00:12, 314.56it/s]
 57%|█████▋    | 5057/8810 [00:14<00:11, 340.39it/s]
 58%|█████▊    | 5101/8810 [00:14<00:10, 363.23it/s]
 59%|█████▊    | 5156/8810 [00:14<00:08, 410.63it/s]
 59%|█████▉    | 5208/8810 [00:14<00:08, 434.27it/s]
 60%|██████    | 5291/8810 [00:14<00:06, 538.27it/s]
 61%|██████    | 5347/8810 [00:15<00:07, 440.49it/s]
 61%|██████    | 5396/8810 [00:15<00:10, 323.83it/s]
 62%|██████▏   | 5436/8810 [00:15<00:10, 312.61it/s]
 62%|██████▏   | 5481/8810 [00:15<00:09, 338.32it/s]
 63%|██████▎   | 5546/8810 [00:15<00:08, 407.76it/s]
 63%|██████▎   | 5592/8810 [00:15<00:07, 419.78it/s]
 64%|██████▍   | 5638/8810 [00:16<00:07, 418.67it/s]
 65%|██████▍   | 5686/8810 [00:16<00:07, 433.19it/s]
 65%|██████▌   | 5748/8810 [00:16<00:06, 483.98it/s]
 66%|██████▌   | 5799/8810 [00:16<00:09, 329.33it/s]
 66%|██████▋   | 5840/8810 [00:16<00:08, 342.00it/s]
 67%|██████▋   | 5881/8810 [00:16<00:08, 331.13it/s]
 67%|██████▋   | 5919/8810 [00:16<00:09, 302.46it/s]
 68%|██████▊   | 5953/8810 [00:16<00:09, 304.95it/s]
 68%|██████▊   | 6016/8810 [00:17<00:07, 382.01it/s]
 69%|██████▉   | 6058/8810 [00:17<00:09, 292.75it/s]
 69%|██████▉   | 6098/8810 [00:17<00:08, 314.27it/s]
 70%|██████▉   | 6141/8810 [00:17<00:07, 337.10it/s]
 70%|███████   | 6179/8810 [00:17<00:07, 346.76it/s]
 71%|███████   | 6232/8810 [00:17<00:06, 384.73it/s]
 71%|███████▏  | 6291/8810 [00:17<00:05, 439.36it/s]
 72%|███████▏  | 6338/8810 [00:17<00:06, 388.46it/s]
 73%|███████▎  | 6396/8810 [00:18<00:05, 427.79it/s]
 73%|███████▎  | 6441/8810 [00:18<00:06, 352.82it/s]
 74%|███████▎  | 6480/8810 [00:18<00:07, 328.04it/s]
 74%|███████▍  | 6516/8810 [00:18<00:07, 327.23it/s]
 75%|███████▍  | 6570/8810 [00:18<00:06, 370.32it/s]
 75%|███████▌  | 6634/8810 [00:18<00:04, 436.08it/s]
 76%|███████▌  | 6680/8810 [00:18<00:05, 417.60it/s]
 77%|███████▋  | 6745/8810 [00:18<00:04, 478.27it/s]
 77%|███████▋  | 6795/8810 [00:19<00:04, 440.66it/s]
 78%|███████▊  | 6851/8810 [00:19<00:04, 459.72it/s]
 78%|███████▊  | 6904/8810 [00:19<00:04, 468.13it/s]
 79%|███████▉  | 6968/8810 [00:19<00:03, 493.88it/s]
 80%|███████▉  | 7019/8810 [00:19<00:05, 354.39it/s]
 80%|████████  | 7081/8810 [00:19<00:04, 406.49it/s]
 81%|████████  | 7128/8810 [00:19<00:04, 411.74it/s]
 81%|████████▏ | 7174/8810 [00:20<00:04, 401.30it/s]
 82%|████████▏ | 7227/8810 [00:20<00:03, 421.18it/s]
 83%|████████▎ | 7290/8810 [00:20<00:03, 474.88it/s]
 83%|████████▎ | 7350/8810 [00:20<00:02, 507.45it/s]
 84%|████████▍ | 7403/8810 [00:20<00:03, 416.54it/s]
 85%|████████▍ | 7450/8810 [00:20<00:03, 428.53it/s]
 85%|████████▌ | 7496/8810 [00:20<00:03, 409.72it/s]
 86%|████████▌ | 7540/8810 [00:20<00:03, 389.78it/s]
 86%|████████▌ | 7596/8810 [00:20<00:02, 427.62it/s]
 87%|████████▋ | 7656/8810 [00:21<00:02, 468.48it/s]
 88%|████████▊ | 7711/8810 [00:21<00:02, 490.33it/s]
 88%|████████▊ | 7762/8810 [00:21<00:02, 358.87it/s]
 89%|████████▊ | 7804/8810 [00:21<00:02, 369.68it/s]
 89%|████████▉ | 7846/8810 [00:21<00:02, 363.71it/s]
 90%|████████▉ | 7909/8810 [00:21<00:02, 426.38it/s]
 90%|█████████ | 7955/8810 [00:21<00:02, 427.23it/s]
 91%|█████████ | 8001/8810 [00:21<00:01, 423.05it/s]
 91%|█████████▏| 8045/8810 [00:22<00:02, 292.82it/s]
 92%|█████████▏| 8092/8810 [00:22<00:02, 324.50it/s]
 92%|█████████▏| 8131/8810 [00:22<00:02, 320.73it/s]
 93%|█████████▎| 8188/8810 [00:22<00:01, 373.55it/s]
 93%|█████████▎| 8230/8810 [00:22<00:01, 364.33it/s]
 94%|█████████▍| 8279/8810 [00:22<00:01, 395.52it/s]
 94%|█████████▍| 8322/8810 [00:22<00:01, 403.12it/s]
 95%|█████████▍| 8365/8810 [00:23<00:01, 301.46it/s]
 95%|█████████▌| 8411/8810 [00:23<00:01, 334.98it/s]
 96%|█████████▌| 8470/8810 [00:23<00:00, 393.60it/s]
 97%|█████████▋| 8515/8810 [00:23<00:00, 403.63it/s]
 97%|█████████▋| 8559/8810 [00:23<00:00, 384.09it/s]
 98%|█████████▊| 8612/8810 [00:23<00:00, 413.53it/s]
 98%|█████████▊| 8656/8810 [00:23<00:00, 392.12it/s]
 99%|█████████▉| 8702/8810 [00:24<00:00, 321.88it/s]
 99%|█████████▉| 8751/8810 [00:24<00:00, 359.57it/s]
100%|█████████▉| 8802/8810 [00:24<00:00, 394.63it/s]
100%|██████████| 8810/8810 [00:24<00:00, 363.30it/s]
