
  0%|          | 0/8810 [00:00<?, ?it/s]
  2%|▏         | 164/8810 [00:00<00:05, 1610.90it/s]
  4%|▎         | 326/8810 [00:00<00:05, 1469.09it/s]
  6%|▌         | 541/8810 [00:00<00:04, 1758.48it/s]
  8%|▊         | 719/8810 [00:00<00:05, 1616.72it/s]
 10%|█         | 908/8810 [00:00<00:04, 1701.13it/s]
 12%|█▏        | 1081/8810 [00:00<00:04, 1659.78it/s]
 15%|█▍        | 1286/8810 [00:00<00:04, 1779.72it/s]
 17%|█▋        | 1466/8810 [00:00<00:04, 1597.40it/s]
 19%|█▉        | 1657/8810 [00:00<00:04, 1684.67it/s]
 21%|██        | 1830/8810 [00:01<00:04, 1615.27it/s]
 23%|██▎       | 2020/8810 [00:01<00:04, 1692.81it/s]
 25%|██▌       | 2230/8810 [00:01<00:03, 1806.11it/s]
 27%|██▋       | 2414/8810 [00:01<00:03, 1655.97it/s]
 30%|███       | 2672/8810 [00:01<00:03, 1907.72it/s]
 33%|███▎      | 2869/8810 [00:01<00:03, 1830.00it/s]
 35%|███▍      | 3057/8810 [00:01<00:03, 1684.11it/s]
 37%|███▋      | 3268/8810 [00:01<00:03, 1794.49it/s]
 39%|███▉      | 3453/8810 [00:02<00:03, 1723.07it/s]
 42%|████▏     | 3686/8810 [00:02<00:02, 1887.87it/s]
 44%|████▍     | 3879/8810 [00:02<00:02, 1772.01it/s]
 47%|████▋     | 4138/8810 [00:02<00:02, 1986.07it/s]
 49%|████▉     | 4342/8810 [00:02<00:02, 1877.46it/s]
 52%|█████▏    | 4556/8810 [00:02<00:02, 1945.18it/s]
 54%|█████▍    | 4755/8810 [00:02<00:02, 1705.89it/s]
 56%|█████▌    | 4933/8810 [00:02<00:02, 1581.14it/s]
 59%|█████▊    | 5157/8810 [00:02<00:02, 1745.73it/s]
 61%|██████    | 5339/8810 [00:03<00:01, 1763.55it/s]
 63%|██████▎   | 5521/8810 [00:03<00:01, 1666.47it/s]
 65%|██████▌   | 5754/8810 [00:03<00:01, 1729.42it/s]
 67%|██████▋   | 5930/8810 [00:03<00:01, 1642.20it/s]
 69%|██████▉   | 6097/8810 [00:03<00:01, 1594.27it/s]
 72%|███████▏  | 6301/8810 [00:03<00:01, 1711.80it/s]
 73%|███████▎  | 6475/8810 [00:03<00:01, 1600.67it/s]
 77%|███████▋  | 6747/8810 [00:03<00:01, 1898.48it/s]
 79%|███████▉  | 6972/8810 [00:03<00:00, 1868.52it/s]
 81%|████████▏ | 7163/8810 [00:04<00:00, 1877.57it/s]
 83%|████████▎ | 7354/8810 [00:04<00:00, 1858.38it/s]
 86%|████████▌ | 7542/8810 [00:04<00:00, 1642.21it/s]
 88%|████████▊ | 7715/8810 [00:04<00:00, 1594.74it/s]
 90%|█████████ | 7929/8810 [00:04<00:00, 1736.46it/s]
 92%|█████████▏| 8108/8810 [00:04<00:00, 1543.78it/s]
 94%|█████████▍| 8269/8810 [00:04<00:00, 1528.45it/s]
 96%|█████████▌| 8427/8810 [00:04<00:00, 1441.57it/s]
 98%|█████████▊| 8606/8810 [00:05<00:00, 1529.86it/s]
 99%|█████████▉| 8763/8810 [00:05<00:00, 1462.75it/s]
100%|██████████| 8810/8810 [00:05<00:00, 1698.30it/s]
