
  0%|          | 0/8810 [00:00<?, ?it/s]
  2%|▏         | 181/8810 [00:00<00:05, 1486.26it/s]
  5%|▍         | 434/8810 [00:00<00:04, 2032.56it/s]
  7%|▋         | 656/8810 [00:00<00:04, 1942.43it/s]
 10%|▉         | 854/8810 [00:00<00:04, 1954.94it/s]
 12%|█▏        | 1052/8810 [00:00<00:04, 1758.68it/s]
 14%|█▍        | 1265/8810 [00:00<00:04, 1871.07it/s]
 17%|█▋        | 1457/8810 [00:00<00:04, 1743.15it/s]
 19%|█▉        | 1669/8810 [00:00<00:03, 1846.76it/s]
 21%|██        | 1858/8810 [00:01<00:04, 1642.28it/s]
 23%|██▎       | 2057/8810 [00:01<00:03, 1731.63it/s]
 26%|██▌       | 2263/8810 [00:01<00:03, 1679.99it/s]
 28%|██▊       | 2493/8810 [00:01<00:03, 1845.19it/s]
 31%|███       | 2695/8810 [00:01<00:03, 1886.92it/s]
 33%|███▎      | 2888/8810 [00:01<00:03, 1650.29it/s]
 35%|███▍      | 3061/8810 [00:01<00:03, 1589.18it/s]
 37%|███▋      | 3259/8810 [00:01<00:03, 1689.43it/s]
 39%|███▉      | 3434/8810 [00:01<00:03, 1665.84it/s]
 41%|████      | 3629/8810 [00:02<00:02, 1743.65it/s]
 43%|████▎     | 3807/8810 [00:02<00:02, 1704.78it/s]
 46%|████▌     | 4063/8810 [00:02<00:02, 1939.14it/s]
 48%|████▊     | 4260/8810 [00:02<00:02, 1852.73it/s]
 51%|█████     | 4488/8810 [00:02<00:02, 1969.08it/s]
 53%|█████▎    | 4688/8810 [00:02<00:02, 1778.64it/s]
 55%|█████▌    | 4876/8810 [00:02<00:02, 1801.97it/s]
 57%|█████▋    | 5060/8810 [00:02<00:02, 1677.96it/s]
 60%|██████    | 5300/8810 [00:02<00:01, 1869.17it/s]
 62%|██████▏   | 5492/8810 [00:03<00:01, 1743.12it/s]
 65%|██████▌   | 5746/8810 [00:03<00:01, 1955.55it/s]
 68%|██████▊   | 5948/8810 [00:03<00:01, 1711.16it/s]
 70%|██████▉   | 6128/8810 [00:03<00:01, 1597.18it/s]
 72%|███████▏  | 6300/8810 [00:03<00:01, 1625.61it/s]
 73%|███████▎  | 6468/8810 [00:03<00:01, 1488.04it/s]
 76%|███████▌  | 6701/8810 [00:03<00:01, 1701.33it/s]
 78%|███████▊  | 6901/8810 [00:03<00:01, 1780.69it/s]
 80%|████████  | 7086/8810 [00:04<00:01, 1562.16it/s]
 82%|████████▏ | 7258/8810 [00:04<00:00, 1599.72it/s]
 84%|████████▍ | 7425/8810 [00:04<00:00, 1579.87it/s]
 86%|████████▌ | 7588/8810 [00:04<00:00, 1552.39it/s]
 88%|████████▊ | 7747/8810 [00:04<00:00, 1464.23it/s]
 90%|████████▉ | 7923/8810 [00:04<00:00, 1543.28it/s]
 92%|█████████▏| 8081/8810 [00:04<00:00, 1398.79it/s]
 94%|█████████▎| 8241/8810 [00:04<00:00, 1450.93it/s]
 95%|█████████▌| 8390/8810 [00:04<00:00, 1387.98it/s]
 97%|█████████▋| 8586/8810 [00:05<00:00, 1540.73it/s]
 99%|█████████▉| 8744/8810 [00:05<00:00, 1400.80it/s]
100%|██████████| 8810/8810 [00:05<00:00, 1677.21it/s]
