
  0%|          | 0/8810 [00:00<?, ?it/s]
  1%|          | 105/8810 [00:00<00:08, 1039.63it/s]
  2%|▏         | 209/8810 [00:00<00:08, 965.57it/s] 
  4%|▍         | 383/8810 [00:00<00:06, 1294.10it/s]
  6%|▌         | 535/8810 [00:00<00:05, 1379.93it/s]
  8%|▊         | 675/8810 [00:00<00:06, 1195.38it/s]
  9%|▉         | 807/8810 [00:00<00:06, 1231.76it/s]
 11%|█         | 934/8810 [00:00<00:06, 1232.89it/s]
 12%|█▏        | 1060/8810 [00:00<00:06, 1144.83it/s]
 14%|█▎        | 1198/8810 [00:00<00:06, 1203.17it/s]
 15%|█▌        | 1334/8810 [00:01<00:06, 1244.66it/s]
 17%|█▋        | 1461/8810 [00:01<00:06, 1113.51it/s]
 18%|█▊        | 1580/8810 [00:01<00:06, 1133.40it/s]
 20%|█▉        | 1748/8810 [00:01<00:05, 1284.98it/s]
 21%|██▏       | 1880/8810 [00:01<00:06, 1103.35it/s]
 23%|██▎       | 2030/8810 [00:01<00:05, 1203.79it/s]
 25%|██▍       | 2178/8810 [00:01<00:05, 1275.24it/s]
 26%|██▌       | 2311/8810 [00:01<00:05, 1112.35it/s]
 28%|██▊       | 2464/8810 [00:02<00:05, 1213.04it/s]
 30%|██▉       | 2638/8810 [00:02<00:04, 1349.99it/s]
 32%|███▏      | 2780/8810 [00:02<00:05, 1185.69it/s]
 33%|███▎      | 2920/8810 [00:02<00:04, 1239.38it/s]
 35%|███▍      | 3057/8810 [00:02<00:04, 1166.77it/s]
 36%|███▌      | 3186/8810 [00:02<00:04, 1197.13it/s]
 38%|███▊      | 3317/8810 [00:02<00:04, 1223.20it/s]
 39%|███▉      | 3443/8810 [00:02<00:04, 1129.40it/s]
 41%|████      | 3586/8810 [00:02<00:04, 1208.95it/s]
 42%|████▏     | 3725/8810 [00:03<00:04, 1258.32it/s]
 44%|████▎     | 3854/8810 [00:03<00:04, 1180.27it/s]
 46%|████▌     | 4025/8810 [00:03<00:03, 1323.82it/s]
 47%|████▋     | 4180/8810 [00:03<00:03, 1238.54it/s]
 49%|████▉     | 4318/8810 [00:03<00:03, 1275.68it/s]
 51%|█████     | 4467/8810 [00:03<00:03, 1332.43it/s]
 52%|█████▏    | 4603/8810 [00:03<00:03, 1267.82it/s]
 54%|█████▎    | 4733/8810 [00:03<00:03, 1116.13it/s]
 55%|█████▌    | 4861/8810 [00:04<00:03, 1157.17it/s]
 57%|█████▋    | 4981/8810 [00:04<00:03, 1022.49it/s]
 58%|█████▊    | 5103/8810 [00:04<00:03, 1070.43it/s]
 59%|█████▉    | 5232/8810 [00:04<00:03, 1125.25it/s]
 61%|██████    | 5372/8810 [00:04<00:03, 1097.55it/s]
 62%|██████▏   | 5494/8810 [00:04<00:02, 1128.83it/s]
 64%|██████▎   | 5612/8810 [00:04<00:02, 1140.91it/s]
 65%|██████▌   | 5734/8810 [00:04<00:02, 1146.00it/s]
 66%|██████▋   | 5850/8810 [00:04<00:03, 970.48it/s] 
 68%|██████▊   | 5953/8810 [00:05<00:03, 885.99it/s]
 69%|██████▊   | 6046/8810 [00:05<00:03, 870.47it/s]
 70%|███████   | 6171/8810 [00:05<00:02, 964.80it/s]
 72%|███████▏  | 6315/8810 [00:05<00:02, 1089.75it/s]
 73%|███████▎  | 6429/8810 [00:05<00:02, 1043.12it/s]
 75%|███████▍  | 6570/8810 [00:05<00:01, 1139.47it/s]
 77%|███████▋  | 6755/8810 [00:05<00:01, 1336.70it/s]
 79%|███████▊  | 6931/8810 [00:05<00:01, 1450.17it/s]
 80%|████████  | 7080/8810 [00:06<00:01, 1276.65it/s]
 82%|████████▏ | 7214/8810 [00:06<00:01, 1142.61it/s]
 83%|████████▎ | 7349/8810 [00:06<00:01, 1191.27it/s]
 85%|████████▍ | 7474/8810 [00:06<00:01, 1135.01it/s]
 86%|████████▌ | 7592/8810 [00:06<00:01, 1131.40it/s]
 88%|████████▊ | 7715/8810 [00:06<00:01, 1046.05it/s]
 89%|████████▉ | 7830/8810 [00:06<00:00, 1068.62it/s]
 90%|█████████ | 7953/8810 [00:06<00:00, 1105.89it/s]
 92%|█████████▏| 8066/8810 [00:06<00:00, 1023.07it/s]
 93%|█████████▎| 8189/8810 [00:07<00:00, 1076.70it/s]
 94%|█████████▍| 8316/8810 [00:07<00:00, 1125.06it/s]
 96%|█████████▌| 8431/8810 [00:07<00:00, 1011.81it/s]
 97%|█████████▋| 8584/8810 [00:07<00:00, 1147.77it/s]
 99%|█████████▉| 8703/8810 [00:07<00:00, 1039.22it/s]
100%|██████████| 8810/8810 [00:07<00:00, 1152.34it/s]
