
  0%|          | 0/8810 [00:00<?, ?it/s]
  2%|▏         | 179/8810 [00:00<00:04, 1778.60it/s]
  4%|▍         | 357/8810 [00:00<00:05, 1664.48it/s]
  7%|▋         | 595/8810 [00:00<00:04, 1973.39it/s]
  9%|▉         | 794/8810 [00:00<00:04, 1706.83it/s]
 11%|█         | 978/8810 [00:00<00:04, 1747.21it/s]
 13%|█▎        | 1157/8810 [00:00<00:04, 1654.52it/s]
 15%|█▌        | 1341/8810 [00:00<00:04, 1708.38it/s]
 17%|█▋        | 1515/8810 [00:00<00:04, 1590.63it/s]
 20%|█▉        | 1718/8810 [00:01<00:04, 1713.72it/s]
 21%|██▏       | 1893/8810 [00:01<00:04, 1403.50it/s]
 24%|██▎       | 2074/8810 [00:01<00:04, 1502.03it/s]
 26%|██▌       | 2259/8810 [00:01<00:04, 1591.52it/s]
 28%|██▊       | 2427/8810 [00:01<00:04, 1413.89it/s]
 30%|███       | 2661/8810 [00:01<00:03, 1648.10it/s]
 32%|███▏      | 2837/8810 [00:01<00:04, 1486.34it/s]
 35%|███▍      | 3041/8810 [00:01<00:03, 1624.84it/s]
 36%|███▋      | 3213/8810 [00:02<00:03, 1480.88it/s]
 39%|███▊      | 3410/8810 [00:02<00:03, 1471.34it/s]
 41%|████      | 3612/8810 [00:02<00:03, 1604.54it/s]
 43%|████▎     | 3780/8810 [00:02<00:03, 1549.15it/s]
 45%|████▌     | 3988/8810 [00:02<00:02, 1685.64it/s]
 47%|████▋     | 4180/8810 [00:02<00:02, 1630.04it/s]
 50%|████▉     | 4404/8810 [00:02<00:02, 1790.61it/s]
 52%|█████▏    | 4588/8810 [00:02<00:02, 1777.52it/s]
 54%|█████▍    | 4769/8810 [00:02<00:02, 1635.39it/s]
 56%|█████▌    | 4937/8810 [00:03<00:02, 1480.68it/s]
 59%|█████▊    | 5166/8810 [00:03<00:02, 1686.92it/s]
 61%|██████    | 5372/8810 [00:03<00:02, 1624.56it/s]
 63%|██████▎   | 5566/8810 [00:03<00:01, 1705.39it/s]
 65%|██████▌   | 5754/8810 [00:03<00:01, 1650.04it/s]
 67%|██████▋   | 5923/8810 [00:03<00:01, 1527.89it/s]
 69%|██████▉   | 6080/8810 [00:03<00:01, 1417.31it/s]
 71%|███████   | 6249/8810 [00:03<00:01, 1483.82it/s]
 73%|███████▎  | 6401/8810 [00:04<00:01, 1296.15it/s]
 74%|███████▍  | 6551/8810 [00:04<00:01, 1346.49it/s]
 76%|███████▋  | 6738/8810 [00:04<00:01, 1481.06it/s]
 78%|███████▊  | 6909/8810 [00:04<00:01, 1542.61it/s]
 80%|████████  | 7068/8810 [00:04<00:01, 1369.55it/s]
 82%|████████▏ | 7228/8810 [00:04<00:01, 1423.50it/s]
 84%|████████▎ | 7376/8810 [00:04<00:01, 1320.48it/s]
 85%|████████▌ | 7513/8810 [00:04<00:01, 1253.78it/s]
 87%|████████▋ | 7673/8810 [00:04<00:00, 1339.05it/s]
 89%|████████▊ | 7811/8810 [00:05<00:00, 1195.98it/s]
 90%|█████████ | 7936/8810 [00:05<00:00, 1189.74it/s]
 91%|█████████▏| 8059/8810 [00:05<00:00, 1018.74it/s]
 93%|█████████▎| 8193/8810 [00:05<00:00, 1093.84it/s]
 95%|█████████▍| 8336/8810 [00:05<00:00, 1174.86it/s]
 96%|█████████▌| 8459/8810 [00:05<00:00, 1124.09it/s]
 98%|█████████▊| 8604/8810 [00:05<00:00, 1210.22it/s]
 99%|█████████▉| 8729/8810 [00:05<00:00, 1154.29it/s]
100%|██████████| 8810/8810 [00:06<00:00, 1467.32it/s]
