
  0%|          | 0/8810 [00:00<?, ?it/s]
  2%|▏         | 181/8810 [00:00<00:06, 1309.23it/s]
  4%|▍         | 394/8810 [00:00<00:04, 1721.58it/s]
  7%|▋         | 601/8810 [00:00<00:04, 1861.53it/s]
  9%|▉         | 792/8810 [00:00<00:05, 1516.34it/s]
 11%|█         | 964/8810 [00:00<00:04, 1572.73it/s]
 13%|█▎        | 1129/8810 [00:00<00:05, 1515.52it/s]
 15%|█▌        | 1330/8810 [00:00<00:04, 1656.01it/s]
 17%|█▋        | 1501/8810 [00:00<00:05, 1452.96it/s]
 20%|█▉        | 1732/8810 [00:01<00:04, 1679.94it/s]
 22%|██▏       | 1909/8810 [00:01<00:04, 1453.83it/s]
 24%|██▍       | 2142/8810 [00:01<00:03, 1673.75it/s]
 26%|██▋       | 2322/8810 [00:01<00:04, 1512.57it/s]
 29%|██▉       | 2580/8810 [00:01<00:03, 1778.70it/s]
 31%|███▏      | 2771/8810 [00:01<00:03, 1627.99it/s]
 33%|███▎      | 2945/8810 [00:01<00:03, 1608.05it/s]
 35%|███▌      | 3113/8810 [00:01<00:03, 1571.21it/s]
 37%|███▋      | 3286/8810 [00:02<00:03, 1612.99it/s]
 39%|███▉      | 3452/8810 [00:02<00:03, 1537.69it/s]
 41%|████▏     | 3642/8810 [00:02<00:03, 1632.74it/s]
 43%|████▎     | 3809/8810 [00:02<00:03, 1621.23it/s]
 46%|████▌     | 4029/8810 [00:02<00:02, 1774.74it/s]
 48%|████▊     | 4209/8810 [00:02<00:02, 1678.66it/s]
 50%|█████     | 4422/8810 [00:02<00:02, 1803.30it/s]
 52%|█████▏    | 4625/8810 [00:02<00:02, 1696.78it/s]
 54%|█████▍    | 4799/8810 [00:02<00:02, 1674.29it/s]
 56%|█████▋    | 4969/8810 [00:03<00:02, 1449.25it/s]
 59%|█████▊    | 5156/8810 [00:03<00:02, 1551.34it/s]
 60%|██████    | 5329/8810 [00:03<00:02, 1597.33it/s]
 62%|██████▏   | 5494/8810 [00:03<00:02, 1473.55it/s]
 65%|██████▍   | 5703/8810 [00:03<00:01, 1635.62it/s]
 67%|██████▋   | 5873/8810 [00:03<00:01, 1491.28it/s]
 68%|██████▊   | 6028/8810 [00:03<00:01, 1506.23it/s]
 70%|███████   | 6183/8810 [00:03<00:01, 1430.71it/s]
 72%|███████▏  | 6376/8810 [00:04<00:01, 1559.07it/s]
 74%|███████▍  | 6536/8810 [00:04<00:01, 1436.24it/s]
 77%|███████▋  | 6758/8810 [00:04<00:01, 1643.68it/s]
 79%|███████▉  | 6972/8810 [00:04<00:01, 1633.19it/s]
 81%|████████▏ | 7166/8810 [00:04<00:00, 1711.00it/s]
 84%|████████▎ | 7360/8810 [00:04<00:00, 1608.94it/s]
 85%|████████▌ | 7525/8810 [00:04<00:00, 1594.46it/s]
 88%|████████▊ | 7715/8810 [00:04<00:00, 1515.08it/s]
 90%|████████▉ | 7909/8810 [00:04<00:00, 1624.06it/s]
 92%|█████████▏| 8076/8810 [00:05<00:00, 1440.03it/s]
 93%|█████████▎| 8229/8810 [00:05<00:00, 1460.68it/s]
 95%|█████████▌| 8380/8810 [00:05<00:00, 1352.49it/s]
 98%|█████████▊| 8604/8810 [00:05<00:00, 1581.03it/s]
100%|█████████▉| 8769/8810 [00:05<00:00, 1490.46it/s]
100%|██████████| 8810/8810 [00:05<00:00, 1576.25it/s]
