
  0%|          | 0/8810 [00:00<?, ?it/s]
  2%|▏         | 181/8810 [00:00<00:05, 1477.21it/s]
  5%|▍         | 429/8810 [00:00<00:04, 2008.86it/s]
  7%|▋         | 644/8810 [00:00<00:03, 2065.25it/s]
 10%|▉         | 854/8810 [00:00<00:04, 1716.15it/s]
 12%|█▏        | 1035/8810 [00:00<00:04, 1596.31it/s]
 14%|█▍        | 1248/8810 [00:00<00:04, 1749.95it/s]
 16%|█▋        | 1432/8810 [00:00<00:04, 1773.62it/s]
 18%|█▊        | 1615/8810 [00:00<00:04, 1639.14it/s]
 21%|██        | 1821/8810 [00:01<00:04, 1624.94it/s]
 23%|██▎       | 1987/8810 [00:01<00:04, 1628.55it/s]
 25%|██▍       | 2194/8810 [00:01<00:03, 1743.80it/s]
 27%|██▋       | 2372/8810 [00:01<00:04, 1579.65it/s]
 30%|██▉       | 2619/8810 [00:01<00:03, 1815.35it/s]
 32%|███▏      | 2807/8810 [00:01<00:03, 1628.39it/s]
 34%|███▍      | 3004/8810 [00:01<00:03, 1709.09it/s]
 36%|███▌      | 3182/8810 [00:01<00:03, 1596.87it/s]
 38%|███▊      | 3378/8810 [00:01<00:03, 1690.88it/s]
 40%|████      | 3553/8810 [00:02<00:03, 1590.87it/s]
 42%|████▏     | 3729/8810 [00:02<00:03, 1630.77it/s]
 44%|████▍     | 3896/8810 [00:02<00:03, 1561.59it/s]
 47%|████▋     | 4154/8810 [00:02<00:02, 1838.16it/s]
 49%|████▉     | 4343/8810 [00:02<00:02, 1764.82it/s]
 52%|█████▏    | 4557/8810 [00:02<00:02, 1866.79it/s]
 54%|█████▍    | 4748/8810 [00:02<00:02, 1636.34it/s]
 56%|█████▌    | 4926/8810 [00:02<00:02, 1667.87it/s]
 58%|█████▊    | 5099/8810 [00:03<00:02, 1535.44it/s]
 60%|██████    | 5300/8810 [00:03<00:02, 1655.72it/s]
 62%|██████▏   | 5471/8810 [00:03<00:02, 1548.97it/s]
 65%|██████▍   | 5705/8810 [00:03<00:01, 1751.97it/s]
 67%|██████▋   | 5886/8810 [00:03<00:01, 1593.99it/s]
 69%|██████▊   | 6052/8810 [00:03<00:01, 1485.98it/s]
 71%|███████▏  | 6279/8810 [00:03<00:01, 1681.80it/s]
 73%|███████▎  | 6454/8810 [00:03<00:01, 1571.34it/s]
 76%|███████▌  | 6700/8810 [00:03<00:01, 1801.07it/s]
 79%|███████▊  | 6931/8810 [00:04<00:00, 1935.95it/s]
 81%|████████  | 7132/8810 [00:04<00:00, 1720.75it/s]
 83%|████████▎ | 7313/8810 [00:04<00:00, 1728.83it/s]
 85%|████████▌ | 7492/8810 [00:04<00:00, 1601.04it/s]
 87%|████████▋ | 7676/8810 [00:04<00:00, 1662.29it/s]
 89%|████████▉ | 7847/8810 [00:04<00:00, 1513.38it/s]
 91%|█████████ | 8027/8810 [00:04<00:00, 1585.64it/s]
 93%|█████████▎| 8191/8810 [00:04<00:00, 1460.34it/s]
 95%|█████████▍| 8361/8810 [00:05<00:00, 1396.65it/s]
 97%|█████████▋| 8548/8810 [00:05<00:00, 1516.44it/s]
 99%|█████████▉| 8705/8810 [00:05<00:00, 1458.52it/s]
100%|██████████| 8810/8810 [00:05<00:00, 1644.55it/s]
