
  0%|          | 0/8810 [00:00<?, ?it/s]
  2%|▏         | 144/8810 [00:00<00:06, 1431.08it/s]
  3%|▎         | 288/8810 [00:00<00:06, 1242.36it/s]
  5%|▌         | 446/8810 [00:00<00:06, 1382.16it/s]
  7%|▋         | 629/8810 [00:00<00:05, 1546.25it/s]
  9%|▉         | 786/8810 [00:00<00:06, 1255.18it/s]
 11%|█         | 938/8810 [00:00<00:05, 1330.84it/s]
 12%|█▏        | 1078/8810 [00:00<00:06, 1247.85it/s]
 14%|█▍        | 1255/8810 [00:00<00:05, 1391.60it/s]
 16%|█▌        | 1402/8810 [00:01<00:05, 1410.29it/s]
 18%|█▊        | 1548/8810 [00:01<00:05, 1279.76it/s]
 20%|█▉        | 1739/8810 [00:01<00:04, 1448.12it/s]
 21%|██▏       | 1890/8810 [00:01<00:05, 1277.07it/s]
 23%|██▎       | 2067/8810 [00:01<00:04, 1403.40it/s]
 25%|██▌       | 2219/8810 [00:01<00:04, 1432.49it/s]
 27%|██▋       | 2368/8810 [00:01<00:05, 1269.97it/s]
 29%|██▉       | 2552/8810 [00:01<00:04, 1416.37it/s]
 31%|███       | 2731/8810 [00:01<00:04, 1513.76it/s]
 33%|███▎      | 2889/8810 [00:02<00:04, 1318.57it/s]
 35%|███▍      | 3045/8810 [00:02<00:04, 1378.34it/s]
 36%|███▌      | 3190/8810 [00:02<00:04, 1301.51it/s]
 38%|███▊      | 3362/8810 [00:02<00:03, 1410.64it/s]
 40%|███▉      | 3509/8810 [00:02<00:04, 1296.02it/s]
 42%|████▏     | 3690/8810 [00:02<00:03, 1427.80it/s]
 44%|████▎     | 3839/8810 [00:02<00:03, 1332.29it/s]
 46%|████▌     | 4027/8810 [00:02<00:03, 1470.39it/s]
 47%|████▋     | 4180/8810 [00:03<00:03, 1379.44it/s]
 50%|████▉     | 4378/8810 [00:03<00:02, 1537.83it/s]
 51%|█████▏    | 4537/8810 [00:03<00:02, 1547.01it/s]
 53%|█████▎    | 4696/8810 [00:03<00:03, 1347.32it/s]
 55%|█████▌    | 4857/8810 [00:03<00:02, 1411.50it/s]
 57%|█████▋    | 5004/8810 [00:03<00:02, 1271.29it/s]
 58%|█████▊    | 5141/8810 [00:03<00:02, 1295.07it/s]
 60%|██████    | 5304/8810 [00:03<00:02, 1381.10it/s]
 62%|██████▏   | 5447/8810 [00:04<00:02, 1251.59it/s]
 64%|██████▎   | 5612/8810 [00:04<00:02, 1351.25it/s]
 65%|██████▌   | 5754/8810 [00:04<00:02, 1276.43it/s]
 67%|██████▋   | 5894/8810 [00:04<00:02, 1304.42it/s]
 68%|██████▊   | 6028/8810 [00:04<00:02, 1244.66it/s]
 70%|██████▉   | 6155/8810 [00:04<00:02, 1181.23it/s]
 72%|███████▏  | 6315/8810 [00:04<00:01, 1292.27it/s]
 73%|███████▎  | 6447/8810 [00:04<00:02, 1169.41it/s]
 75%|███████▍  | 6585/8810 [00:04<00:01, 1221.18it/s]
 77%|███████▋  | 6777/8810 [00:05<00:01, 1404.10it/s]
 79%|███████▉  | 6967/8810 [00:05<00:01, 1533.33it/s]
 81%|████████  | 7124/8810 [00:05<00:01, 1359.47it/s]
 82%|████████▏ | 7266/8810 [00:05<00:01, 1357.18it/s]
 84%|████████▍ | 7406/8810 [00:05<00:01, 1311.13it/s]
 86%|████████▌ | 7540/8810 [00:05<00:01, 1210.07it/s]
 87%|████████▋ | 7704/8810 [00:05<00:00, 1322.44it/s]
 89%|████████▉ | 7840/8810 [00:05<00:00, 1116.28it/s]
 91%|█████████ | 7975/8810 [00:05<00:00, 1168.79it/s]
 92%|█████████▏| 8099/8810 [00:06<00:00, 1012.44it/s]
 93%|█████████▎| 8208/8810 [00:06<00:00, 928.17it/s] 
 95%|█████████▍| 8361/8810 [00:06<00:00, 976.57it/s]
 96%|█████████▋| 8488/8810 [00:06<00:00, 1043.51it/s]
 98%|█████████▊| 8642/8810 [00:06<00:00, 1168.13it/s]
 99%|█████████▉| 8765/8810 [00:06<00:00, 1108.64it/s]
100%|██████████| 8810/8810 [00:06<00:00, 1295.60it/s]
