
  0%|          | 0/8810 [00:00<?, ?it/s]
  2%|▏         | 181/8810 [00:00<00:06, 1424.26it/s]
  4%|▍         | 383/8810 [00:00<00:04, 1727.36it/s]
  7%|▋         | 588/8810 [00:00<00:04, 1859.34it/s]
  9%|▉         | 777/8810 [00:00<00:05, 1580.45it/s]
 11%|█         | 958/8810 [00:00<00:04, 1642.67it/s]
 13%|█▎        | 1128/8810 [00:00<00:04, 1551.94it/s]
 15%|█▍        | 1310/8810 [00:00<00:04, 1625.84it/s]
 17%|█▋        | 1476/8810 [00:00<00:05, 1445.39it/s]
 19%|█▉        | 1655/8810 [00:01<00:04, 1535.32it/s]
 21%|██        | 1821/8810 [00:01<00:04, 1519.94it/s]
 23%|██▎       | 1991/8810 [00:01<00:04, 1566.21it/s]
 25%|██▌       | 2203/8810 [00:01<00:03, 1723.03it/s]
 27%|██▋       | 2379/8810 [00:01<00:04, 1532.90it/s]
 30%|██▉       | 2622/8810 [00:01<00:03, 1769.53it/s]
 32%|███▏      | 2806/8810 [00:01<00:03, 1596.52it/s]
 34%|███▍      | 2976/8810 [00:01<00:03, 1623.16it/s]
 36%|███▌      | 3144/8810 [00:01<00:03, 1517.61it/s]
 37%|███▋      | 3301/8810 [00:02<00:03, 1509.91it/s]
 39%|███▉      | 3456/8810 [00:02<00:03, 1429.76it/s]
 41%|████▏     | 3654/8810 [00:02<00:03, 1574.40it/s]
 43%|████▎     | 3816/8810 [00:02<00:03, 1522.80it/s]
 45%|████▌     | 4008/8810 [00:02<00:02, 1630.52it/s]
 47%|████▋     | 4180/8810 [00:02<00:02, 1549.15it/s]
 50%|████▉     | 4363/8810 [00:02<00:02, 1622.50it/s]
 52%|█████▏    | 4559/8810 [00:02<00:02, 1715.47it/s]
 54%|█████▎    | 4733/8810 [00:03<00:02, 1456.47it/s]
 56%|█████▌    | 4893/8810 [00:03<00:02, 1490.37it/s]
 57%|█████▋    | 5049/8810 [00:03<00:02, 1388.23it/s]
 59%|█████▉    | 5214/8810 [00:03<00:02, 1453.61it/s]
 61%|██████    | 5372/8810 [00:03<00:02, 1347.50it/s]
 63%|██████▎   | 5523/8810 [00:03<00:02, 1383.64it/s]
 65%|██████▍   | 5724/8810 [00:03<00:01, 1550.70it/s]
 67%|██████▋   | 5884/8810 [00:03<00:02, 1375.79it/s]
 68%|██████▊   | 6028/8810 [00:03<00:02, 1331.76it/s]
 70%|██████▉   | 6166/8810 [00:04<00:02, 1234.67it/s]
 72%|███████▏  | 6322/8810 [00:04<00:01, 1317.41it/s]
 73%|███████▎  | 6458/8810 [00:04<00:01, 1274.64it/s]
 75%|███████▌  | 6637/8810 [00:04<00:01, 1411.33it/s]
 78%|███████▊  | 6885/8810 [00:04<00:01, 1700.72it/s]
 80%|████████  | 7060/8810 [00:04<00:01, 1600.04it/s]
 82%|████████▏ | 7225/8810 [00:04<00:01, 1582.58it/s]
 84%|████████▍ | 7387/8810 [00:04<00:00, 1540.38it/s]
 86%|████████▌ | 7544/8810 [00:04<00:00, 1444.10it/s]
 88%|████████▊ | 7715/8810 [00:05<00:00, 1434.26it/s]
 89%|████████▉ | 7860/8810 [00:05<00:00, 1437.99it/s]
 91%|█████████ | 8032/8810 [00:05<00:00, 1509.14it/s]
 93%|█████████▎| 8185/8810 [00:05<00:00, 1402.97it/s]
 95%|█████████▍| 8354/8810 [00:05<00:00, 1480.18it/s]
 97%|█████████▋| 8505/8810 [00:05<00:00, 1402.62it/s]
 99%|█████████▊| 8693/8810 [00:05<00:00, 1530.54it/s]
100%|██████████| 8810/8810 [00:05<00:00, 1505.77it/s]
