
  0%|          | 0/8810 [00:00<?, ?it/s]
  2%|▏         | 181/8810 [00:00<00:06, 1324.84it/s]
  5%|▍         | 405/8810 [00:00<00:04, 1791.64it/s]
  7%|▋         | 601/8810 [00:00<00:04, 1854.94it/s]
  9%|▉         | 791/8810 [00:00<00:05, 1581.78it/s]
 11%|█         | 957/8810 [00:00<00:05, 1558.84it/s]
 13%|█▎        | 1118/8810 [00:00<00:05, 1447.87it/s]
 14%|█▍        | 1273/8810 [00:00<00:05, 1473.93it/s]
 16%|█▋        | 1441/8810 [00:00<00:04, 1532.30it/s]
 18%|█▊        | 1597/8810 [00:01<00:05, 1347.42it/s]
 21%|██        | 1807/8810 [00:01<00:04, 1546.21it/s]
 22%|██▏       | 1969/8810 [00:01<00:04, 1411.60it/s]
 25%|██▍       | 2167/8810 [00:01<00:04, 1559.60it/s]
 26%|██▋       | 2330/8810 [00:01<00:04, 1462.46it/s]
 29%|██▊       | 2523/8810 [00:01<00:03, 1581.63it/s]
 31%|███       | 2722/8810 [00:01<00:03, 1692.59it/s]
 33%|███▎      | 2897/8810 [00:01<00:03, 1507.69it/s]
 35%|███▍      | 3057/8810 [00:02<00:04, 1374.51it/s]
 36%|███▋      | 3207/8810 [00:02<00:04, 1400.33it/s]
 39%|███▊      | 3393/8810 [00:02<00:03, 1512.21it/s]
 40%|████      | 3549/8810 [00:02<00:03, 1355.58it/s]
 42%|████▏     | 3728/8810 [00:02<00:03, 1461.36it/s]
 44%|████▍     | 3880/8810 [00:02<00:03, 1395.93it/s]
 46%|████▋     | 4080/8810 [00:02<00:03, 1554.67it/s]
 48%|████▊     | 4241/8810 [00:02<00:03, 1470.68it/s]
 50%|█████     | 4436/8810 [00:02<00:02, 1593.85it/s]
 52%|█████▏    | 4600/8810 [00:03<00:02, 1574.92it/s]
 54%|█████▍    | 4761/8810 [00:03<00:02, 1386.11it/s]
 56%|█████▌    | 4906/8810 [00:03<00:02, 1381.68it/s]
 57%|█████▋    | 5048/8810 [00:03<00:03, 1242.55it/s]
 59%|█████▉    | 5214/8810 [00:03<00:02, 1347.69it/s]
 61%|██████    | 5372/8810 [00:03<00:02, 1307.21it/s]
 63%|██████▎   | 5520/8810 [00:03<00:02, 1352.20it/s]
 64%|██████▍   | 5673/8810 [00:03<00:02, 1398.60it/s]
 66%|██████▌   | 5816/8810 [00:04<00:02, 1305.15it/s]
 68%|██████▊   | 5950/8810 [00:04<00:02, 1177.85it/s]
 69%|██████▉   | 6072/8810 [00:04<00:02, 1138.14it/s]
 70%|███████   | 6205/8810 [00:04<00:02, 1185.40it/s]
 72%|███████▏  | 6357/8810 [00:04<00:01, 1268.86it/s]
 74%|███████▎  | 6487/8810 [00:04<00:02, 1150.82it/s]
 76%|███████▌  | 6661/8810 [00:04<00:01, 1299.37it/s]
 77%|███████▋  | 6822/8810 [00:04<00:01, 1377.76it/s]
 79%|███████▉  | 6972/8810 [00:04<00:01, 1295.94it/s]
 81%|████████  | 7106/8810 [00:05<00:01, 1276.57it/s]
 82%|████████▏ | 7236/8810 [00:05<00:01, 1250.86it/s]
 84%|████████▎ | 7363/8810 [00:05<00:01, 1138.45it/s]
 85%|████████▍ | 7481/8810 [00:05<00:01, 1143.87it/s]
 86%|████████▋ | 7603/8810 [00:05<00:01, 1162.83it/s]
 88%|████████▊ | 7721/8810 [00:05<00:01, 1088.90it/s]
 89%|████████▉ | 7852/8810 [00:05<00:00, 1142.69it/s]
 91%|█████████ | 7975/8810 [00:05<00:00, 1166.63it/s]
 92%|█████████▏| 8093/8810 [00:05<00:00, 1033.24it/s]
 94%|█████████▎| 8244/8810 [00:06<00:00, 1157.65it/s]
 95%|█████████▍| 8364/8810 [00:06<00:00, 1091.64it/s]
 97%|█████████▋| 8504/8810 [00:06<00:00, 1170.58it/s]
 98%|█████████▊| 8644/8810 [00:06<00:00, 1230.94it/s]
100%|█████████▉| 8770/8810 [00:06<00:00, 1113.75it/s]
100%|██████████| 8810/8810 [00:06<00:00, 1340.99it/s]
