
  0%|          | 0/8810 [00:00<?, ?it/s]
  2%|▏         | 181/8810 [00:00<00:05, 1490.81it/s]
  5%|▍         | 431/8810 [00:00<00:04, 2030.07it/s]
  7%|▋         | 656/8810 [00:00<00:04, 1903.90it/s]
 10%|▉         | 850/8810 [00:00<00:04, 1892.43it/s]
 12%|█▏        | 1042/8810 [00:00<00:04, 1724.98it/s]
 14%|█▍        | 1242/8810 [00:00<00:04, 1807.65it/s]
 16%|█▋        | 1436/8810 [00:00<00:03, 1847.19it/s]
 18%|█▊        | 1623/8810 [00:00<00:04, 1649.75it/s]
 21%|██        | 1821/8810 [00:01<00:04, 1624.58it/s]
 23%|██▎       | 2020/8810 [00:01<00:03, 1721.04it/s]
 25%|██▌       | 2240/8810 [00:01<00:03, 1846.99it/s]
 28%|██▊       | 2429/8810 [00:01<00:03, 1725.30it/s]
 30%|███       | 2657/8810 [00:01<00:03, 1873.28it/s]
 32%|███▏      | 2849/8810 [00:01<00:03, 1726.68it/s]
 35%|███▍      | 3040/8810 [00:01<00:03, 1763.92it/s]
 37%|███▋      | 3220/8810 [00:01<00:03, 1532.69it/s]
 38%|███▊      | 3389/8810 [00:01<00:03, 1570.74it/s]
 40%|████      | 3552/8810 [00:02<00:03, 1475.67it/s]
 43%|████▎     | 3768/8810 [00:02<00:03, 1651.49it/s]
 45%|████▍     | 3939/8810 [00:02<00:03, 1469.42it/s]
 47%|████▋     | 4169/8810 [00:02<00:02, 1673.30it/s]
 49%|████▉     | 4345/8810 [00:02<00:02, 1599.98it/s]
 52%|█████▏    | 4545/8810 [00:02<00:02, 1705.45it/s]
 54%|█████▎    | 4722/8810 [00:02<00:02, 1481.16it/s]
 56%|█████▌    | 4912/8810 [00:02<00:02, 1581.46it/s]
 58%|█████▊    | 5078/8810 [00:03<00:02, 1496.57it/s]
 60%|██████    | 5294/8810 [00:03<00:02, 1667.19it/s]
 62%|██████▏   | 5468/8810 [00:03<00:02, 1528.65it/s]
 65%|██████▍   | 5701/8810 [00:03<00:01, 1732.74it/s]
 67%|██████▋   | 5882/8810 [00:03<00:01, 1551.58it/s]
 69%|██████▊   | 6046/8810 [00:03<00:01, 1421.66it/s]
 71%|███████   | 6262/8810 [00:03<00:01, 1602.93it/s]
 73%|███████▎  | 6431/8810 [00:03<00:01, 1520.84it/s]
 76%|███████▋  | 6724/8810 [00:04<00:01, 1881.91it/s]
 79%|███████▉  | 6972/8810 [00:04<00:00, 1883.82it/s]
 81%|████████▏ | 7168/8810 [00:04<00:00, 1857.91it/s]
 84%|████████▎ | 7360/8810 [00:04<00:00, 1667.18it/s]
 86%|████████▌ | 7533/8810 [00:04<00:00, 1644.38it/s]
 88%|████████▊ | 7715/8810 [00:04<00:00, 1634.86it/s]
 90%|████████▉ | 7885/8810 [00:04<00:00, 1646.14it/s]
 91%|█████████▏| 8052/8810 [00:04<00:00, 1529.49it/s]
 93%|█████████▎| 8234/8810 [00:04<00:00, 1601.31it/s]
 95%|█████████▌| 8397/8810 [00:05<00:00, 1542.24it/s]
 98%|█████████▊| 8623/8810 [00:05<00:00, 1730.87it/s]
100%|█████████▉| 8799/8810 [00:05<00:00, 1640.78it/s]
100%|██████████| 8810/8810 [00:05<00:00, 1660.02it/s]
