
  0%|          | 0/8810 [00:00<?, ?it/s]
  2%|▏         | 175/8810 [00:00<00:04, 1739.98it/s]
  4%|▍         | 349/8810 [00:00<00:05, 1594.63it/s]
  6%|▋         | 563/8810 [00:00<00:04, 1827.25it/s]
  8%|▊         | 748/8810 [00:00<00:04, 1619.59it/s]
 10%|█         | 914/8810 [00:00<00:04, 1622.13it/s]
 12%|█▏        | 1079/8810 [00:00<00:04, 1576.72it/s]
 14%|█▍        | 1250/8810 [00:00<00:04, 1614.95it/s]
 16%|█▌        | 1416/8810 [00:00<00:04, 1628.36it/s]
 18%|█▊        | 1580/8810 [00:01<00:04, 1474.00it/s]
 20%|██        | 1782/8810 [00:01<00:04, 1623.32it/s]
 22%|██▏       | 1948/8810 [00:01<00:04, 1470.70it/s]
 25%|██▍       | 2179/8810 [00:01<00:03, 1695.40it/s]
 27%|██▋       | 2355/8810 [00:01<00:04, 1574.34it/s]
 29%|██▉       | 2582/8810 [00:01<00:03, 1759.83it/s]
 31%|███▏      | 2765/8810 [00:01<00:03, 1663.02it/s]
 33%|███▎      | 2937/8810 [00:01<00:03, 1576.05it/s]
 35%|███▌      | 3099/8810 [00:01<00:03, 1515.79it/s]
 37%|███▋      | 3254/8810 [00:02<00:03, 1496.78it/s]
 39%|███▊      | 3410/8810 [00:02<00:03, 1447.83it/s]
 41%|████      | 3612/8810 [00:02<00:03, 1601.72it/s]
 43%|████▎     | 3775/8810 [00:02<00:03, 1534.03it/s]
 45%|████▍     | 3935/8810 [00:02<00:03, 1549.12it/s]
 47%|████▋     | 4152/8810 [00:02<00:02, 1718.10it/s]
 49%|████▉     | 4326/8810 [00:02<00:02, 1578.57it/s]
 51%|█████     | 4514/8810 [00:02<00:02, 1657.74it/s]
 53%|█████▎    | 4683/8810 [00:02<00:02, 1488.60it/s]
 55%|█████▍    | 4837/8810 [00:03<00:02, 1488.19it/s]
 57%|█████▋    | 4990/8810 [00:03<00:02, 1329.83it/s]
 59%|█████▊    | 5156/8810 [00:03<00:02, 1413.61it/s]
 60%|██████    | 5316/8810 [00:03<00:02, 1459.28it/s]
 62%|██████▏   | 5466/8810 [00:03<00:02, 1379.28it/s]
 64%|██████▍   | 5663/8810 [00:03<00:02, 1538.67it/s]
 66%|██████▌   | 5821/8810 [00:03<00:02, 1431.83it/s]
 68%|██████▊   | 5969/8810 [00:03<00:02, 1327.74it/s]
 69%|██████▉   | 6106/8810 [00:04<00:02, 1239.46it/s]
 71%|███████▏  | 6279/8810 [00:04<00:01, 1363.59it/s]
 73%|███████▎  | 6420/8810 [00:04<00:01, 1291.26it/s]
 75%|███████▌  | 6635/8810 [00:04<00:01, 1515.02it/s]
 78%|███████▊  | 6863/8810 [00:04<00:01, 1722.00it/s]
 80%|███████▉  | 7041/8810 [00:04<00:01, 1626.28it/s]
 82%|████████▏ | 7209/8810 [00:04<00:00, 1618.24it/s]
 84%|████████▎ | 7375/8810 [00:04<00:00, 1501.95it/s]
 85%|████████▌ | 7529/8810 [00:04<00:00, 1424.14it/s]
 88%|████████▊ | 7715/8810 [00:05<00:00, 1443.29it/s]
 89%|████████▉ | 7884/8810 [00:05<00:00, 1506.21it/s]
 91%|█████████ | 8037/8810 [00:05<00:00, 1374.35it/s]
 93%|█████████▎| 8204/8810 [00:05<00:00, 1450.02it/s]
 95%|█████████▍| 8361/8810 [00:05<00:00, 1431.50it/s]
 97%|█████████▋| 8545/8810 [00:05<00:00, 1535.38it/s]
 99%|█████████▉| 8702/8810 [00:05<00:00, 1461.79it/s]
100%|██████████| 8810/8810 [00:05<00:00, 1521.63it/s]
