
  0%|          | 0/8810 [00:00<?, ?it/s]
  0%|          | 22/8810 [00:00<00:41, 212.91it/s]
  1%|          | 56/8810 [00:00<00:32, 272.60it/s]
  2%|▏         | 144/8810 [00:00<00:16, 531.30it/s]
  2%|▏         | 198/8810 [00:00<00:23, 372.61it/s]
  3%|▎         | 268/8810 [00:00<00:18, 462.66it/s]
  4%|▍         | 337/8810 [00:00<00:16, 517.59it/s]
  4%|▍         | 394/8810 [00:00<00:16, 525.11it/s]
  5%|▌         | 450/8810 [00:00<00:17, 482.57it/s]
  6%|▋         | 563/8810 [00:01<00:12, 656.20it/s]
  7%|▋         | 634/8810 [00:01<00:13, 607.62it/s]
  8%|▊         | 699/8810 [00:01<00:18, 448.18it/s]
  9%|▊         | 752/8810 [00:01<00:17, 456.92it/s]
  9%|▉         | 805/8810 [00:01<00:17, 466.37it/s]
 10%|▉         | 856/8810 [00:01<00:18, 434.52it/s]
 10%|█         | 903/8810 [00:01<00:17, 442.10it/s]
 11%|█         | 952/8810 [00:02<00:17, 453.83it/s]
 11%|█▏        | 1000/8810 [00:02<00:22, 339.69it/s]
 12%|█▏        | 1075/8810 [00:02<00:18, 425.03it/s]
 13%|█▎        | 1124/8810 [00:02<00:17, 436.51it/s]
 13%|█▎        | 1182/8810 [00:02<00:16, 472.28it/s]
 14%|█▍        | 1240/8810 [00:02<00:15, 499.96it/s]
 15%|█▍        | 1294/8810 [00:02<00:15, 488.40it/s]
 15%|█▌        | 1346/8810 [00:02<00:17, 435.05it/s]
 16%|█▌        | 1402/8810 [00:03<00:15, 466.24it/s]
 17%|█▋        | 1457/8810 [00:03<00:20, 356.11it/s]
 17%|█▋        | 1499/8810 [00:03<00:21, 345.83it/s]
 18%|█▊        | 1547/8810 [00:03<00:19, 370.92it/s]
 18%|█▊        | 1588/8810 [00:03<00:19, 366.48it/s]
 19%|█▊        | 1644/8810 [00:03<00:17, 414.18it/s]
 19%|█▉        | 1688/8810 [00:03<00:17, 413.99it/s]
 20%|█▉        | 1732/8810 [00:03<00:17, 407.83it/s]
 20%|██        | 1792/8810 [00:04<00:15, 457.57it/s]
 21%|██        | 1840/8810 [00:04<00:24, 290.09it/s]
 21%|██▏       | 1878/8810 [00:04<00:23, 296.81it/s]
 22%|██▏       | 1925/8810 [00:04<00:20, 331.20it/s]
 23%|██▎       | 1989/8810 [00:04<00:17, 398.71it/s]
 23%|██▎       | 2051/8810 [00:04<00:14, 453.34it/s]
 24%|██▍       | 2102/8810 [00:04<00:14, 466.83it/s]
 25%|██▍       | 2167/8810 [00:04<00:12, 516.28it/s]
 25%|██▌       | 2222/8810 [00:05<00:14, 441.67it/s]
 26%|██▌       | 2271/8810 [00:05<00:18, 348.91it/s]
 26%|██▋       | 2333/8810 [00:05<00:16, 401.92it/s]
 27%|██▋       | 2379/8810 [00:05<00:15, 414.18it/s]
 28%|██▊       | 2452/8810 [00:05<00:12, 491.80it/s]
 28%|██▊       | 2506/8810 [00:05<00:13, 483.94it/s]
 29%|██▉       | 2562/8810 [00:05<00:12, 502.26it/s]
 30%|██▉       | 2620/8810 [00:06<00:11, 520.49it/s]
 30%|███       | 2674/8810 [00:06<00:12, 484.16it/s]
 31%|███       | 2731/8810 [00:06<00:12, 504.20it/s]
 32%|███▏      | 2783/8810 [00:06<00:15, 378.21it/s]
 32%|███▏      | 2834/8810 [00:06<00:14, 404.75it/s]
 33%|███▎      | 2893/8810 [00:06<00:13, 447.18it/s]
 33%|███▎      | 2942/8810 [00:06<00:14, 411.22it/s]
 34%|███▍      | 2987/8810 [00:06<00:13, 417.84it/s]
 35%|███▍      | 3057/8810 [00:07<00:12, 463.94it/s]
 36%|███▌      | 3173/8810 [00:07<00:08, 643.27it/s]
 37%|███▋      | 3258/8810 [00:07<00:07, 694.93it/s]
 38%|███▊      | 3377/8810 [00:07<00:06, 831.86it/s]
 39%|███▉      | 3464/8810 [00:07<00:09, 570.25it/s]
 40%|████      | 3535/8810 [00:07<00:09, 535.12it/s]
 41%|████      | 3598/8810 [00:07<00:09, 522.33it/s]
 42%|████▏     | 3657/8810 [00:08<00:11, 462.67it/s]
 42%|████▏     | 3726/8810 [00:08<00:09, 509.68it/s]
 43%|████▎     | 3783/8810 [00:08<00:13, 370.37it/s]
 43%|████▎     | 3832/8810 [00:08<00:12, 391.03it/s]
 44%|████▍     | 3879/8810 [00:08<00:12, 398.75it/s]
 45%|████▍     | 3925/8810 [00:08<00:11, 412.83it/s]
 45%|████▌     | 3986/8810 [00:08<00:10, 460.98it/s]
 46%|████▌     | 4048/8810 [00:08<00:09, 493.47it/s]
 47%|████▋     | 4101/8810 [00:09<00:09, 480.97it/s]
 47%|████▋     | 4152/8810 [00:09<00:09, 483.25it/s]
 48%|████▊     | 4202/8810 [00:09<00:15, 305.36it/s]
 48%|████▊     | 4242/8810 [00:09<00:14, 320.22it/s]
 49%|████▊     | 4282/8810 [00:09<00:13, 337.15it/s]
 49%|████▉     | 4322/8810 [00:09<00:13, 344.93it/s]
 50%|████▉     | 4364/8810 [00:09<00:12, 357.06it/s]
 50%|█████     | 4412/8810 [00:10<00:11, 384.20it/s]
 51%|█████     | 4467/8810 [00:10<00:10, 424.86it/s]
 51%|█████     | 4512/8810 [00:10<00:10, 420.82it/s]
 52%|█████▏    | 4556/8810 [00:10<00:11, 377.54it/s]
 52%|█████▏    | 4596/8810 [00:10<00:11, 370.34it/s]
 53%|█████▎    | 4635/8810 [00:10<00:15, 272.15it/s]
 53%|█████▎    | 4678/8810 [00:10<00:13, 303.43it/s]
 53%|█████▎    | 4713/8810 [00:10<00:13, 300.30it/s]
 54%|█████▍    | 4746/8810 [00:11<00:13, 302.07it/s]
 54%|█████▍    | 4800/8810 [00:11<00:11, 358.41it/s]
 55%|█████▍    | 4840/8810 [00:11<00:10, 366.25it/s]
 55%|█████▌    | 4879/8810 [00:11<00:11, 355.46it/s]
 56%|█████▌    | 4916/8810 [00:11<00:10, 358.85it/s]
 56%|█████▌    | 4953/8810 [00:11<00:16, 240.08it/s]
 57%|█████▋    | 5007/8810 [00:11<00:13, 290.69it/s]
 57%|█████▋    | 5042/8810 [00:12<00:12, 292.81it/s]
 58%|█████▊    | 5079/8810 [00:12<00:12, 303.39it/s]
 58%|█████▊    | 5125/8810 [00:12<00:10, 338.19it/s]
 59%|█████▊    | 5174/8810 [00:12<00:09, 370.60it/s]
 59%|█████▉    | 5219/8810 [00:12<00:09, 386.04it/s]
 60%|█████▉    | 5260/8810 [00:12<00:09, 385.58it/s]
 60%|██████    | 5300/8810 [00:12<00:09, 371.66it/s]
 61%|██████    | 5345/8810 [00:12<00:08, 392.16it/s]
 61%|██████    | 5385/8810 [00:13<00:13, 253.01it/s]
 62%|██████▏   | 5419/8810 [00:13<00:12, 269.76it/s]
 62%|██████▏   | 5466/8810 [00:13<00:10, 308.84it/s]
 62%|██████▏   | 5503/8810 [00:13<00:10, 322.60it/s]
 63%|██████▎   | 5541/8810 [00:13<00:09, 336.40it/s]
 63%|██████▎   | 5582/8810 [00:13<00:09, 350.78it/s]
 64%|██████▍   | 5626/8810 [00:13<00:08, 367.08it/s]
 65%|██████▍   | 5684/8810 [00:13<00:07, 421.03it/s]
 65%|██████▌   | 5728/8810 [00:13<00:07, 416.76it/s]
 66%|██████▌   | 5771/8810 [00:14<00:09, 312.30it/s]
 66%|██████▌   | 5822/8810 [00:14<00:08, 356.17it/s]
 67%|██████▋   | 5862/8810 [00:14<00:09, 324.64it/s]
 67%|██████▋   | 5898/8810 [00:14<00:08, 324.82it/s]
 67%|██████▋   | 5933/8810 [00:14<00:09, 318.88it/s]
 68%|██████▊   | 5978/8810 [00:14<00:08, 351.88it/s]
 68%|██████▊   | 6016/8810 [00:14<00:07, 357.34it/s]
 69%|██████▊   | 6053/8810 [00:14<00:08, 307.31it/s]
 69%|██████▉   | 6101/8810 [00:15<00:07, 348.23it/s]
 70%|██████▉   | 6142/8810 [00:15<00:07, 358.16it/s]
 70%|███████   | 6201/8810 [00:15<00:06, 410.62it/s]
 71%|███████   | 6260/8810 [00:15<00:05, 459.00it/s]
 72%|███████▏  | 6308/8810 [00:15<00:05, 459.90it/s]
 72%|███████▏  | 6358/8810 [00:15<00:05, 470.72it/s]
 73%|███████▎  | 6406/8810 [00:15<00:07, 335.94it/s]
 73%|███████▎  | 6458/8810 [00:15<00:06, 369.71it/s]
 74%|███████▍  | 6500/8810 [00:16<00:06, 351.21it/s]
 75%|███████▍  | 6567/8810 [00:16<00:05, 420.96it/s]
 75%|███████▌  | 6624/8810 [00:16<00:04, 457.46it/s]
 76%|███████▌  | 6674/8810 [00:16<00:04, 446.29it/s]
 77%|███████▋  | 6750/8810 [00:16<00:03, 524.76it/s]
 77%|███████▋  | 6805/8810 [00:16<00:03, 524.75it/s]
 78%|███████▊  | 6871/8810 [00:16<00:03, 555.25it/s]
 79%|███████▊  | 6928/8810 [00:16<00:03, 558.03it/s]
 79%|███████▉  | 6985/8810 [00:17<00:05, 346.77it/s]
 80%|███████▉  | 7031/8810 [00:17<00:05, 333.57it/s]
 80%|████████  | 7073/8810 [00:17<00:04, 350.26it/s]
 81%|████████  | 7114/8810 [00:17<00:04, 339.67it/s]
 81%|████████  | 7152/8810 [00:17<00:05, 321.07it/s]
 82%|████████▏ | 7187/8810 [00:17<00:06, 268.97it/s]
 82%|████████▏ | 7221/8810 [00:17<00:05, 283.93it/s]
 83%|████████▎ | 7274/8810 [00:18<00:04, 336.91it/s]
 83%|████████▎ | 7314/8810 [00:18<00:04, 347.18it/s]
 84%|████████▎ | 7358/8810 [00:18<00:03, 370.26it/s]
 84%|████████▍ | 7397/8810 [00:18<00:05, 257.36it/s]
 84%|████████▍ | 7434/8810 [00:18<00:05, 274.56it/s]
 85%|████████▍ | 7467/8810 [00:18<00:05, 268.58it/s]
 85%|████████▌ | 7500/8810 [00:18<00:04, 278.27it/s]
 86%|████████▌ | 7534/8810 [00:19<00:04, 289.40it/s]
 86%|████████▌ | 7585/8810 [00:19<00:03, 345.74it/s]
 87%|████████▋ | 7648/8810 [00:19<00:02, 421.07it/s]
 87%|████████▋ | 7693/8810 [00:19<00:02, 428.69it/s]
 88%|████████▊ | 7738/8810 [00:19<00:03, 314.05it/s]
 88%|████████▊ | 7775/8810 [00:19<00:03, 291.68it/s]
 89%|████████▊ | 7812/8810 [00:19<00:03, 308.98it/s]
 89%|████████▉ | 7847/8810 [00:19<00:03, 315.16it/s]
 90%|████████▉ | 7885/8810 [00:20<00:02, 328.86it/s]
 90%|█████████ | 7941/8810 [00:20<00:02, 385.71it/s]
 91%|█████████ | 7982/8810 [00:20<00:02, 339.05it/s]
 91%|█████████ | 8019/8810 [00:20<00:02, 331.62it/s]
 91%|█████████▏| 8054/8810 [00:20<00:03, 208.55it/s]
 92%|█████████▏| 8087/8810 [00:20<00:03, 223.99it/s]
 92%|█████████▏| 8117/8810 [00:20<00:02, 239.15it/s]
 92%|█████████▏| 8146/8810 [00:21<00:02, 244.15it/s]
 93%|█████████▎| 8181/8810 [00:21<00:02, 265.52it/s]
 93%|█████████▎| 8211/8810 [00:21<00:02, 237.98it/s]
 94%|█████████▎| 8238/8810 [00:21<00:02, 242.96it/s]
 94%|█████████▍| 8303/8810 [00:21<00:01, 342.34it/s]
 95%|█████████▍| 8361/8810 [00:21<00:01, 360.87it/s]
 96%|█████████▌| 8415/8810 [00:21<00:00, 399.39it/s]
 96%|█████████▌| 8457/8810 [00:21<00:00, 370.44it/s]
 96%|█████████▋| 8496/8810 [00:22<00:00, 359.83it/s]
 97%|█████████▋| 8587/8810 [00:22<00:00, 501.70it/s]
 98%|█████████▊| 8655/8810 [00:22<00:00, 545.49it/s]
 99%|█████████▉| 8713/8810 [00:22<00:00, 498.90it/s]
100%|█████████▉| 8766/8810 [00:22<00:00, 467.97it/s]
100%|██████████| 8810/8810 [00:22<00:00, 389.52it/s]
