
  0%|          | 0/8810 [00:00<?, ?it/s]
  2%|▏         | 181/8810 [00:00<00:06, 1347.66it/s]
  5%|▍         | 417/8810 [00:00<00:04, 1868.06it/s]
  7%|▋         | 645/8810 [00:00<00:04, 2036.93it/s]
 10%|▉         | 854/8810 [00:00<00:04, 1708.65it/s]
 12%|█▏        | 1034/8810 [00:00<00:05, 1508.92it/s]
 14%|█▎        | 1193/8810 [00:00<00:05, 1520.10it/s]
 15%|█▌        | 1351/8810 [00:00<00:05, 1457.46it/s]
 17%|█▋        | 1501/8810 [00:01<00:05, 1280.86it/s]
 19%|█▊        | 1648/8810 [00:01<00:05, 1321.84it/s]
 21%|██        | 1821/8810 [00:01<00:05, 1312.48it/s]
 22%|██▏       | 1963/8810 [00:01<00:05, 1338.22it/s]
 24%|██▍       | 2157/8810 [00:01<00:04, 1498.59it/s]
 26%|██▌       | 2311/8810 [00:01<00:05, 1298.10it/s]
 28%|██▊       | 2507/8810 [00:01<00:04, 1461.12it/s]
 30%|███       | 2677/8810 [00:01<00:04, 1521.96it/s]
 32%|███▏      | 2836/8810 [00:01<00:04, 1311.86it/s]
 34%|███▍      | 2976/8810 [00:02<00:04, 1312.44it/s]
 35%|███▌      | 3114/8810 [00:02<00:04, 1224.89it/s]
 37%|███▋      | 3242/8810 [00:02<00:04, 1223.77it/s]
 39%|███▊      | 3399/8810 [00:02<00:04, 1312.10it/s]
 40%|████      | 3534/8810 [00:02<00:04, 1202.32it/s]
 42%|████▏     | 3708/8810 [00:02<00:03, 1342.18it/s]
 44%|████▎     | 3847/8810 [00:02<00:04, 1236.20it/s]
 46%|████▌     | 4028/8810 [00:02<00:03, 1380.13it/s]
 47%|████▋     | 4180/8810 [00:03<00:03, 1272.97it/s]
 49%|████▉     | 4350/8810 [00:03<00:03, 1382.10it/s]
 51%|█████▏    | 4522/8810 [00:03<00:02, 1471.06it/s]
 53%|█████▎    | 4674/8810 [00:03<00:03, 1302.17it/s]
 55%|█████▍    | 4811/8810 [00:03<00:03, 1284.37it/s]
 56%|█████▌    | 4944/8810 [00:03<00:03, 1179.32it/s]
 58%|█████▊    | 5108/8810 [00:03<00:02, 1293.63it/s]
 60%|█████▉    | 5278/8810 [00:03<00:02, 1401.71it/s]
 62%|██████▏   | 5423/8810 [00:03<00:02, 1237.27it/s]
 63%|██████▎   | 5575/8810 [00:04<00:02, 1308.94it/s]
 65%|██████▌   | 5754/8810 [00:04<00:02, 1329.09it/s]
 67%|██████▋   | 5891/8810 [00:04<00:02, 1330.77it/s]
 69%|██████▊   | 6036/8810 [00:04<00:02, 1237.05it/s]
 71%|███████   | 6223/8810 [00:04<00:01, 1397.20it/s]
 73%|███████▎  | 6400/8810 [00:04<00:01, 1364.48it/s]
 75%|███████▍  | 6581/8810 [00:04<00:01, 1477.58it/s]
 77%|███████▋  | 6777/8810 [00:04<00:01, 1605.39it/s]
 79%|███████▉  | 6944/8810 [00:04<00:01, 1621.82it/s]
 81%|████████  | 7110/8810 [00:05<00:01, 1404.03it/s]
 82%|████████▏ | 7258/8810 [00:05<00:01, 1422.45it/s]
 84%|████████▍ | 7406/8810 [00:05<00:00, 1427.59it/s]
 86%|████████▌ | 7553/8810 [00:05<00:00, 1351.49it/s]
 88%|████████▊ | 7715/8810 [00:05<00:00, 1334.58it/s]
 89%|████████▉ | 7852/8810 [00:05<00:00, 1338.58it/s]
 91%|█████████ | 8024/8810 [00:05<00:00, 1438.25it/s]
 93%|█████████▎| 8170/8810 [00:05<00:00, 1337.60it/s]
 94%|█████████▍| 8316/8810 [00:06<00:00, 1363.47it/s]
 96%|█████████▌| 8455/8810 [00:06<00:00, 1285.69it/s]
 98%|█████████▊| 8630/8810 [00:06<00:00, 1409.88it/s]
100%|█████████▉| 8774/8810 [00:06<00:00, 1331.56it/s]
100%|██████████| 8810/8810 [00:06<00:00, 1374.03it/s]
