
  0%|          | 0/8810 [00:00<?, ?it/s]
  2%|▏         | 181/8810 [00:00<00:06, 1422.01it/s]
  4%|▍         | 383/8810 [00:00<00:04, 1727.77it/s]
  7%|▋         | 595/8810 [00:00<00:04, 1889.79it/s]
  9%|▉         | 787/8810 [00:00<00:05, 1563.34it/s]
 11%|█         | 960/8810 [00:00<00:04, 1614.51it/s]
 13%|█▎        | 1128/8810 [00:00<00:04, 1558.18it/s]
 15%|█▍        | 1315/8810 [00:00<00:04, 1648.66it/s]
 17%|█▋        | 1484/8810 [00:00<00:04, 1490.85it/s]
 19%|█▉        | 1676/8810 [00:01<00:04, 1607.44it/s]
 21%|██        | 1842/8810 [00:01<00:04, 1536.98it/s]
 23%|██▎       | 2028/8810 [00:01<00:04, 1625.46it/s]
 25%|██▌       | 2229/8810 [00:01<00:03, 1733.27it/s]
 27%|██▋       | 2406/8810 [00:01<00:04, 1590.07it/s]
 30%|██▉       | 2642/8810 [00:01<00:03, 1796.23it/s]
 32%|███▏      | 2827/8810 [00:01<00:03, 1632.09it/s]
 34%|███▍      | 3009/8810 [00:01<00:03, 1681.04it/s]
 36%|███▌      | 3182/8810 [00:01<00:03, 1516.53it/s]
 38%|███▊      | 3373/8810 [00:02<00:03, 1615.71it/s]
 40%|████      | 3541/8810 [00:02<00:03, 1465.66it/s]
 42%|████▏     | 3728/8810 [00:02<00:03, 1567.15it/s]
 44%|████▍     | 3891/8810 [00:02<00:03, 1395.03it/s]
 46%|████▋     | 4084/8810 [00:02<00:03, 1528.45it/s]
 48%|████▊     | 4244/8810 [00:02<00:03, 1453.09it/s]
 50%|█████     | 4429/8810 [00:02<00:02, 1555.16it/s]
 52%|█████▏    | 4590/8810 [00:02<00:02, 1561.85it/s]
 54%|█████▍    | 4750/8810 [00:03<00:02, 1403.14it/s]
 56%|█████▌    | 4919/8810 [00:03<00:02, 1477.29it/s]
 58%|█████▊    | 5072/8810 [00:03<00:02, 1394.94it/s]
 60%|█████▉    | 5265/8810 [00:03<00:02, 1536.98it/s]
 62%|██████▏   | 5424/8810 [00:03<00:02, 1453.27it/s]
 64%|██████▍   | 5637/8810 [00:03<00:01, 1634.67it/s]
 66%|██████▌   | 5806/8810 [00:03<00:01, 1609.21it/s]
 68%|██████▊   | 5971/8810 [00:03<00:01, 1557.18it/s]
 70%|██████▉   | 6130/8810 [00:03<00:01, 1495.31it/s]
 72%|███████▏  | 6316/8810 [00:04<00:01, 1589.11it/s]
 74%|███████▎  | 6477/8810 [00:04<00:01, 1502.56it/s]
 76%|███████▋  | 6727/8810 [00:04<00:01, 1774.64it/s]
 79%|███████▉  | 6939/8810 [00:04<00:00, 1871.41it/s]
 81%|████████  | 7130/8810 [00:04<00:00, 1734.88it/s]
 83%|████████▎ | 7320/8810 [00:04<00:00, 1775.22it/s]
 85%|████████▌ | 7501/8810 [00:04<00:00, 1577.59it/s]
 87%|████████▋ | 7668/8810 [00:04<00:00, 1596.18it/s]
 89%|████████▉ | 7832/8810 [00:05<00:00, 1352.18it/s]
 91%|█████████ | 8001/8810 [00:05<00:00, 1429.22it/s]
 93%|█████████▎| 8152/8810 [00:05<00:00, 1311.94it/s]
 94%|█████████▍| 8314/8810 [00:05<00:00, 1388.05it/s]
 96%|█████████▌| 8459/8810 [00:05<00:00, 1310.68it/s]
 98%|█████████▊| 8630/8810 [00:05<00:00, 1413.16it/s]
100%|█████████▉| 8776/8810 [00:05<00:00, 1340.06it/s]
100%|██████████| 8810/8810 [00:05<00:00, 1539.66it/s]
