
  0%|          | 0/8810 [00:00<?, ?it/s]
  2%|▏         | 181/8810 [00:00<00:05, 1475.62it/s]
  5%|▍         | 434/8810 [00:00<00:04, 2029.43it/s]
  7%|▋         | 656/8810 [00:00<00:04, 1921.19it/s]
 10%|▉         | 852/8810 [00:00<00:04, 1900.29it/s]
 12%|█▏        | 1044/8810 [00:00<00:04, 1763.67it/s]
 14%|█▍        | 1250/8810 [00:00<00:04, 1851.10it/s]
 17%|█▋        | 1457/8810 [00:00<00:04, 1725.65it/s]
 19%|█▊        | 1648/8810 [00:00<00:04, 1774.55it/s]
 21%|██        | 1829/8810 [00:01<00:04, 1613.33it/s]
 23%|██▎       | 2004/8810 [00:01<00:04, 1648.41it/s]
 25%|██▍       | 2194/8810 [00:01<00:03, 1714.14it/s]
 27%|██▋       | 2369/8810 [00:01<00:04, 1580.06it/s]
 30%|██▉       | 2626/8810 [00:01<00:03, 1845.61it/s]
 32%|███▏      | 2817/8810 [00:01<00:03, 1710.20it/s]
 34%|███▍      | 3039/8810 [00:01<00:03, 1846.61it/s]
 37%|███▋      | 3230/8810 [00:01<00:03, 1669.19it/s]
 39%|███▊      | 3408/8810 [00:01<00:03, 1697.50it/s]
 41%|████      | 3583/8810 [00:02<00:03, 1649.43it/s]
 43%|████▎     | 3774/8810 [00:02<00:03, 1599.38it/s]
 46%|████▌     | 4028/8810 [00:02<00:02, 1844.54it/s]
 48%|████▊     | 4218/8810 [00:02<00:02, 1772.44it/s]
 51%|█████     | 4467/8810 [00:02<00:02, 1964.88it/s]
 53%|█████▎    | 4668/8810 [00:02<00:02, 1772.37it/s]
 55%|█████▌    | 4852/8810 [00:02<00:02, 1715.71it/s]
 57%|█████▋    | 5028/8810 [00:02<00:02, 1610.86it/s]
 59%|█████▉    | 5220/8810 [00:03<00:02, 1689.17it/s]
 61%|██████    | 5393/8810 [00:03<00:02, 1586.43it/s]
 63%|██████▎   | 5575/8810 [00:03<00:01, 1647.31it/s]
 65%|██████▌   | 5754/8810 [00:03<00:01, 1603.76it/s]
 67%|██████▋   | 5917/8810 [00:03<00:01, 1535.23it/s]
 69%|██████▉   | 6073/8810 [00:03<00:01, 1436.78it/s]
 71%|███████   | 6232/8810 [00:03<00:01, 1475.45it/s]
 73%|███████▎  | 6400/8810 [00:03<00:01, 1465.36it/s]
 75%|███████▌  | 6633/8810 [00:03<00:01, 1700.72it/s]
 78%|███████▊  | 6863/8810 [00:04<00:01, 1867.01it/s]
 80%|████████  | 7054/8810 [00:04<00:01, 1725.25it/s]
 82%|████████▏ | 7247/8810 [00:04<00:00, 1779.67it/s]
 84%|████████▍ | 7429/8810 [00:04<00:00, 1779.25it/s]
 86%|████████▋ | 7610/8810 [00:04<00:00, 1730.67it/s]
 88%|████████▊ | 7785/8810 [00:04<00:00, 1619.73it/s]
 90%|█████████ | 7967/8810 [00:04<00:00, 1674.09it/s]
 92%|█████████▏| 8137/8810 [00:04<00:00, 1445.84it/s]
 94%|█████████▍| 8320/8810 [00:04<00:00, 1543.67it/s]
 96%|█████████▋| 8481/8810 [00:05<00:00, 1477.07it/s]
 98%|█████████▊| 8653/8810 [00:05<00:00, 1539.00it/s]
100%|██████████| 8810/8810 [00:05<00:00, 1669.55it/s]
