
  0%|          | 0/8810 [00:00<?, ?it/s]
  2%|▏         | 181/8810 [00:00<00:05, 1617.44it/s]
  5%|▍         | 434/8810 [00:00<00:03, 2113.12it/s]
  7%|▋         | 656/8810 [00:00<00:04, 2030.09it/s]
 10%|▉         | 872/8810 [00:00<00:03, 2075.79it/s]
 12%|█▏        | 1081/8810 [00:00<00:03, 1977.70it/s]
 15%|█▌        | 1340/8810 [00:00<00:03, 2161.50it/s]
 18%|█▊        | 1558/8810 [00:00<00:03, 1943.56it/s]
 21%|██        | 1817/8810 [00:00<00:03, 2127.18it/s]
 23%|██▎       | 2035/8810 [00:01<00:03, 1947.88it/s]
 26%|██▌       | 2263/8810 [00:01<00:03, 1874.21it/s]
 28%|██▊       | 2506/8810 [00:01<00:03, 2016.04it/s]
 31%|███       | 2744/8810 [00:01<00:03, 1981.00it/s]
 33%|███▎      | 2946/8810 [00:01<00:03, 1921.51it/s]
 36%|███▌      | 3141/8810 [00:01<00:03, 1758.90it/s]
 38%|███▊      | 3321/8810 [00:01<00:03, 1767.08it/s]
 40%|███▉      | 3501/8810 [00:01<00:03, 1647.56it/s]
 42%|████▏     | 3730/8810 [00:01<00:02, 1815.34it/s]
 44%|████▍     | 3916/8810 [00:02<00:02, 1695.31it/s]
 47%|████▋     | 4180/8810 [00:02<00:02, 1785.07it/s]
 50%|█████     | 4419/8810 [00:02<00:02, 1940.99it/s]
 52%|█████▏    | 4625/8810 [00:02<00:02, 1796.49it/s]
 55%|█████▍    | 4810/8810 [00:02<00:02, 1807.57it/s]
 57%|█████▋    | 4994/8810 [00:02<00:02, 1655.20it/s]
 59%|█████▉    | 5193/8810 [00:02<00:02, 1741.63it/s]
 61%|██████    | 5372/8810 [00:02<00:02, 1693.80it/s]
 63%|██████▎   | 5579/8810 [00:03<00:01, 1794.96it/s]
 65%|██████▌   | 5762/8810 [00:03<00:01, 1760.98it/s]
 67%|██████▋   | 5941/8810 [00:03<00:01, 1700.65it/s]
 69%|██████▉   | 6113/8810 [00:03<00:01, 1624.03it/s]
 72%|███████▏  | 6332/8810 [00:03<00:01, 1774.06it/s]
 74%|███████▍  | 6512/8810 [00:03<00:01, 1676.01it/s]
 77%|███████▋  | 6771/8810 [00:03<00:01, 1926.24it/s]
 79%|███████▉  | 6972/8810 [00:03<00:00, 1844.72it/s]
 81%|████████▏ | 7160/8810 [00:03<00:00, 1844.74it/s]
 84%|████████▎ | 7360/8810 [00:04<00:00, 1722.43it/s]
 86%|████████▌ | 7536/8810 [00:04<00:00, 1677.15it/s]
 88%|████████▊ | 7715/8810 [00:04<00:00, 1642.35it/s]
 90%|████████▉ | 7910/8810 [00:04<00:00, 1722.17it/s]
 92%|█████████▏| 8085/8810 [00:04<00:00, 1474.85it/s]
 94%|█████████▎| 8240/8810 [00:04<00:00, 1480.58it/s]
 95%|█████████▌| 8393/8810 [00:04<00:00, 1345.75it/s]
 98%|█████████▊| 8598/8810 [00:04<00:00, 1520.10it/s]
 99%|█████████▉| 8757/8810 [00:04<00:00, 1470.57it/s]
100%|██████████| 8810/8810 [00:05<00:00, 1759.81it/s]
