
  0%|          | 0/8810 [00:00<?, ?it/s]
  2%|▏         | 181/8810 [00:00<00:05, 1459.17it/s]
  5%|▍         | 423/8810 [00:00<00:04, 1962.59it/s]
  7%|▋         | 649/8810 [00:00<00:03, 2088.90it/s]
 10%|▉         | 862/8810 [00:00<00:04, 1762.55it/s]
 12%|█▏        | 1047/8810 [00:00<00:04, 1645.81it/s]
 14%|█▍        | 1267/8810 [00:00<00:04, 1807.12it/s]
 17%|█▋        | 1457/8810 [00:00<00:04, 1663.17it/s]
 19%|█▉        | 1661/8810 [00:00<00:04, 1764.50it/s]
 21%|██        | 1843/8810 [00:01<00:04, 1587.86it/s]
 23%|██▎       | 2062/8810 [00:01<00:03, 1741.86it/s]
 26%|██▌       | 2259/8810 [00:01<00:03, 1802.09it/s]
 28%|██▊       | 2445/8810 [00:01<00:03, 1711.56it/s]
 30%|███       | 2680/8810 [00:01<00:03, 1886.30it/s]
 33%|███▎      | 2874/8810 [00:01<00:03, 1795.05it/s]
 35%|███▍      | 3058/8810 [00:01<00:03, 1646.34it/s]
 37%|███▋      | 3227/8810 [00:01<00:03, 1650.12it/s]
 39%|███▊      | 3408/8810 [00:01<00:03, 1687.29it/s]
 41%|████      | 3580/8810 [00:02<00:03, 1645.09it/s]
 43%|████▎     | 3774/8810 [00:02<00:03, 1556.93it/s]
 45%|████▌     | 3990/8810 [00:02<00:02, 1713.62it/s]
 47%|████▋     | 4180/8810 [00:02<00:02, 1744.98it/s]
 50%|█████     | 4405/8810 [00:02<00:02, 1882.85it/s]
 52%|█████▏    | 4597/8810 [00:02<00:02, 1890.96it/s]
 54%|█████▍    | 4789/8810 [00:02<00:02, 1657.98it/s]
 56%|█████▋    | 4962/8810 [00:02<00:02, 1351.31it/s]
 58%|█████▊    | 5122/8810 [00:03<00:02, 1403.79it/s]
 60%|██████    | 5298/8810 [00:03<00:02, 1492.44it/s]
 62%|██████▏   | 5457/8810 [00:03<00:02, 1360.42it/s]
 64%|██████▍   | 5629/8810 [00:03<00:02, 1449.21it/s]
 66%|██████▌   | 5782/8810 [00:03<00:02, 1258.92it/s]
 67%|██████▋   | 5917/8810 [00:03<00:02, 1186.08it/s]
 69%|██████▊   | 6042/8810 [00:03<00:02, 1086.21it/s]
 70%|███████   | 6183/8810 [00:03<00:02, 1163.36it/s]
 72%|███████▏  | 6344/8810 [00:04<00:01, 1273.89it/s]
 74%|███████▎  | 6477/8810 [00:04<00:02, 1141.78it/s]
 76%|███████▌  | 6670/8810 [00:04<00:01, 1340.55it/s]
 78%|███████▊  | 6887/8810 [00:04<00:01, 1553.62it/s]
 80%|████████  | 7051/8810 [00:04<00:01, 1465.56it/s]
 82%|████████▏ | 7212/8810 [00:04<00:01, 1501.45it/s]
 84%|████████▎ | 7367/8810 [00:04<00:01, 1427.98it/s]
 85%|████████▌ | 7515/8810 [00:04<00:00, 1438.90it/s]
 87%|████████▋ | 7693/8810 [00:04<00:00, 1533.32it/s]
 89%|████████▉ | 7849/8810 [00:05<00:00, 1352.42it/s]
 91%|█████████ | 8024/8810 [00:05<00:00, 1454.78it/s]
 93%|█████████▎| 8175/8810 [00:05<00:00, 1331.61it/s]
 95%|█████████▍| 8343/8810 [00:05<00:00, 1421.48it/s]
 96%|█████████▋| 8491/8810 [00:05<00:00, 1330.34it/s]
 98%|█████████▊| 8655/8810 [00:05<00:00, 1410.04it/s]
100%|█████████▉| 8800/8810 [00:05<00:00, 1361.21it/s]
100%|██████████| 8810/8810 [00:05<00:00, 1520.61it/s]
