
  0%|          | 0/8810 [00:00<?, ?it/s]
  2%|▏         | 142/8810 [00:00<00:06, 1405.26it/s]
  3%|▎         | 283/8810 [00:00<00:07, 1122.41it/s]
  5%|▍         | 433/8810 [00:00<00:06, 1270.49it/s]
  7%|▋         | 611/8810 [00:00<00:05, 1445.91it/s]
  9%|▊         | 760/8810 [00:00<00:06, 1218.27it/s]
 10%|█         | 894/8810 [00:00<00:06, 1251.61it/s]
 12%|█▏        | 1025/8810 [00:00<00:06, 1198.22it/s]
 13%|█▎        | 1170/8810 [00:00<00:06, 1262.25it/s]
 15%|█▌        | 1329/8810 [00:01<00:05, 1354.82it/s]
 17%|█▋        | 1468/8810 [00:01<00:05, 1256.19it/s]
 18%|█▊        | 1597/8810 [00:01<00:05, 1263.58it/s]
 20%|██        | 1781/8810 [00:01<00:04, 1425.48it/s]
 22%|██▏       | 1927/8810 [00:01<00:05, 1217.80it/s]
 24%|██▍       | 2117/8810 [00:01<00:04, 1391.93it/s]
 26%|██▌       | 2264/8810 [00:01<00:05, 1253.72it/s]
 27%|██▋       | 2416/8810 [00:01<00:04, 1310.52it/s]
 30%|██▉       | 2612/8810 [00:01<00:04, 1482.00it/s]
 31%|███▏      | 2767/8810 [00:02<00:04, 1331.97it/s]
 33%|███▎      | 2908/8810 [00:02<00:04, 1344.51it/s]
 35%|███▍      | 3057/8810 [00:02<00:04, 1254.00it/s]
 36%|███▋      | 3207/8810 [00:02<00:04, 1316.82it/s]
 38%|███▊      | 3383/8810 [00:02<00:03, 1434.45it/s]
 40%|████      | 3531/8810 [00:02<00:03, 1322.32it/s]
 42%|████▏     | 3718/8810 [00:02<00:03, 1467.48it/s]
 44%|████▍     | 3870/8810 [00:02<00:03, 1354.15it/s]
 46%|████▌     | 4063/8810 [00:03<00:03, 1504.69it/s]
 48%|████▊     | 4219/8810 [00:03<00:03, 1359.32it/s]
 50%|████▉     | 4400/8810 [00:03<00:02, 1474.34it/s]
 52%|█████▏    | 4559/8810 [00:03<00:02, 1504.70it/s]
 54%|█████▎    | 4714/8810 [00:03<00:03, 1314.91it/s]
 55%|█████▌    | 4858/8810 [00:03<00:02, 1344.61it/s]
 57%|█████▋    | 4998/8810 [00:03<00:03, 1230.51it/s]
 58%|█████▊    | 5127/8810 [00:03<00:02, 1239.38it/s]
 60%|██████    | 5291/8810 [00:03<00:02, 1345.99it/s]
 62%|██████▏   | 5430/8810 [00:04<00:02, 1218.85it/s]
 63%|██████▎   | 5585/8810 [00:04<00:02, 1304.85it/s]
 65%|██████▌   | 5746/8810 [00:04<00:02, 1382.60it/s]
 67%|██████▋   | 5889/8810 [00:04<00:02, 1234.99it/s]
 68%|██████▊   | 6018/8810 [00:04<00:02, 1184.90it/s]
 70%|██████▉   | 6141/8810 [00:04<00:02, 1158.92it/s]
 71%|███████▏  | 6297/8810 [00:04<00:01, 1262.88it/s]
 73%|███████▎  | 6427/8810 [00:04<00:02, 1122.92it/s]
 75%|███████▍  | 6567/8810 [00:05<00:01, 1192.37it/s]
 77%|███████▋  | 6751/8810 [00:05<00:01, 1365.05it/s]
 79%|███████▊  | 6936/8810 [00:05<00:01, 1497.77it/s]
 80%|████████  | 7091/8810 [00:05<00:01, 1360.40it/s]
 82%|████████▏ | 7235/8810 [00:05<00:01, 1380.92it/s]
 84%|████████▎ | 7378/8810 [00:05<00:01, 1292.19it/s]
 85%|████████▌ | 7511/8810 [00:05<00:01, 1265.35it/s]
 87%|████████▋ | 7669/8810 [00:05<00:00, 1347.37it/s]
 89%|████████▊ | 7807/8810 [00:05<00:00, 1188.44it/s]
 90%|█████████ | 7931/8810 [00:06<00:00, 1200.67it/s]
 91%|█████████▏| 8055/8810 [00:06<00:00, 1004.24it/s]
 93%|█████████▎| 8163/8810 [00:06<00:00, 982.51it/s] 
 94%|█████████▍| 8271/8810 [00:06<00:00, 1005.55it/s]
 95%|█████████▌| 8376/8810 [00:06<00:00, 953.88it/s] 
 97%|█████████▋| 8517/8810 [00:06<00:00, 1071.45it/s]
 98%|█████████▊| 8671/8810 [00:06<00:00, 1197.69it/s]
100%|█████████▉| 8795/8810 [00:06<00:00, 1153.34it/s]
100%|██████████| 8810/8810 [00:06<00:00, 1272.97it/s]
