
  0%|          | 0/8810 [00:00<?, ?it/s]
  2%|▏         | 181/8810 [00:00<00:04, 1755.55it/s]
  5%|▌         | 444/8810 [00:00<00:03, 2261.07it/s]
  8%|▊         | 671/8810 [00:00<00:03, 2151.69it/s]
 10%|█         | 888/8810 [00:00<00:03, 2153.67it/s]
 13%|█▎        | 1104/8810 [00:00<00:03, 2045.19it/s]
 15%|█▌        | 1339/8810 [00:00<00:03, 2130.29it/s]
 18%|█▊        | 1554/8810 [00:00<00:03, 1896.69it/s]
 21%|██        | 1814/8810 [00:00<00:03, 2095.00it/s]
 23%|██▎       | 2029/8810 [00:01<00:03, 1927.53it/s]
 26%|██▌       | 2263/8810 [00:01<00:03, 1902.45it/s]
 29%|██▊       | 2513/8810 [00:01<00:03, 2058.56it/s]
 31%|███       | 2744/8810 [00:01<00:03, 1994.10it/s]
 33%|███▎      | 2948/8810 [00:01<00:02, 1997.41it/s]
 36%|███▌      | 3151/8810 [00:01<00:03, 1877.51it/s]
 38%|███▊      | 3342/8810 [00:01<00:03, 1786.66it/s]
 40%|███▉      | 3523/8810 [00:01<00:03, 1629.98it/s]
 42%|████▏     | 3724/8810 [00:01<00:02, 1723.76it/s]
 44%|████▍     | 3900/8810 [00:02<00:03, 1599.80it/s]
 47%|████▋     | 4145/8810 [00:02<00:02, 1819.38it/s]
 49%|████▉     | 4333/8810 [00:02<00:02, 1701.04it/s]
 52%|█████▏    | 4539/8810 [00:02<00:02, 1792.07it/s]
 54%|█████▎    | 4723/8810 [00:02<00:02, 1556.34it/s]
 55%|█████▌    | 4887/8810 [00:02<00:02, 1560.19it/s]
 57%|█████▋    | 5049/8810 [00:02<00:02, 1483.07it/s]
 60%|█████▉    | 5242/8810 [00:02<00:02, 1596.49it/s]
 61%|██████▏   | 5407/8810 [00:03<00:02, 1523.08it/s]
 64%|██████▎   | 5596/8810 [00:03<00:01, 1620.60it/s]
 65%|██████▌   | 5762/8810 [00:03<00:02, 1512.20it/s]
 67%|██████▋   | 5917/8810 [00:03<00:02, 1436.27it/s]
 69%|██████▉   | 6064/8810 [00:03<00:02, 1347.72it/s]
 70%|███████   | 6204/8810 [00:03<00:01, 1360.75it/s]
 72%|███████▏  | 6365/8810 [00:03<00:01, 1423.40it/s]
 74%|███████▍  | 6510/8810 [00:03<00:01, 1297.90it/s]
 76%|███████▋  | 6727/8810 [00:03<00:01, 1527.95it/s]
 78%|███████▊  | 6910/8810 [00:04<00:01, 1610.71it/s]
 80%|████████  | 7076/8810 [00:04<00:01, 1485.47it/s]
 82%|████████▏ | 7230/8810 [00:04<00:01, 1464.10it/s]
 84%|████████▍ | 7380/8810 [00:04<00:01, 1429.59it/s]
 85%|████████▌ | 7526/8810 [00:04<00:00, 1409.16it/s]
 88%|████████▊ | 7712/8810 [00:04<00:00, 1532.53it/s]
 89%|████████▉ | 7868/8810 [00:04<00:00, 1372.25it/s]
 91%|█████████ | 8028/8810 [00:04<00:00, 1427.38it/s]
 93%|█████████▎| 8175/8810 [00:04<00:00, 1277.64it/s]
 94%|█████████▍| 8324/8810 [00:05<00:00, 1331.33it/s]
 96%|█████████▌| 8462/8810 [00:05<00:00, 1268.96it/s]
 98%|█████████▊| 8643/8810 [00:05<00:00, 1410.80it/s]
100%|█████████▉| 8789/8810 [00:05<00:00, 1340.97it/s]
100%|██████████| 8810/8810 [00:05<00:00, 1619.77it/s]
