
  0%|          | 0/8810 [00:00<?, ?it/s]
  3%|▎         | 279/8810 [00:00<00:03, 2784.98it/s]
  7%|▋         | 590/8810 [00:00<00:02, 2969.73it/s]
 10%|█         | 887/8810 [00:00<00:03, 2583.89it/s]
 13%|█▎        | 1159/8810 [00:00<00:02, 2632.53it/s]
 16%|█▌        | 1426/8810 [00:00<00:02, 2558.20it/s]
 19%|█▉        | 1685/8810 [00:00<00:03, 2344.09it/s]
 22%|██▏       | 1924/8810 [00:00<00:03, 2266.62it/s]
 25%|██▌       | 2225/8810 [00:00<00:02, 2480.45it/s]
 28%|██▊       | 2477/8810 [00:01<00:02, 2291.71it/s]
 31%|███▏      | 2755/8810 [00:01<00:02, 2423.40it/s]
 35%|███▍      | 3057/8810 [00:01<00:02, 2443.17it/s]
 39%|███▊      | 3392/8810 [00:01<00:02, 2687.05it/s]
 42%|████▏     | 3666/8810 [00:01<00:02, 2495.47it/s]
 45%|████▍     | 3921/8810 [00:01<00:02, 2401.49it/s]
 48%|████▊     | 4224/8810 [00:01<00:01, 2571.23it/s]
 51%|█████▏    | 4518/8810 [00:01<00:01, 2673.97it/s]
 54%|█████▍    | 4790/8810 [00:01<00:01, 2525.95it/s]
 57%|█████▋    | 5047/8810 [00:02<00:01, 2395.56it/s]
 61%|██████    | 5372/8810 [00:02<00:01, 2481.00it/s]
 65%|██████▌   | 5746/8810 [00:02<00:01, 2816.78it/s]
 68%|██████▊   | 6034/8810 [00:02<00:01, 2618.05it/s]
 72%|███████▏  | 6302/8810 [00:02<00:00, 2611.00it/s]
 75%|███████▍  | 6568/8810 [00:02<00:00, 2526.68it/s]
 79%|███████▉  | 6972/8810 [00:02<00:00, 2753.07it/s]
 83%|████████▎ | 7298/8810 [00:02<00:00, 2888.29it/s]
 86%|████████▌ | 7589/8810 [00:02<00:00, 2731.69it/s]
 89%|████████▉ | 7865/8810 [00:03<00:00, 2624.83it/s]
 92%|█████████▏| 8130/8810 [00:03<00:00, 2499.25it/s]
 95%|█████████▌| 8382/8810 [00:03<00:00, 2448.82it/s]
 99%|█████████▉| 8702/8810 [00:03<00:00, 2500.28it/s]
100%|██████████| 8810/8810 [00:03<00:00, 2551.44it/s]
