
  0%|          | 0/8810 [00:00<?, ?it/s]
  4%|▎         | 316/8810 [00:00<00:02, 3149.98it/s]
  7%|▋         | 656/8810 [00:00<00:02, 3093.50it/s]
 11%|█         | 987/8810 [00:00<00:02, 3183.93it/s]
 15%|█▍        | 1306/8810 [00:00<00:02, 3116.42it/s]
 18%|█▊        | 1618/8810 [00:00<00:02, 2953.15it/s]
 22%|██▏       | 1915/8810 [00:00<00:02, 2860.62it/s]
 26%|██▌       | 2263/8810 [00:00<00:02, 2916.71it/s]
 30%|███       | 2659/8810 [00:00<00:01, 3220.62it/s]
 34%|███▍      | 2984/8810 [00:00<00:01, 3044.90it/s]
 37%|███▋      | 3292/8810 [00:01<00:02, 2730.42it/s]
 41%|████      | 3572/8810 [00:01<00:01, 2723.69it/s]
 44%|████▎     | 3849/8810 [00:01<00:01, 2718.77it/s]
 47%|████▋     | 4180/8810 [00:01<00:01, 2786.57it/s]
 51%|█████▏    | 4518/8810 [00:01<00:01, 2949.41it/s]
 55%|█████▍    | 4816/8810 [00:01<00:01, 2752.98it/s]
 58%|█████▊    | 5096/8810 [00:01<00:01, 2487.92it/s]
 61%|██████    | 5372/8810 [00:01<00:01, 2444.06it/s]
 65%|██████▍   | 5704/8810 [00:02<00:01, 2672.26it/s]
 68%|██████▊   | 5978/8810 [00:02<00:01, 2448.02it/s]
 71%|███████   | 6230/8810 [00:02<00:01, 2378.65it/s]
 73%|███████▎  | 6473/8810 [00:02<00:00, 2392.12it/s]
 77%|███████▋  | 6821/8810 [00:02<00:00, 2688.69it/s]
 81%|████████  | 7095/8810 [00:02<00:00, 2638.76it/s]
 84%|████████▎ | 7363/8810 [00:02<00:00, 2637.90it/s]
 87%|████████▋ | 7692/8810 [00:02<00:00, 2821.95it/s]
 91%|█████████ | 7977/8810 [00:02<00:00, 2622.34it/s]
 94%|█████████▎| 8244/8810 [00:03<00:00, 2503.82it/s]
 96%|█████████▋| 8498/8810 [00:03<00:00, 2500.68it/s]
 99%|█████████▉| 8751/8810 [00:03<00:00, 2475.11it/s]
100%|██████████| 8810/8810 [00:03<00:00, 2698.74it/s]
