
  0%|          | 0/8810 [00:00<?, ?it/s]
  3%|▎         | 230/8810 [00:00<00:03, 2294.92it/s]
  5%|▌         | 460/8810 [00:00<00:03, 2278.62it/s]
  8%|▊         | 742/8810 [00:00<00:03, 2524.43it/s]
 11%|█▏        | 996/8810 [00:00<00:03, 2439.76it/s]
 15%|█▍        | 1312/8810 [00:00<00:02, 2690.40it/s]
 18%|█▊        | 1582/8810 [00:00<00:02, 2501.70it/s]
 21%|██        | 1842/8810 [00:00<00:02, 2530.98it/s]
 24%|██▍       | 2148/8810 [00:00<00:02, 2692.03it/s]
 27%|██▋       | 2420/8810 [00:00<00:02, 2542.53it/s]
 31%|███       | 2744/8810 [00:01<00:02, 2503.34it/s]
 35%|███▍      | 3057/8810 [00:01<00:02, 2501.20it/s]
 38%|███▊      | 3374/8810 [00:01<00:02, 2679.10it/s]
 41%|████▏     | 3646/8810 [00:01<00:01, 2666.90it/s]
 44%|████▍     | 3916/8810 [00:01<00:01, 2562.17it/s]
 47%|████▋     | 4180/8810 [00:01<00:01, 2507.91it/s]
 51%|█████▏    | 4537/8810 [00:01<00:01, 2799.64it/s]
 55%|█████▍    | 4821/8810 [00:01<00:01, 2506.72it/s]
 58%|█████▊    | 5079/8810 [00:01<00:01, 2479.72it/s]
 61%|██████    | 5372/8810 [00:02<00:01, 2427.29it/s]
 65%|██████▍   | 5711/8810 [00:02<00:01, 2682.56it/s]
 68%|██████▊   | 5986/8810 [00:02<00:01, 2507.19it/s]
 71%|███████   | 6243/8810 [00:02<00:01, 2467.20it/s]
 74%|███████▎  | 6494/8810 [00:02<00:00, 2456.21it/s]
 78%|███████▊  | 6887/8810 [00:02<00:00, 2861.86it/s]
 81%|████████▏ | 7179/8810 [00:02<00:00, 2693.45it/s]
 85%|████████▍ | 7454/8810 [00:02<00:00, 2674.05it/s]
 88%|████████▊ | 7725/8810 [00:03<00:00, 2573.45it/s]
 91%|█████████ | 8006/8810 [00:03<00:00, 2634.21it/s]
 94%|█████████▍| 8272/8810 [00:03<00:00, 2496.70it/s]
 97%|█████████▋| 8525/8810 [00:03<00:00, 2420.97it/s]
100%|█████████▉| 8771/8810 [00:03<00:00, 2428.08it/s]
100%|██████████| 8810/8810 [00:03<00:00, 2553.97it/s]
