
  0%|          | 0/8810 [00:00<?, ?it/s]
  2%|▏         | 201/8810 [00:00<00:04, 1988.56it/s]
  6%|▋         | 563/8810 [00:00<00:02, 2942.83it/s]
 10%|▉         | 858/8810 [00:00<00:03, 2483.70it/s]
 13%|█▎        | 1114/8810 [00:00<00:03, 2203.99it/s]
 16%|█▌        | 1386/8810 [00:00<00:03, 2360.39it/s]
 19%|█▊        | 1630/8810 [00:00<00:03, 2330.90it/s]
 21%|██        | 1868/8810 [00:00<00:03, 2223.76it/s]
 25%|██▍       | 2195/8810 [00:00<00:02, 2524.50it/s]
 28%|██▊       | 2453/8810 [00:01<00:02, 2325.52it/s]
 31%|███       | 2744/8810 [00:01<00:02, 2368.15it/s]
 34%|███▍      | 2987/8810 [00:01<00:02, 2379.15it/s]
 37%|███▋      | 3228/8810 [00:01<00:02, 2109.35it/s]
 39%|███▉      | 3446/8810 [00:01<00:02, 2078.29it/s]
 42%|████▏     | 3724/8810 [00:01<00:02, 2262.02it/s]
 45%|████▍     | 3956/8810 [00:01<00:02, 2043.00it/s]
 47%|████▋     | 4180/8810 [00:01<00:02, 2046.44it/s]
 51%|█████     | 4472/8810 [00:01<00:01, 2277.12it/s]
 53%|█████▎    | 4706/8810 [00:02<00:02, 1845.04it/s]
 56%|█████▌    | 4908/8810 [00:02<00:02, 1886.53it/s]
 58%|█████▊    | 5110/8810 [00:02<00:02, 1729.34it/s]
 61%|██████    | 5366/8810 [00:02<00:01, 1933.18it/s]
 63%|██████▎   | 5571/8810 [00:02<00:01, 1921.15it/s]
 66%|██████▌   | 5771/8810 [00:02<00:01, 1784.14it/s]
 68%|██████▊   | 5957/8810 [00:02<00:01, 1671.17it/s]
 70%|██████▉   | 6130/8810 [00:02<00:01, 1678.57it/s]
 72%|███████▏  | 6376/8810 [00:03<00:01, 1883.02it/s]
 75%|███████▍  | 6570/8810 [00:03<00:01, 1620.42it/s]
 78%|███████▊  | 6893/8810 [00:03<00:00, 2024.66it/s]
 81%|████████  | 7110/8810 [00:03<00:00, 2017.16it/s]
 83%|████████▎ | 7349/8810 [00:03<00:00, 2117.50it/s]
 86%|████████▌ | 7569/8810 [00:03<00:00, 1974.60it/s]
 88%|████████▊ | 7774/8810 [00:03<00:00, 1894.56it/s]
 91%|█████████ | 7978/8810 [00:03<00:00, 1931.11it/s]
 93%|█████████▎| 8176/8810 [00:04<00:00, 1773.78it/s]
 95%|█████████▍| 8361/8810 [00:04<00:00, 1731.77it/s]
 97%|█████████▋| 8564/8810 [00:04<00:00, 1807.80it/s]
 99%|█████████▉| 8751/8810 [00:04<00:00, 1821.02it/s]
100%|██████████| 8810/8810 [00:04<00:00, 2018.58it/s]
