
  0%|          | 0/8810 [00:00<?, ?it/s]
  2%|▏         | 182/8810 [00:00<00:04, 1797.52it/s]
  5%|▌         | 445/8810 [00:00<00:03, 2284.40it/s]
  8%|▊         | 674/8810 [00:00<00:04, 1915.00it/s]
 10%|▉         | 872/8810 [00:00<00:04, 1849.49it/s]
 12%|█▏        | 1071/8810 [00:00<00:04, 1893.85it/s]
 15%|█▍        | 1297/8810 [00:00<00:03, 2006.40it/s]
 17%|█▋        | 1501/8810 [00:00<00:03, 1857.47it/s]
 21%|██        | 1821/8810 [00:00<00:03, 2070.08it/s]
 25%|██▍       | 2168/8810 [00:01<00:02, 2454.23it/s]
 27%|██▋       | 2419/8810 [00:01<00:02, 2218.25it/s]
 31%|███       | 2744/8810 [00:01<00:02, 2239.49it/s]
 34%|███▍      | 2990/8810 [00:01<00:02, 2293.66it/s]
 37%|███▋      | 3224/8810 [00:01<00:02, 2251.98it/s]
 39%|███▉      | 3456/8810 [00:01<00:02, 2267.99it/s]
 43%|████▎     | 3774/8810 [00:01<00:02, 2353.39it/s]
 47%|████▋     | 4097/8810 [00:01<00:01, 2587.67it/s]
 49%|████▉     | 4359/8810 [00:01<00:01, 2528.52it/s]
 52%|█████▏    | 4625/8810 [00:02<00:01, 2399.85it/s]
 56%|█████▌    | 4892/8810 [00:02<00:01, 2466.73it/s]
 58%|█████▊    | 5142/8810 [00:02<00:01, 2127.11it/s]
 61%|██████    | 5372/8810 [00:02<00:01, 2019.31it/s]
 63%|██████▎   | 5581/8810 [00:02<00:01, 1996.71it/s]
 66%|██████▌   | 5785/8810 [00:02<00:01, 1921.94it/s]
 68%|██████▊   | 5980/8810 [00:02<00:01, 1841.68it/s]
 71%|███████   | 6223/8810 [00:02<00:01, 1994.38it/s]
 73%|███████▎  | 6426/8810 [00:03<00:01, 1913.51it/s]
 75%|███████▌  | 6635/8810 [00:03<00:01, 1959.03it/s]
 79%|███████▉  | 6967/8810 [00:03<00:00, 2337.85it/s]
 82%|████████▏ | 7206/8810 [00:03<00:00, 2224.97it/s]
 85%|████████▍ | 7447/8810 [00:03<00:00, 2272.82it/s]
 87%|████████▋ | 7700/8810 [00:03<00:00, 2339.57it/s]
 90%|█████████ | 7937/8810 [00:03<00:00, 2112.14it/s]
 93%|█████████▎| 8154/8810 [00:03<00:00, 1913.25it/s]
 95%|█████████▍| 8361/8810 [00:03<00:00, 1891.59it/s]
 98%|█████████▊| 8634/8810 [00:04<00:00, 2111.12it/s]
100%|██████████| 8810/8810 [00:04<00:00, 2124.38it/s]
