
  0%|          | 0/8810 [00:00<?, ?it/s]
  4%|▎         | 321/8810 [00:00<00:02, 3196.13it/s]
  7%|▋         | 656/8810 [00:00<00:02, 3080.55it/s]
 11%|█▏        | 996/8810 [00:00<00:02, 2980.08it/s]
 16%|█▌        | 1368/8810 [00:00<00:02, 3248.62it/s]
 19%|█▉        | 1696/8810 [00:00<00:02, 3183.01it/s]
 23%|██▎       | 2016/8810 [00:00<00:02, 2972.31it/s]
 26%|██▋       | 2316/8810 [00:00<00:02, 2945.22it/s]
 31%|███       | 2744/8810 [00:00<00:01, 3182.95it/s]
 35%|███▍      | 3063/8810 [00:00<00:01, 3037.88it/s]
 39%|███▊      | 3399/8810 [00:01<00:01, 3127.34it/s]
 42%|████▏     | 3722/8810 [00:01<00:01, 3153.60it/s]
 46%|████▌     | 4054/8810 [00:01<00:01, 3198.74it/s]
 50%|████▉     | 4378/8810 [00:01<00:01, 3210.64it/s]
 53%|█████▎    | 4700/8810 [00:01<00:01, 3063.34it/s]
 57%|█████▋    | 5008/8810 [00:01<00:01, 2770.46it/s]
 61%|██████    | 5335/8810 [00:01<00:01, 2905.23it/s]
 64%|██████▍   | 5673/8810 [00:01<00:01, 3032.32it/s]
 68%|██████▊   | 5982/8810 [00:01<00:00, 2926.33it/s]
 71%|███████▏  | 6295/8810 [00:02<00:00, 2977.67it/s]
 75%|███████▍  | 6596/8810 [00:02<00:00, 2950.56it/s]
 79%|███████▉  | 6972/8810 [00:02<00:00, 3177.62it/s]
 83%|████████▎ | 7342/8810 [00:02<00:00, 3327.76it/s]
 87%|████████▋ | 7677/8810 [00:02<00:00, 3202.48it/s]
 91%|█████████ | 8000/8810 [00:02<00:00, 3031.62it/s]
 94%|█████████▍| 8307/8810 [00:02<00:00, 2907.80it/s]
 98%|█████████▊| 8601/8810 [00:02<00:00, 2913.96it/s]
100%|██████████| 8810/8810 [00:02<00:00, 3034.26it/s]
