
  0%|          | 0/8810 [00:00<?, ?it/s]
  4%|▍         | 331/8810 [00:00<00:02, 3307.85it/s]
  8%|▊         | 662/8810 [00:00<00:02, 3063.13it/s]
 11%|█▏        | 996/8810 [00:00<00:02, 3011.63it/s]
 16%|█▌        | 1386/8810 [00:00<00:02, 3339.53it/s]
 20%|█▉        | 1723/8810 [00:00<00:02, 3183.74it/s]
 23%|██▎       | 2044/8810 [00:00<00:02, 3140.61it/s]
 27%|██▋       | 2360/8810 [00:00<00:02, 3045.23it/s]
 31%|███       | 2744/8810 [00:00<00:01, 3212.38it/s]
 35%|███▍      | 3067/8810 [00:00<00:01, 3069.50it/s]
 38%|███▊      | 3386/8810 [00:01<00:01, 3101.63it/s]
 42%|████▏     | 3698/8810 [00:01<00:01, 3091.78it/s]
 45%|████▌     | 4008/8810 [00:01<00:01, 3059.35it/s]
 49%|████▉     | 4349/8810 [00:01<00:01, 3159.56it/s]
 53%|█████▎    | 4666/8810 [00:01<00:01, 2915.01it/s]
 56%|█████▋    | 4962/8810 [00:01<00:01, 2722.65it/s]
 61%|██████    | 5345/8810 [00:01<00:01, 3021.66it/s]
 64%|██████▍   | 5668/8810 [00:01<00:01, 3078.28it/s]
 68%|██████▊   | 5981/8810 [00:01<00:00, 2979.68it/s]
 71%|███████▏  | 6283/8810 [00:02<00:00, 2855.52it/s]
 75%|███████▍  | 6572/8810 [00:02<00:00, 2811.07it/s]
 79%|███████▉  | 6972/8810 [00:02<00:00, 3045.81it/s]
 83%|████████▎ | 7320/8810 [00:02<00:00, 3164.14it/s]
 87%|████████▋ | 7639/8810 [00:02<00:00, 3082.30it/s]
 90%|█████████ | 7949/8810 [00:02<00:00, 2944.68it/s]
 94%|█████████▎| 8246/8810 [00:02<00:00, 2808.67it/s]
 97%|█████████▋| 8539/8810 [00:02<00:00, 2841.82it/s]
100%|██████████| 8810/8810 [00:02<00:00, 3005.90it/s]
