
  0%|          | 0/8810 [00:00<?, ?it/s]
  2%|▏         | 181/8810 [00:00<00:05, 1474.07it/s]
  4%|▍         | 383/8810 [00:00<00:04, 1753.36it/s]
  7%|▋         | 611/8810 [00:00<00:04, 1975.02it/s]
  9%|▉         | 811/8810 [00:00<00:04, 1740.12it/s]
 11%|█         | 990/8810 [00:00<00:04, 1746.45it/s]
 13%|█▎        | 1168/8810 [00:00<00:04, 1694.85it/s]
 15%|█▌        | 1348/8810 [00:00<00:04, 1725.26it/s]
 17%|█▋        | 1523/8810 [00:00<00:04, 1593.30it/s]
 19%|█▉        | 1716/8810 [00:01<00:04, 1688.37it/s]
 21%|██▏       | 1888/8810 [00:01<00:04, 1507.74it/s]
 24%|██▍       | 2142/8810 [00:01<00:03, 1781.99it/s]
 26%|██▋       | 2328/8810 [00:01<00:03, 1653.88it/s]
 29%|██▉       | 2592/8810 [00:01<00:03, 1915.69it/s]
 32%|███▏      | 2792/8810 [00:01<00:03, 1745.18it/s]
 34%|███▍      | 2981/8810 [00:01<00:03, 1781.81it/s]
 36%|███▌      | 3166/8810 [00:01<00:03, 1687.73it/s]
 38%|███▊      | 3342/8810 [00:01<00:03, 1704.82it/s]
 40%|███▉      | 3516/8810 [00:02<00:03, 1615.21it/s]
 42%|████▏     | 3713/8810 [00:02<00:02, 1708.45it/s]
 44%|████▍     | 3887/8810 [00:02<00:03, 1514.88it/s]
 47%|████▋     | 4111/8810 [00:02<00:02, 1698.80it/s]
 49%|████▊     | 4288/8810 [00:02<00:02, 1653.78it/s]
 51%|█████     | 4508/8810 [00:02<00:02, 1801.17it/s]
 53%|█████▎    | 4693/8810 [00:02<00:02, 1590.08it/s]
 56%|█████▌    | 4901/8810 [00:02<00:02, 1714.27it/s]
 58%|█████▊    | 5080/8810 [00:03<00:02, 1642.41it/s]
 60%|██████    | 5308/8810 [00:03<00:01, 1812.77it/s]
 62%|██████▏   | 5495/8810 [00:03<00:01, 1707.17it/s]
 65%|██████▌   | 5735/8810 [00:03<00:01, 1887.56it/s]
 67%|██████▋   | 5929/8810 [00:03<00:01, 1704.97it/s]
 69%|██████▉   | 6106/8810 [00:03<00:01, 1630.77it/s]
 72%|███████▏  | 6308/8810 [00:03<00:01, 1731.29it/s]
 74%|███████▎  | 6486/8810 [00:03<00:01, 1588.22it/s]
 77%|███████▋  | 6750/8810 [00:03<00:01, 1858.06it/s]
 79%|███████▉  | 6943/8810 [00:04<00:00, 1868.82it/s]
 81%|████████  | 7135/8810 [00:04<00:01, 1647.05it/s]
 83%|████████▎ | 7308/8810 [00:04<00:00, 1657.47it/s]
 85%|████████▍ | 7480/8810 [00:04<00:00, 1559.04it/s]
 87%|████████▋ | 7667/8810 [00:04<00:00, 1633.94it/s]
 89%|████████▉ | 7835/8810 [00:04<00:00, 1490.59it/s]
 91%|█████████ | 8037/8810 [00:04<00:00, 1492.73it/s]
 93%|█████████▎| 8234/8810 [00:04<00:00, 1613.84it/s]
 95%|█████████▌| 8400/8810 [00:05<00:00, 1576.17it/s]
 98%|█████████▊| 8629/8810 [00:05<00:00, 1768.07it/s]
100%|██████████| 8810/8810 [00:05<00:00, 1687.17it/s]
