
  0%|          | 0/8810 [00:00<?, ?it/s]
  2%|▏         | 181/8810 [00:00<00:05, 1636.37it/s]
  5%|▍         | 422/8810 [00:00<00:04, 2055.60it/s]
  7%|▋         | 656/8810 [00:00<00:04, 1925.79it/s]
 10%|▉         | 851/8810 [00:00<00:04, 1807.13it/s]
 12%|█▏        | 1034/8810 [00:00<00:04, 1766.01it/s]
 14%|█▍        | 1277/8810 [00:00<00:03, 1971.01it/s]
 17%|█▋        | 1477/8810 [00:00<00:04, 1712.62it/s]
 19%|█▉        | 1669/8810 [00:00<00:04, 1769.37it/s]
 21%|██        | 1852/8810 [00:01<00:04, 1586.07it/s]
 24%|██▎       | 2088/8810 [00:01<00:03, 1786.98it/s]
 26%|██▌       | 2275/8810 [00:01<00:03, 1664.50it/s]
 29%|██▉       | 2533/8810 [00:01<00:03, 1904.14it/s]
 31%|███       | 2744/8810 [00:01<00:03, 1899.36it/s]
 33%|███▎      | 2940/8810 [00:01<00:03, 1895.93it/s]
 36%|███▌      | 3134/8810 [00:01<00:03, 1795.05it/s]
 38%|███▊      | 3362/8810 [00:01<00:02, 1926.93it/s]
 40%|████      | 3559/8810 [00:01<00:02, 1856.05it/s]
 43%|████▎     | 3774/8810 [00:02<00:02, 1843.67it/s]
 45%|████▍     | 3961/8810 [00:02<00:02, 1828.30it/s]
 47%|████▋     | 4180/8810 [00:02<00:02, 1902.65it/s]
 51%|█████     | 4451/8810 [00:02<00:02, 2124.44it/s]
 53%|█████▎    | 4666/8810 [00:02<00:02, 1968.75it/s]
 55%|█████▌    | 4867/8810 [00:02<00:02, 1910.63it/s]
 57%|█████▋    | 5061/8810 [00:02<00:02, 1693.51it/s]
 59%|█████▉    | 5236/8810 [00:02<00:02, 1704.87it/s]
 61%|██████▏   | 5411/8810 [00:02<00:02, 1643.95it/s]
 64%|██████▍   | 5673/8810 [00:03<00:01, 1900.52it/s]
 67%|██████▋   | 5868/8810 [00:03<00:01, 1852.93it/s]
 69%|██████▉   | 6057/8810 [00:03<00:01, 1757.74it/s]
 71%|███████▏  | 6292/8810 [00:03<00:01, 1917.37it/s]
 74%|███████▎  | 6488/8810 [00:03<00:01, 1852.58it/s]
 77%|███████▋  | 6757/8810 [00:03<00:00, 2080.64it/s]
 79%|███████▉  | 6972/8810 [00:03<00:00, 1955.64it/s]
 82%|████████▏ | 7196/8810 [00:03<00:00, 2032.03it/s]
 84%|████████▍ | 7424/8810 [00:03<00:00, 2100.90it/s]
 87%|████████▋ | 7668/8810 [00:04<00:00, 2194.74it/s]
 90%|████████▉ | 7890/8810 [00:04<00:00, 2096.83it/s]
 92%|█████████▏| 8103/8810 [00:04<00:00, 2055.88it/s]
 95%|█████████▍| 8334/8810 [00:04<00:00, 2123.87it/s]
 97%|█████████▋| 8548/8810 [00:04<00:00, 1764.78it/s]
 99%|█████████▉| 8736/8810 [00:04<00:00, 1782.30it/s]
100%|██████████| 8810/8810 [00:04<00:00, 1877.06it/s]
