
  0%|          | 0/8810 [00:00<?, ?it/s]
  2%|▏         | 215/8810 [00:00<00:04, 2134.93it/s]
  7%|▋         | 582/8810 [00:00<00:02, 3030.78it/s]
 10%|█         | 886/8810 [00:00<00:02, 2742.49it/s]
 13%|█▎        | 1164/8810 [00:00<00:03, 2408.12it/s]
 17%|█▋        | 1455/8810 [00:00<00:02, 2565.41it/s]
 20%|█▉        | 1718/8810 [00:00<00:02, 2387.99it/s]
 22%|██▏       | 1962/8810 [00:00<00:02, 2316.02it/s]
 26%|██▌       | 2263/8810 [00:00<00:02, 2310.16it/s]
 29%|██▉       | 2555/8810 [00:01<00:02, 2473.32it/s]
 32%|███▏      | 2807/8810 [00:01<00:02, 2440.58it/s]
 35%|███▍      | 3058/8810 [00:01<00:02, 2455.34it/s]
 38%|███▊      | 3362/8810 [00:01<00:02, 2618.12it/s]
 41%|████      | 3626/8810 [00:01<00:02, 2363.59it/s]
 44%|████▍     | 3868/8810 [00:01<00:02, 2217.91it/s]
 47%|████▋     | 4180/8810 [00:01<00:01, 2426.81it/s]
 51%|█████▏    | 4520/8810 [00:01<00:01, 2689.09it/s]
 54%|█████▍    | 4796/8810 [00:01<00:01, 2545.15it/s]
 57%|█████▋    | 5056/8810 [00:02<00:01, 2455.75it/s]
 61%|██████    | 5372/8810 [00:02<00:01, 2555.65it/s]
 65%|██████▌   | 5754/8810 [00:02<00:01, 2691.26it/s]
 68%|██████▊   | 6025/8810 [00:02<00:01, 2635.46it/s]
 72%|███████▏  | 6301/8810 [00:02<00:00, 2667.43it/s]
 75%|███████▍  | 6569/8810 [00:02<00:00, 2340.48it/s]
 79%|███████▉  | 6967/8810 [00:02<00:00, 2763.72it/s]
 82%|████████▏ | 7255/8810 [00:02<00:00, 2621.57it/s]
 85%|████████▌ | 7526/8810 [00:02<00:00, 2573.42it/s]
 88%|████████▊ | 7790/8810 [00:03<00:00, 2521.46it/s]
 91%|█████████▏| 8046/8810 [00:03<00:00, 2371.36it/s]
 95%|█████████▍| 8361/8810 [00:03<00:00, 2388.87it/s]
 98%|█████████▊| 8623/8810 [00:03<00:00, 2444.11it/s]
100%|██████████| 8810/8810 [00:03<00:00, 2482.53it/s]
