
  0%|          | 0/8810 [00:00<?, ?it/s]
  3%|▎         | 285/8810 [00:00<00:02, 2845.07it/s]
  7%|▋         | 656/8810 [00:00<00:02, 2984.39it/s]
 11%|█         | 978/8810 [00:00<00:02, 3083.02it/s]
 15%|█▍        | 1287/8810 [00:00<00:02, 2889.60it/s]
 18%|█▊        | 1578/8810 [00:00<00:02, 2563.50it/s]
 21%|██        | 1840/8810 [00:00<00:03, 2311.25it/s]
 25%|██▌       | 2209/8810 [00:00<00:02, 2689.88it/s]
 28%|██▊       | 2489/8810 [00:00<00:02, 2659.69it/s]
 31%|███▏      | 2762/8810 [00:01<00:02, 2522.73it/s]
 34%|███▍      | 3021/8810 [00:01<00:02, 2539.59it/s]
 37%|███▋      | 3279/8810 [00:01<00:02, 2373.94it/s]
 40%|███▉      | 3521/8810 [00:01<00:02, 2320.35it/s]
 43%|████▎     | 3772/8810 [00:01<00:02, 2367.37it/s]
 46%|████▌     | 4016/8810 [00:01<00:02, 2382.58it/s]
 49%|████▉     | 4296/8810 [00:01<00:01, 2499.76it/s]
 52%|█████▏    | 4576/8810 [00:01<00:01, 2576.51it/s]
 55%|█████▍    | 4836/8810 [00:01<00:01, 2348.71it/s]
 58%|█████▊    | 5076/8810 [00:02<00:01, 2312.67it/s]
 61%|██████    | 5372/8810 [00:02<00:01, 2434.02it/s]
 64%|██████▍   | 5667/8810 [00:02<00:01, 2576.45it/s]
 67%|██████▋   | 5928/8810 [00:02<00:01, 2337.05it/s]
 70%|███████   | 6173/8810 [00:02<00:01, 2366.53it/s]
 73%|███████▎  | 6414/8810 [00:02<00:01, 2247.40it/s]
 77%|███████▋  | 6816/8810 [00:02<00:00, 2726.09it/s]
 81%|████████  | 7096/8810 [00:02<00:00, 2740.79it/s]
 84%|████████▎ | 7376/8810 [00:02<00:00, 2699.66it/s]
 87%|████████▋ | 7650/8810 [00:03<00:00, 2704.52it/s]
 90%|████████▉ | 7923/8810 [00:03<00:00, 2621.85it/s]
 93%|█████████▎| 8188/8810 [00:03<00:00, 2550.74it/s]
 96%|█████████▌| 8445/8810 [00:03<00:00, 2492.01it/s]
 99%|█████████▉| 8709/8810 [00:03<00:00, 2531.72it/s]
100%|██████████| 8810/8810 [00:03<00:00, 2541.91it/s]
