
  0%|          | 0/8810 [00:00<?, ?it/s]
  4%|▎         | 322/8810 [00:00<00:02, 3218.39it/s]
  7%|▋         | 656/8810 [00:00<00:02, 3170.64it/s]
 11%|█▏        | 996/8810 [00:00<00:02, 2982.57it/s]
 15%|█▌        | 1351/8810 [00:00<00:02, 3189.95it/s]
 19%|█▉        | 1673/8810 [00:00<00:02, 3025.25it/s]
 22%|██▏       | 1978/8810 [00:00<00:02, 2852.72it/s]
 26%|██▌       | 2266/8810 [00:00<00:02, 2827.25it/s]
 30%|███       | 2669/8810 [00:00<00:01, 3177.98it/s]
 34%|███▍      | 2991/8810 [00:00<00:01, 3012.84it/s]
 37%|███▋      | 3296/8810 [00:01<00:02, 2692.91it/s]
 41%|████      | 3573/8810 [00:01<00:01, 2666.23it/s]
 44%|████▎     | 3850/8810 [00:01<00:01, 2693.93it/s]
 47%|████▋     | 4180/8810 [00:01<00:01, 2732.11it/s]
 52%|█████▏    | 4550/8810 [00:01<00:01, 2999.28it/s]
 55%|█████▌    | 4855/8810 [00:01<00:01, 2710.34it/s]
 58%|█████▊    | 5134/8810 [00:01<00:01, 2549.48it/s]
 61%|██████    | 5395/8810 [00:01<00:01, 2508.19it/s]
 65%|██████▍   | 5721/8810 [00:02<00:01, 2706.16it/s]
 68%|██████▊   | 5997/8810 [00:02<00:01, 2503.31it/s]
 71%|███████   | 6253/8810 [00:02<00:01, 2482.31it/s]
 74%|███████▍  | 6505/8810 [00:02<00:00, 2431.38it/s]
 79%|███████▊  | 6937/8810 [00:02<00:00, 2947.75it/s]
 82%|████████▏ | 7238/8810 [00:02<00:00, 2811.94it/s]
 85%|████████▌ | 7525/8810 [00:02<00:00, 2765.51it/s]
 89%|████████▊ | 7805/8810 [00:02<00:00, 2735.02it/s]
 92%|█████████▏| 8081/8810 [00:02<00:00, 2612.59it/s]
 95%|█████████▍| 8361/8810 [00:03<00:00, 2569.41it/s]
 99%|█████████▊| 8693/8810 [00:03<00:00, 2773.35it/s]
100%|██████████| 8810/8810 [00:03<00:00, 2742.56it/s]
