
  0%|          | 0/8810 [00:00<?, ?it/s]
  2%|▏         | 181/8810 [00:00<00:04, 1797.95it/s]
  5%|▌         | 461/8810 [00:00<00:03, 2383.72it/s]
  8%|▊         | 700/8810 [00:00<00:03, 2322.37it/s]
 11%|█         | 958/8810 [00:00<00:03, 2419.25it/s]
 14%|█▎        | 1201/8810 [00:00<00:03, 2263.22it/s]
 17%|█▋        | 1457/8810 [00:00<00:03, 2196.76it/s]
 19%|█▉        | 1716/8810 [00:00<00:03, 2305.54it/s]
 22%|██▏       | 1949/8810 [00:00<00:03, 2157.46it/s]
 25%|██▌       | 2221/8810 [00:00<00:02, 2310.37it/s]
 28%|██▊       | 2456/8810 [00:01<00:02, 2194.54it/s]
 31%|███       | 2744/8810 [00:01<00:02, 2211.16it/s]
 34%|███▍      | 2974/8810 [00:01<00:02, 2232.41it/s]
 36%|███▋      | 3199/8810 [00:01<00:02, 2054.89it/s]
 39%|███▊      | 3410/8810 [00:01<00:02, 1936.81it/s]
 42%|████▏     | 3671/8810 [00:01<00:02, 2113.11it/s]
 44%|████▍     | 3887/8810 [00:01<00:02, 1993.87it/s]
 47%|████▋     | 4165/8810 [00:01<00:02, 2201.33it/s]
 50%|████▉     | 4391/8810 [00:02<00:02, 2168.30it/s]
 52%|█████▏    | 4625/8810 [00:02<00:02, 2031.87it/s]
 55%|█████▌    | 4852/8810 [00:02<00:01, 2088.73it/s]
 57%|█████▋    | 5065/8810 [00:02<00:01, 1947.93it/s]
 60%|██████    | 5323/8810 [00:02<00:01, 2111.90it/s]
 63%|██████▎   | 5539/8810 [00:02<00:01, 2052.25it/s]
 65%|██████▌   | 5754/8810 [00:02<00:01, 1986.86it/s]
 68%|██████▊   | 5956/8810 [00:02<00:01, 1940.55it/s]
 70%|██████▉   | 6152/8810 [00:02<00:01, 1898.13it/s]
 73%|███████▎  | 6393/8810 [00:03<00:01, 2037.39it/s]
 75%|███████▍  | 6599/8810 [00:03<00:01, 1933.84it/s]
 78%|███████▊  | 6881/8810 [00:03<00:00, 2176.85it/s]
 81%|████████  | 7102/8810 [00:03<00:00, 2057.49it/s]
 83%|████████▎ | 7353/8810 [00:03<00:00, 2181.63it/s]
 86%|████████▌ | 7575/8810 [00:03<00:00, 2008.14it/s]
 88%|████████▊ | 7781/8810 [00:03<00:00, 1924.20it/s]
 91%|█████████ | 8001/8810 [00:03<00:00, 1994.42it/s]
 93%|█████████▎| 8204/8810 [00:03<00:00, 1808.05it/s]
 95%|█████████▌| 8390/8810 [00:04<00:00, 1720.77it/s]
 98%|█████████▊| 8644/8810 [00:04<00:00, 1929.89it/s]
100%|██████████| 8810/8810 [00:04<00:00, 2055.16it/s]
