
  0%|          | 0/8810 [00:00<?, ?it/s]
  2%|▏         | 181/8810 [00:00<00:05, 1511.18it/s]
  5%|▍         | 408/8810 [00:00<00:04, 1914.32it/s]
  7%|▋         | 611/8810 [00:00<00:04, 1957.53it/s]
  9%|▉         | 809/8810 [00:00<00:04, 1790.40it/s]
 11%|█         | 991/8810 [00:00<00:04, 1769.00it/s]
 13%|█▎        | 1170/8810 [00:00<00:04, 1643.62it/s]
 15%|█▌        | 1345/8810 [00:00<00:04, 1669.03it/s]
 17%|█▋        | 1514/8810 [00:00<00:04, 1600.37it/s]
 19%|█▉        | 1694/8810 [00:00<00:04, 1656.97it/s]
 21%|██        | 1862/8810 [00:01<00:04, 1450.02it/s]
 23%|██▎       | 2053/8810 [00:01<00:04, 1568.37it/s]
 26%|██▌       | 2259/8810 [00:01<00:03, 1701.39it/s]
 28%|██▊       | 2435/8810 [00:01<00:04, 1565.92it/s]
 30%|██▉       | 2628/8810 [00:01<00:03, 1661.21it/s]
 32%|███▏      | 2799/8810 [00:01<00:04, 1483.33it/s]
 34%|███▎      | 2970/8810 [00:01<00:03, 1534.68it/s]
 36%|███▌      | 3129/8810 [00:01<00:04, 1411.14it/s]
 38%|███▊      | 3327/8810 [00:02<00:03, 1558.64it/s]
 40%|███▉      | 3489/8810 [00:02<00:03, 1524.32it/s]
 42%|████▏     | 3657/8810 [00:02<00:03, 1566.31it/s]
 43%|████▎     | 3817/8810 [00:02<00:03, 1393.17it/s]
 45%|████▍     | 3962/8810 [00:02<00:03, 1389.78it/s]
 47%|████▋     | 4169/8810 [00:02<00:02, 1569.15it/s]
 49%|████▉     | 4331/8810 [00:02<00:03, 1467.22it/s]
 51%|█████▏    | 4534/8810 [00:02<00:02, 1616.36it/s]
 53%|█████▎    | 4701/8810 [00:03<00:02, 1460.77it/s]
 55%|█████▌    | 4871/8810 [00:03<00:02, 1521.15it/s]
 57%|█████▋    | 5028/8810 [00:03<00:02, 1415.99it/s]
 59%|█████▉    | 5208/8810 [00:03<00:02, 1514.54it/s]
 61%|██████    | 5372/8810 [00:03<00:02, 1449.31it/s]
 63%|██████▎   | 5546/8810 [00:03<00:02, 1524.00it/s]
 65%|██████▌   | 5754/8810 [00:03<00:02, 1507.26it/s]
 67%|██████▋   | 5908/8810 [00:03<00:01, 1477.85it/s]
 69%|██████▉   | 6058/8810 [00:03<00:01, 1387.19it/s]
 71%|███████   | 6255/8810 [00:04<00:01, 1539.47it/s]
 73%|███████▎  | 6413/8810 [00:04<00:01, 1386.01it/s]
 75%|███████▍  | 6574/8810 [00:04<00:01, 1443.28it/s]
 77%|███████▋  | 6791/8810 [00:04<00:01, 1634.33it/s]
 79%|███████▉  | 6972/8810 [00:04<00:01, 1571.44it/s]
 81%|████████  | 7133/8810 [00:04<00:01, 1555.32it/s]
 83%|████████▎ | 7327/8810 [00:04<00:00, 1659.24it/s]
 85%|████████▌ | 7496/8810 [00:04<00:00, 1490.08it/s]
 87%|████████▋ | 7695/8810 [00:04<00:00, 1621.37it/s]
 89%|████████▉ | 7863/8810 [00:05<00:00, 1443.91it/s]
 91%|█████████ | 8033/8810 [00:05<00:00, 1504.87it/s]
 93%|█████████▎| 8189/8810 [00:05<00:00, 1395.92it/s]
 95%|█████████▍| 8354/8810 [00:05<00:00, 1459.98it/s]
 97%|█████████▋| 8505/8810 [00:05<00:00, 1351.53it/s]
 99%|█████████▊| 8693/8810 [00:05<00:00, 1488.52it/s]
100%|██████████| 8810/8810 [00:05<00:00, 1523.53it/s]
