
  0%|          | 0/8810 [00:00<?, ?it/s]
  2%|▏         | 181/8810 [00:00<00:06, 1414.87it/s]
  5%|▍         | 411/8810 [00:00<00:04, 1871.77it/s]
  7%|▋         | 607/8810 [00:00<00:04, 1907.02it/s]
  9%|▉         | 801/8810 [00:00<00:04, 1765.89it/s]
 11%|█         | 981/8810 [00:00<00:04, 1741.75it/s]
 13%|█▎        | 1157/8810 [00:00<00:04, 1636.17it/s]
 15%|█▌        | 1339/8810 [00:00<00:04, 1679.48it/s]
 17%|█▋        | 1509/8810 [00:00<00:04, 1519.24it/s]
 19%|█▉        | 1711/8810 [00:01<00:04, 1655.15it/s]
 21%|██▏       | 1881/8810 [00:01<00:04, 1477.42it/s]
 24%|██▎       | 2078/8810 [00:01<00:04, 1605.25it/s]
 26%|██▌       | 2258/8810 [00:01<00:03, 1657.94it/s]
 28%|██▊       | 2429/8810 [00:01<00:04, 1524.11it/s]
 30%|██▉       | 2642/8810 [00:01<00:03, 1684.06it/s]
 32%|███▏      | 2816/8810 [00:01<00:03, 1519.94it/s]
 34%|███▍      | 2986/8810 [00:01<00:03, 1563.78it/s]
 36%|███▌      | 3148/8810 [00:01<00:03, 1454.92it/s]
 37%|███▋      | 3298/8810 [00:02<00:05, 1083.45it/s]
 39%|███▉      | 3423/8810 [00:02<00:04, 1087.11it/s]
 40%|████      | 3559/8810 [00:02<00:04, 1147.62it/s]
 42%|████▏     | 3724/8810 [00:02<00:04, 1266.43it/s]
 44%|████▍     | 3860/8810 [00:02<00:03, 1245.36it/s]
 47%|████▋     | 4097/8810 [00:02<00:03, 1537.23it/s]
 48%|████▊     | 4259/8810 [00:02<00:03, 1463.22it/s]
 51%|█████     | 4475/8810 [00:02<00:02, 1647.52it/s]
 53%|█████▎    | 4647/8810 [00:03<00:02, 1543.43it/s]
 55%|█████▍    | 4807/8810 [00:03<00:02, 1547.34it/s]
 56%|█████▋    | 4966/8810 [00:03<00:02, 1453.70it/s]
 58%|█████▊    | 5151/8810 [00:03<00:02, 1556.73it/s]
 60%|██████    | 5321/8810 [00:03<00:02, 1592.90it/s]
 62%|██████▏   | 5484/8810 [00:03<00:02, 1503.16it/s]
 65%|██████▍   | 5705/8810 [00:03<00:01, 1696.31it/s]
 67%|██████▋   | 5879/8810 [00:03<00:01, 1606.83it/s]
 69%|██████▊   | 6043/8810 [00:04<00:01, 1416.38it/s]
 71%|███████   | 6241/8810 [00:04<00:01, 1559.85it/s]
 73%|███████▎  | 6404/8810 [00:04<00:01, 1453.09it/s]
 75%|███████▍  | 6582/8810 [00:04<00:01, 1537.14it/s]
 77%|███████▋  | 6820/8810 [00:04<00:01, 1760.12it/s]
 79%|███████▉  | 7002/8810 [00:04<00:01, 1630.90it/s]
 81%|████████▏ | 7171/8810 [00:04<00:01, 1612.00it/s]
 84%|████████▎ | 7360/8810 [00:04<00:00, 1571.35it/s]
 85%|████████▌ | 7531/8810 [00:04<00:00, 1605.80it/s]
 88%|████████▊ | 7715/8810 [00:05<00:00, 1534.45it/s]
 90%|████████▉ | 7894/8810 [00:05<00:00, 1597.25it/s]
 91%|█████████▏| 8057/8810 [00:05<00:00, 1412.88it/s]
 93%|█████████▎| 8211/8810 [00:05<00:00, 1442.63it/s]
 95%|█████████▍| 8361/8810 [00:05<00:00, 1373.16it/s]
 97%|█████████▋| 8540/8810 [00:05<00:00, 1483.00it/s]
 99%|█████████▉| 8702/8810 [00:05<00:00, 1375.66it/s]
100%|██████████| 8810/8810 [00:05<00:00, 1512.81it/s]
