
  0%|          | 0/8810 [00:00<?, ?it/s]
  2%|▏         | 200/8810 [00:00<00:04, 1985.90it/s]
  5%|▌         | 444/8810 [00:00<00:03, 2244.15it/s]
  8%|▊         | 699/8810 [00:00<00:03, 2382.75it/s]
 11%|█         | 968/8810 [00:00<00:03, 2503.15it/s]
 14%|█▍        | 1226/8810 [00:00<00:03, 2524.45it/s]
 17%|█▋        | 1479/8810 [00:00<00:03, 2427.06it/s]
 21%|██        | 1817/8810 [00:00<00:02, 2728.32it/s]
 24%|██▎       | 2092/8810 [00:00<00:02, 2589.94it/s]
 27%|██▋       | 2354/8810 [00:00<00:02, 2459.45it/s]
 31%|███       | 2733/8810 [00:01<00:02, 2837.99it/s]
 34%|███▍      | 3022/8810 [00:01<00:02, 2546.54it/s]
 37%|███▋      | 3285/8810 [00:01<00:02, 2328.07it/s]
 40%|████      | 3526/8810 [00:01<00:02, 2313.93it/s]
 43%|████▎     | 3796/8810 [00:01<00:02, 2414.92it/s]
 47%|████▋     | 4153/8810 [00:01<00:01, 2729.44it/s]
 50%|█████     | 4433/8810 [00:01<00:01, 2651.84it/s]
 53%|█████▎    | 4703/8810 [00:01<00:01, 2483.24it/s]
 56%|█████▋    | 4956/8810 [00:01<00:01, 2390.13it/s]
 60%|██████    | 5303/8810 [00:02<00:01, 2677.80it/s]
 63%|██████▎   | 5577/8810 [00:02<00:01, 2544.18it/s]
 66%|██████▋   | 5838/8810 [00:02<00:01, 2557.74it/s]
 69%|██████▉   | 6098/8810 [00:02<00:01, 2408.08it/s]
 73%|███████▎  | 6400/8810 [00:02<00:01, 2391.59it/s]
 77%|███████▋  | 6764/8810 [00:02<00:00, 2721.15it/s]
 80%|████████  | 7048/8810 [00:02<00:00, 2748.00it/s]
 83%|████████▎ | 7330/8810 [00:02<00:00, 2762.72it/s]
 86%|████████▋ | 7610/8810 [00:03<00:00, 2546.88it/s]
 89%|████████▉ | 7870/8810 [00:03<00:00, 2431.70it/s]
 92%|█████████▏| 8118/8810 [00:03<00:00, 2208.44it/s]
 95%|█████████▍| 8362/8810 [00:03<00:00, 2267.30it/s]
 98%|█████████▊| 8652/8810 [00:03<00:00, 2436.86it/s]
100%|██████████| 8810/8810 [00:03<00:00, 2492.21it/s]
