
  0%|          | 0/8810 [00:00<?, ?it/s]
  2%|▏         | 181/8810 [00:00<00:05, 1598.69it/s]
  5%|▍         | 408/8810 [00:00<00:04, 1964.90it/s]
  7%|▋         | 625/8810 [00:00<00:03, 2046.77it/s]
  9%|▉         | 831/8810 [00:00<00:04, 1761.16it/s]
 11%|█▏        | 1013/8810 [00:00<00:04, 1627.43it/s]
 14%|█▍        | 1225/8810 [00:00<00:04, 1768.87it/s]
 16%|█▌        | 1407/8810 [00:00<00:04, 1736.79it/s]
 18%|█▊        | 1584/8810 [00:00<00:04, 1572.62it/s]
 21%|██        | 1811/8810 [00:01<00:03, 1761.40it/s]
 23%|██▎       | 1993/8810 [00:01<00:04, 1537.60it/s]
 25%|██▌       | 2203/8810 [00:01<00:03, 1680.72it/s]
 27%|██▋       | 2380/8810 [00:01<00:04, 1517.90it/s]
 30%|██▉       | 2622/8810 [00:01<00:03, 1745.27it/s]
 32%|███▏      | 2807/8810 [00:01<00:03, 1527.18it/s]
 34%|███▍      | 2987/8810 [00:01<00:03, 1591.47it/s]
 36%|███▌      | 3155/8810 [00:01<00:03, 1449.11it/s]
 38%|███▊      | 3328/8810 [00:02<00:03, 1514.64it/s]
 40%|███▉      | 3487/8810 [00:02<00:03, 1384.74it/s]
 42%|████▏     | 3702/8810 [00:02<00:03, 1577.79it/s]
 44%|████▍     | 3868/8810 [00:02<00:03, 1355.69it/s]
 46%|████▌     | 4065/8810 [00:02<00:03, 1504.08it/s]
 48%|████▊     | 4226/8810 [00:02<00:03, 1449.24it/s]
 50%|█████     | 4436/8810 [00:02<00:02, 1616.30it/s]
 52%|█████▏    | 4622/8810 [00:02<00:02, 1680.09it/s]
 54%|█████▍    | 4797/8810 [00:03<00:02, 1486.23it/s]
 56%|█████▌    | 4954/8810 [00:03<00:02, 1361.56it/s]
 58%|█████▊    | 5126/8810 [00:03<00:02, 1446.03it/s]
 60%|██████    | 5315/8810 [00:03<00:02, 1558.84it/s]
 62%|██████▏   | 5477/8810 [00:03<00:02, 1451.64it/s]
 64%|██████▍   | 5673/8810 [00:03<00:01, 1582.14it/s]
 66%|██████▋   | 5837/8810 [00:03<00:01, 1493.99it/s]
 68%|██████▊   | 5991/8810 [00:03<00:01, 1484.50it/s]
 70%|██████▉   | 6143/8810 [00:03<00:01, 1391.26it/s]
 72%|███████▏  | 6350/8810 [00:04<00:01, 1568.86it/s]
 74%|███████▍  | 6511/8810 [00:04<00:01, 1409.63it/s]
 77%|███████▋  | 6745/8810 [00:04<00:01, 1650.42it/s]
 79%|███████▉  | 6942/8810 [00:04<00:01, 1735.49it/s]
 81%|████████  | 7122/8810 [00:04<00:01, 1565.66it/s]
 83%|████████▎ | 7286/8810 [00:04<00:00, 1561.76it/s]
 85%|████████▍ | 7447/8810 [00:04<00:00, 1477.47it/s]
 86%|████████▋ | 7615/8810 [00:04<00:00, 1530.28it/s]
 88%|████████▊ | 7772/8810 [00:05<00:00, 1430.91it/s]
 90%|█████████ | 7952/8810 [00:05<00:00, 1527.28it/s]
 92%|█████████▏| 8109/8810 [00:05<00:00, 1339.65it/s]
 94%|█████████▍| 8275/8810 [00:05<00:00, 1417.47it/s]
 96%|█████████▌| 8423/8810 [00:05<00:00, 1315.34it/s]
 98%|█████████▊| 8620/8810 [00:05<00:00, 1480.21it/s]
100%|█████████▉| 8774/8810 [00:05<00:00, 1374.04it/s]
100%|██████████| 8810/8810 [00:05<00:00, 1531.78it/s]
