
  0%|          | 0/8810 [00:00<?, ?it/s]
  2%|▏         | 181/8810 [00:00<00:04, 1777.04it/s]
  5%|▌         | 442/8810 [00:00<00:03, 2261.43it/s]
  8%|▊         | 669/8810 [00:00<00:03, 2251.08it/s]
 10%|█         | 895/8810 [00:00<00:03, 2230.55it/s]
 13%|█▎        | 1119/8810 [00:00<00:03, 2053.00it/s]
 15%|█▌        | 1344/8810 [00:00<00:03, 2115.69it/s]
 18%|█▊        | 1558/8810 [00:00<00:03, 2033.03it/s]
 21%|██        | 1821/8810 [00:00<00:03, 2054.79it/s]
 23%|██▎       | 2063/8810 [00:00<00:03, 2158.38it/s]
 26%|██▌       | 2281/8810 [00:01<00:03, 2063.15it/s]
 29%|██▉       | 2592/8810 [00:01<00:02, 2358.69it/s]
 32%|███▏      | 2832/8810 [00:01<00:02, 2267.73it/s]
 35%|███▍      | 3062/8810 [00:01<00:02, 2155.39it/s]
 38%|███▊      | 3322/8810 [00:01<00:02, 2277.71it/s]
 40%|████      | 3553/8810 [00:01<00:02, 2207.96it/s]
 43%|████▎     | 3777/8810 [00:01<00:02, 2192.81it/s]
 46%|████▌     | 4072/8810 [00:01<00:01, 2406.38it/s]
 49%|████▉     | 4315/8810 [00:01<00:01, 2344.51it/s]
 52%|█████▏    | 4623/8810 [00:02<00:01, 2554.15it/s]
 55%|█████▌    | 4881/8810 [00:02<00:01, 2292.13it/s]
 58%|█████▊    | 5117/8810 [00:02<00:01, 2190.61it/s]
 61%|██████    | 5372/8810 [00:02<00:01, 2206.15it/s]
 64%|██████▎   | 5596/8810 [00:02<00:01, 2211.23it/s]
 66%|██████▌   | 5820/8810 [00:02<00:01, 2165.71it/s]
 69%|██████▊   | 6039/8810 [00:02<00:01, 1898.57it/s]
 71%|███████▏  | 6297/8810 [00:02<00:01, 2071.85it/s]
 74%|███████▍  | 6512/8810 [00:03<00:01, 2016.32it/s]
 78%|███████▊  | 6859/8810 [00:03<00:00, 2407.58it/s]
 81%|████████  | 7108/8810 [00:03<00:00, 2264.73it/s]
 84%|████████▎ | 7360/8810 [00:03<00:00, 2187.02it/s]
 86%|████████▋ | 7599/8810 [00:03<00:00, 2239.77it/s]
 89%|████████▉ | 7828/8810 [00:03<00:00, 2127.81it/s]
 91%|█████████▏| 8045/8810 [00:03<00:00, 2019.37it/s]
 94%|█████████▍| 8299/8810 [00:03<00:00, 2157.71it/s]
 97%|█████████▋| 8519/8810 [00:03<00:00, 2039.25it/s]
 99%|█████████▉| 8727/8810 [00:04<00:00, 1994.91it/s]
100%|██████████| 8810/8810 [00:04<00:00, 2172.00it/s]
