
  0%|          | 0/8810 [00:00<?, ?it/s]
  2%|▏         | 181/8810 [00:00<00:05, 1535.02it/s]
  5%|▍         | 408/8810 [00:00<00:04, 1926.17it/s]
  7%|▋         | 656/8810 [00:00<00:04, 1865.98it/s]
 10%|▉         | 845/8810 [00:00<00:04, 1795.18it/s]
 12%|█▏        | 1026/8810 [00:00<00:04, 1720.92it/s]
 14%|█▍        | 1255/8810 [00:00<00:03, 1893.14it/s]
 17%|█▋        | 1457/8810 [00:00<00:03, 1847.37it/s]
 19%|█▊        | 1644/8810 [00:00<00:04, 1784.76it/s]
 21%|██        | 1831/8810 [00:01<00:03, 1803.03it/s]
 23%|██▎       | 2056/8810 [00:01<00:03, 1931.47it/s]
 26%|██▌       | 2263/8810 [00:01<00:03, 1884.80it/s]
 29%|██▊       | 2519/8810 [00:01<00:03, 2075.94it/s]
 31%|███       | 2744/8810 [00:01<00:02, 2053.20it/s]
 34%|███▎      | 2971/8810 [00:01<00:02, 2113.37it/s]
 36%|███▌      | 3184/8810 [00:01<00:02, 2011.93it/s]
 39%|███▊      | 3410/8810 [00:01<00:02, 1896.39it/s]
 41%|████▏     | 3655/8810 [00:01<00:02, 2041.57it/s]
 44%|████▍     | 3863/8810 [00:02<00:02, 1971.73it/s]
 47%|████▋     | 4153/8810 [00:02<00:02, 2224.83it/s]
 50%|████▉     | 4380/8810 [00:02<00:02, 2188.54it/s]
 52%|█████▏    | 4622/8810 [00:02<00:01, 2251.82it/s]
 55%|█████▌    | 4850/8810 [00:02<00:01, 1996.21it/s]
 57%|█████▋    | 5057/8810 [00:02<00:02, 1812.87it/s]
 60%|██████    | 5303/8810 [00:02<00:01, 1977.13it/s]
 63%|██████▎   | 5509/8810 [00:02<00:01, 1833.31it/s]
 65%|██████▌   | 5754/8810 [00:02<00:01, 1878.16it/s]
 68%|██████▊   | 5947/8810 [00:03<00:01, 1819.41it/s]
 70%|██████▉   | 6132/8810 [00:03<00:01, 1762.45it/s]
 72%|███████▏  | 6359/8810 [00:03<00:01, 1892.49it/s]
 74%|███████▍  | 6552/8810 [00:03<00:01, 1855.97it/s]
 78%|███████▊  | 6855/8810 [00:03<00:00, 2179.46it/s]
 80%|████████  | 7077/8810 [00:03<00:00, 2052.13it/s]
 83%|████████▎ | 7287/8810 [00:03<00:00, 2049.29it/s]
 85%|████████▌ | 7495/8810 [00:03<00:00, 1975.58it/s]
 88%|████████▊ | 7715/8810 [00:03<00:00, 1915.17it/s]
 90%|█████████ | 7934/8810 [00:04<00:00, 1989.62it/s]
 92%|█████████▏| 8136/8810 [00:04<00:00, 1790.90it/s]
 95%|█████████▍| 8361/8810 [00:04<00:00, 1799.70it/s]
 98%|█████████▊| 8606/8810 [00:04<00:00, 1968.83it/s]
100%|█████████▉| 8808/8810 [00:04<00:00, 1903.41it/s]
100%|██████████| 8810/8810 [00:04<00:00, 1936.47it/s]
