
  0%|          | 0/8810 [00:00<?, ?it/s]
  2%|▏         | 181/8810 [00:00<00:06, 1289.86it/s]
  4%|▍         | 345/8810 [00:00<00:05, 1460.12it/s]
  6%|▌         | 494/8810 [00:00<00:05, 1396.12it/s]
  7%|▋         | 656/8810 [00:00<00:05, 1393.66it/s]
  9%|▉         | 831/8810 [00:00<00:05, 1510.21it/s]
 11%|█▏        | 996/8810 [00:00<00:05, 1458.23it/s]
 14%|█▍        | 1220/8810 [00:00<00:04, 1690.04it/s]
 16%|█▌        | 1416/8810 [00:00<00:04, 1770.09it/s]
 18%|█▊        | 1596/8810 [00:01<00:04, 1574.45it/s]
 21%|██        | 1815/8810 [00:01<00:04, 1738.00it/s]
 23%|██▎       | 1995/8810 [00:01<00:04, 1457.66it/s]
 25%|██▌       | 2208/8810 [00:01<00:04, 1624.34it/s]
 27%|██▋       | 2382/8810 [00:01<00:04, 1501.73it/s]
 30%|███       | 2654/8810 [00:01<00:03, 1811.10it/s]
 32%|███▏      | 2847/8810 [00:01<00:03, 1675.32it/s]
 35%|███▍      | 3057/8810 [00:01<00:03, 1640.37it/s]
 37%|███▋      | 3241/8810 [00:02<00:03, 1686.02it/s]
 39%|███▉      | 3416/8810 [00:02<00:03, 1519.42it/s]
 41%|████▏     | 3635/8810 [00:02<00:03, 1685.41it/s]
 43%|████▎     | 3811/8810 [00:02<00:03, 1602.44it/s]
 45%|████▌     | 3986/8810 [00:02<00:02, 1638.18it/s]
 47%|████▋     | 4180/8810 [00:02<00:02, 1651.45it/s]
 50%|█████     | 4413/8810 [00:02<00:02, 1833.75it/s]
 52%|█████▏    | 4601/8810 [00:02<00:02, 1766.05it/s]
 54%|█████▍    | 4781/8810 [00:03<00:02, 1453.27it/s]
 56%|█████▌    | 4937/8810 [00:03<00:02, 1307.06it/s]
 58%|█████▊    | 5104/8810 [00:03<00:02, 1389.42it/s]
 60%|██████    | 5318/8810 [00:03<00:02, 1575.94it/s]
 62%|██████▏   | 5485/8810 [00:03<00:02, 1447.02it/s]
 65%|██████▍   | 5688/8810 [00:03<00:01, 1593.72it/s]
 66%|██████▋   | 5856/8810 [00:03<00:02, 1454.95it/s]
 68%|██████▊   | 6009/8810 [00:03<00:02, 1397.70it/s]
 70%|██████▉   | 6154/8810 [00:03<00:01, 1342.69it/s]
 72%|███████▏  | 6334/8810 [00:04<00:01, 1460.77it/s]
 74%|███████▎  | 6485/8810 [00:04<00:01, 1292.77it/s]
 75%|███████▌  | 6648/8810 [00:04<00:01, 1377.92it/s]
 78%|███████▊  | 6883/8810 [00:04<00:01, 1634.94it/s]
 80%|████████  | 7054/8810 [00:04<00:01, 1504.25it/s]
 82%|████████▏ | 7245/8810 [00:04<00:00, 1609.42it/s]
 84%|████████▍ | 7413/8810 [00:04<00:00, 1571.91it/s]
 86%|████████▌ | 7575/8810 [00:04<00:00, 1528.30it/s]
 88%|████████▊ | 7731/8810 [00:05<00:00, 1512.25it/s]
 90%|█████████ | 7933/8810 [00:05<00:00, 1650.76it/s]
 92%|█████████▏| 8101/8810 [00:05<00:00, 1502.00it/s]
 94%|█████████▍| 8261/8810 [00:05<00:00, 1526.33it/s]
 96%|█████████▌| 8417/8810 [00:05<00:00, 1435.76it/s]
 98%|█████████▊| 8602/8810 [00:05<00:00, 1545.57it/s]
 99%|█████████▉| 8760/8810 [00:05<00:00, 1380.50it/s]
100%|██████████| 8810/8810 [00:05<00:00, 1535.92it/s]
