
  0%|          | 0/8810 [00:00<?, ?it/s]
  2%|▏         | 181/8810 [00:00<00:04, 1784.42it/s]
  5%|▌         | 483/8810 [00:00<00:03, 2504.28it/s]
  8%|▊         | 734/8810 [00:00<00:03, 2308.06it/s]
 11%|█         | 968/8810 [00:00<00:03, 2314.87it/s]
 14%|█▎        | 1201/8810 [00:00<00:03, 2189.56it/s]
 17%|█▋        | 1457/8810 [00:00<00:03, 2153.38it/s]
 19%|█▉        | 1698/8810 [00:00<00:03, 2227.44it/s]
 22%|██▏       | 1923/8810 [00:00<00:03, 2107.45it/s]
 25%|██▌       | 2218/8810 [00:00<00:02, 2347.16it/s]
 28%|██▊       | 2456/8810 [00:01<00:02, 2148.18it/s]
 31%|███       | 2744/8810 [00:01<00:02, 2198.38it/s]
 34%|███▎      | 2972/8810 [00:01<00:02, 2216.55it/s]
 36%|███▋      | 3197/8810 [00:01<00:02, 2103.48it/s]
 39%|███▊      | 3410/8810 [00:01<00:02, 2042.95it/s]
 42%|████▏     | 3662/8810 [00:01<00:02, 2173.16it/s]
 44%|████▍     | 3882/8810 [00:01<00:02, 2019.10it/s]
 47%|████▋     | 4180/8810 [00:01<00:02, 2141.81it/s]
 51%|█████     | 4452/8810 [00:02<00:01, 2293.44it/s]
 53%|█████▎    | 4685/8810 [00:02<00:01, 2065.65it/s]
 56%|█████▌    | 4928/8810 [00:02<00:01, 2158.12it/s]
 58%|█████▊    | 5149/8810 [00:02<00:01, 2039.86it/s]
 61%|██████    | 5372/8810 [00:02<00:01, 2013.14it/s]
 64%|██████▎   | 5614/8810 [00:02<00:01, 2119.50it/s]
 66%|██████▌   | 5830/8810 [00:02<00:01, 2073.92it/s]
 69%|██████▊   | 6040/8810 [00:02<00:01, 1905.72it/s]
 71%|███████   | 6256/8810 [00:02<00:01, 1972.51it/s]
 73%|███████▎  | 6457/8810 [00:03<00:01, 1776.99it/s]
 77%|███████▋  | 6758/8810 [00:03<00:00, 2096.75it/s]
 79%|███████▉  | 6976/8810 [00:03<00:00, 2110.61it/s]
 82%|████████▏ | 7193/8810 [00:03<00:00, 2111.51it/s]
 84%|████████▍ | 7409/8810 [00:03<00:00, 2101.39it/s]
 87%|████████▋ | 7645/8810 [00:03<00:00, 2175.02it/s]
 89%|████████▉ | 7865/8810 [00:03<00:00, 2010.63it/s]
 92%|█████████▏| 8070/8810 [00:03<00:00, 1838.04it/s]
 94%|█████████▍| 8301/8810 [00:03<00:00, 1962.49it/s]
 97%|█████████▋| 8503/8810 [00:04<00:00, 1760.51it/s]
 99%|█████████▉| 8702/8810 [00:04<00:00, 1713.64it/s]
100%|██████████| 8810/8810 [00:04<00:00, 2058.00it/s]
