
  0%|          | 0/8810 [00:00<?, ?it/s]
  2%|▏         | 188/8810 [00:00<00:04, 1876.15it/s]
  4%|▍         | 384/8810 [00:00<00:04, 1917.96it/s]
  7%|▋         | 638/8810 [00:00<00:03, 2196.12it/s]
 10%|▉         | 858/8810 [00:00<00:03, 2123.59it/s]
 12%|█▏        | 1071/8810 [00:00<00:03, 1986.58it/s]
 15%|█▌        | 1334/8810 [00:00<00:03, 2188.75it/s]
 18%|█▊        | 1556/8810 [00:00<00:03, 2110.85it/s]
 21%|██        | 1821/8810 [00:00<00:03, 2070.30it/s]
 23%|██▎       | 2030/8810 [00:01<00:03, 1932.76it/s]
 26%|██▌       | 2263/8810 [00:01<00:03, 2001.81it/s]
 30%|██▉       | 2611/8810 [00:01<00:02, 2409.30it/s]
 32%|███▏      | 2858/8810 [00:01<00:02, 2165.12it/s]
 35%|███▍      | 3083/8810 [00:01<00:02, 2128.85it/s]
 38%|███▊      | 3363/8810 [00:01<00:02, 2306.23it/s]
 41%|████      | 3600/8810 [00:01<00:02, 2261.62it/s]
 43%|████▎     | 3831/8810 [00:01<00:02, 2180.78it/s]
 47%|████▋     | 4146/8810 [00:01<00:01, 2443.64it/s]
 50%|████▉     | 4395/8810 [00:01<00:01, 2435.03it/s]
 53%|█████▎    | 4642/8810 [00:02<00:01, 2364.18it/s]
 56%|█████▌    | 4893/8810 [00:02<00:01, 2403.77it/s]
 58%|█████▊    | 5136/8810 [00:02<00:01, 2026.53it/s]
 61%|██████    | 5372/8810 [00:02<00:01, 2070.41it/s]
 65%|██████▍   | 5694/8810 [00:02<00:01, 2372.25it/s]
 67%|██████▋   | 5941/8810 [00:02<00:01, 2155.40it/s]
 70%|███████   | 6167/8810 [00:02<00:01, 2121.54it/s]
 73%|███████▎  | 6402/8810 [00:02<00:01, 2181.61it/s]
 76%|███████▌  | 6673/8810 [00:03<00:00, 2324.15it/s]
 79%|███████▉  | 6972/8810 [00:03<00:00, 2330.63it/s]
 82%|████████▏ | 7209/8810 [00:03<00:00, 2272.05it/s]
 84%|████████▍ | 7439/8810 [00:03<00:00, 2187.64it/s]
 88%|████████▊ | 7715/8810 [00:03<00:00, 2179.05it/s]
 90%|█████████ | 7952/8810 [00:03<00:00, 2224.84it/s]
 93%|█████████▎| 8176/8810 [00:03<00:00, 1997.61it/s]
 95%|█████████▌| 8381/8810 [00:03<00:00, 1887.13it/s]
 98%|█████████▊| 8626/8810 [00:03<00:00, 2032.25it/s]
100%|██████████| 8810/8810 [00:04<00:00, 2163.73it/s]
