
  0%|          | 0/8810 [00:00<?, ?it/s]
  2%|▏         | 181/8810 [00:00<00:05, 1579.87it/s]
  5%|▌         | 446/8810 [00:00<00:03, 2166.04it/s]
  8%|▊         | 666/8810 [00:00<00:03, 2107.31it/s]
 10%|█         | 892/8810 [00:00<00:03, 2164.29it/s]
 13%|█▎        | 1110/8810 [00:00<00:03, 2001.99it/s]
 15%|█▌        | 1343/8810 [00:00<00:03, 2104.29it/s]
 18%|█▊        | 1556/8810 [00:00<00:03, 1968.65it/s]
 20%|██        | 1792/8810 [00:00<00:03, 2081.68it/s]
 23%|██▎       | 2004/8810 [00:01<00:03, 1916.46it/s]
 26%|██▌       | 2263/8810 [00:01<00:03, 1931.53it/s]
 29%|██▊       | 2513/8810 [00:01<00:03, 2078.63it/s]
 31%|███       | 2744/8810 [00:01<00:02, 2030.83it/s]
 34%|███▎      | 2970/8810 [00:01<00:02, 2083.79it/s]
 36%|███▌      | 3181/8810 [00:01<00:02, 1922.62it/s]
 39%|███▊      | 3400/8810 [00:01<00:02, 1993.16it/s]
 41%|████      | 3603/8810 [00:01<00:02, 1907.04it/s]
 43%|████▎     | 3797/8810 [00:01<00:02, 1828.98it/s]
 46%|████▌     | 4073/8810 [00:02<00:02, 2077.83it/s]
 49%|████▊     | 4285/8810 [00:02<00:02, 2011.42it/s]
 52%|█████▏    | 4541/8810 [00:02<00:01, 2158.47it/s]
 54%|█████▍    | 4760/8810 [00:02<00:02, 1883.45it/s]
 56%|█████▋    | 4957/8810 [00:02<00:02, 1739.95it/s]
 59%|█████▉    | 5180/8810 [00:02<00:01, 1864.01it/s]
 61%|██████    | 5374/8810 [00:02<00:01, 1815.33it/s]
 64%|██████▎   | 5612/8810 [00:02<00:01, 1965.67it/s]
 66%|██████▌   | 5814/8810 [00:02<00:01, 1932.90it/s]
 68%|██████▊   | 6011/8810 [00:03<00:01, 1890.57it/s]
 70%|███████   | 6203/8810 [00:03<00:01, 1816.36it/s]
 73%|███████▎  | 6400/8810 [00:03<00:01, 1752.23it/s]
 76%|███████▌  | 6652/8810 [00:03<00:01, 1954.20it/s]
 79%|███████▉  | 6969/8810 [00:03<00:00, 2290.53it/s]
 82%|████████▏ | 7203/8810 [00:03<00:00, 2039.76it/s]
 84%|████████▍ | 7415/8810 [00:03<00:00, 2048.13it/s]
 87%|████████▋ | 7631/8810 [00:03<00:00, 2077.19it/s]
 89%|████████▉ | 7843/8810 [00:04<00:00, 1825.55it/s]
 91%|█████████ | 8037/8810 [00:04<00:00, 1712.59it/s]
 94%|█████████▎| 8259/8810 [00:04<00:00, 1839.39it/s]
 96%|█████████▌| 8450/8810 [00:04<00:00, 1772.97it/s]
 99%|█████████▉| 8700/8810 [00:04<00:00, 1961.32it/s]
100%|██████████| 8810/8810 [00:04<00:00, 1943.03it/s]
