
  0%|          | 0/8810 [00:00<?, ?it/s]
  2%|▏         | 185/8810 [00:00<00:04, 1837.03it/s]
  5%|▍         | 409/8810 [00:00<00:04, 2065.32it/s]
  7%|▋         | 656/8810 [00:00<00:03, 2090.47it/s]
 10%|▉         | 865/8810 [00:00<00:03, 2049.19it/s]
 13%|█▎        | 1123/8810 [00:00<00:03, 2229.27it/s]
 15%|█▌        | 1347/8810 [00:00<00:03, 2211.10it/s]
 18%|█▊        | 1590/8810 [00:00<00:03, 2249.40it/s]
 21%|██        | 1846/8810 [00:00<00:02, 2339.81it/s]
 25%|██▍       | 2194/8810 [00:00<00:02, 2684.66it/s]
 28%|██▊       | 2464/8810 [00:01<00:02, 2660.36it/s]
 31%|███       | 2751/8810 [00:01<00:02, 2722.61it/s]
 35%|███▍      | 3045/8810 [00:01<00:02, 2787.47it/s]
 38%|███▊      | 3325/8810 [00:01<00:02, 2489.66it/s]
 41%|████      | 3581/8810 [00:01<00:02, 2344.77it/s]
 43%|████▎     | 3821/8810 [00:01<00:02, 2207.05it/s]
 47%|████▋     | 4108/8810 [00:01<00:01, 2378.63it/s]
 49%|████▉     | 4352/8810 [00:01<00:01, 2273.06it/s]
 52%|█████▏    | 4625/8810 [00:01<00:01, 2283.14it/s]
 55%|█████▌    | 4871/8810 [00:02<00:01, 2330.23it/s]
 58%|█████▊    | 5107/8810 [00:02<00:01, 2172.54it/s]
 61%|██████    | 5372/8810 [00:02<00:01, 2249.86it/s]
 64%|██████▍   | 5645/8810 [00:02<00:01, 2378.03it/s]
 67%|██████▋   | 5886/8810 [00:02<00:01, 2186.97it/s]
 69%|██████▉   | 6110/8810 [00:02<00:01, 2069.84it/s]
 72%|███████▏  | 6367/8810 [00:02<00:01, 2202.38it/s]
 75%|███████▍  | 6592/8810 [00:02<00:01, 2146.55it/s]
 78%|███████▊  | 6861/8810 [00:02<00:00, 2294.91it/s]
 81%|████████  | 7094/8810 [00:03<00:00, 1982.81it/s]
 84%|████████▎ | 7360/8810 [00:03<00:00, 2019.40it/s]
 87%|████████▋ | 7636/8810 [00:03<00:00, 2208.18it/s]
 89%|████████▉ | 7865/8810 [00:03<00:00, 2100.40it/s]
 92%|█████████▏| 8081/8810 [00:03<00:00, 2027.91it/s]
 95%|█████████▍| 8329/8810 [00:03<00:00, 2148.16it/s]
 97%|█████████▋| 8549/8810 [00:03<00:00, 2022.01it/s]
 99%|█████████▉| 8756/8810 [00:03<00:00, 1915.25it/s]
100%|██████████| 8810/8810 [00:03<00:00, 2219.62it/s]
