
  0%|          | 0/8810 [00:00<?, ?it/s]
  2%|▏         | 185/8810 [00:00<00:04, 1836.81it/s]
  6%|▌         | 487/8810 [00:00<00:03, 2526.05it/s]
  8%|▊         | 740/8810 [00:00<00:03, 2307.61it/s]
 11%|█         | 973/8810 [00:00<00:03, 2243.79it/s]
 14%|█▎        | 1199/8810 [00:00<00:03, 2035.87it/s]
 16%|█▋        | 1436/8810 [00:00<00:03, 2137.24it/s]
 19%|█▉        | 1653/8810 [00:00<00:03, 1904.22it/s]
 21%|██        | 1849/8810 [00:00<00:03, 1843.40it/s]
 24%|██▍       | 2133/8810 [00:01<00:03, 2116.10it/s]
 27%|██▋       | 2351/8810 [00:01<00:03, 2018.47it/s]
 30%|███       | 2669/8810 [00:01<00:02, 2333.19it/s]
 33%|███▎      | 2909/8810 [00:01<00:02, 2149.15it/s]
 36%|███▌      | 3131/8810 [00:01<00:02, 2081.42it/s]
 38%|███▊      | 3367/8810 [00:01<00:02, 2155.57it/s]
 41%|████      | 3587/8810 [00:01<00:02, 2022.96it/s]
 43%|████▎     | 3794/8810 [00:01<00:02, 1909.77it/s]
 46%|████▌     | 4073/8810 [00:01<00:02, 2142.05it/s]
 49%|████▊     | 4293/8810 [00:02<00:02, 2097.33it/s]
 52%|█████▏    | 4542/8810 [00:02<00:01, 2205.40it/s]
 54%|█████▍    | 4766/8810 [00:02<00:02, 1967.21it/s]
 56%|█████▋    | 4970/8810 [00:02<00:02, 1784.15it/s]
 59%|█████▉    | 5194/8810 [00:02<00:01, 1898.48it/s]
 61%|██████    | 5391/8810 [00:02<00:01, 1836.29it/s]
 64%|██████▍   | 5646/8810 [00:02<00:01, 2021.35it/s]
 66%|██████▋   | 5854/8810 [00:02<00:01, 1923.35it/s]
 69%|██████▊   | 6051/8810 [00:03<00:01, 1765.80it/s]
 72%|███████▏  | 6305/8810 [00:03<00:01, 1964.80it/s]
 74%|███████▍  | 6508/8810 [00:03<00:01, 1753.07it/s]
 77%|███████▋  | 6766/8810 [00:03<00:01, 1962.91it/s]
 79%|███████▉  | 6972/8810 [00:03<00:00, 1959.92it/s]
 82%|████████▏ | 7213/8810 [00:03<00:00, 2080.64it/s]
 84%|████████▍ | 7428/8810 [00:03<00:00, 2098.83it/s]
 87%|████████▋ | 7642/8810 [00:03<00:00, 2067.03it/s]
 89%|████████▉ | 7852/8810 [00:03<00:00, 1890.98it/s]
 91%|█████████▏| 8046/8810 [00:04<00:00, 1817.73it/s]
 94%|█████████▍| 8273/8810 [00:04<00:00, 1938.57it/s]
 96%|█████████▌| 8471/8810 [00:04<00:00, 1785.53it/s]
 99%|█████████▉| 8702/8810 [00:04<00:00, 1810.87it/s]
100%|██████████| 8810/8810 [00:04<00:00, 1990.76it/s]
