
  0%|          | 0/8810 [00:00<?, ?it/s]
  2%|▏         | 181/8810 [00:00<00:06, 1382.47it/s]
  5%|▍         | 422/8810 [00:00<00:04, 1916.60it/s]
  7%|▋         | 653/8810 [00:00<00:03, 2081.20it/s]
 10%|▉         | 866/8810 [00:00<00:04, 1769.58it/s]
 12%|█▏        | 1052/8810 [00:00<00:04, 1618.74it/s]
 14%|█▍        | 1247/8810 [00:00<00:04, 1708.39it/s]
 17%|█▋        | 1457/8810 [00:00<00:04, 1614.50it/s]
 19%|█▊        | 1643/8810 [00:00<00:04, 1680.23it/s]
 21%|██        | 1821/8810 [00:01<00:04, 1636.07it/s]
 23%|██▎       | 2019/8810 [00:01<00:03, 1730.23it/s]
 26%|██▌       | 2260/8810 [00:01<00:03, 1921.41it/s]
 28%|██▊       | 2457/8810 [00:01<00:03, 1808.13it/s]
 30%|███       | 2668/8810 [00:01<00:03, 1886.58it/s]
 32%|███▏      | 2860/8810 [00:01<00:03, 1703.85it/s]
 35%|███▍      | 3040/8810 [00:01<00:03, 1720.36it/s]
 37%|███▋      | 3216/8810 [00:01<00:03, 1597.56it/s]
 39%|███▊      | 3408/8810 [00:01<00:03, 1680.79it/s]
 41%|████      | 3580/8810 [00:02<00:03, 1571.78it/s]
 43%|████▎     | 3774/8810 [00:02<00:03, 1568.14it/s]
 45%|████▌     | 3976/8810 [00:02<00:02, 1685.96it/s]
 47%|████▋     | 4180/8810 [00:02<00:02, 1680.11it/s]
 50%|████▉     | 4404/8810 [00:02<00:02, 1828.64it/s]
 52%|█████▏    | 4593/8810 [00:02<00:02, 1841.49it/s]
 54%|█████▍    | 4780/8810 [00:02<00:02, 1673.06it/s]
 56%|█████▌    | 4952/8810 [00:02<00:02, 1529.11it/s]
 59%|█████▊    | 5170/8810 [00:03<00:02, 1695.00it/s]
 61%|██████    | 5372/8810 [00:03<00:02, 1631.82it/s]
 64%|██████▎   | 5597/8810 [00:03<00:01, 1790.62it/s]
 66%|██████▌   | 5782/8810 [00:03<00:01, 1742.59it/s]
 68%|██████▊   | 5961/8810 [00:03<00:01, 1689.59it/s]
 70%|██████▉   | 6133/8810 [00:03<00:01, 1621.77it/s]
 72%|███████▏  | 6334/8810 [00:03<00:01, 1725.03it/s]
 74%|███████▍  | 6509/8810 [00:03<00:01, 1621.71it/s]
 77%|███████▋  | 6749/8810 [00:03<00:01, 1828.44it/s]
 79%|███████▉  | 6972/8810 [00:04<00:01, 1808.65it/s]
 81%|████████  | 7156/8810 [00:04<00:00, 1813.98it/s]
 83%|████████▎ | 7346/8810 [00:04<00:00, 1837.38it/s]
 85%|████████▌ | 7532/8810 [00:04<00:00, 1647.42it/s]
 88%|████████▊ | 7715/8810 [00:04<00:00, 1640.79it/s]
 90%|█████████ | 7937/8810 [00:04<00:00, 1795.31it/s]
 92%|█████████▏| 8121/8810 [00:04<00:00, 1590.77it/s]
 94%|█████████▍| 8317/8810 [00:04<00:00, 1682.30it/s]
 96%|█████████▋| 8492/8810 [00:04<00:00, 1575.29it/s]
 99%|█████████▊| 8685/8810 [00:05<00:00, 1665.87it/s]
100%|██████████| 8810/8810 [00:05<00:00, 1694.01it/s]
