
  0%|          | 0/8810 [00:00<?, ?it/s]
  3%|▎         | 238/8810 [00:00<00:03, 2376.51it/s]
  6%|▋         | 568/8810 [00:00<00:02, 2916.18it/s]
 10%|▉         | 860/8810 [00:00<00:02, 2722.44it/s]
 13%|█▎        | 1134/8810 [00:00<00:02, 2636.60it/s]
 17%|█▋        | 1457/8810 [00:00<00:02, 2603.19it/s]
 20%|██        | 1763/8810 [00:00<00:02, 2744.01it/s]
 23%|██▎       | 2040/8810 [00:00<00:02, 2402.00it/s]
 26%|██▌       | 2288/8810 [00:00<00:02, 2416.03it/s]
 31%|███       | 2709/8810 [00:01<00:02, 2920.62it/s]
 34%|███▍      | 3010/8810 [00:01<00:02, 2719.54it/s]
 37%|███▋      | 3290/8810 [00:01<00:02, 2666.77it/s]
 40%|████      | 3563/8810 [00:01<00:01, 2670.87it/s]
 44%|████▎     | 3834/8810 [00:01<00:01, 2597.46it/s]
 47%|████▋     | 4180/8810 [00:01<00:01, 2617.36it/s]
 51%|█████     | 4485/8810 [00:01<00:01, 2732.44it/s]
 54%|█████▍    | 4761/8810 [00:01<00:01, 2553.84it/s]
 57%|█████▋    | 5020/8810 [00:01<00:01, 2399.97it/s]
 60%|█████▉    | 5284/8810 [00:02<00:01, 2461.42it/s]
 63%|██████▎   | 5539/8810 [00:02<00:01, 2483.31it/s]
 66%|██████▌   | 5819/8810 [00:02<00:01, 2571.47it/s]
 69%|██████▉   | 6079/8810 [00:02<00:01, 2338.84it/s]
 72%|███████▏  | 6382/8810 [00:02<00:00, 2523.29it/s]
 75%|███████▌  | 6640/8810 [00:02<00:00, 2312.88it/s]
 78%|███████▊  | 6898/8810 [00:02<00:00, 2378.69it/s]
 81%|████████  | 7142/8810 [00:02<00:00, 2134.21it/s]
 84%|████████▎ | 7363/8810 [00:02<00:00, 2073.10it/s]
 87%|████████▋ | 7648/8810 [00:03<00:00, 2276.52it/s]
 89%|████████▉ | 7882/8810 [00:03<00:00, 2267.07it/s]
 92%|█████████▏| 8114/8810 [00:03<00:00, 2229.92it/s]
 95%|█████████▍| 8361/8810 [00:03<00:00, 2235.18it/s]
 99%|█████████▊| 8685/8810 [00:03<00:00, 2512.52it/s]
100%|██████████| 8810/8810 [00:03<00:00, 2475.72it/s]
