
  0%|          | 0/8810 [00:00<?, ?it/s]
  2%|▏         | 181/8810 [00:00<00:06, 1355.81it/s]
  5%|▍         | 412/8810 [00:00<00:04, 1847.37it/s]
  7%|▋         | 655/8810 [00:00<00:03, 2078.04it/s]
 10%|▉         | 868/8810 [00:00<00:04, 1767.43it/s]
 12%|█▏        | 1054/8810 [00:00<00:04, 1709.14it/s]
 14%|█▍        | 1270/8810 [00:00<00:04, 1842.95it/s]
 17%|█▋        | 1460/8810 [00:00<00:04, 1688.79it/s]
 19%|█▊        | 1649/8810 [00:00<00:04, 1744.05it/s]
 21%|██        | 1828/8810 [00:01<00:04, 1639.57it/s]
 23%|██▎       | 2026/8810 [00:01<00:03, 1732.36it/s]
 25%|██▌       | 2230/8810 [00:01<00:03, 1809.44it/s]
 27%|██▋       | 2414/8810 [00:01<00:03, 1671.77it/s]
 30%|███       | 2677/8810 [00:01<00:03, 1931.16it/s]
 33%|███▎      | 2876/8810 [00:01<00:03, 1838.12it/s]
 35%|███▍      | 3065/8810 [00:01<00:03, 1654.20it/s]
 37%|███▋      | 3243/8810 [00:01<00:03, 1684.17it/s]
 39%|███▉      | 3416/8810 [00:01<00:03, 1612.92it/s]
 41%|████▏     | 3640/8810 [00:02<00:02, 1778.81it/s]
 43%|████▎     | 3823/8810 [00:02<00:03, 1643.69it/s]
 46%|████▌     | 4036/8810 [00:02<00:02, 1770.62it/s]
 48%|████▊     | 4218/8810 [00:02<00:02, 1695.52it/s]
 51%|█████     | 4464/8810 [00:02<00:02, 1898.69it/s]
 53%|█████▎    | 4659/8810 [00:02<00:02, 1766.90it/s]
 55%|█████▍    | 4841/8810 [00:02<00:02, 1776.49it/s]
 57%|█████▋    | 5022/8810 [00:02<00:02, 1634.65it/s]
 60%|█████▉    | 5255/8810 [00:02<00:01, 1816.27it/s]
 62%|██████▏   | 5442/8810 [00:03<00:01, 1715.16it/s]
 65%|██████▍   | 5684/8810 [00:03<00:01, 1902.84it/s]
 67%|██████▋   | 5880/8810 [00:03<00:01, 1726.36it/s]
 69%|██████▉   | 6059/8810 [00:03<00:01, 1594.61it/s]
 71%|███████▏  | 6288/8810 [00:03<00:01, 1769.58it/s]
 73%|███████▎  | 6472/8810 [00:03<00:01, 1687.95it/s]
 77%|███████▋  | 6745/8810 [00:03<00:01, 1959.79it/s]
 79%|███████▉  | 6972/8810 [00:03<00:00, 1902.57it/s]
 82%|████████▏ | 7183/8810 [00:04<00:00, 1956.07it/s]
 84%|████████▍ | 7383/8810 [00:04<00:00, 1869.18it/s]
 86%|████████▌ | 7574/8810 [00:04<00:00, 1839.77it/s]
 88%|████████▊ | 7761/8810 [00:04<00:00, 1687.62it/s]
 90%|█████████ | 7951/8810 [00:04<00:00, 1742.48it/s]
 92%|█████████▏| 8129/8810 [00:04<00:00, 1612.62it/s]
 95%|█████████▍| 8361/8810 [00:04<00:00, 1648.07it/s]
 98%|█████████▊| 8604/8810 [00:04<00:00, 1848.71it/s]
100%|█████████▉| 8794/8810 [00:04<00:00, 1770.94it/s]
100%|██████████| 8810/8810 [00:05<00:00, 1761.07it/s]
