
  0%|          | 0/8810 [00:00<?, ?it/s]
  3%|▎         | 230/8810 [00:00<00:03, 2290.90it/s]
  7%|▋         | 575/8810 [00:00<00:02, 2968.32it/s]
 10%|▉         | 872/8810 [00:00<00:03, 2543.35it/s]
 13%|█▎        | 1133/8810 [00:00<00:03, 2103.24it/s]
 16%|█▋        | 1439/8810 [00:00<00:03, 2383.72it/s]
 19%|█▉        | 1691/8810 [00:00<00:03, 2339.92it/s]
 22%|██▏       | 1934/8810 [00:00<00:03, 2112.39it/s]
 26%|██▌       | 2263/8810 [00:00<00:02, 2264.63it/s]
 30%|██▉       | 2605/8810 [00:01<00:02, 2568.37it/s]
 33%|███▎      | 2872/8810 [00:01<00:02, 2394.45it/s]
 35%|███▌      | 3119/8810 [00:01<00:02, 2248.11it/s]
 38%|███▊      | 3369/8810 [00:01<00:02, 2311.76it/s]
 41%|████      | 3606/8810 [00:01<00:02, 2184.28it/s]
 43%|████▎     | 3829/8810 [00:01<00:02, 2102.20it/s]
 46%|████▋     | 4080/8810 [00:01<00:02, 2210.52it/s]
 49%|████▉     | 4305/8810 [00:01<00:02, 2064.82it/s]
 52%|█████▏    | 4582/8810 [00:02<00:01, 2252.09it/s]
 55%|█████▍    | 4812/8810 [00:02<00:01, 2084.55it/s]
 57%|█████▋    | 5026/8810 [00:02<00:02, 1870.02it/s]
 60%|██████    | 5290/8810 [00:02<00:01, 2065.13it/s]
 62%|██████▏   | 5505/8810 [00:02<00:01, 1881.18it/s]
 65%|██████▌   | 5754/8810 [00:02<00:01, 1920.36it/s]
 68%|██████▊   | 5952/8810 [00:02<00:01, 1927.56it/s]
 70%|██████▉   | 6149/8810 [00:02<00:01, 1877.54it/s]
 73%|███████▎  | 6400/8810 [00:02<00:01, 1884.23it/s]
 75%|███████▌  | 6633/8810 [00:03<00:01, 1997.88it/s]
 79%|███████▊  | 6920/8810 [00:03<00:00, 2233.63it/s]
 81%|████████  | 7148/8810 [00:03<00:00, 2137.90it/s]
 84%|████████▎ | 7366/8810 [00:03<00:00, 2102.43it/s]
 86%|████████▌ | 7594/8810 [00:03<00:00, 2151.69it/s]
 89%|████████▊ | 7812/8810 [00:03<00:00, 2008.86it/s]
 91%|█████████ | 8036/8810 [00:03<00:00, 2063.78it/s]
 94%|█████████▎| 8245/8810 [00:03<00:00, 1914.77it/s]
 96%|█████████▌| 8440/8810 [00:04<00:00, 1803.72it/s]
 99%|█████████▊| 8695/8810 [00:04<00:00, 2001.05it/s]
100%|██████████| 8810/8810 [00:04<00:00, 2094.88it/s]
