
  0%|          | 0/8810 [00:00<?, ?it/s]
  3%|▎         | 245/8810 [00:00<00:03, 2447.16it/s]
  7%|▋         | 595/8810 [00:00<00:02, 3060.97it/s]
 10%|█         | 902/8810 [00:00<00:02, 2746.53it/s]
 13%|█▎        | 1181/8810 [00:00<00:02, 2710.82it/s]
 17%|█▋        | 1457/8810 [00:00<00:02, 2598.49it/s]
 20%|██        | 1766/8810 [00:00<00:02, 2753.97it/s]
 23%|██▎       | 2044/8810 [00:00<00:02, 2575.33it/s]
 26%|██▌       | 2305/8810 [00:00<00:02, 2549.12it/s]
 30%|██▉       | 2641/8810 [00:00<00:02, 2786.06it/s]
 33%|███▎      | 2923/8810 [00:01<00:02, 2441.31it/s]
 36%|███▌      | 3176/8810 [00:01<00:02, 2427.32it/s]
 39%|███▉      | 3425/8810 [00:01<00:02, 2305.94it/s]
 43%|████▎     | 3766/8810 [00:01<00:01, 2600.76it/s]
 46%|████▌     | 4033/8810 [00:01<00:01, 2493.93it/s]
 49%|████▊     | 4288/8810 [00:01<00:01, 2371.12it/s]
 52%|█████▏    | 4578/8810 [00:01<00:01, 2511.82it/s]
 55%|█████▍    | 4834/8810 [00:01<00:01, 2507.57it/s]
 58%|█████▊    | 5088/8810 [00:02<00:01, 2402.41it/s]
 61%|██████    | 5372/8810 [00:02<00:01, 2453.29it/s]
 65%|██████▌   | 5729/8810 [00:02<00:01, 2764.43it/s]
 68%|██████▊   | 6010/8810 [00:02<00:01, 2445.90it/s]
 71%|███████   | 6264/8810 [00:02<00:01, 2274.72it/s]
 74%|███████▍  | 6519/8810 [00:02<00:00, 2344.83it/s]
 78%|███████▊  | 6871/8810 [00:02<00:00, 2660.63it/s]
 81%|████████  | 7146/8810 [00:02<00:00, 2646.27it/s]
 84%|████████▍ | 7417/8810 [00:02<00:00, 2627.14it/s]
 87%|████████▋ | 7684/8810 [00:03<00:00, 2633.92it/s]
 90%|█████████ | 7951/8810 [00:03<00:00, 2546.73it/s]
 93%|█████████▎| 8208/8810 [00:03<00:00, 2430.02it/s]
 96%|█████████▌| 8454/8810 [00:03<00:00, 2395.25it/s]
 99%|█████████▉| 8702/8810 [00:03<00:00, 2280.54it/s]
100%|██████████| 8810/8810 [00:03<00:00, 2501.78it/s]
