
  0%|          | 0/8810 [00:00<?, ?it/s]
  4%|▍         | 341/8810 [00:00<00:02, 3385.03it/s]
  8%|▊         | 680/8810 [00:00<00:02, 3353.34it/s]
 12%|█▏        | 1016/8810 [00:00<00:02, 3182.93it/s]
 16%|█▌        | 1417/8810 [00:00<00:02, 3496.52it/s]
 20%|██        | 1769/8810 [00:00<00:02, 3496.81it/s]
 24%|██▍       | 2120/8810 [00:00<00:01, 3400.86it/s]
 28%|██▊       | 2462/8810 [00:00<00:01, 3381.00it/s]
 32%|███▏      | 2817/8810 [00:00<00:01, 3428.71it/s]
 36%|███▌      | 3161/8810 [00:00<00:01, 3356.69it/s]
 40%|███▉      | 3498/8810 [00:01<00:01, 3219.09it/s]
 43%|████▎     | 3832/8810 [00:01<00:01, 3251.28it/s]
 48%|████▊     | 4199/8810 [00:01<00:01, 3371.77it/s]
 52%|█████▏    | 4625/8810 [00:01<00:01, 3457.85it/s]
 56%|█████▋    | 4971/8810 [00:01<00:01, 3220.98it/s]
 61%|██████    | 5372/8810 [00:01<00:01, 3313.37it/s]
 65%|██████▌   | 5754/8810 [00:01<00:00, 3325.79it/s]
 69%|██████▉   | 6088/8810 [00:01<00:00, 3209.96it/s]
 73%|███████▎  | 6430/8810 [00:01<00:00, 3264.18it/s]
 78%|███████▊  | 6883/8810 [00:02<00:00, 3617.29it/s]
 82%|████████▏ | 7248/8810 [00:02<00:00, 3440.16it/s]
 86%|████████▌ | 7596/8810 [00:02<00:00, 3384.46it/s]
 90%|█████████ | 7937/8810 [00:02<00:00, 3279.31it/s]
 94%|█████████▍| 8267/8810 [00:02<00:00, 3091.11it/s]
 97%|█████████▋| 8579/8810 [00:02<00:00, 3050.05it/s]
100%|██████████| 8810/8810 [00:02<00:00, 3271.18it/s]
