
  0%|          | 0/8810 [00:00<?, ?it/s]
  2%|▏         | 201/8810 [00:00<00:04, 1979.16it/s]
  7%|▋         | 598/8810 [00:00<00:02, 3136.60it/s]
 10%|█         | 913/8810 [00:00<00:02, 2640.89it/s]
 13%|█▎        | 1186/8810 [00:00<00:03, 2396.79it/s]
 17%|█▋        | 1457/8810 [00:00<00:03, 2380.68it/s]
 21%|██        | 1811/8810 [00:00<00:02, 2723.44it/s]
 24%|██▎       | 2091/8810 [00:00<00:02, 2624.65it/s]
 27%|██▋       | 2359/8810 [00:00<00:02, 2432.42it/s]
 30%|███       | 2679/8810 [00:01<00:02, 2641.83it/s]
 33%|███▎      | 2950/8810 [00:01<00:02, 2513.42it/s]
 36%|███▋      | 3207/8810 [00:01<00:02, 2229.29it/s]
 39%|███▉      | 3441/8810 [00:01<00:02, 2256.91it/s]
 43%|████▎     | 3774/8810 [00:01<00:02, 2385.65it/s]
 47%|████▋     | 4175/8810 [00:01<00:01, 2809.43it/s]
 51%|█████     | 4476/8810 [00:01<00:01, 2863.52it/s]
 54%|█████▍    | 4769/8810 [00:01<00:01, 2723.30it/s]
 57%|█████▋    | 5047/8810 [00:01<00:01, 2604.04it/s]
 61%|██████    | 5372/8810 [00:02<00:01, 2607.53it/s]
 65%|██████▍   | 5712/8810 [00:02<00:01, 2815.23it/s]
 68%|██████▊   | 5998/8810 [00:02<00:01, 2673.79it/s]
 71%|███████   | 6270/8810 [00:02<00:00, 2683.28it/s]
 74%|███████▍  | 6542/8810 [00:02<00:00, 2663.40it/s]
 79%|███████▉  | 6968/8810 [00:02<00:00, 3107.68it/s]
 83%|████████▎ | 7283/8810 [00:02<00:00, 2904.77it/s]
 86%|████████▌ | 7579/8810 [00:02<00:00, 2825.72it/s]
 89%|████████▉ | 7865/8810 [00:02<00:00, 2738.65it/s]
 92%|█████████▏| 8142/8810 [00:03<00:00, 2461.38it/s]
 95%|█████████▌| 8394/8810 [00:03<00:00, 2442.59it/s]
 99%|█████████▉| 8702/8810 [00:03<00:00, 2493.86it/s]
100%|██████████| 8810/8810 [00:03<00:00, 2616.94it/s]
