
  0%|          | 0/8810 [00:00<?, ?it/s]
  4%|▍         | 338/8810 [00:00<00:02, 3373.06it/s]
  8%|▊         | 696/8810 [00:00<00:02, 3479.12it/s]
 12%|█▏        | 1044/8810 [00:00<00:02, 3311.22it/s]
 16%|█▋        | 1447/8810 [00:00<00:02, 3585.68it/s]
 21%|██        | 1807/8810 [00:00<00:02, 3440.90it/s]
 24%|██▍       | 2153/8810 [00:00<00:01, 3379.98it/s]
 28%|██▊       | 2500/8810 [00:00<00:01, 3407.64it/s]
 32%|███▏      | 2842/8810 [00:00<00:01, 3392.27it/s]
 36%|███▌      | 3182/8810 [00:00<00:01, 3278.39it/s]
 40%|███▉      | 3511/8810 [00:01<00:01, 3244.94it/s]
 44%|████▎     | 3837/8810 [00:01<00:01, 3226.66it/s]
 47%|████▋     | 4180/8810 [00:01<00:01, 3227.96it/s]
 52%|█████▏    | 4567/8810 [00:01<00:01, 3411.44it/s]
 56%|█████▌    | 4909/8810 [00:01<00:01, 3166.39it/s]
 59%|█████▉    | 5230/8810 [00:01<00:01, 3127.06it/s]
 63%|██████▎   | 5546/8810 [00:01<00:01, 3125.00it/s]
 67%|██████▋   | 5865/8810 [00:01<00:00, 3141.74it/s]
 70%|███████   | 6181/8810 [00:01<00:00, 3027.47it/s]
 74%|███████▎  | 6488/8810 [00:02<00:00, 3037.51it/s]
 78%|███████▊  | 6885/8810 [00:02<00:00, 3300.27it/s]
 82%|████████▏ | 7217/8810 [00:02<00:00, 3140.70it/s]
 86%|████████▌ | 7534/8810 [00:02<00:00, 2903.08it/s]
 89%|████████▉ | 7829/8810 [00:02<00:00, 2882.59it/s]
 92%|█████████▏| 8121/8810 [00:02<00:00, 2759.10it/s]
 95%|█████████▌| 8400/8810 [00:02<00:00, 2763.08it/s]
 99%|█████████▉| 8702/8810 [00:02<00:00, 2705.32it/s]
100%|██████████| 8810/8810 [00:02<00:00, 3120.36it/s]
