
  0%|          | 0/8810 [00:00<?, ?it/s]
  2%|▏         | 181/8810 [00:00<00:05, 1498.63it/s]
  4%|▍         | 358/8810 [00:00<00:05, 1631.26it/s]
  6%|▌         | 533/8810 [00:00<00:04, 1682.28it/s]
  8%|▊         | 703/8810 [00:00<00:05, 1489.16it/s]
 10%|█         | 897/8810 [00:00<00:04, 1632.28it/s]
 12%|█▏        | 1064/8810 [00:00<00:05, 1406.82it/s]
 14%|█▍        | 1247/8810 [00:00<00:04, 1521.60it/s]
 16%|█▌        | 1416/8810 [00:00<00:04, 1565.11it/s]
 18%|█▊        | 1578/8810 [00:01<00:05, 1424.68it/s]
 20%|██        | 1781/8810 [00:01<00:04, 1582.69it/s]
 22%|██▏       | 1945/8810 [00:01<00:05, 1232.43it/s]
 24%|██▍       | 2146/8810 [00:01<00:04, 1413.81it/s]
 26%|██▌       | 2303/8810 [00:01<00:04, 1335.56it/s]
 29%|██▉       | 2544/8810 [00:01<00:03, 1601.14it/s]
 31%|███       | 2731/8810 [00:01<00:03, 1666.23it/s]
 33%|███▎      | 2908/8810 [00:01<00:03, 1503.82it/s]
 35%|███▍      | 3069/8810 [00:02<00:04, 1426.24it/s]
 37%|███▋      | 3235/8810 [00:02<00:03, 1485.45it/s]
 39%|███▊      | 3399/8810 [00:02<00:03, 1523.40it/s]
 40%|████      | 3556/8810 [00:02<00:03, 1396.43it/s]
 43%|████▎     | 3768/8810 [00:02<00:03, 1581.74it/s]
 45%|████▍     | 3932/8810 [00:02<00:03, 1404.29it/s]
 47%|████▋     | 4138/8810 [00:02<00:02, 1563.86it/s]
 49%|████▉     | 4302/8810 [00:02<00:02, 1519.85it/s]
 51%|█████     | 4514/8810 [00:02<00:02, 1679.24it/s]
 53%|█████▎    | 4688/8810 [00:03<00:02, 1453.75it/s]
 55%|█████▍    | 4844/8810 [00:03<00:02, 1472.57it/s]
 57%|█████▋    | 4998/8810 [00:03<00:02, 1326.01it/s]
 59%|█████▊    | 5172/8810 [00:03<00:02, 1429.41it/s]
 61%|██████    | 5348/8810 [00:03<00:02, 1515.49it/s]
 62%|██████▏   | 5506/8810 [00:03<00:02, 1493.89it/s]
 65%|██████▍   | 5703/8810 [00:03<00:01, 1619.66it/s]
 67%|██████▋   | 5869/8810 [00:03<00:01, 1489.35it/s]
 68%|██████▊   | 6023/8810 [00:04<00:01, 1423.04it/s]
 70%|███████   | 6169/8810 [00:04<00:01, 1401.80it/s]
 72%|███████▏  | 6323/8810 [00:04<00:01, 1439.27it/s]
 73%|███████▎  | 6469/8810 [00:04<00:01, 1384.08it/s]
 76%|███████▌  | 6669/8810 [00:04<00:01, 1550.16it/s]
 78%|███████▊  | 6871/8810 [00:04<00:01, 1681.45it/s]
 80%|███████▉  | 7042/8810 [00:04<00:01, 1592.34it/s]
 82%|████████▏ | 7204/8810 [00:04<00:01, 1582.00it/s]
 84%|████████▎ | 7364/8810 [00:04<00:00, 1544.14it/s]
 85%|████████▌ | 7520/8810 [00:05<00:00, 1478.13it/s]
 87%|████████▋ | 7706/8810 [00:05<00:00, 1584.19it/s]
 89%|████████▉ | 7867/8810 [00:05<00:00, 1395.37it/s]
 91%|█████████ | 8029/8810 [00:05<00:00, 1451.71it/s]
 93%|█████████▎| 8179/8810 [00:05<00:00, 1316.68it/s]
 94%|█████████▍| 8316/8810 [00:05<00:00, 1317.83it/s]
 96%|█████████▌| 8452/8810 [00:05<00:00, 1207.43it/s]
 98%|█████████▊| 8630/8810 [00:05<00:00, 1351.67it/s]
100%|█████████▉| 8770/8810 [00:05<00:00, 1301.86it/s]
100%|██████████| 8810/8810 [00:06<00:00, 1467.93it/s]
