
  0%|          | 0/8810 [00:00<?, ?it/s]
  2%|▏         | 181/8810 [00:00<00:05, 1699.19it/s]
  4%|▍         | 351/8810 [00:00<00:05, 1687.56it/s]
  7%|▋         | 626/8810 [00:00<00:03, 2159.05it/s]
 10%|▉         | 843/8810 [00:00<00:04, 1975.72it/s]
 12%|█▏        | 1044/8810 [00:00<00:04, 1828.59it/s]
 14%|█▍        | 1259/8810 [00:00<00:03, 1926.03it/s]
 17%|█▋        | 1457/8810 [00:00<00:04, 1787.95it/s]
 19%|█▉        | 1661/8810 [00:00<00:03, 1855.04it/s]
 21%|██        | 1850/8810 [00:01<00:03, 1768.54it/s]
 24%|██▎       | 2088/8810 [00:01<00:03, 1937.31it/s]
 26%|██▌       | 2285/8810 [00:01<00:03, 1752.64it/s]
 29%|██▊       | 2519/8810 [00:01<00:03, 1909.53it/s]
 31%|███       | 2716/8810 [00:01<00:03, 1826.67it/s]
 33%|███▎      | 2903/8810 [00:01<00:03, 1635.83it/s]
 35%|███▍      | 3073/8810 [00:01<00:03, 1549.63it/s]
 37%|███▋      | 3268/8810 [00:01<00:03, 1651.20it/s]
 39%|███▉      | 3438/8810 [00:01<00:03, 1595.96it/s]
 41%|████      | 3601/8810 [00:02<00:03, 1515.13it/s]
 43%|████▎     | 3774/8810 [00:02<00:03, 1457.81it/s]
 46%|████▌     | 4009/8810 [00:02<00:02, 1688.22it/s]
 47%|████▋     | 4183/8810 [00:02<00:02, 1603.51it/s]
 50%|█████     | 4415/8810 [00:02<00:02, 1794.92it/s]
 52%|█████▏    | 4625/8810 [00:02<00:02, 1695.39it/s]
 54%|█████▍    | 4800/8810 [00:02<00:02, 1703.56it/s]
 56%|█████▋    | 4974/8810 [00:02<00:02, 1573.57it/s]
 59%|█████▊    | 5172/8810 [00:03<00:02, 1679.66it/s]
 61%|██████    | 5372/8810 [00:03<00:02, 1654.69it/s]
 64%|██████▎   | 5613/8810 [00:03<00:01, 1853.93it/s]
 66%|██████▌   | 5803/8810 [00:03<00:01, 1807.09it/s]
 68%|██████▊   | 5987/8810 [00:03<00:01, 1782.56it/s]
 70%|███████   | 6168/8810 [00:03<00:01, 1746.33it/s]
 73%|███████▎  | 6400/8810 [00:03<00:01, 1754.39it/s]
 76%|███████▌  | 6652/8810 [00:03<00:01, 1958.08it/s]
 79%|███████▊  | 6933/8810 [00:03<00:00, 2190.87it/s]
 81%|████████  | 7156/8810 [00:04<00:00, 2001.19it/s]
 84%|████████▎ | 7362/8810 [00:04<00:00, 1923.29it/s]
 86%|████████▌ | 7559/8810 [00:04<00:00, 1917.65it/s]
 88%|████████▊ | 7754/8810 [00:04<00:00, 1877.55it/s]
 91%|█████████ | 7974/8810 [00:04<00:00, 1962.21it/s]
 93%|█████████▎| 8173/8810 [00:04<00:00, 1840.48it/s]
 95%|█████████▍| 8361/8810 [00:04<00:00, 1716.20it/s]
 98%|█████████▊| 8592/8810 [00:04<00:00, 1873.57it/s]
100%|█████████▉| 8784/8810 [00:04<00:00, 1726.74it/s]
100%|██████████| 8810/8810 [00:04<00:00, 1778.90it/s]
