
  0%|          | 0/8810 [00:00<?, ?it/s]
  2%|▏         | 203/8810 [00:00<00:04, 2029.40it/s]
  6%|▌         | 487/8810 [00:00<00:03, 2496.74it/s]
  8%|▊         | 737/8810 [00:00<00:03, 2330.87it/s]
 11%|█▏        | 996/8810 [00:00<00:03, 2224.99it/s]
 15%|█▍        | 1298/8810 [00:00<00:03, 2483.34it/s]
 18%|█▊        | 1550/8810 [00:00<00:03, 2354.77it/s]
 21%|██        | 1821/8810 [00:00<00:03, 2328.30it/s]
 24%|██▍       | 2125/8810 [00:00<00:02, 2531.68it/s]
 27%|██▋       | 2382/8810 [00:01<00:02, 2370.09it/s]
 31%|███       | 2744/8810 [00:01<00:02, 2566.72it/s]
 34%|███▍      | 3006/8810 [00:01<00:02, 2574.44it/s]
 37%|███▋      | 3265/8810 [00:01<00:02, 2386.44it/s]
 40%|███▉      | 3507/8810 [00:01<00:02, 2317.38it/s]
 43%|████▎     | 3774/8810 [00:01<00:02, 2359.25it/s]
 47%|████▋     | 4097/8810 [00:01<00:01, 2597.45it/s]
 49%|████▉     | 4360/8810 [00:01<00:01, 2456.65it/s]
 52%|█████▏    | 4625/8810 [00:01<00:01, 2445.85it/s]
 55%|█████▌    | 4872/8810 [00:02<00:01, 2387.69it/s]
 58%|█████▊    | 5113/8810 [00:02<00:01, 2290.44it/s]
 61%|██████    | 5372/8810 [00:02<00:01, 2349.17it/s]
 65%|██████▍   | 5684/8810 [00:02<00:01, 2562.19it/s]
 67%|██████▋   | 5943/8810 [00:02<00:01, 2361.45it/s]
 70%|███████   | 6184/8810 [00:02<00:01, 2353.73it/s]
 73%|███████▎  | 6423/8810 [00:02<00:01, 2271.21it/s]
 76%|███████▋  | 6725/8810 [00:02<00:00, 2471.87it/s]
 79%|███████▉  | 6976/8810 [00:02<00:00, 2339.88it/s]
 82%|████████▏ | 7214/8810 [00:03<00:00, 2046.96it/s]
 85%|████████▍ | 7449/8810 [00:03<00:00, 2120.70it/s]
 88%|████████▊ | 7713/8810 [00:03<00:00, 2257.63it/s]
 90%|█████████ | 7946/8810 [00:03<00:00, 2064.02it/s]
 93%|█████████▎| 8160/8810 [00:03<00:00, 1839.86it/s]
 95%|█████████▍| 8361/8810 [00:03<00:00, 1851.38it/s]
 98%|█████████▊| 8624/8810 [00:03<00:00, 2052.58it/s]
100%|██████████| 8810/8810 [00:03<00:00, 2271.15it/s]
