
  0%|          | 0/8810 [00:00<?, ?it/s]
  4%|▍         | 341/8810 [00:00<00:02, 3383.05it/s]
  8%|▊         | 680/8810 [00:00<00:02, 3342.94it/s]
 12%|█▏        | 1015/8810 [00:00<00:02, 3040.54it/s]
 16%|█▌        | 1386/8810 [00:00<00:02, 3286.38it/s]
 20%|█▉        | 1718/8810 [00:00<00:02, 3229.10it/s]
 23%|██▎       | 2043/8810 [00:00<00:02, 3171.93it/s]
 27%|██▋       | 2362/8810 [00:00<00:02, 3156.53it/s]
 31%|███       | 2744/8810 [00:00<00:01, 3328.48it/s]
 35%|███▍      | 3078/8810 [00:00<00:01, 3221.85it/s]
 39%|███▊      | 3410/8810 [00:01<00:01, 3101.73it/s]
 43%|████▎     | 3774/8810 [00:01<00:01, 3187.10it/s]
 47%|████▋     | 4180/8810 [00:01<00:01, 3297.57it/s]
 52%|█████▏    | 4576/8810 [00:01<00:01, 3481.05it/s]
 56%|█████▌    | 4926/8810 [00:01<00:01, 3288.58it/s]
 60%|█████▉    | 5258/8810 [00:01<00:01, 3284.87it/s]
 63%|██████▎   | 5589/8810 [00:01<00:01, 3208.65it/s]
 67%|██████▋   | 5912/8810 [00:01<00:00, 3012.15it/s]
 71%|███████   | 6216/8810 [00:01<00:00, 3007.14it/s]
 74%|███████▍  | 6519/8810 [00:02<00:00, 2970.13it/s]
 79%|███████▉  | 6972/8810 [00:02<00:00, 3226.24it/s]
 83%|████████▎ | 7332/8810 [00:02<00:00, 3328.28it/s]
 87%|████████▋ | 7665/8810 [00:02<00:00, 3207.34it/s]
 91%|█████████ | 7987/8810 [00:02<00:00, 3092.53it/s]
 94%|█████████▍| 8297/8810 [00:02<00:00, 3026.63it/s]
 98%|█████████▊| 8620/8810 [00:02<00:00, 3082.24it/s]
100%|██████████| 8810/8810 [00:02<00:00, 3170.59it/s]
