
  0%|          | 0/8810 [00:00<?, ?it/s]
  2%|▏         | 181/8810 [00:00<00:05, 1707.57it/s]
  6%|▋         | 559/8810 [00:00<00:02, 2884.43it/s]
 10%|▉         | 850/8810 [00:00<00:03, 2421.49it/s]
 12%|█▏        | 1101/8810 [00:00<00:03, 2360.10it/s]
 16%|█▌        | 1400/8810 [00:00<00:02, 2559.26it/s]
 19%|█▉        | 1662/8810 [00:00<00:02, 2526.37it/s]
 22%|██▏       | 1918/8810 [00:00<00:02, 2478.28it/s]
 26%|██▌       | 2263/8810 [00:00<00:02, 2548.84it/s]
 29%|██▉       | 2593/8810 [00:01<00:02, 2760.02it/s]
 33%|███▎      | 2872/8810 [00:01<00:02, 2436.76it/s]
 35%|███▌      | 3124/8810 [00:01<00:02, 2302.35it/s]
 38%|███▊      | 3360/8810 [00:01<00:02, 2201.93it/s]
 41%|████      | 3584/8810 [00:01<00:02, 2077.20it/s]
 44%|████▎     | 3838/8810 [00:01<00:02, 2195.65it/s]
 47%|████▋     | 4168/8810 [00:01<00:01, 2493.77it/s]
 51%|█████     | 4467/8810 [00:01<00:01, 2631.49it/s]
 54%|█████▍    | 4736/8810 [00:01<00:01, 2525.50it/s]
 57%|█████▋    | 4993/8810 [00:02<00:01, 2515.42it/s]
 60%|██████    | 5293/8810 [00:02<00:01, 2650.90it/s]
 63%|██████▎   | 5561/8810 [00:02<00:01, 2604.38it/s]
 66%|██████▌   | 5824/8810 [00:02<00:01, 2492.05it/s]
 69%|██████▉   | 6076/8810 [00:02<00:01, 2413.64it/s]
 73%|███████▎  | 6400/8810 [00:02<00:00, 2497.20it/s]
 77%|███████▋  | 6778/8810 [00:02<00:00, 2848.18it/s]
 80%|████████  | 7067/8810 [00:02<00:00, 2848.41it/s]
 84%|████████▎ | 7360/8810 [00:02<00:00, 2778.10it/s]
 87%|████████▋ | 7640/8810 [00:03<00:00, 2637.48it/s]
 90%|████████▉ | 7907/8810 [00:03<00:00, 2535.53it/s]
 93%|█████████▎| 8163/8810 [00:03<00:00, 2449.70it/s]
 95%|█████████▌| 8410/8810 [00:03<00:00, 2386.07it/s]
 99%|█████████▉| 8702/8810 [00:03<00:00, 2380.71it/s]
100%|██████████| 8810/8810 [00:03<00:00, 2479.24it/s]
