
  0%|          | 0/8810 [00:00<?, ?it/s]
  2%|▏         | 181/8810 [00:00<00:06, 1307.74it/s]
  5%|▍         | 405/8810 [00:00<00:04, 1778.70it/s]
  7%|▋         | 610/8810 [00:00<00:04, 1879.00it/s]
  9%|▉         | 803/8810 [00:00<00:05, 1519.61it/s]
 11%|█         | 966/8810 [00:00<00:05, 1463.96it/s]
 13%|█▎        | 1119/8810 [00:00<00:05, 1388.37it/s]
 15%|█▍        | 1291/8810 [00:00<00:05, 1479.17it/s]
 17%|█▋        | 1457/8810 [00:00<00:05, 1394.09it/s]
 19%|█▊        | 1643/8810 [00:01<00:04, 1519.40it/s]
 21%|██        | 1821/8810 [00:01<00:04, 1430.46it/s]
 23%|██▎       | 1987/8810 [00:01<00:04, 1486.44it/s]
 25%|██▌       | 2217/8810 [00:01<00:03, 1708.02it/s]
 27%|██▋       | 2393/8810 [00:01<00:04, 1550.66it/s]
 30%|██▉       | 2642/8810 [00:01<00:03, 1798.32it/s]
 32%|███▏      | 2830/8810 [00:01<00:03, 1670.51it/s]
 34%|███▍      | 3039/8810 [00:01<00:03, 1778.59it/s]
 37%|███▋      | 3223/8810 [00:02<00:03, 1625.50it/s]
 39%|███▊      | 3410/8810 [00:02<00:03, 1547.42it/s]
 41%|████      | 3623/8810 [00:02<00:03, 1690.33it/s]
 43%|████▎     | 3798/8810 [00:02<00:03, 1595.19it/s]
 46%|████▌     | 4027/8810 [00:02<00:02, 1774.22it/s]
 48%|████▊     | 4210/8810 [00:02<00:02, 1633.34it/s]
 50%|████▉     | 4401/8810 [00:02<00:02, 1702.77it/s]
 52%|█████▏    | 4577/8810 [00:02<00:02, 1696.55it/s]
 54%|█████▍    | 4750/8810 [00:02<00:02, 1553.16it/s]
 56%|█████▌    | 4910/8810 [00:03<00:02, 1564.39it/s]
 58%|█████▊    | 5070/8810 [00:03<00:02, 1496.75it/s]
 60%|█████▉    | 5268/8810 [00:03<00:02, 1621.34it/s]
 62%|██████▏   | 5433/8810 [00:03<00:02, 1507.58it/s]
 64%|██████▍   | 5645/8810 [00:03<00:01, 1667.35it/s]
 66%|██████▌   | 5816/8810 [00:03<00:01, 1604.64it/s]
 68%|██████▊   | 5980/8810 [00:03<00:01, 1513.38it/s]
 70%|██████▉   | 6134/8810 [00:03<00:01, 1439.88it/s]
 72%|███████▏  | 6343/8810 [00:03<00:01, 1611.95it/s]
 74%|███████▍  | 6508/8810 [00:04<00:01, 1529.10it/s]
 77%|███████▋  | 6751/8810 [00:04<00:01, 1763.81it/s]
 79%|███████▉  | 6949/8810 [00:04<00:01, 1822.55it/s]
 81%|████████  | 7135/8810 [00:04<00:01, 1607.53it/s]
 83%|████████▎ | 7320/8810 [00:04<00:00, 1666.19it/s]
 85%|████████▌ | 7492/8810 [00:04<00:00, 1519.42it/s]
 87%|████████▋ | 7673/8810 [00:04<00:00, 1593.51it/s]
 89%|████████▉ | 7838/8810 [00:04<00:00, 1370.03it/s]
 91%|█████████ | 8004/8810 [00:05<00:00, 1436.98it/s]
 93%|█████████▎| 8155/8810 [00:05<00:00, 1414.95it/s]
 95%|█████████▍| 8329/8810 [00:05<00:00, 1500.05it/s]
 96%|█████████▋| 8484/8810 [00:05<00:00, 1405.86it/s]
 98%|█████████▊| 8656/8810 [00:05<00:00, 1486.47it/s]
100%|█████████▉| 8809/8810 [00:05<00:00, 1435.16it/s]
100%|██████████| 8810/8810 [00:05<00:00, 1565.48it/s]
