
  0%|          | 0/8810 [00:00<?, ?it/s]
  2%|▏         | 185/8810 [00:00<00:04, 1842.99it/s]
  7%|▋         | 584/8810 [00:00<00:02, 3100.80it/s]
 10%|█         | 895/8810 [00:00<00:03, 2607.76it/s]
 13%|█▎        | 1171/8810 [00:00<00:02, 2660.08it/s]
 17%|█▋        | 1457/8810 [00:00<00:02, 2656.01it/s]
 21%|██        | 1814/8810 [00:00<00:02, 2946.67it/s]
 24%|██▍       | 2113/8810 [00:00<00:02, 2721.94it/s]
 27%|██▋       | 2391/8810 [00:00<00:02, 2675.97it/s]
 31%|███       | 2744/8810 [00:01<00:02, 2756.42it/s]
 35%|███▍      | 3057/8810 [00:01<00:02, 2726.69it/s]
 38%|███▊      | 3389/8810 [00:01<00:01, 2888.13it/s]
 42%|████▏     | 3681/8810 [00:01<00:01, 2832.58it/s]
 45%|████▌     | 3967/8810 [00:01<00:01, 2794.84it/s]
 49%|████▉     | 4295/8810 [00:01<00:01, 2931.72it/s]
 52%|█████▏    | 4625/8810 [00:01<00:01, 2888.12it/s]
 56%|█████▌    | 4922/8810 [00:01<00:01, 2906.33it/s]
 59%|█████▉    | 5214/8810 [00:01<00:01, 2817.63it/s]
 62%|██████▏   | 5497/8810 [00:01<00:01, 2726.68it/s]
 66%|██████▌   | 5771/8810 [00:02<00:01, 2656.50it/s]
 69%|██████▊   | 6038/8810 [00:02<00:01, 2524.95it/s]
 73%|███████▎  | 6400/8810 [00:02<00:00, 2623.99it/s]
 77%|███████▋  | 6795/8810 [00:02<00:00, 2978.89it/s]
 81%|████████  | 7098/8810 [00:02<00:00, 2891.24it/s]
 84%|████████▍ | 7391/8810 [00:02<00:00, 2720.53it/s]
 88%|████████▊ | 7715/8810 [00:02<00:00, 2670.95it/s]
 91%|█████████ | 8004/8810 [00:02<00:00, 2728.30it/s]
 94%|█████████▍| 8280/8810 [00:03<00:00, 2600.05it/s]
 97%|█████████▋| 8543/8810 [00:03<00:00, 2555.66it/s]
100%|█████████▉| 8800/8810 [00:03<00:00, 2436.37it/s]
100%|██████████| 8810/8810 [00:03<00:00, 2709.70it/s]
