
  0%|          | 0/8810 [00:00<?, ?it/s]
  2%|▏         | 181/8810 [00:00<00:05, 1704.13it/s]
  5%|▍         | 431/8810 [00:00<00:03, 2151.73it/s]
  7%|▋         | 656/8810 [00:00<00:03, 2057.04it/s]
 10%|▉         | 872/8810 [00:00<00:03, 2093.43it/s]
 12%|█▏        | 1083/8810 [00:00<00:03, 1950.56it/s]
 15%|█▍        | 1317/8810 [00:00<00:03, 2071.64it/s]
 17%|█▋        | 1527/8810 [00:00<00:03, 1856.53it/s]
 20%|██        | 1778/8810 [00:00<00:03, 2038.07it/s]
 23%|██▎       | 1988/8810 [00:01<00:03, 1843.27it/s]
 25%|██▌       | 2240/8810 [00:01<00:03, 2019.55it/s]
 28%|██▊       | 2449/8810 [00:01<00:03, 1954.67it/s]
 31%|███       | 2691/8810 [00:01<00:02, 2081.89it/s]
 33%|███▎      | 2904/8810 [00:01<00:03, 1909.99it/s]
 35%|███▌      | 3101/8810 [00:01<00:03, 1845.54it/s]
 37%|███▋      | 3290/8810 [00:01<00:03, 1810.19it/s]
 39%|███▉      | 3474/8810 [00:01<00:03, 1752.17it/s]
 42%|████▏     | 3729/8810 [00:01<00:02, 1967.41it/s]
 45%|████▍     | 3930/8810 [00:02<00:02, 1852.59it/s]
 47%|████▋     | 4180/8810 [00:02<00:02, 1876.12it/s]
 50%|█████     | 4421/8810 [00:02<00:02, 2015.61it/s]
 53%|█████▎    | 4626/8810 [00:02<00:02, 1867.90it/s]
 55%|█████▍    | 4824/8810 [00:02<00:02, 1894.80it/s]
 57%|█████▋    | 5017/8810 [00:02<00:02, 1749.87it/s]
 59%|█████▉    | 5225/8810 [00:02<00:01, 1834.96it/s]
 61%|██████▏   | 5413/8810 [00:02<00:01, 1722.26it/s]
 64%|██████▍   | 5680/8810 [00:02<00:01, 1973.76it/s]
 67%|██████▋   | 5883/8810 [00:03<00:01, 1857.78it/s]
 69%|██████▉   | 6074/8810 [00:03<00:01, 1667.52it/s]
 71%|███████▏  | 6286/8810 [00:03<00:01, 1781.13it/s]
 73%|███████▎  | 6471/8810 [00:03<00:01, 1729.89it/s]
 77%|███████▋  | 6755/8810 [00:03<00:01, 2026.54it/s]
 79%|███████▉  | 6972/8810 [00:03<00:00, 1984.61it/s]
 81%|████████▏ | 7175/8810 [00:03<00:00, 1948.17it/s]
 84%|████████▎ | 7373/8810 [00:03<00:00, 1845.21it/s]
 86%|████████▌ | 7561/8810 [00:03<00:00, 1823.34it/s]
 88%|████████▊ | 7746/8810 [00:04<00:00, 1821.49it/s]
 90%|█████████ | 7931/8810 [00:04<00:00, 1827.66it/s]
 92%|█████████▏| 8115/8810 [00:04<00:00, 1655.62it/s]
 94%|█████████▍| 8302/8810 [00:04<00:00, 1713.30it/s]
 96%|█████████▌| 8477/8810 [00:04<00:00, 1617.48it/s]
 99%|█████████▊| 8697/8810 [00:04<00:00, 1775.23it/s]
100%|██████████| 8810/8810 [00:04<00:00, 1854.42it/s]
