
  0%|          | 0/8810 [00:00<?, ?it/s]
  3%|▎         | 234/8810 [00:00<00:03, 2337.67it/s]
  7%|▋         | 603/8810 [00:00<00:02, 3117.73it/s]
 10%|█         | 915/8810 [00:00<00:02, 2795.70it/s]
 14%|█▎        | 1198/8810 [00:00<00:02, 2666.15it/s]
 17%|█▋        | 1467/8810 [00:00<00:02, 2633.79it/s]
 21%|██        | 1821/8810 [00:00<00:02, 2787.27it/s]
 25%|██▌       | 2207/8810 [00:00<00:02, 3110.37it/s]
 29%|██▊       | 2522/8810 [00:00<00:02, 3119.69it/s]
 32%|███▏      | 2836/8810 [00:00<00:01, 3046.13it/s]
 36%|███▌      | 3143/8810 [00:01<00:01, 3041.83it/s]
 39%|███▉      | 3449/8810 [00:01<00:01, 2972.76it/s]
 43%|████▎     | 3774/8810 [00:01<00:01, 3027.75it/s]
 47%|████▋     | 4180/8810 [00:01<00:01, 3131.20it/s]
 52%|█████▏    | 4569/8810 [00:01<00:01, 3336.45it/s]
 56%|█████▌    | 4904/8810 [00:01<00:01, 3126.58it/s]
 59%|█████▉    | 5220/8810 [00:01<00:01, 3060.56it/s]
 63%|██████▎   | 5528/8810 [00:01<00:01, 3049.57it/s]
 66%|██████▋   | 5848/8810 [00:01<00:00, 3090.30it/s]
 70%|██████▉   | 6159/8810 [00:02<00:00, 2975.62it/s]
 73%|███████▎  | 6458/8810 [00:02<00:00, 2972.66it/s]
 78%|███████▊  | 6902/8810 [00:02<00:00, 3391.25it/s]
 82%|████████▏ | 7244/8810 [00:02<00:00, 3291.18it/s]
 86%|████████▌ | 7576/8810 [00:02<00:00, 3204.07it/s]
 90%|████████▉ | 7899/8810 [00:02<00:00, 3152.93it/s]
 93%|█████████▎| 8216/8810 [00:02<00:00, 2967.60it/s]
 97%|█████████▋| 8516/8810 [00:02<00:00, 2923.43it/s]
100%|██████████| 8810/8810 [00:02<00:00, 2898.91it/s]
100%|██████████| 8810/8810 [00:02<00:00, 3021.06it/s]
