
  0%|          | 0/8810 [00:00<?, ?it/s]
  2%|▏         | 181/8810 [00:00<00:06, 1355.85it/s]
  5%|▍         | 397/8810 [00:00<00:04, 1771.28it/s]
  7%|▋         | 601/8810 [00:00<00:04, 1880.36it/s]
  9%|▉         | 793/8810 [00:00<00:05, 1592.44it/s]
 11%|█         | 978/8810 [00:00<00:04, 1669.29it/s]
 13%|█▎        | 1151/8810 [00:00<00:04, 1574.13it/s]
 15%|█▌        | 1332/8810 [00:00<00:04, 1641.66it/s]
 17%|█▋        | 1500/8810 [00:00<00:04, 1466.95it/s]
 19%|█▉        | 1707/8810 [00:01<00:04, 1624.54it/s]
 21%|██▏       | 1876/8810 [00:01<00:04, 1506.98it/s]
 23%|██▎       | 2066/8810 [00:01<00:04, 1608.06it/s]
 26%|██▌       | 2258/8810 [00:01<00:03, 1693.04it/s]
 28%|██▊       | 2432/8810 [00:01<00:04, 1544.81it/s]
 30%|███       | 2655/8810 [00:01<00:03, 1727.64it/s]
 32%|███▏      | 2834/8810 [00:01<00:03, 1549.30it/s]
 34%|███▍      | 3008/8810 [00:01<00:03, 1598.58it/s]
 36%|███▌      | 3174/8810 [00:02<00:03, 1491.36it/s]
 38%|███▊      | 3357/8810 [00:02<00:03, 1579.96it/s]
 40%|███▉      | 3520/8810 [00:02<00:03, 1485.56it/s]
 42%|████▏     | 3713/8810 [00:02<00:03, 1602.58it/s]
 44%|████▍     | 3878/8810 [00:02<00:03, 1438.64it/s]
 46%|████▋     | 4092/8810 [00:02<00:02, 1618.94it/s]
 48%|████▊     | 4261/8810 [00:02<00:02, 1555.74it/s]
 51%|█████     | 4482/8810 [00:02<00:02, 1726.40it/s]
 53%|█████▎    | 4660/8810 [00:02<00:02, 1523.06it/s]
 55%|█████▍    | 4820/8810 [00:03<00:02, 1521.76it/s]
 57%|█████▋    | 4978/8810 [00:03<00:02, 1375.88it/s]
 59%|█████▊    | 5173/8810 [00:03<00:02, 1518.11it/s]
 61%|██████    | 5338/8810 [00:03<00:02, 1552.39it/s]
 62%|██████▏   | 5499/8810 [00:03<00:02, 1503.17it/s]
 65%|██████▍   | 5714/8810 [00:03<00:01, 1678.40it/s]
 67%|██████▋   | 5886/8810 [00:03<00:02, 1459.97it/s]
 69%|██████▊   | 6040/8810 [00:03<00:02, 1332.03it/s]
 71%|███████   | 6228/8810 [00:04<00:01, 1467.46it/s]
 73%|███████▎  | 6400/8810 [00:04<00:01, 1417.30it/s]
 75%|███████▍  | 6572/8810 [00:04<00:01, 1493.89it/s]
 77%|███████▋  | 6803/8810 [00:04<00:01, 1707.23it/s]
 79%|███████▉  | 6980/8810 [00:04<00:01, 1666.94it/s]
 81%|████████▏ | 7159/8810 [00:04<00:00, 1695.66it/s]
 83%|████████▎ | 7343/8810 [00:04<00:00, 1734.90it/s]
 85%|████████▌ | 7519/8810 [00:04<00:00, 1481.34it/s]
 87%|████████▋ | 7700/8810 [00:04<00:00, 1557.86it/s]
 89%|████████▉ | 7863/8810 [00:05<00:00, 1395.93it/s]
 91%|█████████ | 8031/8810 [00:05<00:00, 1461.24it/s]
 93%|█████████▎| 8184/8810 [00:05<00:00, 1343.97it/s]
 95%|█████████▍| 8336/8810 [00:05<00:00, 1385.25it/s]
 96%|█████████▌| 8479/8810 [00:05<00:00, 1344.57it/s]
 98%|█████████▊| 8645/8810 [00:05<00:00, 1427.10it/s]
100%|█████████▉| 8791/8810 [00:05<00:00, 1363.66it/s]
100%|██████████| 8810/8810 [00:05<00:00, 1530.51it/s]
