
  0%|          | 0/8810 [00:00<?, ?it/s]
  2%|▏         | 181/8810 [00:00<00:05, 1455.29it/s]
  5%|▍         | 419/8810 [00:00<00:04, 1941.65it/s]
  7%|▋         | 637/8810 [00:00<00:04, 2038.94it/s]
 10%|▉         | 844/8810 [00:00<00:04, 1697.77it/s]
 12%|█▏        | 1023/8810 [00:00<00:04, 1581.40it/s]
 13%|█▎        | 1187/8810 [00:00<00:04, 1585.33it/s]
 15%|█▌        | 1350/8810 [00:00<00:04, 1572.89it/s]
 17%|█▋        | 1510/8810 [00:00<00:04, 1499.94it/s]
 19%|█▉        | 1716/8810 [00:01<00:04, 1655.87it/s]
 21%|██▏       | 1885/8810 [00:01<00:04, 1510.58it/s]
 24%|██▎       | 2089/8810 [00:01<00:04, 1649.23it/s]
 26%|██▌       | 2263/8810 [00:01<00:04, 1535.56it/s]
 28%|██▊       | 2461/8810 [00:01<00:03, 1651.47it/s]
 30%|███       | 2676/8810 [00:01<00:03, 1783.45it/s]
 32%|███▏      | 2859/8810 [00:01<00:03, 1663.99it/s]
 35%|███▍      | 3040/8810 [00:01<00:03, 1698.57it/s]
 36%|███▋      | 3214/8810 [00:01<00:03, 1509.44it/s]
 38%|███▊      | 3390/8810 [00:02<00:03, 1573.66it/s]
 40%|████      | 3553/8810 [00:02<00:03, 1452.84it/s]
 43%|████▎     | 3753/8810 [00:02<00:03, 1594.30it/s]
 44%|████▍     | 3918/8810 [00:02<00:03, 1421.65it/s]
 47%|████▋     | 4164/8810 [00:02<00:02, 1681.83it/s]
 49%|████▉     | 4341/8810 [00:02<00:02, 1565.29it/s]
 51%|█████▏    | 4526/8810 [00:02<00:02, 1635.51it/s]
 53%|█████▎    | 4696/8810 [00:02<00:02, 1386.67it/s]
 55%|█████▌    | 4872/8810 [00:03<00:02, 1473.35it/s]
 57%|█████▋    | 5029/8810 [00:03<00:02, 1389.36it/s]
 59%|█████▉    | 5205/8810 [00:03<00:02, 1482.40it/s]
 61%|██████    | 5372/8810 [00:03<00:02, 1427.46it/s]
 63%|██████▎   | 5577/8810 [00:03<00:02, 1586.51it/s]
 65%|██████▌   | 5754/8810 [00:03<00:02, 1510.85it/s]
 67%|██████▋   | 5910/8810 [00:03<00:01, 1514.52it/s]
 69%|██████▉   | 6065/8810 [00:03<00:01, 1447.02it/s]
 71%|███████▏  | 6279/8810 [00:03<00:01, 1631.73it/s]
 73%|███████▎  | 6446/8810 [00:04<00:01, 1501.36it/s]
 75%|███████▌  | 6640/8810 [00:04<00:01, 1617.28it/s]
 78%|███████▊  | 6871/8810 [00:04<00:01, 1806.51it/s]
 80%|████████  | 7057/8810 [00:04<00:01, 1647.87it/s]
 82%|████████▏ | 7232/8810 [00:04<00:00, 1673.50it/s]
 84%|████████▍ | 7404/8810 [00:04<00:00, 1628.07it/s]
 86%|████████▌ | 7570/8810 [00:04<00:00, 1510.90it/s]
 88%|████████▊ | 7725/8810 [00:04<00:00, 1470.07it/s]
 89%|████████▉ | 7876/8810 [00:05<00:00, 1480.34it/s]
 91%|█████████ | 8026/8810 [00:05<00:00, 1456.95it/s]
 93%|█████████▎| 8173/8810 [00:05<00:00, 1346.79it/s]
 94%|█████████▍| 8321/8810 [00:05<00:00, 1379.58it/s]
 96%|█████████▌| 8461/8810 [00:05<00:00, 1320.89it/s]
 98%|█████████▊| 8634/8810 [00:05<00:00, 1423.90it/s]
100%|█████████▉| 8779/8810 [00:05<00:00, 1355.31it/s]
100%|██████████| 8810/8810 [00:05<00:00, 1541.71it/s]
