
  0%|          | 0/8810 [00:00<?, ?it/s]
  2%|▏         | 181/8810 [00:00<00:05, 1443.31it/s]
  5%|▍         | 425/8810 [00:00<00:04, 1963.97it/s]
  7%|▋         | 656/8810 [00:00<00:04, 1802.25it/s]
 10%|▉         | 847/8810 [00:00<00:04, 1836.40it/s]
 12%|█▏        | 1034/8810 [00:00<00:04, 1681.44it/s]
 14%|█▍        | 1243/8810 [00:00<00:04, 1803.25it/s]
 17%|█▋        | 1457/8810 [00:00<00:04, 1697.67it/s]
 19%|█▊        | 1644/8810 [00:00<00:04, 1745.26it/s]
 21%|██        | 1822/8810 [00:01<00:04, 1602.45it/s]
 23%|██▎       | 2026/8810 [00:01<00:03, 1719.33it/s]
 25%|██▌       | 2241/8810 [00:01<00:03, 1830.97it/s]
 28%|██▊       | 2429/8810 [00:01<00:03, 1736.57it/s]
 30%|███       | 2674/8810 [00:01<00:03, 1933.29it/s]
 33%|███▎      | 2872/8810 [00:01<00:03, 1810.08it/s]
 35%|███▍      | 3058/8810 [00:01<00:03, 1626.76it/s]
 37%|███▋      | 3245/8810 [00:01<00:03, 1686.19it/s]
 39%|███▉      | 3419/8810 [00:01<00:03, 1601.26it/s]
 41%|████▏     | 3639/8810 [00:02<00:02, 1758.70it/s]
 43%|████▎     | 3820/8810 [00:02<00:02, 1741.80it/s]
 46%|████▋     | 4080/8810 [00:02<00:02, 1975.47it/s]
 49%|████▊     | 4282/8810 [00:02<00:02, 1876.16it/s]
 51%|█████▏    | 4521/8810 [00:02<00:02, 2015.12it/s]
 54%|█████▎    | 4727/8810 [00:02<00:02, 1761.69it/s]
 56%|█████▌    | 4911/8810 [00:02<00:02, 1757.40it/s]
 58%|█████▊    | 5093/8810 [00:02<00:02, 1558.47it/s]
 60%|█████▉    | 5267/8810 [00:03<00:02, 1603.51it/s]
 62%|██████▏   | 5434/8810 [00:03<00:02, 1470.73it/s]
 64%|██████▍   | 5645/8810 [00:03<00:01, 1631.30it/s]
 66%|██████▌   | 5815/8810 [00:03<00:01, 1540.16it/s]
 68%|██████▊   | 5974/8810 [00:03<00:02, 1403.55it/s]
 69%|██████▉   | 6120/8810 [00:03<00:02, 1308.80it/s]
 72%|███████▏  | 6302/8810 [00:03<00:01, 1435.00it/s]
 73%|███████▎  | 6451/8810 [00:03<00:01, 1390.25it/s]
 75%|███████▌  | 6648/8810 [00:03<00:01, 1542.20it/s]
 78%|███████▊  | 6854/8810 [00:04<00:01, 1684.19it/s]
 80%|███████▉  | 7027/8810 [00:04<00:01, 1574.22it/s]
 82%|████████▏ | 7189/8810 [00:04<00:01, 1557.91it/s]
 84%|████████▎ | 7360/8810 [00:04<00:00, 1487.51it/s]
 85%|████████▌ | 7512/8810 [00:04<00:00, 1475.42it/s]
 87%|████████▋ | 7706/8810 [00:04<00:00, 1601.01it/s]
 89%|████████▉ | 7869/8810 [00:04<00:00, 1368.93it/s]
 91%|█████████ | 8013/8810 [00:04<00:00, 1383.10it/s]
 93%|█████████▎| 8157/8810 [00:05<00:00, 1292.43it/s]
 94%|█████████▍| 8313/8810 [00:05<00:00, 1361.36it/s]
 96%|█████████▌| 8454/8810 [00:05<00:00, 1215.07it/s]
 98%|█████████▊| 8620/8810 [00:05<00:00, 1327.97it/s]
 99%|█████████▉| 8759/8810 [00:05<00:00, 1258.16it/s]
100%|██████████| 8810/8810 [00:05<00:00, 1588.19it/s]
