
  0%|          | 0/8810 [00:00<?, ?it/s]
  1%|▏         | 116/8810 [00:00<00:07, 1157.73it/s]
  3%|▎         | 232/8810 [00:00<00:09, 898.46it/s] 
  5%|▍         | 425/8810 [00:00<00:06, 1301.91it/s]
  7%|▋         | 599/8810 [00:00<00:05, 1457.61it/s]
  9%|▊         | 752/8810 [00:00<00:06, 1193.73it/s]
 10%|█         | 889/8810 [00:00<00:06, 1241.95it/s]
 12%|█▏        | 1021/8810 [00:00<00:07, 1069.35it/s]
 13%|█▎        | 1167/8810 [00:00<00:06, 1165.54it/s]
 15%|█▍        | 1292/8810 [00:01<00:06, 1126.86it/s]
 16%|█▌        | 1410/8810 [00:01<00:06, 1132.98it/s]
 17%|█▋        | 1528/8810 [00:01<00:07, 1018.00it/s]
 19%|█▊        | 1634/8810 [00:01<00:07, 1008.13it/s]
 20%|█▉        | 1743/8810 [00:01<00:06, 1027.18it/s]
 21%|██        | 1848/8810 [00:01<00:07, 880.46it/s] 
 22%|██▏       | 1944/8810 [00:01<00:07, 900.05it/s]
 23%|██▎       | 2038/8810 [00:01<00:07, 875.14it/s]
 24%|██▍       | 2128/8810 [00:02<00:07, 859.89it/s]
 25%|██▌       | 2219/8810 [00:02<00:07, 872.82it/s]
 26%|██▌       | 2308/8810 [00:02<00:08, 768.58it/s]
 27%|██▋       | 2417/8810 [00:02<00:07, 849.84it/s]
 30%|██▉       | 2618/8810 [00:02<00:05, 1159.06it/s]
 31%|███       | 2744/8810 [00:02<00:05, 1086.01it/s]
 32%|███▏      | 2858/8810 [00:02<00:05, 1084.37it/s]
 34%|███▍      | 2976/8810 [00:02<00:05, 1105.82it/s]
 35%|███▌      | 3090/8810 [00:02<00:05, 985.54it/s] 
 36%|███▌      | 3193/8810 [00:03<00:06, 888.38it/s]
 37%|███▋      | 3286/8810 [00:03<00:06, 855.86it/s]
 38%|███▊      | 3389/8810 [00:03<00:06, 897.94it/s]
 40%|███▉      | 3482/8810 [00:03<00:06, 778.87it/s]
 40%|████      | 3564/8810 [00:03<00:06, 788.89it/s]
 42%|████▏     | 3680/8810 [00:03<00:05, 879.37it/s]
 43%|████▎     | 3772/8810 [00:03<00:05, 881.68it/s]
 44%|████▍     | 3863/8810 [00:03<00:06, 781.59it/s]
 45%|████▍     | 3945/8810 [00:04<00:06, 785.83it/s]
 46%|████▌     | 4062/8810 [00:04<00:05, 884.90it/s]
 47%|████▋     | 4154/8810 [00:04<00:06, 764.64it/s]
 48%|████▊     | 4235/8810 [00:04<00:06, 707.15it/s]
 49%|████▉     | 4312/8810 [00:04<00:06, 720.06it/s]
 50%|█████     | 4409/8810 [00:04<00:05, 781.50it/s]
 51%|█████     | 4490/8810 [00:04<00:05, 774.64it/s]
 52%|█████▏    | 4570/8810 [00:04<00:05, 743.38it/s]
 53%|█████▎    | 4646/8810 [00:05<00:06, 682.19it/s]
 54%|█████▎    | 4720/8810 [00:05<00:05, 696.95it/s]
 54%|█████▍    | 4796/8810 [00:05<00:05, 713.39it/s]
 55%|█████▌    | 4869/8810 [00:05<00:05, 713.55it/s]
 56%|█████▌    | 4942/8810 [00:05<00:06, 638.53it/s]
 57%|█████▋    | 5027/8810 [00:05<00:05, 693.44it/s]
 58%|█████▊    | 5104/8810 [00:05<00:05, 714.15it/s]
 59%|█████▉    | 5196/8810 [00:05<00:04, 771.42it/s]
 60%|██████    | 5291/8810 [00:05<00:04, 818.06it/s]
 61%|██████    | 5374/8810 [00:06<00:04, 738.71it/s]
 62%|██████▏   | 5465/8810 [00:06<00:04, 782.04it/s]
 63%|██████▎   | 5556/8810 [00:06<00:03, 815.42it/s]
 64%|██████▍   | 5669/8810 [00:06<00:03, 904.67it/s]
 65%|██████▌   | 5762/8810 [00:06<00:03, 815.74it/s]
 66%|██████▋   | 5853/8810 [00:06<00:03, 838.53it/s]
 67%|██████▋   | 5939/8810 [00:06<00:03, 742.55it/s]
 68%|██████▊   | 6022/8810 [00:06<00:03, 762.38it/s]
 69%|██████▉   | 6101/8810 [00:06<00:03, 747.47it/s]
 70%|███████   | 6183/8810 [00:07<00:03, 767.08it/s]
 71%|███████▏  | 6286/8810 [00:07<00:03, 837.31it/s]
 72%|███████▏  | 6372/8810 [00:07<00:02, 838.97it/s]
 73%|███████▎  | 6457/8810 [00:07<00:03, 722.43it/s]
 74%|███████▍  | 6533/8810 [00:07<00:03, 712.67it/s]
 75%|███████▌  | 6637/8810 [00:07<00:02, 797.32it/s]
 77%|███████▋  | 6746/8810 [00:07<00:02, 876.67it/s]
 78%|███████▊  | 6837/8810 [00:07<00:02, 859.16it/s]
 79%|███████▊  | 6935/8810 [00:07<00:02, 891.37it/s]
 80%|███████▉  | 7026/8810 [00:08<00:02, 811.49it/s]
 81%|████████  | 7116/8810 [00:08<00:02, 831.95it/s]
 82%|████████▏ | 7201/8810 [00:08<00:01, 818.56it/s]
 83%|████████▎ | 7293/8810 [00:08<00:01, 841.93it/s]
 84%|████████▍ | 7379/8810 [00:08<00:01, 781.47it/s]
 85%|████████▍ | 7462/8810 [00:08<00:01, 792.06it/s]
 86%|████████▌ | 7543/8810 [00:08<00:01, 702.21it/s]
 87%|████████▋ | 7642/8810 [00:08<00:01, 775.12it/s]
 88%|████████▊ | 7723/8810 [00:08<00:01, 706.77it/s]
 89%|████████▊ | 7797/8810 [00:09<00:01, 713.17it/s]
 89%|████████▉ | 7871/8810 [00:09<00:01, 674.27it/s]
 90%|█████████ | 7955/8810 [00:09<00:01, 717.38it/s]
 91%|█████████ | 8033/8810 [00:09<00:01, 732.14it/s]
 92%|█████████▏| 8108/8810 [00:09<00:01, 647.83it/s]
 93%|█████████▎| 8176/8810 [00:09<00:01, 624.63it/s]
 94%|█████████▎| 8241/8810 [00:09<00:00, 593.20it/s]
 94%|█████████▍| 8325/8810 [00:09<00:00, 656.66it/s]
 95%|█████████▌| 8393/8810 [00:10<00:00, 604.49it/s]
 96%|█████████▌| 8470/8810 [00:10<00:00, 645.16it/s]
 97%|█████████▋| 8547/8810 [00:10<00:00, 678.28it/s]
 98%|█████████▊| 8624/8810 [00:10<00:00, 701.44it/s]
 99%|█████████▉| 8702/8810 [00:10<00:00, 653.11it/s]
100%|█████████▉| 8806/8810 [00:10<00:00, 752.88it/s]
100%|██████████| 8810/8810 [00:10<00:00, 830.90it/s]
[LiteLLMClient retry 1/7] RateLimitError: sleeping 1.0s and retrying
