
  0%|          | 0/8810 [00:00<?, ?it/s]
  2%|▏         | 181/8810 [00:00<00:05, 1513.71it/s]
  5%|▍         | 419/8810 [00:00<00:04, 1984.82it/s]
  7%|▋         | 656/8810 [00:00<00:04, 1834.36it/s]
 10%|▉         | 869/8810 [00:00<00:04, 1936.87it/s]
 12%|█▏        | 1067/8810 [00:00<00:04, 1872.46it/s]
 15%|█▍        | 1299/8810 [00:00<00:03, 2009.41it/s]
 17%|█▋        | 1503/8810 [00:00<00:03, 1842.71it/s]
 20%|█▉        | 1747/8810 [00:00<00:03, 2013.40it/s]
 22%|██▏       | 1953/8810 [00:01<00:03, 1888.10it/s]
 25%|██▌       | 2212/8810 [00:01<00:03, 2083.07it/s]
 28%|██▊       | 2426/8810 [00:01<00:03, 1940.82it/s]
 31%|███       | 2715/8810 [00:01<00:02, 2198.99it/s]
 33%|███▎      | 2942/8810 [00:01<00:02, 1993.45it/s]
 36%|███▌      | 3149/8810 [00:01<00:02, 1965.11it/s]
 38%|███▊      | 3361/8810 [00:01<00:02, 2003.50it/s]
 40%|████      | 3566/8810 [00:01<00:02, 1881.85it/s]
 43%|████▎     | 3774/8810 [00:01<00:02, 1875.19it/s]
 46%|████▌     | 4015/8810 [00:02<00:02, 2013.49it/s]
 48%|████▊     | 4220/8810 [00:02<00:02, 1977.18it/s]
 51%|█████     | 4485/8810 [00:02<00:01, 2163.21it/s]
 53%|█████▎    | 4705/8810 [00:02<00:02, 1895.73it/s]
 56%|█████▌    | 4928/8810 [00:02<00:01, 1980.37it/s]
 58%|█████▊    | 5133/8810 [00:02<00:01, 1901.91it/s]
 61%|██████    | 5372/8810 [00:02<00:01, 1873.44it/s]
 63%|██████▎   | 5575/8810 [00:02<00:01, 1912.10it/s]
 65%|██████▌   | 5770/8810 [00:02<00:01, 1884.65it/s]
 68%|██████▊   | 5961/8810 [00:03<00:01, 1831.70it/s]
 70%|██████▉   | 6146/8810 [00:03<00:01, 1787.97it/s]
 73%|███████▎  | 6395/8810 [00:03<00:01, 1981.24it/s]
 75%|███████▍  | 6596/8810 [00:03<00:01, 1889.32it/s]
 78%|███████▊  | 6861/8810 [00:03<00:00, 2099.10it/s]
 80%|████████  | 7074/8810 [00:03<00:00, 1992.63it/s]
 83%|████████▎ | 7299/8810 [00:03<00:00, 2063.05it/s]
 85%|████████▌ | 7508/8810 [00:03<00:00, 1911.95it/s]
 88%|████████▊ | 7715/8810 [00:03<00:00, 1879.70it/s]
 90%|████████▉ | 7909/8810 [00:04<00:00, 1890.68it/s]
 92%|█████████▏| 8100/8810 [00:04<00:00, 1744.14it/s]
 94%|█████████▍| 8290/8810 [00:04<00:00, 1784.23it/s]
 96%|█████████▌| 8471/8810 [00:04<00:00, 1618.23it/s]
 99%|█████████▊| 8695/8810 [00:04<00:00, 1779.28it/s]
100%|██████████| 8810/8810 [00:04<00:00, 1903.74it/s]
