
  0%|          | 0/8810 [00:00<?, ?it/s]
  2%|▏         | 181/8810 [00:00<00:05, 1469.61it/s]
  4%|▍         | 394/8810 [00:00<00:04, 1810.71it/s]
  7%|▋         | 611/8810 [00:00<00:04, 1961.46it/s]
  9%|▉         | 810/8810 [00:00<00:04, 1683.80it/s]
 11%|█         | 985/8810 [00:00<00:04, 1660.00it/s]
 13%|█▎        | 1155/8810 [00:00<00:04, 1615.48it/s]
 15%|█▌        | 1351/8810 [00:00<00:04, 1717.42it/s]
 17%|█▋        | 1526/8810 [00:00<00:04, 1615.82it/s]
 20%|█▉        | 1738/8810 [00:01<00:04, 1755.35it/s]
 22%|██▏       | 1917/8810 [00:01<00:04, 1582.72it/s]
 24%|██▍       | 2157/8810 [00:01<00:03, 1801.43it/s]
 27%|██▋       | 2344/8810 [00:01<00:03, 1705.93it/s]
 30%|██▉       | 2612/8810 [00:01<00:03, 1963.48it/s]
 32%|███▏      | 2815/8810 [00:01<00:03, 1772.68it/s]
 34%|███▍      | 3021/8810 [00:01<00:03, 1847.69it/s]
 36%|███▋      | 3212/8810 [00:01<00:03, 1786.97it/s]
 39%|███▊      | 3408/8810 [00:01<00:02, 1832.25it/s]
 41%|████      | 3595/8810 [00:02<00:03, 1688.09it/s]
 43%|████▎     | 3774/8810 [00:02<00:03, 1580.47it/s]
 45%|████▍     | 3936/8810 [00:02<00:03, 1533.90it/s]
 47%|████▋     | 4180/8810 [00:02<00:02, 1629.01it/s]
 50%|████▉     | 4402/8810 [00:02<00:02, 1780.66it/s]
 52%|█████▏    | 4625/8810 [00:02<00:02, 1707.68it/s]
 55%|█████▍    | 4825/8810 [00:02<00:02, 1780.57it/s]
 57%|█████▋    | 5007/8810 [00:02<00:02, 1661.10it/s]
 60%|█████▉    | 5243/8810 [00:03<00:01, 1840.41it/s]
 62%|██████▏   | 5432/8810 [00:03<00:01, 1756.85it/s]
 64%|██████▍   | 5669/8810 [00:03<00:01, 1919.66it/s]
 67%|██████▋   | 5866/8810 [00:03<00:01, 1812.30it/s]
 69%|██████▊   | 6052/8810 [00:03<00:01, 1639.73it/s]
 71%|███████   | 6263/8810 [00:03<00:01, 1760.51it/s]
 73%|███████▎  | 6445/8810 [00:03<00:01, 1651.54it/s]
 76%|███████▌  | 6661/8810 [00:03<00:01, 1778.33it/s]
 78%|███████▊  | 6873/8810 [00:03<00:01, 1870.17it/s]
 80%|████████  | 7065/8810 [00:04<00:01, 1720.99it/s]
 82%|████████▏ | 7242/8810 [00:04<00:00, 1686.70it/s]
 84%|████████▍ | 7414/8810 [00:04<00:00, 1627.71it/s]
 86%|████████▌ | 7580/8810 [00:04<00:00, 1584.20it/s]
 88%|████████▊ | 7740/8810 [00:04<00:00, 1492.69it/s]
 90%|█████████ | 7946/8810 [00:04<00:00, 1641.88it/s]
 92%|█████████▏| 8113/8810 [00:04<00:00, 1557.66it/s]
 94%|█████████▍| 8302/8810 [00:04<00:00, 1645.55it/s]
 96%|█████████▌| 8470/8810 [00:04<00:00, 1530.93it/s]
 99%|█████████▊| 8697/8810 [00:05<00:00, 1728.67it/s]
100%|██████████| 8810/8810 [00:05<00:00, 1702.77it/s]
