
  0%|          | 0/8810 [00:00<?, ?it/s]
  2%|▏         | 201/8810 [00:00<00:04, 1998.02it/s]
  7%|▋         | 575/8810 [00:00<00:02, 3013.44it/s]
 10%|▉         | 877/8810 [00:00<00:03, 2612.06it/s]
 13%|█▎        | 1144/8810 [00:00<00:03, 2397.92it/s]
 16%|█▌        | 1400/8810 [00:00<00:03, 2449.50it/s]
 19%|█▊        | 1649/8810 [00:00<00:03, 2294.45it/s]
 21%|██▏       | 1882/8810 [00:00<00:03, 2225.00it/s]
 25%|██▍       | 2195/8810 [00:00<00:02, 2482.64it/s]
 28%|██▊       | 2448/8810 [00:01<00:02, 2401.52it/s]
 31%|███       | 2744/8810 [00:01<00:02, 2534.04it/s]
 35%|███▍      | 3057/8810 [00:01<00:02, 2538.86it/s]
 38%|███▊      | 3389/8810 [00:01<00:01, 2755.02it/s]
 42%|████▏     | 3668/8810 [00:01<00:02, 2563.25it/s]
 45%|████▍     | 3929/8810 [00:01<00:02, 2365.06it/s]
 47%|████▋     | 4180/8810 [00:01<00:01, 2385.09it/s]
 51%|█████▏    | 4522/8810 [00:01<00:01, 2665.74it/s]
 54%|█████▍    | 4794/8810 [00:01<00:01, 2519.74it/s]
 57%|█████▋    | 5051/8810 [00:02<00:01, 2478.78it/s]
 61%|██████    | 5372/8810 [00:02<00:01, 2536.23it/s]
 65%|██████▍   | 5722/8810 [00:02<00:01, 2796.18it/s]
 68%|██████▊   | 6006/8810 [00:02<00:01, 2632.23it/s]
 71%|███████   | 6274/8810 [00:02<00:00, 2624.00it/s]
 74%|███████▍  | 6540/8810 [00:02<00:00, 2483.85it/s]
 78%|███████▊  | 6910/8810 [00:02<00:00, 2809.57it/s]
 82%|████████▏ | 7196/8810 [00:02<00:00, 2381.05it/s]
 85%|████████▍ | 7457/8810 [00:02<00:00, 2431.77it/s]
 88%|████████▊ | 7715/8810 [00:03<00:00, 2319.14it/s]
 91%|█████████ | 7999/8810 [00:03<00:00, 2450.77it/s]
 94%|█████████▎| 8252/8810 [00:03<00:00, 2256.95it/s]
 96%|█████████▋| 8485/8810 [00:03<00:00, 2271.53it/s]
 99%|█████████▉| 8718/8810 [00:03<00:00, 2259.10it/s]
100%|██████████| 8810/8810 [00:03<00:00, 2469.94it/s]
