
  0%|          | 0/8810 [00:00<?, ?it/s]
  2%|▏         | 148/8810 [00:00<00:05, 1472.31it/s]
  3%|▎         | 296/8810 [00:00<00:06, 1283.78it/s]
  5%|▍         | 434/8810 [00:00<00:06, 1310.93it/s]
  7%|▋         | 619/8810 [00:00<00:05, 1508.22it/s]
  9%|▉         | 772/8810 [00:00<00:05, 1347.74it/s]
 11%|█         | 960/8810 [00:00<00:05, 1505.28it/s]
 13%|█▎        | 1115/8810 [00:00<00:05, 1470.12it/s]
 15%|█▌        | 1341/8810 [00:00<00:04, 1695.56it/s]
 17%|█▋        | 1514/8810 [00:01<00:04, 1516.15it/s]
 20%|██        | 1785/8810 [00:01<00:03, 1838.66it/s]
 22%|██▏       | 1977/8810 [00:01<00:04, 1690.14it/s]
 25%|██▌       | 2233/8810 [00:01<00:03, 1921.06it/s]
 28%|██▊       | 2434/8810 [00:01<00:03, 1755.37it/s]
 31%|███       | 2719/8810 [00:01<00:02, 2036.02it/s]
 33%|███▎      | 2932/8810 [00:01<00:03, 1686.09it/s]
 35%|███▌      | 3117/8810 [00:01<00:03, 1695.13it/s]
 38%|███▊      | 3322/8810 [00:01<00:03, 1780.50it/s]
 40%|███▉      | 3510/8810 [00:02<00:03, 1526.63it/s]
 42%|████▏     | 3724/8810 [00:02<00:03, 1674.17it/s]
 44%|████▍     | 3904/8810 [00:02<00:02, 1638.52it/s]
 47%|████▋     | 4180/8810 [00:02<00:02, 1897.52it/s]
 50%|████▉     | 4394/8810 [00:02<00:02, 1958.85it/s]
 52%|█████▏    | 4625/8810 [00:02<00:02, 1992.69it/s]
 55%|█████▍    | 4829/8810 [00:02<00:02, 1971.46it/s]
 57%|█████▋    | 5030/8810 [00:02<00:01, 1906.72it/s]
 60%|██████    | 5319/8810 [00:03<00:01, 2176.86it/s]
 63%|██████▎   | 5541/8810 [00:03<00:01, 2064.45it/s]
 65%|██████▌   | 5754/8810 [00:03<00:01, 2065.21it/s]
 68%|██████▊   | 5963/8810 [00:03<00:01, 1989.13it/s]
 70%|███████   | 6186/8810 [00:03<00:01, 2055.68it/s]
 73%|███████▎  | 6402/8810 [00:03<00:01, 2083.22it/s]
 76%|███████▌  | 6672/8810 [00:03<00:00, 2258.45it/s]
 79%|███████▉  | 6972/8810 [00:03<00:00, 2261.73it/s]
 82%|████████▏ | 7200/8810 [00:03<00:00, 2098.90it/s]
 84%|████████▍ | 7422/8810 [00:04<00:00, 2129.64it/s]
 87%|████████▋ | 7679/8810 [00:04<00:00, 2247.44it/s]
 90%|████████▉ | 7907/8810 [00:04<00:00, 1985.39it/s]
 92%|█████████▏| 8113/8810 [00:04<00:00, 1845.98it/s]
 95%|█████████▍| 8328/8810 [00:04<00:00, 1922.76it/s]
 97%|█████████▋| 8526/8810 [00:04<00:00, 1780.66it/s]
 99%|█████████▉| 8709/8810 [00:04<00:00, 1705.56it/s]
100%|██████████| 8810/8810 [00:04<00:00, 1837.66it/s]
