
  0%|          | 0/8810 [00:00<?, ?it/s]
  4%|▍         | 332/8810 [00:00<00:02, 3313.05it/s]
  8%|▊         | 664/8810 [00:00<00:02, 3257.96it/s]
 11%|█         | 990/8810 [00:00<00:02, 3251.57it/s]
 15%|█▍        | 1316/8810 [00:00<00:02, 3218.01it/s]
 19%|█▊        | 1638/8810 [00:00<00:02, 3062.57it/s]
 22%|██▏       | 1946/8810 [00:00<00:02, 2939.53it/s]
 26%|██▌       | 2263/8810 [00:00<00:02, 2940.36it/s]
 30%|███       | 2657/8810 [00:00<00:01, 3241.00it/s]
 34%|███▍      | 2984/8810 [00:00<00:01, 3082.28it/s]
 37%|███▋      | 3295/8810 [00:01<00:01, 2784.12it/s]
 41%|████      | 3580/8810 [00:01<00:01, 2792.36it/s]
 44%|████▍     | 3865/8810 [00:01<00:01, 2806.32it/s]
 47%|████▋     | 4180/8810 [00:01<00:01, 2897.55it/s]
 52%|█████▏    | 4555/8810 [00:01<00:01, 3141.27it/s]
 55%|█████▌    | 4873/8810 [00:01<00:01, 2749.87it/s]
 59%|█████▊    | 5159/8810 [00:01<00:01, 2499.01it/s]
 62%|██████▏   | 5420/8810 [00:01<00:01, 2222.06it/s]
 65%|██████▌   | 5754/8810 [00:02<00:01, 2419.60it/s]
 68%|██████▊   | 6007/8810 [00:02<00:01, 2307.26it/s]
 71%|███████▏  | 6287/8810 [00:02<00:01, 2430.97it/s]
 74%|███████▍  | 6538/8810 [00:02<00:00, 2408.26it/s]
 77%|███████▋  | 6820/8810 [00:02<00:00, 2517.31it/s]
 80%|████████  | 7077/8810 [00:02<00:00, 2348.49it/s]
 84%|████████▎ | 7360/8810 [00:02<00:00, 2364.13it/s]
 87%|████████▋ | 7650/8810 [00:02<00:00, 2506.79it/s]
 90%|████████▉ | 7905/8810 [00:02<00:00, 2336.70it/s]
 92%|█████████▏| 8143/8810 [00:03<00:00, 2036.37it/s]
 95%|█████████▍| 8356/8810 [00:03<00:00, 1993.39it/s]
 97%|█████████▋| 8561/8810 [00:03<00:00, 1880.65it/s]
100%|██████████| 8810/8810 [00:03<00:00, 2544.84it/s]
