
  0%|          | 0/8810 [00:00<?, ?it/s]
  2%|▏         | 203/8810 [00:00<00:04, 2027.30it/s]
  5%|▌         | 461/8810 [00:00<00:03, 2350.00it/s]
  8%|▊         | 696/8810 [00:00<00:03, 2313.43it/s]
 11%|█         | 960/8810 [00:00<00:03, 2428.03it/s]
 14%|█▎        | 1203/8810 [00:00<00:03, 2337.41it/s]
 17%|█▋        | 1457/8810 [00:00<00:03, 2197.71it/s]
 20%|█▉        | 1718/8810 [00:00<00:03, 2317.06it/s]
 22%|██▏       | 1953/8810 [00:00<00:03, 2163.53it/s]
 25%|██▌       | 2218/8810 [00:00<00:02, 2294.03it/s]
 28%|██▊       | 2451/8810 [00:01<00:02, 2221.82it/s]
 31%|███       | 2744/8810 [00:01<00:02, 2259.29it/s]
 34%|███▍      | 2981/8810 [00:01<00:02, 2286.81it/s]
 36%|███▋      | 3211/8810 [00:01<00:02, 2171.49it/s]
 39%|███▉      | 3430/8810 [00:01<00:02, 1957.38it/s]
 42%|████▏     | 3680/8810 [00:01<00:02, 2095.39it/s]
 44%|████▍     | 3895/8810 [00:01<00:02, 1966.78it/s]
 47%|████▋     | 4153/8810 [00:01<00:02, 2125.52it/s]
 50%|████▉     | 4401/8810 [00:01<00:01, 2220.27it/s]
 53%|█████▎    | 4628/8810 [00:02<00:01, 2117.63it/s]
 55%|█████▍    | 4844/8810 [00:02<00:01, 2073.48it/s]
 57%|█████▋    | 5054/8810 [00:02<00:01, 1976.78it/s]
 60%|██████    | 5318/8810 [00:02<00:01, 2154.90it/s]
 63%|██████▎   | 5537/8810 [00:02<00:01, 2054.34it/s]
 65%|██████▌   | 5756/8810 [00:02<00:01, 2091.19it/s]
 68%|██████▊   | 5968/8810 [00:02<00:01, 2005.80it/s]
 70%|███████   | 6171/8810 [00:02<00:01, 1921.73it/s]
 73%|███████▎  | 6400/8810 [00:03<00:01, 1900.20it/s]
 76%|███████▌  | 6688/8810 [00:03<00:00, 2161.62it/s]
 79%|███████▉  | 6972/8810 [00:03<00:00, 2182.65it/s]
 82%|████████▏ | 7205/8810 [00:03<00:00, 2222.21it/s]
 84%|████████▍ | 7430/8810 [00:03<00:00, 2193.57it/s]
 87%|████████▋ | 7676/8810 [00:03<00:00, 2266.10it/s]
 90%|████████▉ | 7905/8810 [00:03<00:00, 1961.44it/s]
 92%|█████████▏| 8109/8810 [00:03<00:00, 1816.83it/s]
 95%|█████████▍| 8361/8810 [00:03<00:00, 1859.24it/s]
 98%|█████████▊| 8647/8810 [00:04<00:00, 2109.36it/s]
100%|██████████| 8810/8810 [00:04<00:00, 2122.51it/s]
