
  0%|          | 0/8810 [00:00<?, ?it/s]
  2%|▏         | 181/8810 [00:00<00:06, 1325.83it/s]
  5%|▍         | 425/8810 [00:00<00:04, 1887.68it/s]
  7%|▋         | 656/8810 [00:00<00:04, 1831.50it/s]
 10%|▉         | 874/8810 [00:00<00:04, 1949.72it/s]
 12%|█▏        | 1074/8810 [00:00<00:04, 1834.52it/s]
 15%|█▌        | 1329/8810 [00:00<00:03, 2049.97it/s]
 17%|█▋        | 1539/8810 [00:00<00:03, 1911.85it/s]
 21%|██        | 1818/8810 [00:00<00:03, 2161.41it/s]
 23%|██▎       | 2040/8810 [00:01<00:03, 2021.56it/s]
 26%|██▌       | 2263/8810 [00:01<00:03, 2016.42it/s]
 29%|██▉       | 2545/8810 [00:01<00:02, 2238.76it/s]
 31%|███▏      | 2774/8810 [00:01<00:02, 2040.28it/s]
 34%|███▍      | 3012/8810 [00:01<00:02, 2128.20it/s]
 37%|███▋      | 3230/8810 [00:01<00:02, 2041.66it/s]
 39%|███▉      | 3439/8810 [00:01<00:02, 1994.43it/s]
 42%|████▏     | 3679/8810 [00:01<00:02, 2101.77it/s]
 44%|████▍     | 3892/8810 [00:01<00:02, 1982.93it/s]
 47%|████▋     | 4180/8810 [00:02<00:02, 2120.31it/s]
 51%|█████     | 4462/8810 [00:02<00:01, 2309.17it/s]
 53%|█████▎    | 4696/8810 [00:02<00:02, 1970.39it/s]
 56%|█████▌    | 4903/8810 [00:02<00:02, 1953.31it/s]
 58%|█████▊    | 5105/8810 [00:02<00:02, 1825.69it/s]
 61%|██████    | 5372/8810 [00:02<00:01, 1912.41it/s]
 64%|██████▍   | 5672/8810 [00:02<00:01, 2189.51it/s]
 67%|██████▋   | 5899/8810 [00:02<00:01, 2082.09it/s]
 69%|██████▉   | 6113/8810 [00:03<00:01, 1983.19it/s]
 73%|███████▎  | 6391/8810 [00:03<00:01, 2190.35it/s]
 75%|███████▌  | 6616/8810 [00:03<00:01, 2150.72it/s]
 78%|███████▊  | 6898/8810 [00:03<00:00, 2334.37it/s]
 81%|████████  | 7136/8810 [00:03<00:00, 2070.32it/s]
 84%|████████▎ | 7360/8810 [00:03<00:00, 2039.05it/s]
 87%|████████▋ | 7635/8810 [00:03<00:00, 2221.91it/s]
 89%|████████▉ | 7864/8810 [00:03<00:00, 2049.89it/s]
 92%|█████████▏| 8076/8810 [00:03<00:00, 1938.82it/s]
 94%|█████████▍| 8317/8810 [00:04<00:00, 2059.50it/s]
 97%|█████████▋| 8528/8810 [00:04<00:00, 1991.21it/s]
 99%|█████████▉| 8731/8810 [00:04<00:00, 1933.15it/s]
100%|██████████| 8810/8810 [00:04<00:00, 2036.44it/s]
