
  0%|          | 0/8810 [00:00<?, ?it/s]
  2%|▏         | 181/8810 [00:00<00:05, 1712.47it/s]
  4%|▍         | 396/8810 [00:00<00:04, 1957.54it/s]
  7%|▋         | 656/8810 [00:00<00:04, 1962.42it/s]
 10%|█         | 898/8810 [00:00<00:03, 2123.55it/s]
 13%|█▎        | 1113/8810 [00:00<00:03, 2029.19it/s]
 15%|█▌        | 1330/8810 [00:00<00:03, 2070.53it/s]
 17%|█▋        | 1539/8810 [00:00<00:04, 1785.65it/s]
 20%|██        | 1792/8810 [00:00<00:03, 1987.93it/s]
 23%|██▎       | 1999/8810 [00:01<00:03, 1831.93it/s]
 26%|██▌       | 2263/8810 [00:01<00:03, 1917.92it/s]
 28%|██▊       | 2507/8810 [00:01<00:03, 2054.46it/s]
 31%|███       | 2744/8810 [00:01<00:02, 2064.93it/s]
 34%|███▎      | 2958/8810 [00:01<00:02, 2082.22it/s]
 36%|███▌      | 3169/8810 [00:01<00:02, 1956.45it/s]
 38%|███▊      | 3382/8810 [00:01<00:02, 2003.79it/s]
 41%|████      | 3585/8810 [00:01<00:02, 1936.95it/s]
 43%|████▎     | 3781/8810 [00:01<00:02, 1917.24it/s]
 45%|████▌     | 3978/8810 [00:02<00:02, 1930.97it/s]
 47%|████▋     | 4184/8810 [00:02<00:02, 1961.56it/s]
 51%|█████     | 4450/8810 [00:02<00:02, 2162.44it/s]
 53%|█████▎    | 4668/8810 [00:02<00:02, 1953.65it/s]
 55%|█████▌    | 4876/8810 [00:02<00:01, 1986.94it/s]
 58%|█████▊    | 5079/8810 [00:02<00:01, 1926.85it/s]
 61%|██████    | 5344/8810 [00:02<00:01, 2126.89it/s]
 63%|██████▎   | 5560/8810 [00:02<00:01, 1995.16it/s]
 65%|██████▌   | 5764/8810 [00:02<00:01, 1987.23it/s]
 68%|██████▊   | 5978/8810 [00:03<00:01, 2029.90it/s]
 70%|███████   | 6183/8810 [00:03<00:01, 1943.15it/s]
 73%|███████▎  | 6400/8810 [00:03<00:01, 1944.14it/s]
 76%|███████▌  | 6674/8810 [00:03<00:00, 2163.16it/s]
 79%|███████▉  | 6972/8810 [00:03<00:00, 2218.20it/s]
 82%|████████▏ | 7204/8810 [00:03<00:00, 2242.25it/s]
 84%|████████▍ | 7430/8810 [00:03<00:00, 2124.29it/s]
 87%|████████▋ | 7644/8810 [00:03<00:00, 2074.30it/s]
 89%|████████▉ | 7853/8810 [00:03<00:00, 1920.80it/s]
 91%|█████████▏| 8048/8810 [00:04<00:00, 1858.91it/s]
 94%|█████████▍| 8290/8810 [00:04<00:00, 2009.01it/s]
 96%|█████████▋| 8494/8810 [00:04<00:00, 1924.96it/s]
 99%|█████████▉| 8702/8810 [00:04<00:00, 1834.12it/s]
100%|██████████| 8810/8810 [00:04<00:00, 1989.08it/s]
