
  0%|          | 0/8810 [00:00<?, ?it/s]
  2%|▏         | 181/8810 [00:00<00:05, 1525.31it/s]
  5%|▍         | 423/8810 [00:00<00:04, 2012.99it/s]
  7%|▋         | 656/8810 [00:00<00:04, 1854.25it/s]
 10%|▉         | 862/8810 [00:00<00:04, 1922.53it/s]
 12%|█▏        | 1058/8810 [00:00<00:04, 1771.82it/s]
 14%|█▍        | 1270/8810 [00:00<00:04, 1873.06it/s]
 17%|█▋        | 1461/8810 [00:00<00:04, 1658.05it/s]
 19%|█▉        | 1659/8810 [00:00<00:04, 1744.14it/s]
 21%|██        | 1839/8810 [00:01<00:04, 1657.86it/s]
 23%|██▎       | 2026/8810 [00:01<00:03, 1713.03it/s]
 26%|██▌       | 2262/8810 [00:01<00:03, 1894.09it/s]
 28%|██▊       | 2456/8810 [00:01<00:03, 1788.70it/s]
 31%|███       | 2716/8810 [00:01<00:03, 2011.39it/s]
 33%|███▎      | 2922/8810 [00:01<00:03, 1809.26it/s]
 35%|███▌      | 3110/8810 [00:01<00:03, 1681.20it/s]
 37%|███▋      | 3284/8810 [00:01<00:03, 1677.89it/s]
 39%|███▉      | 3456/8810 [00:01<00:03, 1632.69it/s]
 42%|████▏     | 3686/8810 [00:02<00:02, 1809.75it/s]
 44%|████▍     | 3871/8810 [00:02<00:02, 1661.40it/s]
 47%|████▋     | 4122/8810 [00:02<00:02, 1885.74it/s]
 49%|████▉     | 4317/8810 [00:02<00:02, 1834.07it/s]
 52%|█████▏    | 4549/8810 [00:02<00:02, 1959.79it/s]
 54%|█████▍    | 4749/8810 [00:02<00:02, 1750.32it/s]
 56%|█████▌    | 4932/8810 [00:02<00:02, 1641.48it/s]
 58%|█████▊    | 5114/8810 [00:02<00:02, 1687.39it/s]
 61%|██████    | 5345/8810 [00:02<00:01, 1852.89it/s]
 63%|██████▎   | 5536/8810 [00:03<00:01, 1794.33it/s]
 65%|██████▌   | 5751/8810 [00:03<00:01, 1889.12it/s]
 67%|██████▋   | 5944/8810 [00:03<00:01, 1618.04it/s]
 69%|██████▉   | 6115/8810 [00:03<00:01, 1598.85it/s]
 72%|███████▏  | 6305/8810 [00:03<00:01, 1675.68it/s]
 74%|███████▎  | 6478/8810 [00:03<00:01, 1591.11it/s]
 77%|███████▋  | 6749/8810 [00:03<00:01, 1884.24it/s]
 79%|███████▉  | 6972/8810 [00:03<00:01, 1793.10it/s]
 81%|████████▏ | 7160/8810 [00:04<00:00, 1808.20it/s]
 84%|████████▎ | 7360/8810 [00:04<00:00, 1737.67it/s]
 86%|████████▌ | 7537/8810 [00:04<00:00, 1732.64it/s]
 88%|████████▊ | 7715/8810 [00:04<00:00, 1686.49it/s]
 90%|████████▉ | 7886/8810 [00:04<00:00, 1674.30it/s]
 91%|█████████▏| 8055/8810 [00:04<00:00, 1556.07it/s]
 93%|█████████▎| 8218/8810 [00:04<00:00, 1574.23it/s]
 95%|█████████▌| 8377/8810 [00:04<00:00, 1525.72it/s]
 97%|█████████▋| 8580/8810 [00:04<00:00, 1664.51it/s]
 99%|█████████▉| 8749/8810 [00:05<00:00, 1586.40it/s]
100%|██████████| 8810/8810 [00:05<00:00, 1733.08it/s]
