
  0%|          | 0/8810 [00:00<?, ?it/s]
  2%|▏         | 181/8810 [00:00<00:05, 1594.44it/s]
  5%|▌         | 452/8810 [00:00<00:03, 2211.04it/s]
  8%|▊         | 677/8810 [00:00<00:04, 1993.15it/s]
 10%|█         | 881/8810 [00:00<00:03, 1984.03it/s]
 12%|█▏        | 1082/8810 [00:00<00:04, 1714.66it/s]
 14%|█▍        | 1260/8810 [00:00<00:04, 1612.40it/s]
 17%|█▋        | 1457/8810 [00:00<00:04, 1588.00it/s]
 18%|█▊        | 1619/8810 [00:00<00:04, 1596.58it/s]
 21%|██        | 1821/8810 [00:01<00:04, 1697.36it/s]
 24%|██▍       | 2097/8810 [00:01<00:03, 1996.61it/s]
 26%|██▌       | 2301/8810 [00:01<00:03, 1887.17it/s]
 30%|██▉       | 2616/8810 [00:01<00:02, 2238.05it/s]
 32%|███▏      | 2846/8810 [00:01<00:03, 1922.42it/s]
 35%|███▍      | 3057/8810 [00:01<00:02, 1963.28it/s]
 38%|███▊      | 3321/8810 [00:01<00:02, 2143.91it/s]
 40%|████      | 3544/8810 [00:01<00:02, 2121.08it/s]
 43%|████▎     | 3774/8810 [00:01<00:02, 2069.98it/s]
 46%|████▌     | 4063/8810 [00:02<00:02, 2290.42it/s]
 49%|████▉     | 4297/8810 [00:02<00:02, 2169.44it/s]
 52%|█████▏    | 4550/8810 [00:02<00:01, 2267.98it/s]
 54%|█████▍    | 4781/8810 [00:02<00:01, 2062.84it/s]
 57%|█████▋    | 4993/8810 [00:02<00:02, 1885.08it/s]
 60%|█████▉    | 5244/8810 [00:02<00:01, 2041.04it/s]
 62%|██████▏   | 5455/8810 [00:02<00:01, 2015.65it/s]
 65%|██████▌   | 5746/8810 [00:02<00:01, 2258.38it/s]
 68%|██████▊   | 5978/8810 [00:03<00:01, 1989.38it/s]
 70%|███████   | 6186/8810 [00:03<00:01, 1930.77it/s]
 73%|███████▎  | 6400/8810 [00:03<00:01, 1919.62it/s]
 76%|███████▌  | 6701/8810 [00:03<00:00, 2208.42it/s]
 79%|███████▉  | 6972/8810 [00:03<00:00, 2190.74it/s]
 82%|████████▏ | 7199/8810 [00:03<00:00, 2211.34it/s]
 84%|████████▍ | 7430/8810 [00:03<00:00, 2236.87it/s]
 87%|████████▋ | 7657/8810 [00:03<00:00, 2174.30it/s]
 89%|████████▉ | 7877/8810 [00:03<00:00, 2030.83it/s]
 92%|█████████▏| 8083/8810 [00:04<00:00, 1885.97it/s]
 94%|█████████▍| 8316/8810 [00:04<00:00, 2003.34it/s]
 97%|█████████▋| 8521/8810 [00:04<00:00, 1940.99it/s]
 99%|█████████▉| 8718/8810 [00:04<00:00, 1857.54it/s]
100%|██████████| 8810/8810 [00:04<00:00, 1997.54it/s]
