
  0%|          | 0/8810 [00:00<?, ?it/s]
  2%|▏         | 181/8810 [00:00<00:06, 1340.83it/s]
  4%|▍         | 393/8810 [00:00<00:04, 1732.72it/s]
  7%|▋         | 611/8810 [00:00<00:04, 1920.05it/s]
  9%|▉         | 808/8810 [00:00<00:05, 1462.11it/s]
 11%|█         | 969/8810 [00:00<00:05, 1490.05it/s]
 13%|█▎        | 1128/8810 [00:00<00:05, 1395.42it/s]
 15%|█▍        | 1317/8810 [00:00<00:04, 1531.25it/s]
 17%|█▋        | 1478/8810 [00:00<00:05, 1430.50it/s]
 19%|█▉        | 1670/8810 [00:01<00:04, 1561.36it/s]
 21%|██        | 1832/8810 [00:01<00:04, 1437.99it/s]
 23%|██▎       | 2036/8810 [00:01<00:04, 1595.22it/s]
 25%|██▌       | 2231/8810 [00:01<00:03, 1691.96it/s]
 27%|██▋       | 2406/8810 [00:01<00:03, 1601.97it/s]
 30%|██▉       | 2624/8810 [00:01<00:03, 1758.11it/s]
 32%|███▏      | 2805/8810 [00:01<00:03, 1624.99it/s]
 34%|███▍      | 3014/8810 [00:01<00:03, 1742.92it/s]
 36%|███▌      | 3193/8810 [00:02<00:03, 1599.14it/s]
 38%|███▊      | 3375/8810 [00:02<00:03, 1657.39it/s]
 40%|████      | 3545/8810 [00:02<00:03, 1549.48it/s]
 43%|████▎     | 3760/8810 [00:02<00:02, 1704.11it/s]
 45%|████▍     | 3935/8810 [00:02<00:03, 1535.06it/s]
 47%|████▋     | 4180/8810 [00:02<00:02, 1609.68it/s]
 50%|████▉     | 4390/8810 [00:02<00:02, 1730.02it/s]
 52%|█████▏    | 4568/8810 [00:02<00:02, 1713.51it/s]
 54%|█████▍    | 4743/8810 [00:02<00:02, 1532.87it/s]
 56%|█████▌    | 4913/8810 [00:03<00:02, 1573.53it/s]
 58%|█████▊    | 5075/8810 [00:03<00:02, 1471.80it/s]
 60%|█████▉    | 5284/8810 [00:03<00:02, 1632.28it/s]
 62%|██████▏   | 5452/8810 [00:03<00:02, 1549.64it/s]
 65%|██████▍   | 5693/8810 [00:03<00:01, 1779.23it/s]
 67%|██████▋   | 5877/8810 [00:03<00:01, 1574.24it/s]
 69%|██████▊   | 6042/8810 [00:03<00:02, 1373.37it/s]
 71%|███████   | 6226/8810 [00:03<00:01, 1483.11it/s]
 73%|███████▎  | 6400/8810 [00:04<00:01, 1428.84it/s]
 75%|███████▍  | 6597/8810 [00:04<00:01, 1564.46it/s]
 77%|███████▋  | 6820/8810 [00:04<00:01, 1737.39it/s]
 79%|███████▉  | 7001/8810 [00:04<00:01, 1654.87it/s]
 81%|████████▏ | 7172/8810 [00:04<00:01, 1627.07it/s]
 84%|████████▎ | 7360/8810 [00:04<00:00, 1592.01it/s]
 85%|████████▌ | 7522/8810 [00:04<00:00, 1590.46it/s]
 87%|████████▋ | 7699/8810 [00:04<00:00, 1634.05it/s]
 89%|████████▉ | 7865/8810 [00:05<00:00, 1409.32it/s]
 91%|█████████ | 8035/8810 [00:05<00:00, 1479.11it/s]
 93%|█████████▎| 8189/8810 [00:05<00:00, 1409.40it/s]
 95%|█████████▍| 8357/8810 [00:05<00:00, 1478.69it/s]
 97%|█████████▋| 8509/8810 [00:05<00:00, 1396.80it/s]
 99%|█████████▉| 8702/8810 [00:05<00:00, 1393.67it/s]
100%|██████████| 8810/8810 [00:05<00:00, 1560.30it/s]
