
  0%|          | 0/8810 [00:00<?, ?it/s]
  3%|▎         | 269/8810 [00:00<00:03, 2688.13it/s]
  7%|▋         | 617/8810 [00:00<00:02, 3151.67it/s]
 11%|█         | 933/8810 [00:00<00:02, 2767.35it/s]
 14%|█▍        | 1240/8810 [00:00<00:02, 2876.75it/s]
 17%|█▋        | 1532/8810 [00:00<00:02, 2790.06it/s]
 21%|██        | 1821/8810 [00:00<00:02, 2631.79it/s]
 24%|██▍       | 2148/8810 [00:00<00:02, 2819.99it/s]
 28%|██▊       | 2434/8810 [00:00<00:02, 2576.97it/s]
 31%|███       | 2744/8810 [00:01<00:02, 2528.36it/s]
 35%|███▍      | 3045/8810 [00:01<00:02, 2658.64it/s]
 38%|███▊      | 3316/8810 [00:01<00:02, 2602.39it/s]
 41%|████      | 3588/8810 [00:01<00:01, 2631.82it/s]
 44%|████▍     | 3871/8810 [00:01<00:01, 2687.45it/s]
 48%|████▊     | 4199/8810 [00:01<00:01, 2857.56it/s]
 52%|█████▏    | 4572/8810 [00:01<00:01, 3108.75it/s]
 55%|█████▌    | 4886/8810 [00:01<00:01, 2940.03it/s]
 59%|█████▉    | 5184/8810 [00:01<00:01, 2846.04it/s]
 62%|██████▏   | 5472/8810 [00:01<00:01, 2847.90it/s]
 65%|██████▌   | 5760/8810 [00:02<00:01, 2850.24it/s]
 69%|██████▊   | 6047/8810 [00:02<00:01, 2638.46it/s]
 72%|███████▏  | 6381/8810 [00:02<00:00, 2831.84it/s]
 76%|███████▌  | 6669/8810 [00:02<00:00, 2603.23it/s]
 79%|███████▉  | 6979/8810 [00:02<00:00, 2732.92it/s]
 83%|████████▎ | 7294/8810 [00:02<00:00, 2848.16it/s]
 86%|████████▌ | 7584/8810 [00:02<00:00, 2724.59it/s]
 89%|████████▉ | 7861/8810 [00:02<00:00, 2711.86it/s]
 92%|█████████▏| 8135/8810 [00:02<00:00, 2601.21it/s]
 95%|█████████▌| 8403/8810 [00:03<00:00, 2618.98it/s]
 99%|█████████▉| 8702/8810 [00:03<00:00, 2579.23it/s]
100%|██████████| 8810/8810 [00:03<00:00, 2730.08it/s]
