
  0%|          | 0/8810 [00:00<?, ?it/s]
  2%|▏         | 181/8810 [00:00<00:05, 1610.10it/s]
  5%|▍         | 419/8810 [00:00<00:04, 2040.11it/s]
  7%|▋         | 647/8810 [00:00<00:03, 2144.42it/s]
 10%|▉         | 863/8810 [00:00<00:04, 1807.82it/s]
 12%|█▏        | 1051/8810 [00:00<00:04, 1708.34it/s]
 15%|█▍        | 1288/8810 [00:00<00:03, 1899.35it/s]
 17%|█▋        | 1484/8810 [00:00<00:04, 1794.52it/s]
 19%|█▉        | 1709/8810 [00:00<00:03, 1920.41it/s]
 22%|██▏       | 1906/8810 [00:01<00:04, 1702.92it/s]
 24%|██▍       | 2153/8810 [00:01<00:03, 1903.41it/s]
 27%|██▋       | 2351/8810 [00:01<00:03, 1740.21it/s]
 30%|██▉       | 2622/8810 [00:01<00:03, 1991.99it/s]
 32%|███▏      | 2831/8810 [00:01<00:03, 1850.38it/s]
 35%|███▍      | 3057/8810 [00:01<00:03, 1793.85it/s]
 37%|███▋      | 3243/8810 [00:01<00:03, 1801.44it/s]
 39%|███▉      | 3428/8810 [00:01<00:03, 1743.23it/s]
 42%|████▏     | 3657/8810 [00:01<00:02, 1886.24it/s]
 44%|████▎     | 3850/8810 [00:02<00:02, 1787.46it/s]
 46%|████▋     | 4081/8810 [00:02<00:02, 1922.16it/s]
 49%|████▊     | 4277/8810 [00:02<00:02, 1800.77it/s]
 51%|█████     | 4485/8810 [00:02<00:02, 1867.64it/s]
 53%|█████▎    | 4675/8810 [00:02<00:02, 1669.24it/s]
 55%|█████▌    | 4848/8810 [00:02<00:02, 1663.31it/s]
 57%|█████▋    | 5018/8810 [00:02<00:02, 1529.50it/s]
 59%|█████▉    | 5225/8810 [00:02<00:02, 1665.53it/s]
 61%|██████▏   | 5397/8810 [00:03<00:02, 1553.68it/s]
 64%|██████▎   | 5612/8810 [00:03<00:01, 1707.90it/s]
 66%|██████▌   | 5788/8810 [00:03<00:01, 1667.04it/s]
 68%|██████▊   | 5959/8810 [00:03<00:01, 1669.90it/s]
 70%|██████▉   | 6129/8810 [00:03<00:01, 1458.74it/s]
 72%|███████▏  | 6322/8810 [00:03<00:01, 1578.53it/s]
 74%|███████▎  | 6486/8810 [00:03<00:01, 1520.25it/s]
 77%|███████▋  | 6742/8810 [00:03<00:01, 1799.07it/s]
 79%|███████▉  | 6972/8810 [00:03<00:01, 1771.53it/s]
 81%|████████▏ | 7166/8810 [00:04<00:00, 1812.24it/s]
 84%|████████▎ | 7360/8810 [00:04<00:00, 1735.39it/s]
 86%|████████▌ | 7537/8810 [00:04<00:00, 1703.34it/s]
 88%|████████▊ | 7728/8810 [00:04<00:00, 1758.18it/s]
 90%|████████▉ | 7909/8810 [00:04<00:00, 1770.27it/s]
 92%|█████████▏| 8088/8810 [00:04<00:00, 1572.12it/s]
 94%|█████████▍| 8276/8810 [00:04<00:00, 1648.33it/s]
 96%|█████████▌| 8446/8810 [00:04<00:00, 1562.99it/s]
 98%|█████████▊| 8670/8810 [00:04<00:00, 1744.07it/s]
100%|██████████| 8810/8810 [00:05<00:00, 1733.93it/s]
