
  0%|          | 0/8810 [00:00<?, ?it/s]
  2%|▏         | 181/8810 [00:00<00:05, 1485.21it/s]
  5%|▍         | 412/8810 [00:00<00:04, 1929.30it/s]
  7%|▋         | 647/8810 [00:00<00:03, 2110.13it/s]
 10%|▉         | 862/8810 [00:00<00:04, 1799.34it/s]
 12%|█▏        | 1050/8810 [00:00<00:04, 1611.61it/s]
 14%|█▍        | 1246/8810 [00:00<00:04, 1709.93it/s]
 16%|█▋        | 1450/8810 [00:00<00:04, 1801.33it/s]
 19%|█▊        | 1636/8810 [00:00<00:04, 1660.06it/s]
 21%|██        | 1821/8810 [00:01<00:04, 1622.98it/s]
 23%|██▎       | 2034/8810 [00:01<00:03, 1758.05it/s]
 25%|██▌       | 2241/8810 [00:01<00:03, 1840.69it/s]
 28%|██▊       | 2429/8810 [00:01<00:03, 1765.79it/s]
 30%|███       | 2676/8810 [00:01<00:03, 1960.44it/s]
 33%|███▎      | 2876/8810 [00:01<00:03, 1806.74it/s]
 35%|███▍      | 3062/8810 [00:01<00:03, 1691.84it/s]
 37%|███▋      | 3246/8810 [00:01<00:03, 1730.87it/s]
 39%|███▉      | 3423/8810 [00:01<00:03, 1694.05it/s]
 41%|████▏     | 3636/8810 [00:02<00:02, 1813.83it/s]
 43%|████▎     | 3820/8810 [00:02<00:02, 1772.17it/s]
 46%|████▌     | 4054/8810 [00:02<00:02, 1929.78it/s]
 48%|████▊     | 4250/8810 [00:02<00:02, 1800.75it/s]
 51%|█████     | 4483/8810 [00:02<00:02, 1945.09it/s]
 53%|█████▎    | 4681/8810 [00:02<00:02, 1754.54it/s]
 55%|█████▌    | 4862/8810 [00:02<00:02, 1730.45it/s]
 57%|█████▋    | 5039/8810 [00:02<00:02, 1549.06it/s]
 59%|█████▉    | 5224/8810 [00:02<00:02, 1623.48it/s]
 61%|██████    | 5392/8810 [00:03<00:02, 1569.10it/s]
 64%|██████▎   | 5597/8810 [00:03<00:01, 1697.14it/s]
 66%|██████▌   | 5771/8810 [00:03<00:01, 1658.68it/s]
 67%|██████▋   | 5940/8810 [00:03<00:01, 1582.13it/s]
 69%|██████▉   | 6101/8810 [00:03<00:01, 1485.27it/s]
 72%|███████▏  | 6301/8810 [00:03<00:01, 1617.29it/s]
 73%|███████▎  | 6466/8810 [00:03<00:01, 1485.75it/s]
 75%|███████▌  | 6648/8810 [00:03<00:01, 1572.18it/s]
 78%|███████▊  | 6887/8810 [00:03<00:01, 1794.38it/s]
 80%|████████  | 7072/8810 [00:04<00:01, 1665.65it/s]
 82%|████████▏ | 7244/8810 [00:04<00:00, 1642.72it/s]
 84%|████████▍ | 7412/8810 [00:04<00:00, 1624.50it/s]
 86%|████████▌ | 7577/8810 [00:04<00:00, 1513.89it/s]
 88%|████████▊ | 7731/8810 [00:04<00:00, 1475.55it/s]
 89%|████████▉ | 7881/8810 [00:04<00:00, 1444.44it/s]
 91%|█████████ | 8033/8810 [00:04<00:00, 1464.86it/s]
 93%|█████████▎| 8181/8810 [00:04<00:00, 1320.08it/s]
 94%|█████████▍| 8318/8810 [00:05<00:00, 1330.09it/s]
 96%|█████████▌| 8454/8810 [00:05<00:00, 1260.76it/s]
 98%|█████████▊| 8643/8810 [00:05<00:00, 1428.27it/s]
100%|█████████▉| 8789/8810 [00:05<00:00, 1395.17it/s]
100%|██████████| 8810/8810 [00:05<00:00, 1639.27it/s]
