
  0%|          | 0/8810 [00:00<?, ?it/s]
  3%|▎         | 283/8810 [00:00<00:03, 2825.14it/s]
  7%|▋         | 656/8810 [00:00<00:02, 3005.75it/s]
 11%|█         | 967/8810 [00:00<00:02, 3049.56it/s]
 14%|█▍        | 1272/8810 [00:00<00:02, 2528.74it/s]
 17%|█▋        | 1535/8810 [00:00<00:02, 2507.82it/s]
 21%|██        | 1821/8810 [00:00<00:02, 2440.97it/s]
 24%|██▍       | 2144/8810 [00:00<00:02, 2664.17it/s]
 27%|██▋       | 2417/8810 [00:00<00:02, 2522.34it/s]
 31%|███       | 2744/8810 [00:01<00:02, 2585.57it/s]
 34%|███▍      | 3014/8810 [00:01<00:02, 2614.79it/s]
 37%|███▋      | 3278/8810 [00:01<00:02, 2483.53it/s]
 40%|████      | 3529/8810 [00:01<00:02, 2316.81it/s]
 43%|████▎     | 3825/8810 [00:01<00:02, 2488.73it/s]
 47%|████▋     | 4146/8810 [00:01<00:01, 2688.55it/s]
 50%|█████     | 4420/8810 [00:01<00:01, 2693.21it/s]
 53%|█████▎    | 4693/8810 [00:01<00:01, 2550.54it/s]
 56%|█████▌    | 4952/8810 [00:01<00:01, 2491.77it/s]
 60%|█████▉    | 5284/8810 [00:02<00:01, 2721.17it/s]
 63%|██████▎   | 5560/8810 [00:02<00:01, 2607.66it/s]
 66%|██████▌   | 5824/8810 [00:02<00:01, 2585.76it/s]
 69%|██████▉   | 6085/8810 [00:02<00:01, 2351.34it/s]
 72%|███████▏  | 6325/8810 [00:02<00:01, 2192.39it/s]
 75%|███████▍  | 6584/8810 [00:02<00:00, 2291.32it/s]
 79%|███████▊  | 6921/8810 [00:02<00:00, 2583.38it/s]
 82%|████████▏ | 7186/8810 [00:02<00:00, 2481.57it/s]
 85%|████████▍ | 7445/8810 [00:02<00:00, 2509.69it/s]
 87%|████████▋ | 7700/8810 [00:03<00:00, 2398.09it/s]
 90%|█████████ | 7943/8810 [00:03<00:00, 2370.92it/s]
 93%|█████████▎| 8183/8810 [00:03<00:00, 2340.53it/s]
 96%|█████████▌| 8419/8810 [00:03<00:00, 2313.38it/s]
 99%|█████████▉| 8702/8810 [00:03<00:00, 2323.60it/s]
100%|██████████| 8810/8810 [00:03<00:00, 2493.99it/s]
