
  0%|          | 0/8810 [00:00<?, ?it/s]
  2%|▏         | 181/8810 [00:00<00:06, 1332.06it/s]
  5%|▍         | 404/8810 [00:00<00:04, 1791.13it/s]
  7%|▋         | 601/8810 [00:00<00:04, 1863.46it/s]
  9%|▉         | 792/8810 [00:00<00:05, 1576.32it/s]
 11%|█         | 958/8810 [00:00<00:04, 1598.99it/s]
 13%|█▎        | 1124/8810 [00:00<00:05, 1452.86it/s]
 15%|█▍        | 1298/8810 [00:00<00:04, 1530.58it/s]
 17%|█▋        | 1457/8810 [00:00<00:05, 1434.21it/s]
 19%|█▊        | 1636/8810 [00:01<00:04, 1531.91it/s]
 21%|██        | 1814/8810 [00:01<00:04, 1594.81it/s]
 22%|██▏       | 1977/8810 [00:01<00:04, 1423.17it/s]
 25%|██▍       | 2197/8810 [00:01<00:04, 1627.23it/s]
 27%|██▋       | 2367/8810 [00:01<00:04, 1459.36it/s]
 30%|██▉       | 2615/8810 [00:01<00:03, 1721.16it/s]
 32%|███▏      | 2797/8810 [00:01<00:03, 1537.06it/s]
 34%|███▍      | 2974/8810 [00:01<00:03, 1593.47it/s]
 36%|███▌      | 3141/8810 [00:02<00:03, 1527.20it/s]
 37%|███▋      | 3300/8810 [00:02<00:03, 1519.31it/s]
 39%|███▉      | 3456/8810 [00:02<00:03, 1423.79it/s]
 41%|████      | 3621/8810 [00:02<00:03, 1478.88it/s]
 43%|████▎     | 3774/8810 [00:02<00:03, 1386.45it/s]
 45%|████▍     | 3931/8810 [00:02<00:03, 1434.60it/s]
 47%|████▋     | 4146/8810 [00:02<00:02, 1628.85it/s]
 49%|████▉     | 4313/8810 [00:02<00:02, 1508.54it/s]
 51%|█████     | 4504/8810 [00:02<00:02, 1610.39it/s]
 53%|█████▎    | 4669/8810 [00:03<00:02, 1386.02it/s]
 55%|█████▍    | 4819/8810 [00:03<00:02, 1414.21it/s]
 56%|█████▋    | 4967/8810 [00:03<00:02, 1294.80it/s]
 58%|█████▊    | 5125/8810 [00:03<00:02, 1364.35it/s]
 60%|██████    | 5307/8810 [00:03<00:02, 1483.24it/s]
 62%|██████▏   | 5461/8810 [00:03<00:02, 1401.12it/s]
 64%|██████▍   | 5644/8810 [00:03<00:02, 1512.56it/s]
 66%|██████▌   | 5800/8810 [00:03<00:02, 1442.76it/s]
 68%|██████▊   | 5948/8810 [00:03<00:02, 1392.02it/s]
 69%|██████▉   | 6090/8810 [00:04<00:01, 1373.28it/s]
 71%|███████   | 6256/8810 [00:04<00:01, 1447.59it/s]
 73%|███████▎  | 6403/8810 [00:04<00:01, 1351.38it/s]
 75%|███████▍  | 6592/8810 [00:04<00:01, 1497.49it/s]
 77%|███████▋  | 6817/8810 [00:04<00:01, 1705.40it/s]
 79%|███████▉  | 6991/8810 [00:04<00:01, 1605.94it/s]
 81%|████████  | 7157/8810 [00:04<00:01, 1618.89it/s]
 83%|████████▎ | 7328/8810 [00:04<00:00, 1641.21it/s]
 85%|████████▌ | 7494/8810 [00:04<00:00, 1501.55it/s]
 87%|████████▋ | 7693/8810 [00:05<00:00, 1634.36it/s]
 89%|████████▉ | 7861/8810 [00:05<00:00, 1382.90it/s]
 91%|█████████ | 8025/8810 [00:05<00:00, 1442.47it/s]
 93%|█████████▎| 8177/8810 [00:05<00:00, 1288.83it/s]
 94%|█████████▍| 8314/8810 [00:05<00:00, 1308.68it/s]
 96%|█████████▌| 8451/8810 [00:05<00:00, 1219.43it/s]
 98%|█████████▊| 8627/8810 [00:05<00:00, 1356.31it/s]
100%|█████████▉| 8768/8810 [00:05<00:00, 1268.62it/s]
100%|██████████| 8810/8810 [00:05<00:00, 1472.92it/s]
