
  0%|          | 0/8810 [00:00<?, ?it/s]
  2%|▏         | 181/8810 [00:00<00:05, 1525.45it/s]
  5%|▍         | 425/8810 [00:00<00:04, 2017.36it/s]
  7%|▋         | 656/8810 [00:00<00:04, 1907.81it/s]
 10%|▉         | 868/8810 [00:00<00:04, 1981.31it/s]
 12%|█▏        | 1069/8810 [00:00<00:04, 1791.99it/s]
 14%|█▍        | 1271/8810 [00:00<00:04, 1857.93it/s]
 17%|█▋        | 1460/8810 [00:00<00:04, 1716.15it/s]
 19%|█▉        | 1661/8810 [00:00<00:03, 1794.10it/s]
 21%|██        | 1844/8810 [00:01<00:04, 1723.71it/s]
 24%|██▎       | 2091/8810 [00:01<00:03, 1934.09it/s]
 26%|██▌       | 2289/8810 [00:01<00:03, 1765.77it/s]
 29%|██▊       | 2523/8810 [00:01<00:03, 1917.42it/s]
 31%|███       | 2744/8810 [00:01<00:03, 1901.72it/s]
 33%|███▎      | 2939/8810 [00:01<00:03, 1909.73it/s]
 36%|███▌      | 3133/8810 [00:01<00:03, 1814.66it/s]
 38%|███▊      | 3330/8810 [00:01<00:02, 1853.20it/s]
 40%|███▉      | 3518/8810 [00:01<00:02, 1774.04it/s]
 42%|████▏     | 3698/8810 [00:02<00:02, 1780.99it/s]
 44%|████▍     | 3878/8810 [00:02<00:02, 1668.15it/s]
 47%|████▋     | 4165/8810 [00:02<00:02, 1996.03it/s]
 50%|████▉     | 4369/8810 [00:02<00:02, 1936.82it/s]
 52%|█████▏    | 4575/8810 [00:02<00:02, 1966.06it/s]
 54%|█████▍    | 4775/8810 [00:02<00:02, 1814.99it/s]
 56%|█████▋    | 4961/8810 [00:02<00:02, 1637.43it/s]
 59%|█████▊    | 5165/8810 [00:02<00:02, 1737.83it/s]
 61%|██████    | 5372/8810 [00:02<00:01, 1722.65it/s]
 64%|██████▎   | 5600/8810 [00:03<00:01, 1867.08it/s]
 66%|██████▌   | 5791/8810 [00:03<00:01, 1765.30it/s]
 68%|██████▊   | 5972/8810 [00:03<00:01, 1708.38it/s]
 70%|██████▉   | 6146/8810 [00:03<00:01, 1650.27it/s]
 72%|███████▏  | 6334/8810 [00:03<00:01, 1710.17it/s]
 74%|███████▍  | 6507/8810 [00:03<00:01, 1603.90it/s]
 77%|███████▋  | 6768/8810 [00:03<00:01, 1874.02it/s]
 79%|███████▉  | 6972/8810 [00:03<00:01, 1832.25it/s]
 81%|████████▏ | 7168/8810 [00:03<00:00, 1861.47it/s]
 84%|████████▎ | 7360/8810 [00:04<00:00, 1772.61it/s]
 86%|████████▌ | 7540/8810 [00:04<00:00, 1719.05it/s]
 88%|████████▊ | 7715/8810 [00:04<00:00, 1698.93it/s]
 90%|█████████ | 7930/8810 [00:04<00:00, 1823.28it/s]
 92%|█████████▏| 8114/8810 [00:04<00:00, 1631.18it/s]
 94%|█████████▍| 8301/8810 [00:04<00:00, 1694.04it/s]
 96%|█████████▌| 8475/8810 [00:04<00:00, 1543.08it/s]
 99%|█████████▉| 8702/8810 [00:04<00:00, 1592.04it/s]
100%|██████████| 8810/8810 [00:04<00:00, 1776.56it/s]
