
  0%|          | 0/8810 [00:00<?, ?it/s]
  2%|▏         | 185/8810 [00:00<00:04, 1845.77it/s]
  5%|▌         | 461/8810 [00:00<00:03, 2378.06it/s]
  8%|▊         | 699/8810 [00:00<00:04, 1821.61it/s]
 10%|█         | 894/8810 [00:00<00:04, 1774.46it/s]
 12%|█▏        | 1079/8810 [00:00<00:05, 1469.86it/s]
 14%|█▍        | 1250/8810 [00:00<00:04, 1533.12it/s]
 16%|█▌        | 1412/8810 [00:00<00:05, 1436.15it/s]
 18%|█▊        | 1562/8810 [00:01<00:05, 1250.74it/s]
 20%|██        | 1798/8810 [00:01<00:04, 1524.07it/s]
 22%|██▏       | 1963/8810 [00:01<00:04, 1434.87it/s]
 26%|██▌       | 2260/8810 [00:01<00:03, 1826.66it/s]
 28%|██▊       | 2457/8810 [00:01<00:03, 1623.35it/s]
 31%|███       | 2716/8810 [00:01<00:03, 1863.48it/s]
 33%|███▎      | 2917/8810 [00:01<00:03, 1618.34it/s]
 35%|███▌      | 3115/8810 [00:01<00:03, 1704.90it/s]
 38%|███▊      | 3349/8810 [00:02<00:02, 1867.39it/s]
 40%|████      | 3547/8810 [00:02<00:02, 1791.59it/s]
 43%|████▎     | 3774/8810 [00:02<00:02, 1820.95it/s]
 46%|████▌     | 4072/8810 [00:02<00:02, 2124.44it/s]
 49%|████▊     | 4293/8810 [00:02<00:02, 2099.55it/s]
 51%|█████▏    | 4537/8810 [00:02<00:01, 2192.14it/s]
 54%|█████▍    | 4761/8810 [00:02<00:01, 2030.01it/s]
 56%|█████▋    | 4970/8810 [00:02<00:02, 1913.13it/s]
 59%|█████▉    | 5220/8810 [00:02<00:01, 2067.51it/s]
 62%|██████▏   | 5432/8810 [00:03<00:01, 1966.40it/s]
 65%|██████▌   | 5734/8810 [00:03<00:01, 2250.22it/s]
 68%|██████▊   | 5965/8810 [00:03<00:01, 2006.57it/s]
 70%|███████   | 6174/8810 [00:03<00:01, 1999.14it/s]
 73%|███████▎  | 6400/8810 [00:03<00:01, 2012.27it/s]
 76%|███████▌  | 6713/8810 [00:03<00:00, 2314.51it/s]
 79%|███████▉  | 6972/8810 [00:03<00:00, 2276.04it/s]
 82%|████████▏ | 7204/8810 [00:03<00:00, 2286.16it/s]
 84%|████████▍ | 7436/8810 [00:03<00:00, 2185.58it/s]
 87%|████████▋ | 7658/8810 [00:04<00:00, 2191.86it/s]
 89%|████████▉ | 7880/8810 [00:04<00:00, 2053.34it/s]
 92%|█████████▏| 8088/8810 [00:04<00:00, 1901.96it/s]
 94%|█████████▍| 8313/8810 [00:04<00:00, 1993.17it/s]
 97%|█████████▋| 8516/8810 [00:04<00:00, 1902.23it/s]
 99%|█████████▉| 8709/8810 [00:04<00:00, 1836.80it/s]
100%|██████████| 8810/8810 [00:04<00:00, 1887.65it/s]
