
  0%|          | 0/8810 [00:00<?, ?it/s]
  2%|▏         | 181/8810 [00:00<00:06, 1418.36it/s]
  5%|▍         | 422/8810 [00:00<00:04, 1940.69it/s]
  7%|▋         | 645/8810 [00:00<00:03, 2056.47it/s]
 10%|▉         | 855/8810 [00:00<00:04, 1765.38it/s]
 12%|█▏        | 1039/8810 [00:00<00:04, 1628.46it/s]
 14%|█▍        | 1258/8810 [00:00<00:04, 1791.31it/s]
 17%|█▋        | 1457/8810 [00:00<00:04, 1722.08it/s]
 19%|█▉        | 1666/8810 [00:00<00:03, 1824.30it/s]
 21%|██        | 1853/8810 [00:01<00:04, 1682.76it/s]
 24%|██▎       | 2078/8810 [00:01<00:03, 1832.69it/s]
 26%|██▌       | 2267/8810 [00:01<00:03, 1685.35it/s]
 28%|██▊       | 2478/8810 [00:01<00:03, 1793.63it/s]
 30%|███       | 2680/8810 [00:01<00:03, 1854.23it/s]
 33%|███▎      | 2870/8810 [00:01<00:03, 1777.40it/s]
 35%|███▍      | 3051/8810 [00:01<00:03, 1779.67it/s]
 37%|███▋      | 3232/8810 [00:01<00:03, 1599.40it/s]
 39%|███▊      | 3399/8810 [00:01<00:03, 1618.11it/s]
 40%|████      | 3565/8810 [00:02<00:03, 1517.14it/s]
 43%|████▎     | 3766/8810 [00:02<00:03, 1646.08it/s]
 45%|████▍     | 3935/8810 [00:02<00:03, 1497.19it/s]
 47%|████▋     | 4144/8810 [00:02<00:02, 1649.06it/s]
 49%|████▉     | 4315/8810 [00:02<00:03, 1483.22it/s]
 51%|█████▏    | 4520/8810 [00:02<00:02, 1627.22it/s]
 53%|█████▎    | 4690/8810 [00:02<00:02, 1430.56it/s]
 55%|█████▌    | 4868/8810 [00:02<00:02, 1516.35it/s]
 57%|█████▋    | 5027/8810 [00:03<00:02, 1371.63it/s]
 59%|█████▉    | 5221/8810 [00:03<00:02, 1508.96it/s]
 61%|██████    | 5380/8810 [00:03<00:02, 1419.38it/s]
 63%|██████▎   | 5546/8810 [00:03<00:02, 1476.75it/s]
 65%|██████▌   | 5748/8810 [00:03<00:01, 1615.73it/s]
 67%|██████▋   | 5915/8810 [00:03<00:02, 1283.29it/s]
 69%|██████▉   | 6057/8810 [00:03<00:02, 1242.55it/s]
 71%|███████   | 6230/8810 [00:03<00:01, 1358.40it/s]
 73%|███████▎  | 6400/8810 [00:04<00:01, 1311.73it/s]
 74%|███████▍  | 6561/8810 [00:04<00:01, 1383.03it/s]
 77%|███████▋  | 6764/8810 [00:04<00:01, 1545.87it/s]
 79%|███████▉  | 6940/8810 [00:04<00:01, 1601.44it/s]
 81%|████████  | 7106/8810 [00:04<00:02, 843.33it/s] 
 82%|████████▏ | 7234/8810 [00:05<00:02, 553.05it/s]
 83%|████████▎ | 7331/8810 [00:05<00:02, 566.38it/s]
 84%|████████▍ | 7418/8810 [00:05<00:02, 540.95it/s]
 85%|████████▌ | 7493/8810 [00:05<00:02, 512.22it/s]
 86%|████████▌ | 7558/8810 [00:05<00:02, 485.31it/s]
 87%|████████▋ | 7648/8810 [00:06<00:02, 558.23it/s]
 88%|████████▊ | 7716/8810 [00:06<00:02, 443.44it/s]
 88%|████████▊ | 7771/8810 [00:06<00:02, 437.29it/s]
 89%|████████▉ | 7823/8810 [00:06<00:02, 452.90it/s]
 89%|████████▉ | 7884/8810 [00:06<00:01, 485.59it/s]
 90%|█████████ | 7938/8810 [00:06<00:01, 479.16it/s]
 91%|█████████ | 7990/8810 [00:06<00:01, 438.08it/s]
 91%|█████████ | 8037/8810 [00:07<00:03, 240.84it/s]
 92%|█████████▏| 8074/8810 [00:07<00:02, 260.63it/s]
 92%|█████████▏| 8112/8810 [00:07<00:02, 267.96it/s]
 92%|█████████▏| 8147/8810 [00:07<00:02, 248.20it/s]
 93%|█████████▎| 8181/8810 [00:07<00:02, 263.60it/s]
 93%|█████████▎| 8212/8810 [00:08<00:02, 262.46it/s]
 94%|█████████▍| 8277/8810 [00:08<00:01, 348.43it/s]
 94%|█████████▍| 8321/8810 [00:08<00:01, 369.07it/s]
 95%|█████████▍| 8362/8810 [00:08<00:01, 290.10it/s]
 95%|█████████▌| 8396/8810 [00:08<00:01, 294.25it/s]
 96%|█████████▌| 8429/8810 [00:08<00:01, 302.35it/s]
 96%|█████████▌| 8479/8810 [00:08<00:00, 349.26it/s]
 97%|█████████▋| 8526/8810 [00:08<00:00, 379.84it/s]
 98%|█████████▊| 8596/8810 [00:08<00:00, 464.29it/s]
 98%|█████████▊| 8645/8810 [00:09<00:00, 408.36it/s]
 99%|█████████▊| 8696/8810 [00:09<00:00, 433.05it/s]
 99%|█████████▉| 8742/8810 [00:09<00:00, 325.48it/s]
100%|█████████▉| 8804/8810 [00:09<00:00, 385.18it/s]
100%|██████████| 8810/8810 [00:09<00:00, 921.56it/s]
