
  0%|          | 0/8810 [00:00<?, ?it/s]
  2%|▏         | 181/8810 [00:00<00:04, 1735.46it/s]
  5%|▌         | 466/8810 [00:00<00:03, 2379.07it/s]
  8%|▊         | 706/8810 [00:00<00:03, 2371.80it/s]
 11%|█         | 963/8810 [00:00<00:03, 2446.87it/s]
 14%|█▎        | 1209/8810 [00:00<00:03, 2375.07it/s]
 17%|█▋        | 1457/8810 [00:00<00:03, 2265.51it/s]
 20%|█▉        | 1744/8810 [00:00<00:02, 2450.80it/s]
 23%|██▎       | 1992/8810 [00:00<00:03, 2203.52it/s]
 26%|██▌       | 2263/8810 [00:01<00:03, 2147.10it/s]
 29%|██▉       | 2581/8810 [00:01<00:02, 2422.16it/s]
 32%|███▏      | 2831/8810 [00:01<00:02, 2188.31it/s]
 35%|███▍      | 3058/8810 [00:01<00:02, 2062.43it/s]
 37%|███▋      | 3294/8810 [00:01<00:02, 2136.44it/s]
 40%|███▉      | 3513/8810 [00:01<00:02, 1994.12it/s]
 43%|████▎     | 3768/8810 [00:01<00:02, 2137.41it/s]
 45%|████▌     | 3987/8810 [00:01<00:02, 2082.69it/s]
 48%|████▊     | 4199/8810 [00:01<00:02, 2053.14it/s]
 51%|█████     | 4488/8810 [00:02<00:01, 2281.34it/s]
 54%|█████▎    | 4720/8810 [00:02<00:01, 2046.44it/s]
 56%|█████▌    | 4932/8810 [00:02<00:01, 1940.01it/s]
 59%|█████▉    | 5185/8810 [00:02<00:01, 2093.79it/s]
 61%|██████▏   | 5400/8810 [00:02<00:01, 2051.80it/s]
 65%|██████▍   | 5726/8810 [00:02<00:01, 2382.43it/s]
 68%|██████▊   | 5970/8810 [00:02<00:01, 2144.92it/s]
 70%|███████   | 6193/8810 [00:02<00:01, 2071.09it/s]
 73%|███████▎  | 6406/8810 [00:02<00:01, 2050.04it/s]
 76%|███████▌  | 6688/8810 [00:03<00:00, 2258.55it/s]
 79%|███████▉  | 6972/8810 [00:03<00:00, 2258.60it/s]
 82%|████████▏ | 7221/8810 [00:03<00:00, 2320.86it/s]
 85%|████████▍ | 7457/8810 [00:03<00:00, 2325.71it/s]
 87%|████████▋ | 7693/8810 [00:03<00:00, 2332.81it/s]
 90%|████████▉ | 7928/8810 [00:03<00:00, 2198.36it/s]
 93%|█████████▎| 8151/8810 [00:03<00:00, 2017.98it/s]
 95%|█████████▍| 8361/8810 [00:03<00:00, 1940.58it/s]
 97%|█████████▋| 8586/8810 [00:03<00:00, 2022.03it/s]
100%|█████████▉| 8792/8810 [00:04<00:00, 1814.59it/s]
100%|██████████| 8810/8810 [00:04<00:00, 2137.35it/s]
