
  0%|          | 0/8810 [00:00<?, ?it/s]
  2%|▏         | 192/8810 [00:00<00:04, 1917.62it/s]
  5%|▌         | 473/8810 [00:00<00:03, 2438.26it/s]
  8%|▊         | 717/8810 [00:00<00:03, 2369.48it/s]
 11%|█         | 958/8810 [00:00<00:03, 2378.33it/s]
 14%|█▎        | 1196/8810 [00:00<00:03, 2278.33it/s]
 17%|█▋        | 1457/8810 [00:00<00:03, 2171.73it/s]
 19%|█▉        | 1699/8810 [00:00<00:03, 2245.32it/s]
 22%|██▏       | 1926/8810 [00:00<00:03, 1995.86it/s]
 25%|██▌       | 2209/8810 [00:00<00:02, 2222.72it/s]
 28%|██▊       | 2438/8810 [00:01<00:03, 2097.36it/s]
 31%|███       | 2724/8810 [00:01<00:02, 2304.20it/s]
 34%|███▎      | 2961/8810 [00:01<00:02, 2097.41it/s]
 36%|███▌      | 3178/8810 [00:01<00:02, 1968.58it/s]
 39%|███▊      | 3399/8810 [00:01<00:02, 2030.90it/s]
 41%|████      | 3607/8810 [00:01<00:02, 2004.44it/s]
 43%|████▎     | 3811/8810 [00:01<00:02, 1881.62it/s]
 46%|████▌     | 4027/8810 [00:01<00:02, 1951.04it/s]
 48%|████▊     | 4226/8810 [00:02<00:02, 1952.17it/s]
 51%|█████     | 4492/8810 [00:02<00:02, 2150.38it/s]
 53%|█████▎    | 4710/8810 [00:02<00:02, 1904.15it/s]
 56%|█████▌    | 4932/8810 [00:02<00:02, 1834.98it/s]
 59%|█████▉    | 5204/8810 [00:02<00:01, 2064.43it/s]
 61%|██████▏   | 5418/8810 [00:02<00:01, 2032.45it/s]
 65%|██████▌   | 5742/8810 [00:02<00:01, 2358.60it/s]
 68%|██████▊   | 5985/8810 [00:02<00:01, 2044.68it/s]
 70%|███████   | 6201/8810 [00:02<00:01, 2034.08it/s]
 73%|███████▎  | 6413/8810 [00:03<00:01, 2016.79it/s]
 76%|███████▌  | 6663/8810 [00:03<00:01, 2146.25it/s]
 79%|███████▉  | 6972/8810 [00:03<00:00, 2238.85it/s]
 82%|████████▏ | 7214/8810 [00:03<00:00, 2282.78it/s]
 85%|████████▍ | 7445/8810 [00:03<00:00, 2214.00it/s]
 87%|████████▋ | 7669/8810 [00:03<00:00, 2172.74it/s]
 90%|████████▉ | 7888/8810 [00:03<00:00, 2013.49it/s]
 92%|█████████▏| 8092/8810 [00:03<00:00, 1871.67it/s]
 94%|█████████▍| 8309/8810 [00:03<00:00, 1949.99it/s]
 97%|█████████▋| 8507/8810 [00:04<00:00, 1857.13it/s]
 99%|█████████▉| 8702/8810 [00:04<00:00, 1864.10it/s]
100%|██████████| 8810/8810 [00:04<00:00, 2070.91it/s]
