
  0%|          | 0/8810 [00:00<?, ?it/s]
  2%|▏         | 177/8810 [00:00<00:04, 1751.85it/s]
  4%|▍         | 353/8810 [00:00<00:05, 1641.92it/s]
  7%|▋         | 576/8810 [00:00<00:04, 1891.15it/s]
  9%|▊         | 767/8810 [00:00<00:05, 1601.22it/s]
 11%|█         | 933/8810 [00:00<00:04, 1606.95it/s]
 12%|█▏        | 1098/8810 [00:00<00:04, 1563.08it/s]
 14%|█▍        | 1271/8810 [00:00<00:04, 1606.28it/s]
 16%|█▋        | 1443/8810 [00:00<00:04, 1638.51it/s]
 18%|█▊        | 1609/8810 [00:01<00:05, 1396.65it/s]
 20%|██        | 1796/8810 [00:01<00:04, 1520.85it/s]
 22%|██▏       | 1955/8810 [00:01<00:04, 1401.76it/s]
 24%|██▍       | 2157/8810 [00:01<00:04, 1563.35it/s]
 26%|██▋       | 2320/8810 [00:01<00:04, 1458.78it/s]
 29%|██▉       | 2533/8810 [00:01<00:03, 1635.09it/s]
 31%|███       | 2744/8810 [00:01<00:03, 1596.30it/s]
 33%|███▎      | 2926/8810 [00:01<00:03, 1654.51it/s]
 35%|███▌      | 3096/8810 [00:01<00:03, 1589.30it/s]
 37%|███▋      | 3258/8810 [00:02<00:03, 1534.87it/s]
 39%|███▉      | 3414/8810 [00:02<00:03, 1412.17it/s]
 41%|████      | 3621/8810 [00:02<00:03, 1580.96it/s]
 43%|████▎     | 3784/8810 [00:02<00:03, 1516.29it/s]
 45%|████▍     | 3957/8810 [00:02<00:03, 1571.80it/s]
 47%|████▋     | 4180/8810 [00:02<00:02, 1591.59it/s]
 50%|████▉     | 4398/8810 [00:02<00:02, 1745.87it/s]
 52%|█████▏    | 4576/8810 [00:02<00:02, 1742.87it/s]
 54%|█████▍    | 4753/8810 [00:03<00:02, 1509.58it/s]
 56%|█████▌    | 4911/8810 [00:03<00:02, 1525.50it/s]
 58%|█████▊    | 5069/8810 [00:03<00:02, 1390.35it/s]
 60%|█████▉    | 5251/8810 [00:03<00:02, 1498.94it/s]
 61%|██████▏   | 5407/8810 [00:03<00:02, 1433.45it/s]
 64%|██████▎   | 5595/8810 [00:03<00:02, 1549.32it/s]
 65%|██████▌   | 5755/8810 [00:03<00:02, 1514.50it/s]
 67%|██████▋   | 5910/8810 [00:03<00:01, 1523.14it/s]
 69%|██████▉   | 6065/8810 [00:03<00:01, 1477.96it/s]
 71%|███████   | 6242/8810 [00:04<00:01, 1559.27it/s]
 73%|███████▎  | 6400/8810 [00:04<00:01, 1488.70it/s]
 75%|███████▍  | 6589/8810 [00:04<00:01, 1600.49it/s]
 77%|███████▋  | 6802/8810 [00:04<00:01, 1751.49it/s]
 79%|███████▉  | 6980/8810 [00:04<00:01, 1699.67it/s]
 81%|████████  | 7153/8810 [00:04<00:00, 1701.66it/s]
 83%|████████▎ | 7344/8810 [00:04<00:00, 1756.71it/s]
 85%|████████▌ | 7521/8810 [00:04<00:00, 1590.47it/s]
 88%|████████▊ | 7715/8810 [00:04<00:00, 1536.83it/s]
 89%|████████▉ | 7872/8810 [00:05<00:00, 1543.15it/s]
 91%|█████████ | 8031/8810 [00:05<00:00, 1550.82it/s]
 93%|█████████▎| 8188/8810 [00:05<00:00, 1404.73it/s]
 95%|█████████▍| 8332/8810 [00:05<00:00, 1403.14it/s]
 96%|█████████▌| 8475/8810 [00:05<00:00, 1343.79it/s]
 98%|█████████▊| 8649/8810 [00:05<00:00, 1448.78it/s]
100%|█████████▉| 8797/8810 [00:05<00:00, 1387.62it/s]
100%|██████████| 8810/8810 [00:05<00:00, 1542.59it/s]
