
  0%|          | 0/8810 [00:00<?, ?it/s]
  2%|▏         | 195/8810 [00:00<00:04, 1945.09it/s]
  5%|▍         | 433/8810 [00:00<00:03, 2191.45it/s]
  7%|▋         | 656/8810 [00:00<00:03, 2171.38it/s]
 10%|▉         | 874/8810 [00:00<00:03, 2169.40it/s]
 12%|█▏        | 1091/8810 [00:00<00:03, 2030.14it/s]
 16%|█▌        | 1368/8810 [00:00<00:03, 2267.01it/s]
 18%|█▊        | 1597/8810 [00:00<00:03, 2113.10it/s]
 21%|██        | 1824/8810 [00:00<00:03, 2156.44it/s]
 24%|██▍       | 2115/8810 [00:00<00:02, 2378.67it/s]
 27%|██▋       | 2356/8810 [00:01<00:02, 2162.39it/s]
 30%|███       | 2680/8810 [00:01<00:02, 2460.20it/s]
 33%|███▎      | 2933/8810 [00:01<00:02, 2286.06it/s]
 36%|███▌      | 3169/8810 [00:01<00:02, 2137.05it/s]
 39%|███▊      | 3393/8810 [00:01<00:02, 2161.99it/s]
 41%|████      | 3614/8810 [00:01<00:02, 2011.51it/s]
 43%|████▎     | 3820/8810 [00:01<00:02, 1966.46it/s]
 47%|████▋     | 4138/8810 [00:01<00:02, 2291.10it/s]
 50%|████▉     | 4373/8810 [00:02<00:02, 2126.23it/s]
 52%|█████▏    | 4625/8810 [00:02<00:01, 2092.64it/s]
 55%|█████▍    | 4839/8810 [00:02<00:01, 2079.10it/s]
 57%|█████▋    | 5050/8810 [00:02<00:01, 1884.89it/s]
 60%|█████▉    | 5269/8810 [00:02<00:01, 1963.99it/s]
 62%|██████▏   | 5470/8810 [00:02<00:01, 1822.84it/s]
 65%|██████▌   | 5746/8810 [00:02<00:01, 2064.29it/s]
 68%|██████▊   | 5959/8810 [00:02<00:01, 1790.86it/s]
 70%|██████▉   | 6148/8810 [00:03<00:01, 1655.10it/s]
 73%|███████▎  | 6400/8810 [00:03<00:01, 1747.57it/s]
 76%|███████▌  | 6703/8810 [00:03<00:01, 2063.64it/s]
 79%|███████▉  | 6972/8810 [00:03<00:00, 2080.56it/s]
 82%|████████▏ | 7191/8810 [00:03<00:00, 2105.66it/s]
 84%|████████▍ | 7408/8810 [00:03<00:00, 2083.48it/s]
 87%|████████▋ | 7621/8810 [00:03<00:00, 2079.83it/s]
 89%|████████▉ | 7832/8810 [00:03<00:00, 1922.90it/s]
 91%|█████████ | 8037/8810 [00:03<00:00, 1876.96it/s]
 94%|█████████▍| 8262/8810 [00:04<00:00, 1976.17it/s]
 96%|█████████▌| 8463/8810 [00:04<00:00, 1975.68it/s]
 99%|█████████▉| 8702/8810 [00:04<00:00, 1963.72it/s]
100%|██████████| 8810/8810 [00:04<00:00, 2052.68it/s]
