
  0%|          | 0/8810 [00:00<?, ?it/s]
  2%|▏         | 204/8810 [00:00<00:04, 2036.58it/s]
  7%|▋         | 607/8810 [00:00<00:02, 3206.71it/s]
 11%|█         | 928/8810 [00:00<00:02, 2788.99it/s]
 14%|█▍        | 1213/8810 [00:00<00:02, 2636.92it/s]
 17%|█▋        | 1481/8810 [00:00<00:02, 2629.32it/s]
 21%|██        | 1821/8810 [00:00<00:02, 2814.10it/s]
 25%|██▌       | 2212/8810 [00:00<00:02, 3147.81it/s]
 29%|██▊       | 2531/8810 [00:00<00:02, 3104.75it/s]
 32%|███▏      | 2844/8810 [00:00<00:01, 3089.50it/s]
 36%|███▌      | 3155/8810 [00:01<00:01, 3059.70it/s]
 39%|███▉      | 3463/8810 [00:01<00:01, 3002.91it/s]
 43%|████▎     | 3780/8810 [00:01<00:01, 3051.66it/s]
 47%|████▋     | 4180/8810 [00:01<00:01, 3137.72it/s]
 52%|█████▏    | 4569/8810 [00:01<00:01, 3345.40it/s]
 56%|█████▌    | 4905/8810 [00:01<00:01, 3159.88it/s]
 59%|█████▉    | 5224/8810 [00:01<00:01, 3100.87it/s]
 63%|██████▎   | 5538/8810 [00:01<00:01, 3109.13it/s]
 66%|██████▋   | 5853/8810 [00:01<00:00, 3114.92it/s]
 70%|██████▉   | 6166/8810 [00:02<00:00, 2938.99it/s]
 73%|███████▎  | 6470/8810 [00:02<00:00, 2965.54it/s]
 78%|███████▊  | 6902/8810 [00:02<00:00, 3349.43it/s]
 82%|████████▏ | 7240/8810 [00:02<00:00, 3230.50it/s]
 86%|████████▌ | 7566/8810 [00:02<00:00, 3120.46it/s]
 89%|████████▉ | 7881/8810 [00:02<00:00, 3061.45it/s]
 93%|█████████▎| 8189/8810 [00:02<00:00, 2939.27it/s]
 96%|█████████▋| 8485/8810 [00:02<00:00, 2862.37it/s]
100%|█████████▉| 8773/8810 [00:02<00:00, 2817.87it/s]
100%|██████████| 8810/8810 [00:02<00:00, 3008.64it/s]
