
  0%|          | 0/8810 [00:00<?, ?it/s]
  2%|▏         | 185/8810 [00:00<00:04, 1849.77it/s]
  6%|▋         | 560/8810 [00:00<00:02, 2958.49it/s]
 10%|▉         | 856/8810 [00:00<00:03, 2419.84it/s]
 13%|█▎        | 1108/8810 [00:00<00:03, 2267.51it/s]
 15%|█▌        | 1365/8810 [00:00<00:03, 2362.57it/s]
 18%|█▊        | 1607/8810 [00:00<00:03, 2308.40it/s]
 21%|██        | 1842/8810 [00:00<00:03, 2131.66it/s]
 24%|██▍       | 2093/8810 [00:00<00:03, 2235.30it/s]
 26%|██▋       | 2321/8810 [00:01<00:03, 2142.43it/s]
 30%|███       | 2673/8810 [00:01<00:02, 2527.46it/s]
 33%|███▎      | 2932/8810 [00:01<00:02, 2220.58it/s]
 36%|███▌      | 3164/8810 [00:01<00:02, 2058.02it/s]
 38%|███▊      | 3390/8810 [00:01<00:02, 2107.03it/s]
 41%|████      | 3608/8810 [00:01<00:02, 2034.58it/s]
 43%|████▎     | 3816/8810 [00:01<00:02, 1970.60it/s]
 47%|████▋     | 4108/8810 [00:01<00:02, 2224.52it/s]
 49%|████▉     | 4336/8810 [00:01<00:02, 2086.46it/s]
 52%|█████▏    | 4625/8810 [00:02<00:01, 2137.66it/s]
 55%|█████▍    | 4842/8810 [00:02<00:01, 2097.04it/s]
 57%|█████▋    | 5054/8810 [00:02<00:01, 2000.55it/s]
 60%|██████    | 5321/8810 [00:02<00:01, 2174.82it/s]
 63%|██████▎   | 5542/8810 [00:02<00:01, 2021.29it/s]
 66%|██████▌   | 5773/8810 [00:02<00:01, 2097.34it/s]
 68%|██████▊   | 5987/8810 [00:02<00:01, 2085.99it/s]
 70%|███████   | 6198/8810 [00:02<00:01, 1999.29it/s]
 73%|███████▎  | 6400/8810 [00:03<00:01, 1863.06it/s]
 75%|███████▌  | 6635/8810 [00:03<00:01, 1992.86it/s]
 79%|███████▉  | 6968/8810 [00:03<00:00, 2363.29it/s]
 82%|████████▏ | 7210/8810 [00:03<00:00, 2178.69it/s]
 84%|████████▍ | 7434/8810 [00:03<00:00, 2173.23it/s]
 87%|████████▋ | 7680/8810 [00:03<00:00, 2252.13it/s]
 90%|████████▉ | 7909/8810 [00:03<00:00, 2086.55it/s]
 92%|█████████▏| 8123/8810 [00:03<00:00, 1897.59it/s]
 95%|█████████▍| 8361/8810 [00:03<00:00, 1942.25it/s]
 98%|█████████▊| 8624/8810 [00:04<00:00, 2122.72it/s]
100%|██████████| 8810/8810 [00:04<00:00, 2132.66it/s]
