
  0%|          | 0/8810 [00:00<?, ?it/s]
  2%|▏         | 181/8810 [00:00<00:04, 1782.19it/s]
  5%|▍         | 429/8810 [00:00<00:03, 2187.22it/s]
  7%|▋         | 656/8810 [00:00<00:03, 2078.78it/s]
 10%|█         | 893/8810 [00:00<00:03, 2185.13it/s]
 13%|█▎        | 1113/8810 [00:00<00:03, 2069.29it/s]
 15%|█▌        | 1339/8810 [00:00<00:03, 2127.03it/s]
 18%|█▊        | 1553/8810 [00:00<00:03, 1941.82it/s]
 20%|██        | 1800/8810 [00:00<00:03, 2094.81it/s]
 23%|██▎       | 2014/8810 [00:01<00:03, 1909.74it/s]
 26%|██▌       | 2262/8810 [00:01<00:03, 2058.86it/s]
 28%|██▊       | 2473/8810 [00:01<00:03, 1980.95it/s]
 31%|███       | 2743/8810 [00:01<00:02, 2175.72it/s]
 34%|███▎      | 2965/8810 [00:01<00:02, 2025.90it/s]
 36%|███▌      | 3173/8810 [00:01<00:02, 1927.25it/s]
 39%|███▊      | 3400/8810 [00:01<00:02, 2019.03it/s]
 41%|████      | 3606/8810 [00:01<00:02, 2006.03it/s]
 43%|████▎     | 3810/8810 [00:01<00:02, 1959.01it/s]
 46%|████▋     | 4090/8810 [00:01<00:02, 2193.65it/s]
 49%|████▉     | 4313/8810 [00:02<00:02, 2001.12it/s]
 52%|█████▏    | 4563/8810 [00:02<00:01, 2135.69it/s]
 54%|█████▍    | 4782/8810 [00:02<00:02, 1991.22it/s]
 57%|█████▋    | 4986/8810 [00:02<00:02, 1769.47it/s]
 59%|█████▊    | 5172/8810 [00:02<00:02, 1790.96it/s]
 61%|██████    | 5372/8810 [00:02<00:01, 1803.15it/s]
 63%|██████▎   | 5584/8810 [00:02<00:01, 1886.92it/s]
 66%|██████▌   | 5777/8810 [00:02<00:01, 1842.59it/s]
 68%|██████▊   | 5964/8810 [00:03<00:01, 1760.68it/s]
 70%|██████▉   | 6143/8810 [00:03<00:01, 1656.07it/s]
 73%|███████▎  | 6392/8810 [00:03<00:01, 1875.67it/s]
 75%|███████▍  | 6584/8810 [00:03<00:01, 1826.00it/s]
 78%|███████▊  | 6854/8810 [00:03<00:00, 2065.85it/s]
 80%|████████  | 7065/8810 [00:03<00:00, 2030.96it/s]
 83%|████████▎ | 7274/8810 [00:03<00:00, 2044.42it/s]
 85%|████████▍ | 7481/8810 [00:03<00:00, 1914.66it/s]
 88%|████████▊ | 7715/8810 [00:03<00:00, 1857.90it/s]
 90%|█████████ | 7937/8810 [00:04<00:00, 1949.98it/s]
 92%|█████████▏| 8135/8810 [00:04<00:00, 1718.36it/s]
 95%|█████████▍| 8338/8810 [00:04<00:00, 1794.46it/s]
 97%|█████████▋| 8523/8810 [00:04<00:00, 1625.39it/s]
 99%|█████████▉| 8702/8810 [00:04<00:00, 1596.67it/s]
100%|██████████| 8810/8810 [00:04<00:00, 1909.84it/s]
