
  0%|          | 0/8810 [00:00<?, ?it/s]
  2%|▏         | 181/8810 [00:00<00:06, 1275.09it/s]
  4%|▍         | 341/8810 [00:00<00:05, 1413.85it/s]
  6%|▌         | 485/8810 [00:00<00:06, 1365.86it/s]
  7%|▋         | 656/8810 [00:00<00:05, 1383.56it/s]
  9%|▉         | 828/8810 [00:00<00:05, 1487.10it/s]
 11%|█▏        | 996/8810 [00:00<00:05, 1415.56it/s]
 14%|█▍        | 1220/8810 [00:00<00:04, 1654.78it/s]
 16%|█▋        | 1446/8810 [00:00<00:04, 1831.58it/s]
 19%|█▊        | 1634/8810 [00:01<00:04, 1647.96it/s]
 21%|██        | 1821/8810 [00:01<00:04, 1521.43it/s]
 23%|██▎       | 1988/8810 [00:01<00:04, 1555.81it/s]
 25%|██▌       | 2218/8810 [00:01<00:03, 1752.80it/s]
 27%|██▋       | 2399/8810 [00:01<00:03, 1627.11it/s]
 30%|███       | 2659/8810 [00:01<00:03, 1880.60it/s]
 32%|███▏      | 2854/8810 [00:01<00:03, 1722.57it/s]
 35%|███▍      | 3045/8810 [00:01<00:03, 1770.79it/s]
 37%|███▋      | 3228/8810 [00:02<00:03, 1584.37it/s]
 39%|███▊      | 3397/8810 [00:02<00:03, 1608.84it/s]
 40%|████      | 3563/8810 [00:02<00:03, 1517.59it/s]
 43%|████▎     | 3774/8810 [00:02<00:03, 1553.36it/s]
 45%|████▍     | 3935/8810 [00:02<00:03, 1567.75it/s]
 47%|████▋     | 4180/8810 [00:02<00:02, 1649.13it/s]
 50%|████▉     | 4400/8810 [00:02<00:02, 1791.68it/s]
 52%|█████▏    | 4582/8810 [00:02<00:02, 1713.03it/s]
 54%|█████▍    | 4756/8810 [00:03<00:02, 1415.40it/s]
 56%|█████▌    | 4932/8810 [00:03<00:02, 1358.80it/s]
 58%|█████▊    | 5100/8810 [00:03<00:02, 1435.03it/s]
 60%|██████    | 5316/8810 [00:03<00:02, 1617.17it/s]
 62%|██████▏   | 5486/8810 [00:03<00:02, 1481.25it/s]
 65%|██████▍   | 5705/8810 [00:03<00:01, 1660.38it/s]
 67%|██████▋   | 5879/8810 [00:03<00:01, 1511.21it/s]
 69%|██████▊   | 6038/8810 [00:03<00:02, 1325.53it/s]
 71%|███████   | 6231/8810 [00:03<00:01, 1466.42it/s]
 73%|███████▎  | 6400/8810 [00:04<00:01, 1353.44it/s]
 74%|███████▍  | 6548/8810 [00:04<00:01, 1381.24it/s]
 77%|███████▋  | 6750/8810 [00:04<00:01, 1537.56it/s]
 79%|███████▉  | 6972/8810 [00:04<00:01, 1551.18it/s]
 81%|████████  | 7153/8810 [00:04<00:01, 1609.62it/s]
 84%|████████▎ | 7360/8810 [00:04<00:00, 1581.67it/s]
 85%|████████▌ | 7522/8810 [00:04<00:00, 1577.98it/s]
 88%|████████▊ | 7715/8810 [00:04<00:00, 1559.60it/s]
 90%|████████▉ | 7895/8810 [00:05<00:00, 1620.72it/s]
 91%|█████████▏| 8059/8810 [00:05<00:00, 1503.12it/s]
 93%|█████████▎| 8224/8810 [00:05<00:00, 1541.64it/s]
 95%|█████████▌| 8381/8810 [00:05<00:00, 1474.70it/s]
 97%|█████████▋| 8583/8810 [00:05<00:00, 1621.78it/s]
 99%|█████████▉| 8748/8810 [00:05<00:00, 1378.61it/s]
100%|██████████| 8810/8810 [00:05<00:00, 1547.53it/s]
