
  0%|          | 0/8810 [00:00<?, ?it/s]
  2%|▏         | 175/8810 [00:00<00:04, 1742.48it/s]
  4%|▍         | 393/8810 [00:00<00:04, 1990.03it/s]
  7%|▋         | 656/8810 [00:00<00:03, 2071.22it/s]
 11%|█         | 931/8810 [00:00<00:03, 2320.00it/s]
 13%|█▎        | 1167/8810 [00:00<00:03, 2332.82it/s]
 16%|█▋        | 1447/8810 [00:00<00:02, 2480.39it/s]
 19%|█▉        | 1696/8810 [00:00<00:02, 2391.47it/s]
 22%|██▏       | 1937/8810 [00:00<00:03, 2051.01it/s]
 25%|██▌       | 2219/8810 [00:00<00:02, 2257.61it/s]
 28%|██▊       | 2454/8810 [00:01<00:03, 2080.29it/s]
 31%|███       | 2744/8810 [00:01<00:02, 2179.13it/s]
 34%|███▎      | 2970/8810 [00:01<00:02, 2195.20it/s]
 36%|███▋      | 3194/8810 [00:01<00:02, 2023.53it/s]
 39%|███▊      | 3410/8810 [00:01<00:02, 2015.62it/s]
 42%|████▏     | 3713/8810 [00:01<00:02, 2286.93it/s]
 45%|████▍     | 3947/8810 [00:01<00:02, 1999.13it/s]
 47%|████▋     | 4180/8810 [00:01<00:02, 1983.68it/s]
 51%|█████     | 4495/8810 [00:02<00:01, 2283.44it/s]
 54%|█████▎    | 4733/8810 [00:02<00:01, 2147.21it/s]
 56%|█████▋    | 4956/8810 [00:02<00:01, 2060.86it/s]
 59%|█████▉    | 5239/8810 [00:02<00:01, 2263.52it/s]
 62%|██████▏   | 5472/8810 [00:02<00:01, 2046.05it/s]
 65%|██████▌   | 5754/8810 [00:02<00:01, 2161.00it/s]
 68%|██████▊   | 5976/8810 [00:02<00:01, 2155.46it/s]
 71%|███████   | 6242/8810 [00:02<00:01, 2291.91it/s]
 74%|███████▎  | 6476/8810 [00:02<00:01, 2290.25it/s]
 77%|███████▋  | 6802/8810 [00:03<00:00, 2559.73it/s]
 80%|████████  | 7062/8810 [00:03<00:00, 2519.29it/s]
 84%|████████▎ | 7360/8810 [00:03<00:00, 2538.59it/s]
 86%|████████▋ | 7616/8810 [00:03<00:00, 2526.92it/s]
 89%|████████▉ | 7870/8810 [00:03<00:00, 2372.45it/s]
 92%|█████████▏| 8110/8810 [00:03<00:00, 2180.89it/s]
 95%|█████████▍| 8361/8810 [00:03<00:00, 2183.67it/s]
 98%|█████████▊| 8643/8810 [00:03<00:00, 2347.89it/s]
100%|██████████| 8810/8810 [00:03<00:00, 2225.58it/s]
