
  0%|          | 0/8810 [00:00<?, ?it/s]
  2%|▏         | 192/8810 [00:00<00:04, 1910.79it/s]
  6%|▌         | 488/8810 [00:00<00:03, 2524.36it/s]
  8%|▊         | 741/8810 [00:00<00:03, 2293.96it/s]
 11%|█▏        | 996/8810 [00:00<00:03, 2232.02it/s]
 15%|█▍        | 1313/8810 [00:00<00:02, 2537.15it/s]
 18%|█▊        | 1571/8810 [00:00<00:03, 2369.73it/s]
 21%|██        | 1821/8810 [00:00<00:02, 2386.51it/s]
 23%|██▎       | 2063/8810 [00:00<00:02, 2353.25it/s]
 26%|██▌       | 2301/8810 [00:00<00:02, 2228.06it/s]
 30%|██▉       | 2642/8810 [00:01<00:02, 2561.49it/s]
 33%|███▎      | 2903/8810 [00:01<00:02, 2400.31it/s]
 36%|███▌      | 3148/8810 [00:01<00:02, 2331.54it/s]
 39%|███▊      | 3393/8810 [00:01<00:02, 2363.01it/s]
 41%|████      | 3632/8810 [00:01<00:02, 2278.77it/s]
 44%|████▍     | 3862/8810 [00:01<00:02, 2217.49it/s]
 47%|████▋     | 4180/8810 [00:01<00:02, 2314.07it/s]
 51%|█████     | 4472/8810 [00:01<00:01, 2475.00it/s]
 54%|█████▎    | 4722/8810 [00:02<00:01, 2228.83it/s]
 56%|█████▌    | 4950/8810 [00:02<00:01, 2044.69it/s]
 59%|█████▊    | 5172/8810 [00:02<00:01, 2077.18it/s]
 61%|██████    | 5384/8810 [00:02<00:01, 1950.74it/s]
 64%|██████▍   | 5673/8810 [00:02<00:01, 2192.00it/s]
 67%|██████▋   | 5898/8810 [00:02<00:01, 2069.90it/s]
 69%|██████▉   | 6110/8810 [00:02<00:01, 2027.78it/s]
 72%|███████▏  | 6351/8810 [00:02<00:01, 2129.84it/s]
 75%|███████▍  | 6568/8810 [00:02<00:01, 1998.90it/s]
 77%|███████▋  | 6824/8810 [00:03<00:00, 2148.78it/s]
 80%|████████  | 7048/8810 [00:03<00:00, 2170.09it/s]
 83%|████████▎ | 7275/8810 [00:03<00:00, 2193.76it/s]
 85%|████████▌ | 7497/8810 [00:03<00:00, 2099.35it/s]
 88%|████████▊ | 7715/8810 [00:03<00:00, 1984.29it/s]
 90%|█████████ | 7949/8810 [00:03<00:00, 2077.87it/s]
 93%|█████████▎| 8160/8810 [00:03<00:00, 1952.71it/s]
 95%|█████████▍| 8361/8810 [00:03<00:00, 1864.32it/s]
 98%|█████████▊| 8613/8810 [00:03<00:00, 2037.73it/s]
100%|██████████| 8810/8810 [00:04<00:00, 2176.09it/s]
