
  0%|          | 0/8810 [00:00<?, ?it/s]
  2%|▏         | 181/8810 [00:00<00:05, 1541.44it/s]
  5%|▍         | 427/8810 [00:00<00:04, 2037.71it/s]
  7%|▋         | 656/8810 [00:00<00:04, 1894.85it/s]
 10%|▉         | 849/8810 [00:00<00:04, 1893.45it/s]
 12%|█▏        | 1041/8810 [00:00<00:04, 1751.38it/s]
 14%|█▍        | 1250/8810 [00:00<00:04, 1850.06it/s]
 16%|█▋        | 1447/8810 [00:00<00:03, 1880.51it/s]
 19%|█▊        | 1637/8810 [00:00<00:04, 1624.33it/s]
 21%|██        | 1821/8810 [00:01<00:04, 1557.92it/s]
 23%|██▎       | 2015/8810 [00:01<00:04, 1657.33it/s]
 25%|██▌       | 2219/8810 [00:01<00:03, 1756.23it/s]
 27%|██▋       | 2400/8810 [00:01<00:03, 1652.56it/s]
 30%|███       | 2654/8810 [00:01<00:03, 1890.18it/s]
 32%|███▏      | 2849/8810 [00:01<00:03, 1783.60it/s]
 35%|███▍      | 3054/8810 [00:01<00:03, 1853.80it/s]
 37%|███▋      | 3244/8810 [00:01<00:03, 1624.67it/s]
 39%|███▉      | 3414/8810 [00:01<00:03, 1554.88it/s]
 41%|████▏     | 3635/8810 [00:02<00:03, 1720.75it/s]
 43%|████▎     | 3814/8810 [00:02<00:02, 1683.19it/s]
 46%|████▌     | 4065/8810 [00:02<00:02, 1907.16it/s]
 48%|████▊     | 4261/8810 [00:02<00:02, 1849.91it/s]
 51%|█████     | 4483/8810 [00:02<00:02, 1950.36it/s]
 53%|█████▎    | 4682/8810 [00:02<00:02, 1775.37it/s]
 55%|█████▌    | 4871/8810 [00:02<00:02, 1805.42it/s]
 57%|█████▋    | 5056/8810 [00:02<00:02, 1643.87it/s]
 60%|█████▉    | 5242/8810 [00:02<00:02, 1698.73it/s]
 61%|██████▏   | 5416/8810 [00:03<00:02, 1608.76it/s]
 64%|██████▍   | 5644/8810 [00:03<00:01, 1785.19it/s]
 66%|██████▌   | 5827/8810 [00:03<00:01, 1685.50it/s]
 68%|██████▊   | 6000/8810 [00:03<00:01, 1620.91it/s]
 70%|██████▉   | 6165/8810 [00:03<00:01, 1593.17it/s]
 73%|███████▎  | 6388/8810 [00:03<00:01, 1765.55it/s]
 75%|███████▍  | 6568/8810 [00:03<00:01, 1669.59it/s]
 77%|███████▋  | 6816/8810 [00:03<00:01, 1891.10it/s]
 80%|███████▉  | 7010/8810 [00:04<00:00, 1809.81it/s]
 82%|████████▏ | 7195/8810 [00:04<00:00, 1807.99it/s]
 84%|████████▍ | 7379/8810 [00:04<00:00, 1772.35it/s]
 86%|████████▌ | 7558/8810 [00:04<00:00, 1720.18it/s]
 88%|████████▊ | 7732/8810 [00:04<00:00, 1652.63it/s]
 90%|█████████ | 7931/8810 [00:04<00:00, 1744.73it/s]
 92%|█████████▏| 8107/8810 [00:04<00:00, 1573.33it/s]
 94%|█████████▍| 8313/8810 [00:04<00:00, 1700.55it/s]
 96%|█████████▋| 8488/8810 [00:04<00:00, 1567.97it/s]
 99%|█████████▊| 8692/8810 [00:05<00:00, 1690.65it/s]
100%|██████████| 8810/8810 [00:05<00:00, 1723.58it/s]
