
  0%|          | 0/8810 [00:00<?, ?it/s]
  2%|▏         | 181/8810 [00:00<00:06, 1332.91it/s]
  4%|▍         | 384/8810 [00:00<00:05, 1683.35it/s]
  7%|▋         | 605/8810 [00:00<00:04, 1904.21it/s]
  9%|▉         | 800/8810 [00:00<00:04, 1623.07it/s]
 11%|█         | 970/8810 [00:00<00:04, 1578.73it/s]
 13%|█▎        | 1133/8810 [00:00<00:05, 1413.67it/s]
 15%|█▍        | 1309/8810 [00:00<00:04, 1505.70it/s]
 17%|█▋        | 1465/8810 [00:00<00:05, 1404.75it/s]
 18%|█▊        | 1610/8810 [00:01<00:05, 1416.19it/s]
 21%|██        | 1817/8810 [00:01<00:04, 1598.48it/s]
 22%|██▏       | 1981/8810 [00:01<00:04, 1407.73it/s]
 25%|██▍       | 2175/8810 [00:01<00:04, 1544.13it/s]
 27%|██▋       | 2336/8810 [00:01<00:04, 1380.57it/s]
 29%|██▉       | 2534/8810 [00:01<00:04, 1525.66it/s]
 31%|███       | 2744/8810 [00:01<00:03, 1526.39it/s]
 33%|███▎      | 2918/8810 [00:01<00:03, 1579.49it/s]
 35%|███▍      | 3081/8810 [00:02<00:03, 1491.15it/s]
 37%|███▋      | 3259/8810 [00:02<00:03, 1565.32it/s]
 39%|███▉      | 3419/8810 [00:02<00:03, 1482.31it/s]
 41%|████      | 3622/8810 [00:02<00:03, 1629.54it/s]
 43%|████▎     | 3789/8810 [00:02<00:03, 1533.55it/s]
 45%|████▌     | 3988/8810 [00:02<00:02, 1653.28it/s]
 47%|████▋     | 4180/8810 [00:02<00:02, 1615.82it/s]
 50%|█████     | 4408/8810 [00:02<00:02, 1794.28it/s]
 52%|█████▏    | 4592/8810 [00:02<00:02, 1695.14it/s]
 54%|█████▍    | 4765/8810 [00:03<00:02, 1581.11it/s]
 56%|█████▌    | 4932/8810 [00:03<00:02, 1471.65it/s]
 58%|█████▊    | 5142/8810 [00:03<00:02, 1630.90it/s]
 61%|██████    | 5338/8810 [00:03<00:02, 1713.94it/s]
 63%|██████▎   | 5514/8810 [00:03<00:02, 1607.76it/s]
 65%|██████▍   | 5724/8810 [00:03<00:01, 1736.29it/s]
 67%|██████▋   | 5902/8810 [00:03<00:01, 1509.65it/s]
 69%|██████▉   | 6061/8810 [00:03<00:01, 1428.27it/s]
 71%|███████   | 6263/8810 [00:04<00:01, 1577.61it/s]
 73%|███████▎  | 6428/8810 [00:04<00:01, 1500.95it/s]
 75%|███████▍  | 6586/8810 [00:04<00:01, 1519.71it/s]
 77%|███████▋  | 6780/8810 [00:04<00:01, 1630.10it/s]
 79%|███████▉  | 6972/8810 [00:04<00:01, 1599.48it/s]
 81%|████████  | 7142/8810 [00:04<00:01, 1626.69it/s]
 83%|████████▎ | 7320/8810 [00:04<00:00, 1663.84it/s]
 85%|████████▌ | 7489/8810 [00:04<00:00, 1490.24it/s]
 87%|████████▋ | 7650/8810 [00:04<00:00, 1516.41it/s]
 89%|████████▊ | 7805/8810 [00:05<00:00, 1393.13it/s]
 90%|█████████ | 7948/8810 [00:05<00:00, 1365.89it/s]
 92%|█████████▏| 8087/8810 [00:05<00:00, 1244.37it/s]
 93%|█████████▎| 8218/8810 [00:05<00:00, 1260.11it/s]
 95%|█████████▍| 8361/8810 [00:05<00:00, 1245.96it/s]
 97%|█████████▋| 8539/8810 [00:05<00:00, 1387.08it/s]
 99%|█████████▉| 8702/8810 [00:05<00:00, 1328.78it/s]
100%|██████████| 8810/8810 [00:05<00:00, 1517.25it/s]
