
  0%|          | 0/8810 [00:00<?, ?it/s]
  2%|▏         | 179/8810 [00:00<00:04, 1787.60it/s]
  4%|▍         | 358/8810 [00:00<00:05, 1492.17it/s]
  6%|▋         | 570/8810 [00:00<00:04, 1748.24it/s]
  9%|▊         | 750/8810 [00:00<00:05, 1474.28it/s]
 10%|█         | 910/8810 [00:00<00:05, 1511.23it/s]
 12%|█▏        | 1067/8810 [00:00<00:05, 1462.70it/s]
 14%|█▍        | 1246/8810 [00:00<00:04, 1558.03it/s]
 16%|█▌        | 1415/8810 [00:00<00:04, 1593.53it/s]
 18%|█▊        | 1577/8810 [00:01<00:05, 1407.80it/s]
 20%|██        | 1792/8810 [00:01<00:04, 1604.43it/s]
 22%|██▏       | 1959/8810 [00:01<00:04, 1407.44it/s]
 25%|██▍       | 2167/8810 [00:01<00:04, 1577.11it/s]
 26%|██▋       | 2334/8810 [00:01<00:04, 1426.32it/s]
 29%|██▊       | 2513/8810 [00:01<00:04, 1516.27it/s]
 31%|███       | 2690/8810 [00:01<00:03, 1583.43it/s]
 32%|███▏      | 2855/8810 [00:01<00:04, 1486.17it/s]
 34%|███▍      | 3009/8810 [00:01<00:03, 1490.68it/s]
 36%|███▌      | 3162/8810 [00:02<00:04, 1400.01it/s]
 38%|███▊      | 3312/8810 [00:02<00:03, 1425.75it/s]
 39%|███▉      | 3458/8810 [00:02<00:04, 1326.99it/s]
 41%|████▏     | 3640/8810 [00:02<00:03, 1458.01it/s]
 43%|████▎     | 3790/8810 [00:02<00:03, 1429.63it/s]
 45%|████▌     | 3973/8810 [00:02<00:03, 1537.03it/s]
 47%|████▋     | 4180/8810 [00:02<00:03, 1521.79it/s]
 50%|█████     | 4408/8810 [00:02<00:02, 1722.03it/s]
 52%|█████▏    | 4584/8810 [00:02<00:02, 1710.98it/s]
 54%|█████▍    | 4758/8810 [00:03<00:02, 1499.82it/s]
 56%|█████▌    | 4914/8810 [00:03<00:02, 1451.84it/s]
 57%|█████▋    | 5064/8810 [00:03<00:02, 1353.59it/s]
 60%|█████▉    | 5251/8810 [00:03<00:02, 1483.53it/s]
 61%|██████▏   | 5404/8810 [00:03<00:02, 1383.57it/s]
 64%|██████▎   | 5609/8810 [00:03<00:02, 1555.34it/s]
 65%|██████▌   | 5770/8810 [00:03<00:02, 1486.23it/s]
 67%|██████▋   | 5923/8810 [00:03<00:02, 1359.12it/s]
 69%|██████▉   | 6063/8810 [00:04<00:02, 1330.27it/s]
 71%|███████   | 6231/8810 [00:04<00:01, 1421.10it/s]
 73%|███████▎  | 6400/8810 [00:04<00:01, 1362.42it/s]
 75%|███████▍  | 6574/8810 [00:04<00:01, 1461.55it/s]
 77%|███████▋  | 6790/8810 [00:04<00:01, 1649.07it/s]
 79%|███████▉  | 6972/8810 [00:04<00:01, 1578.22it/s]
 81%|████████  | 7153/8810 [00:04<00:01, 1636.66it/s]
 83%|████████▎ | 7332/8810 [00:04<00:00, 1676.88it/s]
 85%|████████▌ | 7503/8810 [00:04<00:00, 1533.19it/s]
 87%|████████▋ | 7678/8810 [00:05<00:00, 1586.84it/s]
 89%|████████▉ | 7840/8810 [00:05<00:00, 1414.03it/s]
 91%|█████████ | 8011/8810 [00:05<00:00, 1490.13it/s]
 93%|█████████▎| 8165/8810 [00:05<00:00, 1364.43it/s]
 95%|█████████▍| 8328/8810 [00:05<00:00, 1431.76it/s]
 96%|█████████▌| 8476/8810 [00:05<00:00, 1333.32it/s]
 98%|█████████▊| 8645/8810 [00:05<00:00, 1422.67it/s]
100%|█████████▉| 8792/8810 [00:05<00:00, 1354.36it/s]
100%|██████████| 8810/8810 [00:05<00:00, 1481.59it/s]
