
  0%|          | 0/8810 [00:00<?, ?it/s]
  2%|▏         | 201/8810 [00:00<00:04, 2005.60it/s]
  7%|▋         | 607/8810 [00:00<00:02, 3211.48it/s]
 11%|█         | 929/8810 [00:00<00:02, 2650.20it/s]
 14%|█▎        | 1204/8810 [00:00<00:02, 2626.49it/s]
 17%|█▋        | 1473/8810 [00:00<00:03, 2358.19it/s]
 20%|██        | 1784/8810 [00:00<00:02, 2576.98it/s]
 23%|██▎       | 2050/8810 [00:00<00:02, 2453.88it/s]
 26%|██▌       | 2301/8810 [00:00<00:02, 2326.44it/s]
 30%|███       | 2669/8810 [00:01<00:02, 2701.05it/s]
 33%|███▎      | 2947/8810 [00:01<00:02, 2429.73it/s]
 36%|███▋      | 3207/8810 [00:01<00:02, 2471.98it/s]
 39%|███▉      | 3462/8810 [00:01<00:02, 2487.18it/s]
 43%|████▎     | 3774/8810 [00:01<00:02, 2493.55it/s]
 46%|████▋     | 4083/8810 [00:01<00:01, 2653.62it/s]
 49%|████▉     | 4353/8810 [00:01<00:01, 2589.48it/s]
 53%|█████▎    | 4626/8810 [00:01<00:01, 2621.07it/s]
 56%|█████▌    | 4923/8810 [00:01<00:01, 2719.33it/s]
 59%|█████▉    | 5197/8810 [00:02<00:01, 2617.17it/s]
 62%|██████▏   | 5461/8810 [00:02<00:01, 2401.55it/s]
 65%|██████▌   | 5754/8810 [00:02<00:01, 2475.14it/s]
 69%|██████▊   | 6036/8810 [00:02<00:01, 2404.57it/s]
 72%|███████▏  | 6324/8810 [00:02<00:00, 2529.84it/s]
 75%|███████▍  | 6581/8810 [00:02<00:00, 2475.38it/s]
 78%|███████▊  | 6851/8810 [00:02<00:00, 2533.89it/s]
 81%|████████  | 7107/8810 [00:02<00:00, 2408.77it/s]
 84%|████████▎ | 7360/8810 [00:02<00:00, 2392.25it/s]
 87%|████████▋ | 7673/8810 [00:03<00:00, 2595.94it/s]
 90%|█████████ | 7936/8810 [00:03<00:00, 2533.35it/s]
 93%|█████████▎| 8192/8810 [00:03<00:00, 2339.45it/s]
 96%|█████████▌| 8430/8810 [00:03<00:00, 2232.27it/s]
 99%|█████████▉| 8702/8810 [00:03<00:00, 2226.72it/s]
100%|██████████| 8810/8810 [00:03<00:00, 2478.47it/s]
