
  0%|          | 0/8810 [00:00<?, ?it/s]
  2%|▏         | 181/8810 [00:00<00:05, 1459.63it/s]
  5%|▍         | 422/8810 [00:00<00:04, 1960.15it/s]
  7%|▋         | 630/8810 [00:00<00:04, 2005.29it/s]
  9%|▉         | 834/8810 [00:00<00:04, 1741.89it/s]
 12%|█▏        | 1014/8810 [00:00<00:04, 1642.14it/s]
 14%|█▍        | 1232/8810 [00:00<00:04, 1799.17it/s]
 16%|█▌        | 1417/8810 [00:00<00:04, 1783.95it/s]
 18%|█▊        | 1599/8810 [00:00<00:04, 1639.53it/s]
 20%|██        | 1805/8810 [00:01<00:03, 1755.61it/s]
 23%|██▎       | 1985/8810 [00:01<00:04, 1570.57it/s]
 25%|██▌       | 2218/8810 [00:01<00:03, 1762.60it/s]
 27%|██▋       | 2401/8810 [00:01<00:03, 1681.59it/s]
 30%|███       | 2668/8810 [00:01<00:03, 1940.84it/s]
 33%|███▎      | 2869/8810 [00:01<00:03, 1813.18it/s]
 35%|███▍      | 3056/8810 [00:01<00:03, 1787.03it/s]
 37%|███▋      | 3239/8810 [00:01<00:03, 1624.76it/s]
 39%|███▊      | 3410/8810 [00:02<00:03, 1523.59it/s]
 41%|████      | 3619/8810 [00:02<00:03, 1668.42it/s]
 43%|████▎     | 3791/8810 [00:02<00:03, 1605.77it/s]
 46%|████▌     | 4025/8810 [00:02<00:02, 1800.40it/s]
 48%|████▊     | 4210/8810 [00:02<00:02, 1766.68it/s]
 50%|█████     | 4416/8810 [00:02<00:02, 1847.52it/s]
 52%|█████▏    | 4604/8810 [00:02<00:02, 1851.52it/s]
 54%|█████▍    | 4792/8810 [00:02<00:02, 1659.87it/s]
 56%|█████▋    | 4963/8810 [00:02<00:02, 1496.45it/s]
 59%|█████▊    | 5172/8810 [00:03<00:02, 1643.06it/s]
 61%|██████    | 5372/8810 [00:03<00:02, 1587.87it/s]
 63%|██████▎   | 5582/8810 [00:03<00:01, 1716.61it/s]
 65%|██████▌   | 5760/8810 [00:03<00:01, 1702.50it/s]
 67%|██████▋   | 5934/8810 [00:03<00:01, 1685.01it/s]
 69%|██████▉   | 6106/8810 [00:03<00:01, 1603.53it/s]
 72%|███████▏  | 6306/8810 [00:03<00:01, 1711.02it/s]
 74%|███████▎  | 6480/8810 [00:03<00:01, 1602.13it/s]
 77%|███████▋  | 6745/8810 [00:03<00:01, 1883.27it/s]
 79%|███████▉  | 6968/8810 [00:04<00:00, 1973.32it/s]
 81%|████████▏ | 7170/8810 [00:04<00:00, 1693.67it/s]
 84%|████████▎ | 7360/8810 [00:04<00:00, 1643.15it/s]
 85%|████████▌ | 7531/8810 [00:04<00:00, 1657.69it/s]
 88%|████████▊ | 7715/8810 [00:04<00:00, 1631.43it/s]
 90%|████████▉ | 7894/8810 [00:04<00:00, 1669.61it/s]
 92%|█████████▏| 8064/8810 [00:04<00:00, 1537.36it/s]
 93%|█████████▎| 8222/8810 [00:04<00:00, 1543.40it/s]
 95%|█████████▌| 8379/8810 [00:04<00:00, 1504.32it/s]
 98%|█████████▊| 8611/8810 [00:05<00:00, 1727.25it/s]
100%|█████████▉| 8787/8810 [00:05<00:00, 1622.36it/s]
100%|██████████| 8810/8810 [00:05<00:00, 1691.75it/s]
