
  0%|          | 0/8810 [00:00<?, ?it/s]
  2%|▏         | 181/8810 [00:00<00:06, 1279.04it/s]
  5%|▍         | 405/8810 [00:00<00:04, 1760.31it/s]
  7%|▋         | 625/8810 [00:00<00:04, 1940.09it/s]
  9%|▉         | 826/8810 [00:00<00:04, 1685.46it/s]
 11%|█▏        | 1002/8810 [00:00<00:05, 1422.47it/s]
 13%|█▎        | 1174/8810 [00:00<00:05, 1502.56it/s]
 15%|█▌        | 1343/8810 [00:00<00:04, 1548.22it/s]
 17%|█▋        | 1504/8810 [00:00<00:05, 1453.84it/s]
 19%|█▉        | 1711/8810 [00:01<00:04, 1618.03it/s]
 21%|██▏       | 1879/8810 [00:01<00:04, 1454.76it/s]
 24%|██▎       | 2088/8810 [00:01<00:04, 1617.76it/s]
 26%|██▌       | 2263/8810 [00:01<00:04, 1521.43it/s]
 28%|██▊       | 2463/8810 [00:01<00:03, 1646.53it/s]
 31%|███       | 2691/8810 [00:01<00:03, 1817.45it/s]
 33%|███▎      | 2879/8810 [00:01<00:03, 1652.98it/s]
 35%|███▍      | 3051/8810 [00:01<00:03, 1651.05it/s]
 37%|███▋      | 3221/8810 [00:02<00:03, 1495.81it/s]
 39%|███▊      | 3399/8810 [00:02<00:03, 1566.30it/s]
 40%|████      | 3561/8810 [00:02<00:03, 1478.15it/s]
 43%|████▎     | 3752/8810 [00:02<00:03, 1591.56it/s]
 44%|████▍     | 3916/8810 [00:02<00:03, 1478.06it/s]
 47%|████▋     | 4169/8810 [00:02<00:02, 1755.67it/s]
 49%|████▉     | 4351/8810 [00:02<00:02, 1610.27it/s]
 51%|█████▏    | 4519/8810 [00:02<00:02, 1602.84it/s]
 53%|█████▎    | 4684/8810 [00:02<00:02, 1418.59it/s]
 55%|█████▌    | 4858/8810 [00:03<00:02, 1497.66it/s]
 57%|█████▋    | 5014/8810 [00:03<00:02, 1393.79it/s]
 59%|█████▉    | 5207/8810 [00:03<00:02, 1532.28it/s]
 61%|██████    | 5372/8810 [00:03<00:02, 1415.43it/s]
 63%|██████▎   | 5566/8810 [00:03<00:02, 1550.52it/s]
 65%|██████▌   | 5754/8810 [00:03<00:01, 1580.55it/s]
 67%|██████▋   | 5917/8810 [00:03<00:01, 1574.63it/s]
 69%|██████▉   | 6078/8810 [00:03<00:01, 1486.62it/s]
 71%|███████▏  | 6286/8810 [00:04<00:01, 1645.02it/s]
 73%|███████▎  | 6454/8810 [00:04<00:01, 1514.43it/s]
 75%|███████▌  | 6649/8810 [00:04<00:01, 1630.14it/s]
 78%|███████▊  | 6887/8810 [00:04<00:01, 1830.93it/s]
 80%|████████  | 7075/8810 [00:04<00:01, 1685.49it/s]
 82%|████████▏ | 7249/8810 [00:04<00:00, 1657.47it/s]
 84%|████████▍ | 7419/8810 [00:04<00:00, 1658.91it/s]
 86%|████████▌ | 7588/8810 [00:04<00:00, 1601.38it/s]
 88%|████████▊ | 7750/8810 [00:04<00:00, 1517.63it/s]
 90%|█████████ | 7930/8810 [00:05<00:00, 1591.95it/s]
 92%|█████████▏| 8092/8810 [00:05<00:00, 1318.19it/s]
 94%|█████████▍| 8275/8810 [00:05<00:00, 1442.18it/s]
 96%|█████████▌| 8428/8810 [00:05<00:00, 1332.81it/s]
 98%|█████████▊| 8633/8810 [00:05<00:00, 1503.33it/s]
100%|█████████▉| 8791/8810 [00:05<00:00, 1439.11it/s]
100%|██████████| 8810/8810 [00:05<00:00, 1551.26it/s]
