
  0%|          | 0/8810 [00:00<?, ?it/s]
  2%|▏         | 185/8810 [00:00<00:04, 1830.80it/s]
  5%|▍         | 434/8810 [00:00<00:03, 2207.21it/s]
  7%|▋         | 656/8810 [00:00<00:03, 2086.04it/s]
 10%|█         | 892/8810 [00:00<00:03, 2186.51it/s]
 13%|█▎        | 1112/8810 [00:00<00:03, 2073.69it/s]
 15%|█▌        | 1347/8810 [00:00<00:03, 2160.34it/s]
 18%|█▊        | 1565/8810 [00:00<00:03, 1959.89it/s]
 21%|██        | 1821/8810 [00:00<00:03, 1978.50it/s]
 23%|██▎       | 2022/8810 [00:01<00:03, 1922.99it/s]
 26%|██▌       | 2263/8810 [00:01<00:03, 1913.87it/s]
 29%|██▉       | 2561/8810 [00:01<00:02, 2199.26it/s]
 32%|███▏      | 2788/8810 [00:01<00:02, 2218.35it/s]
 34%|███▍      | 3014/8810 [00:01<00:02, 2086.83it/s]
 37%|███▋      | 3227/8810 [00:01<00:02, 1909.14it/s]
 39%|███▉      | 3423/8810 [00:01<00:02, 1805.03it/s]
 41%|████▏     | 3647/8810 [00:01<00:02, 1916.19it/s]
 44%|████▎     | 3843/8810 [00:01<00:02, 1889.41it/s]
 47%|████▋     | 4122/8810 [00:02<00:02, 2135.54it/s]
 49%|████▉     | 4340/8810 [00:02<00:02, 2080.47it/s]
 52%|█████▏    | 4571/8810 [00:02<00:01, 2137.45it/s]
 54%|█████▍    | 4788/8810 [00:02<00:02, 2002.89it/s]
 57%|█████▋    | 4992/8810 [00:02<00:01, 1913.56it/s]
 60%|█████▉    | 5253/8810 [00:02<00:01, 2100.86it/s]
 62%|██████▏   | 5467/8810 [00:02<00:01, 2021.96it/s]
 65%|██████▌   | 5754/8810 [00:02<00:01, 2111.60it/s]
 68%|██████▊   | 5967/8810 [00:02<00:01, 2115.29it/s]
 70%|███████   | 6180/8810 [00:03<00:01, 2038.63it/s]
 73%|███████▎  | 6400/8810 [00:03<00:01, 1987.39it/s]
 76%|███████▌  | 6701/8810 [00:03<00:00, 2266.18it/s]
 79%|███████▉  | 6972/8810 [00:03<00:00, 2274.81it/s]
 82%|████████▏ | 7202/8810 [00:03<00:00, 2252.75it/s]
 84%|████████▍ | 7429/8810 [00:03<00:00, 2177.94it/s]
 87%|████████▋ | 7657/8810 [00:03<00:00, 2205.47it/s]
 89%|████████▉ | 7879/8810 [00:03<00:00, 2015.01it/s]
 92%|█████████▏| 8084/8810 [00:03<00:00, 1823.78it/s]
 94%|█████████▍| 8320/8810 [00:04<00:00, 1958.59it/s]
 97%|█████████▋| 8522/8810 [00:04<00:00, 1895.62it/s]
 99%|█████████▉| 8716/8810 [00:04<00:00, 1847.60it/s]
100%|██████████| 8810/8810 [00:04<00:00, 2033.12it/s]
