
  0%|          | 0/8810 [00:00<?, ?it/s]
  2%|▏         | 181/8810 [00:00<00:05, 1590.91it/s]
  6%|▌         | 531/8810 [00:00<00:03, 2649.23it/s]
  9%|▉         | 802/8810 [00:00<00:03, 2401.48it/s]
 12%|█▏        | 1048/8810 [00:00<00:03, 2178.35it/s]
 15%|█▌        | 1328/8810 [00:00<00:03, 2373.20it/s]
 18%|█▊        | 1572/8810 [00:00<00:03, 2266.07it/s]
 21%|██        | 1821/8810 [00:00<00:03, 2249.48it/s]
 24%|██▎       | 2075/8810 [00:00<00:02, 2333.69it/s]
 26%|██▌       | 2312/8810 [00:01<00:02, 2301.81it/s]
 31%|███       | 2692/8810 [00:01<00:02, 2736.08it/s]
 34%|███▎      | 2970/8810 [00:01<00:02, 2566.81it/s]
 37%|███▋      | 3231/8810 [00:01<00:02, 2468.87it/s]
 40%|███▉      | 3482/8810 [00:01<00:02, 2434.58it/s]
 43%|████▎     | 3774/8810 [00:01<00:02, 2464.27it/s]
 47%|████▋     | 4148/8810 [00:01<00:01, 2815.71it/s]
 50%|█████     | 4434/8810 [00:01<00:01, 2586.54it/s]
 53%|█████▎    | 4699/8810 [00:01<00:01, 2397.12it/s]
 56%|█████▌    | 4945/8810 [00:02<00:01, 2178.20it/s]
 60%|█████▉    | 5261/8810 [00:02<00:01, 2426.25it/s]
 63%|██████▎   | 5513/8810 [00:02<00:01, 2257.63it/s]
 66%|██████▌   | 5779/8810 [00:02<00:01, 2359.74it/s]
 69%|██████▊   | 6036/8810 [00:02<00:01, 2287.14it/s]
 72%|███████▏  | 6343/8810 [00:02<00:00, 2494.37it/s]
 75%|███████▍  | 6599/8810 [00:02<00:00, 2440.73it/s]
 79%|███████▉  | 6972/8810 [00:02<00:00, 2617.15it/s]
 82%|████████▏ | 7258/8810 [00:02<00:00, 2682.33it/s]
 85%|████████▌ | 7529/8810 [00:03<00:00, 2582.60it/s]
 88%|████████▊ | 7789/8810 [00:03<00:00, 2538.07it/s]
 91%|█████████▏| 8044/8810 [00:03<00:00, 2399.54it/s]
 95%|█████████▍| 8329/8810 [00:03<00:00, 2521.89it/s]
 97%|█████████▋| 8584/8810 [00:03<00:00, 2497.41it/s]
100%|██████████| 8810/8810 [00:03<00:00, 2431.54it/s]
