
  0%|          | 0/8810 [00:00<?, ?it/s]
  2%|▏         | 181/8810 [00:00<00:05, 1518.12it/s]
  4%|▍         | 394/8810 [00:00<00:04, 1842.89it/s]
  7%|▋         | 618/8810 [00:00<00:04, 2015.31it/s]
  9%|▉         | 822/8810 [00:00<00:04, 1780.87it/s]
 11%|█▏        | 1005/8810 [00:00<00:04, 1604.15it/s]
 14%|█▍        | 1226/8810 [00:00<00:04, 1781.42it/s]
 16%|█▋        | 1432/8810 [00:00<00:03, 1859.00it/s]
 18%|█▊        | 1623/8810 [00:00<00:04, 1648.98it/s]
 21%|██        | 1821/8810 [00:01<00:04, 1589.13it/s]
 23%|██▎       | 2030/8810 [00:01<00:03, 1715.36it/s]
 25%|██▌       | 2241/8810 [00:01<00:03, 1820.54it/s]
 28%|██▊       | 2429/8810 [00:01<00:03, 1764.06it/s]
 30%|███       | 2679/8810 [00:01<00:03, 1966.43it/s]
 33%|███▎      | 2881/8810 [00:01<00:03, 1835.73it/s]
 35%|███▍      | 3069/8810 [00:01<00:03, 1707.95it/s]
 37%|███▋      | 3276/8810 [00:01<00:03, 1803.33it/s]
 39%|███▉      | 3461/8810 [00:01<00:03, 1687.56it/s]
 42%|████▏     | 3688/8810 [00:02<00:02, 1840.54it/s]
 44%|████▍     | 3877/8810 [00:02<00:02, 1673.96it/s]
 46%|████▌     | 4070/8810 [00:02<00:02, 1734.30it/s]
 48%|████▊     | 4248/8810 [00:02<00:02, 1631.11it/s]
 51%|█████     | 4485/8810 [00:02<00:02, 1819.87it/s]
 53%|█████▎    | 4672/8810 [00:02<00:02, 1653.17it/s]
 55%|█████▌    | 4853/8810 [00:02<00:02, 1689.80it/s]
 57%|█████▋    | 5027/8810 [00:02<00:02, 1580.87it/s]
 59%|█████▉    | 5239/8810 [00:03<00:02, 1720.32it/s]
 61%|██████▏   | 5416/8810 [00:03<00:02, 1688.63it/s]
 64%|██████▍   | 5664/8810 [00:03<00:01, 1906.93it/s]
 67%|██████▋   | 5859/8810 [00:03<00:01, 1745.44it/s]
 69%|██████▊   | 6039/8810 [00:03<00:01, 1576.67it/s]
 71%|███████▏  | 6287/8810 [00:03<00:01, 1802.68it/s]
 73%|███████▎  | 6475/8810 [00:03<00:01, 1665.10it/s]
 76%|███████▋  | 6739/8810 [00:03<00:01, 1915.02it/s]
 79%|███████▉  | 6972/8810 [00:03<00:00, 1847.74it/s]
 81%|████████▏ | 7168/8810 [00:04<00:00, 1872.48it/s]
 84%|████████▎ | 7361/8810 [00:04<00:00, 1680.55it/s]
 86%|████████▌ | 7536/8810 [00:04<00:00, 1623.61it/s]
 88%|████████▊ | 7715/8810 [00:04<00:00, 1580.74it/s]
 90%|████████▉ | 7909/8810 [00:04<00:00, 1672.85it/s]
 92%|█████████▏| 8080/8810 [00:04<00:00, 1534.17it/s]
 94%|█████████▍| 8273/8810 [00:04<00:00, 1635.18it/s]
 96%|█████████▌| 8441/8810 [00:04<00:00, 1486.54it/s]
 98%|█████████▊| 8644/8810 [00:05<00:00, 1623.76it/s]
100%|██████████| 8810/8810 [00:05<00:00, 1712.94it/s]
