
  0%|          | 0/8810 [00:00<?, ?it/s]
  2%|▏         | 181/8810 [00:00<00:06, 1429.96it/s]
  5%|▍         | 422/8810 [00:00<00:04, 1937.59it/s]
  7%|▋         | 651/8810 [00:00<00:03, 2084.77it/s]
 10%|▉         | 864/8810 [00:00<00:04, 1782.57it/s]
 12%|█▏        | 1050/8810 [00:00<00:04, 1714.69it/s]
 15%|█▍        | 1289/8810 [00:00<00:03, 1916.30it/s]
 17%|█▋        | 1487/8810 [00:00<00:04, 1725.04it/s]
 19%|█▉        | 1707/8810 [00:00<00:03, 1855.24it/s]
 22%|██▏       | 1899/8810 [00:01<00:04, 1715.24it/s]
 25%|██▍       | 2187/8810 [00:01<00:03, 2025.73it/s]
 27%|██▋       | 2398/8810 [00:01<00:03, 1895.06it/s]
 30%|███       | 2673/8810 [00:01<00:02, 2124.59it/s]
 33%|███▎      | 2894/8810 [00:01<00:03, 1936.98it/s]
 35%|███▌      | 3096/8810 [00:01<00:03, 1877.37it/s]
 37%|███▋      | 3290/8810 [00:01<00:02, 1849.86it/s]
 39%|███▉      | 3479/8810 [00:01<00:03, 1741.40it/s]
 42%|████▏     | 3726/8810 [00:01<00:02, 1933.00it/s]
 45%|████▍     | 3924/8810 [00:02<00:02, 1864.65it/s]
 47%|████▋     | 4180/8810 [00:02<00:02, 1856.35it/s]
 50%|█████     | 4418/8810 [00:02<00:02, 1991.23it/s]
 52%|█████▏    | 4625/8810 [00:02<00:02, 1822.03it/s]
 55%|█████▍    | 4821/8810 [00:02<00:02, 1856.92it/s]
 57%|█████▋    | 5011/8810 [00:02<00:02, 1694.20it/s]
 59%|█████▉    | 5208/8810 [00:02<00:02, 1761.27it/s]
 61%|██████    | 5389/8810 [00:02<00:02, 1680.71it/s]
 64%|██████▎   | 5600/8810 [00:03<00:01, 1790.32it/s]
 66%|██████▌   | 5783/8810 [00:03<00:01, 1747.00it/s]
 68%|██████▊   | 5961/8810 [00:03<00:01, 1675.08it/s]
 70%|██████▉   | 6131/8810 [00:03<00:01, 1606.70it/s]
 72%|███████▏  | 6366/8810 [00:03<00:01, 1806.02it/s]
 74%|███████▍  | 6550/8810 [00:03<00:01, 1752.61it/s]
 78%|███████▊  | 6837/8810 [00:03<00:00, 2062.72it/s]
 80%|████████  | 7048/8810 [00:03<00:00, 1934.74it/s]
 82%|████████▏ | 7246/8810 [00:03<00:00, 1882.56it/s]
 84%|████████▍ | 7438/8810 [00:04<00:00, 1788.77it/s]
 87%|████████▋ | 7621/8810 [00:04<00:00, 1799.19it/s]
 89%|████████▊ | 7803/8810 [00:04<00:00, 1689.33it/s]
 91%|█████████ | 8013/8810 [00:04<00:00, 1800.02it/s]
 93%|█████████▎| 8196/8810 [00:04<00:00, 1625.70it/s]
 95%|█████████▍| 8363/8810 [00:04<00:00, 1590.90it/s]
 98%|█████████▊| 8600/8810 [00:04<00:00, 1799.85it/s]
100%|█████████▉| 8785/8810 [00:04<00:00, 1694.90it/s]
100%|██████████| 8810/8810 [00:04<00:00, 1807.43it/s]
