
  0%|          | 0/8810 [00:00<?, ?it/s]
  2%|▏         | 183/8810 [00:00<00:04, 1809.57it/s]
  5%|▌         | 445/8810 [00:00<00:03, 2275.03it/s]
  8%|▊         | 673/8810 [00:00<00:03, 2191.61it/s]
 10%|█         | 893/8810 [00:00<00:03, 2012.99it/s]
 12%|█▏        | 1097/8810 [00:00<00:03, 1997.46it/s]
 16%|█▌        | 1368/8810 [00:00<00:03, 2222.03it/s]
 18%|█▊        | 1593/8810 [00:00<00:03, 2057.82it/s]
 21%|██        | 1828/8810 [00:00<00:03, 2142.24it/s]
 23%|██▎       | 2066/8810 [00:00<00:03, 2207.83it/s]
 26%|██▌       | 2290/8810 [00:01<00:03, 2038.17it/s]
 30%|██▉       | 2624/8810 [00:01<00:02, 2400.88it/s]
 33%|███▎      | 2871/8810 [00:01<00:02, 2157.92it/s]
 35%|███▌      | 3095/8810 [00:01<00:02, 2042.08it/s]
 38%|███▊      | 3306/8810 [00:01<00:02, 1893.77it/s]
 40%|███▉      | 3501/8810 [00:01<00:02, 1872.25it/s]
 43%|████▎     | 3774/8810 [00:01<00:02, 1967.41it/s]
 46%|████▌     | 4069/8810 [00:01<00:02, 2220.35it/s]
 49%|████▉     | 4297/8810 [00:02<00:02, 2111.35it/s]
 52%|█████▏    | 4555/8810 [00:02<00:01, 2234.40it/s]
 54%|█████▍    | 4783/8810 [00:02<00:02, 1767.92it/s]
 56%|█████▋    | 4977/8810 [00:02<00:02, 1626.62it/s]
 59%|█████▉    | 5203/8810 [00:02<00:02, 1773.60it/s]
 61%|██████    | 5394/8810 [00:02<00:02, 1691.20it/s]
 63%|██████▎   | 5573/8810 [00:02<00:01, 1644.03it/s]
 65%|██████▌   | 5754/8810 [00:02<00:01, 1683.74it/s]
 67%|██████▋   | 5928/8810 [00:03<00:01, 1509.36it/s]
 69%|██████▉   | 6085/8810 [00:03<00:01, 1496.31it/s]
 72%|███████▏  | 6322/8810 [00:03<00:01, 1722.18it/s]
 74%|███████▍  | 6501/8810 [00:03<00:01, 1673.25it/s]
 76%|███████▋  | 6725/8810 [00:03<00:01, 1823.19it/s]
 79%|███████▉  | 6972/8810 [00:03<00:00, 1898.49it/s]
 81%|████████▏ | 7168/8810 [00:03<00:00, 1912.69it/s]
 84%|████████▎ | 7362/8810 [00:03<00:00, 1884.95it/s]
 86%|████████▌ | 7557/8810 [00:03<00:00, 1899.73it/s]
 88%|████████▊ | 7748/8810 [00:04<00:00, 1884.79it/s]
 90%|█████████ | 7955/8810 [00:04<00:00, 1936.11it/s]
 93%|█████████▎| 8150/8810 [00:04<00:00, 1790.23it/s]
 95%|█████████▍| 8336/8810 [00:04<00:00, 1805.87it/s]
 97%|█████████▋| 8519/8810 [00:04<00:00, 1789.60it/s]
 99%|█████████▉| 8702/8810 [00:04<00:00, 1798.59it/s]
100%|██████████| 8810/8810 [00:04<00:00, 1906.80it/s]
