
  0%|          | 0/8810 [00:00<?, ?it/s]
  2%|▏         | 182/8810 [00:00<00:04, 1818.12it/s]
  5%|▍         | 435/8810 [00:00<00:03, 2222.26it/s]
  7%|▋         | 658/8810 [00:00<00:03, 2135.82it/s]
 10%|█         | 912/8810 [00:00<00:03, 2290.90it/s]
 13%|█▎        | 1142/8810 [00:00<00:03, 2168.61it/s]
 16%|█▋        | 1443/8810 [00:00<00:03, 2438.54it/s]
 19%|█▉        | 1690/8810 [00:00<00:03, 2165.62it/s]
 22%|██▏       | 1913/8810 [00:00<00:03, 2007.77it/s]
 25%|██▍       | 2186/8810 [00:01<00:03, 2198.15it/s]
 27%|██▋       | 2413/8810 [00:01<00:03, 2062.86it/s]
 31%|███       | 2744/8810 [00:01<00:02, 2220.22it/s]
 34%|███▎      | 2971/8810 [00:01<00:02, 2226.02it/s]
 36%|███▋      | 3196/8810 [00:01<00:02, 1990.91it/s]
 39%|███▊      | 3410/8810 [00:01<00:02, 1940.74it/s]
 41%|████▏     | 3640/8810 [00:01<00:02, 2033.25it/s]
 44%|████▎     | 3847/8810 [00:01<00:02, 2009.95it/s]
 47%|████▋     | 4112/8810 [00:01<00:02, 2184.52it/s]
 49%|████▉     | 4334/8810 [00:02<00:02, 2098.34it/s]
 52%|█████▏    | 4586/8810 [00:02<00:01, 2212.87it/s]
 55%|█████▍    | 4810/8810 [00:02<00:01, 2020.82it/s]
 57%|█████▋    | 5017/8810 [00:02<00:02, 1865.43it/s]
 60%|██████    | 5304/8810 [00:02<00:01, 2123.27it/s]
 63%|██████▎   | 5524/8810 [00:02<00:01, 1971.15it/s]
 65%|██████▌   | 5754/8810 [00:02<00:01, 2013.12it/s]
 68%|██████▊   | 5960/8810 [00:02<00:01, 1970.33it/s]
 70%|██████▉   | 6161/8810 [00:02<00:01, 1914.59it/s]
 73%|███████▎  | 6400/8810 [00:03<00:01, 1964.71it/s]
 76%|███████▌  | 6700/8810 [00:03<00:00, 2244.92it/s]
 79%|███████▉  | 6972/8810 [00:03<00:00, 2214.40it/s]
 82%|████████▏ | 7197/8810 [00:03<00:00, 2127.93it/s]
 84%|████████▍ | 7422/8810 [00:03<00:00, 2156.58it/s]
 87%|████████▋ | 7644/8810 [00:03<00:00, 2171.57it/s]
 89%|████████▉ | 7863/8810 [00:03<00:00, 1871.89it/s]
 91%|█████████▏| 8058/8810 [00:03<00:00, 1858.93it/s]
 94%|█████████▍| 8283/8810 [00:04<00:00, 1962.57it/s]
 96%|█████████▋| 8485/8810 [00:04<00:00, 1901.23it/s]
 99%|█████████▉| 8702/8810 [00:04<00:00, 1916.60it/s]
100%|██████████| 8810/8810 [00:04<00:00, 2061.67it/s]
