
  0%|          | 0/8810 [00:00<?, ?it/s]
  4%|▍         | 335/8810 [00:00<00:02, 3340.54it/s]
  8%|▊         | 670/8810 [00:00<00:02, 3132.51it/s]
 11%|█▏        | 996/8810 [00:00<00:02, 2979.86it/s]
 16%|█▌        | 1367/8810 [00:00<00:02, 3248.11it/s]
 19%|█▉        | 1695/8810 [00:00<00:02, 3171.18it/s]
 23%|██▎       | 2014/8810 [00:00<00:02, 3112.15it/s]
 26%|██▋       | 2327/8810 [00:00<00:02, 3088.34it/s]
 31%|███       | 2744/8810 [00:00<00:01, 3210.21it/s]
 35%|███▍      | 3065/8810 [00:00<00:01, 3094.70it/s]
 39%|███▊      | 3410/8810 [00:01<00:01, 3009.85it/s]
 43%|████▎     | 3774/8810 [00:01<00:01, 3097.21it/s]
 47%|████▋     | 4180/8810 [00:01<00:01, 3212.72it/s]
 52%|█████▏    | 4580/8810 [00:01<00:01, 3429.08it/s]
 56%|█████▌    | 4926/8810 [00:01<00:01, 3226.48it/s]
 60%|█████▉    | 5252/8810 [00:01<00:01, 3194.95it/s]
 63%|██████▎   | 5574/8810 [00:01<00:01, 3067.48it/s]
 67%|██████▋   | 5883/8810 [00:01<00:00, 3065.34it/s]
 70%|███████   | 6191/8810 [00:01<00:00, 3007.43it/s]
 74%|███████▍  | 6499/8810 [00:02<00:00, 3025.99it/s]
 79%|███████▉  | 6972/8810 [00:02<00:00, 3360.07it/s]
 83%|████████▎ | 7350/8810 [00:02<00:00, 3477.25it/s]
 87%|████████▋ | 7698/8810 [00:02<00:00, 3350.96it/s]
 91%|█████████ | 8034/8810 [00:02<00:00, 3174.59it/s]
 95%|█████████▍| 8353/8810 [00:02<00:00, 3109.56it/s]
 98%|█████████▊| 8665/8810 [00:02<00:00, 3096.33it/s]
100%|██████████| 8810/8810 [00:02<00:00, 3154.36it/s]
