
  0%|          | 0/8810 [00:00<?, ?it/s]
  2%|▏         | 171/8810 [00:00<00:05, 1706.34it/s]
  4%|▍         | 342/8810 [00:00<00:06, 1389.15it/s]
  6%|▋         | 565/8810 [00:00<00:04, 1726.31it/s]
  8%|▊         | 744/8810 [00:00<00:05, 1505.58it/s]
 10%|█         | 902/8810 [00:00<00:06, 1308.70it/s]
 12%|█▏        | 1040/8810 [00:00<00:06, 1266.22it/s]
 14%|█▎        | 1201/8810 [00:00<00:05, 1358.28it/s]
 15%|█▌        | 1363/8810 [00:00<00:05, 1430.84it/s]
 17%|█▋        | 1511/8810 [00:01<00:05, 1345.86it/s]
 19%|█▉        | 1659/8810 [00:01<00:05, 1381.12it/s]
 21%|██        | 1814/8810 [00:01<00:04, 1423.82it/s]
 22%|██▏       | 1959/8810 [00:01<00:05, 1184.04it/s]
 24%|██▍       | 2129/8810 [00:01<00:05, 1310.29it/s]
 26%|██▌       | 2268/8810 [00:01<00:05, 1138.51it/s]
 28%|██▊       | 2460/8810 [00:01<00:04, 1329.06it/s]
 30%|███       | 2653/8810 [00:01<00:04, 1474.65it/s]
 32%|███▏      | 2810/8810 [00:02<00:04, 1339.96it/s]
 34%|███▎      | 2965/8810 [00:02<00:04, 1389.47it/s]
 35%|███▌      | 3111/8810 [00:02<00:04, 1292.28it/s]
 37%|███▋      | 3246/8810 [00:02<00:04, 1287.93it/s]
 39%|███▊      | 3408/8810 [00:02<00:03, 1373.45it/s]
 40%|████      | 3549/8810 [00:02<00:03, 1317.29it/s]
 42%|████▏     | 3728/8810 [00:02<00:03, 1444.96it/s]
 44%|████▍     | 3876/8810 [00:02<00:03, 1264.66it/s]
 46%|████▌     | 4047/8810 [00:02<00:03, 1375.19it/s]
 48%|████▊     | 4191/8810 [00:03<00:03, 1282.30it/s]
 49%|████▉     | 4324/8810 [00:03<00:03, 1255.68it/s]
 51%|█████     | 4453/8810 [00:03<00:03, 1131.08it/s]
 52%|█████▏    | 4570/8810 [00:03<00:04, 964.56it/s] 
 53%|█████▎    | 4673/8810 [00:03<00:04, 854.74it/s]
 54%|█████▍    | 4764/8810 [00:03<00:04, 816.18it/s]
 55%|█████▌    | 4849/8810 [00:03<00:05, 784.26it/s]
 56%|█████▌    | 4930/8810 [00:04<00:05, 762.66it/s]
 57%|█████▋    | 5008/8810 [00:04<00:05, 729.46it/s]
 58%|█████▊    | 5082/8810 [00:04<00:05, 719.82it/s]
 59%|█████▊    | 5173/8810 [00:04<00:04, 768.36it/s]
 60%|█████▉    | 5265/8810 [00:04<00:04, 808.83it/s]
 61%|██████    | 5347/8810 [00:04<00:04, 809.06it/s]
 62%|██████▏   | 5429/8810 [00:04<00:04, 749.31it/s]
 63%|██████▎   | 5522/8810 [00:04<00:04, 796.79it/s]
 64%|██████▍   | 5626/8810 [00:04<00:03, 862.34it/s]
 65%|██████▍   | 5725/8810 [00:05<00:03, 897.03it/s]
 66%|██████▌   | 5816/8810 [00:05<00:03, 837.31it/s]
 67%|██████▋   | 5902/8810 [00:05<00:03, 760.16it/s]
 68%|██████▊   | 5981/8810 [00:05<00:03, 757.04it/s]
 69%|██████▉   | 6059/8810 [00:05<00:03, 717.14it/s]
 70%|██████▉   | 6143/8810 [00:05<00:03, 744.45it/s]
 71%|███████   | 6230/8810 [00:05<00:03, 773.59it/s]
 72%|███████▏  | 6329/8810 [00:05<00:02, 834.08it/s]
 73%|███████▎  | 6414/8810 [00:05<00:03, 747.60it/s]
 74%|███████▎  | 6492/8810 [00:06<00:03, 713.54it/s]
 75%|███████▍  | 6586/8810 [00:06<00:02, 769.47it/s]
 76%|███████▌  | 6701/8810 [00:06<00:02, 872.03it/s]
 77%|███████▋  | 6791/8810 [00:06<00:02, 851.49it/s]
 78%|███████▊  | 6887/8810 [00:06<00:02, 879.78it/s]
 79%|███████▉  | 6977/8810 [00:06<00:02, 797.95it/s]
 80%|████████  | 7081/8810 [00:06<00:02, 861.82it/s]
 81%|████████▏ | 7170/8810 [00:06<00:02, 818.89it/s]
 82%|████████▏ | 7260/8810 [00:06<00:01, 840.03it/s]
 84%|████████▎ | 7359/8810 [00:07<00:01, 880.66it/s]
 85%|████████▍ | 7449/8810 [00:07<00:01, 807.05it/s]
 85%|████████▌ | 7532/8810 [00:07<00:01, 701.69it/s]
 87%|████████▋ | 7632/8810 [00:07<00:01, 773.16it/s]
 88%|████████▊ | 7714/8810 [00:07<00:01, 775.00it/s]
 88%|████████▊ | 7795/8810 [00:07<00:01, 693.22it/s]
 89%|████████▉ | 7868/8810 [00:07<00:01, 662.73it/s]
 90%|█████████ | 7952/8810 [00:07<00:01, 703.83it/s]
 91%|█████████ | 8032/8810 [00:08<00:01, 723.60it/s]
 92%|█████████▏| 8107/8810 [00:08<00:01, 647.95it/s]
 93%|█████████▎| 8175/8810 [00:08<00:01, 615.56it/s]
 94%|█████████▎| 8239/8810 [00:08<00:00, 586.75it/s]
 94%|█████████▍| 8324/8810 [00:08<00:00, 653.26it/s]
 95%|█████████▌| 8392/8810 [00:08<00:00, 606.01it/s]
 96%|█████████▌| 8469/8810 [00:08<00:00, 646.11it/s]
 97%|█████████▋| 8545/8810 [00:08<00:00, 675.71it/s]
 98%|█████████▊| 8624/8810 [00:08<00:00, 700.19it/s]
 99%|█████████▉| 8702/8810 [00:09<00:00, 656.90it/s]
100%|█████████▉| 8803/8810 [00:09<00:00, 750.18it/s]
100%|██████████| 8810/8810 [00:09<00:00, 954.02it/s]
