
  0%|          | 0/8810 [00:00<?, ?it/s]
  2%|▏         | 181/8810 [00:00<00:04, 1772.77it/s]
  6%|▌         | 488/8810 [00:00<00:03, 2523.99it/s]
  8%|▊         | 741/8810 [00:00<00:03, 2228.37it/s]
 11%|█         | 980/8810 [00:00<00:03, 2286.44it/s]
 14%|█▍        | 1212/8810 [00:00<00:03, 2216.37it/s]
 17%|█▋        | 1457/8810 [00:00<00:03, 2104.71it/s]
 20%|█▉        | 1738/8810 [00:00<00:03, 2310.92it/s]
 22%|██▏       | 1973/8810 [00:00<00:03, 2238.92it/s]
 26%|██▌       | 2263/8810 [00:01<00:02, 2277.14it/s]
 29%|██▉       | 2594/8810 [00:01<00:02, 2556.58it/s]
 32%|███▏      | 2854/8810 [00:01<00:02, 2453.57it/s]
 35%|███▌      | 3103/8810 [00:01<00:02, 2315.88it/s]
 38%|███▊      | 3379/8810 [00:01<00:02, 2435.21it/s]
 41%|████      | 3626/8810 [00:01<00:02, 2276.75it/s]
 44%|████▍     | 3858/8810 [00:01<00:02, 2232.35it/s]
 47%|████▋     | 4175/8810 [00:01<00:01, 2483.94it/s]
 50%|█████     | 4428/8810 [00:01<00:01, 2349.15it/s]
 53%|█████▎    | 4667/8810 [00:02<00:01, 2168.65it/s]
 55%|█████▌    | 4889/8810 [00:02<00:01, 2058.64it/s]
 58%|█████▊    | 5099/8810 [00:02<00:01, 1981.61it/s]
 61%|██████    | 5372/8810 [00:02<00:01, 2083.14it/s]
 65%|██████▍   | 5696/8810 [00:02<00:01, 2388.43it/s]
 67%|██████▋   | 5940/8810 [00:02<00:01, 2131.25it/s]
 70%|██████▉   | 6161/8810 [00:02<00:01, 2113.48it/s]
 73%|███████▎  | 6400/8810 [00:02<00:01, 2138.01it/s]
 76%|███████▋  | 6728/8810 [00:02<00:00, 2445.18it/s]
 79%|███████▉  | 6979/8810 [00:03<00:00, 2339.23it/s]
 82%|████████▏ | 7218/8810 [00:03<00:00, 2186.61it/s]
 84%|████████▍ | 7442/8810 [00:03<00:00, 2145.87it/s]
 87%|████████▋ | 7660/8810 [00:03<00:00, 2124.79it/s]
 89%|████████▉ | 7875/8810 [00:03<00:00, 1932.35it/s]
 92%|█████████▏| 8073/8810 [00:03<00:00, 1851.94it/s]
 94%|█████████▍| 8317/8810 [00:03<00:00, 2005.09it/s]
 97%|█████████▋| 8522/8810 [00:03<00:00, 1964.08it/s]
 99%|█████████▉| 8722/8810 [00:04<00:00, 1860.55it/s]
100%|██████████| 8810/8810 [00:04<00:00, 2180.44it/s]
