
  0%|          | 0/8810 [00:00<?, ?it/s]
  2%|▏         | 181/8810 [00:00<00:06, 1406.03it/s]
  4%|▍         | 393/8810 [00:00<00:04, 1780.54it/s]
  7%|▋         | 608/8810 [00:00<00:04, 1931.40it/s]
  9%|▉         | 805/8810 [00:00<00:04, 1626.08it/s]
 11%|█         | 976/8810 [00:00<00:05, 1466.96it/s]
 13%|█▎        | 1129/8810 [00:00<00:05, 1422.07it/s]
 15%|█▍        | 1284/8810 [00:00<00:05, 1454.39it/s]
 17%|█▋        | 1457/8810 [00:00<00:05, 1366.39it/s]
 19%|█▊        | 1634/8810 [00:01<00:04, 1473.23it/s]
 21%|██        | 1809/8810 [00:01<00:04, 1546.39it/s]
 22%|██▏       | 1968/8810 [00:01<00:04, 1397.65it/s]
 25%|██▌       | 2204/8810 [00:01<00:03, 1652.61it/s]
 27%|██▋       | 2377/8810 [00:01<00:04, 1541.24it/s]
 30%|██▉       | 2628/8810 [00:01<00:03, 1795.97it/s]
 32%|███▏      | 2816/8810 [00:01<00:03, 1664.26it/s]
 34%|███▍      | 3013/8810 [00:01<00:03, 1741.94it/s]
 36%|███▌      | 3193/8810 [00:02<00:03, 1641.81it/s]
 39%|███▊      | 3392/8810 [00:02<00:03, 1728.54it/s]
 41%|████      | 3570/8810 [00:02<00:03, 1641.64it/s]
 43%|████▎     | 3774/8810 [00:02<00:03, 1609.83it/s]
 45%|████▌     | 3973/8810 [00:02<00:02, 1705.09it/s]
 47%|████▋     | 4180/8810 [00:02<00:02, 1677.28it/s]
 50%|████▉     | 4394/8810 [00:02<00:02, 1795.01it/s]
 52%|█████▏    | 4577/8810 [00:02<00:02, 1735.45it/s]
 54%|█████▍    | 4753/8810 [00:02<00:02, 1577.42it/s]
 56%|█████▌    | 4919/8810 [00:03<00:02, 1596.45it/s]
 58%|█████▊    | 5082/8810 [00:03<00:02, 1453.08it/s]
 60%|██████    | 5297/8810 [00:03<00:02, 1631.67it/s]
 62%|██████▏   | 5466/8810 [00:03<00:02, 1547.97it/s]
 65%|██████▍   | 5686/8810 [00:03<00:01, 1720.97it/s]
 67%|██████▋   | 5864/8810 [00:03<00:01, 1541.11it/s]
 68%|██████▊   | 6025/8810 [00:03<00:01, 1487.02it/s]
 70%|███████   | 6179/8810 [00:03<00:01, 1446.44it/s]
 72%|███████▏  | 6358/8810 [00:03<00:01, 1533.66it/s]
 74%|███████▍  | 6515/8810 [00:04<00:01, 1466.36it/s]
 77%|███████▋  | 6763/8810 [00:04<00:01, 1738.37it/s]
 79%|███████▉  | 6969/8810 [00:04<00:01, 1819.16it/s]
 81%|████████  | 7155/8810 [00:04<00:01, 1586.03it/s]
 83%|████████▎ | 7343/8810 [00:04<00:00, 1662.04it/s]
 85%|████████▌ | 7516/8810 [00:04<00:00, 1512.79it/s]
 88%|████████▊ | 7713/8810 [00:04<00:00, 1628.24it/s]
 89%|████████▉ | 7883/8810 [00:04<00:00, 1390.31it/s]
 91%|█████████ | 8032/8810 [00:05<00:00, 1392.06it/s]
 93%|█████████▎| 8178/8810 [00:05<00:00, 1330.13it/s]
 95%|█████████▍| 8339/8810 [00:05<00:00, 1401.55it/s]
 96%|█████████▋| 8484/8810 [00:05<00:00, 1367.05it/s]
 98%|█████████▊| 8655/8810 [00:05<00:00, 1458.04it/s]
100%|█████████▉| 8804/8810 [00:05<00:00, 1404.71it/s]
100%|██████████| 8810/8810 [00:05<00:00, 1560.04it/s]
