
  0%|          | 0/8810 [00:00<?, ?it/s]
  2%|▏         | 200/8810 [00:00<00:04, 1988.88it/s]
  6%|▌         | 542/8810 [00:00<00:02, 2828.56it/s]
  9%|▉         | 826/8810 [00:00<00:03, 2450.10it/s]
 12%|█▏        | 1077/8810 [00:00<00:03, 2270.02it/s]
 15%|█▌        | 1326/8810 [00:00<00:03, 2339.92it/s]
 18%|█▊        | 1564/8810 [00:00<00:03, 2172.00it/s]
 21%|██        | 1821/8810 [00:00<00:03, 2208.89it/s]
 24%|██▎       | 2075/8810 [00:00<00:02, 2303.61it/s]
 26%|██▌       | 2309/8810 [00:01<00:02, 2252.91it/s]
 30%|███       | 2653/8810 [00:01<00:02, 2593.77it/s]
 33%|███▎      | 2916/8810 [00:01<00:02, 2288.76it/s]
 36%|███▌      | 3154/8810 [00:01<00:02, 2127.74it/s]
 38%|███▊      | 3374/8810 [00:01<00:02, 2130.97it/s]
 41%|████      | 3592/8810 [00:01<00:02, 2031.39it/s]
 43%|████▎     | 3800/8810 [00:01<00:02, 2044.02it/s]
 47%|████▋     | 4122/8810 [00:01<00:01, 2367.13it/s]
 50%|████▉     | 4364/8810 [00:01<00:02, 2149.39it/s]
 52%|█████▏    | 4625/8810 [00:02<00:01, 2184.17it/s]
 55%|█████▌    | 4865/8810 [00:02<00:01, 2238.44it/s]
 58%|█████▊    | 5093/8810 [00:02<00:01, 2151.99it/s]
 61%|██████    | 5372/8810 [00:02<00:01, 2162.87it/s]
 64%|██████▎   | 5599/8810 [00:02<00:01, 2185.79it/s]
 66%|██████▌   | 5820/8810 [00:02<00:01, 2156.44it/s]
 69%|██████▊   | 6037/8810 [00:02<00:01, 1945.90it/s]
 72%|███████▏  | 6305/8810 [00:02<00:01, 2138.22it/s]
 74%|███████▍  | 6524/8810 [00:02<00:01, 2057.94it/s]
 78%|███████▊  | 6904/8810 [00:03<00:00, 2525.81it/s]
 81%|████████▏ | 7164/8810 [00:03<00:00, 2356.49it/s]
 84%|████████▍ | 7407/8810 [00:03<00:00, 2286.20it/s]
 87%|████████▋ | 7641/8810 [00:03<00:00, 2293.13it/s]
 89%|████████▉ | 7874/8810 [00:03<00:00, 2049.02it/s]
 92%|█████████▏| 8086/8810 [00:03<00:00, 1942.05it/s]
 95%|█████████▍| 8328/8810 [00:03<00:00, 2064.12it/s]
 97%|█████████▋| 8540/8810 [00:03<00:00, 2042.46it/s]
 99%|█████████▉| 8748/8810 [00:04<00:00, 1919.52it/s]
100%|██████████| 8810/8810 [00:04<00:00, 2179.02it/s]
