
  0%|          | 0/8810 [00:00<?, ?it/s]
  2%|▏         | 165/8810 [00:00<00:05, 1632.18it/s]
  4%|▎         | 329/8810 [00:00<00:05, 1437.08it/s]
  6%|▌         | 529/8810 [00:00<00:04, 1669.97it/s]
  8%|▊         | 699/8810 [00:00<00:05, 1559.51it/s]
 10%|█         | 886/8810 [00:00<00:04, 1661.00it/s]
 12%|█▏        | 1055/8810 [00:00<00:05, 1534.41it/s]
 14%|█▍        | 1265/8810 [00:00<00:04, 1699.87it/s]
 17%|█▋        | 1457/8810 [00:00<00:04, 1579.90it/s]
 19%|█▉        | 1660/8810 [00:01<00:04, 1699.93it/s]
 21%|██        | 1835/8810 [00:01<00:04, 1658.81it/s]
 23%|██▎       | 2049/8810 [00:01<00:03, 1793.48it/s]
 26%|██▌       | 2263/8810 [00:01<00:03, 1675.48it/s]
 28%|██▊       | 2477/8810 [00:01<00:03, 1788.73it/s]
 31%|███       | 2696/8810 [00:01<00:03, 1897.69it/s]
 33%|███▎      | 2890/8810 [00:01<00:03, 1729.30it/s]
 35%|███▍      | 3069/8810 [00:01<00:03, 1620.52it/s]
 37%|███▋      | 3239/8810 [00:01<00:03, 1637.04it/s]
 39%|███▊      | 3410/8810 [00:02<00:03, 1537.02it/s]
 41%|████      | 3627/8810 [00:02<00:03, 1703.00it/s]
 43%|████▎     | 3802/8810 [00:02<00:03, 1664.11it/s]
 46%|████▌     | 4034/8810 [00:02<00:02, 1844.14it/s]
 48%|████▊     | 4223/8810 [00:02<00:02, 1772.11it/s]
 51%|█████     | 4459/8810 [00:02<00:02, 1934.54it/s]
 53%|█████▎    | 4656/8810 [00:02<00:02, 1736.56it/s]
 55%|█████▍    | 4836/8810 [00:02<00:02, 1745.78it/s]
 57%|█████▋    | 5015/8810 [00:02<00:02, 1590.98it/s]
 59%|█████▉    | 5224/8810 [00:03<00:02, 1719.71it/s]
 61%|██████▏   | 5402/8810 [00:03<00:02, 1627.14it/s]
 64%|██████▍   | 5626/8810 [00:03<00:01, 1786.05it/s]
 66%|██████▌   | 5810/8810 [00:03<00:01, 1706.73it/s]
 68%|██████▊   | 5985/8810 [00:03<00:01, 1628.93it/s]
 70%|██████▉   | 6151/8810 [00:03<00:01, 1468.88it/s]
 72%|███████▏  | 6333/8810 [00:03<00:01, 1558.81it/s]
 74%|███████▎  | 6494/8810 [00:03<00:01, 1487.61it/s]
 76%|███████▋  | 6725/8810 [00:04<00:01, 1702.83it/s]
 79%|███████▊  | 6931/8810 [00:04<00:01, 1799.86it/s]
 81%|████████  | 7116/8810 [00:04<00:01, 1598.75it/s]
 83%|████████▎ | 7307/8810 [00:04<00:00, 1679.71it/s]
 85%|████████▍ | 7481/8810 [00:04<00:00, 1552.76it/s]
 87%|████████▋ | 7669/8810 [00:04<00:00, 1635.62it/s]
 89%|████████▉ | 7838/8810 [00:04<00:00, 1493.86it/s]
 91%|█████████ | 8035/8810 [00:04<00:00, 1613.99it/s]
 93%|█████████▎| 8202/8810 [00:04<00:00, 1493.21it/s]
 95%|█████████▍| 8361/8810 [00:05<00:00, 1439.06it/s]
 97%|█████████▋| 8583/8810 [00:05<00:00, 1642.35it/s]
 99%|█████████▉| 8753/8810 [00:05<00:00, 1524.13it/s]
100%|██████████| 8810/8810 [00:05<00:00, 1648.22it/s]
