
  0%|          | 0/8810 [00:00<?, ?it/s]
  2%|▏         | 189/8810 [00:00<00:04, 1884.65it/s]
  7%|▋         | 578/8810 [00:00<00:02, 3062.73it/s]
 10%|█         | 885/8810 [00:00<00:02, 2731.50it/s]
 13%|█▎        | 1163/8810 [00:00<00:02, 2704.62it/s]
 16%|█▋        | 1436/8810 [00:00<00:02, 2688.22it/s]
 19%|█▉        | 1707/8810 [00:00<00:02, 2468.12it/s]
 22%|██▏       | 1958/8810 [00:00<00:02, 2308.18it/s]
 26%|██▌       | 2258/8810 [00:00<00:02, 2502.57it/s]
 29%|██▉       | 2561/8810 [00:00<00:02, 2654.65it/s]
 32%|███▏      | 2831/8810 [00:01<00:02, 2507.51it/s]
 35%|███▌      | 3086/8810 [00:01<00:02, 2246.96it/s]
 38%|███▊      | 3366/8810 [00:01<00:02, 2392.70it/s]
 41%|████      | 3613/8810 [00:01<00:02, 2390.04it/s]
 44%|████▍     | 3857/8810 [00:01<00:02, 2375.33it/s]
 47%|████▋     | 4166/8810 [00:01<00:01, 2577.28it/s]
 50%|█████     | 4437/8810 [00:01<00:01, 2615.32it/s]
 53%|█████▎    | 4702/8810 [00:01<00:01, 2407.41it/s]
 56%|█████▌    | 4948/8810 [00:02<00:01, 2351.00it/s]
 60%|█████▉    | 5268/8810 [00:02<00:01, 2580.62it/s]
 63%|██████▎   | 5531/8810 [00:02<00:01, 2330.87it/s]
 66%|██████▌   | 5771/8810 [00:02<00:01, 2221.41it/s]
 68%|██████▊   | 5999/8810 [00:02<00:01, 2176.05it/s]
 71%|███████   | 6242/8810 [00:02<00:01, 2243.89it/s]
 73%|███████▎  | 6470/8810 [00:02<00:01, 2239.76it/s]
 78%|███████▊  | 6875/8810 [00:02<00:00, 2750.56it/s]
 81%|████████  | 7155/8810 [00:02<00:00, 2525.84it/s]
 84%|████████▍ | 7430/8810 [00:03<00:00, 2584.75it/s]
 88%|████████▊ | 7715/8810 [00:03<00:00, 2497.55it/s]
 91%|█████████ | 7977/8810 [00:03<00:00, 2529.15it/s]
 93%|█████████▎| 8234/8810 [00:03<00:00, 2357.67it/s]
 96%|█████████▌| 8474/8810 [00:03<00:00, 2319.38it/s]
 99%|█████████▉| 8709/8810 [00:03<00:00, 2318.41it/s]
100%|██████████| 8810/8810 [00:03<00:00, 2446.93it/s]
