
  0%|          | 0/8810 [00:00<?, ?it/s]
  2%|▏         | 181/8810 [00:00<00:05, 1613.47it/s]
  6%|▋         | 568/8810 [00:00<00:02, 2869.04it/s]
 10%|▉         | 861/8810 [00:00<00:02, 2857.61it/s]
 13%|█▎        | 1169/8810 [00:00<00:02, 2935.65it/s]
 17%|█▋        | 1465/8810 [00:00<00:02, 2893.35it/s]
 21%|██        | 1821/8810 [00:00<00:02, 2964.73it/s]
 25%|██▌       | 2205/8810 [00:00<00:02, 3236.65it/s]
 29%|██▊       | 2531/8810 [00:00<00:01, 3201.39it/s]
 32%|███▏      | 2853/8810 [00:00<00:01, 3133.84it/s]
 36%|███▌      | 3168/8810 [00:01<00:01, 3055.49it/s]
 39%|███▉      | 3475/8810 [00:01<00:01, 2949.78it/s]
 43%|████▎     | 3813/8810 [00:01<00:01, 3072.84it/s]
 47%|████▋     | 4180/8810 [00:01<00:01, 3117.03it/s]
 52%|█████▏    | 4571/8810 [00:01<00:01, 3338.71it/s]
 56%|█████▌    | 4907/8810 [00:01<00:01, 2965.39it/s]
 59%|█████▉    | 5212/8810 [00:01<00:01, 2924.56it/s]
 63%|██████▎   | 5522/8810 [00:01<00:01, 2971.19it/s]
 66%|██████▌   | 5830/8810 [00:01<00:00, 2999.42it/s]
 70%|██████▉   | 6134/8810 [00:02<00:00, 2776.91it/s]
 73%|███████▎  | 6417/8810 [00:02<00:00, 2778.86it/s]
 77%|███████▋  | 6817/8810 [00:02<00:00, 3115.28it/s]
 81%|████████  | 7134/8810 [00:02<00:00, 3052.86it/s]
 85%|████████▍ | 7445/8810 [00:02<00:00, 3066.73it/s]
 88%|████████▊ | 7755/8810 [00:02<00:00, 2913.67it/s]
 91%|█████████▏| 8050/8810 [00:02<00:00, 2777.78it/s]
 95%|█████████▍| 8361/8810 [00:02<00:00, 2760.91it/s]
 99%|█████████▉| 8702/8810 [00:02<00:00, 2802.09it/s]
100%|██████████| 8810/8810 [00:02<00:00, 2959.98it/s]
