
  0%|          | 0/8810 [00:00<?, ?it/s]
  2%|▏         | 181/8810 [00:00<00:06, 1419.85it/s]
  5%|▍         | 409/8810 [00:00<00:04, 1861.93it/s]
  7%|▋         | 647/8810 [00:00<00:03, 2082.40it/s]
 10%|▉         | 860/8810 [00:00<00:04, 1802.96it/s]
 12%|█▏        | 1048/8810 [00:00<00:04, 1706.83it/s]
 15%|█▍        | 1280/8810 [00:00<00:03, 1888.01it/s]
 17%|█▋        | 1475/8810 [00:00<00:04, 1686.16it/s]
 19%|█▉        | 1676/8810 [00:00<00:04, 1774.69it/s]
 21%|██        | 1860/8810 [00:01<00:04, 1657.37it/s]
 24%|██▍       | 2113/8810 [00:01<00:03, 1891.53it/s]
 26%|██▌       | 2309/8810 [00:01<00:03, 1741.73it/s]
 29%|██▉       | 2549/8810 [00:01<00:03, 1916.11it/s]
 31%|███       | 2748/8810 [00:01<00:03, 1798.48it/s]
 33%|███▎      | 2937/8810 [00:01<00:03, 1817.67it/s]
 35%|███▌      | 3123/8810 [00:01<00:03, 1702.75it/s]
 37%|███▋      | 3298/8810 [00:01<00:03, 1689.18it/s]
 39%|███▉      | 3470/8810 [00:01<00:03, 1641.15it/s]
 42%|████▏     | 3702/8810 [00:02<00:02, 1827.09it/s]
 44%|████▍     | 3888/8810 [00:02<00:02, 1724.90it/s]
 47%|████▋     | 4112/8810 [00:02<00:02, 1863.41it/s]
 49%|████▉     | 4302/8810 [00:02<00:02, 1664.48it/s]
 51%|█████     | 4507/8810 [00:02<00:02, 1765.82it/s]
 53%|█████▎    | 4689/8810 [00:02<00:02, 1587.04it/s]
 55%|█████▌    | 4856/8810 [00:02<00:02, 1605.68it/s]
 57%|█████▋    | 5022/8810 [00:02<00:02, 1480.63it/s]
 59%|█████▉    | 5214/8810 [00:03<00:02, 1591.34it/s]
 61%|██████    | 5378/8810 [00:03<00:02, 1483.12it/s]
 63%|██████▎   | 5581/8810 [00:03<00:01, 1621.44it/s]
 65%|██████▌   | 5754/8810 [00:03<00:01, 1541.13it/s]
 67%|██████▋   | 5912/8810 [00:03<00:01, 1454.66it/s]
 69%|██████▉   | 6061/8810 [00:03<00:02, 1367.63it/s]
 71%|███████   | 6220/8810 [00:03<00:01, 1423.45it/s]
 72%|███████▏  | 6384/8810 [00:03<00:01, 1479.37it/s]
 74%|███████▍  | 6535/8810 [00:03<00:01, 1337.63it/s]
 77%|███████▋  | 6750/8810 [00:04<00:01, 1544.98it/s]
 79%|███████▊  | 6920/8810 [00:04<00:01, 1587.20it/s]
 80%|████████  | 7083/8810 [00:04<00:01, 1433.05it/s]
 82%|████████▏ | 7248/8810 [00:04<00:01, 1488.91it/s]
 84%|████████▍ | 7402/8810 [00:04<00:00, 1419.05it/s]
 86%|████████▌ | 7548/8810 [00:04<00:00, 1311.24it/s]
 88%|████████▊ | 7715/8810 [00:04<00:00, 1366.55it/s]
 89%|████████▉ | 7855/8810 [00:04<00:00, 1367.49it/s]
 91%|█████████ | 8028/8810 [00:04<00:00, 1459.93it/s]
 93%|█████████▎| 8177/8810 [00:05<00:00, 1284.75it/s]
 94%|█████████▍| 8318/8810 [00:05<00:00, 1311.87it/s]
 96%|█████████▌| 8453/8810 [00:05<00:00, 1239.72it/s]
 98%|█████████▊| 8641/8810 [00:05<00:00, 1407.82it/s]
100%|█████████▉| 8786/8810 [00:05<00:00, 1345.47it/s]
100%|██████████| 8810/8810 [00:05<00:00, 1572.42it/s]
