
  0%|          | 0/8810 [00:00<?, ?it/s]
  2%|▏         | 181/8810 [00:00<00:06, 1310.36it/s]
  5%|▍         | 408/8810 [00:00<00:04, 1797.14it/s]
  7%|▋         | 636/8810 [00:00<00:04, 1994.78it/s]
 10%|▉         | 842/8810 [00:00<00:04, 1661.62it/s]
 12%|█▏        | 1018/8810 [00:00<00:05, 1542.13it/s]
 14%|█▍        | 1220/8810 [00:00<00:04, 1674.96it/s]
 16%|█▌        | 1408/8810 [00:00<00:04, 1732.04it/s]
 18%|█▊        | 1587/8810 [00:00<00:04, 1563.09it/s]
 20%|██        | 1785/8810 [00:01<00:04, 1672.44it/s]
 22%|██▏       | 1958/8810 [00:01<00:04, 1520.32it/s]
 25%|██▍       | 2179/8810 [00:01<00:03, 1699.07it/s]
 27%|██▋       | 2356/8810 [00:01<00:04, 1480.96it/s]
 29%|██▉       | 2554/8810 [00:01<00:03, 1605.88it/s]
 31%|███       | 2744/8810 [00:01<00:03, 1574.81it/s]
 33%|███▎      | 2908/8810 [00:01<00:03, 1562.72it/s]
 35%|███▍      | 3069/8810 [00:01<00:04, 1425.29it/s]
 37%|███▋      | 3238/8810 [00:02<00:03, 1488.46it/s]
 39%|███▊      | 3410/8810 [00:02<00:03, 1407.57it/s]
 41%|████      | 3612/8810 [00:02<00:03, 1561.17it/s]
 43%|████▎     | 3774/8810 [00:02<00:03, 1450.52it/s]
 45%|████▌     | 3972/8810 [00:02<00:03, 1583.51it/s]
 47%|████▋     | 4180/8810 [00:02<00:02, 1574.14it/s]
 50%|█████     | 4407/8810 [00:02<00:02, 1754.03it/s]
 52%|█████▏    | 4588/8810 [00:02<00:02, 1658.89it/s]
 54%|█████▍    | 4758/8810 [00:03<00:02, 1462.99it/s]
 56%|█████▌    | 4911/8810 [00:03<00:02, 1467.09it/s]
 57%|█████▋    | 5062/8810 [00:03<00:02, 1296.59it/s]
 59%|█████▉    | 5219/8810 [00:03<00:02, 1359.32it/s]
 61%|██████    | 5372/8810 [00:03<00:02, 1326.56it/s]
 63%|██████▎   | 5546/8810 [00:03<00:02, 1433.87it/s]
 65%|██████▌   | 5754/8810 [00:03<00:02, 1473.49it/s]
 67%|██████▋   | 5904/8810 [00:03<00:02, 1434.17it/s]
 69%|██████▊   | 6049/8810 [00:03<00:02, 1367.33it/s]
 71%|███████   | 6223/8810 [00:04<00:01, 1461.45it/s]
 73%|███████▎  | 6400/8810 [00:04<00:01, 1418.42it/s]
 75%|███████▍  | 6595/8810 [00:04<00:01, 1557.66it/s]
 78%|███████▊  | 6855/8810 [00:04<00:01, 1842.23it/s]
 80%|███████▉  | 7045/8810 [00:04<00:01, 1687.62it/s]
 82%|████████▏ | 7220/8810 [00:04<00:00, 1629.30it/s]
 84%|████████▍ | 7387/8810 [00:04<00:00, 1568.33it/s]
 86%|████████▌ | 7547/8810 [00:04<00:00, 1501.63it/s]
 88%|████████▊ | 7715/8810 [00:05<00:00, 1437.13it/s]
 90%|████████▉ | 7885/8810 [00:05<00:00, 1501.22it/s]
 91%|█████████ | 8038/8810 [00:05<00:00, 1369.48it/s]
 93%|█████████▎| 8197/8810 [00:05<00:00, 1422.91it/s]
 95%|█████████▍| 8359/8810 [00:05<00:00, 1474.86it/s]
 97%|█████████▋| 8510/8810 [00:05<00:00, 1304.21it/s]
 99%|█████████▊| 8689/8810 [00:05<00:00, 1428.73it/s]
100%|██████████| 8810/8810 [00:05<00:00, 1512.42it/s]
