
  0%|          | 0/8810 [00:00<?, ?it/s]
  2%|▏         | 165/8810 [00:00<00:05, 1641.69it/s]
  4%|▎         | 330/8810 [00:00<00:06, 1308.55it/s]
  5%|▌         | 465/8810 [00:00<00:06, 1318.59it/s]
  7%|▋         | 618/8810 [00:00<00:05, 1391.46it/s]
  9%|▊         | 760/8810 [00:00<00:06, 1280.73it/s]
 10%|█         | 910/8810 [00:00<00:05, 1346.13it/s]
 12%|█▏        | 1054/8810 [00:00<00:05, 1373.44it/s]
 14%|█▍        | 1232/8810 [00:00<00:05, 1491.47it/s]
 16%|█▌        | 1400/8810 [00:00<00:04, 1542.01it/s]
 18%|█▊        | 1556/8810 [00:01<00:05, 1443.85it/s]
 20%|█▉        | 1748/8810 [00:01<00:04, 1577.48it/s]
 22%|██▏       | 1908/8810 [00:01<00:04, 1400.26it/s]
 24%|██▍       | 2119/8810 [00:01<00:04, 1585.44it/s]
 26%|██▌       | 2284/8810 [00:01<00:04, 1439.53it/s]
 28%|██▊       | 2501/8810 [00:01<00:03, 1627.91it/s]
 31%|███       | 2719/8810 [00:01<00:03, 1771.01it/s]
 33%|███▎      | 2903/8810 [00:01<00:03, 1559.62it/s]
 35%|███▍      | 3068/8810 [00:02<00:03, 1462.40it/s]
 37%|███▋      | 3233/8810 [00:02<00:03, 1508.14it/s]
 39%|███▊      | 3401/8810 [00:02<00:03, 1546.36it/s]
 40%|████      | 3560/8810 [00:02<00:03, 1405.46it/s]
 42%|████▏     | 3733/8810 [00:02<00:03, 1487.16it/s]
 44%|████▍     | 3887/8810 [00:02<00:03, 1417.19it/s]
 47%|████▋     | 4097/8810 [00:02<00:02, 1593.27it/s]
 48%|████▊     | 4261/8810 [00:02<00:03, 1503.12it/s]
 51%|█████     | 4451/8810 [00:02<00:02, 1603.40it/s]
 52%|█████▏    | 4625/8810 [00:03<00:02, 1482.81it/s]
 54%|█████▍    | 4782/8810 [00:03<00:02, 1504.48it/s]
 56%|█████▌    | 4936/8810 [00:03<00:02, 1371.30it/s]
 58%|█████▊    | 5123/8810 [00:03<00:02, 1498.50it/s]
 60%|██████    | 5315/8810 [00:03<00:02, 1611.68it/s]
 62%|██████▏   | 5481/8810 [00:03<00:02, 1476.28it/s]
 65%|██████▍   | 5701/8810 [00:03<00:01, 1666.25it/s]
 67%|██████▋   | 5874/8810 [00:03<00:01, 1494.88it/s]
 68%|██████▊   | 6031/8810 [00:04<00:01, 1442.21it/s]
 70%|███████   | 6180/8810 [00:04<00:01, 1333.84it/s]
 72%|███████▏  | 6378/8810 [00:04<00:01, 1493.81it/s]
 74%|███████▍  | 6533/8810 [00:04<00:01, 1393.21it/s]
 77%|███████▋  | 6776/8810 [00:04<00:01, 1659.20it/s]
 79%|███████▉  | 6967/8810 [00:04<00:01, 1725.80it/s]
 81%|████████  | 7146/8810 [00:04<00:01, 1492.49it/s]
 83%|████████▎ | 7305/8810 [00:04<00:00, 1517.11it/s]
 85%|████████▍ | 7464/8810 [00:05<00:00, 1411.51it/s]
 86%|████████▋ | 7614/8810 [00:05<00:00, 1431.03it/s]
 88%|████████▊ | 7762/8810 [00:05<00:00, 1312.22it/s]
 90%|████████▉ | 7928/8810 [00:05<00:00, 1402.35it/s]
 92%|█████████▏| 8073/8810 [00:05<00:00, 1243.22it/s]
 93%|█████████▎| 8217/8810 [00:05<00:00, 1292.37it/s]
 95%|█████████▍| 8361/8810 [00:05<00:00, 1279.81it/s]
 97%|█████████▋| 8503/8810 [00:05<00:00, 1317.13it/s]
 99%|█████████▊| 8689/8810 [00:05<00:00, 1462.28it/s]
100%|██████████| 8810/8810 [00:06<00:00, 1462.52it/s]
