
  0%|          | 0/8810 [00:00<?, ?it/s]
  2%|▏         | 181/8810 [00:00<00:05, 1669.49it/s]
  5%|▍         | 429/8810 [00:00<00:03, 2126.40it/s]
  7%|▋         | 656/8810 [00:00<00:04, 1951.03it/s]
 10%|▉         | 865/8810 [00:00<00:03, 1996.82it/s]
 12%|█▏        | 1067/8810 [00:00<00:04, 1913.69it/s]
 15%|█▍        | 1299/8810 [00:00<00:03, 2037.88it/s]
 17%|█▋        | 1505/8810 [00:00<00:03, 1862.65it/s]
 20%|█▉        | 1748/8810 [00:00<00:03, 2023.60it/s]
 22%|██▏       | 1955/8810 [00:01<00:03, 1833.92it/s]
 25%|██▌       | 2208/8810 [00:01<00:03, 2020.19it/s]
 27%|██▋       | 2417/8810 [00:01<00:03, 1877.13it/s]
 30%|███       | 2679/8810 [00:01<00:02, 2074.05it/s]
 33%|███▎      | 2893/8810 [00:01<00:03, 1897.86it/s]
 35%|███▌      | 3090/8810 [00:01<00:03, 1769.34it/s]
 37%|███▋      | 3278/8810 [00:01<00:03, 1797.29it/s]
 39%|███▉      | 3462/8810 [00:01<00:03, 1688.72it/s]
 42%|████▏     | 3687/8810 [00:01<00:02, 1834.02it/s]
 44%|████▍     | 3875/8810 [00:02<00:02, 1744.56it/s]
 47%|████▋     | 4153/8810 [00:02<00:02, 2021.38it/s]
 50%|████▉     | 4361/8810 [00:02<00:02, 1941.37it/s]
 52%|█████▏    | 4583/8810 [00:02<00:02, 2017.37it/s]
 54%|█████▍    | 4789/8810 [00:02<00:02, 1764.68it/s]
 56%|█████▋    | 4974/8810 [00:02<00:02, 1635.69it/s]
 59%|█████▉    | 5203/8810 [00:02<00:02, 1798.79it/s]
 61%|██████    | 5391/8810 [00:02<00:01, 1710.26it/s]
 64%|██████▍   | 5645/8810 [00:03<00:01, 1926.30it/s]
 66%|██████▋   | 5845/8810 [00:03<00:01, 1768.03it/s]
 68%|██████▊   | 6029/8810 [00:03<00:01, 1717.94it/s]
 70%|███████   | 6206/8810 [00:03<00:01, 1645.50it/s]
 73%|███████▎  | 6400/8810 [00:03<00:01, 1643.35it/s]
 75%|███████▌  | 6641/8810 [00:03<00:01, 1845.48it/s]
 79%|███████▊  | 6933/8810 [00:03<00:00, 2137.43it/s]
 81%|████████  | 7153/8810 [00:03<00:00, 1949.06it/s]
 84%|████████▎ | 7360/8810 [00:03<00:00, 1838.87it/s]
 86%|████████▌ | 7558/8810 [00:04<00:00, 1871.40it/s]
 88%|████████▊ | 7750/8810 [00:04<00:00, 1873.46it/s]
 90%|█████████ | 7957/8810 [00:04<00:00, 1924.56it/s]
 93%|█████████▎| 8152/8810 [00:04<00:00, 1772.62it/s]
 95%|█████████▍| 8361/8810 [00:04<00:00, 1697.61it/s]
 97%|█████████▋| 8574/8810 [00:04<00:00, 1809.10it/s]
 99%|█████████▉| 8759/8810 [00:04<00:00, 1701.84it/s]
100%|██████████| 8810/8810 [00:04<00:00, 1844.00it/s]
