
  0%|          | 0/8810 [00:00<?, ?it/s]
  2%|▏         | 181/8810 [00:00<00:06, 1294.55it/s]
  4%|▍         | 382/8810 [00:00<00:05, 1654.28it/s]
  7%|▋         | 588/8810 [00:00<00:04, 1822.37it/s]
  9%|▉         | 775/8810 [00:00<00:05, 1577.34it/s]
 11%|█         | 948/8810 [00:00<00:04, 1623.28it/s]
 13%|█▎        | 1116/8810 [00:00<00:05, 1516.68it/s]
 14%|█▍        | 1272/8810 [00:00<00:05, 1451.15it/s]
 16%|█▋        | 1447/8810 [00:00<00:04, 1534.24it/s]
 18%|█▊        | 1604/8810 [00:01<00:05, 1422.64it/s]
 20%|██        | 1796/8810 [00:01<00:04, 1558.64it/s]
 22%|██▏       | 1956/8810 [00:01<00:04, 1387.46it/s]
 24%|██▍       | 2152/8810 [00:01<00:04, 1534.70it/s]
 26%|██▌       | 2312/8810 [00:01<00:04, 1362.38it/s]
 28%|██▊       | 2478/8810 [00:01<00:04, 1435.46it/s]
 31%|███       | 2718/8810 [00:01<00:03, 1690.10it/s]
 33%|███▎      | 2895/8810 [00:01<00:03, 1558.93it/s]
 35%|███▍      | 3058/8810 [00:02<00:03, 1474.14it/s]
 37%|███▋      | 3238/8810 [00:02<00:03, 1556.86it/s]
 39%|███▊      | 3410/8810 [00:02<00:03, 1502.71it/s]
 41%|████      | 3610/8810 [00:02<00:03, 1632.51it/s]
 43%|████▎     | 3778/8810 [00:02<00:03, 1552.93it/s]
 45%|████▌     | 3973/8810 [00:02<00:02, 1658.99it/s]
 47%|████▋     | 4180/8810 [00:02<00:02, 1674.27it/s]
 50%|████▉     | 4389/8810 [00:02<00:02, 1787.27it/s]
 52%|█████▏    | 4571/8810 [00:02<00:02, 1794.48it/s]
 54%|█████▍    | 4753/8810 [00:03<00:02, 1564.76it/s]
 56%|█████▌    | 4932/8810 [00:03<00:02, 1472.71it/s]
 58%|█████▊    | 5114/8810 [00:03<00:02, 1555.42it/s]
 60%|██████    | 5304/8810 [00:03<00:02, 1644.42it/s]
 62%|██████▏   | 5474/8810 [00:03<00:02, 1590.13it/s]
 65%|██████▍   | 5694/8810 [00:03<00:01, 1749.41it/s]
 67%|██████▋   | 5873/8810 [00:03<00:01, 1562.79it/s]
 69%|██████▊   | 6036/8810 [00:03<00:01, 1413.54it/s]
 71%|███████   | 6230/8810 [00:03<00:01, 1543.16it/s]
 73%|███████▎  | 6400/8810 [00:04<00:01, 1477.79it/s]
 75%|███████▌  | 6623/8810 [00:04<00:01, 1672.71it/s]
 78%|███████▊  | 6830/8810 [00:04<00:01, 1778.41it/s]
 80%|███████▉  | 7014/8810 [00:04<00:01, 1637.64it/s]
 82%|████████▏ | 7184/8810 [00:04<00:01, 1600.24it/s]
 84%|████████▎ | 7360/8810 [00:04<00:00, 1527.64it/s]
 85%|████████▌ | 7516/8810 [00:04<00:00, 1530.97it/s]
 87%|████████▋ | 7704/8810 [00:04<00:00, 1624.46it/s]
 89%|████████▉ | 7869/8810 [00:05<00:00, 1438.61it/s]
 91%|█████████ | 8025/8810 [00:05<00:00, 1467.04it/s]
 93%|█████████▎| 8176/8810 [00:05<00:00, 1312.85it/s]
 94%|█████████▍| 8320/8810 [00:05<00:00, 1345.30it/s]
 96%|█████████▌| 8459/8810 [00:05<00:00, 1311.39it/s]
 98%|█████████▊| 8630/8810 [00:05<00:00, 1417.04it/s]
100%|█████████▉| 8775/8810 [00:05<00:00, 1381.83it/s]
100%|██████████| 8810/8810 [00:05<00:00, 1536.13it/s]
