
  0%|          | 0/8810 [00:00<?, ?it/s]
  3%|▎         | 245/8810 [00:00<00:03, 2445.06it/s]
  6%|▌         | 529/8810 [00:00<00:03, 2672.35it/s]
  9%|▉         | 797/8810 [00:00<00:03, 2658.29it/s]
 12%|█▏        | 1063/8810 [00:00<00:02, 2645.72it/s]
 15%|█▌        | 1328/8810 [00:00<00:02, 2599.83it/s]
 18%|█▊        | 1589/8810 [00:00<00:02, 2432.64it/s]
 21%|██        | 1835/8810 [00:00<00:02, 2408.14it/s]
 24%|██▍       | 2146/8810 [00:00<00:02, 2620.79it/s]
 27%|██▋       | 2410/8810 [00:00<00:02, 2571.69it/s]
 31%|███       | 2744/8810 [00:01<00:02, 2569.74it/s]
 34%|███▍      | 3002/8810 [00:01<00:02, 2544.66it/s]
 37%|███▋      | 3257/8810 [00:01<00:02, 2434.34it/s]
 40%|███▉      | 3515/8810 [00:01<00:02, 2474.29it/s]
 43%|████▎     | 3777/8810 [00:01<00:02, 2513.17it/s]
 46%|████▌     | 4048/8810 [00:01<00:01, 2566.76it/s]
 49%|████▉     | 4351/8810 [00:01<00:01, 2700.04it/s]
 52%|█████▏    | 4625/8810 [00:01<00:01, 2584.36it/s]
 55%|█████▌    | 4886/8810 [00:01<00:01, 2436.26it/s]
 58%|█████▊    | 5133/8810 [00:02<00:01, 2333.15it/s]
 61%|██████    | 5377/8810 [00:02<00:01, 2361.12it/s]
 65%|██████▍   | 5700/8810 [00:02<00:01, 2603.20it/s]
 68%|██████▊   | 5964/8810 [00:02<00:01, 2401.64it/s]
 70%|███████   | 6209/8810 [00:02<00:01, 2407.39it/s]
 73%|███████▎  | 6462/8810 [00:02<00:00, 2440.82it/s]
 77%|███████▋  | 6755/8810 [00:02<00:00, 2578.51it/s]
 80%|███████▉  | 7016/8810 [00:02<00:00, 2489.88it/s]
 83%|████████▎ | 7350/8810 [00:02<00:00, 2727.14it/s]
 87%|████████▋ | 7626/8810 [00:03<00:00, 2650.82it/s]
 90%|████████▉ | 7894/8810 [00:03<00:00, 2423.79it/s]
 92%|█████████▏| 8142/8810 [00:03<00:00, 2369.96it/s]
 95%|█████████▌| 8383/8810 [00:03<00:00, 2335.96it/s]
 99%|█████████▉| 8702/8810 [00:03<00:00, 2428.05it/s]
100%|██████████| 8810/8810 [00:03<00:00, 2494.01it/s]
