
  0%|          | 0/8810 [00:00<?, ?it/s]
  2%|▏         | 181/8810 [00:00<00:05, 1515.82it/s]
  5%|▍         | 423/8810 [00:00<00:04, 2003.09it/s]
  7%|▋         | 656/8810 [00:00<00:04, 1908.53it/s]
 10%|▉         | 850/8810 [00:00<00:04, 1900.37it/s]
 12%|█▏        | 1042/8810 [00:00<00:04, 1705.31it/s]
 14%|█▍        | 1240/8810 [00:00<00:04, 1787.23it/s]
 16%|█▋        | 1447/8810 [00:00<00:03, 1869.61it/s]
 19%|█▊        | 1637/8810 [00:00<00:04, 1695.11it/s]
 21%|██        | 1821/8810 [00:01<00:04, 1576.42it/s]
 23%|██▎       | 2014/8810 [00:01<00:04, 1669.26it/s]
 26%|██▌       | 2260/8810 [00:01<00:03, 1883.61it/s]
 28%|██▊       | 2454/8810 [00:01<00:03, 1822.70it/s]
 30%|███       | 2676/8810 [00:01<00:03, 1928.41it/s]
 33%|███▎      | 2873/8810 [00:01<00:03, 1769.01it/s]
 35%|███▍      | 3055/8810 [00:01<00:03, 1778.45it/s]
 37%|███▋      | 3237/8810 [00:01<00:03, 1649.98it/s]
 39%|███▊      | 3410/8810 [00:01<00:03, 1590.39it/s]
 41%|████      | 3623/8810 [00:02<00:03, 1728.07it/s]
 43%|████▎     | 3800/8810 [00:02<00:02, 1681.46it/s]
 46%|████▌     | 4062/8810 [00:02<00:02, 1938.00it/s]
 48%|████▊     | 4260/8810 [00:02<00:02, 1878.98it/s]
 51%|█████     | 4489/8810 [00:02<00:02, 1992.94it/s]
 53%|█████▎    | 4692/8810 [00:02<00:02, 1763.43it/s]
 55%|█████▌    | 4886/8810 [00:02<00:02, 1808.53it/s]
 58%|█████▊    | 5072/8810 [00:02<00:02, 1689.82it/s]
 60%|██████    | 5300/8810 [00:02<00:01, 1842.97it/s]
 62%|██████▏   | 5490/8810 [00:03<00:01, 1701.46it/s]
 65%|██████▍   | 5726/8810 [00:03<00:01, 1874.31it/s]
 67%|██████▋   | 5920/8810 [00:03<00:01, 1621.57it/s]
 69%|██████▉   | 6092/8810 [00:03<00:01, 1586.21it/s]
 71%|███████▏  | 6291/8810 [00:03<00:01, 1687.71it/s]
 73%|███████▎  | 6466/8810 [00:03<00:01, 1595.15it/s]
 76%|███████▌  | 6713/8810 [00:03<00:01, 1825.38it/s]
 79%|███████▉  | 6943/8810 [00:03<00:00, 1952.75it/s]
 81%|████████  | 7144/8810 [00:04<00:00, 1851.28it/s]
 83%|████████▎ | 7351/8810 [00:04<00:00, 1906.37it/s]
 86%|████████▌ | 7546/8810 [00:04<00:00, 1659.82it/s]
 88%|████████▊ | 7720/8810 [00:04<00:00, 1671.98it/s]
 90%|████████▉ | 7894/8810 [00:04<00:00, 1689.44it/s]
 92%|█████████▏| 8068/8810 [00:04<00:00, 1560.82it/s]
 94%|█████████▎| 8244/8810 [00:04<00:00, 1612.55it/s]
 95%|█████████▌| 8409/8810 [00:04<00:00, 1529.30it/s]
 98%|█████████▊| 8622/8810 [00:04<00:00, 1689.18it/s]
100%|█████████▉| 8795/8810 [00:05<00:00, 1636.11it/s]
100%|██████████| 8810/8810 [00:05<00:00, 1741.09it/s]
