
  0%|          | 0/8810 [00:00<?, ?it/s]
  2%|▏         | 181/8810 [00:00<00:06, 1344.30it/s]
  5%|▍         | 430/8810 [00:00<00:04, 1924.07it/s]
  7%|▋         | 656/8810 [00:00<00:04, 1755.93it/s]
 10%|▉         | 845/8810 [00:00<00:04, 1796.38it/s]
 12%|█▏        | 1029/8810 [00:00<00:04, 1665.78it/s]
 14%|█▍        | 1222/8810 [00:00<00:04, 1744.96it/s]
 16%|█▌        | 1402/8810 [00:00<00:04, 1756.30it/s]
 18%|█▊        | 1580/8810 [00:00<00:04, 1636.18it/s]
 21%|██        | 1821/8810 [00:01<00:04, 1737.89it/s]
 23%|██▎       | 2027/8810 [00:01<00:03, 1822.44it/s]
 25%|██▌       | 2240/8810 [00:01<00:03, 1903.82it/s]
 28%|██▊       | 2433/8810 [00:01<00:03, 1818.86it/s]
 30%|███       | 2668/8810 [00:01<00:03, 1962.18it/s]
 33%|███▎      | 2867/8810 [00:01<00:03, 1780.76it/s]
 35%|███▍      | 3057/8810 [00:01<00:03, 1690.63it/s]
 37%|███▋      | 3241/8810 [00:01<00:03, 1725.86it/s]
 39%|███▉      | 3417/8810 [00:01<00:03, 1620.98it/s]
 41%|████▏     | 3636/8810 [00:02<00:02, 1772.35it/s]
 43%|████▎     | 3817/8810 [00:02<00:02, 1726.04it/s]
 46%|████▌     | 4047/8810 [00:02<00:02, 1879.33it/s]
 48%|████▊     | 4238/8810 [00:02<00:02, 1771.64it/s]
 51%|█████     | 4499/8810 [00:02<00:02, 1999.98it/s]
 53%|█████▎    | 4704/8810 [00:02<00:02, 1772.70it/s]
 55%|█████▌    | 4889/8810 [00:02<00:02, 1721.31it/s]
 58%|█████▊    | 5066/8810 [00:02<00:02, 1531.64it/s]
 60%|█████▉    | 5268/8810 [00:03<00:02, 1649.68it/s]
 62%|██████▏   | 5440/8810 [00:03<00:02, 1563.38it/s]
 64%|██████▍   | 5654/8810 [00:03<00:01, 1711.48it/s]
 66%|██████▌   | 5831/8810 [00:03<00:01, 1634.66it/s]
 68%|██████▊   | 5999/8810 [00:03<00:01, 1528.34it/s]
 70%|██████▉   | 6156/8810 [00:03<00:01, 1449.14it/s]
 72%|███████▏  | 6329/8810 [00:03<00:01, 1520.61it/s]
 74%|███████▎  | 6484/8810 [00:03<00:01, 1429.79it/s]
 76%|███████▋  | 6739/8810 [00:03<00:01, 1725.91it/s]
 79%|███████▊  | 6932/8810 [00:04<00:01, 1781.18it/s]
 81%|████████  | 7115/8810 [00:04<00:01, 1590.19it/s]
 83%|████████▎ | 7298/8810 [00:04<00:00, 1650.17it/s]
 85%|████████▍ | 7469/8810 [00:04<00:00, 1555.10it/s]
 87%|████████▋ | 7641/8810 [00:04<00:00, 1595.78it/s]
 89%|████████▊ | 7805/8810 [00:04<00:00, 1437.01it/s]
 90%|█████████ | 7967/8810 [00:04<00:00, 1482.07it/s]
 92%|█████████▏| 8120/8810 [00:04<00:00, 1336.02it/s]
 94%|█████████▍| 8272/8810 [00:05<00:00, 1382.59it/s]
 96%|█████████▌| 8415/8810 [00:05<00:00, 1255.47it/s]
 98%|█████████▊| 8631/8810 [00:05<00:00, 1484.70it/s]
100%|█████████▉| 8787/8810 [00:05<00:00, 1424.43it/s]
100%|██████████| 8810/8810 [00:05<00:00, 1637.30it/s]
