
  0%|          | 0/8810 [00:00<?, ?it/s]
  3%|▎         | 234/8810 [00:00<00:03, 2336.77it/s]
  7%|▋         | 599/8810 [00:00<00:02, 3101.51it/s]
 10%|█         | 910/8810 [00:00<00:02, 2776.03it/s]
 14%|█▎        | 1192/8810 [00:00<00:02, 2758.28it/s]
 17%|█▋        | 1470/8810 [00:00<00:03, 2422.75it/s]
 20%|██        | 1767/8810 [00:00<00:02, 2584.89it/s]
 23%|██▎       | 2032/8810 [00:00<00:02, 2381.25it/s]
 26%|██▌       | 2277/8810 [00:00<00:02, 2366.66it/s]
 30%|██▉       | 2620/8810 [00:01<00:02, 2659.59it/s]
 33%|███▎      | 2892/8810 [00:01<00:02, 2533.01it/s]
 36%|███▌      | 3150/8810 [00:01<00:02, 2354.11it/s]
 39%|███▊      | 3410/8810 [00:01<00:02, 2322.92it/s]
 43%|████▎     | 3774/8810 [00:01<00:01, 2522.34it/s]
 46%|████▋     | 4090/8810 [00:01<00:01, 2692.10it/s]
 50%|████▉     | 4363/8810 [00:01<00:01, 2676.54it/s]
 53%|█████▎    | 4633/8810 [00:01<00:01, 2589.54it/s]
 56%|█████▌    | 4913/8810 [00:01<00:01, 2646.17it/s]
 59%|█████▉    | 5180/8810 [00:02<00:01, 2464.42it/s]
 62%|██████▏   | 5432/8810 [00:02<00:01, 2478.85it/s]
 65%|██████▌   | 5754/8810 [00:02<00:01, 2608.17it/s]
 68%|██████▊   | 6017/8810 [00:02<00:01, 2577.15it/s]
 71%|███████   | 6276/8810 [00:02<00:00, 2565.84it/s]
 74%|███████▍  | 6534/8810 [00:02<00:00, 2478.49it/s]
 79%|███████▊  | 6932/8810 [00:02<00:00, 2901.73it/s]
 82%|████████▏ | 7226/8810 [00:02<00:00, 2716.23it/s]
 85%|████████▌ | 7502/8810 [00:02<00:00, 2626.00it/s]
 88%|████████▊ | 7768/8810 [00:03<00:00, 2552.01it/s]
 91%|█████████ | 8026/8810 [00:03<00:00, 2468.11it/s]
 94%|█████████▍| 8275/8810 [00:03<00:00, 2297.41it/s]
 97%|█████████▋| 8515/8810 [00:03<00:00, 2324.86it/s]
100%|█████████▉| 8772/8810 [00:03<00:00, 2392.54it/s]
100%|██████████| 8810/8810 [00:03<00:00, 2536.57it/s]
