
  0%|          | 0/8810 [00:00<?, ?it/s]
  3%|▎         | 228/8810 [00:00<00:03, 2268.33it/s]
  7%|▋         | 619/8810 [00:00<00:02, 3231.52it/s]
 11%|█         | 943/8810 [00:00<00:02, 2823.74it/s]
 14%|█▍        | 1231/8810 [00:00<00:02, 2668.34it/s]
 17%|█▋        | 1502/8810 [00:00<00:02, 2494.70it/s]
 21%|██        | 1821/8810 [00:00<00:02, 2616.12it/s]
 24%|██▍       | 2126/8810 [00:00<00:02, 2739.89it/s]
 27%|██▋       | 2403/8810 [00:00<00:02, 2478.76it/s]
 31%|███       | 2744/8810 [00:01<00:02, 2623.85it/s]
 34%|███▍      | 3033/8810 [00:01<00:02, 2694.81it/s]
 38%|███▊      | 3307/8810 [00:01<00:02, 2570.38it/s]
 40%|████      | 3568/8810 [00:01<00:02, 2330.95it/s]
 43%|████▎     | 3831/8810 [00:01<00:02, 2408.86it/s]
 47%|████▋     | 4154/8810 [00:01<00:01, 2632.68it/s]
 50%|█████     | 4423/8810 [00:01<00:01, 2518.77it/s]
 53%|█████▎    | 4680/8810 [00:01<00:01, 2439.77it/s]
 56%|█████▌    | 4932/8810 [00:01<00:01, 2299.84it/s]
 59%|█████▉    | 5238/8810 [00:02<00:01, 2502.70it/s]
 62%|██████▏   | 5493/8810 [00:02<00:01, 2378.37it/s]
 66%|██████▌   | 5782/8810 [00:02<00:01, 2514.73it/s]
 69%|██████▊   | 6038/8810 [00:02<00:01, 2291.69it/s]
 71%|███████▏  | 6286/8810 [00:02<00:01, 2337.80it/s]
 74%|███████▍  | 6525/8810 [00:02<00:00, 2304.07it/s]
 79%|███████▊  | 6936/8810 [00:02<00:00, 2801.60it/s]
 82%|████████▏ | 7223/8810 [00:02<00:00, 2684.46it/s]
 85%|████████▌ | 7497/8810 [00:02<00:00, 2573.29it/s]
 88%|████████▊ | 7759/8810 [00:03<00:00, 2508.39it/s]
 91%|█████████ | 8036/8810 [00:03<00:00, 2580.06it/s]
 94%|█████████▍| 8297/8810 [00:03<00:00, 2514.21it/s]
 97%|█████████▋| 8551/8810 [00:03<00:00, 2347.62it/s]
100%|█████████▉| 8789/8810 [00:03<00:00, 2277.58it/s]
100%|██████████| 8810/8810 [00:03<00:00, 2500.67it/s]
