
  0%|          | 0/8810 [00:00<?, ?it/s]
  4%|▎         | 322/8810 [00:00<00:02, 3211.10it/s]
  7%|▋         | 656/8810 [00:00<00:02, 3204.84it/s]
 11%|█▏        | 996/8810 [00:00<00:02, 2958.36it/s]
 15%|█▌        | 1351/8810 [00:00<00:02, 3172.80it/s]
 19%|█▉        | 1672/8810 [00:00<00:02, 2607.95it/s]
 22%|██▏       | 1948/8810 [00:00<00:02, 2613.19it/s]
 26%|██▌       | 2263/8810 [00:00<00:02, 2632.46it/s]
 30%|███       | 2654/8810 [00:00<00:02, 2984.47it/s]
 34%|███▎      | 2962/8810 [00:01<00:02, 2841.57it/s]
 37%|███▋      | 3253/8810 [00:01<00:02, 2506.56it/s]
 40%|███▉      | 3514/8810 [00:01<00:02, 2242.92it/s]
 43%|████▎     | 3774/8810 [00:01<00:02, 2215.80it/s]
 47%|████▋     | 4145/8810 [00:01<00:01, 2589.92it/s]
 50%|█████     | 4422/8810 [00:01<00:01, 2636.89it/s]
 53%|█████▎    | 4696/8810 [00:01<00:01, 2547.94it/s]
 56%|█████▋    | 4958/8810 [00:01<00:01, 2373.43it/s]
 60%|██████    | 5293/8810 [00:02<00:01, 2630.43it/s]
 63%|██████▎   | 5564/8810 [00:02<00:01, 2608.61it/s]
 66%|██████▌   | 5831/8810 [00:02<00:01, 2607.58it/s]
 69%|██████▉   | 6096/8810 [00:02<00:01, 2424.29it/s]
 73%|███████▎  | 6400/8810 [00:02<00:00, 2478.22it/s]
 77%|███████▋  | 6791/8810 [00:02<00:00, 2859.52it/s]
 80%|████████  | 7083/8810 [00:02<00:00, 2773.58it/s]
 84%|████████▎ | 7365/8810 [00:02<00:00, 2662.04it/s]
 87%|████████▋ | 7679/8810 [00:02<00:00, 2787.34it/s]
 90%|█████████ | 7962/8810 [00:03<00:00, 2642.43it/s]
 93%|█████████▎| 8230/8810 [00:03<00:00, 2522.61it/s]
 96%|█████████▋| 8486/8810 [00:03<00:00, 2387.61it/s]
 99%|█████████▉| 8743/8810 [00:03<00:00, 2431.89it/s]
100%|██████████| 8810/8810 [00:03<00:00, 2611.78it/s]
