
  0%|          | 0/8810 [00:00<?, ?it/s]
  3%|▎         | 267/8810 [00:00<00:03, 2663.02it/s]
  7%|▋         | 656/8810 [00:00<00:02, 2941.63it/s]
 11%|█▏        | 996/8810 [00:00<00:02, 2895.18it/s]
 15%|█▌        | 1357/8810 [00:00<00:02, 3150.74it/s]
 19%|█▉        | 1675/8810 [00:00<00:02, 2982.12it/s]
 22%|██▏       | 1976/8810 [00:00<00:02, 2764.04it/s]
 26%|██▌       | 2263/8810 [00:00<00:02, 2635.35it/s]
 30%|██▉       | 2622/8810 [00:00<00:02, 2904.61it/s]
 33%|███▎      | 2918/8810 [00:01<00:02, 2752.83it/s]
 36%|███▋      | 3198/8810 [00:01<00:02, 2533.06it/s]
 40%|███▉      | 3494/8810 [00:01<00:02, 2644.30it/s]
 43%|████▎     | 3774/8810 [00:01<00:01, 2652.10it/s]
 47%|████▋     | 4166/8810 [00:01<00:01, 3006.65it/s]
 51%|█████     | 4472/8810 [00:01<00:01, 3000.57it/s]
 54%|█████▍    | 4776/8810 [00:01<00:01, 2956.05it/s]
 58%|█████▊    | 5075/8810 [00:01<00:01, 2950.90it/s]
 61%|██████    | 5395/8810 [00:01<00:01, 3020.20it/s]
 65%|██████▌   | 5754/8810 [00:01<00:00, 3163.31it/s]
 69%|██████▉   | 6072/8810 [00:02<00:00, 3059.15it/s]
 73%|███████▎  | 6400/8810 [00:02<00:00, 2994.98it/s]
 77%|███████▋  | 6816/8810 [00:02<00:00, 3324.03it/s]
 81%|████████  | 7153/8810 [00:02<00:00, 3330.59it/s]
 85%|████████▌ | 7489/8810 [00:02<00:00, 3193.82it/s]
 89%|████████▊ | 7811/8810 [00:02<00:00, 3154.76it/s]
 92%|█████████▏| 8129/8810 [00:02<00:00, 3016.82it/s]
 96%|█████████▌| 8433/8810 [00:02<00:00, 2878.65it/s]
 99%|█████████▉| 8723/8810 [00:02<00:00, 2801.76it/s]
100%|██████████| 8810/8810 [00:02<00:00, 2937.54it/s]
