
  0%|          | 0/8810 [00:00<?, ?it/s]
  2%|▏         | 166/8810 [00:00<00:05, 1642.66it/s]
  4%|▍         | 331/8810 [00:00<00:06, 1403.25it/s]
  6%|▌         | 518/8810 [00:00<00:05, 1593.52it/s]
  8%|▊         | 681/8810 [00:00<00:05, 1476.64it/s]
  9%|▉         | 832/8810 [00:00<00:05, 1449.89it/s]
 11%|█         | 979/8810 [00:00<00:05, 1417.81it/s]
 13%|█▎        | 1122/8810 [00:00<00:05, 1297.21it/s]
 14%|█▍        | 1271/8810 [00:00<00:05, 1349.25it/s]
 16%|█▋        | 1433/8810 [00:01<00:05, 1421.43it/s]
 18%|█▊        | 1577/8810 [00:01<00:05, 1240.55it/s]
 20%|██        | 1771/8810 [00:01<00:04, 1423.71it/s]
 22%|██▏       | 1920/8810 [00:01<00:05, 1210.88it/s]
 24%|██▍       | 2115/8810 [00:01<00:04, 1392.23it/s]
 26%|██▌       | 2265/8810 [00:01<00:05, 1265.38it/s]
 27%|██▋       | 2401/8810 [00:01<00:05, 1271.62it/s]
 30%|██▉       | 2618/8810 [00:01<00:04, 1504.79it/s]
 32%|███▏      | 2777/8810 [00:02<00:04, 1351.73it/s]
 33%|███▎      | 2921/8810 [00:02<00:04, 1332.15it/s]
 35%|███▍      | 3060/8810 [00:02<00:04, 1153.09it/s]
 36%|███▌      | 3183/8810 [00:02<00:04, 1136.97it/s]
 37%|███▋      | 3302/8810 [00:02<00:04, 1133.21it/s]
 39%|███▉      | 3419/8810 [00:02<00:05, 1063.95it/s]
 41%|████      | 3603/8810 [00:02<00:04, 1261.04it/s]
 43%|████▎     | 3767/8810 [00:02<00:03, 1359.96it/s]
 44%|████▍     | 3908/8810 [00:02<00:03, 1240.16it/s]
 47%|████▋     | 4109/8810 [00:03<00:03, 1440.46it/s]
 48%|████▊     | 4260/8810 [00:03<00:03, 1404.68it/s]
 50%|█████     | 4445/8810 [00:03<00:02, 1525.28it/s]
 52%|█████▏    | 4602/8810 [00:03<00:02, 1513.03it/s]
 54%|█████▍    | 4757/8810 [00:03<00:02, 1353.19it/s]
 56%|█████▌    | 4904/8810 [00:03<00:02, 1383.69it/s]
 57%|█████▋    | 5047/8810 [00:03<00:03, 1238.12it/s]
 59%|█████▉    | 5184/8810 [00:03<00:02, 1266.62it/s]
 61%|██████    | 5338/8810 [00:04<00:02, 1337.65it/s]
 62%|██████▏   | 5476/8810 [00:04<00:02, 1211.21it/s]
 64%|██████▍   | 5671/8810 [00:04<00:02, 1403.72it/s]
 66%|██████▌   | 5818/8810 [00:04<00:02, 1337.70it/s]
 68%|██████▊   | 5957/8810 [00:04<00:02, 1237.15it/s]
 69%|██████▉   | 6085/8810 [00:04<00:02, 1230.05it/s]
 71%|███████   | 6249/8810 [00:04<00:01, 1338.76it/s]
 73%|███████▎  | 6392/8810 [00:04<00:01, 1363.17it/s]
 74%|███████▍  | 6531/8810 [00:04<00:01, 1194.13it/s]
 77%|███████▋  | 6757/8810 [00:05<00:01, 1467.74it/s]
 79%|███████▉  | 6944/8810 [00:05<00:01, 1576.07it/s]
 81%|████████  | 7109/8810 [00:05<00:01, 1358.47it/s]
 82%|████████▏ | 7255/8810 [00:05<00:01, 1310.45it/s]
 84%|████████▍ | 7393/8810 [00:05<00:01, 1308.05it/s]
 85%|████████▌ | 7529/8810 [00:05<00:01, 1236.70it/s]
 87%|████████▋ | 7672/8810 [00:05<00:00, 1285.67it/s]
 89%|████████▊ | 7804/8810 [00:05<00:00, 1175.21it/s]
 90%|█████████ | 7944/8810 [00:06<00:00, 1233.20it/s]
 92%|█████████▏| 8071/8810 [00:06<00:00, 1101.92it/s]
 93%|█████████▎| 8201/8810 [00:06<00:00, 1150.03it/s]
 95%|█████████▍| 8354/8810 [00:06<00:00, 1248.06it/s]
 96%|█████████▋| 8483/8810 [00:06<00:00, 1141.19it/s]
 98%|█████████▊| 8626/8810 [00:06<00:00, 1216.03it/s]
 99%|█████████▉| 8752/8810 [00:06<00:00, 1101.85it/s]
100%|██████████| 8810/8810 [00:06<00:00, 1297.60it/s]
