
  0%|          | 0/8810 [00:00<?, ?it/s]
  2%|▏         | 181/8810 [00:00<00:06, 1431.96it/s]
  5%|▍         | 397/8810 [00:00<00:04, 1817.02it/s]
  7%|▋         | 638/8810 [00:00<00:03, 2060.27it/s]
 10%|▉         | 848/8810 [00:00<00:04, 1813.34it/s]
 12%|█▏        | 1037/8810 [00:00<00:04, 1834.96it/s]
 14%|█▍        | 1255/8810 [00:00<00:03, 1938.94it/s]
 16%|█▋        | 1453/8810 [00:00<00:03, 1928.92it/s]
 19%|█▊        | 1649/8810 [00:00<00:04, 1773.93it/s]
 21%|██        | 1830/8810 [00:01<00:04, 1644.08it/s]
 23%|██▎       | 2032/8810 [00:01<00:03, 1744.30it/s]
 25%|██▌       | 2225/8810 [00:01<00:03, 1795.13it/s]
 27%|██▋       | 2408/8810 [00:01<00:03, 1636.66it/s]
 30%|███       | 2669/8810 [00:01<00:03, 1897.70it/s]
 33%|███▎      | 2865/8810 [00:01<00:03, 1859.88it/s]
 35%|███▍      | 3057/8810 [00:01<00:03, 1738.63it/s]
 37%|███▋      | 3245/8810 [00:01<00:03, 1774.15it/s]
 39%|███▉      | 3426/8810 [00:01<00:03, 1740.45it/s]
 41%|████      | 3629/8810 [00:02<00:02, 1818.86it/s]
 43%|████▎     | 3813/8810 [00:02<00:02, 1714.11it/s]
 46%|████▌     | 4009/8810 [00:02<00:02, 1780.67it/s]
 48%|████▊     | 4190/8810 [00:02<00:02, 1693.00it/s]
 50%|█████     | 4443/8810 [00:02<00:02, 1922.04it/s]
 53%|█████▎    | 4639/8810 [00:02<00:02, 1756.70it/s]
 55%|█████▍    | 4837/8810 [00:02<00:02, 1812.27it/s]
 57%|█████▋    | 5023/8810 [00:02<00:02, 1685.47it/s]
 59%|█████▉    | 5214/8810 [00:02<00:02, 1745.15it/s]
 61%|██████    | 5392/8810 [00:03<00:02, 1699.80it/s]
 63%|██████▎   | 5586/8810 [00:03<00:01, 1763.55it/s]
 65%|██████▌   | 5765/8810 [00:03<00:01, 1710.44it/s]
 67%|██████▋   | 5938/8810 [00:03<00:01, 1613.63it/s]
 69%|██████▉   | 6102/8810 [00:03<00:01, 1566.32it/s]
 72%|███████▏  | 6314/8810 [00:03<00:01, 1716.05it/s]
 74%|███████▎  | 6488/8810 [00:03<00:01, 1610.94it/s]
 76%|███████▋  | 6729/8810 [00:03<00:01, 1828.42it/s]
 79%|███████▉  | 6959/8810 [00:03<00:00, 1958.35it/s]
 81%|████████▏ | 7159/8810 [00:04<00:00, 1801.09it/s]
 84%|████████▎ | 7360/8810 [00:04<00:00, 1682.87it/s]
 86%|████████▌ | 7533/8810 [00:04<00:00, 1631.86it/s]
 88%|████████▊ | 7715/8810 [00:04<00:00, 1549.48it/s]
 90%|████████▉ | 7885/8810 [00:04<00:00, 1583.30it/s]
 91%|█████████▏| 8046/8810 [00:04<00:00, 1471.86it/s]
 93%|█████████▎| 8234/8810 [00:04<00:00, 1576.45it/s]
 95%|█████████▌| 8395/8810 [00:04<00:00, 1511.89it/s]
 98%|█████████▊| 8605/8810 [00:04<00:00, 1667.98it/s]
100%|█████████▉| 8776/8810 [00:05<00:00, 1609.47it/s]
100%|██████████| 8810/8810 [00:05<00:00, 1724.15it/s]
