
  0%|          | 0/8810 [00:00<?, ?it/s]
  2%|▏         | 181/8810 [00:00<00:05, 1569.21it/s]
  5%|▍         | 421/8810 [00:00<00:04, 2020.28it/s]
  7%|▋         | 628/8810 [00:00<00:04, 2039.66it/s]
  9%|▉         | 834/8810 [00:00<00:04, 1733.72it/s]
 12%|█▏        | 1014/8810 [00:00<00:04, 1613.31it/s]
 14%|█▍        | 1247/8810 [00:00<00:04, 1822.70it/s]
 16%|█▋        | 1451/8810 [00:00<00:03, 1884.04it/s]
 19%|█▊        | 1645/8810 [00:00<00:04, 1710.88it/s]
 21%|██        | 1822/8810 [00:01<00:04, 1651.41it/s]
 23%|██▎       | 2012/8810 [00:01<00:03, 1717.68it/s]
 25%|██▌       | 2219/8810 [00:01<00:03, 1804.29it/s]
 27%|██▋       | 2403/8810 [00:01<00:03, 1655.26it/s]
 30%|███       | 2659/8810 [00:01<00:03, 1898.10it/s]
 32%|███▏      | 2855/8810 [00:01<00:03, 1784.31it/s]
 34%|███▍      | 3039/8810 [00:01<00:03, 1791.04it/s]
 37%|███▋      | 3222/8810 [00:01<00:03, 1665.24it/s]
 39%|███▊      | 3410/8810 [00:01<00:03, 1590.99it/s]
 41%|████      | 3630/8810 [00:02<00:02, 1745.20it/s]
 43%|████▎     | 3809/8810 [00:02<00:03, 1662.55it/s]
 46%|████▌     | 4047/8810 [00:02<00:02, 1851.92it/s]
 48%|████▊     | 4237/8810 [00:02<00:02, 1719.39it/s]
 51%|█████     | 4460/8810 [00:02<00:02, 1854.99it/s]
 53%|█████▎    | 4651/8810 [00:02<00:02, 1683.36it/s]
 55%|█████▍    | 4833/8810 [00:02<00:02, 1718.51it/s]
 57%|█████▋    | 5010/8810 [00:02<00:02, 1543.32it/s]
 59%|█████▉    | 5181/8810 [00:03<00:02, 1584.77it/s]
 61%|██████    | 5372/8810 [00:03<00:02, 1536.65it/s]
 63%|██████▎   | 5589/8810 [00:03<00:01, 1699.38it/s]
 65%|██████▌   | 5764/8810 [00:03<00:01, 1639.93it/s]
 67%|██████▋   | 5933/8810 [00:03<00:01, 1652.21it/s]
 69%|██████▉   | 6101/8810 [00:03<00:01, 1595.20it/s]
 72%|███████▏  | 6342/8810 [00:03<00:01, 1818.23it/s]
 74%|███████▍  | 6527/8810 [00:03<00:01, 1699.35it/s]
 77%|███████▋  | 6802/8810 [00:03<00:01, 1986.16it/s]
 80%|███████▉  | 7006/8810 [00:04<00:00, 1859.86it/s]
 82%|████████▏ | 7197/8810 [00:04<00:00, 1858.82it/s]
 84%|████████▍ | 7387/8810 [00:04<00:00, 1818.62it/s]
 86%|████████▌ | 7574/8810 [00:04<00:00, 1831.27it/s]
 88%|████████▊ | 7759/8810 [00:04<00:00, 1693.85it/s]
 90%|█████████ | 7932/8810 [00:04<00:00, 1691.21it/s]
 92%|█████████▏| 8104/8810 [00:04<00:00, 1464.51it/s]
 94%|█████████▍| 8277/8810 [00:04<00:00, 1527.00it/s]
 96%|█████████▌| 8435/8810 [00:04<00:00, 1462.86it/s]
 98%|█████████▊| 8649/8810 [00:05<00:00, 1641.74it/s]
100%|██████████| 8810/8810 [00:05<00:00, 1705.79it/s]
