
  0%|          | 0/8810 [00:00<?, ?it/s]
  2%|▏         | 181/8810 [00:00<00:05, 1457.02it/s]
  5%|▍         | 412/8810 [00:00<00:04, 1912.62it/s]
  7%|▋         | 656/8810 [00:00<00:04, 1849.06it/s]
 10%|▉         | 855/8810 [00:00<00:04, 1896.71it/s]
 12%|█▏        | 1048/8810 [00:00<00:04, 1754.95it/s]
 14%|█▍        | 1270/8810 [00:00<00:03, 1895.21it/s]
 17%|█▋        | 1463/8810 [00:00<00:04, 1714.14it/s]
 19%|█▉        | 1706/8810 [00:00<00:03, 1911.39it/s]
 22%|██▏       | 1903/8810 [00:01<00:03, 1748.87it/s]
 25%|██▍       | 2166/8810 [00:01<00:03, 1983.92it/s]
 27%|██▋       | 2372/8810 [00:01<00:03, 1680.66it/s]
 30%|███       | 2655/8810 [00:01<00:03, 1962.85it/s]
 33%|███▎      | 2866/8810 [00:01<00:03, 1888.85it/s]
 35%|███▍      | 3065/8810 [00:01<00:03, 1718.03it/s]
 37%|███▋      | 3269/8810 [00:01<00:03, 1795.19it/s]
 39%|███▉      | 3457/8810 [00:01<00:03, 1685.98it/s]
 41%|████      | 3632/8810 [00:02<00:03, 1677.14it/s]
 43%|████▎     | 3804/8810 [00:02<00:02, 1674.46it/s]
 46%|████▌     | 4062/8810 [00:02<00:02, 1917.47it/s]
 48%|████▊     | 4258/8810 [00:02<00:02, 1859.33it/s]
 51%|█████▏    | 4520/8810 [00:02<00:02, 2070.30it/s]
 54%|█████▎    | 4731/8810 [00:02<00:02, 1856.82it/s]
 56%|█████▌    | 4932/8810 [00:02<00:02, 1788.50it/s]
 59%|█████▊    | 5169/8810 [00:02<00:01, 1938.98it/s]
 61%|██████    | 5372/8810 [00:02<00:01, 1884.39it/s]
 64%|██████▎   | 5612/8810 [00:03<00:01, 2024.13it/s]
 66%|██████▌   | 5819/8810 [00:03<00:01, 1965.87it/s]
 68%|██████▊   | 6019/8810 [00:03<00:01, 1910.74it/s]
 71%|███████   | 6213/8810 [00:03<00:01, 1866.86it/s]
 73%|███████▎  | 6402/8810 [00:03<00:01, 1751.19it/s]
 76%|███████▌  | 6661/8810 [00:03<00:01, 1976.70it/s]
 79%|███████▊  | 6933/8810 [00:03<00:00, 2182.61it/s]
 81%|████████  | 7156/8810 [00:03<00:00, 1971.91it/s]
 84%|████████▎ | 7360/8810 [00:03<00:00, 1863.02it/s]
 86%|████████▌ | 7556/8810 [00:04<00:00, 1885.21it/s]
 88%|████████▊ | 7749/8810 [00:04<00:00, 1870.24it/s]
 90%|█████████ | 7959/8810 [00:04<00:00, 1931.51it/s]
 93%|█████████▎| 8155/8810 [00:04<00:00, 1819.96it/s]
 95%|█████████▍| 8361/8810 [00:04<00:00, 1765.64it/s]
 98%|█████████▊| 8606/8810 [00:04<00:00, 1949.61it/s]
100%|█████████▉| 8805/8810 [00:04<00:00, 1950.22it/s]
100%|██████████| 8810/8810 [00:04<00:00, 1866.96it/s]
