
  0%|          | 0/8810 [00:00<?, ?it/s]
  2%|▏         | 181/8810 [00:00<00:06, 1390.06it/s]
  5%|▍         | 421/8810 [00:00<00:04, 1911.91it/s]
  7%|▋         | 656/8810 [00:00<00:04, 1809.83it/s]
 10%|▉         | 845/8810 [00:00<00:04, 1830.88it/s]
 12%|█▏        | 1032/8810 [00:00<00:04, 1735.40it/s]
 14%|█▍        | 1246/8810 [00:00<00:04, 1854.44it/s]
 17%|█▋        | 1457/8810 [00:00<00:04, 1716.31it/s]
 19%|█▊        | 1649/8810 [00:00<00:04, 1766.87it/s]
 21%|██        | 1829/8810 [00:01<00:04, 1604.95it/s]
 23%|██▎       | 2031/8810 [00:01<00:03, 1716.02it/s]
 25%|██▌       | 2218/8810 [00:01<00:03, 1753.48it/s]
 27%|██▋       | 2397/8810 [00:01<00:04, 1486.05it/s]
 30%|██▉       | 2619/8810 [00:01<00:03, 1668.36it/s]
 32%|███▏      | 2796/8810 [00:01<00:04, 1497.47it/s]
 34%|███▍      | 2981/8810 [00:01<00:03, 1585.42it/s]
 36%|███▌      | 3148/8810 [00:01<00:03, 1428.36it/s]
 37%|███▋      | 3299/8810 [00:02<00:03, 1406.77it/s]
 39%|███▉      | 3445/8810 [00:02<00:03, 1354.02it/s]
 41%|████      | 3623/8810 [00:02<00:03, 1460.79it/s]
 43%|████▎     | 3774/8810 [00:02<00:03, 1416.90it/s]
 45%|████▍     | 3953/8810 [00:02<00:03, 1513.80it/s]
 47%|████▋     | 4164/8810 [00:02<00:02, 1677.94it/s]
 49%|████▉     | 4336/8810 [00:02<00:02, 1508.46it/s]
 51%|█████▏    | 4533/8810 [00:02<00:02, 1628.36it/s]
 53%|█████▎    | 4701/8810 [00:03<00:03, 1345.72it/s]
 55%|█████▌    | 4854/8810 [00:03<00:02, 1383.96it/s]
 57%|█████▋    | 5001/8810 [00:03<00:03, 1183.51it/s]
 58%|█████▊    | 5130/8810 [00:03<00:03, 1197.52it/s]
 60%|█████▉    | 5276/8810 [00:03<00:02, 1263.13it/s]
 61%|██████▏   | 5409/8810 [00:03<00:02, 1138.76it/s]
 63%|██████▎   | 5584/8810 [00:03<00:02, 1290.20it/s]
 65%|██████▌   | 5754/8810 [00:03<00:02, 1252.67it/s]
 67%|██████▋   | 5885/8810 [00:03<00:02, 1247.73it/s]
 68%|██████▊   | 6018/8810 [00:04<00:02, 1265.11it/s]
 70%|██████▉   | 6148/8810 [00:04<00:02, 1204.15it/s]
 72%|███████▏  | 6329/8810 [00:04<00:01, 1364.83it/s]
 73%|███████▎  | 6469/8810 [00:04<00:01, 1242.46it/s]
 75%|███████▌  | 6642/8810 [00:04<00:01, 1368.51it/s]
 78%|███████▊  | 6850/8810 [00:04<00:01, 1559.87it/s]
 80%|███████▉  | 7011/8810 [00:04<00:01, 1452.52it/s]
 81%|████████▏ | 7163/8810 [00:04<00:01, 1464.46it/s]
 83%|████████▎ | 7314/8810 [00:04<00:01, 1468.05it/s]
 85%|████████▍ | 7464/8810 [00:05<00:01, 1330.81it/s]
 86%|████████▋ | 7601/8810 [00:05<00:00, 1336.91it/s]
 88%|████████▊ | 7738/8810 [00:05<00:00, 1204.68it/s]
 89%|████████▉ | 7863/8810 [00:05<00:00, 1197.18it/s]
 91%|█████████ | 8002/8810 [00:05<00:00, 1244.80it/s]
 92%|█████████▏| 8129/8810 [00:05<00:00, 1143.31it/s]
 94%|█████████▍| 8302/8810 [00:05<00:00, 1297.19it/s]
 96%|█████████▌| 8436/8810 [00:05<00:00, 1168.81it/s]
 98%|█████████▊| 8624/8810 [00:06<00:00, 1349.46it/s]
 99%|█████████▉| 8765/8810 [00:06<00:00, 1278.73it/s]
100%|██████████| 8810/8810 [00:06<00:00, 1420.17it/s]
