
  0%|          | 0/8810 [00:00<?, ?it/s]
  2%|▏         | 181/8810 [00:00<00:06, 1430.69it/s]
  5%|▍         | 408/8810 [00:00<00:04, 1867.29it/s]
  7%|▋         | 618/8810 [00:00<00:04, 1961.49it/s]
  9%|▉         | 818/8810 [00:00<00:04, 1777.79it/s]
 11%|█▏        | 1000/8810 [00:00<00:04, 1622.99it/s]
 14%|█▍        | 1225/8810 [00:00<00:04, 1803.39it/s]
 16%|█▌        | 1411/8810 [00:00<00:04, 1794.30it/s]
 18%|█▊        | 1594/8810 [00:00<00:04, 1553.55it/s]
 20%|██        | 1801/8810 [00:01<00:04, 1689.02it/s]
 22%|██▏       | 1977/8810 [00:01<00:04, 1519.16it/s]
 25%|██▍       | 2187/8810 [00:01<00:03, 1663.64it/s]
 27%|██▋       | 2361/8810 [00:01<00:04, 1470.46it/s]
 30%|██▉       | 2612/8810 [00:01<00:03, 1730.13it/s]
 32%|███▏      | 2796/8810 [00:01<00:03, 1528.32it/s]
 34%|███▎      | 2967/8810 [00:01<00:03, 1570.58it/s]
 36%|███▌      | 3133/8810 [00:01<00:03, 1438.63it/s]
 38%|███▊      | 3321/8810 [00:02<00:03, 1545.25it/s]
 40%|███▉      | 3483/8810 [00:02<00:03, 1437.84it/s]
 41%|████▏     | 3642/8810 [00:02<00:03, 1475.12it/s]
 43%|████▎     | 3795/8810 [00:02<00:03, 1363.48it/s]
 45%|████▍     | 3936/8810 [00:02<00:03, 1368.56it/s]
 47%|████▋     | 4152/8810 [00:02<00:02, 1578.79it/s]
 49%|████▉     | 4315/8810 [00:02<00:03, 1496.11it/s]
 51%|█████▏    | 4522/8810 [00:02<00:02, 1649.47it/s]
 53%|█████▎    | 4692/8810 [00:02<00:02, 1474.09it/s]
 55%|█████▌    | 4865/8810 [00:03<00:02, 1540.85it/s]
 57%|█████▋    | 5025/8810 [00:03<00:02, 1370.71it/s]
 59%|█████▉    | 5225/8810 [00:03<00:02, 1524.20it/s]
 61%|██████    | 5385/8810 [00:03<00:02, 1452.52it/s]
 63%|██████▎   | 5563/8810 [00:03<00:02, 1536.95it/s]
 65%|██████▌   | 5754/8810 [00:03<00:02, 1512.84it/s]
 67%|██████▋   | 5909/8810 [00:03<00:01, 1479.23it/s]
 69%|██████▉   | 6060/8810 [00:03<00:02, 1372.06it/s]
 71%|███████   | 6231/8810 [00:04<00:01, 1455.86it/s]
 73%|███████▎  | 6400/8810 [00:04<00:01, 1399.10it/s]
 75%|███████▍  | 6586/8810 [00:04<00:01, 1519.67it/s]
 77%|███████▋  | 6802/8810 [00:04<00:01, 1692.92it/s]
 79%|███████▉  | 6976/8810 [00:04<00:01, 1616.43it/s]
 81%|████████  | 7152/8810 [00:04<00:01, 1648.22it/s]
 83%|████████▎ | 7327/8810 [00:04<00:00, 1676.36it/s]
 85%|████████▌ | 7497/8810 [00:04<00:00, 1475.55it/s]
 87%|████████▋ | 7678/8810 [00:04<00:00, 1562.92it/s]
 89%|████████▉ | 7840/8810 [00:05<00:00, 1413.40it/s]
 91%|█████████ | 8025/8810 [00:05<00:00, 1523.84it/s]
 93%|█████████▎| 8183/8810 [00:05<00:00, 1387.45it/s]
 95%|█████████▍| 8338/8810 [00:05<00:00, 1426.31it/s]
 96%|█████████▋| 8486/8810 [00:05<00:00, 1325.93it/s]
 98%|█████████▊| 8648/8810 [00:05<00:00, 1399.77it/s]
100%|█████████▉| 8792/8810 [00:05<00:00, 1347.76it/s]
100%|██████████| 8810/8810 [00:05<00:00, 1521.21it/s]
