
  0%|          | 0/8810 [00:00<?, ?it/s]
  3%|▎         | 232/8810 [00:00<00:03, 2310.96it/s]
  7%|▋         | 576/8810 [00:00<00:02, 2957.43it/s]
 10%|▉         | 872/8810 [00:00<00:03, 2204.41it/s]
 13%|█▎        | 1120/8810 [00:00<00:03, 2293.30it/s]
 16%|█▋        | 1449/8810 [00:00<00:02, 2606.20it/s]
 20%|█▉        | 1722/8810 [00:00<00:02, 2547.31it/s]
 23%|██▎       | 1985/8810 [00:00<00:02, 2389.74it/s]
 26%|██▌       | 2263/8810 [00:00<00:02, 2293.87it/s]
 29%|██▉       | 2581/8810 [00:01<00:02, 2522.67it/s]
 32%|███▏      | 2840/8810 [00:01<00:02, 2032.63it/s]
 35%|███▍      | 3062/8810 [00:01<00:02, 1957.09it/s]
 38%|███▊      | 3370/8810 [00:01<00:02, 2232.25it/s]
 41%|████      | 3609/8810 [00:01<00:02, 2222.69it/s]
 44%|████▎     | 3842/8810 [00:01<00:02, 2151.84it/s]
 47%|████▋     | 4180/8810 [00:01<00:01, 2317.78it/s]
 51%|█████     | 4486/8810 [00:01<00:01, 2503.98it/s]
 54%|█████▍    | 4742/8810 [00:02<00:01, 2319.86it/s]
 57%|█████▋    | 4980/8810 [00:02<00:01, 2325.04it/s]
 60%|██████    | 5322/8810 [00:02<00:01, 2620.68it/s]
 63%|██████▎   | 5590/8810 [00:02<00:01, 2585.47it/s]
 66%|██████▋   | 5856/8810 [00:02<00:01, 2603.82it/s]
 69%|██████▉   | 6120/8810 [00:02<00:01, 2532.91it/s]
 73%|███████▎  | 6400/8810 [00:02<00:00, 2555.94it/s]
 77%|███████▋  | 6790/8810 [00:02<00:00, 2935.97it/s]
 80%|████████  | 7087/8810 [00:02<00:00, 2729.97it/s]
 84%|████████▎ | 7365/8810 [00:03<00:00, 2512.44it/s]
 87%|████████▋ | 7657/8810 [00:03<00:00, 2618.29it/s]
 90%|████████▉ | 7925/8810 [00:03<00:00, 2539.56it/s]
 93%|█████████▎| 8183/8810 [00:03<00:00, 2327.74it/s]
 96%|█████████▌| 8421/8810 [00:03<00:00, 2268.22it/s]
 99%|█████████▉| 8702/8810 [00:03<00:00, 2307.33it/s]
100%|██████████| 8810/8810 [00:03<00:00, 2417.03it/s]
