
  0%|          | 0/8810 [00:00<?, ?it/s]
  4%|▎         | 316/8810 [00:00<00:02, 3154.22it/s]
  7%|▋         | 656/8810 [00:00<00:02, 3297.21it/s]
 11%|█▏        | 996/8810 [00:00<00:02, 3085.06it/s]
 16%|█▌        | 1379/8810 [00:00<00:02, 3363.35it/s]
 20%|█▉        | 1718/8810 [00:00<00:02, 3204.24it/s]
 23%|██▎       | 2041/8810 [00:00<00:02, 3085.84it/s]
 27%|██▋       | 2352/8810 [00:00<00:02, 3061.97it/s]
 31%|███       | 2744/8810 [00:00<00:01, 3246.56it/s]
 35%|███▍      | 3070/8810 [00:00<00:01, 3113.61it/s]
 39%|███▊      | 3410/8810 [00:01<00:01, 2978.65it/s]
 43%|████▎     | 3774/8810 [00:01<00:01, 2978.83it/s]
 47%|████▋     | 4180/8810 [00:01<00:01, 3126.57it/s]
 52%|█████▏    | 4573/8810 [00:01<00:01, 3338.57it/s]
 56%|█████▌    | 4910/8810 [00:01<00:01, 3122.40it/s]
 59%|█████▉    | 5227/8810 [00:01<00:01, 3047.17it/s]
 63%|██████▎   | 5535/8810 [00:01<00:01, 3044.51it/s]
 66%|██████▋   | 5851/8810 [00:01<00:00, 3076.31it/s]
 70%|██████▉   | 6161/8810 [00:01<00:00, 2940.91it/s]
 73%|███████▎  | 6457/8810 [00:02<00:00, 2937.01it/s]
 78%|███████▊  | 6886/8810 [00:02<00:00, 3320.11it/s]
 82%|████████▏ | 7221/8810 [00:02<00:00, 3177.03it/s]
 86%|████████▌ | 7542/8810 [00:02<00:00, 3083.26it/s]
 89%|████████▉ | 7853/8810 [00:02<00:00, 3056.73it/s]
 93%|█████████▎| 8161/8810 [00:02<00:00, 2960.22it/s]
 96%|█████████▌| 8459/8810 [00:02<00:00, 2789.62it/s]
 99%|█████████▉| 8741/8810 [00:02<00:00, 2761.77it/s]
100%|██████████| 8810/8810 [00:02<00:00, 3056.03it/s]
