
  0%|          | 0/8810 [00:00<?, ?it/s]
  2%|▏         | 200/8810 [00:00<00:04, 1993.00it/s]
  6%|▌         | 485/8810 [00:00<00:03, 2485.69it/s]
  8%|▊         | 734/8810 [00:00<00:03, 2400.50it/s]
 11%|█         | 987/8810 [00:00<00:03, 2446.77it/s]
 14%|█▍        | 1232/8810 [00:00<00:03, 2340.43it/s]
 17%|█▋        | 1467/8810 [00:00<00:03, 2226.61it/s]
 19%|█▉        | 1691/8810 [00:00<00:03, 2188.41it/s]
 22%|██▏       | 1911/8810 [00:00<00:03, 2041.32it/s]
 25%|██▌       | 2217/8810 [00:00<00:02, 2322.33it/s]
 28%|██▊       | 2453/8810 [00:01<00:02, 2163.33it/s]
 31%|███       | 2744/8810 [00:01<00:02, 2293.39it/s]
 34%|███▍      | 2990/8810 [00:01<00:02, 2336.06it/s]
 37%|███▋      | 3227/8810 [00:01<00:02, 2225.25it/s]
 39%|███▉      | 3452/8810 [00:01<00:02, 2197.89it/s]
 43%|████▎     | 3759/8810 [00:01<00:02, 2441.69it/s]
 45%|████▌     | 4006/8810 [00:01<00:02, 2331.89it/s]
 48%|████▊     | 4242/8810 [00:01<00:01, 2300.75it/s]
 52%|█████▏    | 4541/8810 [00:01<00:01, 2494.87it/s]
 54%|█████▍    | 4793/8810 [00:02<00:01, 2304.47it/s]
 57%|█████▋    | 5028/8810 [00:02<00:01, 2080.15it/s]
 60%|██████    | 5314/8810 [00:02<00:01, 2280.58it/s]
 63%|██████▎   | 5550/8810 [00:02<00:01, 2116.47it/s]
 65%|██████▌   | 5769/8810 [00:02<00:01, 2065.88it/s]
 68%|██████▊   | 5993/8810 [00:02<00:01, 2111.49it/s]
 70%|███████   | 6209/8810 [00:02<00:01, 2124.74it/s]
 73%|███████▎  | 6425/8810 [00:02<00:01, 2113.98it/s]
 76%|███████▌  | 6689/8810 [00:02<00:00, 2262.75it/s]
 79%|███████▉  | 6972/8810 [00:03<00:00, 2301.73it/s]
 82%|████████▏ | 7241/8810 [00:03<00:00, 2411.03it/s]
 85%|████████▍ | 7484/8810 [00:03<00:00, 2311.42it/s]
 88%|████████▊ | 7717/8810 [00:03<00:00, 2213.74it/s]
 90%|█████████ | 7940/8810 [00:03<00:00, 2099.61it/s]
 93%|█████████▎| 8152/8810 [00:03<00:00, 1889.53it/s]
 95%|█████████▍| 8358/8810 [00:03<00:00, 1933.53it/s]
 97%|█████████▋| 8555/8810 [00:03<00:00, 1806.05it/s]
 99%|█████████▉| 8739/8810 [00:04<00:00, 1782.77it/s]
100%|██████████| 8810/8810 [00:04<00:00, 2171.10it/s]
