
  0%|          | 0/8810 [00:00<?, ?it/s]
  2%|▏         | 181/8810 [00:00<00:06, 1379.98it/s]
  5%|▍         | 407/8810 [00:00<00:04, 1826.24it/s]
  7%|▋         | 638/8810 [00:00<00:04, 2030.12it/s]
 10%|▉         | 846/8810 [00:00<00:04, 1675.76it/s]
 12%|█▏        | 1024/8810 [00:00<00:04, 1640.13it/s]
 14%|█▍        | 1243/8810 [00:00<00:04, 1798.50it/s]
 17%|█▋        | 1457/8810 [00:00<00:04, 1725.30it/s]
 19%|█▊        | 1644/8810 [00:00<00:04, 1762.04it/s]
 21%|██        | 1825/8810 [00:01<00:04, 1679.07it/s]
 23%|██▎       | 2028/8810 [00:01<00:03, 1773.36it/s]
 25%|██▌       | 2241/8810 [00:01<00:03, 1871.58it/s]
 28%|██▊       | 2432/8810 [00:01<00:03, 1810.74it/s]
 30%|███       | 2668/8810 [00:01<00:03, 1963.32it/s]
 33%|███▎      | 2867/8810 [00:01<00:03, 1774.86it/s]
 35%|███▍      | 3050/8810 [00:01<00:03, 1756.63it/s]
 37%|███▋      | 3229/8810 [00:01<00:03, 1620.29it/s]
 39%|███▊      | 3410/8810 [00:01<00:03, 1550.05it/s]
 41%|████      | 3631/8810 [00:02<00:03, 1721.16it/s]
 43%|████▎     | 3808/8810 [00:02<00:03, 1615.68it/s]
 45%|████▌     | 3974/8810 [00:02<00:03, 1588.96it/s]
 47%|████▋     | 4180/8810 [00:02<00:02, 1556.11it/s]
 50%|█████     | 4419/8810 [00:02<00:02, 1764.22it/s]
 52%|█████▏    | 4621/8810 [00:02<00:02, 1830.25it/s]
 55%|█████▍    | 4808/8810 [00:02<00:02, 1565.66it/s]
 56%|█████▋    | 4974/8810 [00:02<00:02, 1413.52it/s]
 59%|█████▊    | 5172/8810 [00:03<00:02, 1549.99it/s]
 61%|██████    | 5358/8810 [00:03<00:02, 1624.66it/s]
 63%|██████▎   | 5528/8810 [00:03<00:02, 1513.68it/s]
 65%|██████▌   | 5736/8810 [00:03<00:01, 1659.16it/s]
 67%|██████▋   | 5909/8810 [00:03<00:02, 1432.18it/s]
 69%|██████▉   | 6062/8810 [00:03<00:02, 1361.39it/s]
 71%|███████   | 6231/8810 [00:03<00:01, 1440.06it/s]
 73%|███████▎  | 6400/8810 [00:03<00:01, 1363.46it/s]
 75%|███████▍  | 6572/8810 [00:04<00:01, 1446.97it/s]
 77%|███████▋  | 6789/8810 [00:04<00:01, 1633.80it/s]
 79%|███████▉  | 6972/8810 [00:04<00:01, 1557.06it/s]
 81%|████████▏ | 7162/8810 [00:04<00:01, 1643.50it/s]
 83%|████████▎ | 7331/8810 [00:04<00:00, 1577.08it/s]
 85%|████████▌ | 7492/8810 [00:04<00:00, 1433.58it/s]
 87%|████████▋ | 7671/8810 [00:04<00:00, 1525.56it/s]
 89%|████████▉ | 7828/8810 [00:04<00:00, 1348.92it/s]
 91%|█████████ | 7992/8810 [00:04<00:00, 1419.44it/s]
 92%|█████████▏| 8140/8810 [00:05<00:00, 1262.62it/s]
 94%|█████████▍| 8318/8810 [00:05<00:00, 1388.53it/s]
 96%|█████████▌| 8464/8810 [00:05<00:00, 1331.67it/s]
 98%|█████████▊| 8655/8810 [00:05<00:00, 1480.01it/s]
100%|█████████▉| 8809/8810 [00:05<00:00, 1428.17it/s]
100%|██████████| 8810/8810 [00:05<00:00, 1579.54it/s]
