
  0%|          | 0/8810 [00:00<?, ?it/s]
  2%|▏         | 181/8810 [00:00<00:05, 1451.38it/s]
  5%|▍         | 427/8810 [00:00<00:04, 1968.02it/s]
  7%|▋         | 655/8810 [00:00<00:03, 2086.32it/s]
 10%|▉         | 867/8810 [00:00<00:04, 1788.92it/s]
 12%|█▏        | 1053/8810 [00:00<00:04, 1680.75it/s]
 15%|█▍        | 1289/8810 [00:00<00:04, 1876.83it/s]
 17%|█▋        | 1483/8810 [00:00<00:04, 1736.96it/s]
 19%|█▉        | 1705/8810 [00:00<00:03, 1868.65it/s]
 22%|██▏       | 1898/8810 [00:01<00:04, 1684.51it/s]
 24%|██▍       | 2137/8810 [00:01<00:03, 1871.64it/s]
 26%|██▋       | 2332/8810 [00:01<00:03, 1710.22it/s]
 29%|██▉       | 2581/8810 [00:01<00:03, 1912.34it/s]
 32%|███▏      | 2781/8810 [00:01<00:03, 1764.44it/s]
 34%|███▍      | 2982/8810 [00:01<00:03, 1825.87it/s]
 36%|███▌      | 3171/8810 [00:01<00:03, 1703.34it/s]
 38%|███▊      | 3363/8810 [00:01<00:03, 1759.67it/s]
 40%|████      | 3544/8810 [00:02<00:03, 1641.47it/s]
 43%|████▎     | 3752/8810 [00:02<00:02, 1757.84it/s]
 45%|████▍     | 3933/8810 [00:02<00:03, 1615.47it/s]
 47%|████▋     | 4180/8810 [00:02<00:02, 1717.94it/s]
 50%|████▉     | 4401/8810 [00:02<00:02, 1842.32it/s]
 52%|█████▏    | 4590/8810 [00:02<00:02, 1805.93it/s]
 54%|█████▍    | 4774/8810 [00:02<00:02, 1690.58it/s]
 56%|█████▌    | 4946/8810 [00:02<00:02, 1544.57it/s]
 58%|█████▊    | 5126/8810 [00:02<00:02, 1605.52it/s]
 60%|██████    | 5319/8810 [00:03<00:02, 1692.53it/s]
 62%|██████▏   | 5492/8810 [00:03<00:02, 1579.04it/s]
 65%|██████▌   | 5729/8810 [00:03<00:01, 1789.85it/s]
 67%|██████▋   | 5913/8810 [00:03<00:01, 1586.74it/s]
 69%|██████▉   | 6079/8810 [00:03<00:01, 1545.50it/s]
 72%|███████▏  | 6301/8810 [00:03<00:01, 1721.20it/s]
 74%|███████▎  | 6479/8810 [00:03<00:01, 1622.58it/s]
 77%|███████▋  | 6747/8810 [00:03<00:01, 1901.32it/s]
 79%|███████▉  | 6968/8810 [00:03<00:00, 1982.27it/s]
 81%|████████▏ | 7172/8810 [00:04<00:00, 1758.71it/s]
 84%|████████▎ | 7360/8810 [00:04<00:00, 1710.18it/s]
 86%|████████▌ | 7550/8810 [00:04<00:00, 1759.35it/s]
 88%|████████▊ | 7731/8810 [00:04<00:00, 1699.67it/s]
 90%|████████▉ | 7905/8810 [00:04<00:00, 1684.64it/s]
 92%|█████████▏| 8076/8810 [00:04<00:00, 1415.27it/s]
 94%|█████████▎| 8252/8810 [00:04<00:00, 1497.62it/s]
 95%|█████████▌| 8409/8810 [00:04<00:00, 1397.41it/s]
 98%|█████████▊| 8623/8810 [00:05<00:00, 1585.28it/s]
100%|█████████▉| 8789/8810 [00:05<00:00, 1549.45it/s]
100%|██████████| 8810/8810 [00:05<00:00, 1699.19it/s]
