
  0%|          | 0/8810 [00:00<?, ?it/s]
  2%|▏         | 181/8810 [00:00<00:05, 1450.28it/s]
  4%|▍         | 383/8810 [00:00<00:04, 1752.28it/s]
  7%|▋         | 604/8810 [00:00<00:04, 1948.05it/s]
  9%|▉         | 802/8810 [00:00<00:04, 1714.84it/s]
 11%|█▏        | 996/8810 [00:00<00:04, 1581.84it/s]
 14%|█▍        | 1212/8810 [00:00<00:04, 1745.26it/s]
 16%|█▌        | 1416/8810 [00:00<00:04, 1824.14it/s]
 18%|█▊        | 1604/8810 [00:00<00:04, 1634.65it/s]
 21%|██        | 1821/8810 [00:01<00:04, 1621.41it/s]
 23%|██▎       | 2028/8810 [00:01<00:03, 1734.60it/s]
 26%|██▌       | 2262/8810 [00:01<00:03, 1897.87it/s]
 28%|██▊       | 2458/8810 [00:01<00:03, 1806.30it/s]
 31%|███       | 2715/8810 [00:01<00:03, 2013.66it/s]
 33%|███▎      | 2922/8810 [00:01<00:03, 1746.45it/s]
 35%|███▌      | 3106/8810 [00:01<00:03, 1666.67it/s]
 37%|███▋      | 3286/8810 [00:01<00:03, 1699.76it/s]
 39%|███▉      | 3461/8810 [00:02<00:03, 1607.85it/s]
 42%|████▏     | 3690/8810 [00:02<00:02, 1780.62it/s]
 44%|████▍     | 3873/8810 [00:02<00:03, 1545.46it/s]
 46%|████▌     | 4072/8810 [00:02<00:02, 1656.95it/s]
 48%|████▊     | 4246/8810 [00:02<00:02, 1649.47it/s]
 51%|█████     | 4483/8810 [00:02<00:02, 1843.58it/s]
 53%|█████▎    | 4674/8810 [00:02<00:02, 1668.42it/s]
 55%|█████▌    | 4875/8810 [00:02<00:02, 1753.45it/s]
 57%|█████▋    | 5057/8810 [00:02<00:02, 1654.88it/s]
 60%|██████    | 5293/8810 [00:03<00:01, 1842.79it/s]
 62%|██████▏   | 5483/8810 [00:03<00:01, 1760.74it/s]
 65%|██████▌   | 5750/8810 [00:03<00:01, 2007.60it/s]
 68%|██████▊   | 5957/8810 [00:03<00:01, 1750.94it/s]
 70%|██████▉   | 6142/8810 [00:03<00:01, 1656.23it/s]
 72%|███████▏  | 6369/8810 [00:03<00:01, 1811.48it/s]
 74%|███████▍  | 6558/8810 [00:03<00:01, 1690.65it/s]
 77%|███████▋  | 6776/8810 [00:03<00:01, 1815.21it/s]
 79%|███████▉  | 6972/8810 [00:04<00:01, 1764.58it/s]
 81%|████████▏ | 7159/8810 [00:04<00:00, 1788.33it/s]
 83%|████████▎ | 7342/8810 [00:04<00:00, 1784.08it/s]
 85%|████████▌ | 7523/8810 [00:04<00:00, 1595.31it/s]
 88%|████████▊ | 7715/8810 [00:04<00:00, 1543.80it/s]
 90%|████████▉ | 7886/8810 [00:04<00:00, 1584.57it/s]
 91%|█████████▏| 8048/8810 [00:04<00:00, 1486.75it/s]
 93%|█████████▎| 8228/8810 [00:04<00:00, 1568.88it/s]
 95%|█████████▌| 8389/8810 [00:04<00:00, 1516.13it/s]
 98%|█████████▊| 8613/8810 [00:05<00:00, 1710.58it/s]
100%|█████████▉| 8788/8810 [00:05<00:00, 1625.95it/s]
100%|██████████| 8810/8810 [00:05<00:00, 1706.98it/s]
