
  0%|          | 0/8810 [00:00<?, ?it/s]
  2%|▏         | 211/8810 [00:00<00:04, 2101.53it/s]
  5%|▍         | 434/8810 [00:00<00:03, 2176.58it/s]
  8%|▊         | 691/8810 [00:00<00:03, 2354.40it/s]
 11%|█         | 954/8810 [00:00<00:03, 2460.74it/s]
 14%|█▎        | 1201/8810 [00:00<00:03, 2299.94it/s]
 17%|█▋        | 1457/8810 [00:00<00:03, 2216.41it/s]
 19%|█▉        | 1681/8810 [00:00<00:03, 2205.68it/s]
 22%|██▏       | 1903/8810 [00:00<00:03, 2161.68it/s]
 25%|██▌       | 2217/8810 [00:00<00:02, 2440.57it/s]
 28%|██▊       | 2463/8810 [00:01<00:02, 2291.30it/s]
 31%|███       | 2744/8810 [00:01<00:02, 2280.37it/s]
 34%|███▍      | 2976/8810 [00:01<00:02, 2285.91it/s]
 36%|███▋      | 3207/8810 [00:01<00:02, 2084.15it/s]
 39%|███▉      | 3419/8810 [00:01<00:02, 1937.03it/s]
 41%|████▏     | 3638/8810 [00:01<00:02, 2002.10it/s]
 44%|████▎     | 3842/8810 [00:01<00:02, 2007.21it/s]
 47%|████▋     | 4113/8810 [00:01<00:02, 2197.53it/s]
 49%|████▉     | 4336/8810 [00:01<00:02, 2140.75it/s]
 52%|█████▏    | 4625/8810 [00:02<00:01, 2153.55it/s]
 55%|█████▍    | 4842/8810 [00:02<00:01, 2084.43it/s]
 57%|█████▋    | 5052/8810 [00:02<00:01, 2020.69it/s]
 60%|██████    | 5315/8810 [00:02<00:01, 2185.79it/s]
 63%|██████▎   | 5536/8810 [00:02<00:01, 2037.26it/s]
 65%|██████▌   | 5758/8810 [00:02<00:01, 2084.00it/s]
 68%|██████▊   | 5969/8810 [00:02<00:01, 2079.48it/s]
 70%|███████   | 6179/8810 [00:02<00:01, 1961.88it/s]
 73%|███████▎  | 6400/8810 [00:03<00:01, 1893.26it/s]
 76%|███████▌  | 6700/8810 [00:03<00:00, 2190.44it/s]
 79%|███████▉  | 6972/8810 [00:03<00:00, 2191.09it/s]
 82%|████████▏ | 7195/8810 [00:03<00:00, 2152.03it/s]
 84%|████████▍ | 7413/8810 [00:03<00:00, 2115.10it/s]
 87%|████████▋ | 7646/8810 [00:03<00:00, 2173.25it/s]
 89%|████████▉ | 7865/8810 [00:03<00:00, 2096.81it/s]
 92%|█████████▏| 8076/8810 [00:03<00:00, 1853.64it/s]
 95%|█████████▍| 8334/8810 [00:03<00:00, 2040.92it/s]
 97%|█████████▋| 8545/8810 [00:04<00:00, 1828.75it/s]
100%|█████████▉| 8776/8810 [00:04<00:00, 1951.45it/s]
100%|██████████| 8810/8810 [00:04<00:00, 2107.06it/s]
