
  0%|          | 0/8810 [00:00<?, ?it/s]
  2%|▏         | 181/8810 [00:00<00:05, 1488.05it/s]
  5%|▍         | 427/8810 [00:00<00:04, 2001.60it/s]
  7%|▋         | 651/8810 [00:00<00:03, 2104.80it/s]
 10%|▉         | 865/8810 [00:00<00:04, 1731.32it/s]
 12%|█▏        | 1048/8810 [00:00<00:04, 1626.18it/s]
 14%|█▍        | 1266/8810 [00:00<00:04, 1783.32it/s]
 17%|█▋        | 1457/8810 [00:00<00:04, 1667.67it/s]
 19%|█▉        | 1661/8810 [00:00<00:04, 1764.91it/s]
 21%|██        | 1843/8810 [00:01<00:04, 1713.41it/s]
 23%|██▎       | 2062/8810 [00:01<00:03, 1842.46it/s]
 26%|██▌       | 2263/8810 [00:01<00:03, 1676.06it/s]
 28%|██▊       | 2436/8810 [00:01<00:03, 1672.91it/s]
 30%|██▉       | 2639/8810 [00:01<00:03, 1768.55it/s]
 32%|███▏      | 2820/8810 [00:01<00:03, 1605.56it/s]
 34%|███▍      | 3039/8810 [00:01<00:03, 1757.64it/s]
 37%|███▋      | 3221/8810 [00:01<00:03, 1660.01it/s]
 39%|███▊      | 3410/8810 [00:01<00:03, 1603.94it/s]
 41%|████      | 3629/8810 [00:02<00:02, 1756.03it/s]
 43%|████▎     | 3810/8810 [00:02<00:02, 1688.84it/s]
 46%|████▌     | 4015/8810 [00:02<00:02, 1778.04it/s]
 48%|████▊     | 4196/8810 [00:02<00:02, 1602.97it/s]
 50%|█████     | 4416/8810 [00:02<00:02, 1757.60it/s]
 52%|█████▏    | 4598/8810 [00:02<00:02, 1760.79it/s]
 54%|█████▍    | 4778/8810 [00:02<00:02, 1531.79it/s]
 56%|█████▌    | 4939/8810 [00:02<00:02, 1333.53it/s]
 58%|█████▊    | 5104/8810 [00:03<00:02, 1405.36it/s]
 60%|█████▉    | 5285/8810 [00:03<00:02, 1503.67it/s]
 62%|██████▏   | 5443/8810 [00:03<00:02, 1349.39it/s]
 64%|██████▍   | 5637/8810 [00:03<00:02, 1495.81it/s]
 66%|██████▌   | 5795/8810 [00:03<00:02, 1411.20it/s]
 67%|██████▋   | 5942/8810 [00:03<00:02, 1360.83it/s]
 69%|██████▉   | 6083/8810 [00:03<00:02, 1360.74it/s]
 71%|███████   | 6232/8810 [00:03<00:01, 1391.55it/s]
 73%|███████▎  | 6400/8810 [00:04<00:01, 1332.31it/s]
 74%|███████▍  | 6560/8810 [00:04<00:01, 1401.62it/s]
 77%|███████▋  | 6774/8810 [00:04<00:01, 1601.59it/s]
 79%|███████▉  | 6949/8810 [00:04<00:01, 1640.00it/s]
 81%|████████  | 7116/8810 [00:04<00:01, 1486.83it/s]
 83%|████████▎ | 7275/8810 [00:04<00:01, 1513.98it/s]
 84%|████████▍ | 7430/8810 [00:04<00:00, 1488.27it/s]
 86%|████████▌ | 7582/8810 [00:04<00:00, 1412.14it/s]
 88%|████████▊ | 7726/8810 [00:04<00:00, 1371.23it/s]
 89%|████████▉ | 7868/8810 [00:05<00:00, 1380.76it/s]
 91%|█████████ | 8025/8810 [00:05<00:00, 1433.69it/s]
 93%|█████████▎| 8170/8810 [00:05<00:00, 1287.75it/s]
 94%|█████████▍| 8303/8810 [00:05<00:00, 1290.66it/s]
 96%|█████████▌| 8435/8810 [00:05<00:00, 1166.73it/s]
 98%|█████████▊| 8601/8810 [00:05<00:00, 1294.83it/s]
 99%|█████████▉| 8735/8810 [00:05<00:00, 1134.25it/s]
100%|██████████| 8810/8810 [00:05<00:00, 1518.72it/s]
