
  0%|          | 0/8810 [00:00<?, ?it/s]
  2%|▏         | 164/8810 [00:00<00:05, 1633.68it/s]
  4%|▎         | 328/8810 [00:00<00:05, 1429.77it/s]
  5%|▌         | 473/8810 [00:00<00:05, 1434.81it/s]
  7%|▋         | 656/8810 [00:00<00:05, 1483.55it/s]
  9%|▉         | 814/8810 [00:00<00:05, 1508.95it/s]
 11%|█         | 966/8810 [00:00<00:05, 1502.81it/s]
 13%|█▎        | 1117/8810 [00:00<00:05, 1482.15it/s]
 15%|█▍        | 1297/8810 [00:00<00:04, 1574.71it/s]
 17%|█▋        | 1457/8810 [00:00<00:05, 1460.58it/s]
 18%|█▊        | 1616/8810 [00:01<00:04, 1492.38it/s]
 21%|██        | 1821/8810 [00:01<00:04, 1495.33it/s]
 23%|██▎       | 1992/8810 [00:01<00:04, 1551.72it/s]
 25%|██▌       | 2211/8810 [00:01<00:03, 1728.30it/s]
 27%|██▋       | 2387/8810 [00:01<00:04, 1569.01it/s]
 29%|██▉       | 2590/8810 [00:01<00:03, 1690.05it/s]
 31%|███▏      | 2764/8810 [00:01<00:04, 1502.95it/s]
 33%|███▎      | 2922/8810 [00:01<00:03, 1521.19it/s]
 35%|███▍      | 3079/8810 [00:02<00:04, 1400.67it/s]
 37%|███▋      | 3238/8810 [00:02<00:03, 1444.83it/s]
 39%|███▊      | 3401/8810 [00:02<00:03, 1490.37it/s]
 40%|████      | 3554/8810 [00:02<00:03, 1412.84it/s]
 42%|████▏     | 3728/8810 [00:02<00:03, 1500.53it/s]
 44%|████▍     | 3881/8810 [00:02<00:03, 1360.29it/s]
 46%|████▌     | 4070/8810 [00:02<00:03, 1493.10it/s]
 48%|████▊     | 4224/8810 [00:02<00:03, 1402.59it/s]
 50%|████▉     | 4398/8810 [00:02<00:02, 1491.47it/s]
 52%|█████▏    | 4556/8810 [00:03<00:02, 1512.57it/s]
 53%|█████▎    | 4710/8810 [00:03<00:03, 1346.09it/s]
 55%|█████▌    | 4871/8810 [00:03<00:02, 1413.73it/s]
 57%|█████▋    | 5017/8810 [00:03<00:02, 1292.34it/s]
 59%|█████▉    | 5194/8810 [00:03<00:02, 1413.72it/s]
 61%|██████    | 5372/8810 [00:03<00:02, 1450.80it/s]
 63%|██████▎   | 5556/8810 [00:03<00:02, 1554.78it/s]
 65%|██████▌   | 5754/8810 [00:03<00:02, 1511.36it/s]
 67%|██████▋   | 5909/8810 [00:04<00:02, 1386.62it/s]
 69%|██████▊   | 6051/8810 [00:04<00:02, 1300.46it/s]
 71%|███████   | 6231/8810 [00:04<00:01, 1425.32it/s]
 73%|███████▎  | 6400/8810 [00:04<00:01, 1357.83it/s]
 75%|███████▍  | 6586/8810 [00:04<00:01, 1482.42it/s]
 77%|███████▋  | 6789/8810 [00:04<00:01, 1628.98it/s]
 79%|███████▉  | 6972/8810 [00:04<00:01, 1530.19it/s]
 81%|████████  | 7150/8810 [00:04<00:01, 1594.16it/s]
 83%|████████▎ | 7314/8810 [00:04<00:00, 1577.00it/s]
 85%|████████▍ | 7475/8810 [00:05<00:00, 1455.35it/s]
 87%|████████▋ | 7664/8810 [00:05<00:00, 1570.72it/s]
 89%|████████▉ | 7825/8810 [00:05<00:00, 1419.58it/s]
 91%|█████████ | 7984/8810 [00:05<00:00, 1462.75it/s]
 92%|█████████▏| 8135/8810 [00:05<00:00, 1287.62it/s]
 94%|█████████▍| 8290/8810 [00:05<00:00, 1351.62it/s]
 96%|█████████▌| 8431/8810 [00:05<00:00, 1278.35it/s]
 98%|█████████▊| 8611/8810 [00:05<00:00, 1412.67it/s]
 99%|█████████▉| 8757/8810 [00:06<00:00, 1312.46it/s]
100%|██████████| 8810/8810 [00:06<00:00, 1456.71it/s]
