
  0%|          | 0/8810 [00:00<?, ?it/s]
  2%|▏         | 181/8810 [00:00<00:06, 1331.03it/s]
  5%|▍         | 427/8810 [00:00<00:04, 1904.02it/s]
  7%|▋         | 653/8810 [00:00<00:03, 2052.56it/s]
 10%|▉         | 864/8810 [00:00<00:04, 1662.64it/s]
 12%|█▏        | 1042/8810 [00:00<00:04, 1619.89it/s]
 14%|█▍        | 1270/8810 [00:00<00:04, 1810.68it/s]
 17%|█▋        | 1459/8810 [00:00<00:04, 1676.97it/s]
 19%|█▊        | 1651/8810 [00:00<00:04, 1743.49it/s]
 21%|██        | 1831/8810 [00:01<00:04, 1587.03it/s]
 23%|██▎       | 2027/8810 [00:01<00:04, 1685.52it/s]
 25%|██▌       | 2219/8810 [00:01<00:03, 1733.64it/s]
 27%|██▋       | 2397/8810 [00:01<00:04, 1509.14it/s]
 30%|██▉       | 2628/8810 [00:01<00:03, 1708.47it/s]
 32%|███▏      | 2808/8810 [00:01<00:03, 1546.69it/s]
 34%|███▍      | 2976/8810 [00:01<00:03, 1576.27it/s]
 36%|███▌      | 3140/8810 [00:01<00:03, 1419.08it/s]
 37%|███▋      | 3289/8810 [00:02<00:03, 1412.68it/s]
 39%|███▉      | 3435/8810 [00:02<00:04, 1321.37it/s]
 41%|████      | 3618/8810 [00:02<00:03, 1448.59it/s]
 43%|████▎     | 3774/8810 [00:02<00:03, 1352.29it/s]
 45%|████▌     | 3970/8810 [00:02<00:03, 1509.12it/s]
 47%|████▋     | 4180/8810 [00:02<00:03, 1507.51it/s]
 50%|████▉     | 4388/8810 [00:02<00:02, 1654.57it/s]
 52%|█████▏    | 4559/8810 [00:02<00:02, 1618.79it/s]
 54%|█████▎    | 4725/8810 [00:03<00:02, 1396.31it/s]
 55%|█████▌    | 4872/8810 [00:03<00:02, 1406.09it/s]
 57%|█████▋    | 5018/8810 [00:03<00:03, 1189.10it/s]
 59%|█████▊    | 5170/8810 [00:03<00:02, 1266.13it/s]
 60%|██████    | 5312/8810 [00:03<00:02, 1303.21it/s]
 62%|██████▏   | 5449/8810 [00:03<00:02, 1164.44it/s]
 64%|██████▍   | 5626/8810 [00:03<00:02, 1315.57it/s]
 65%|██████▌   | 5765/8810 [00:03<00:02, 1237.60it/s]
 67%|██████▋   | 5895/8810 [00:03<00:02, 1232.91it/s]
 68%|██████▊   | 6024/8810 [00:04<00:02, 1247.48it/s]
 70%|██████▉   | 6152/8810 [00:04<00:02, 1217.23it/s]
 72%|███████▏  | 6315/8810 [00:04<00:01, 1328.05it/s]
 73%|███████▎  | 6451/8810 [00:04<00:01, 1234.83it/s]
 75%|███████▌  | 6627/8810 [00:04<00:01, 1376.84it/s]
 77%|███████▋  | 6822/8810 [00:04<00:01, 1535.64it/s]
 79%|███████▉  | 6980/8810 [00:04<00:01, 1461.58it/s]
 81%|████████  | 7152/8810 [00:04<00:01, 1528.82it/s]
 83%|████████▎ | 7312/8810 [00:04<00:00, 1546.66it/s]
 85%|████████▍ | 7469/8810 [00:05<00:00, 1368.63it/s]
 86%|████████▋ | 7611/8810 [00:05<00:00, 1362.75it/s]
 88%|████████▊ | 7751/8810 [00:05<00:00, 1204.90it/s]
 89%|████████▉ | 7877/8810 [00:05<00:00, 1196.30it/s]
 91%|█████████ | 8013/8810 [00:05<00:00, 1237.66it/s]
 92%|█████████▏| 8140/8810 [00:05<00:00, 1133.06it/s]
 94%|█████████▍| 8301/8810 [00:05<00:00, 1257.77it/s]
 96%|█████████▌| 8431/8810 [00:05<00:00, 1151.78it/s]
 98%|█████████▊| 8612/8810 [00:06<00:00, 1321.78it/s]
 99%|█████████▉| 8750/8810 [00:06<00:00, 1218.53it/s]
100%|██████████| 8810/8810 [00:06<00:00, 1417.73it/s]
