
  0%|          | 0/8810 [00:00<?, ?it/s]
  2%|▏         | 181/8810 [00:00<00:06, 1379.76it/s]
  5%|▍         | 421/8810 [00:00<00:04, 1905.80it/s]
  7%|▋         | 638/8810 [00:00<00:04, 2011.13it/s]
 10%|▉         | 844/8810 [00:00<00:04, 1672.32it/s]
 12%|█▏        | 1021/8810 [00:00<00:05, 1490.33it/s]
 14%|█▎        | 1198/8810 [00:00<00:04, 1562.51it/s]
 15%|█▌        | 1361/8810 [00:00<00:04, 1559.46it/s]
 17%|█▋        | 1522/8810 [00:00<00:04, 1487.58it/s]
 19%|█▉        | 1707/8810 [00:01<00:04, 1587.09it/s]
 21%|██        | 1870/8810 [00:01<00:04, 1451.56it/s]
 23%|██▎       | 2068/8810 [00:01<00:04, 1588.65it/s]
 26%|██▌       | 2263/8810 [00:01<00:04, 1496.85it/s]
 28%|██▊       | 2489/8810 [00:01<00:03, 1693.76it/s]
 31%|███       | 2743/8810 [00:01<00:03, 1921.05it/s]
 33%|███▎      | 2943/8810 [00:01<00:03, 1703.77it/s]
 35%|███▌      | 3123/8810 [00:01<00:03, 1653.54it/s]
 37%|███▋      | 3295/8810 [00:02<00:03, 1660.65it/s]
 39%|███▉      | 3466/8810 [00:02<00:03, 1610.82it/s]
 42%|████▏     | 3696/8810 [00:02<00:02, 1796.50it/s]
 44%|████▍     | 3880/8810 [00:02<00:03, 1583.56it/s]
 47%|████▋     | 4152/8810 [00:02<00:02, 1876.25it/s]
 49%|████▉     | 4349/8810 [00:02<00:02, 1761.51it/s]
 51%|█████▏    | 4534/8810 [00:02<00:02, 1782.77it/s]
 54%|█████▎    | 4718/8810 [00:02<00:02, 1571.85it/s]
 56%|█████▌    | 4893/8810 [00:02<00:02, 1612.74it/s]
 57%|█████▋    | 5061/8810 [00:03<00:02, 1490.76it/s]
 60%|█████▉    | 5269/8810 [00:03<00:02, 1640.22it/s]
 62%|██████▏   | 5440/8810 [00:03<00:02, 1527.68it/s]
 64%|██████▍   | 5672/8810 [00:03<00:01, 1734.64it/s]
 66%|██████▋   | 5853/8810 [00:03<00:01, 1680.89it/s]
 68%|██████▊   | 6026/8810 [00:03<00:01, 1643.72it/s]
 70%|███████   | 6194/8810 [00:03<00:01, 1589.67it/s]
 73%|███████▎  | 6392/8810 [00:03<00:01, 1693.56it/s]
 75%|███████▍  | 6564/8810 [00:03<00:01, 1625.85it/s]
 77%|███████▋  | 6817/8810 [00:04<00:01, 1875.44it/s]
 80%|███████▉  | 7009/8810 [00:04<00:00, 1811.10it/s]
 82%|████████▏ | 7193/8810 [00:04<00:00, 1811.46it/s]
 84%|████████▎ | 7377/8810 [00:04<00:00, 1746.71it/s]
 86%|████████▌ | 7554/8810 [00:04<00:00, 1707.20it/s]
 88%|████████▊ | 7726/8810 [00:04<00:00, 1655.23it/s]
 90%|████████▉ | 7893/8810 [00:04<00:00, 1627.18it/s]
 91%|█████████▏| 8057/8810 [00:04<00:00, 1377.42it/s]
 93%|█████████▎| 8202/8810 [00:05<00:00, 1393.53it/s]
 95%|█████████▍| 8361/8810 [00:05<00:00, 1357.69it/s]
 97%|█████████▋| 8544/8810 [00:05<00:00, 1476.37it/s]
 99%|█████████▉| 8702/8810 [00:05<00:00, 1373.38it/s]
100%|██████████| 8810/8810 [00:05<00:00, 1621.21it/s]
