
  0%|          | 0/8810 [00:00<?, ?it/s]
  2%|▏         | 181/8810 [00:00<00:07, 1150.81it/s]
  4%|▍         | 341/8810 [00:00<00:06, 1353.90it/s]
  6%|▌         | 518/8810 [00:00<00:05, 1517.26it/s]
  8%|▊         | 675/8810 [00:00<00:06, 1293.37it/s]
  9%|▉         | 811/8810 [00:00<00:06, 1293.13it/s]
 11%|█         | 945/8810 [00:00<00:06, 1237.67it/s]
 12%|█▏        | 1072/8810 [00:00<00:07, 1079.36it/s]
 14%|█▍        | 1225/8810 [00:00<00:06, 1189.02it/s]
 15%|█▌        | 1349/8810 [00:01<00:06, 1134.23it/s]
 17%|█▋        | 1466/8810 [00:01<00:07, 1003.17it/s]
 18%|█▊        | 1571/8810 [00:01<00:07, 983.21it/s] 
 19%|█▉        | 1698/8810 [00:01<00:06, 1053.71it/s]
 21%|██        | 1807/8810 [00:01<00:06, 1044.84it/s]
 22%|██▏       | 1914/8810 [00:01<00:07, 886.17it/s] 
 23%|██▎       | 2026/8810 [00:01<00:07, 939.08it/s]
 24%|██▍       | 2125/8810 [00:02<00:07, 839.82it/s]
 25%|██▌       | 2218/8810 [00:02<00:07, 861.85it/s]
 26%|██▌       | 2308/8810 [00:02<00:08, 765.23it/s]
 27%|██▋       | 2415/8810 [00:02<00:07, 840.28it/s]
 30%|██▉       | 2611/8810 [00:02<00:05, 1130.18it/s]
 31%|███       | 2744/8810 [00:02<00:05, 1056.36it/s]
 33%|███▎      | 2871/8810 [00:02<00:05, 1106.37it/s]
 34%|███▍      | 2987/8810 [00:02<00:05, 1103.70it/s]
 35%|███▌      | 3101/8810 [00:02<00:05, 984.48it/s] 
 36%|███▋      | 3204/8810 [00:03<00:06, 880.17it/s]
 37%|███▋      | 3297/8810 [00:03<00:06, 860.62it/s]
 39%|███▊      | 3394/8810 [00:03<00:06, 880.49it/s]
 40%|███▉      | 3485/8810 [00:03<00:06, 780.92it/s]
 40%|████      | 3567/8810 [00:03<00:06, 789.93it/s]
 42%|████▏     | 3686/8810 [00:03<00:05, 891.44it/s]
 43%|████▎     | 3779/8810 [00:03<00:06, 789.27it/s]
 44%|████▍     | 3865/8810 [00:03<00:06, 805.54it/s]
 45%|████▍     | 3949/8810 [00:04<00:05, 814.06it/s]
 46%|████▌     | 4062/8810 [00:04<00:05, 896.52it/s]
 47%|████▋     | 4154/8810 [00:04<00:06, 769.06it/s]
 48%|████▊     | 4236/8810 [00:04<00:06, 708.28it/s]
 49%|████▉     | 4314/8810 [00:04<00:06, 724.55it/s]
 50%|█████     | 4409/8810 [00:04<00:05, 783.02it/s]
 51%|█████     | 4491/8810 [00:04<00:05, 773.86it/s]
 52%|█████▏    | 4571/8810 [00:04<00:05, 739.82it/s]
 53%|█████▎    | 4647/8810 [00:05<00:06, 685.96it/s]
 54%|█████▎    | 4720/8810 [00:05<00:05, 697.36it/s]
 54%|█████▍    | 4797/8810 [00:05<00:05, 714.84it/s]
 55%|█████▌    | 4870/8810 [00:05<00:05, 712.30it/s]
 56%|█████▌    | 4942/8810 [00:05<00:06, 638.56it/s]
 57%|█████▋    | 5027/8810 [00:05<00:05, 694.17it/s]
 58%|█████▊    | 5104/8810 [00:05<00:05, 714.55it/s]
 59%|█████▉    | 5196/8810 [00:05<00:04, 772.09it/s]
 60%|██████    | 5291/8810 [00:05<00:04, 818.47it/s]
 61%|██████    | 5374/8810 [00:05<00:04, 741.52it/s]
 62%|██████▏   | 5463/8810 [00:06<00:04, 780.10it/s]
 63%|██████▎   | 5555/8810 [00:06<00:03, 816.42it/s]
 64%|██████▍   | 5668/8810 [00:06<00:03, 902.81it/s]
 65%|██████▌   | 5760/8810 [00:06<00:03, 809.80it/s]
 66%|██████▋   | 5853/8810 [00:06<00:03, 839.77it/s]
 67%|██████▋   | 5940/8810 [00:06<00:03, 745.97it/s]
 68%|██████▊   | 6022/8810 [00:06<00:03, 762.27it/s]
 69%|██████▉   | 6101/8810 [00:06<00:03, 747.99it/s]
 70%|███████   | 6183/8810 [00:07<00:03, 767.22it/s]
 71%|███████▏  | 6286/8810 [00:07<00:03, 837.25it/s]
 72%|███████▏  | 6372/8810 [00:07<00:02, 838.79it/s]
 73%|███████▎  | 6457/8810 [00:07<00:03, 721.99it/s]
 74%|███████▍  | 6533/8810 [00:07<00:03, 712.86it/s]
 75%|███████▌  | 6637/8810 [00:07<00:02, 797.39it/s]
 77%|███████▋  | 6746/8810 [00:07<00:02, 876.05it/s]
 78%|███████▊  | 6837/8810 [00:07<00:02, 859.74it/s]
 79%|███████▊  | 6935/8810 [00:07<00:02, 890.87it/s]
 80%|███████▉  | 7026/8810 [00:08<00:02, 811.51it/s]
 81%|████████  | 7116/8810 [00:08<00:02, 832.16it/s]
 82%|████████▏ | 7201/8810 [00:08<00:01, 819.61it/s]
 83%|████████▎ | 7291/8810 [00:08<00:01, 842.01it/s]
 84%|████████▎ | 7377/8810 [00:08<00:01, 776.50it/s]
 85%|████████▍ | 7462/8810 [00:08<00:01, 794.78it/s]
 86%|████████▌ | 7543/8810 [00:08<00:01, 702.46it/s]
 87%|████████▋ | 7642/8810 [00:08<00:01, 775.62it/s]
 88%|████████▊ | 7723/8810 [00:08<00:01, 707.20it/s]
 89%|████████▊ | 7797/8810 [00:09<00:01, 712.96it/s]
 89%|████████▉ | 7871/8810 [00:09<00:01, 675.79it/s]
 90%|█████████ | 7955/8810 [00:09<00:01, 717.45it/s]
 91%|█████████ | 8033/8810 [00:09<00:01, 732.02it/s]
 92%|█████████▏| 8108/8810 [00:09<00:01, 652.90it/s]
 93%|█████████▎| 8176/8810 [00:09<00:01, 622.87it/s]
 94%|█████████▎| 8240/8810 [00:09<00:00, 591.48it/s]
 94%|█████████▍| 8324/8810 [00:09<00:00, 655.50it/s]
 95%|█████████▌| 8392/8810 [00:10<00:00, 607.04it/s]
 96%|█████████▌| 8469/8810 [00:10<00:00, 646.58it/s]
 97%|█████████▋| 8545/8810 [00:10<00:00, 676.28it/s]
 98%|█████████▊| 8623/8810 [00:10<00:00, 704.72it/s]
 99%|█████████▉| 8702/8810 [00:10<00:00, 650.96it/s]
100%|█████████▉| 8806/8810 [00:10<00:00, 751.34it/s]
100%|██████████| 8810/8810 [00:10<00:00, 834.19it/s]
