
  0%|          | 0/8810 [00:00<?, ?it/s]
  2%|▏         | 181/8810 [00:00<00:05, 1534.73it/s]
  6%|▋         | 571/8810 [00:00<00:02, 2823.22it/s]
 10%|▉         | 863/8810 [00:00<00:02, 2665.34it/s]
 13%|█▎        | 1136/8810 [00:00<00:03, 2506.42it/s]
 17%|█▋        | 1457/8810 [00:00<00:02, 2554.82it/s]
 20%|██        | 1803/8810 [00:00<00:02, 2827.72it/s]
 24%|██▎       | 2091/8810 [00:00<00:02, 2725.93it/s]
 27%|██▋       | 2367/8810 [00:00<00:02, 2707.41it/s]
 31%|███       | 2744/8810 [00:01<00:02, 2843.57it/s]
 35%|███▍      | 3057/8810 [00:01<00:02, 2672.66it/s]
 38%|███▊      | 3327/8810 [00:01<00:02, 2555.91it/s]
 41%|████      | 3585/8810 [00:01<00:02, 2331.41it/s]
 43%|████▎     | 3829/8810 [00:01<00:02, 2353.53it/s]
 47%|████▋     | 4180/8810 [00:01<00:01, 2481.80it/s]
 51%|█████     | 4460/8810 [00:01<00:01, 2561.75it/s]
 54%|█████▎    | 4718/8810 [00:01<00:01, 2248.18it/s]
 56%|█████▌    | 4950/8810 [00:02<00:01, 2083.10it/s]
 60%|█████▉    | 5277/8810 [00:02<00:01, 2379.10it/s]
 63%|██████▎   | 5525/8810 [00:02<00:01, 2348.02it/s]
 66%|██████▌   | 5823/8810 [00:02<00:01, 2517.84it/s]
 69%|██████▉   | 6082/8810 [00:02<00:01, 2415.53it/s]
 73%|███████▎  | 6400/8810 [00:02<00:00, 2426.41it/s]
 77%|███████▋  | 6757/8810 [00:02<00:00, 2729.02it/s]
 80%|███████▉  | 7037/8810 [00:02<00:00, 2664.53it/s]
 83%|████████▎ | 7350/8810 [00:02<00:00, 2786.00it/s]
 87%|████████▋ | 7633/8810 [00:03<00:00, 2644.35it/s]
 90%|████████▉ | 7902/8810 [00:03<00:00, 2538.66it/s]
 93%|█████████▎| 8159/8810 [00:03<00:00, 2369.87it/s]
 95%|█████████▌| 8400/8810 [00:03<00:00, 2278.09it/s]
 98%|█████████▊| 8644/8810 [00:03<00:00, 2321.26it/s]
100%|██████████| 8810/8810 [00:03<00:00, 2484.74it/s]
