
  0%|          | 0/8810 [00:00<?, ?it/s]
  2%|▏         | 181/8810 [00:00<00:05, 1632.62it/s]
  5%|▍         | 430/8810 [00:00<00:03, 2104.25it/s]
  7%|▋         | 656/8810 [00:00<00:04, 1881.16it/s]
 10%|▉         | 862/8810 [00:00<00:04, 1939.80it/s]
 12%|█▏        | 1059/8810 [00:00<00:04, 1775.50it/s]
 15%|█▍        | 1282/8810 [00:00<00:03, 1911.76it/s]
 17%|█▋        | 1477/8810 [00:00<00:04, 1706.95it/s]
 19%|█▉        | 1706/8810 [00:00<00:03, 1867.99it/s]
 22%|██▏       | 1899/8810 [00:01<00:03, 1749.35it/s]
 25%|██▌       | 2208/8810 [00:01<00:03, 2113.50it/s]
 28%|██▊       | 2428/8810 [00:01<00:03, 2003.67it/s]
 31%|███       | 2709/8810 [00:01<00:02, 2220.47it/s]
 33%|███▎      | 2938/8810 [00:01<00:02, 2008.69it/s]
 36%|███▌      | 3147/8810 [00:01<00:03, 1886.04it/s]
 38%|███▊      | 3342/8810 [00:01<00:02, 1899.05it/s]
 40%|████      | 3537/8810 [00:01<00:03, 1731.29it/s]
 43%|████▎     | 3774/8810 [00:02<00:02, 1771.52it/s]
 46%|████▌     | 4027/8810 [00:02<00:02, 1961.06it/s]
 48%|████▊     | 4229/8810 [00:02<00:02, 1934.42it/s]
 51%|█████     | 4483/8810 [00:02<00:02, 2096.95it/s]
 53%|█████▎    | 4697/8810 [00:02<00:02, 1848.80it/s]
 56%|█████▌    | 4919/8810 [00:02<00:02, 1944.78it/s]
 58%|█████▊    | 5121/8810 [00:02<00:02, 1792.44it/s]
 61%|██████    | 5372/8810 [00:02<00:01, 1828.88it/s]
 63%|██████▎   | 5588/8810 [00:02<00:01, 1910.48it/s]
 66%|██████▌   | 5784/8810 [00:03<00:01, 1805.92it/s]
 68%|██████▊   | 5969/8810 [00:03<00:01, 1760.59it/s]
 70%|██████▉   | 6148/8810 [00:03<00:01, 1668.86it/s]
 72%|███████▏  | 6371/8810 [00:03<00:01, 1816.61it/s]
 74%|███████▍  | 6556/8810 [00:03<00:01, 1745.31it/s]
 77%|███████▋  | 6822/8810 [00:03<00:00, 1990.46it/s]
 80%|███████▉  | 7026/8810 [00:03<00:00, 1858.69it/s]
 82%|████████▏ | 7216/8810 [00:03<00:00, 1861.98it/s]
 84%|████████▍ | 7406/8810 [00:03<00:00, 1816.30it/s]
 86%|████████▌ | 7590/8810 [00:04<00:00, 1799.20it/s]
 88%|████████▊ | 7772/8810 [00:04<00:00, 1680.94it/s]
 90%|█████████ | 7953/8810 [00:04<00:00, 1713.77it/s]
 92%|█████████▏| 8127/8810 [00:04<00:00, 1616.36it/s]
 94%|█████████▍| 8320/8810 [00:04<00:00, 1701.35it/s]
 96%|█████████▋| 8493/8810 [00:04<00:00, 1559.59it/s]
 99%|█████████▉| 8702/8810 [00:04<00:00, 1554.77it/s]
100%|██████████| 8810/8810 [00:04<00:00, 1827.44it/s]
