
  0%|          | 0/8810 [00:00<?, ?it/s]
  2%|▏         | 181/8810 [00:00<00:05, 1607.63it/s]
  5%|▍         | 422/8810 [00:00<00:04, 2044.76it/s]
  7%|▋         | 645/8810 [00:00<00:03, 2119.65it/s]
 10%|▉         | 859/8810 [00:00<00:04, 1796.30it/s]
 12%|█▏        | 1046/8810 [00:00<00:04, 1720.56it/s]
 14%|█▍        | 1258/8810 [00:00<00:04, 1836.58it/s]
 17%|█▋        | 1457/8810 [00:00<00:04, 1760.22it/s]
 19%|█▉        | 1652/8810 [00:00<00:03, 1811.95it/s]
 21%|██        | 1836/8810 [00:01<00:04, 1692.51it/s]
 23%|██▎       | 2068/8810 [00:01<00:03, 1863.80it/s]
 26%|██▌       | 2263/8810 [00:01<00:03, 1840.37it/s]
 28%|██▊       | 2501/8810 [00:01<00:03, 1992.42it/s]
 31%|███       | 2744/8810 [00:01<00:03, 2018.92it/s]
 33%|███▎      | 2948/8810 [00:01<00:02, 2007.50it/s]
 36%|███▌      | 3151/8810 [00:01<00:02, 1964.78it/s]
 39%|███▊      | 3394/8810 [00:01<00:02, 2091.23it/s]
 41%|████      | 3605/8810 [00:01<00:02, 2021.59it/s]
 43%|████▎     | 3809/8810 [00:02<00:02, 1935.11it/s]
 46%|████▌     | 4029/8810 [00:02<00:02, 2006.16it/s]
 48%|████▊     | 4232/8810 [00:02<00:02, 1990.26it/s]
 51%|█████▏    | 4521/8810 [00:02<00:01, 2243.12it/s]
 54%|█████▍    | 4747/8810 [00:02<00:02, 2005.97it/s]
 56%|█████▌    | 4954/8810 [00:02<00:02, 1889.51it/s]
 59%|█████▉    | 5228/8810 [00:02<00:01, 2113.34it/s]
 62%|██████▏   | 5446/8810 [00:02<00:01, 2083.15it/s]
 65%|██████▌   | 5736/8810 [00:02<00:01, 2306.94it/s]
 68%|██████▊   | 5972/8810 [00:03<00:01, 1929.09it/s]
 70%|███████   | 6178/8810 [00:03<00:01, 1901.50it/s]
 73%|███████▎  | 6400/8810 [00:03<00:01, 1875.23it/s]
 76%|███████▌  | 6652/8810 [00:03<00:01, 2039.06it/s]
 79%|███████▊  | 6935/8810 [00:03<00:00, 2249.01it/s]
 81%|████████▏ | 7168/8810 [00:03<00:00, 2017.76it/s]
 84%|████████▍ | 7379/8810 [00:03<00:00, 2018.74it/s]
 86%|████████▌ | 7588/8810 [00:03<00:00, 2012.74it/s]
 88%|████████▊ | 7794/8810 [00:03<00:00, 1969.91it/s]
 91%|█████████ | 8012/8810 [00:04<00:00, 2026.94it/s]
 93%|█████████▎| 8218/8810 [00:04<00:00, 1857.05it/s]
 95%|█████████▌| 8408/8810 [00:04<00:00, 1831.08it/s]
 98%|█████████▊| 8648/8810 [00:04<00:00, 1983.81it/s]
100%|██████████| 8810/8810 [00:04<00:00, 1956.68it/s]
