
  0%|          | 0/8810 [00:00<?, ?it/s]
  2%|▏         | 181/8810 [00:00<00:05, 1644.14it/s]
  5%|▍         | 409/8810 [00:00<00:04, 1995.64it/s]
  7%|▋         | 656/8810 [00:00<00:04, 1973.50it/s]
 10%|▉         | 855/8810 [00:00<00:04, 1681.11it/s]
 12%|█▏        | 1028/8810 [00:00<00:04, 1689.06it/s]
 14%|█▍        | 1270/8810 [00:00<00:03, 1909.23it/s]
 17%|█▋        | 1466/8810 [00:00<00:04, 1824.46it/s]
 19%|█▉        | 1706/8810 [00:00<00:03, 1987.54it/s]
 22%|██▏       | 1909/8810 [00:01<00:03, 1868.52it/s]
 25%|██▍       | 2178/8810 [00:01<00:03, 2098.67it/s]
 27%|██▋       | 2393/8810 [00:01<00:03, 1821.74it/s]
 30%|██▉       | 2616/8810 [00:01<00:03, 1914.88it/s]
 32%|███▏      | 2816/8810 [00:01<00:03, 1805.48it/s]
 35%|███▍      | 3057/8810 [00:01<00:03, 1849.09it/s]
 37%|███▋      | 3276/8810 [00:01<00:02, 1933.87it/s]
 39%|███▉      | 3474/8810 [00:01<00:02, 1803.15it/s]
 42%|████▏     | 3710/8810 [00:01<00:02, 1948.97it/s]
 44%|████▍     | 3910/8810 [00:02<00:02, 1844.24it/s]
 47%|████▋     | 4180/8810 [00:02<00:02, 1890.84it/s]
 50%|████▉     | 4382/8810 [00:02<00:02, 1921.10it/s]
 52%|█████▏    | 4583/8810 [00:02<00:02, 1941.82it/s]
 54%|█████▍    | 4779/8810 [00:02<00:02, 1705.56it/s]
 56%|█████▋    | 4956/8810 [00:02<00:02, 1551.69it/s]
 58%|█████▊    | 5126/8810 [00:02<00:02, 1585.31it/s]
 61%|██████    | 5372/8810 [00:02<00:02, 1685.20it/s]
 64%|██████▍   | 5625/8810 [00:03<00:01, 1902.35it/s]
 66%|██████▌   | 5821/8810 [00:03<00:01, 1794.36it/s]
 68%|██████▊   | 6005/8810 [00:03<00:01, 1805.09it/s]
 70%|███████   | 6189/8810 [00:03<00:01, 1753.74it/s]
 73%|███████▎  | 6400/8810 [00:03<00:01, 1736.20it/s]
 76%|███████▌  | 6672/8810 [00:03<00:01, 1996.95it/s]
 79%|███████▉  | 6972/8810 [00:03<00:00, 2094.71it/s]
 82%|████████▏ | 7184/8810 [00:03<00:00, 2091.89it/s]
 84%|████████▍ | 7395/8810 [00:03<00:00, 2076.20it/s]
 86%|████████▋ | 7604/8810 [00:04<00:00, 2042.37it/s]
 89%|████████▊ | 7809/8810 [00:04<00:00, 1899.03it/s]
 91%|█████████ | 8004/8810 [00:04<00:00, 1906.60it/s]
 93%|█████████▎| 8196/8810 [00:04<00:00, 1807.03it/s]
 95%|█████████▌| 8379/8810 [00:04<00:00, 1734.14it/s]
 98%|█████████▊| 8620/8810 [00:04<00:00, 1914.96it/s]
100%|██████████| 8810/8810 [00:04<00:00, 1855.42it/s]
