
  0%|          | 0/8810 [00:00<?, ?it/s]
  2%|▏         | 182/8810 [00:00<00:04, 1803.34it/s]
  5%|▌         | 461/8810 [00:00<00:03, 2377.27it/s]
  8%|▊         | 699/8810 [00:00<00:03, 2324.28it/s]
 11%|█         | 947/8810 [00:00<00:03, 2382.93it/s]
 13%|█▎        | 1186/8810 [00:00<00:03, 2261.78it/s]
 17%|█▋        | 1457/8810 [00:00<00:03, 2208.98it/s]
 20%|█▉        | 1732/8810 [00:00<00:02, 2368.93it/s]
 22%|██▏       | 1972/8810 [00:00<00:03, 2248.29it/s]
 25%|██▌       | 2226/8810 [00:00<00:02, 2331.11it/s]
 28%|██▊       | 2462/8810 [00:01<00:02, 2279.70it/s]
 31%|███       | 2744/8810 [00:01<00:02, 2242.68it/s]
 34%|███▍      | 2987/8810 [00:01<00:02, 2286.44it/s]
 37%|███▋      | 3218/8810 [00:01<00:02, 2135.26it/s]
 39%|███▉      | 3434/8810 [00:01<00:02, 2083.29it/s]
 43%|████▎     | 3753/8810 [00:01<00:02, 2387.07it/s]
 45%|████▌     | 3996/8810 [00:01<00:02, 2319.01it/s]
 48%|████▊     | 4237/8810 [00:01<00:01, 2343.86it/s]
 52%|█████▏    | 4539/8810 [00:01<00:01, 2536.71it/s]
 54%|█████▍    | 4796/8810 [00:02<00:01, 2211.32it/s]
 57%|█████▋    | 5026/8810 [00:02<00:01, 1917.01it/s]
 59%|█████▉    | 5230/8810 [00:02<00:01, 1879.68it/s]
 62%|██████▏   | 5426/8810 [00:02<00:01, 1846.68it/s]
 64%|██████▎   | 5616/8810 [00:02<00:01, 1854.02it/s]
 66%|██████▌   | 5835/8810 [00:02<00:01, 1944.03it/s]
 68%|██████▊   | 6033/8810 [00:02<00:01, 1879.05it/s]
 71%|███████   | 6224/8810 [00:02<00:01, 1691.75it/s]
 73%|███████▎  | 6403/8810 [00:03<00:01, 1716.25it/s]
 75%|███████▌  | 6634/8810 [00:03<00:01, 1875.43it/s]
 79%|███████▊  | 6936/8810 [00:03<00:00, 2194.81it/s]
 81%|████████▏ | 7161/8810 [00:03<00:00, 1857.07it/s]
 84%|████████▎ | 7360/8810 [00:03<00:00, 1765.49it/s]
 86%|████████▌ | 7548/8810 [00:03<00:00, 1792.09it/s]
 88%|████████▊ | 7734/8810 [00:03<00:00, 1803.30it/s]
 90%|█████████ | 7946/8810 [00:03<00:00, 1883.62it/s]
 92%|█████████▏| 8139/8810 [00:03<00:00, 1737.54it/s]
 95%|█████████▍| 8361/8810 [00:04<00:00, 1727.83it/s]
 98%|█████████▊| 8604/8810 [00:04<00:00, 1911.69it/s]
100%|██████████| 8810/8810 [00:04<00:00, 2041.15it/s]
