
  0%|          | 0/8810 [00:00<?, ?it/s]
  2%|▏         | 181/8810 [00:00<00:04, 1807.02it/s]
  5%|▍         | 421/8810 [00:00<00:03, 2146.08it/s]
  7%|▋         | 636/8810 [00:00<00:03, 2136.80it/s]
 10%|▉         | 850/8810 [00:00<00:04, 1638.79it/s]
 12%|█▏        | 1027/8810 [00:00<00:05, 1457.68it/s]
 14%|█▍        | 1227/8810 [00:00<00:04, 1603.71it/s]
 16%|█▌        | 1398/8810 [00:00<00:04, 1616.55it/s]
 18%|█▊        | 1567/8810 [00:00<00:04, 1479.00it/s]
 20%|██        | 1805/8810 [00:01<00:04, 1720.02it/s]
 23%|██▎       | 1986/8810 [00:01<00:04, 1558.51it/s]
 25%|██▍       | 2195/8810 [00:01<00:03, 1692.34it/s]
 27%|██▋       | 2372/8810 [00:01<00:04, 1547.32it/s]
 30%|██▉       | 2628/8810 [00:01<00:03, 1806.37it/s]
 32%|███▏      | 2818/8810 [00:01<00:03, 1675.00it/s]
 34%|███▍      | 3005/8810 [00:01<00:03, 1725.69it/s]
 36%|███▌      | 3184/8810 [00:01<00:03, 1575.35it/s]
 38%|███▊      | 3389/8810 [00:02<00:03, 1696.51it/s]
 40%|████      | 3565/8810 [00:02<00:03, 1619.50it/s]
 43%|████▎     | 3774/8810 [00:02<00:03, 1597.10it/s]
 45%|████▌     | 3972/8810 [00:02<00:02, 1693.41it/s]
 47%|████▋     | 4180/8810 [00:02<00:02, 1662.61it/s]
 50%|████▉     | 4392/8810 [00:02<00:02, 1774.65it/s]
 52%|█████▏    | 4573/8810 [00:02<00:02, 1738.56it/s]
 54%|█████▍    | 4750/8810 [00:02<00:02, 1585.23it/s]
 56%|█████▌    | 4922/8810 [00:02<00:02, 1619.70it/s]
 58%|█████▊    | 5087/8810 [00:03<00:02, 1540.49it/s]
 60%|██████    | 5308/8810 [00:03<00:02, 1719.89it/s]
 62%|██████▏   | 5484/8810 [00:03<00:02, 1593.10it/s]
 65%|██████▍   | 5715/8810 [00:03<00:01, 1782.35it/s]
 67%|██████▋   | 5899/8810 [00:03<00:01, 1602.42it/s]
 69%|██████▉   | 6066/8810 [00:03<00:01, 1549.83it/s]
 71%|███████▏  | 6278/8810 [00:03<00:01, 1693.01it/s]
 73%|███████▎  | 6453/8810 [00:03<00:01, 1603.08it/s]
 75%|███████▌  | 6642/8810 [00:04<00:01, 1676.43it/s]
 78%|███████▊  | 6898/8810 [00:04<00:00, 1912.79it/s]
 81%|████████  | 7094/8810 [00:04<00:00, 1780.00it/s]
 83%|████████▎ | 7282/8810 [00:04<00:00, 1805.26it/s]
 85%|████████▍ | 7466/8810 [00:04<00:00, 1720.51it/s]
 87%|████████▋ | 7644/8810 [00:04<00:00, 1735.60it/s]
 89%|████████▉ | 7820/8810 [00:04<00:00, 1520.14it/s]
 91%|█████████ | 7979/8810 [00:04<00:00, 1536.88it/s]
 92%|█████████▏| 8137/8810 [00:04<00:00, 1378.49it/s]
 94%|█████████▍| 8318/8810 [00:05<00:00, 1485.05it/s]
 96%|█████████▌| 8472/8810 [00:05<00:00, 1404.86it/s]
 98%|█████████▊| 8648/8810 [00:05<00:00, 1494.90it/s]
100%|█████████▉| 8802/8810 [00:05<00:00, 1442.61it/s]
100%|██████████| 8810/8810 [00:05<00:00, 1630.21it/s]
