
  0%|          | 0/8810 [00:00<?, ?it/s]
  2%|▏         | 181/8810 [00:00<00:04, 1746.22it/s]
  5%|▌         | 452/8810 [00:00<00:03, 2299.05it/s]
  8%|▊         | 683/8810 [00:00<00:03, 2112.24it/s]
 10%|█         | 897/8810 [00:00<00:03, 2109.15it/s]
 13%|█▎        | 1110/8810 [00:00<00:03, 2070.16it/s]
 16%|█▌        | 1379/8810 [00:00<00:03, 2271.43it/s]
 18%|█▊        | 1608/8810 [00:00<00:03, 2085.23it/s]
 21%|██        | 1834/8810 [00:00<00:03, 2133.20it/s]
 24%|██▍       | 2153/8810 [00:00<00:02, 2441.28it/s]
 27%|██▋       | 2401/8810 [00:01<00:02, 2285.02it/s]
 31%|███       | 2744/8810 [00:01<00:02, 2363.71it/s]
 34%|███▍      | 2983/8810 [00:01<00:02, 2346.43it/s]
 37%|███▋      | 3219/8810 [00:01<00:02, 2166.88it/s]
 39%|███▉      | 3452/8810 [00:01<00:02, 2205.92it/s]
 42%|████▏     | 3728/8810 [00:01<00:02, 2357.19it/s]
 45%|████▌     | 3967/8810 [00:01<00:02, 2360.17it/s]
 48%|████▊     | 4218/8810 [00:01<00:01, 2402.20it/s]
 51%|█████▏    | 4528/8810 [00:01<00:01, 2604.75it/s]
 54%|█████▍    | 4791/8810 [00:02<00:01, 2375.56it/s]
 57%|█████▋    | 5034/8810 [00:02<00:01, 2129.81it/s]
 60%|██████    | 5295/8810 [00:02<00:01, 2253.86it/s]
 63%|██████▎   | 5539/8810 [00:02<00:01, 2299.18it/s]
 66%|██████▌   | 5775/8810 [00:02<00:01, 2170.75it/s]
 68%|██████▊   | 5997/8810 [00:02<00:01, 2059.27it/s]
 70%|███████   | 6207/8810 [00:02<00:01, 2060.44it/s]
 73%|███████▎  | 6446/8810 [00:02<00:01, 2147.74it/s]
 77%|███████▋  | 6767/8810 [00:02<00:00, 2446.63it/s]
 80%|███████▉  | 7016/8810 [00:03<00:00, 2255.82it/s]
 82%|████████▏ | 7247/8810 [00:03<00:00, 2267.24it/s]
 85%|████████▍ | 7478/8810 [00:03<00:00, 2067.36it/s]
 88%|████████▊ | 7715/8810 [00:03<00:00, 2101.01it/s]
 90%|█████████ | 7959/8810 [00:03<00:00, 2191.56it/s]
 93%|█████████▎| 8182/8810 [00:03<00:00, 1987.55it/s]
 95%|█████████▌| 8387/8810 [00:03<00:00, 1911.39it/s]
 98%|█████████▊| 8644/8810 [00:03<00:00, 2084.58it/s]
100%|██████████| 8810/8810 [00:04<00:00, 2199.42it/s]
