
  0%|          | 0/8810 [00:00<?, ?it/s]
  2%|▏         | 181/8810 [00:00<00:05, 1695.54it/s]
  5%|▍         | 425/8810 [00:00<00:03, 2107.91it/s]
  7%|▋         | 656/8810 [00:00<00:04, 2033.55it/s]
 10%|▉         | 874/8810 [00:00<00:03, 2084.46it/s]
 12%|█▏        | 1084/8810 [00:00<00:04, 1919.07it/s]
 15%|█▍        | 1289/8810 [00:00<00:03, 1958.69it/s]
 17%|█▋        | 1487/8810 [00:00<00:04, 1774.57it/s]
 19%|█▉        | 1707/8810 [00:00<00:03, 1892.83it/s]
 22%|██▏       | 1901/8810 [00:01<00:04, 1708.81it/s]
 25%|██▍       | 2198/8810 [00:01<00:03, 2045.45it/s]
 27%|██▋       | 2411/8810 [00:01<00:03, 1892.14it/s]
 31%|███       | 2694/8810 [00:01<00:02, 2141.27it/s]
 33%|███▎      | 2917/8810 [00:01<00:03, 1894.72it/s]
 35%|███▌      | 3117/8810 [00:01<00:03, 1834.79it/s]
 38%|███▊      | 3369/8810 [00:01<00:02, 2011.98it/s]
 41%|████      | 3578/8810 [00:01<00:02, 1756.45it/s]
 43%|████▎     | 3774/8810 [00:01<00:02, 1785.27it/s]
 46%|████▌     | 4048/8810 [00:02<00:02, 2030.16it/s]
 48%|████▊     | 4260/8810 [00:02<00:02, 1927.41it/s]
 51%|█████▏    | 4522/8810 [00:02<00:02, 2111.76it/s]
 54%|█████▍    | 4741/8810 [00:02<00:02, 1841.07it/s]
 56%|█████▌    | 4936/8810 [00:02<00:02, 1736.39it/s]
 59%|█████▊    | 5155/8810 [00:02<00:01, 1848.81it/s]
 61%|██████    | 5372/8810 [00:02<00:01, 1806.32it/s]
 64%|██████▍   | 5624/8810 [00:02<00:01, 1989.15it/s]
 66%|██████▌   | 5830/8810 [00:03<00:01, 1932.75it/s]
 68%|██████▊   | 6028/8810 [00:03<00:01, 1854.68it/s]
 71%|███████   | 6217/8810 [00:03<00:01, 1796.91it/s]
 73%|███████▎  | 6400/8810 [00:03<00:01, 1697.45it/s]
 76%|███████▌  | 6665/8810 [00:03<00:01, 1950.76it/s]
 79%|███████▊  | 6931/8810 [00:03<00:00, 2142.21it/s]
 81%|████████  | 7150/8810 [00:03<00:00, 1948.68it/s]
 84%|████████▎ | 7360/8810 [00:03<00:00, 1824.45it/s]
 86%|████████▌ | 7548/8810 [00:03<00:00, 1818.38it/s]
 88%|████████▊ | 7734/8810 [00:04<00:00, 1700.48it/s]
 90%|████████▉ | 7908/8810 [00:04<00:00, 1652.63it/s]
 92%|█████████▏| 8076/8810 [00:04<00:00, 1530.11it/s]
 94%|█████████▍| 8262/8810 [00:04<00:00, 1614.86it/s]
 96%|█████████▌| 8427/8810 [00:04<00:00, 1543.18it/s]
 98%|█████████▊| 8643/8810 [00:04<00:00, 1700.78it/s]
100%|██████████| 8810/8810 [00:04<00:00, 1833.68it/s]
