
  0%|          | 0/8810 [00:00<?, ?it/s]
  3%|▎         | 285/8810 [00:00<00:02, 2846.37it/s]
  7%|▋         | 656/8810 [00:00<00:02, 3001.31it/s]
 11%|█▏        | 994/8810 [00:00<00:02, 3161.24it/s]
 15%|█▍        | 1311/8810 [00:00<00:02, 3062.08it/s]
 18%|█▊        | 1618/8810 [00:00<00:02, 2906.83it/s]
 22%|██▏       | 1910/8810 [00:00<00:02, 2770.04it/s]
 26%|██▌       | 2263/8810 [00:00<00:02, 2807.76it/s]
 30%|███       | 2653/8810 [00:00<00:01, 3114.57it/s]
 34%|███▎      | 2968/8810 [00:01<00:02, 2896.16it/s]
 37%|███▋      | 3262/8810 [00:01<00:02, 2759.73it/s]
 40%|████      | 3542/8810 [00:01<00:01, 2645.84it/s]
 43%|████▎     | 3828/8810 [00:01<00:01, 2700.05it/s]
 47%|████▋     | 4180/8810 [00:01<00:01, 2811.20it/s]
 52%|█████▏    | 4550/8810 [00:01<00:01, 3050.68it/s]
 55%|█████▌    | 4859/8810 [00:01<00:01, 2823.94it/s]
 58%|█████▊    | 5146/8810 [00:01<00:01, 2751.38it/s]
 62%|██████▏   | 5425/8810 [00:01<00:01, 2689.28it/s]
 65%|██████▌   | 5754/8810 [00:02<00:01, 2793.49it/s]
 69%|██████▊   | 6036/8810 [00:02<00:01, 2576.11it/s]
 73%|███████▎  | 6393/8810 [00:02<00:00, 2840.21it/s]
 76%|███████▌  | 6683/8810 [00:02<00:00, 2741.19it/s]
 79%|███████▉  | 6983/8810 [00:02<00:00, 2811.81it/s]
 83%|████████▎ | 7335/8810 [00:02<00:00, 3010.65it/s]
 87%|████████▋ | 7640/8810 [00:02<00:00, 2907.27it/s]
 90%|█████████ | 7934/8810 [00:02<00:00, 2774.12it/s]
 93%|█████████▎| 8215/8810 [00:02<00:00, 2569.04it/s]
 96%|█████████▌| 8476/8810 [00:03<00:00, 2546.68it/s]
 99%|█████████▉| 8734/8810 [00:03<00:00, 2538.72it/s]
100%|██████████| 8810/8810 [00:03<00:00, 2786.16it/s]
