
  0%|          | 0/8810 [00:00<?, ?it/s]
  3%|▎         | 280/8810 [00:00<00:03, 2799.51it/s]
  7%|▋         | 656/8810 [00:00<00:02, 2994.96it/s]
 11%|█         | 986/8810 [00:00<00:02, 3122.42it/s]
 15%|█▍        | 1299/8810 [00:00<00:02, 2991.93it/s]
 18%|█▊        | 1599/8810 [00:00<00:02, 2864.70it/s]
 21%|██▏       | 1887/8810 [00:00<00:02, 2752.73it/s]
 25%|██▍       | 2166/8810 [00:00<00:02, 2757.77it/s]
 28%|██▊       | 2443/8810 [00:00<00:02, 2380.77it/s]
 31%|███       | 2752/8810 [00:01<00:02, 2568.93it/s]
 35%|███▍      | 3057/8810 [00:01<00:02, 2613.10it/s]
 38%|███▊      | 3325/8810 [00:01<00:02, 2474.58it/s]
 41%|████      | 3604/8810 [00:01<00:02, 2556.48it/s]
 44%|████▍     | 3880/8810 [00:01<00:01, 2611.80it/s]
 48%|████▊     | 4218/8810 [00:01<00:01, 2830.62it/s]
 52%|█████▏    | 4573/8810 [00:01<00:01, 3038.01it/s]
 55%|█████▌    | 4881/8810 [00:01<00:01, 2882.87it/s]
 59%|█████▊    | 5174/8810 [00:01<00:01, 2826.16it/s]
 62%|██████▏   | 5460/8810 [00:01<00:01, 2768.51it/s]
 65%|██████▌   | 5754/8810 [00:02<00:01, 2812.49it/s]
 69%|██████▊   | 6037/8810 [00:02<00:01, 2604.56it/s]
 72%|███████▏  | 6386/8810 [00:02<00:00, 2846.15it/s]
 76%|███████▌  | 6676/8810 [00:02<00:00, 2831.16it/s]
 79%|███████▉  | 6972/8810 [00:02<00:00, 2768.53it/s]
 82%|████████▏ | 7252/8810 [00:02<00:00, 2633.87it/s]
 85%|████████▌ | 7518/8810 [00:02<00:00, 2569.93it/s]
 88%|████████▊ | 7777/8810 [00:02<00:00, 2504.86it/s]
 91%|█████████ | 8037/8810 [00:03<00:00, 2335.49it/s]
 95%|█████████▍| 8332/8810 [00:03<00:00, 2496.10it/s]
 97%|█████████▋| 8586/8810 [00:03<00:00, 2458.28it/s]
100%|██████████| 8810/8810 [00:03<00:00, 2650.43it/s]
