
  0%|          | 0/8810 [00:00<?, ?it/s]
  4%|▍         | 372/8810 [00:00<00:02, 3710.22it/s]
  8%|▊         | 744/8810 [00:00<00:02, 3662.89it/s]
 13%|█▎        | 1111/8810 [00:00<00:02, 3297.56it/s]
 17%|█▋        | 1457/8810 [00:00<00:02, 3158.22it/s]
 21%|██        | 1821/8810 [00:00<00:02, 3198.88it/s]
 25%|██▌       | 2214/8810 [00:00<00:01, 3426.42it/s]
 29%|██▉       | 2563/8810 [00:00<00:01, 3439.40it/s]
 33%|███▎      | 2910/8810 [00:00<00:01, 3335.30it/s]
 37%|███▋      | 3246/8810 [00:00<00:01, 3167.47it/s]
 40%|████      | 3566/8810 [00:01<00:01, 3147.13it/s]
 44%|████▍     | 3897/8810 [00:01<00:01, 3192.91it/s]
 48%|████▊     | 4270/8810 [00:01<00:01, 3346.82it/s]
 52%|█████▏    | 4625/8810 [00:01<00:01, 3325.29it/s]
 56%|█████▋    | 4959/8810 [00:01<00:01, 3108.73it/s]
 61%|██████    | 5372/8810 [00:01<00:01, 3242.84it/s]
 65%|██████▌   | 5754/8810 [00:01<00:00, 3322.32it/s]
 69%|██████▉   | 6088/8810 [00:01<00:00, 3260.60it/s]
 73%|███████▎  | 6415/8810 [00:01<00:00, 3248.22it/s]
 78%|███████▊  | 6861/8810 [00:02<00:00, 3589.65it/s]
 82%|████████▏ | 7223/8810 [00:02<00:00, 3515.44it/s]
 86%|████████▌ | 7577/8810 [00:02<00:00, 3410.57it/s]
 90%|████████▉ | 7920/8810 [00:02<00:00, 3303.79it/s]
 94%|█████████▎| 8252/8810 [00:02<00:00, 3160.86it/s]
 98%|█████████▊| 8598/8810 [00:02<00:00, 3242.91it/s]
100%|██████████| 8810/8810 [00:02<00:00, 3286.48it/s]
