
  0%|          | 0/8810 [00:00<?, ?it/s]
  2%|▏         | 181/8810 [00:00<00:04, 1732.14it/s]
  5%|▍         | 435/8810 [00:00<00:03, 2183.62it/s]
  7%|▋         | 656/8810 [00:00<00:03, 2108.71it/s]
 10%|█         | 892/8810 [00:00<00:03, 2202.90it/s]
 13%|█▎        | 1113/8810 [00:00<00:03, 2130.28it/s]
 16%|█▌        | 1368/8810 [00:00<00:03, 2265.81it/s]
 18%|█▊        | 1596/8810 [00:00<00:03, 2123.67it/s]
 21%|██        | 1821/8810 [00:00<00:03, 2148.10it/s]
 24%|██▎       | 2090/8810 [00:00<00:02, 2306.95it/s]
 26%|██▋       | 2323/8810 [00:01<00:02, 2226.76it/s]
 30%|██▉       | 2627/8810 [00:01<00:02, 2463.17it/s]
 33%|███▎      | 2876/8810 [00:01<00:02, 2292.98it/s]
 35%|███▌      | 3109/8810 [00:01<00:02, 2112.63it/s]
 38%|███▊      | 3325/8810 [00:01<00:02, 2071.13it/s]
 40%|████      | 3536/8810 [00:01<00:02, 1931.05it/s]
 43%|████▎     | 3774/8810 [00:01<00:02, 1924.39it/s]
 46%|████▌     | 4036/8810 [00:01<00:02, 2105.91it/s]
 48%|████▊     | 4251/8810 [00:01<00:02, 2049.06it/s]
 51%|█████▏    | 4535/8810 [00:02<00:01, 2261.46it/s]
 54%|█████▍    | 4766/8810 [00:02<00:01, 2049.54it/s]
 56%|█████▋    | 4977/8810 [00:02<00:02, 1811.69it/s]
 59%|█████▉    | 5199/8810 [00:02<00:01, 1912.62it/s]
 61%|██████▏   | 5398/8810 [00:02<00:01, 1815.90it/s]
 64%|██████▍   | 5664/8810 [00:02<00:01, 2034.03it/s]
 67%|██████▋   | 5875/8810 [00:02<00:01, 1873.34it/s]
 69%|██████▉   | 6069/8810 [00:02<00:01, 1761.74it/s]
 72%|███████▏  | 6323/8810 [00:03<00:01, 1960.41it/s]
 74%|███████▍  | 6526/8810 [00:03<00:01, 1854.76it/s]
 78%|███████▊  | 6850/8810 [00:03<00:00, 2220.89it/s]
 80%|████████  | 7081/8810 [00:03<00:00, 2112.24it/s]
 83%|████████▎ | 7299/8810 [00:03<00:00, 2126.51it/s]
 85%|████████▌ | 7517/8810 [00:03<00:00, 1843.49it/s]
 88%|████████▊ | 7715/8810 [00:03<00:00, 1732.20it/s]
 90%|████████▉ | 7896/8810 [00:03<00:00, 1684.44it/s]
 92%|█████████▏| 8069/8810 [00:04<00:00, 1580.00it/s]
 94%|█████████▍| 8287/8810 [00:04<00:00, 1732.17it/s]
 96%|█████████▌| 8466/8810 [00:04<00:00, 1626.79it/s]
 99%|█████████▉| 8702/8810 [00:04<00:00, 1662.63it/s]
100%|██████████| 8810/8810 [00:04<00:00, 1963.29it/s]
