
  0%|          | 0/8810 [00:00<?, ?it/s]
  2%|▏         | 181/8810 [00:00<00:05, 1523.71it/s]
  5%|▍         | 423/8810 [00:00<00:04, 2005.66it/s]
  7%|▋         | 649/8810 [00:00<00:03, 2114.52it/s]
 10%|▉         | 863/8810 [00:00<00:04, 1790.18it/s]
 12%|█▏        | 1050/8810 [00:00<00:04, 1623.72it/s]
 14%|█▍        | 1259/8810 [00:00<00:04, 1755.81it/s]
 16%|█▋        | 1447/8810 [00:00<00:04, 1789.84it/s]
 19%|█▊        | 1631/8810 [00:00<00:04, 1514.03it/s]
 21%|██        | 1811/8810 [00:01<00:04, 1586.35it/s]
 22%|██▏       | 1978/8810 [00:01<00:04, 1433.31it/s]
 25%|██▍       | 2185/8810 [00:01<00:04, 1593.34it/s]
 27%|██▋       | 2353/8810 [00:01<00:04, 1381.36it/s]
 29%|██▊       | 2524/8810 [00:01<00:04, 1461.62it/s]
 31%|███       | 2744/8810 [00:01<00:04, 1501.03it/s]
 33%|███▎      | 2900/8810 [00:01<00:04, 1477.43it/s]
 35%|███▍      | 3057/8810 [00:01<00:04, 1381.93it/s]
 37%|███▋      | 3221/8810 [00:02<00:03, 1446.69it/s]
 39%|███▊      | 3396/8810 [00:02<00:03, 1526.55it/s]
 40%|████      | 3552/8810 [00:02<00:03, 1408.51it/s]
 43%|████▎     | 3756/8810 [00:02<00:03, 1570.48it/s]
 44%|████▍     | 3918/8810 [00:02<00:03, 1418.51it/s]
 47%|████▋     | 4146/8810 [00:02<00:02, 1638.19it/s]
 49%|████▉     | 4317/8810 [00:02<00:02, 1512.72it/s]
 51%|█████▏    | 4520/8810 [00:02<00:02, 1638.08it/s]
 53%|█████▎    | 4690/8810 [00:03<00:02, 1408.68it/s]
 55%|█████▌    | 4868/8810 [00:03<00:02, 1498.83it/s]
 57%|█████▋    | 5027/8810 [00:03<00:02, 1365.78it/s]
 59%|█████▉    | 5208/8810 [00:03<00:02, 1474.03it/s]
 61%|██████    | 5372/8810 [00:03<00:02, 1394.01it/s]
 63%|██████▎   | 5517/8810 [00:03<00:02, 1402.44it/s]
 65%|██████▍   | 5684/8810 [00:03<00:02, 1473.84it/s]
 66%|██████▌   | 5836/8810 [00:03<00:02, 1242.81it/s]
 68%|██████▊   | 5969/8810 [00:04<00:02, 1227.24it/s]
 69%|██████▉   | 6098/8810 [00:04<00:02, 1228.29it/s]
 71%|███████   | 6272/8810 [00:04<00:01, 1361.25it/s]
 73%|███████▎  | 6413/8810 [00:04<00:01, 1285.79it/s]
 75%|███████▍  | 6605/8810 [00:04<00:01, 1452.77it/s]
 77%|███████▋  | 6818/8810 [00:04<00:01, 1638.85it/s]
 79%|███████▉  | 6987/8810 [00:04<00:01, 1524.10it/s]
 81%|████████  | 7156/8810 [00:04<00:01, 1567.01it/s]
 83%|████████▎ | 7334/8810 [00:04<00:00, 1626.21it/s]
 85%|████████▌ | 7500/8810 [00:05<00:00, 1447.75it/s]
 87%|████████▋ | 7673/8810 [00:05<00:00, 1520.31it/s]
 89%|████████▉ | 7830/8810 [00:05<00:00, 1372.24it/s]
 91%|█████████ | 8001/8810 [00:05<00:00, 1453.41it/s]
 93%|█████████▎| 8152/8810 [00:05<00:00, 1336.60it/s]
 94%|█████████▍| 8317/8810 [00:05<00:00, 1414.07it/s]
 96%|█████████▌| 8463/8810 [00:05<00:00, 1290.30it/s]
 98%|█████████▊| 8622/8810 [00:05<00:00, 1365.71it/s]
 99%|█████████▉| 8763/8810 [00:05<00:00, 1209.74it/s]
100%|██████████| 8810/8810 [00:06<00:00, 1464.03it/s]
