
  0%|          | 0/8810 [00:00<?, ?it/s]
  3%|▎         | 283/8810 [00:00<00:03, 2806.95it/s]
  7%|▋         | 656/8810 [00:00<00:02, 2905.47it/s]
 11%|█         | 968/8810 [00:00<00:02, 2992.80it/s]
 14%|█▍        | 1268/8810 [00:00<00:02, 2852.04it/s]
 18%|█▊        | 1554/8810 [00:00<00:02, 2692.41it/s]
 21%|██        | 1827/8810 [00:00<00:02, 2701.00it/s]
 25%|██▍       | 2194/8810 [00:00<00:02, 2992.00it/s]
 28%|██▊       | 2496/8810 [00:00<00:02, 2928.95it/s]
 32%|███▏      | 2791/8810 [00:00<00:02, 2934.98it/s]
 35%|███▌      | 3086/8810 [00:01<00:02, 2857.74it/s]
 39%|███▊      | 3410/8810 [00:01<00:01, 2794.18it/s]
 43%|████▎     | 3774/8810 [00:01<00:01, 2866.62it/s]
 47%|████▋     | 4170/8810 [00:01<00:01, 3164.16it/s]
 51%|█████     | 4490/8810 [00:01<00:01, 3158.29it/s]
 55%|█████▍    | 4808/8810 [00:01<00:01, 2956.98it/s]
 58%|█████▊    | 5108/8810 [00:01<00:01, 2855.08it/s]
 61%|██████▏   | 5398/8810 [00:01<00:01, 2863.93it/s]
 65%|██████▌   | 5754/8810 [00:01<00:01, 2942.67it/s]
 69%|██████▊   | 6050/8810 [00:02<00:00, 2827.57it/s]
 73%|███████▎  | 6400/8810 [00:02<00:00, 2856.53it/s]
 77%|███████▋  | 6776/8810 [00:02<00:00, 3097.68it/s]
 80%|████████  | 7089/8810 [00:02<00:00, 3087.58it/s]
 84%|████████▍ | 7400/8810 [00:02<00:00, 3056.52it/s]
 88%|████████▊ | 7715/8810 [00:02<00:00, 2903.07it/s]
 91%|█████████ | 8008/8810 [00:02<00:00, 2893.73it/s]
 94%|█████████▍| 8299/8810 [00:02<00:00, 2816.74it/s]
 97%|█████████▋| 8582/8810 [00:02<00:00, 2783.69it/s]
100%|██████████| 8810/8810 [00:03<00:00, 2896.11it/s]
