
  0%|          | 0/8810 [00:00<?, ?it/s]
  2%|▏         | 186/8810 [00:00<00:04, 1851.52it/s]
  5%|▌         | 465/8810 [00:00<00:03, 2397.44it/s]
  8%|▊         | 705/8810 [00:00<00:03, 2058.62it/s]
 10%|█         | 916/8810 [00:00<00:03, 2031.15it/s]
 13%|█▎        | 1127/8810 [00:00<00:03, 2056.57it/s]
 15%|█▌        | 1352/8810 [00:00<00:03, 2118.52it/s]
 18%|█▊        | 1566/8810 [00:00<00:03, 1928.74it/s]
 21%|██        | 1821/8810 [00:00<00:03, 2051.60it/s]
 25%|██▍       | 2179/8810 [00:00<00:02, 2489.62it/s]
 28%|██▊       | 2434/8810 [00:01<00:02, 2412.41it/s]
 31%|███       | 2744/8810 [00:01<00:02, 2415.30it/s]
 34%|███▍      | 2989/8810 [00:01<00:02, 2418.26it/s]
 37%|███▋      | 3233/8810 [00:01<00:02, 2203.01it/s]
 39%|███▉      | 3458/8810 [00:01<00:02, 2044.26it/s]
 42%|████▏     | 3728/8810 [00:01<00:02, 2213.84it/s]
 45%|████▌     | 3972/8810 [00:01<00:02, 2270.35it/s]
 48%|████▊     | 4214/8810 [00:01<00:01, 2307.52it/s]
 52%|█████▏    | 4567/8810 [00:01<00:01, 2652.18it/s]
 55%|█████▍    | 4837/8810 [00:02<00:01, 2480.19it/s]
 58%|█████▊    | 5090/8810 [00:02<00:01, 2233.76it/s]
 60%|██████    | 5321/8810 [00:02<00:01, 2199.79it/s]
 63%|██████▎   | 5546/8810 [00:02<00:01, 2114.75it/s]
 65%|██████▌   | 5761/8810 [00:02<00:01, 1965.29it/s]
 68%|██████▊   | 6024/8810 [00:02<00:01, 2138.28it/s]
 71%|███████▏  | 6280/8810 [00:02<00:01, 2251.78it/s]
 74%|███████▍  | 6510/8810 [00:02<00:01, 2210.50it/s]
 77%|███████▋  | 6777/8810 [00:03<00:00, 2334.91it/s]
 80%|███████▉  | 7014/8810 [00:03<00:00, 2189.95it/s]
 82%|████████▏ | 7237/8810 [00:03<00:00, 2149.79it/s]
 85%|████████▍ | 7455/8810 [00:03<00:00, 2092.40it/s]
 88%|████████▊ | 7715/8810 [00:03<00:00, 2056.81it/s]
 90%|█████████ | 7945/8810 [00:03<00:00, 2119.46it/s]
 93%|█████████▎| 8159/8810 [00:03<00:00, 1991.56it/s]
 95%|█████████▍| 8361/8810 [00:03<00:00, 1910.22it/s]
 98%|█████████▊| 8598/8810 [00:03<00:00, 2026.90it/s]
100%|█████████▉| 8803/8810 [00:04<00:00, 1992.42it/s]
100%|██████████| 8810/8810 [00:04<00:00, 2169.47it/s]
