
  0%|          | 0/8810 [00:00<?, ?it/s]
  3%|▎         | 227/8810 [00:00<00:03, 2259.22it/s]
  6%|▋         | 570/8810 [00:00<00:02, 2942.67it/s]
 10%|▉         | 865/8810 [00:00<00:02, 2799.52it/s]
 13%|█▎        | 1146/8810 [00:00<00:02, 2736.77it/s]
 17%|█▋        | 1457/8810 [00:00<00:02, 2797.65it/s]
 21%|██        | 1821/8810 [00:00<00:02, 2935.07it/s]
 25%|██▌       | 2218/8810 [00:00<00:02, 3243.86it/s]
 29%|██▉       | 2544/8810 [00:00<00:01, 3234.60it/s]
 33%|███▎      | 2869/8810 [00:00<00:01, 3209.58it/s]
 36%|███▌      | 3191/8810 [00:01<00:01, 2956.40it/s]
 40%|███▉      | 3491/8810 [00:01<00:01, 2924.60it/s]
 44%|████▎     | 3835/8810 [00:01<00:01, 3067.62it/s]
 47%|████▋     | 4180/8810 [00:01<00:01, 3137.82it/s]
 52%|█████▏    | 4582/8810 [00:01<00:01, 3391.16it/s]
 56%|█████▌    | 4924/8810 [00:01<00:01, 3226.41it/s]
 60%|█████▉    | 5250/8810 [00:01<00:01, 3193.81it/s]
 63%|██████▎   | 5588/8810 [00:01<00:00, 3243.74it/s]
 67%|██████▋   | 5915/8810 [00:01<00:00, 3100.41it/s]
 71%|███████   | 6230/8810 [00:02<00:00, 3112.13it/s]
 74%|███████▍  | 6543/8810 [00:02<00:00, 3098.84it/s]
 79%|███████▉  | 6972/8810 [00:02<00:00, 3299.83it/s]
 83%|████████▎ | 7347/8810 [00:02<00:00, 3427.53it/s]
 87%|████████▋ | 7691/8810 [00:02<00:00, 3294.79it/s]
 91%|█████████ | 8022/8810 [00:02<00:00, 3098.37it/s]
 95%|█████████▍| 8335/8810 [00:02<00:00, 2983.86it/s]
 98%|█████████▊| 8636/8810 [00:02<00:00, 2956.05it/s]
100%|██████████| 8810/8810 [00:02<00:00, 3073.70it/s]
