
  0%|          | 0/8810 [00:00<?, ?it/s]
  2%|▏         | 215/8810 [00:00<00:04, 2133.88it/s]
  6%|▋         | 559/8810 [00:00<00:02, 2888.17it/s]
 10%|▉         | 848/8810 [00:00<00:03, 2642.29it/s]
 13%|█▎        | 1115/8810 [00:00<00:03, 2370.02it/s]
 16%|█▌        | 1401/8810 [00:00<00:02, 2521.47it/s]
 19%|█▉        | 1658/8810 [00:00<00:03, 2308.09it/s]
 21%|██▏       | 1894/8810 [00:00<00:03, 2246.06it/s]
 25%|██▌       | 2205/8810 [00:00<00:02, 2489.91it/s]
 28%|██▊       | 2459/8810 [00:01<00:02, 2403.49it/s]
 31%|███       | 2744/8810 [00:01<00:02, 2394.69it/s]
 34%|███▍      | 2986/8810 [00:01<00:02, 2269.40it/s]
 37%|███▋      | 3216/8810 [00:01<00:02, 2158.01it/s]
 39%|███▉      | 3434/8810 [00:01<00:02, 2050.37it/s]
 42%|████▏     | 3663/8810 [00:01<00:02, 2112.67it/s]
 44%|████▍     | 3877/8810 [00:01<00:02, 2017.70it/s]
 47%|████▋     | 4137/8810 [00:01<00:02, 2175.99it/s]
 49%|████▉     | 4358/8810 [00:01<00:02, 2101.07it/s]
 52%|█████▏    | 4600/8810 [00:02<00:01, 2188.11it/s]
 55%|█████▍    | 4821/8810 [00:02<00:02, 1984.27it/s]
 57%|█████▋    | 5024/8810 [00:02<00:01, 1938.54it/s]
 60%|██████    | 5286/8810 [00:02<00:01, 2119.19it/s]
 62%|██████▏   | 5502/8810 [00:02<00:01, 1904.81it/s]
 65%|██████▌   | 5754/8810 [00:02<00:01, 2019.01it/s]
 68%|██████▊   | 5961/8810 [00:02<00:01, 2023.55it/s]
 70%|███████   | 6167/8810 [00:02<00:01, 2005.44it/s]
 73%|███████▎  | 6400/8810 [00:02<00:01, 2012.44it/s]
 76%|███████▌  | 6670/8810 [00:03<00:00, 2202.66it/s]
 79%|███████▉  | 6972/8810 [00:03<00:00, 2303.56it/s]
 82%|████████▏ | 7204/8810 [00:03<00:00, 2243.02it/s]
 84%|████████▍ | 7430/8810 [00:03<00:00, 2247.54it/s]
 87%|████████▋ | 7673/8810 [00:03<00:00, 2298.49it/s]
 90%|████████▉ | 7904/8810 [00:03<00:00, 2129.99it/s]
 92%|█████████▏| 8120/8810 [00:03<00:00, 1920.01it/s]
 95%|█████████▍| 8361/8810 [00:03<00:00, 1942.77it/s]
 98%|█████████▊| 8600/8810 [00:03<00:00, 2057.69it/s]
100%|██████████| 8810/8810 [00:04<00:00, 2037.13it/s]
100%|██████████| 8810/8810 [00:04<00:00, 2160.64it/s]
