
  0%|          | 0/8810 [00:00<?, ?it/s]
  2%|▏         | 215/8810 [00:00<00:04, 2142.72it/s]
  7%|▋         | 619/8810 [00:00<00:02, 3250.43it/s]
 11%|█         | 945/8810 [00:00<00:02, 2825.83it/s]
 14%|█▍        | 1234/8810 [00:00<00:02, 2812.43it/s]
 17%|█▋        | 1519/8810 [00:00<00:02, 2448.85it/s]
 21%|██        | 1821/8810 [00:00<00:02, 2548.52it/s]
 24%|██▎       | 2082/8810 [00:00<00:02, 2453.08it/s]
 27%|██▋       | 2339/8810 [00:00<00:02, 2480.14it/s]
 30%|██▉       | 2626/8810 [00:01<00:02, 2578.48it/s]
 33%|███▎      | 2887/8810 [00:01<00:02, 2384.96it/s]
 36%|███▌      | 3131/8810 [00:01<00:02, 2399.22it/s]
 39%|███▊      | 3410/8810 [00:01<00:02, 2367.88it/s]
 43%|████▎     | 3767/8810 [00:01<00:01, 2695.33it/s]
 46%|████▌     | 4042/8810 [00:01<00:01, 2633.82it/s]
 49%|████▉     | 4309/8810 [00:01<00:01, 2636.34it/s]
 52%|█████▏    | 4622/8810 [00:01<00:01, 2777.68it/s]
 56%|█████▌    | 4903/8810 [00:01<00:01, 2577.96it/s]
 59%|█████▊    | 5165/8810 [00:02<00:01, 2556.86it/s]
 62%|██████▏   | 5424/8810 [00:02<00:01, 2406.16it/s]
 65%|██████▌   | 5754/8810 [00:02<00:01, 2524.79it/s]
 68%|██████▊   | 6031/8810 [00:02<00:01, 2589.77it/s]
 72%|███████▏  | 6301/8810 [00:02<00:00, 2618.09it/s]
 75%|███████▍  | 6565/8810 [00:02<00:00, 2446.03it/s]
 77%|███████▋  | 6816/8810 [00:02<00:00, 2459.35it/s]
 80%|████████  | 7065/8810 [00:02<00:00, 2385.83it/s]
 84%|████████▎ | 7360/8810 [00:02<00:00, 2382.96it/s]
 86%|████████▋ | 7600/8810 [00:03<00:00, 2271.45it/s]
 89%|████████▉ | 7829/8810 [00:03<00:00, 2261.03it/s]
 91%|█████████▏| 8056/8810 [00:03<00:00, 2210.98it/s]
 95%|█████████▍| 8339/8810 [00:03<00:00, 2381.93it/s]
 98%|█████████▊| 8606/8810 [00:03<00:00, 2460.47it/s]
100%|██████████| 8810/8810 [00:03<00:00, 2498.92it/s]
