
  0%|          | 0/8810 [00:00<?, ?it/s]
  2%|▏         | 181/8810 [00:00<00:06, 1377.85it/s]
  5%|▍         | 411/8810 [00:00<00:04, 1850.20it/s]
  7%|▋         | 636/8810 [00:00<00:04, 2018.76it/s]
 10%|▉         | 843/8810 [00:00<00:04, 1706.50it/s]
 12%|█▏        | 1022/8810 [00:00<00:04, 1585.74it/s]
 14%|█▍        | 1234/8810 [00:00<00:04, 1739.54it/s]
 16%|█▋        | 1450/8810 [00:00<00:03, 1860.50it/s]
 19%|█▊        | 1642/8810 [00:00<00:04, 1753.24it/s]
 21%|██        | 1822/8810 [00:01<00:04, 1716.30it/s]
 23%|██▎       | 2027/8810 [00:01<00:03, 1808.83it/s]
 26%|██▌       | 2262/8810 [00:01<00:03, 1961.34it/s]
 28%|██▊       | 2462/8810 [00:01<00:03, 1858.54it/s]
 30%|███       | 2676/8810 [00:01<00:03, 1933.17it/s]
 33%|███▎      | 2872/8810 [00:01<00:03, 1856.52it/s]
 35%|███▍      | 3060/8810 [00:01<00:03, 1727.59it/s]
 37%|███▋      | 3238/8810 [00:01<00:03, 1734.87it/s]
 39%|███▉      | 3414/8810 [00:01<00:03, 1643.92it/s]
 41%|████▏     | 3635/8810 [00:02<00:02, 1797.42it/s]
 43%|████▎     | 3818/8810 [00:02<00:02, 1717.96it/s]
 46%|████▌     | 4028/8810 [00:02<00:02, 1820.23it/s]
 48%|████▊     | 4213/8810 [00:02<00:02, 1794.72it/s]
 51%|█████     | 4464/8810 [00:02<00:02, 1997.46it/s]
 53%|█████▎    | 4667/8810 [00:02<00:02, 1809.04it/s]
 55%|█████▌    | 4853/8810 [00:02<00:02, 1645.82it/s]
 57%|█████▋    | 5023/8810 [00:02<00:02, 1510.81it/s]
 59%|█████▉    | 5220/8810 [00:02<00:02, 1622.78it/s]
 61%|██████    | 5388/8810 [00:03<00:02, 1553.37it/s]
 64%|██████▎   | 5612/8810 [00:03<00:01, 1733.49it/s]
 66%|██████▌   | 5791/8810 [00:03<00:01, 1646.27it/s]
 68%|██████▊   | 5960/8810 [00:03<00:01, 1562.58it/s]
 69%|██████▉   | 6120/8810 [00:03<00:01, 1506.70it/s]
 72%|███████▏  | 6315/8810 [00:03<00:01, 1622.31it/s]
 74%|███████▎  | 6481/8810 [00:03<00:01, 1522.32it/s]
 76%|███████▌  | 6701/8810 [00:03<00:01, 1703.80it/s]
 78%|███████▊  | 6894/8810 [00:03<00:01, 1765.39it/s]
 80%|████████  | 7074/8810 [00:04<00:01, 1651.76it/s]
 82%|████████▏ | 7244/8810 [00:04<00:00, 1661.20it/s]
 84%|████████▍ | 7413/8810 [00:04<00:00, 1651.24it/s]
 86%|████████▌ | 7580/8810 [00:04<00:00, 1594.94it/s]
 88%|████████▊ | 7741/8810 [00:04<00:00, 1453.23it/s]
 90%|████████▉ | 7890/8810 [00:04<00:00, 1431.06it/s]
 91%|█████████ | 8037/8810 [00:04<00:00, 1304.55it/s]
 93%|█████████▎| 8192/8810 [00:04<00:00, 1362.21it/s]
 95%|█████████▍| 8357/8810 [00:05<00:00, 1439.33it/s]
 97%|█████████▋| 8504/8810 [00:05<00:00, 1356.60it/s]
 99%|█████████▉| 8702/8810 [00:05<00:00, 1394.49it/s]
100%|██████████| 8810/8810 [00:05<00:00, 1653.17it/s]
