
  0%|          | 0/8810 [00:00<?, ?it/s]
  2%|▏         | 216/8810 [00:00<00:04, 2144.71it/s]
  7%|▋         | 576/8810 [00:00<00:02, 2991.49it/s]
 10%|▉         | 876/8810 [00:00<00:03, 2432.38it/s]
 13%|█▎        | 1130/8810 [00:00<00:03, 2244.82it/s]
 15%|█▌        | 1362/8810 [00:00<00:03, 2023.88it/s]
 18%|█▊        | 1570/8810 [00:00<00:03, 1912.39it/s]
 21%|██        | 1821/8810 [00:00<00:03, 1930.36it/s]
 23%|██▎       | 2049/8810 [00:00<00:03, 2019.80it/s]
 26%|██▌       | 2263/8810 [00:01<00:03, 1952.44it/s]
 28%|██▊       | 2461/8810 [00:01<00:03, 1868.54it/s]
 31%|███       | 2733/8810 [00:01<00:02, 2098.14it/s]
 33%|███▎      | 2947/8810 [00:01<00:02, 1985.42it/s]
 36%|███▌      | 3149/8810 [00:01<00:02, 1990.46it/s]
 39%|███▊      | 3394/8810 [00:01<00:02, 2111.71it/s]
 41%|████      | 3610/8810 [00:01<00:02, 2122.23it/s]
 43%|████▎     | 3825/8810 [00:01<00:02, 2059.29it/s]
 47%|████▋     | 4111/8810 [00:01<00:02, 2285.67it/s]
 49%|████▉     | 4342/8810 [00:02<00:02, 2120.49it/s]
 52%|█████▏    | 4564/8810 [00:02<00:01, 2147.96it/s]
 54%|█████▍    | 4782/8810 [00:02<00:02, 1890.83it/s]
 57%|█████▋    | 4978/8810 [00:02<00:02, 1758.67it/s]
 60%|█████▉    | 5264/8810 [00:02<00:01, 2036.30it/s]
 62%|██████▏   | 5477/8810 [00:02<00:01, 1964.34it/s]
 65%|██████▌   | 5754/8810 [00:02<00:01, 2080.92it/s]
 68%|██████▊   | 5967/8810 [00:02<00:01, 2015.82it/s]
 70%|███████   | 6172/8810 [00:03<00:01, 1946.86it/s]
 73%|███████▎  | 6400/8810 [00:03<00:01, 1906.37it/s]
 76%|███████▋  | 6719/8810 [00:03<00:00, 2245.76it/s]
 79%|███████▉  | 6950/8810 [00:03<00:00, 2253.88it/s]
 81%|████████▏ | 7180/8810 [00:03<00:00, 2043.16it/s]
 84%|████████▍ | 7391/8810 [00:03<00:00, 2055.51it/s]
 86%|████████▋ | 7601/8810 [00:03<00:00, 2020.55it/s]
 89%|████████▊ | 7806/8810 [00:03<00:00, 1919.31it/s]
 91%|█████████ | 8002/8810 [00:03<00:00, 1926.27it/s]
 93%|█████████▎| 8197/8810 [00:04<00:00, 1752.94it/s]
 95%|█████████▌| 8376/8810 [00:04<00:00, 1674.34it/s]
 98%|█████████▊| 8626/8810 [00:04<00:00, 1892.79it/s]
100%|██████████| 8810/8810 [00:04<00:00, 2008.58it/s]
