
  0%|          | 0/8810 [00:00<?, ?it/s]
  4%|▎         | 322/8810 [00:00<00:02, 3212.74it/s]
  7%|▋         | 656/8810 [00:00<00:02, 3177.77it/s]
 11%|█▏        | 996/8810 [00:00<00:02, 3033.99it/s]
 15%|█▌        | 1365/8810 [00:00<00:02, 3267.11it/s]
 19%|█▉        | 1694/8810 [00:00<00:02, 3232.41it/s]
 23%|██▎       | 2019/8810 [00:00<00:02, 3177.60it/s]
 27%|██▋       | 2338/8810 [00:00<00:02, 3163.57it/s]
 31%|███       | 2744/8810 [00:00<00:01, 3273.40it/s]
 35%|███▍      | 3071/8810 [00:00<00:01, 3195.59it/s]
 39%|███▊      | 3410/8810 [00:01<00:01, 3196.38it/s]
 43%|████▎     | 3774/8810 [00:01<00:01, 3230.47it/s]
 47%|████▋     | 4180/8810 [00:01<00:01, 3320.62it/s]
 52%|█████▏    | 4576/8810 [00:01<00:01, 3495.04it/s]
 56%|█████▌    | 4927/8810 [00:01<00:01, 3343.61it/s]
 60%|█████▉    | 5265/8810 [00:01<00:01, 3349.84it/s]
 64%|██████▎   | 5601/8810 [00:01<00:00, 3308.96it/s]
 67%|██████▋   | 5933/8810 [00:01<00:00, 3211.40it/s]
 71%|███████   | 6262/8810 [00:01<00:00, 3232.62it/s]
 75%|███████▍  | 6586/8810 [00:02<00:00, 3229.41it/s]
 79%|███████▉  | 6980/8810 [00:02<00:00, 3432.66it/s]
 83%|████████▎ | 7325/8810 [00:02<00:00, 3437.71it/s]
 87%|████████▋ | 7670/8810 [00:02<00:00, 3249.68it/s]
 91%|█████████ | 7998/8810 [00:02<00:00, 3065.47it/s]
 94%|█████████▍| 8308/8810 [00:02<00:00, 2995.40it/s]
 98%|█████████▊| 8610/8810 [00:02<00:00, 2990.78it/s]
100%|██████████| 8810/8810 [00:02<00:00, 3202.64it/s]
