
  0%|          | 0/8810 [00:00<?, ?it/s]
  2%|▏         | 181/8810 [00:00<00:05, 1624.81it/s]
  5%|▍         | 430/8810 [00:00<00:03, 2106.84it/s]
  7%|▋         | 656/8810 [00:00<00:04, 1870.06it/s]
 10%|▉         | 862/8810 [00:00<00:04, 1934.62it/s]
 12%|█▏        | 1059/8810 [00:00<00:04, 1799.96it/s]
 14%|█▍        | 1267/8810 [00:00<00:04, 1884.06it/s]
 17%|█▋        | 1459/8810 [00:00<00:04, 1716.99it/s]
 19%|█▉        | 1661/8810 [00:00<00:03, 1802.04it/s]
 21%|██        | 1845/8810 [00:01<00:04, 1700.01it/s]
 24%|██▍       | 2114/8810 [00:01<00:03, 1974.42it/s]
 26%|██▋       | 2317/8810 [00:01<00:03, 1816.38it/s]
 30%|██▉       | 2620/8810 [00:01<00:02, 2140.15it/s]
 32%|███▏      | 2842/8810 [00:01<00:03, 1961.74it/s]
 35%|███▍      | 3046/8810 [00:01<00:02, 1961.01it/s]
 37%|███▋      | 3248/8810 [00:01<00:03, 1830.43it/s]
 39%|███▉      | 3436/8810 [00:01<00:03, 1766.64it/s]
 42%|████▏     | 3658/8810 [00:01<00:02, 1887.21it/s]
 44%|████▎     | 3851/8810 [00:02<00:02, 1838.23it/s]
 47%|████▋     | 4144/8810 [00:02<00:02, 2139.28it/s]
 50%|████▉     | 4363/8810 [00:02<00:02, 2024.37it/s]
 52%|█████▏    | 4584/8810 [00:02<00:02, 2074.39it/s]
 54%|█████▍    | 4795/8810 [00:02<00:02, 1890.83it/s]
 57%|█████▋    | 4989/8810 [00:02<00:02, 1731.73it/s]
 59%|█████▉    | 5205/8810 [00:02<00:01, 1842.11it/s]
 61%|██████    | 5395/8810 [00:02<00:01, 1802.68it/s]
 64%|██████▍   | 5626/8810 [00:02<00:01, 1937.56it/s]
 66%|██████▌   | 5824/8810 [00:03<00:01, 1831.56it/s]
 68%|██████▊   | 6011/8810 [00:03<00:01, 1792.40it/s]
 70%|███████   | 6193/8810 [00:03<00:01, 1696.30it/s]
 73%|███████▎  | 6400/8810 [00:03<00:01, 1642.09it/s]
 75%|███████▌  | 6642/8810 [00:03<00:01, 1843.24it/s]
 78%|███████▊  | 6911/8810 [00:03<00:00, 2069.46it/s]
 81%|████████  | 7124/8810 [00:03<00:00, 1910.69it/s]
 83%|████████▎ | 7344/8810 [00:03<00:00, 1987.79it/s]
 86%|████████▌ | 7548/8810 [00:04<00:00, 1754.15it/s]
 88%|████████▊ | 7732/8810 [00:04<00:00, 1752.38it/s]
 90%|█████████ | 7937/8810 [00:04<00:00, 1828.24it/s]
 92%|█████████▏| 8125/8810 [00:04<00:00, 1644.36it/s]
 95%|█████████▍| 8361/8810 [00:04<00:00, 1662.78it/s]
 97%|█████████▋| 8544/8810 [00:04<00:00, 1704.65it/s]
 99%|█████████▉| 8719/8810 [00:04<00:00, 1606.78it/s]
100%|██████████| 8810/8810 [00:04<00:00, 1833.95it/s]
