
  0%|          | 0/8810 [00:00<?, ?it/s]
  3%|▎         | 283/8810 [00:00<00:03, 2824.64it/s]
  7%|▋         | 628/8810 [00:00<00:02, 3177.18it/s]
 11%|█         | 946/8810 [00:00<00:02, 2688.94it/s]
 14%|█▍        | 1223/8810 [00:00<00:02, 2556.96it/s]
 17%|█▋        | 1484/8810 [00:00<00:02, 2501.04it/s]
 21%|██        | 1821/8810 [00:00<00:02, 2561.62it/s]
 24%|██▍       | 2114/8810 [00:00<00:02, 2666.27it/s]
 27%|██▋       | 2383/8810 [00:00<00:02, 2599.45it/s]
 31%|███       | 2744/8810 [00:01<00:02, 2828.59it/s]
 35%|███▍      | 3057/8810 [00:01<00:02, 2722.94it/s]
 38%|███▊      | 3332/8810 [00:01<00:02, 2637.09it/s]
 41%|████      | 3597/8810 [00:01<00:02, 2469.13it/s]
 44%|████▎     | 3846/8810 [00:01<00:02, 2312.51it/s]
 47%|████▋     | 4180/8810 [00:01<00:01, 2493.00it/s]
 51%|█████     | 4501/8810 [00:01<00:01, 2684.15it/s]
 54%|█████▍    | 4774/8810 [00:01<00:01, 2559.36it/s]
 57%|█████▋    | 5034/8810 [00:01<00:01, 2385.44it/s]
 61%|██████    | 5372/8810 [00:02<00:01, 2515.00it/s]
 64%|██████▍   | 5679/8810 [00:02<00:01, 2659.63it/s]
 68%|██████▊   | 5949/8810 [00:02<00:01, 2467.21it/s]
 71%|███████   | 6218/8810 [00:02<00:01, 2522.65it/s]
 73%|███████▎  | 6474/8810 [00:02<00:00, 2513.99it/s]
 77%|███████▋  | 6824/8810 [00:02<00:00, 2788.59it/s]
 81%|████████  | 7107/8810 [00:02<00:00, 2719.17it/s]
 84%|████████▍ | 7382/8810 [00:02<00:00, 2581.07it/s]
 87%|████████▋ | 7698/8810 [00:02<00:00, 2736.53it/s]
 91%|█████████ | 7975/8810 [00:03<00:00, 2474.63it/s]
 93%|█████████▎| 8229/8810 [00:03<00:00, 2176.71it/s]
 96%|█████████▌| 8456/8810 [00:03<00:00, 2050.53it/s]
 99%|█████████▉| 8702/8810 [00:03<00:00, 1992.19it/s]
100%|██████████| 8810/8810 [00:03<00:00, 2479.38it/s]
