
  0%|          | 0/8810 [00:00<?, ?it/s]
  2%|▏         | 181/8810 [00:00<00:05, 1661.54it/s]
  5%|▌         | 446/8810 [00:00<00:03, 2218.04it/s]
  8%|▊         | 670/8810 [00:00<00:03, 2140.96it/s]
 10%|█         | 910/8810 [00:00<00:03, 2236.19it/s]
 13%|█▎        | 1135/8810 [00:00<00:03, 2089.66it/s]
 15%|█▌        | 1349/8810 [00:00<00:03, 2105.04it/s]
 18%|█▊        | 1561/8810 [00:00<00:03, 1957.89it/s]
 21%|██        | 1821/8810 [00:00<00:03, 1916.05it/s]
 23%|██▎       | 2015/8810 [00:01<00:03, 1913.44it/s]
 26%|██▌       | 2263/8810 [00:01<00:03, 1958.47it/s]
 29%|██▉       | 2548/8810 [00:01<00:02, 2199.11it/s]
 32%|███▏      | 2776/8810 [00:01<00:02, 2212.59it/s]
 35%|███▍      | 3052/8810 [00:01<00:02, 2368.75it/s]
 37%|███▋      | 3292/8810 [00:01<00:02, 2125.00it/s]
 40%|███▉      | 3511/8810 [00:01<00:02, 2074.66it/s]
 43%|████▎     | 3774/8810 [00:01<00:02, 2146.72it/s]
 47%|████▋     | 4109/8810 [00:01<00:01, 2471.25it/s]
 50%|████▉     | 4362/8810 [00:02<00:01, 2461.98it/s]
 52%|█████▏    | 4625/8810 [00:02<00:01, 2428.13it/s]
 55%|█████▌    | 4871/8810 [00:02<00:01, 2432.95it/s]
 58%|█████▊    | 5117/8810 [00:02<00:01, 2303.01it/s]
 61%|██████    | 5372/8810 [00:02<00:01, 2292.01it/s]
 65%|██████▍   | 5693/8810 [00:02<00:01, 2545.47it/s]
 68%|██████▊   | 5951/8810 [00:02<00:01, 2181.66it/s]
 70%|███████   | 6180/8810 [00:02<00:01, 2124.40it/s]
 73%|███████▎  | 6400/8810 [00:02<00:01, 2132.81it/s]
 76%|███████▌  | 6669/8810 [00:03<00:00, 2281.88it/s]
 79%|███████▉  | 6972/8810 [00:03<00:00, 2342.82it/s]
 82%|████████▏ | 7210/8810 [00:03<00:00, 2308.62it/s]
 84%|████████▍ | 7443/8810 [00:03<00:00, 2148.39it/s]
 87%|████████▋ | 7661/8810 [00:03<00:00, 2085.38it/s]
 89%|████████▉ | 7872/8810 [00:03<00:00, 1923.63it/s]
 92%|█████████▏| 8068/8810 [00:03<00:00, 1865.30it/s]
 95%|█████████▍| 8329/8810 [00:03<00:00, 2059.54it/s]
 97%|█████████▋| 8539/8810 [00:03<00:00, 1968.58it/s]
 99%|█████████▉| 8739/8810 [00:04<00:00, 1927.04it/s]
100%|██████████| 8810/8810 [00:04<00:00, 2151.75it/s]
