
  0%|          | 0/8810 [00:00<?, ?it/s]
  2%|▏         | 181/8810 [00:00<00:04, 1755.24it/s]
  5%|▌         | 466/8810 [00:00<00:03, 2382.96it/s]
  8%|▊         | 705/8810 [00:00<00:03, 2265.74it/s]
 11%|█         | 933/8810 [00:00<00:03, 2115.34it/s]
 13%|█▎        | 1147/8810 [00:00<00:03, 2059.15it/s]
 16%|█▌        | 1401/8810 [00:00<00:03, 2206.08it/s]
 18%|█▊        | 1624/8810 [00:00<00:03, 1984.38it/s]
 21%|██        | 1827/8810 [00:00<00:03, 1859.45it/s]
 23%|██▎       | 2030/8810 [00:01<00:03, 1905.86it/s]
 26%|██▌       | 2263/8810 [00:01<00:03, 1827.44it/s]
 28%|██▊       | 2503/8810 [00:01<00:03, 1978.85it/s]
 31%|███       | 2744/8810 [00:01<00:03, 1913.22it/s]
 33%|███▎      | 2940/8810 [00:01<00:03, 1860.25it/s]
 36%|███▌      | 3129/8810 [00:01<00:03, 1797.67it/s]
 38%|███▊      | 3328/8810 [00:01<00:02, 1848.76it/s]
 40%|███▉      | 3515/8810 [00:01<00:03, 1686.57it/s]
 42%|████▏     | 3728/8810 [00:01<00:02, 1803.32it/s]
 44%|████▍     | 3913/8810 [00:02<00:02, 1637.92it/s]
 47%|████▋     | 4180/8810 [00:02<00:02, 1743.87it/s]
 50%|█████     | 4413/8810 [00:02<00:02, 1890.99it/s]
 52%|█████▏    | 4625/8810 [00:02<00:02, 1781.96it/s]
 55%|█████▍    | 4808/8810 [00:02<00:02, 1781.09it/s]
 57%|█████▋    | 4989/8810 [00:02<00:02, 1641.97it/s]
 59%|█████▉    | 5181/8810 [00:02<00:02, 1710.12it/s]
 61%|██████    | 5372/8810 [00:02<00:02, 1656.39it/s]
 63%|██████▎   | 5588/8810 [00:03<00:01, 1789.56it/s]
 66%|██████▌   | 5771/8810 [00:03<00:01, 1743.92it/s]
 68%|██████▊   | 5948/8810 [00:03<00:01, 1723.53it/s]
 69%|██████▉   | 6122/8810 [00:03<00:01, 1674.71it/s]
 72%|███████▏  | 6328/8810 [00:03<00:01, 1781.48it/s]
 74%|███████▍  | 6508/8810 [00:03<00:01, 1605.15it/s]
 77%|███████▋  | 6771/8810 [00:03<00:01, 1877.20it/s]
 79%|███████▉  | 6972/8810 [00:03<00:01, 1831.87it/s]
 81%|████████▏ | 7160/8810 [00:03<00:00, 1834.64it/s]
 83%|████████▎ | 7350/8810 [00:04<00:00, 1849.09it/s]
 86%|████████▌ | 7538/8810 [00:04<00:00, 1377.56it/s]
 88%|████████▊ | 7715/8810 [00:04<00:00, 1359.61it/s]
 89%|████████▉ | 7864/8810 [00:04<00:00, 1367.85it/s]
 91%|█████████ | 8033/8810 [00:04<00:00, 1443.88it/s]
 93%|█████████▎| 8186/8810 [00:04<00:00, 1321.53it/s]
 95%|█████████▍| 8338/8810 [00:04<00:00, 1369.82it/s]
 96%|█████████▋| 8481/8810 [00:04<00:00, 1348.64it/s]
 99%|█████████▊| 8699/8810 [00:05<00:00, 1570.11it/s]
100%|██████████| 8810/8810 [00:05<00:00, 1720.42it/s]
