
  0%|          | 0/8810 [00:00<?, ?it/s]
  2%|▏         | 181/8810 [00:00<00:05, 1477.68it/s]
  5%|▍         | 422/8810 [00:00<00:04, 1979.06it/s]
  7%|▋         | 656/8810 [00:00<00:04, 1854.13it/s]
 10%|▉         | 849/8810 [00:00<00:04, 1876.70it/s]
 12%|█▏        | 1040/8810 [00:00<00:04, 1740.14it/s]
 14%|█▍        | 1219/8810 [00:00<00:04, 1750.14it/s]
 16%|█▌        | 1401/8810 [00:00<00:04, 1768.88it/s]
 18%|█▊        | 1580/8810 [00:00<00:04, 1663.29it/s]
 21%|██        | 1821/8810 [00:01<00:04, 1718.56it/s]
 23%|██▎       | 2028/8810 [00:01<00:03, 1813.43it/s]
 25%|██▌       | 2230/8810 [00:01<00:03, 1866.03it/s]
 27%|██▋       | 2419/8810 [00:01<00:03, 1766.17it/s]
 30%|███       | 2669/8810 [00:01<00:03, 1968.67it/s]
 33%|███▎      | 2869/8810 [00:01<00:03, 1799.19it/s]
 35%|███▍      | 3055/8810 [00:01<00:03, 1814.93it/s]
 37%|███▋      | 3240/8810 [00:01<00:03, 1626.82it/s]
 39%|███▊      | 3410/8810 [00:01<00:03, 1538.94it/s]
 41%|████      | 3617/8810 [00:02<00:03, 1670.98it/s]
 43%|████▎     | 3789/8810 [00:02<00:03, 1610.39it/s]
 45%|████▌     | 3987/8810 [00:02<00:02, 1708.12it/s]
 47%|████▋     | 4180/8810 [00:02<00:02, 1680.27it/s]
 50%|█████     | 4413/8810 [00:02<00:02, 1856.50it/s]
 52%|█████▏    | 4603/8810 [00:02<00:02, 1834.54it/s]
 54%|█████▍    | 4789/8810 [00:02<00:02, 1637.05it/s]
 56%|█████▋    | 4958/8810 [00:02<00:02, 1501.14it/s]
 58%|█████▊    | 5123/8810 [00:02<00:02, 1536.01it/s]
 61%|██████    | 5333/8810 [00:03<00:02, 1684.17it/s]
 62%|██████▏   | 5506/8810 [00:03<00:02, 1628.21it/s]
 65%|██████▌   | 5747/8810 [00:03<00:01, 1840.31it/s]
 67%|██████▋   | 5936/8810 [00:03<00:01, 1569.44it/s]
 69%|██████▉   | 6103/8810 [00:03<00:01, 1460.09it/s]
 72%|███████▏  | 6316/8810 [00:03<00:01, 1624.80it/s]
 74%|███████▎  | 6487/8810 [00:03<00:01, 1567.42it/s]
 77%|███████▋  | 6751/8810 [00:03<00:01, 1842.46it/s]
 79%|███████▉  | 6972/8810 [00:04<00:01, 1760.38it/s]
 81%|████████▏ | 7166/8810 [00:04<00:00, 1801.82it/s]
 84%|████████▎ | 7360/8810 [00:04<00:00, 1746.21it/s]
 86%|████████▌ | 7539/8810 [00:04<00:00, 1741.76it/s]
 88%|████████▊ | 7716/8810 [00:04<00:00, 1708.52it/s]
 90%|████████▉ | 7911/8810 [00:04<00:00, 1774.68it/s]
 92%|█████████▏| 8091/8810 [00:04<00:00, 1596.61it/s]
 94%|█████████▎| 8255/8810 [00:04<00:00, 1599.13it/s]
 96%|█████████▌| 8418/8810 [00:04<00:00, 1508.17it/s]
 98%|█████████▊| 8622/8810 [00:05<00:00, 1649.45it/s]
100%|█████████▉| 8791/8810 [00:05<00:00, 1578.82it/s]
100%|██████████| 8810/8810 [00:05<00:00, 1694.87it/s]
