
  0%|          | 0/8810 [00:00<?, ?it/s]
  4%|▍         | 357/8810 [00:00<00:02, 3562.29it/s]
  8%|▊         | 714/8810 [00:00<00:02, 3396.07it/s]
 12%|█▏        | 1055/8810 [00:00<00:02, 3220.20it/s]
 16%|█▋        | 1447/8810 [00:00<00:02, 3475.29it/s]
 20%|██        | 1797/8810 [00:00<00:02, 3327.47it/s]
 24%|██▍       | 2132/8810 [00:00<00:02, 3231.31it/s]
 28%|██▊       | 2457/8810 [00:00<00:02, 3147.62it/s]
 32%|███▏      | 2780/8810 [00:00<00:01, 3166.85it/s]
 35%|███▌      | 3098/8810 [00:00<00:01, 3054.25it/s]
 39%|███▊      | 3410/8810 [00:01<00:01, 2966.11it/s]
 43%|████▎     | 3774/8810 [00:01<00:01, 3075.33it/s]
 47%|████▋     | 4180/8810 [00:01<00:01, 3209.32it/s]
 52%|█████▏    | 4569/8810 [00:01<00:01, 3393.11it/s]
 56%|█████▌    | 4910/8810 [00:01<00:01, 3156.80it/s]
 59%|█████▉    | 5229/8810 [00:01<00:01, 3131.40it/s]
 63%|██████▎   | 5545/8810 [00:01<00:01, 3083.94it/s]
 67%|██████▋   | 5867/8810 [00:01<00:00, 3120.90it/s]
 70%|███████   | 6181/8810 [00:01<00:00, 2988.23it/s]
 74%|███████▎  | 6487/8810 [00:02<00:00, 3007.14it/s]
 79%|███████▉  | 6946/8810 [00:02<00:00, 3456.92it/s]
 83%|████████▎ | 7295/8810 [00:02<00:00, 3361.54it/s]
 87%|████████▋ | 7634/8810 [00:02<00:00, 3312.94it/s]
 90%|█████████ | 7967/8810 [00:02<00:00, 3227.11it/s]
 94%|█████████▍| 8292/8810 [00:02<00:00, 3143.27it/s]
 98%|█████████▊| 8622/8810 [00:02<00:00, 3182.91it/s]
100%|██████████| 8810/8810 [00:02<00:00, 3187.23it/s]
