
  0%|          | 0/8810 [00:00<?, ?it/s]
  2%|▏         | 181/8810 [00:00<00:05, 1681.74it/s]
  5%|▌         | 450/8810 [00:00<00:03, 2247.74it/s]
  8%|▊         | 677/8810 [00:00<00:03, 2169.59it/s]
 10%|█         | 902/8810 [00:00<00:03, 2197.16it/s]
 13%|█▎        | 1123/8810 [00:00<00:03, 1994.76it/s]
 15%|█▌        | 1355/8810 [00:00<00:03, 2096.51it/s]
 18%|█▊        | 1568/8810 [00:00<00:03, 1885.53it/s]
 21%|██        | 1821/8810 [00:00<00:03, 1932.85it/s]
 23%|██▎       | 2026/8810 [00:01<00:03, 1964.20it/s]
 26%|██▌       | 2263/8810 [00:01<00:03, 2047.86it/s]
 28%|██▊       | 2490/8810 [00:01<00:03, 2105.59it/s]
 31%|███       | 2729/8810 [00:01<00:02, 2185.01it/s]
 33%|███▎      | 2950/8810 [00:01<00:02, 1956.83it/s]
 36%|███▌      | 3151/8810 [00:01<00:03, 1865.25it/s]
 38%|███▊      | 3377/8810 [00:01<00:02, 1968.14it/s]
 41%|████      | 3578/8810 [00:01<00:02, 1885.77it/s]
 43%|████▎     | 3774/8810 [00:01<00:02, 1900.27it/s]
 46%|████▌     | 4036/8810 [00:01<00:02, 2099.49it/s]
 48%|████▊     | 4249/8810 [00:02<00:02, 2030.21it/s]
 51%|█████▏    | 4521/8810 [00:02<00:01, 2217.96it/s]
 54%|█████▍    | 4746/8810 [00:02<00:02, 1962.00it/s]
 56%|█████▌    | 4949/8810 [00:02<00:02, 1890.74it/s]
 59%|█████▉    | 5204/8810 [00:02<00:01, 2061.22it/s]
 61%|██████▏   | 5416/8810 [00:02<00:01, 1989.92it/s]
 65%|██████▍   | 5714/8810 [00:02<00:01, 2257.53it/s]
 67%|██████▋   | 5946/8810 [00:02<00:01, 2012.02it/s]
 70%|██████▉   | 6156/8810 [00:03<00:01, 1956.93it/s]
 73%|███████▎  | 6400/8810 [00:03<00:01, 2001.93it/s]
 76%|███████▌  | 6663/8810 [00:03<00:00, 2168.55it/s]
 79%|███████▉  | 6943/8810 [00:03<00:00, 2341.01it/s]
 82%|████████▏ | 7182/8810 [00:03<00:00, 2128.31it/s]
 84%|████████▍ | 7402/8810 [00:03<00:00, 2115.84it/s]
 86%|████████▋ | 7619/8810 [00:03<00:00, 2050.07it/s]
 89%|████████▉ | 7828/8810 [00:03<00:00, 1948.51it/s]
 91%|█████████ | 8037/8810 [00:03<00:00, 1855.72it/s]
 94%|█████████▍| 8266/8810 [00:04<00:00, 1970.41it/s]
 96%|█████████▌| 8467/8810 [00:04<00:00, 1879.97it/s]
 99%|█████████▊| 8696/8810 [00:04<00:00, 1987.84it/s]
100%|██████████| 8810/8810 [00:04<00:00, 2012.55it/s]
