
  0%|          | 0/8810 [00:00<?, ?it/s]
  1%|▏         | 131/8810 [00:00<00:06, 1308.11it/s]
  3%|▎         | 283/8810 [00:00<00:05, 1422.94it/s]
  6%|▌         | 523/8810 [00:00<00:04, 1867.07it/s]
  8%|▊         | 710/8810 [00:00<00:04, 1748.11it/s]
 10%|█         | 904/8810 [00:00<00:04, 1810.52it/s]
 12%|█▏        | 1087/8810 [00:00<00:04, 1701.27it/s]
 14%|█▍        | 1277/8810 [00:00<00:04, 1760.25it/s]
 17%|█▋        | 1457/8810 [00:00<00:04, 1652.53it/s]
 19%|█▉        | 1670/8810 [00:00<00:03, 1788.08it/s]
 21%|██        | 1852/8810 [00:01<00:03, 1744.42it/s]
 24%|██▍       | 2132/8810 [00:01<00:03, 2047.59it/s]
 27%|██▋       | 2340/8810 [00:01<00:03, 1698.68it/s]
 29%|██▉       | 2580/8810 [00:01<00:03, 1874.33it/s]
 32%|███▏      | 2779/8810 [00:01<00:03, 1575.71it/s]
 34%|███▍      | 3031/8810 [00:01<00:03, 1801.96it/s]
 37%|███▋      | 3228/8810 [00:01<00:03, 1724.75it/s]
 39%|███▊      | 3412/8810 [00:01<00:03, 1607.42it/s]
 42%|████▏     | 3671/8810 [00:02<00:02, 1851.28it/s]
 44%|████▍     | 3867/8810 [00:02<00:02, 1758.80it/s]
 47%|████▋     | 4113/8810 [00:02<00:02, 1934.28it/s]
 49%|████▉     | 4315/8810 [00:02<00:02, 1907.06it/s]
 52%|█████▏    | 4549/8810 [00:02<00:02, 2020.56it/s]
 54%|█████▍    | 4756/8810 [00:02<00:02, 1839.60it/s]
 56%|█████▌    | 4946/8810 [00:02<00:02, 1749.94it/s]
 59%|█████▉    | 5200/8810 [00:02<00:01, 1957.01it/s]
 61%|██████▏   | 5402/8810 [00:03<00:01, 1773.66it/s]
 64%|██████▍   | 5668/8810 [00:03<00:01, 2002.08it/s]
 67%|██████▋   | 5877/8810 [00:03<00:01, 1832.66it/s]
 69%|██████▉   | 6068/8810 [00:03<00:01, 1725.92it/s]
 71%|███████▏  | 6279/8810 [00:03<00:01, 1823.29it/s]
 73%|███████▎  | 6467/8810 [00:03<00:01, 1736.38it/s]
 77%|███████▋  | 6746/8810 [00:03<00:01, 2011.78it/s]
 79%|███████▉  | 6972/8810 [00:03<00:00, 1935.14it/s]
 82%|████████▏ | 7188/8810 [00:03<00:00, 1992.82it/s]
 84%|████████▍ | 7392/8810 [00:04<00:00, 1978.71it/s]
 86%|████████▌ | 7593/8810 [00:04<00:00, 1930.97it/s]
 88%|████████▊ | 7789/8810 [00:04<00:00, 1840.86it/s]
 91%|█████████ | 8029/8810 [00:04<00:00, 1989.55it/s]
 93%|█████████▎| 8231/8810 [00:04<00:00, 1849.00it/s]
 96%|█████████▌| 8420/8810 [00:04<00:00, 1777.21it/s]
 98%|█████████▊| 8631/8810 [00:04<00:00, 1865.63it/s]
100%|██████████| 8810/8810 [00:04<00:00, 1820.92it/s]
