
  0%|          | 0/8810 [00:00<?, ?it/s]
  4%|▍         | 344/8810 [00:00<00:02, 3437.05it/s]
  8%|▊         | 688/8810 [00:00<00:02, 3392.82it/s]
 12%|█▏        | 1028/8810 [00:00<00:02, 3200.71it/s]
 15%|█▌        | 1364/8810 [00:00<00:02, 3252.58it/s]
 19%|█▉        | 1691/8810 [00:00<00:02, 3064.61it/s]
 23%|██▎       | 2000/8810 [00:00<00:02, 2897.43it/s]
 26%|██▌       | 2292/8810 [00:00<00:02, 2787.02it/s]
 31%|███       | 2718/8810 [00:00<00:01, 3217.57it/s]
 35%|███▍      | 3045/8810 [00:00<00:01, 2968.27it/s]
 38%|███▊      | 3348/8810 [00:01<00:02, 2723.45it/s]
 41%|████      | 3627/8810 [00:01<00:01, 2708.41it/s]
 44%|████▍     | 3903/8810 [00:01<00:01, 2702.71it/s]
 48%|████▊     | 4269/8810 [00:01<00:01, 2966.36it/s]
 52%|█████▏    | 4570/8810 [00:01<00:01, 2865.56it/s]
 55%|█████▌    | 4860/8810 [00:01<00:01, 2716.24it/s]
 58%|█████▊    | 5135/8810 [00:01<00:01, 2639.75it/s]
 61%|██████▏   | 5402/8810 [00:01<00:01, 2610.63it/s]
 65%|██████▌   | 5754/8810 [00:01<00:01, 2828.46it/s]
 69%|██████▊   | 6039/8810 [00:02<00:01, 2700.05it/s]
 73%|███████▎  | 6400/8810 [00:02<00:00, 2777.28it/s]
 77%|███████▋  | 6802/8810 [00:02<00:00, 3112.47it/s]
 81%|████████  | 7118/8810 [00:02<00:00, 3060.44it/s]
 84%|████████▍ | 7427/8810 [00:02<00:00, 2994.24it/s]
 88%|████████▊ | 7729/8810 [00:02<00:00, 2813.02it/s]
 91%|█████████ | 8028/8810 [00:02<00:00, 2855.93it/s]
 94%|█████████▍| 8316/8810 [00:02<00:00, 2633.23it/s]
 97%|█████████▋| 8584/8810 [00:03<00:00, 2637.55it/s]
100%|██████████| 8810/8810 [00:03<00:00, 2836.63it/s]
