
  0%|          | 0/8810 [00:00<?, ?it/s]
  2%|▏         | 181/8810 [00:00<00:05, 1526.64it/s]
  5%|▍         | 431/8810 [00:00<00:04, 2056.46it/s]
  7%|▋         | 656/8810 [00:00<00:04, 1969.04it/s]
 10%|▉         | 856/8810 [00:00<00:04, 1948.41it/s]
 12%|█▏        | 1053/8810 [00:00<00:04, 1770.90it/s]
 15%|█▍        | 1279/8810 [00:00<00:03, 1918.26it/s]
 17%|█▋        | 1475/8810 [00:00<00:04, 1785.02it/s]
 20%|█▉        | 1731/8810 [00:00<00:03, 2002.40it/s]
 22%|██▏       | 1936/8810 [00:01<00:03, 1815.72it/s]
 25%|██▍       | 2176/8810 [00:01<00:03, 1971.26it/s]
 27%|██▋       | 2380/8810 [00:01<00:03, 1858.68it/s]
 30%|███       | 2655/8810 [00:01<00:02, 2096.53it/s]
 33%|███▎      | 2871/8810 [00:01<00:02, 2010.12it/s]
 35%|███▍      | 3077/8810 [00:01<00:03, 1852.07it/s]
 38%|███▊      | 3316/8810 [00:01<00:02, 1991.57it/s]
 40%|███▉      | 3521/8810 [00:01<00:02, 1953.62it/s]
 43%|████▎     | 3774/8810 [00:01<00:02, 1984.13it/s]
 46%|████▌     | 4047/8810 [00:02<00:02, 2184.47it/s]
 48%|████▊     | 4270/8810 [00:02<00:02, 2136.28it/s]
 51%|█████▏    | 4522/8810 [00:02<00:01, 2239.24it/s]
 54%|█████▍    | 4749/8810 [00:02<00:02, 1965.17it/s]
 56%|█████▌    | 4953/8810 [00:02<00:02, 1806.86it/s]
 59%|█████▊    | 5169/8810 [00:02<00:01, 1895.06it/s]
 61%|██████    | 5372/8810 [00:02<00:01, 1890.29it/s]
 63%|██████▎   | 5582/8810 [00:02<00:01, 1946.59it/s]
 66%|██████▌   | 5805/8810 [00:02<00:01, 2025.24it/s]
 68%|██████▊   | 6011/8810 [00:03<00:01, 1991.97it/s]
 71%|███████   | 6213/8810 [00:03<00:01, 1802.85it/s]
 73%|███████▎  | 6398/8810 [00:03<00:01, 1814.05it/s]
 75%|███████▍  | 6583/8810 [00:03<00:01, 1754.47it/s]
 78%|███████▊  | 6858/8810 [00:03<00:00, 2028.66it/s]
 80%|████████  | 7065/8810 [00:03<00:00, 1949.15it/s]
 83%|████████▎ | 7274/8810 [00:03<00:00, 1987.47it/s]
 85%|████████▍ | 7476/8810 [00:03<00:00, 1910.19it/s]
 87%|████████▋ | 7693/8810 [00:03<00:00, 1982.36it/s]
 90%|████████▉ | 7894/8810 [00:04<00:00, 1858.56it/s]
 92%|█████████▏| 8083/8810 [00:04<00:00, 1700.03it/s]
 94%|█████████▍| 8269/8810 [00:04<00:00, 1742.01it/s]
 96%|█████████▌| 8447/8810 [00:04<00:00, 1665.24it/s]
 99%|█████████▊| 8690/8810 [00:04<00:00, 1870.73it/s]
100%|██████████| 8810/8810 [00:04<00:00, 1906.42it/s]
