
  0%|          | 0/8810 [00:00<?, ?it/s]
  2%|▏         | 181/8810 [00:00<00:05, 1556.82it/s]
  6%|▋         | 571/8810 [00:00<00:02, 2841.97it/s]
 10%|▉         | 864/8810 [00:00<00:02, 2704.41it/s]
 13%|█▎        | 1140/8810 [00:00<00:03, 2505.23it/s]
 16%|█▌        | 1395/8810 [00:00<00:02, 2512.06it/s]
 19%|█▊        | 1650/8810 [00:00<00:03, 2297.94it/s]
 22%|██▏       | 1898/8810 [00:00<00:02, 2349.33it/s]
 26%|██▌       | 2263/8810 [00:00<00:02, 2541.66it/s]
 29%|██▉       | 2581/8810 [00:01<00:02, 2720.25it/s]
 32%|███▏      | 2856/8810 [00:01<00:02, 2605.65it/s]
 35%|███▌      | 3119/8810 [00:01<00:02, 2565.29it/s]
 39%|███▊      | 3401/8810 [00:01<00:02, 2633.21it/s]
 42%|████▏     | 3666/8810 [00:01<00:01, 2590.29it/s]
 45%|████▍     | 3926/8810 [00:01<00:01, 2582.35it/s]
 48%|████▊     | 4185/8810 [00:01<00:01, 2581.64it/s]
 51%|█████     | 4452/8810 [00:01<00:01, 2603.80it/s]
 53%|█████▎    | 4713/8810 [00:01<00:01, 2325.69it/s]
 56%|█████▌    | 4952/8810 [00:02<00:01, 2223.88it/s]
 59%|█████▉    | 5239/8810 [00:02<00:01, 2397.44it/s]
 62%|██████▏   | 5484/8810 [00:02<00:01, 2388.59it/s]
 65%|██████▌   | 5754/8810 [00:02<00:01, 2353.45it/s]
 68%|██████▊   | 6006/8810 [00:02<00:01, 2397.25it/s]
 71%|███████   | 6248/8810 [00:02<00:01, 2337.30it/s]
 74%|███████▎  | 6484/8810 [00:02<00:01, 2248.73it/s]
 78%|███████▊  | 6851/8810 [00:02<00:00, 2644.32it/s]
 81%|████████  | 7120/8810 [00:02<00:00, 2529.41it/s]
 84%|████████▎ | 7377/8810 [00:02<00:00, 2415.46it/s]
 87%|████████▋ | 7703/8810 [00:03<00:00, 2646.23it/s]
 90%|█████████ | 7972/8810 [00:03<00:00, 2505.16it/s]
 93%|█████████▎| 8227/8810 [00:03<00:00, 2341.74it/s]
 96%|█████████▌| 8466/8810 [00:03<00:00, 2346.99it/s]
 99%|█████████▉| 8716/8810 [00:03<00:00, 2388.50it/s]
100%|██████████| 8810/8810 [00:03<00:00, 2471.32it/s]
