
  0%|          | 0/8810 [00:00<?, ?it/s]
  2%|▏         | 181/8810 [00:00<00:06, 1324.64it/s]
  4%|▍         | 362/8810 [00:00<00:05, 1565.04it/s]
  6%|▌         | 523/8810 [00:00<00:05, 1478.75it/s]
  8%|▊         | 673/8810 [00:00<00:06, 1354.79it/s]
 10%|▉         | 837/8810 [00:00<00:05, 1440.78it/s]
 11%|█▏        | 996/8810 [00:00<00:05, 1382.94it/s]
 14%|█▎        | 1198/8810 [00:00<00:04, 1564.74it/s]
 16%|█▌        | 1386/8810 [00:00<00:04, 1657.00it/s]
 18%|█▊        | 1555/8810 [00:01<00:04, 1550.59it/s]
 20%|██        | 1765/8810 [00:01<00:04, 1704.48it/s]
 22%|██▏       | 1939/8810 [00:01<00:04, 1401.06it/s]
 25%|██▌       | 2204/8810 [00:01<00:03, 1713.97it/s]
 27%|██▋       | 2390/8810 [00:01<00:04, 1589.52it/s]
 30%|███       | 2653/8810 [00:01<00:03, 1845.16it/s]
 32%|███▏      | 2850/8810 [00:01<00:03, 1677.70it/s]
 34%|███▍      | 3039/8810 [00:01<00:03, 1730.40it/s]
 37%|███▋      | 3221/8810 [00:02<00:03, 1589.40it/s]
 39%|███▊      | 3410/8810 [00:02<00:03, 1504.31it/s]
 41%|████      | 3623/8810 [00:02<00:03, 1654.66it/s]
 43%|████▎     | 3796/8810 [00:02<00:03, 1554.91it/s]
 45%|████▌     | 3973/8810 [00:02<00:03, 1608.78it/s]
 47%|████▋     | 4180/8810 [00:02<00:02, 1614.62it/s]
 50%|█████     | 4418/8810 [00:02<00:02, 1814.74it/s]
 52%|█████▏    | 4605/8810 [00:02<00:02, 1761.45it/s]
 54%|█████▍    | 4785/8810 [00:03<00:02, 1399.25it/s]
 56%|█████▌    | 4939/8810 [00:03<00:02, 1302.18it/s]
 58%|█████▊    | 5115/8810 [00:03<00:02, 1404.67it/s]
 60%|██████    | 5329/8810 [00:03<00:02, 1587.39it/s]
 62%|██████▏   | 5498/8810 [00:03<00:02, 1481.54it/s]
 65%|██████▍   | 5697/8810 [00:03<00:01, 1610.21it/s]
 67%|██████▋   | 5866/8810 [00:03<00:02, 1450.41it/s]
 68%|██████▊   | 6019/8810 [00:03<00:01, 1401.05it/s]
 70%|██████▉   | 6165/8810 [00:04<00:01, 1388.60it/s]
 72%|███████▏  | 6357/8810 [00:04<00:01, 1528.44it/s]
 74%|███████▍  | 6515/8810 [00:04<00:01, 1315.50it/s]
 76%|███████▌  | 6674/8810 [00:04<00:01, 1381.89it/s]
 78%|███████▊  | 6909/8810 [00:04<00:01, 1633.59it/s]
 80%|████████  | 7081/8810 [00:04<00:01, 1530.25it/s]
 82%|████████▏ | 7249/8810 [00:04<00:00, 1568.72it/s]
 84%|████████▍ | 7423/8810 [00:04<00:00, 1614.00it/s]
 86%|████████▌ | 7589/8810 [00:04<00:00, 1567.29it/s]
 88%|████████▊ | 7749/8810 [00:05<00:00, 1517.25it/s]
 90%|████████▉ | 7919/8810 [00:05<00:00, 1567.37it/s]
 92%|█████████▏| 8078/8810 [00:05<00:00, 1439.97it/s]
 94%|█████████▎| 8259/8810 [00:05<00:00, 1536.49it/s]
 96%|█████████▌| 8416/8810 [00:05<00:00, 1434.42it/s]
 98%|█████████▊| 8613/8810 [00:05<00:00, 1578.35it/s]
100%|█████████▉| 8775/8810 [00:05<00:00, 1375.94it/s]
100%|██████████| 8810/8810 [00:05<00:00, 1529.93it/s]
