
  0%|          | 0/8810 [00:00<?, ?it/s]
  2%|▏         | 181/8810 [00:00<00:05, 1478.39it/s]
  4%|▍         | 382/8810 [00:00<00:04, 1761.26it/s]
  7%|▋         | 605/8810 [00:00<00:04, 1964.63it/s]
  9%|▉         | 804/8810 [00:00<00:04, 1745.56it/s]
 11%|█         | 983/8810 [00:00<00:04, 1720.18it/s]
 13%|█▎        | 1158/8810 [00:00<00:04, 1654.00it/s]
 15%|█▌        | 1341/8810 [00:00<00:04, 1701.28it/s]
 17%|█▋        | 1513/8810 [00:00<00:04, 1574.60it/s]
 20%|█▉        | 1732/8810 [00:01<00:04, 1743.21it/s]
 22%|██▏       | 1910/8810 [00:01<00:04, 1566.06it/s]
 24%|██▍       | 2153/8810 [00:01<00:03, 1794.93it/s]
 27%|██▋       | 2340/8810 [00:01<00:03, 1659.62it/s]
 30%|██▉       | 2623/8810 [00:01<00:03, 1968.00it/s]
 32%|███▏      | 2829/8810 [00:01<00:03, 1798.24it/s]
 34%|███▍      | 3017/8810 [00:01<00:03, 1808.44it/s]
 36%|███▋      | 3204/8810 [00:01<00:03, 1687.36it/s]
 39%|███▊      | 3399/8810 [00:01<00:03, 1754.30it/s]
 41%|████      | 3579/8810 [00:02<00:03, 1669.09it/s]
 43%|████▎     | 3768/8810 [00:02<00:02, 1727.36it/s]
 45%|████▍     | 3944/8810 [00:02<00:03, 1483.33it/s]
 47%|████▋     | 4176/8810 [00:02<00:02, 1693.58it/s]
 49%|████▉     | 4355/8810 [00:02<00:02, 1679.06it/s]
 52%|█████▏    | 4556/8810 [00:02<00:02, 1767.64it/s]
 54%|█████▍    | 4739/8810 [00:02<00:02, 1581.41it/s]
 56%|█████▌    | 4932/8810 [00:02<00:02, 1543.50it/s]
 59%|█████▊    | 5156/8810 [00:03<00:02, 1720.45it/s]
 61%|██████    | 5372/8810 [00:03<00:02, 1718.60it/s]
 63%|██████▎   | 5581/8810 [00:03<00:01, 1813.65it/s]
 65%|██████▌   | 5767/8810 [00:03<00:01, 1742.83it/s]
 67%|██████▋   | 5945/8810 [00:03<00:01, 1684.22it/s]
 69%|██████▉   | 6116/8810 [00:03<00:01, 1619.81it/s]
 72%|███████▏  | 6333/8810 [00:03<00:01, 1764.19it/s]
 74%|███████▍  | 6513/8810 [00:03<00:01, 1646.44it/s]
 77%|███████▋  | 6751/8810 [00:03<00:01, 1840.58it/s]
 79%|███████▉  | 6969/8810 [00:04<00:00, 1926.82it/s]
 81%|████████▏ | 7166/8810 [00:04<00:00, 1690.80it/s]
 83%|████████▎ | 7343/8810 [00:04<00:00, 1691.54it/s]
 85%|████████▌ | 7518/8810 [00:04<00:00, 1532.51it/s]
 88%|████████▊ | 7715/8810 [00:04<00:00, 1511.96it/s]
 90%|████████▉ | 7919/8810 [00:04<00:00, 1643.01it/s]
 92%|█████████▏| 8089/8810 [00:04<00:00, 1543.75it/s]
 94%|█████████▍| 8268/8810 [00:04<00:00, 1607.33it/s]
 96%|█████████▌| 8433/8810 [00:05<00:00, 1491.58it/s]
 98%|█████████▊| 8652/8810 [00:05<00:00, 1672.96it/s]
100%|██████████| 8810/8810 [00:05<00:00, 1685.09it/s]
