
  0%|          | 0/8810 [00:00<?, ?it/s]
  2%|▏         | 181/8810 [00:00<00:05, 1481.69it/s]
  5%|▍         | 422/8810 [00:00<00:04, 1980.32it/s]
  7%|▋         | 647/8810 [00:00<00:03, 2096.46it/s]
 10%|▉         | 860/8810 [00:00<00:04, 1757.33it/s]
 12%|█▏        | 1044/8810 [00:00<00:04, 1577.45it/s]
 14%|█▍        | 1271/8810 [00:00<00:04, 1771.39it/s]
 17%|█▋        | 1457/8810 [00:00<00:04, 1674.14it/s]
 19%|█▉        | 1671/8810 [00:00<00:03, 1799.12it/s]
 21%|██        | 1857/8810 [00:01<00:04, 1719.94it/s]
 24%|██▍       | 2095/8810 [00:01<00:03, 1900.65it/s]
 26%|██▌       | 2290/8810 [00:01<00:03, 1759.40it/s]
 29%|██▉       | 2533/8810 [00:01<00:03, 1941.11it/s]
 31%|███       | 2744/8810 [00:01<00:03, 1852.59it/s]
 33%|███▎      | 2934/8810 [00:01<00:03, 1851.90it/s]
 35%|███▌      | 3123/8810 [00:01<00:03, 1745.45it/s]
 37%|███▋      | 3301/8810 [00:01<00:03, 1738.67it/s]
 39%|███▉      | 3477/8810 [00:01<00:03, 1663.81it/s]
 42%|████▏     | 3709/8810 [00:02<00:02, 1837.50it/s]
 44%|████▍     | 3896/8810 [00:02<00:02, 1788.57it/s]
 47%|████▋     | 4148/8810 [00:02<00:02, 1991.50it/s]
 49%|████▉     | 4350/8810 [00:02<00:02, 1861.58it/s]
 52%|█████▏    | 4566/8810 [00:02<00:02, 1939.81it/s]
 54%|█████▍    | 4763/8810 [00:02<00:02, 1658.51it/s]
 56%|█████▌    | 4938/8810 [00:02<00:02, 1440.05it/s]
 58%|█████▊    | 5125/8810 [00:02<00:02, 1540.20it/s]
 60%|██████    | 5322/8810 [00:03<00:02, 1645.00it/s]
 62%|██████▏   | 5495/8810 [00:03<00:02, 1582.40it/s]
 65%|██████▍   | 5722/8810 [00:03<00:01, 1761.49it/s]
 67%|██████▋   | 5905/8810 [00:03<00:01, 1500.44it/s]
 69%|██████▉   | 6066/8810 [00:03<00:01, 1437.53it/s]
 71%|███████   | 6243/8810 [00:03<00:01, 1519.75it/s]
 73%|███████▎  | 6402/8810 [00:03<00:01, 1464.98it/s]
 75%|███████▍  | 6584/8810 [00:03<00:01, 1554.30it/s]
 77%|███████▋  | 6790/8810 [00:03<00:01, 1689.35it/s]
 79%|███████▉  | 6972/8810 [00:04<00:01, 1650.22it/s]
 81%|████████  | 7153/8810 [00:04<00:00, 1685.68it/s]
 83%|████████▎ | 7331/8810 [00:04<00:00, 1709.67it/s]
 85%|████████▌ | 7504/8810 [00:04<00:00, 1545.48it/s]
 87%|████████▋ | 7696/8810 [00:04<00:00, 1644.30it/s]
 89%|████████▉ | 7865/8810 [00:04<00:00, 1437.39it/s]
 91%|█████████ | 8031/8810 [00:04<00:00, 1484.92it/s]
 93%|█████████▎| 8185/8810 [00:04<00:00, 1332.34it/s]
 95%|█████████▍| 8329/8810 [00:05<00:00, 1359.47it/s]
 96%|█████████▌| 8470/8810 [00:05<00:00, 1304.51it/s]
 98%|█████████▊| 8657/8810 [00:05<00:00, 1452.91it/s]
100%|█████████▉| 8807/8810 [00:05<00:00, 1406.39it/s]
100%|██████████| 8810/8810 [00:05<00:00, 1639.87it/s]
