
  0%|          | 0/8810 [00:00<?, ?it/s]
  2%|▏         | 181/8810 [00:00<00:05, 1592.06it/s]
  5%|▍         | 427/8810 [00:00<00:04, 2068.92it/s]
  7%|▋         | 656/8810 [00:00<00:04, 1886.69it/s]
 10%|▉         | 849/8810 [00:00<00:04, 1884.49it/s]
 12%|█▏        | 1040/8810 [00:00<00:04, 1700.43it/s]
 14%|█▍        | 1243/8810 [00:00<00:04, 1799.03it/s]
 16%|█▋        | 1453/8810 [00:00<00:03, 1886.71it/s]
 19%|█▊        | 1645/8810 [00:00<00:04, 1731.13it/s]
 21%|██        | 1823/8810 [00:01<00:04, 1658.97it/s]
 23%|██▎       | 2036/8810 [00:01<00:03, 1787.75it/s]
 26%|██▌       | 2263/8810 [00:01<00:03, 1767.82it/s]
 29%|██▊       | 2519/8810 [00:01<00:03, 1979.73it/s]
 31%|███       | 2744/8810 [00:01<00:03, 1875.93it/s]
 34%|███▎      | 2963/8810 [00:01<00:02, 1951.99it/s]
 36%|███▌      | 3163/8810 [00:01<00:03, 1786.10it/s]
 38%|███▊      | 3379/8810 [00:01<00:02, 1882.86it/s]
 41%|████      | 3572/8810 [00:01<00:03, 1721.76it/s]
 43%|████▎     | 3774/8810 [00:02<00:02, 1729.59it/s]
 46%|████▌     | 4028/8810 [00:02<00:02, 1939.89it/s]
 48%|████▊     | 4228/8810 [00:02<00:02, 1951.78it/s]
 51%|█████     | 4482/8810 [00:02<00:02, 2112.39it/s]
 53%|█████▎    | 4697/8810 [00:02<00:02, 1866.49it/s]
 56%|█████▌    | 4913/8810 [00:02<00:02, 1932.80it/s]
 58%|█████▊    | 5113/8810 [00:02<00:02, 1739.04it/s]
 61%|██████    | 5372/8810 [00:02<00:01, 1784.75it/s]
 63%|██████▎   | 5582/8810 [00:03<00:01, 1860.77it/s]
 66%|██████▌   | 5773/8810 [00:03<00:01, 1818.80it/s]
 68%|██████▊   | 5958/8810 [00:03<00:01, 1789.44it/s]
 70%|██████▉   | 6139/8810 [00:03<00:01, 1734.74it/s]
 72%|███████▏  | 6376/8810 [00:03<00:01, 1903.47it/s]
 75%|███████▍  | 6569/8810 [00:03<00:01, 1775.83it/s]
 77%|███████▋  | 6818/8810 [00:03<00:01, 1967.95it/s]
 80%|███████▉  | 7019/8810 [00:03<00:00, 1863.46it/s]
 82%|████████▏ | 7209/8810 [00:03<00:00, 1870.97it/s]
 84%|████████▍ | 7399/8810 [00:04<00:00, 1841.42it/s]
 86%|████████▌ | 7588/8810 [00:04<00:00, 1853.10it/s]
 88%|████████▊ | 7775/8810 [00:04<00:00, 1732.80it/s]
 90%|█████████ | 7973/8810 [00:04<00:00, 1798.38it/s]
 93%|█████████▎| 8155/8810 [00:04<00:00, 1661.94it/s]
 95%|█████████▍| 8328/8810 [00:04<00:00, 1676.13it/s]
 96%|█████████▋| 8498/8810 [00:04<00:00, 1610.36it/s]
 99%|█████████▉| 8702/8810 [00:04<00:00, 1557.28it/s]
100%|██████████| 8810/8810 [00:04<00:00, 1805.74it/s]
