
  0%|          | 0/8810 [00:00<?, ?it/s]
  4%|▎         | 313/8810 [00:00<00:02, 3124.48it/s]
  7%|▋         | 656/8810 [00:00<00:02, 2972.30it/s]
 11%|█         | 987/8810 [00:00<00:02, 3115.95it/s]
 15%|█▍        | 1300/8810 [00:00<00:02, 2997.81it/s]
 18%|█▊        | 1601/8810 [00:00<00:02, 2802.09it/s]
 21%|██▏       | 1884/8810 [00:00<00:02, 2668.31it/s]
 25%|██▌       | 2230/8810 [00:00<00:02, 2892.42it/s]
 29%|██▊       | 2524/8810 [00:00<00:02, 2901.07it/s]
 32%|███▏      | 2817/8810 [00:00<00:02, 2830.90it/s]
 35%|███▌      | 3102/8810 [00:01<00:02, 2816.63it/s]
 39%|███▊      | 3410/8810 [00:01<00:01, 2704.93it/s]
 43%|████▎     | 3771/8810 [00:01<00:01, 2958.62it/s]
 46%|████▌     | 4071/8810 [00:01<00:01, 2952.79it/s]
 50%|████▉     | 4389/8810 [00:01<00:01, 3015.77it/s]
 53%|█████▎    | 4693/8810 [00:01<00:01, 2863.27it/s]
 57%|█████▋    | 4982/8810 [00:01<00:01, 2747.97it/s]
 61%|██████    | 5338/8810 [00:01<00:01, 2972.59it/s]
 64%|██████▍   | 5639/8810 [00:01<00:01, 2925.89it/s]
 67%|██████▋   | 5934/8810 [00:02<00:01, 2824.21it/s]
 71%|███████   | 6230/8810 [00:02<00:00, 2859.16it/s]
 74%|███████▍  | 6518/8810 [00:02<00:00, 2843.91it/s]
 79%|███████▉  | 6968/8810 [00:02<00:00, 3316.02it/s]
 83%|████████▎ | 7302/8810 [00:02<00:00, 3116.17it/s]
 86%|████████▋ | 7618/8810 [00:02<00:00, 3004.07it/s]
 90%|████████▉ | 7922/8810 [00:02<00:00, 2931.33it/s]
 93%|█████████▎| 8218/8810 [00:02<00:00, 2645.32it/s]
 96%|█████████▋| 8489/8810 [00:02<00:00, 2642.09it/s]
100%|█████████▉| 8776/8810 [00:03<00:00, 2702.40it/s]
100%|██████████| 8810/8810 [00:03<00:00, 2873.30it/s]
