
  0%|          | 0/8810 [00:00<?, ?it/s]
  2%|▏         | 181/8810 [00:00<00:06, 1287.17it/s]
  4%|▍         | 386/8810 [00:00<00:05, 1671.46it/s]
  7%|▋         | 588/8810 [00:00<00:04, 1814.42it/s]
  9%|▉         | 775/8810 [00:00<00:05, 1544.70it/s]
 11%|█         | 958/8810 [00:00<00:04, 1627.72it/s]
 13%|█▎        | 1127/8810 [00:00<00:05, 1491.37it/s]
 15%|█▍        | 1313/8810 [00:00<00:04, 1595.22it/s]
 17%|█▋        | 1478/8810 [00:00<00:05, 1423.70it/s]
 19%|█▉        | 1697/8810 [00:01<00:04, 1625.54it/s]
 21%|██        | 1867/8810 [00:01<00:04, 1529.07it/s]
 24%|██▍       | 2132/8810 [00:01<00:03, 1828.92it/s]
 26%|██▋       | 2324/8810 [00:01<00:03, 1694.74it/s]
 29%|██▉       | 2549/8810 [00:01<00:03, 1840.40it/s]
 31%|███       | 2744/8810 [00:01<00:03, 1776.58it/s]
 33%|███▎      | 2927/8810 [00:01<00:03, 1763.83it/s]
 35%|███▌      | 3107/8810 [00:01<00:03, 1651.74it/s]
 37%|███▋      | 3285/8810 [00:01<00:03, 1685.79it/s]
 39%|███▉      | 3457/8810 [00:02<00:03, 1598.65it/s]
 42%|████▏     | 3662/8810 [00:02<00:02, 1719.52it/s]
 44%|████▎     | 3837/8810 [00:02<00:03, 1581.55it/s]
 46%|████▋     | 4079/8810 [00:02<00:02, 1804.88it/s]
 48%|████▊     | 4265/8810 [00:02<00:02, 1752.03it/s]
 51%|█████     | 4483/8810 [00:02<00:02, 1865.80it/s]
 53%|█████▎    | 4674/8810 [00:02<00:02, 1702.61it/s]
 55%|█████▌    | 4850/8810 [00:02<00:02, 1691.17it/s]
 57%|█████▋    | 5023/8810 [00:03<00:02, 1562.33it/s]
 59%|█████▉    | 5231/8810 [00:03<00:02, 1698.92it/s]
 61%|██████▏   | 5406/8810 [00:03<00:02, 1596.57it/s]
 64%|██████▍   | 5634/8810 [00:03<00:01, 1776.92it/s]
 66%|██████▌   | 5817/8810 [00:03<00:01, 1676.69it/s]
 68%|██████▊   | 5989/8810 [00:03<00:01, 1623.68it/s]
 70%|██████▉   | 6155/8810 [00:03<00:01, 1535.94it/s]
 72%|███████▏  | 6359/8810 [00:03<00:01, 1658.63it/s]
 74%|███████▍  | 6528/8810 [00:03<00:01, 1454.86it/s]
 77%|███████▋  | 6768/8810 [00:04<00:01, 1693.95it/s]
 79%|███████▉  | 6972/8810 [00:04<00:01, 1654.53it/s]
 81%|████████▏ | 7159/8810 [00:04<00:00, 1708.37it/s]
 84%|████████▎ | 7360/8810 [00:04<00:00, 1637.38it/s]
 86%|████████▌ | 7535/8810 [00:04<00:00, 1662.52it/s]
 88%|████████▊ | 7715/8810 [00:04<00:00, 1623.85it/s]
 89%|████████▉ | 7880/8810 [00:04<00:00, 1613.43it/s]
 91%|█████████▏| 8043/8810 [00:04<00:00, 1485.33it/s]
 93%|█████████▎| 8209/8810 [00:04<00:00, 1531.72it/s]
 95%|█████████▍| 8365/8810 [00:05<00:00, 1459.66it/s]
 97%|█████████▋| 8544/8810 [00:05<00:00, 1547.02it/s]
 99%|█████████▉| 8702/8810 [00:05<00:00, 1497.05it/s]
100%|██████████| 8810/8810 [00:05<00:00, 1638.12it/s]
