
  0%|          | 0/8810 [00:00<?, ?it/s]
  2%|▏         | 205/8810 [00:00<00:04, 2044.04it/s]
  5%|▌         | 472/8810 [00:00<00:03, 2402.72it/s]
  8%|▊         | 713/8810 [00:00<00:04, 2005.85it/s]
 11%|█         | 967/8810 [00:00<00:03, 2186.57it/s]
 14%|█▍        | 1215/8810 [00:00<00:03, 2282.41it/s]
 17%|█▋        | 1457/8810 [00:00<00:03, 2211.04it/s]
 19%|█▉        | 1682/8810 [00:00<00:03, 1983.54it/s]
 21%|██▏       | 1886/8810 [00:00<00:03, 1813.46it/s]
 25%|██▌       | 2211/8810 [00:01<00:03, 2193.74it/s]
 28%|██▊       | 2441/8810 [00:01<00:02, 2154.80it/s]
 31%|███       | 2744/8810 [00:01<00:02, 2284.83it/s]
 34%|███▍      | 3010/8810 [00:01<00:02, 2386.32it/s]
 37%|███▋      | 3253/8810 [00:01<00:02, 2264.79it/s]
 40%|███▉      | 3484/8810 [00:01<00:02, 2194.93it/s]
 43%|████▎     | 3774/8810 [00:01<00:02, 2253.94it/s]
 46%|████▋     | 4096/8810 [00:01<00:01, 2510.47it/s]
 49%|████▉     | 4351/8810 [00:01<00:01, 2327.92it/s]
 52%|█████▏    | 4601/8810 [00:02<00:01, 2370.12it/s]
 55%|█████▍    | 4842/8810 [00:02<00:01, 2271.86it/s]
 58%|█████▊    | 5073/8810 [00:02<00:01, 2185.15it/s]
 61%|██████    | 5350/8810 [00:02<00:01, 2342.96it/s]
 63%|██████▎   | 5588/8810 [00:02<00:01, 2266.07it/s]
 66%|██████▌   | 5822/8810 [00:02<00:01, 2281.59it/s]
 69%|██████▊   | 6052/8810 [00:02<00:01, 2038.07it/s]
 71%|███████▏  | 6286/8810 [00:02<00:01, 2117.03it/s]
 74%|███████▍  | 6503/8810 [00:02<00:01, 1879.54it/s]
 77%|███████▋  | 6802/8810 [00:03<00:00, 2159.91it/s]
 80%|███████▉  | 7028/8810 [00:03<00:00, 2144.07it/s]
 83%|████████▎ | 7306/8810 [00:03<00:00, 2313.93it/s]
 86%|████████▌ | 7544/8810 [00:03<00:00, 2181.32it/s]
 88%|████████▊ | 7768/8810 [00:03<00:00, 1896.34it/s]
 91%|█████████ | 7979/8810 [00:03<00:00, 1949.03it/s]
 93%|█████████▎| 8182/8810 [00:03<00:00, 1896.36it/s]
 95%|█████████▌| 8377/8810 [00:03<00:00, 1798.09it/s]
 97%|█████████▋| 8561/8810 [00:04<00:00, 1753.79it/s]
 99%|█████████▉| 8742/8810 [00:04<00:00, 1765.77it/s]
100%|██████████| 8810/8810 [00:04<00:00, 2117.21it/s]
