
  0%|          | 0/8810 [00:00<?, ?it/s]
  2%|▏         | 182/8810 [00:00<00:04, 1813.61it/s]
  5%|▌         | 472/8810 [00:00<00:03, 2451.34it/s]
  8%|▊         | 718/8810 [00:00<00:03, 2267.54it/s]
 11%|█         | 954/8810 [00:00<00:03, 2297.22it/s]
 13%|█▎        | 1185/8810 [00:00<00:03, 2124.35it/s]
 17%|█▋        | 1454/8810 [00:00<00:03, 2302.38it/s]
 19%|█▉        | 1688/8810 [00:00<00:03, 2041.26it/s]
 22%|██▏       | 1899/8810 [00:00<00:03, 1881.15it/s]
 25%|██▍       | 2194/8810 [00:01<00:03, 2167.49it/s]
 27%|██▋       | 2420/8810 [00:01<00:03, 1848.84it/s]
 31%|███       | 2705/8810 [00:01<00:02, 2097.24it/s]
 33%|███▎      | 2929/8810 [00:01<00:03, 1927.43it/s]
 36%|███▌      | 3134/8810 [00:01<00:02, 1913.09it/s]
 38%|███▊      | 3389/8810 [00:01<00:02, 2078.20it/s]
 41%|████      | 3605/8810 [00:01<00:02, 2037.03it/s]
 43%|████▎     | 3815/8810 [00:01<00:02, 2014.38it/s]
 47%|████▋     | 4138/8810 [00:01<00:01, 2350.37it/s]
 50%|████▉     | 4379/8810 [00:02<00:01, 2342.73it/s]
 52%|█████▏    | 4625/8810 [00:02<00:01, 2225.34it/s]
 55%|█████▌    | 4863/8810 [00:02<00:01, 2267.70it/s]
 58%|█████▊    | 5093/8810 [00:02<00:01, 2135.20it/s]
 61%|██████    | 5372/8810 [00:02<00:01, 2179.26it/s]
 64%|██████▎   | 5612/8810 [00:02<00:01, 2237.20it/s]
 66%|██████▋   | 5838/8810 [00:02<00:01, 2090.70it/s]
 69%|██████▊   | 6050/8810 [00:02<00:01, 1941.74it/s]
 72%|███████▏  | 6315/8810 [00:02<00:01, 2125.66it/s]
 74%|███████▍  | 6533/8810 [00:03<00:01, 1941.15it/s]
 78%|███████▊  | 6855/8810 [00:03<00:00, 2273.74it/s]
 80%|████████  | 7092/8810 [00:03<00:00, 1981.54it/s]
 83%|████████▎ | 7302/8810 [00:03<00:00, 1952.03it/s]
 85%|████████▌ | 7506/8810 [00:03<00:00, 1884.56it/s]
 88%|████████▊ | 7715/8810 [00:03<00:00, 1877.91it/s]
 90%|█████████ | 7955/8810 [00:03<00:00, 2015.64it/s]
 93%|█████████▎| 8161/8810 [00:03<00:00, 1826.87it/s]
 95%|█████████▍| 8361/8810 [00:04<00:00, 1774.57it/s]
 98%|█████████▊| 8597/8810 [00:04<00:00, 1922.64it/s]
100%|█████████▉| 8795/8810 [00:04<00:00, 1894.14it/s]
100%|██████████| 8810/8810 [00:04<00:00, 2046.00it/s]
