
  0%|          | 0/8810 [00:00<?, ?it/s]
  3%|▎         | 290/8810 [00:00<00:02, 2896.16it/s]
  7%|▋         | 653/8810 [00:00<00:02, 3315.28it/s]
 11%|█         | 985/8810 [00:00<00:02, 2811.21it/s]
 15%|█▍        | 1280/8810 [00:00<00:02, 2858.45it/s]
 18%|█▊        | 1571/8810 [00:00<00:02, 2709.33it/s]
 21%|██        | 1846/8810 [00:00<00:02, 2526.84it/s]
 25%|██▍       | 2193/8810 [00:00<00:02, 2798.34it/s]
 28%|██▊       | 2479/8810 [00:00<00:02, 2613.36it/s]
 31%|███       | 2746/8810 [00:01<00:02, 2615.40it/s]
 34%|███▍      | 3012/8810 [00:01<00:02, 2624.02it/s]
 37%|███▋      | 3277/8810 [00:01<00:02, 2561.41it/s]
 40%|████      | 3535/8810 [00:01<00:02, 2483.10it/s]
 43%|████▎     | 3825/8810 [00:01<00:01, 2600.95it/s]
 47%|████▋     | 4108/8810 [00:01<00:01, 2666.23it/s]
 50%|████▉     | 4377/8810 [00:01<00:01, 2642.72it/s]
 53%|█████▎    | 4643/8810 [00:01<00:01, 2521.37it/s]
 56%|█████▌    | 4922/8810 [00:01<00:01, 2595.05it/s]
 59%|█████▉    | 5184/8810 [00:01<00:01, 2432.69it/s]
 62%|██████▏   | 5431/8810 [00:02<00:01, 2367.66it/s]
 65%|██████▌   | 5754/8810 [00:02<00:01, 2507.33it/s]
 68%|██████▊   | 6014/8810 [00:02<00:01, 2529.87it/s]
 71%|███████   | 6268/8810 [00:02<00:01, 2501.37it/s]
 74%|███████▍  | 6519/8810 [00:02<00:00, 2436.75it/s]
 79%|███████▊  | 6921/8810 [00:02<00:00, 2885.31it/s]
 82%|████████▏ | 7213/8810 [00:02<00:00, 2674.58it/s]
 85%|████████▍ | 7486/8810 [00:02<00:00, 2548.18it/s]
 88%|████████▊ | 7745/8810 [00:02<00:00, 2493.67it/s]
 91%|█████████ | 8029/8810 [00:03<00:00, 2586.03it/s]
 94%|█████████▍| 8291/8810 [00:03<00:00, 2493.75it/s]
 97%|█████████▋| 8543/8810 [00:03<00:00, 2349.68it/s]
100%|█████████▉| 8781/8810 [00:03<00:00, 2230.03it/s]
100%|██████████| 8810/8810 [00:03<00:00, 2556.73it/s]
