
  0%|          | 0/8810 [00:00<?, ?it/s]
  2%|▏         | 181/8810 [00:00<00:04, 1802.43it/s]
  5%|▍         | 423/8810 [00:00<00:03, 2153.34it/s]
  7%|▋         | 656/8810 [00:00<00:04, 1953.17it/s]
 10%|▉         | 873/8810 [00:00<00:03, 2027.11it/s]
 12%|█▏        | 1078/8810 [00:00<00:04, 1915.17it/s]
 15%|█▌        | 1322/8810 [00:00<00:03, 2079.08it/s]
 17%|█▋        | 1533/8810 [00:00<00:03, 1891.32it/s]
 20%|██        | 1771/8810 [00:00<00:03, 2025.90it/s]
 22%|██▏       | 1978/8810 [00:01<00:03, 1795.02it/s]
 25%|██▌       | 2209/8810 [00:01<00:03, 1927.37it/s]
 27%|██▋       | 2409/8810 [00:01<00:04, 1589.98it/s]
 30%|███       | 2661/8810 [00:01<00:03, 1812.84it/s]
 32%|███▏      | 2857/8810 [00:01<00:03, 1728.84it/s]
 35%|███▍      | 3057/8810 [00:01<00:03, 1665.29it/s]
 37%|███▋      | 3242/8810 [00:01<00:03, 1709.36it/s]
 39%|███▉      | 3419/8810 [00:01<00:03, 1695.28it/s]
 41%|████      | 3630/8810 [00:01<00:02, 1806.49it/s]
 43%|████▎     | 3815/8810 [00:02<00:02, 1745.02it/s]
 46%|████▋     | 4083/8810 [00:02<00:02, 1998.61it/s]
 49%|████▊     | 4287/8810 [00:02<00:02, 1944.11it/s]
 51%|█████▏    | 4537/8810 [00:02<00:02, 2099.90it/s]
 54%|█████▍    | 4751/8810 [00:02<00:02, 1872.55it/s]
 56%|█████▌    | 4945/8810 [00:02<00:02, 1749.46it/s]
 59%|█████▉    | 5184/8810 [00:02<00:01, 1912.85it/s]
 61%|██████    | 5382/8810 [00:02<00:01, 1796.34it/s]
 64%|██████▍   | 5624/8810 [00:03<00:01, 1960.10it/s]
 66%|██████▌   | 5826/8810 [00:03<00:01, 1810.40it/s]
 68%|██████▊   | 6013/8810 [00:03<00:01, 1730.41it/s]
 70%|███████   | 6190/8810 [00:03<00:01, 1671.85it/s]
 73%|███████▎  | 6400/8810 [00:03<00:01, 1639.80it/s]
 75%|███████▌  | 6624/8810 [00:03<00:01, 1793.18it/s]
 78%|███████▊  | 6874/8810 [00:03<00:00, 1980.98it/s]
 80%|████████  | 7077/8810 [00:03<00:00, 1849.34it/s]
 82%|████████▏ | 7267/8810 [00:03<00:00, 1834.38it/s]
 85%|████████▍ | 7454/8810 [00:04<00:00, 1679.01it/s]
 87%|████████▋ | 7648/8810 [00:04<00:00, 1744.77it/s]
 89%|████████▉ | 7827/8810 [00:04<00:00, 1538.84it/s]
 91%|█████████ | 8027/8810 [00:04<00:00, 1647.71it/s]
 93%|█████████▎| 8198/8810 [00:04<00:00, 1522.05it/s]
 95%|█████████▍| 8361/8810 [00:04<00:00, 1468.35it/s]
 97%|█████████▋| 8552/8810 [00:04<00:00, 1581.09it/s]
 99%|█████████▉| 8715/8810 [00:04<00:00, 1545.81it/s]
100%|██████████| 8810/8810 [00:04<00:00, 1778.08it/s]
