
  0%|          | 0/8810 [00:00<?, ?it/s]
  2%|▏         | 197/8810 [00:00<00:04, 1967.38it/s]
  5%|▌         | 483/8810 [00:00<00:03, 2488.35it/s]
  8%|▊         | 732/8810 [00:00<00:03, 2271.34it/s]
 11%|█         | 986/8810 [00:00<00:03, 2371.06it/s]
 14%|█▍        | 1225/8810 [00:00<00:03, 2227.73it/s]
 17%|█▋        | 1457/8810 [00:00<00:03, 2111.25it/s]
 20%|█▉        | 1742/8810 [00:00<00:03, 2329.46it/s]
 22%|██▏       | 1979/8810 [00:00<00:03, 2155.08it/s]
 25%|██▌       | 2234/8810 [00:00<00:02, 2262.66it/s]
 28%|██▊       | 2465/8810 [00:01<00:02, 2199.04it/s]
 31%|███       | 2744/8810 [00:01<00:02, 2245.69it/s]
 34%|███▎      | 2971/8810 [00:01<00:02, 2238.21it/s]
 36%|███▋      | 3196/8810 [00:01<00:02, 2135.37it/s]
 39%|███▊      | 3411/8810 [00:01<00:02, 2051.13it/s]
 42%|████▏     | 3701/8810 [00:01<00:02, 2284.51it/s]
 45%|████▍     | 3933/8810 [00:01<00:02, 2119.69it/s]
 47%|████▋     | 4180/8810 [00:01<00:02, 2158.93it/s]
 51%|█████     | 4466/8810 [00:01<00:01, 2350.19it/s]
 53%|█████▎    | 4705/8810 [00:02<00:02, 1991.44it/s]
 56%|█████▌    | 4932/8810 [00:02<00:02, 1919.59it/s]
 59%|█████▉    | 5184/8810 [00:02<00:01, 2067.96it/s]
 61%|██████▏   | 5400/8810 [00:02<00:01, 2013.83it/s]
 65%|██████▍   | 5699/8810 [00:02<00:01, 2270.46it/s]
 67%|██████▋   | 5934/8810 [00:02<00:01, 2025.38it/s]
 70%|██████▉   | 6146/8810 [00:02<00:01, 1934.30it/s]
 73%|███████▎  | 6400/8810 [00:03<00:01, 1959.42it/s]
 76%|███████▌  | 6667/8810 [00:03<00:01, 2141.56it/s]
 79%|███████▊  | 6937/8810 [00:03<00:00, 2290.41it/s]
 81%|████████▏ | 7173/8810 [00:03<00:00, 1989.66it/s]
 84%|████████▍ | 7383/8810 [00:03<00:00, 1950.98it/s]
 86%|████████▌ | 7586/8810 [00:03<00:00, 1862.14it/s]
 88%|████████▊ | 7778/8810 [00:03<00:00, 1741.25it/s]
 90%|█████████ | 7957/8810 [00:03<00:00, 1751.65it/s]
 92%|█████████▏| 8136/8810 [00:03<00:00, 1567.36it/s]
 95%|█████████▍| 8338/8810 [00:04<00:00, 1675.65it/s]
 97%|█████████▋| 8511/8810 [00:04<00:00, 1581.02it/s]
 99%|█████████▊| 8696/8810 [00:04<00:00, 1649.00it/s]
100%|██████████| 8810/8810 [00:04<00:00, 2005.16it/s]
