
  0%|          | 0/8810 [00:00<?, ?it/s]
  2%|▏         | 181/8810 [00:00<00:04, 1783.78it/s]
  5%|▍         | 433/8810 [00:00<00:03, 2212.70it/s]
  7%|▋         | 656/8810 [00:00<00:03, 2201.82it/s]
 10%|█         | 889/8810 [00:00<00:03, 2249.43it/s]
 13%|█▎        | 1115/8810 [00:00<00:03, 2073.06it/s]
 15%|█▌        | 1355/8810 [00:00<00:03, 2175.92it/s]
 18%|█▊        | 1575/8810 [00:00<00:03, 2073.54it/s]
 21%|██        | 1821/8810 [00:00<00:03, 2069.35it/s]
 23%|██▎       | 2030/8810 [00:00<00:03, 2068.63it/s]
 26%|██▌       | 2263/8810 [00:01<00:03, 2053.15it/s]
 29%|██▉       | 2548/8810 [00:01<00:02, 2277.97it/s]
 32%|███▏      | 2778/8810 [00:01<00:02, 2178.66it/s]
 34%|███▍      | 3006/8810 [00:01<00:02, 2200.82it/s]
 37%|███▋      | 3228/8810 [00:01<00:02, 2099.79it/s]
 39%|███▉      | 3440/8810 [00:01<00:02, 2030.11it/s]
 42%|████▏     | 3708/8810 [00:01<00:02, 2207.68it/s]
 45%|████▍     | 3932/8810 [00:01<00:02, 2116.86it/s]
 47%|████▋     | 4180/8810 [00:01<00:02, 2134.63it/s]
 51%|█████     | 4483/8810 [00:02<00:01, 2377.81it/s]
 54%|█████▎    | 4724/8810 [00:02<00:01, 2213.90it/s]
 56%|█████▌    | 4950/8810 [00:02<00:01, 2060.91it/s]
 59%|█████▉    | 5220/8810 [00:02<00:01, 2228.32it/s]
 62%|██████▏   | 5448/8810 [00:02<00:01, 2160.41it/s]
 65%|██████▌   | 5746/8810 [00:02<00:01, 2374.86it/s]
 68%|██████▊   | 5988/8810 [00:02<00:01, 1976.89it/s]
 70%|███████   | 6199/8810 [00:02<00:01, 1949.54it/s]
 73%|███████▎  | 6403/8810 [00:03<00:01, 1912.57it/s]
 76%|███████▌  | 6689/8810 [00:03<00:00, 2154.49it/s]
 79%|███████▉  | 6959/8810 [00:03<00:00, 2300.88it/s]
 82%|████████▏ | 7196/8810 [00:03<00:00, 2075.43it/s]
 84%|████████▍ | 7412/8810 [00:03<00:00, 2094.30it/s]
 87%|████████▋ | 7628/8810 [00:03<00:00, 2065.83it/s]
 89%|████████▉ | 7839/8810 [00:03<00:00, 1883.05it/s]
 91%|█████████ | 8037/8810 [00:03<00:00, 1796.27it/s]
 94%|█████████▍| 8284/8810 [00:03<00:00, 1970.92it/s]
 96%|█████████▋| 8487/8810 [00:04<00:00, 1872.61it/s]
 99%|█████████▉| 8702/8810 [00:04<00:00, 1802.17it/s]
100%|██████████| 8810/8810 [00:04<00:00, 2077.23it/s]
