
  0%|          | 0/8810 [00:00<?, ?it/s]
  4%|▍         | 362/8810 [00:00<00:02, 3615.39it/s]
  8%|▊         | 724/8810 [00:00<00:02, 3617.78it/s]
 12%|█▏        | 1086/8810 [00:00<00:02, 3570.39it/s]
 17%|█▋        | 1457/8810 [00:00<00:02, 3499.65it/s]
 21%|██        | 1821/8810 [00:00<00:02, 3400.88it/s]
 25%|██▌       | 2229/8810 [00:00<00:01, 3614.65it/s]
 29%|██▉       | 2594/8810 [00:00<00:01, 3614.94it/s]
 34%|███▎      | 2957/8810 [00:00<00:01, 3553.19it/s]
 38%|███▊      | 3314/8810 [00:00<00:01, 3442.75it/s]
 42%|████▏     | 3660/8810 [00:01<00:01, 3426.20it/s]
 46%|████▌     | 4009/8810 [00:01<00:01, 3443.87it/s]
 50%|████▉     | 4392/8810 [00:01<00:01, 3555.18it/s]
 54%|█████▍    | 4749/8810 [00:01<00:01, 3336.27it/s]
 58%|█████▊    | 5086/8810 [00:01<00:01, 3268.54it/s]
 61%|██████▏   | 5417/8810 [00:01<00:01, 3275.72it/s]
 66%|██████▌   | 5783/8810 [00:01<00:00, 3386.57it/s]
 70%|██████▉   | 6124/8810 [00:01<00:00, 3300.42it/s]
 73%|███████▎  | 6472/8810 [00:01<00:00, 3352.14it/s]
 78%|███████▊  | 6897/8810 [00:01<00:00, 3610.01it/s]
 82%|████████▏ | 7260/8810 [00:02<00:00, 3471.28it/s]
 86%|████████▋ | 7610/8810 [00:02<00:00, 3288.52it/s]
 90%|█████████ | 7942/8810 [00:02<00:00, 3197.37it/s]
 94%|█████████▍| 8264/8810 [00:02<00:00, 3059.01it/s]
 97%|█████████▋| 8572/8810 [00:02<00:00, 3029.47it/s]
100%|██████████| 8810/8810 [00:02<00:00, 3336.58it/s]
