
  0%|          | 0/8810 [00:00<?, ?it/s]
  2%|▏         | 189/8810 [00:00<00:04, 1877.40it/s]
  5%|▌         | 444/8810 [00:00<00:03, 2259.09it/s]
  8%|▊         | 670/8810 [00:00<00:03, 2155.37it/s]
 10%|█         | 887/8810 [00:00<00:03, 2096.79it/s]
 12%|█▏        | 1098/8810 [00:00<00:03, 1995.26it/s]
 15%|█▍        | 1299/8810 [00:00<00:03, 1914.54it/s]
 17%|█▋        | 1492/8810 [00:00<00:04, 1653.03it/s]
 19%|█▉        | 1669/8810 [00:00<00:04, 1680.90it/s]
 21%|██        | 1842/8810 [00:01<00:04, 1551.75it/s]
 23%|██▎       | 2002/8810 [00:01<00:04, 1543.87it/s]
 26%|██▌       | 2263/8810 [00:01<00:03, 1657.76it/s]
 28%|██▊       | 2459/8810 [00:01<00:03, 1734.97it/s]
 31%|███       | 2743/8810 [00:01<00:02, 2031.97it/s]
 33%|███▎      | 2951/8810 [00:01<00:03, 1859.76it/s]
 36%|███▌      | 3143/8810 [00:01<00:03, 1608.92it/s]
 38%|███▊      | 3356/8810 [00:01<00:03, 1735.40it/s]
 40%|████      | 3539/8810 [00:01<00:03, 1697.09it/s]
 43%|████▎     | 3774/8810 [00:02<00:02, 1745.62it/s]
 45%|████▌     | 3980/8810 [00:02<00:02, 1827.07it/s]
 47%|████▋     | 4180/8810 [00:02<00:02, 1829.80it/s]
 51%|█████     | 4458/8810 [00:02<00:02, 2088.85it/s]
 53%|█████▎    | 4672/8810 [00:02<00:02, 1928.02it/s]
 55%|█████▌    | 4870/8810 [00:02<00:02, 1881.55it/s]
 57%|█████▋    | 5062/8810 [00:02<00:02, 1760.07it/s]
 60%|██████    | 5304/8810 [00:02<00:01, 1930.21it/s]
 62%|██████▏   | 5502/8810 [00:03<00:01, 1772.59it/s]
 65%|██████▌   | 5735/8810 [00:03<00:01, 1911.26it/s]
 67%|██████▋   | 5932/8810 [00:03<00:01, 1711.92it/s]
 69%|██████▉   | 6110/8810 [00:03<00:01, 1671.03it/s]
 72%|███████▏  | 6334/8810 [00:03<00:01, 1807.48it/s]
 74%|███████▍  | 6520/8810 [00:03<00:01, 1668.14it/s]
 77%|███████▋  | 6770/8810 [00:03<00:01, 1884.23it/s]
 79%|███████▉  | 6972/8810 [00:03<00:01, 1833.45it/s]
 81%|████████▏ | 7169/8810 [00:03<00:00, 1852.79it/s]
 84%|████████▎ | 7360/8810 [00:04<00:00, 1775.31it/s]
 86%|████████▌ | 7548/8810 [00:04<00:00, 1800.95it/s]
 88%|████████▊ | 7731/8810 [00:04<00:00, 1783.23it/s]
 90%|████████▉ | 7917/8810 [00:04<00:00, 1804.66it/s]
 92%|█████████▏| 8099/8810 [00:04<00:00, 1619.98it/s]
 94%|█████████▍| 8309/8810 [00:04<00:00, 1748.98it/s]
 96%|█████████▋| 8489/8810 [00:04<00:00, 1629.45it/s]
 99%|█████████▉| 8700/8810 [00:04<00:00, 1756.01it/s]
100%|██████████| 8810/8810 [00:04<00:00, 1781.17it/s]
