
  0%|          | 0/8810 [00:00<?, ?it/s]
  2%|▏         | 147/8810 [00:00<00:05, 1460.00it/s]
  3%|▎         | 294/8810 [00:00<00:06, 1280.57it/s]
  5%|▌         | 453/8810 [00:00<00:05, 1410.93it/s]
  7%|▋         | 656/8810 [00:00<00:05, 1443.57it/s]
  9%|▉         | 817/8810 [00:00<00:05, 1487.93it/s]
 11%|█         | 967/8810 [00:00<00:05, 1459.41it/s]
 13%|█▎        | 1114/8810 [00:00<00:06, 1254.49it/s]
 14%|█▍        | 1271/8810 [00:00<00:05, 1339.66it/s]
 16%|█▋        | 1432/8810 [00:01<00:05, 1411.39it/s]
 18%|█▊        | 1577/8810 [00:01<00:05, 1278.28it/s]
 20%|██        | 1782/8810 [00:01<00:04, 1480.91it/s]
 22%|██▏       | 1936/8810 [00:01<00:05, 1292.78it/s]
 24%|██▍       | 2144/8810 [00:01<00:04, 1489.30it/s]
 26%|██▌       | 2302/8810 [00:01<00:04, 1343.64it/s]
 28%|██▊       | 2504/8810 [00:01<00:04, 1511.93it/s]
 31%|███       | 2705/8810 [00:01<00:03, 1643.08it/s]
 33%|███▎      | 2878/8810 [00:02<00:04, 1460.10it/s]
 34%|███▍      | 3033/8810 [00:02<00:03, 1453.21it/s]
 36%|███▌      | 3185/8810 [00:02<00:04, 1354.70it/s]
 38%|███▊      | 3371/8810 [00:02<00:03, 1483.07it/s]
 40%|████      | 3525/8810 [00:02<00:03, 1364.83it/s]
 42%|████▏     | 3709/8810 [00:02<00:03, 1487.64it/s]
 44%|████▍     | 3864/8810 [00:02<00:03, 1383.58it/s]
 46%|████▋     | 4084/8810 [00:02<00:02, 1594.25it/s]
 48%|████▊     | 4250/8810 [00:02<00:02, 1533.76it/s]
 51%|█████     | 4458/8810 [00:03<00:02, 1678.37it/s]
 53%|█████▎    | 4631/8810 [00:03<00:02, 1483.83it/s]
 54%|█████▍    | 4787/8810 [00:03<00:02, 1457.57it/s]
 56%|█████▌    | 4938/8810 [00:03<00:02, 1292.51it/s]
 58%|█████▊    | 5107/8810 [00:03<00:02, 1390.57it/s]
 60%|██████    | 5300/8810 [00:03<00:02, 1531.61it/s]
 62%|██████▏   | 5460/8810 [00:03<00:02, 1357.45it/s]
 64%|██████▎   | 5609/8810 [00:03<00:02, 1387.42it/s]
 65%|██████▌   | 5754/8810 [00:04<00:02, 1277.31it/s]
 67%|██████▋   | 5887/8810 [00:04<00:02, 1276.13it/s]
 68%|██████▊   | 6019/8810 [00:04<00:02, 1221.82it/s]
 70%|██████▉   | 6144/8810 [00:04<00:02, 1161.35it/s]
 72%|███████▏  | 6301/8810 [00:04<00:01, 1266.13it/s]
 73%|███████▎  | 6431/8810 [00:04<00:02, 1156.13it/s]
 75%|███████▍  | 6571/8810 [00:04<00:01, 1216.79it/s]
 77%|███████▋  | 6749/8810 [00:04<00:01, 1366.08it/s]
 79%|███████▊  | 6933/8810 [00:04<00:01, 1492.15it/s]
 80%|████████  | 7086/8810 [00:05<00:01, 1328.34it/s]
 82%|████████▏ | 7225/8810 [00:05<00:01, 1311.20it/s]
 84%|████████▎ | 7360/8810 [00:05<00:01, 1262.42it/s]
 85%|████████▌ | 7511/8810 [00:05<00:00, 1326.12it/s]
 87%|████████▋ | 7695/8810 [00:05<00:00, 1466.40it/s]
 89%|████████▉ | 7845/8810 [00:05<00:00, 1170.94it/s]
 91%|█████████ | 7974/8810 [00:05<00:00, 1065.74it/s]
 92%|█████████▏| 8090/8810 [00:06<00:00, 859.14it/s] 
 93%|█████████▎| 8187/8810 [00:06<00:00, 771.64it/s]
 94%|█████████▍| 8273/8810 [00:06<00:00, 748.02it/s]
 95%|█████████▍| 8355/8810 [00:06<00:00, 763.16it/s]
 96%|█████████▌| 8436/8810 [00:06<00:00, 672.67it/s]
 97%|█████████▋| 8515/8810 [00:06<00:00, 695.81it/s]
 98%|█████████▊| 8600/8810 [00:06<00:00, 732.08it/s]
 99%|█████████▊| 8685/8810 [00:06<00:00, 758.92it/s]
 99%|█████████▉| 8764/8810 [00:07<00:00, 692.92it/s]
100%|██████████| 8810/8810 [00:07<00:00, 1235.87it/s]
