
  0%|          | 0/8810 [00:00<?, ?it/s]
  2%|▏         | 193/8810 [00:00<00:04, 1926.31it/s]
  6%|▌         | 487/8810 [00:00<00:03, 2512.98it/s]
  8%|▊         | 739/8810 [00:00<00:03, 2313.42it/s]
 11%|█         | 976/8810 [00:00<00:03, 2331.04it/s]
 14%|█▎        | 1211/8810 [00:00<00:03, 2212.12it/s]
 17%|█▋        | 1457/8810 [00:00<00:03, 2118.38it/s]
 19%|█▉        | 1699/8810 [00:00<00:03, 2205.22it/s]
 22%|██▏       | 1922/8810 [00:00<00:03, 1979.00it/s]
 25%|██▌       | 2218/8810 [00:01<00:02, 2234.19it/s]
 28%|██▊       | 2448/8810 [00:01<00:03, 2071.75it/s]
 31%|███       | 2715/8810 [00:01<00:02, 2232.53it/s]
 33%|███▎      | 2945/8810 [00:01<00:02, 2074.42it/s]
 36%|███▌      | 3159/8810 [00:01<00:02, 2044.09it/s]
 39%|███▊      | 3393/8810 [00:01<00:02, 2122.80it/s]
 41%|████      | 3609/8810 [00:01<00:02, 2090.60it/s]
 43%|████▎     | 3821/8810 [00:01<00:02, 2024.71it/s]
 47%|████▋     | 4108/8810 [00:01<00:02, 2254.64it/s]
 49%|████▉     | 4337/8810 [00:02<00:02, 2222.00it/s]
 52%|█████▏    | 4625/8810 [00:02<00:01, 2178.66it/s]
 55%|█████▍    | 4845/8810 [00:02<00:01, 2096.76it/s]
 57%|█████▋    | 5057/8810 [00:02<00:01, 1878.47it/s]
 60%|██████    | 5314/8810 [00:02<00:01, 2052.27it/s]
 63%|██████▎   | 5525/8810 [00:02<00:01, 2017.12it/s]
 65%|██████▌   | 5754/8810 [00:02<00:01, 2022.87it/s]
 68%|██████▊   | 5959/8810 [00:02<00:01, 1994.06it/s]
 70%|██████▉   | 6161/8810 [00:02<00:01, 1961.80it/s]
 73%|███████▎  | 6400/8810 [00:03<00:01, 1944.08it/s]
 75%|███████▍  | 6596/8810 [00:03<00:01, 1924.55it/s]
 78%|███████▊  | 6897/8810 [00:03<00:00, 2223.25it/s]
 81%|████████  | 7123/8810 [00:03<00:00, 2051.32it/s]
 84%|████████▎ | 7360/8810 [00:03<00:00, 1984.51it/s]
 86%|████████▌ | 7588/8810 [00:03<00:00, 2055.93it/s]
 89%|████████▊ | 7797/8810 [00:03<00:00, 1894.87it/s]
 91%|█████████ | 8028/8810 [00:03<00:00, 1998.41it/s]
 93%|█████████▎| 8232/8810 [00:04<00:00, 1623.88it/s]
 95%|█████████▌| 8408/8810 [00:04<00:00, 1628.69it/s]
 98%|█████████▊| 8655/8810 [00:04<00:00, 1836.42it/s]
100%|██████████| 8810/8810 [00:04<00:00, 2026.28it/s]
