
  0%|          | 0/8810 [00:00<?, ?it/s]
  2%|▏         | 181/8810 [00:00<00:05, 1722.65it/s]
  5%|▌         | 454/8810 [00:00<00:03, 2301.19it/s]
  8%|▊         | 686/8810 [00:00<00:03, 2086.43it/s]
 10%|█         | 898/8810 [00:00<00:04, 1910.16it/s]
 12%|█▏        | 1092/8810 [00:00<00:04, 1759.03it/s]
 15%|█▍        | 1317/8810 [00:00<00:03, 1903.89it/s]
 17%|█▋        | 1512/8810 [00:00<00:04, 1777.72it/s]
 19%|█▉        | 1711/8810 [00:00<00:03, 1836.60it/s]
 22%|██▏       | 1898/8810 [00:01<00:04, 1648.54it/s]
 24%|██▍       | 2148/8810 [00:01<00:03, 1872.57it/s]
 27%|██▋       | 2342/8810 [00:01<00:03, 1711.46it/s]
 29%|██▉       | 2588/8810 [00:01<00:03, 1908.49it/s]
 32%|███▏      | 2787/8810 [00:01<00:03, 1645.80it/s]
 34%|███▍      | 2974/8810 [00:01<00:03, 1701.34it/s]
 36%|███▌      | 3153/8810 [00:01<00:03, 1599.11it/s]
 38%|███▊      | 3325/8810 [00:01<00:03, 1627.86it/s]
 40%|███▉      | 3493/8810 [00:02<00:03, 1544.89it/s]
 42%|████▏     | 3710/8810 [00:02<00:02, 1709.22it/s]
 44%|████▍     | 3886/8810 [00:02<00:03, 1626.86it/s]
 47%|████▋     | 4149/8810 [00:02<00:02, 1895.05it/s]
 49%|████▉     | 4344/8810 [00:02<00:02, 1785.50it/s]
 52%|█████▏    | 4549/8810 [00:02<00:02, 1853.26it/s]
 54%|█████▍    | 4739/8810 [00:02<00:02, 1675.22it/s]
 56%|█████▌    | 4930/8810 [00:02<00:02, 1736.74it/s]
 58%|█████▊    | 5109/8810 [00:02<00:02, 1630.85it/s]
 60%|██████    | 5315/8810 [00:03<00:02, 1744.85it/s]
 62%|██████▏   | 5494/8810 [00:03<00:01, 1697.77it/s]
 65%|██████▌   | 5754/8810 [00:03<00:01, 1777.05it/s]
 67%|██████▋   | 5933/8810 [00:03<00:01, 1700.19it/s]
 69%|██████▉   | 6104/8810 [00:03<00:01, 1555.35it/s]
 71%|███████▏  | 6280/8810 [00:03<00:01, 1603.97it/s]
 73%|███████▎  | 6443/8810 [00:03<00:01, 1521.82it/s]
 76%|███████▌  | 6669/8810 [00:03<00:01, 1717.29it/s]
 78%|███████▊  | 6911/8810 [00:03<00:00, 1909.69it/s]
 81%|████████  | 7107/8810 [00:04<00:00, 1825.11it/s]
 83%|████████▎ | 7307/8810 [00:04<00:00, 1872.55it/s]
 85%|████████▌ | 7498/8810 [00:04<00:00, 1720.21it/s]
 87%|████████▋ | 7707/8810 [00:04<00:00, 1818.21it/s]
 90%|████████▉ | 7893/8810 [00:04<00:00, 1647.47it/s]
 92%|█████████▏| 8063/8810 [00:04<00:00, 1479.32it/s]
 94%|█████████▍| 8271/8810 [00:04<00:00, 1628.39it/s]
 96%|█████████▌| 8441/8810 [00:04<00:00, 1579.97it/s]
 98%|█████████▊| 8652/8810 [00:05<00:00, 1718.74it/s]
100%|██████████| 8810/8810 [00:05<00:00, 1718.99it/s]
