
  0%|          | 0/8810 [00:00<?, ?it/s]
  4%|▎         | 313/8810 [00:00<00:02, 3120.85it/s]
  7%|▋         | 656/8810 [00:00<00:02, 3018.21it/s]
 11%|█▏        | 996/8810 [00:00<00:02, 2903.10it/s]
 15%|█▌        | 1355/8810 [00:00<00:02, 3146.73it/s]
 19%|█▉        | 1673/8810 [00:00<00:02, 3023.20it/s]
 22%|██▏       | 1978/8810 [00:00<00:02, 2775.69it/s]
 26%|██▌       | 2276/8810 [00:00<00:02, 2835.10it/s]
 30%|███       | 2680/8810 [00:00<00:01, 3190.07it/s]
 34%|███▍      | 3004/8810 [00:00<00:01, 3084.15it/s]
 38%|███▊      | 3317/8810 [00:01<00:01, 3007.22it/s]
 41%|████      | 3621/8810 [00:01<00:01, 2982.84it/s]
 45%|████▍     | 3921/8810 [00:01<00:01, 2856.35it/s]
 48%|████▊     | 4262/8810 [00:01<00:01, 3011.04it/s]
 52%|█████▏    | 4625/8810 [00:01<00:01, 3025.71it/s]
 56%|█████▌    | 4932/8810 [00:01<00:01, 2888.41it/s]
 60%|██████    | 5322/8810 [00:01<00:01, 3162.88it/s]
 64%|██████▍   | 5642/8810 [00:01<00:01, 3115.73it/s]
 68%|██████▊   | 5956/8810 [00:01<00:00, 2924.42it/s]
 71%|███████   | 6252/8810 [00:02<00:00, 2904.38it/s]
 74%|███████▍  | 6545/8810 [00:02<00:00, 2871.30it/s]
 79%|███████▉  | 6959/8810 [00:02<00:00, 3229.12it/s]
 83%|████████▎ | 7286/8810 [00:02<00:00, 3099.55it/s]
 86%|████████▋ | 7599/8810 [00:02<00:00, 3008.95it/s]
 90%|████████▉ | 7903/8810 [00:02<00:00, 2950.29it/s]
 93%|█████████▎| 8200/8810 [00:02<00:00, 2809.30it/s]
 96%|█████████▋| 8483/8810 [00:02<00:00, 2771.58it/s]
100%|█████████▉| 8775/8810 [00:02<00:00, 2812.02it/s]
100%|██████████| 8810/8810 [00:02<00:00, 2964.94it/s]
