
  0%|          | 0/8810 [00:00<?, ?it/s]
  2%|▏         | 181/8810 [00:00<00:04, 1759.55it/s]
  5%|▌         | 446/8810 [00:00<00:03, 2270.53it/s]
  8%|▊         | 674/8810 [00:00<00:03, 2271.22it/s]
 10%|█         | 906/8810 [00:00<00:03, 2289.20it/s]
 13%|█▎        | 1136/8810 [00:00<00:03, 2084.86it/s]
 16%|█▌        | 1431/8810 [00:00<00:03, 2359.53it/s]
 19%|█▉        | 1671/8810 [00:00<00:03, 2131.58it/s]
 21%|██▏       | 1890/8810 [00:00<00:03, 2070.17it/s]
 25%|██▍       | 2199/8810 [00:00<00:02, 2354.04it/s]
 28%|██▊       | 2440/8810 [00:01<00:03, 2105.79it/s]
 31%|███       | 2744/8810 [00:01<00:02, 2232.76it/s]
 34%|███▍      | 2976/8810 [00:01<00:02, 2255.54it/s]
 36%|███▋      | 3206/8810 [00:01<00:02, 2147.70it/s]
 39%|███▉      | 3424/8810 [00:01<00:02, 2052.81it/s]
 42%|████▏     | 3709/8810 [00:01<00:02, 2260.67it/s]
 45%|████▍     | 3939/8810 [00:01<00:02, 2174.41it/s]
 47%|████▋     | 4180/8810 [00:01<00:02, 2231.97it/s]
 51%|█████     | 4458/8810 [00:02<00:01, 2383.64it/s]
 53%|█████▎    | 4700/8810 [00:02<00:01, 2181.51it/s]
 56%|█████▌    | 4923/8810 [00:02<00:01, 2101.41it/s]
 58%|█████▊    | 5137/8810 [00:02<00:01, 1872.12it/s]
 61%|██████    | 5372/8810 [00:02<00:01, 1938.55it/s]
 64%|██████▎   | 5597/8810 [00:02<00:01, 2017.28it/s]
 66%|██████▌   | 5804/8810 [00:02<00:01, 1960.18it/s]
 68%|██████▊   | 6022/8810 [00:02<00:01, 2017.49it/s]
 71%|███████   | 6227/8810 [00:02<00:01, 1817.45it/s]
 73%|███████▎  | 6448/8810 [00:03<00:01, 1918.70it/s]
 77%|███████▋  | 6755/8810 [00:03<00:00, 2233.27it/s]
 79%|███████▉  | 6985/8810 [00:03<00:00, 2164.35it/s]
 82%|████████▏ | 7212/8810 [00:03<00:00, 2191.20it/s]
 84%|████████▍ | 7435/8810 [00:03<00:00, 2133.02it/s]
 87%|████████▋ | 7651/8810 [00:03<00:00, 2135.92it/s]
 89%|████████▉ | 7867/8810 [00:03<00:00, 2012.12it/s]
 92%|█████████▏| 8071/8810 [00:03<00:00, 1764.95it/s]
 94%|█████████▍| 8288/8810 [00:03<00:00, 1868.52it/s]
 96%|█████████▋| 8481/8810 [00:04<00:00, 1857.42it/s]
 99%|█████████▉| 8702/8810 [00:04<00:00, 1869.36it/s]
100%|██████████| 8810/8810 [00:04<00:00, 2078.73it/s]
