
  0%|          | 0/8810 [00:00<?, ?it/s]
  2%|▏         | 181/8810 [00:00<00:04, 1799.82it/s]
  5%|▌         | 441/8810 [00:00<00:03, 2264.84it/s]
  8%|▊         | 668/8810 [00:00<00:03, 2182.27it/s]
 10%|█         | 892/8810 [00:00<00:03, 2199.53it/s]
 13%|█▎        | 1113/8810 [00:00<00:03, 1964.86it/s]
 15%|█▌        | 1340/8810 [00:00<00:03, 2048.91it/s]
 18%|█▊        | 1548/8810 [00:00<00:03, 1887.67it/s]
 20%|██        | 1780/8810 [00:00<00:03, 2008.53it/s]
 23%|██▎       | 1985/8810 [00:01<00:03, 1784.70it/s]
 25%|██▌       | 2221/8810 [00:01<00:03, 1936.36it/s]
 27%|██▋       | 2422/8810 [00:01<00:03, 1811.67it/s]
 31%|███       | 2730/8810 [00:01<00:02, 2149.90it/s]
 34%|███▎      | 2954/8810 [00:01<00:03, 1785.76it/s]
 36%|███▌      | 3148/8810 [00:01<00:03, 1801.98it/s]
 38%|███▊      | 3375/8810 [00:01<00:02, 1920.91it/s]
 41%|████      | 3577/8810 [00:01<00:02, 1909.69it/s]
 43%|████▎     | 3777/8810 [00:01<00:02, 1934.21it/s]
 46%|████▋     | 4092/8810 [00:02<00:02, 2274.55it/s]
 49%|████▉     | 4326/8810 [00:02<00:02, 2194.26it/s]
 52%|█████▏    | 4587/8810 [00:02<00:01, 2309.69it/s]
 55%|█████▍    | 4822/8810 [00:02<00:01, 2175.45it/s]
 57%|█████▋    | 5044/8810 [00:02<00:01, 2051.91it/s]
 60%|██████    | 5315/8810 [00:02<00:01, 2228.50it/s]
 63%|██████▎   | 5543/8810 [00:02<00:01, 2094.32it/s]
 65%|██████▌   | 5757/8810 [00:02<00:01, 2029.53it/s]
 68%|██████▊   | 5963/8810 [00:02<00:01, 2002.99it/s]
 70%|███████   | 6169/8810 [00:03<00:01, 2016.83it/s]
 73%|███████▎  | 6400/8810 [00:03<00:01, 2009.16it/s]
 76%|███████▌  | 6689/8810 [00:03<00:00, 2253.09it/s]
 79%|███████▉  | 6972/8810 [00:03<00:00, 2262.81it/s]
 82%|████████▏ | 7202/8810 [00:03<00:00, 2270.25it/s]
 84%|████████▍ | 7431/8810 [00:03<00:00, 2248.53it/s]
 87%|████████▋ | 7657/8810 [00:03<00:00, 2128.53it/s]
 89%|████████▉ | 7872/8810 [00:03<00:00, 1862.89it/s]
 92%|█████████▏| 8065/8810 [00:04<00:00, 1702.08it/s]
 94%|█████████▎| 8241/8810 [00:04<00:00, 1656.62it/s]
 95%|█████████▌| 8411/8810 [00:04<00:00, 1649.35it/s]
 97%|█████████▋| 8584/8810 [00:04<00:00, 1669.51it/s]
 99%|█████████▉| 8753/8810 [00:04<00:00, 1534.39it/s]
100%|██████████| 8810/8810 [00:04<00:00, 1961.47it/s]
