
  0%|          | 0/8810 [00:00<?, ?it/s]
  2%|▏         | 181/8810 [00:00<00:05, 1498.94it/s]
  5%|▍         | 407/8810 [00:00<00:04, 1910.58it/s]
  7%|▋         | 607/8810 [00:00<00:04, 1945.73it/s]
  9%|▉         | 804/8810 [00:00<00:04, 1703.25it/s]
 11%|█         | 980/8810 [00:00<00:04, 1671.41it/s]
 13%|█▎        | 1151/8810 [00:00<00:04, 1608.83it/s]
 15%|█▌        | 1344/8810 [00:00<00:04, 1695.67it/s]
 17%|█▋        | 1516/8810 [00:00<00:04, 1611.62it/s]
 19%|█▉        | 1713/8810 [00:01<00:04, 1713.29it/s]
 21%|██▏       | 1887/8810 [00:01<00:04, 1585.17it/s]
 24%|██▍       | 2130/8810 [00:01<00:03, 1816.98it/s]
 26%|██▋       | 2317/8810 [00:01<00:03, 1663.15it/s]
 29%|██▉       | 2580/8810 [00:01<00:03, 1916.09it/s]
 32%|███▏      | 2779/8810 [00:01<00:03, 1781.77it/s]
 34%|███▎      | 2972/8810 [00:01<00:03, 1819.24it/s]
 36%|███▌      | 3159/8810 [00:01<00:03, 1708.04it/s]
 38%|███▊      | 3361/8810 [00:01<00:03, 1790.47it/s]
 40%|████      | 3544/8810 [00:02<00:03, 1642.77it/s]
 43%|████▎     | 3770/8810 [00:02<00:02, 1802.26it/s]
 45%|████▍     | 3956/8810 [00:02<00:03, 1602.67it/s]
 47%|████▋     | 4158/8810 [00:02<00:02, 1709.25it/s]
 49%|████▉     | 4336/8810 [00:02<00:02, 1620.25it/s]
 52%|█████▏    | 4548/8810 [00:02<00:02, 1746.22it/s]
 54%|█████▎    | 4728/8810 [00:02<00:02, 1626.95it/s]
 56%|█████▌    | 4928/8810 [00:02<00:02, 1721.95it/s]
 58%|█████▊    | 5105/8810 [00:02<00:02, 1622.68it/s]
 61%|██████    | 5338/8810 [00:03<00:01, 1807.44it/s]
 63%|██████▎   | 5524/8810 [00:03<00:01, 1774.77it/s]
 65%|██████▌   | 5754/8810 [00:03<00:01, 1735.24it/s]
 67%|██████▋   | 5931/8810 [00:03<00:01, 1685.26it/s]
 69%|██████▉   | 6102/8810 [00:03<00:01, 1610.32it/s]
 72%|███████▏  | 6323/8810 [00:03<00:01, 1768.43it/s]
 74%|███████▍  | 6503/8810 [00:03<00:01, 1578.18it/s]
 77%|███████▋  | 6758/8810 [00:03<00:01, 1828.56it/s]
 79%|███████▉  | 6972/8810 [00:04<00:01, 1806.02it/s]
 81%|████████  | 7158/8810 [00:04<00:00, 1780.29it/s]
 83%|████████▎ | 7340/8810 [00:04<00:00, 1768.95it/s]
 85%|████████▌ | 7520/8810 [00:04<00:00, 1517.77it/s]
 88%|████████▊ | 7715/8810 [00:04<00:00, 1502.69it/s]
 90%|████████▉ | 7910/8810 [00:04<00:00, 1612.45it/s]
 92%|█████████▏| 8077/8810 [00:04<00:00, 1524.76it/s]
 94%|█████████▎| 8258/8810 [00:04<00:00, 1595.60it/s]
 96%|█████████▌| 8422/8810 [00:05<00:00, 1511.51it/s]
 98%|█████████▊| 8640/8810 [00:05<00:00, 1687.49it/s]
100%|██████████| 8810/8810 [00:05<00:00, 1689.03it/s]
