
  0%|          | 0/8810 [00:00<?, ?it/s]
  3%|▎         | 285/8810 [00:00<00:02, 2847.52it/s]
  7%|▋         | 656/8810 [00:00<00:02, 3181.84it/s]
 11%|█▏        | 993/8810 [00:00<00:02, 3260.25it/s]
 15%|█▍        | 1319/8810 [00:00<00:02, 3129.18it/s]
 19%|█▊        | 1633/8810 [00:00<00:02, 2965.69it/s]
 22%|██▏       | 1931/8810 [00:00<00:02, 2796.80it/s]
 26%|██▌       | 2263/8810 [00:00<00:02, 2821.78it/s]
 30%|██▉       | 2627/8810 [00:00<00:02, 3056.52it/s]
 33%|███▎      | 2936/8810 [00:00<00:01, 2949.47it/s]
 37%|███▋      | 3234/8810 [00:01<00:01, 2895.97it/s]
 40%|████      | 3526/8810 [00:01<00:02, 2552.61it/s]
 43%|████▎     | 3789/8810 [00:01<00:01, 2530.16it/s]
 47%|████▋     | 4123/8810 [00:01<00:01, 2746.11it/s]
 50%|████▉     | 4404/8810 [00:01<00:01, 2715.52it/s]
 53%|█████▎    | 4680/8810 [00:01<00:01, 2466.19it/s]
 56%|█████▌    | 4933/8810 [00:01<00:01, 2479.49it/s]
 60%|██████    | 5294/8810 [00:01<00:01, 2788.90it/s]
 63%|██████▎   | 5584/8810 [00:01<00:01, 2819.79it/s]
 67%|██████▋   | 5887/8810 [00:02<00:01, 2874.89it/s]
 70%|███████   | 6178/8810 [00:02<00:00, 2851.26it/s]
 73%|███████▎  | 6466/8810 [00:02<00:00, 2847.90it/s]
 78%|███████▊  | 6897/8810 [00:02<00:00, 3272.44it/s]
 82%|████████▏ | 7227/8810 [00:02<00:00, 3171.96it/s]
 86%|████████▌ | 7547/8810 [00:02<00:00, 3082.24it/s]
 89%|████████▉ | 7857/8810 [00:02<00:00, 3041.70it/s]
 93%|█████████▎| 8163/8810 [00:02<00:00, 3000.47it/s]
 96%|█████████▌| 8464/8810 [00:02<00:00, 2972.37it/s]
 99%|█████████▉| 8762/8810 [00:03<00:00, 2923.75it/s]
100%|██████████| 8810/8810 [00:03<00:00, 2885.33it/s]
