
  0%|          | 0/8810 [00:00<?, ?it/s]
  2%|▏         | 181/8810 [00:00<00:06, 1393.51it/s]
  5%|▍         | 407/8810 [00:00<00:04, 1840.18it/s]
  7%|▋         | 617/8810 [00:00<00:04, 1948.07it/s]
  9%|▉         | 816/8810 [00:00<00:04, 1820.93it/s]
 11%|█▏        | 1002/8810 [00:00<00:04, 1708.34it/s]
 14%|█▍        | 1266/8810 [00:00<00:03, 1993.81it/s]
 17%|█▋        | 1471/8810 [00:00<00:03, 1880.80it/s]
 19%|█▉        | 1716/8810 [00:00<00:03, 2040.90it/s]
 22%|██▏       | 1925/8810 [00:01<00:03, 1906.12it/s]
 25%|██▌       | 2207/8810 [00:01<00:03, 2156.52it/s]
 28%|██▊       | 2428/8810 [00:01<00:03, 2010.33it/s]
 31%|███       | 2724/8810 [00:01<00:02, 2266.50it/s]
 34%|███▎      | 2957/8810 [00:01<00:02, 2066.64it/s]
 36%|███▌      | 3171/8810 [00:01<00:02, 1924.63it/s]
 39%|███▊      | 3401/8810 [00:01<00:02, 2020.75it/s]
 41%|████      | 3609/8810 [00:01<00:02, 1926.30it/s]
 43%|████▎     | 3806/8810 [00:01<00:02, 1849.40it/s]
 46%|████▌     | 4048/8810 [00:02<00:02, 2001.37it/s]
 48%|████▊     | 4253/8810 [00:02<00:02, 1952.58it/s]
 51%|█████     | 4496/8810 [00:02<00:02, 2084.54it/s]
 53%|█████▎    | 4708/8810 [00:02<00:02, 1846.61it/s]
 56%|█████▌    | 4909/8810 [00:02<00:02, 1882.55it/s]
 58%|█████▊    | 5103/8810 [00:02<00:02, 1732.00it/s]
 61%|██████    | 5338/8810 [00:02<00:01, 1889.40it/s]
 63%|██████▎   | 5533/8810 [00:02<00:01, 1801.36it/s]
 65%|██████▌   | 5754/8810 [00:02<00:01, 1839.98it/s]
 67%|██████▋   | 5942/8810 [00:03<00:01, 1785.16it/s]
 70%|██████▉   | 6123/8810 [00:03<00:01, 1750.16it/s]
 72%|███████▏  | 6351/8810 [00:03<00:01, 1888.77it/s]
 74%|███████▍  | 6542/8810 [00:03<00:01, 1863.96it/s]
 78%|███████▊  | 6848/8810 [00:03<00:00, 2200.76it/s]
 80%|████████  | 7072/8810 [00:03<00:00, 2084.65it/s]
 83%|████████▎ | 7290/8810 [00:03<00:00, 2109.74it/s]
 85%|████████▌ | 7504/8810 [00:03<00:00, 1961.79it/s]
 88%|████████▊ | 7715/8810 [00:03<00:00, 1878.88it/s]
 90%|█████████ | 7938/8810 [00:04<00:00, 1968.66it/s]
 92%|█████████▏| 8138/8810 [00:04<00:00, 1738.33it/s]
 95%|█████████▍| 8352/8810 [00:04<00:00, 1837.60it/s]
 97%|█████████▋| 8542/8810 [00:04<00:00, 1752.77it/s]
 99%|█████████▉| 8722/8810 [00:04<00:00, 1738.16it/s]
100%|██████████| 8810/8810 [00:04<00:00, 1910.78it/s]
