
  0%|          | 0/8810 [00:00<?, ?it/s]
  2%|▏         | 181/8810 [00:00<00:04, 1746.54it/s]
  5%|▍         | 435/8810 [00:00<00:03, 2205.37it/s]
  7%|▋         | 657/8810 [00:00<00:03, 2178.11it/s]
 10%|▉         | 876/8810 [00:00<00:03, 2150.11it/s]
 12%|█▏        | 1092/8810 [00:00<00:03, 2012.26it/s]
 15%|█▌        | 1328/8810 [00:00<00:03, 2123.23it/s]
 18%|█▊        | 1542/8810 [00:00<00:04, 1816.50it/s]
 20%|██        | 1781/8810 [00:00<00:03, 1972.05it/s]
 23%|██▎       | 1986/8810 [00:01<00:03, 1900.78it/s]
 26%|██▌       | 2263/8810 [00:01<00:03, 1994.57it/s]
 29%|██▉       | 2555/8810 [00:01<00:02, 2242.07it/s]
 32%|███▏      | 2785/8810 [00:01<00:02, 2155.67it/s]
 34%|███▍      | 3021/8810 [00:01<00:02, 2209.47it/s]
 37%|███▋      | 3246/8810 [00:01<00:02, 2094.46it/s]
 39%|███▉      | 3465/8810 [00:01<00:02, 2119.18it/s]
 43%|████▎     | 3766/8810 [00:01<00:02, 2369.32it/s]
 45%|████▌     | 4007/8810 [00:01<00:02, 2349.36it/s]
 48%|████▊     | 4245/8810 [00:01<00:01, 2345.07it/s]
 51%|█████▏    | 4534/8810 [00:02<00:01, 2501.20it/s]
 54%|█████▍    | 4786/8810 [00:02<00:01, 2290.85it/s]
 57%|█████▋    | 5020/8810 [00:02<00:01, 2049.72it/s]
 60%|█████▉    | 5276/8810 [00:02<00:01, 2181.40it/s]
 62%|██████▏   | 5501/8810 [00:02<00:01, 2119.90it/s]
 65%|██████▌   | 5754/8810 [00:02<00:01, 2112.09it/s]
 68%|██████▊   | 5989/8810 [00:02<00:01, 2171.69it/s]
 70%|███████   | 6210/8810 [00:02<00:01, 2000.84it/s]
 73%|███████▎  | 6415/8810 [00:03<00:01, 1866.94it/s]
 76%|███████▌  | 6714/8810 [00:03<00:00, 2158.24it/s]
 79%|███████▉  | 6972/8810 [00:03<00:00, 2178.85it/s]
 82%|████████▏ | 7232/8810 [00:03<00:00, 2291.90it/s]
 85%|████████▍ | 7466/8810 [00:03<00:00, 2211.64it/s]
 88%|████████▊ | 7713/8810 [00:03<00:00, 2282.45it/s]
 90%|█████████ | 7945/8810 [00:03<00:00, 2139.26it/s]
 93%|█████████▎| 8163/8810 [00:03<00:00, 2034.94it/s]
 95%|█████████▌| 8370/8810 [00:03<00:00, 1930.20it/s]
 98%|█████████▊| 8644/8810 [00:04<00:00, 2145.62it/s]
100%|██████████| 8810/8810 [00:04<00:00, 2129.46it/s]
