
  0%|          | 0/8810 [00:00<?, ?it/s]
  2%|▏         | 181/8810 [00:00<00:06, 1380.66it/s]
  5%|▍         | 417/8810 [00:00<00:04, 1887.48it/s]
  7%|▋         | 655/8810 [00:00<00:03, 2082.45it/s]
 10%|▉         | 868/8810 [00:00<00:04, 1747.38it/s]
 12%|█▏        | 1052/8810 [00:00<00:04, 1658.41it/s]
 14%|█▍        | 1270/8810 [00:00<00:04, 1805.85it/s]
 17%|█▋        | 1457/8810 [00:00<00:04, 1714.80it/s]
 19%|█▉        | 1653/8810 [00:00<00:04, 1783.22it/s]
 21%|██        | 1836/8810 [00:01<00:04, 1651.67it/s]
 23%|██▎       | 2034/8810 [00:01<00:03, 1741.60it/s]
 25%|██▌       | 2237/8810 [00:01<00:03, 1822.64it/s]
 28%|██▊       | 2423/8810 [00:01<00:03, 1687.34it/s]
 30%|███       | 2674/8810 [00:01<00:03, 1911.82it/s]
 33%|███▎      | 2871/8810 [00:01<00:03, 1823.79it/s]
 35%|███▍      | 3058/8810 [00:01<00:03, 1639.72it/s]
 37%|███▋      | 3242/8810 [00:01<00:03, 1681.21it/s]
 39%|███▉      | 3415/8810 [00:01<00:03, 1639.48it/s]
 41%|████      | 3623/8810 [00:02<00:02, 1751.55it/s]
 43%|████▎     | 3802/8810 [00:02<00:02, 1685.00it/s]
 46%|████▌     | 4009/8810 [00:02<00:02, 1789.45it/s]
 48%|████▊     | 4191/8810 [00:02<00:02, 1700.13it/s]
 50%|█████     | 4429/8810 [00:02<00:02, 1886.83it/s]
 52%|█████▏    | 4625/8810 [00:02<00:02, 1728.78it/s]
 55%|█████▍    | 4803/8810 [00:02<00:02, 1714.59it/s]
 57%|█████▋    | 4978/8810 [00:02<00:02, 1568.54it/s]
 59%|█████▊    | 5172/8810 [00:02<00:02, 1657.86it/s]
 61%|██████    | 5372/8810 [00:03<00:02, 1604.72it/s]
 63%|██████▎   | 5563/8810 [00:03<00:01, 1682.04it/s]
 65%|██████▌   | 5754/8810 [00:03<00:01, 1635.54it/s]
 67%|██████▋   | 5921/8810 [00:03<00:01, 1583.84it/s]
 69%|██████▉   | 6082/8810 [00:03<00:01, 1538.74it/s]
 71%|███████▏  | 6286/8810 [00:03<00:01, 1673.22it/s]
 73%|███████▎  | 6456/8810 [00:03<00:01, 1563.61it/s]
 76%|███████▌  | 6663/8810 [00:03<00:01, 1697.70it/s]
 78%|███████▊  | 6883/8810 [00:04<00:01, 1836.45it/s]
 80%|████████  | 7070/8810 [00:04<00:01, 1713.00it/s]
 82%|████████▏ | 7245/8810 [00:04<00:00, 1690.38it/s]
 84%|████████▍ | 7417/8810 [00:04<00:00, 1671.82it/s]
 86%|████████▌ | 7586/8810 [00:04<00:00, 1654.66it/s]
 88%|████████▊ | 7753/8810 [00:04<00:00, 1585.04it/s]
 90%|█████████ | 7939/8810 [00:04<00:00, 1657.58it/s]
 92%|█████████▏| 8107/8810 [00:04<00:00, 1512.81it/s]
 94%|█████████▍| 8266/8810 [00:04<00:00, 1533.51it/s]
 96%|█████████▌| 8422/8810 [00:05<00:00, 1451.64it/s]
 98%|█████████▊| 8623/8810 [00:05<00:00, 1602.92it/s]
100%|█████████▉| 8787/8810 [00:05<00:00, 1557.78it/s]
100%|██████████| 8810/8810 [00:05<00:00, 1677.98it/s]
