
  0%|          | 0/8810 [00:00<?, ?it/s]
  2%|▏         | 185/8810 [00:00<00:04, 1843.94it/s]
  5%|▌         | 466/8810 [00:00<00:03, 2405.43it/s]
  8%|▊         | 707/8810 [00:00<00:03, 2189.91it/s]
 11%|█         | 944/8810 [00:00<00:03, 2251.96it/s]
 13%|█▎        | 1171/8810 [00:00<00:03, 2100.61it/s]
 16%|█▋        | 1450/8810 [00:00<00:03, 2317.24it/s]
 19%|█▉        | 1685/8810 [00:00<00:03, 2105.17it/s]
 22%|██▏       | 1901/8810 [00:00<00:03, 1868.37it/s]
 25%|██▍       | 2174/8810 [00:01<00:03, 2095.37it/s]
 27%|██▋       | 2393/8810 [00:01<00:03, 1944.24it/s]
 30%|███       | 2679/8810 [00:01<00:02, 2184.25it/s]
 33%|███▎      | 2907/8810 [00:01<00:02, 2005.95it/s]
 35%|███▌      | 3116/8810 [00:01<00:02, 1938.83it/s]
 38%|███▊      | 3327/8810 [00:01<00:02, 1983.43it/s]
 40%|████      | 3530/8810 [00:01<00:02, 1883.06it/s]
 43%|████▎     | 3774/8810 [00:01<00:02, 1925.54it/s]
 46%|████▌     | 4067/8810 [00:01<00:02, 2191.84it/s]
 49%|████▊     | 4292/8810 [00:02<00:02, 2127.14it/s]
 52%|█████▏    | 4563/8810 [00:02<00:01, 2285.00it/s]
 54%|█████▍    | 4796/8810 [00:02<00:01, 2106.81it/s]
 57%|█████▋    | 5012/8810 [00:02<00:01, 1902.65it/s]
 60%|██████    | 5295/8810 [00:02<00:01, 2139.94it/s]
 63%|██████▎   | 5518/8810 [00:02<00:01, 2074.19it/s]
 65%|██████▌   | 5754/8810 [00:02<00:01, 2068.64it/s]
 68%|██████▊   | 5965/8810 [00:02<00:01, 2069.40it/s]
 70%|███████   | 6175/8810 [00:03<00:01, 1944.43it/s]
 73%|███████▎  | 6397/8810 [00:03<00:01, 2015.91it/s]
 75%|███████▍  | 6602/8810 [00:03<00:01, 1925.69it/s]
 78%|███████▊  | 6881/8810 [00:03<00:00, 2160.86it/s]
 81%|████████  | 7101/8810 [00:03<00:00, 2092.27it/s]
 84%|████████▎ | 7358/8810 [00:03<00:00, 2224.04it/s]
 86%|████████▌ | 7584/8810 [00:03<00:00, 2025.36it/s]
 88%|████████▊ | 7792/8810 [00:03<00:00, 1940.22it/s]
 91%|█████████ | 8028/8810 [00:03<00:00, 2049.11it/s]
 93%|█████████▎| 8237/8810 [00:04<00:00, 1814.87it/s]
 96%|█████████▌| 8426/8810 [00:04<00:00, 1828.26it/s]
 99%|█████████▊| 8687/8810 [00:04<00:00, 2033.75it/s]
100%|██████████| 8810/8810 [00:04<00:00, 2025.12it/s]
