
  0%|          | 0/8810 [00:00<?, ?it/s]
  2%|▏         | 181/8810 [00:00<00:05, 1590.81it/s]
  5%|▌         | 452/8810 [00:00<00:03, 2212.15it/s]
  8%|▊         | 739/8810 [00:00<00:03, 2502.23it/s]
 11%|█▏        | 996/8810 [00:00<00:03, 2485.22it/s]
 15%|█▌        | 1344/8810 [00:00<00:02, 2831.92it/s]
 19%|█▊        | 1630/8810 [00:00<00:02, 2708.26it/s]
 22%|██▏       | 1903/8810 [00:00<00:02, 2524.83it/s]
 26%|██▌       | 2263/8810 [00:00<00:02, 2663.46it/s]
 30%|██▉       | 2628/8810 [00:00<00:02, 2935.37it/s]
 33%|███▎      | 2926/8810 [00:01<00:02, 2735.34it/s]
 36%|███▋      | 3204/8810 [00:01<00:02, 2568.90it/s]
 39%|███▉      | 3465/8810 [00:01<00:02, 2389.08it/s]
 43%|████▎     | 3774/8810 [00:01<00:02, 2406.13it/s]
 47%|████▋     | 4152/8810 [00:01<00:01, 2758.84it/s]
 50%|█████     | 4436/8810 [00:01<00:01, 2570.96it/s]
 53%|█████▎    | 4700/8810 [00:01<00:01, 2372.17it/s]
 56%|█████▌    | 4944/8810 [00:02<00:01, 2129.33it/s]
 59%|█████▉    | 5194/8810 [00:02<00:01, 2219.93it/s]
 62%|██████▏   | 5436/8810 [00:02<00:01, 2271.26it/s]
 65%|██████▍   | 5722/8810 [00:02<00:01, 2425.57it/s]
 68%|██████▊   | 5971/8810 [00:02<00:01, 2253.80it/s]
 70%|███████   | 6202/8810 [00:02<00:01, 2229.80it/s]
 73%|███████▎  | 6429/8810 [00:02<00:01, 2158.05it/s]
 76%|███████▌  | 6662/8810 [00:02<00:00, 2202.88it/s]
 79%|███████▉  | 6972/8810 [00:02<00:00, 2363.62it/s]
 82%|████████▏ | 7253/8810 [00:02<00:00, 2479.46it/s]
 85%|████████▌ | 7503/8810 [00:03<00:00, 2397.12it/s]
 88%|████████▊ | 7745/8810 [00:03<00:00, 2307.62it/s]
 91%|█████████ | 7978/8810 [00:03<00:00, 2298.54it/s]
 93%|█████████▎| 8209/8810 [00:03<00:00, 2149.90it/s]
 96%|█████████▌| 8428/8810 [00:03<00:00, 2160.27it/s]
 99%|█████████▉| 8702/8810 [00:03<00:00, 2220.86it/s]
100%|██████████| 8810/8810 [00:03<00:00, 2393.10it/s]
