
  0%|          | 0/8810 [00:00<?, ?it/s]
  4%|▍         | 362/8810 [00:00<00:02, 3615.14it/s]
  8%|▊         | 724/8810 [00:00<00:02, 3534.50it/s]
 12%|█▏        | 1078/8810 [00:00<00:02, 3260.56it/s]
 17%|█▋        | 1457/8810 [00:00<00:02, 3232.67it/s]
 21%|██        | 1821/8810 [00:00<00:02, 3309.53it/s]
 25%|██▌       | 2221/8810 [00:00<00:01, 3525.65it/s]
 29%|██▉       | 2592/8810 [00:00<00:01, 3577.32it/s]
 34%|███▎      | 2952/8810 [00:00<00:01, 3509.56it/s]
 38%|███▊      | 3305/8810 [00:00<00:01, 3389.32it/s]
 42%|████▏     | 3672/8810 [00:01<00:01, 3469.86it/s]
 46%|████▌     | 4025/8810 [00:01<00:01, 3487.38it/s]
 50%|████▉     | 4401/8810 [00:01<00:01, 3568.16it/s]
 54%|█████▍    | 4759/8810 [00:01<00:01, 3400.10it/s]
 58%|█████▊    | 5102/8810 [00:01<00:01, 3014.35it/s]
 61%|██████▏   | 5413/8810 [00:01<00:01, 2913.63it/s]
 65%|██████▌   | 5758/8810 [00:01<00:00, 3054.56it/s]
 69%|██████▉   | 6070/8810 [00:01<00:00, 2897.09it/s]
 73%|███████▎  | 6400/8810 [00:01<00:00, 2870.97it/s]
 77%|███████▋  | 6789/8810 [00:02<00:00, 3143.73it/s]
 81%|████████  | 7109/8810 [00:02<00:00, 3082.33it/s]
 84%|████████▍ | 7421/8810 [00:02<00:00, 3036.25it/s]
 88%|████████▊ | 7728/8810 [00:02<00:00, 2912.96it/s]
 91%|█████████ | 8032/8810 [00:02<00:00, 2943.76it/s]
 95%|█████████▍| 8329/8810 [00:02<00:00, 2802.84it/s]
 98%|█████████▊| 8624/8810 [00:02<00:00, 2839.37it/s]
100%|██████████| 8810/8810 [00:02<00:00, 3131.99it/s]
