
  0%|          | 0/8810 [00:00<?, ?it/s]
  2%|▏         | 181/8810 [00:00<00:04, 1782.47it/s]
  6%|▋         | 568/8810 [00:00<00:02, 3000.50it/s]
 10%|▉         | 869/8810 [00:00<00:03, 2574.39it/s]
 13%|█▎        | 1133/8810 [00:00<00:03, 2458.12it/s]
 16%|█▌        | 1391/8810 [00:00<00:02, 2492.94it/s]
 19%|█▊        | 1644/8810 [00:00<00:03, 2173.43it/s]
 21%|██        | 1869/8810 [00:00<00:03, 2098.54it/s]
 25%|██▍       | 2166/8810 [00:00<00:02, 2338.85it/s]
 27%|██▋       | 2413/8810 [00:01<00:02, 2374.04it/s]
 31%|███       | 2744/8810 [00:01<00:02, 2561.22it/s]
 35%|███▍      | 3040/8810 [00:01<00:02, 2670.56it/s]
 38%|███▊      | 3311/8810 [00:01<00:02, 2425.63it/s]
 40%|████      | 3560/8810 [00:01<00:02, 2304.25it/s]
 44%|████▎     | 3839/8810 [00:01<00:02, 2430.82it/s]
 47%|████▋     | 4154/8810 [00:01<00:01, 2624.60it/s]
 50%|█████     | 4422/8810 [00:01<00:01, 2632.70it/s]
 53%|█████▎    | 4689/8810 [00:01<00:01, 2440.44it/s]
 56%|█████▌    | 4938/8810 [00:02<00:01, 2319.98it/s]
 60%|██████    | 5311/8810 [00:02<00:01, 2700.36it/s]
 63%|██████▎   | 5588/8810 [00:02<00:01, 2590.09it/s]
 66%|██████▋   | 5853/8810 [00:02<00:01, 2556.17it/s]
 69%|██████▉   | 6113/8810 [00:02<00:01, 2244.77it/s]
 73%|███████▎  | 6400/8810 [00:02<00:01, 2280.81it/s]
 77%|███████▋  | 6750/8810 [00:02<00:00, 2589.50it/s]
 80%|███████▉  | 7018/8810 [00:02<00:00, 2524.71it/s]
 83%|████████▎ | 7344/8810 [00:02<00:00, 2722.78it/s]
 87%|████████▋ | 7623/8810 [00:03<00:00, 2607.59it/s]
 90%|████████▉ | 7889/8810 [00:03<00:00, 2472.18it/s]
 92%|█████████▏| 8141/8810 [00:03<00:00, 2210.55it/s]
 95%|█████████▍| 8369/8810 [00:03<00:00, 2213.48it/s]
 98%|█████████▊| 8648/8810 [00:03<00:00, 2363.07it/s]
100%|██████████| 8810/8810 [00:03<00:00, 2427.32it/s]
