
  0%|          | 0/8810 [00:00<?, ?it/s]
  2%|▏         | 181/8810 [00:00<00:06, 1356.67it/s]
  5%|▍         | 419/8810 [00:00<00:04, 1884.73it/s]
  7%|▋         | 656/8810 [00:00<00:04, 1803.32it/s]
 10%|▉         | 842/8810 [00:00<00:04, 1729.21it/s]
 12%|█▏        | 1018/8810 [00:00<00:04, 1706.77it/s]
 14%|█▍        | 1216/8810 [00:00<00:04, 1789.40it/s]
 16%|█▌        | 1402/8810 [00:00<00:04, 1808.25it/s]
 18%|█▊        | 1585/8810 [00:00<00:04, 1690.63it/s]
 21%|██        | 1821/8810 [00:01<00:03, 1770.95it/s]
 24%|██▎       | 2074/8810 [00:01<00:03, 1978.66it/s]
 26%|██▌       | 2275/8810 [00:01<00:03, 1918.26it/s]
 29%|██▉       | 2562/8810 [00:01<00:02, 2184.04it/s]
 32%|███▏      | 2784/8810 [00:01<00:02, 2077.53it/s]
 35%|███▍      | 3040/8810 [00:01<00:02, 2209.37it/s]
 37%|███▋      | 3265/8810 [00:01<00:02, 2099.43it/s]
 39%|███▉      | 3478/8810 [00:01<00:02, 2006.69it/s]
 42%|████▏     | 3728/8810 [00:01<00:02, 2137.48it/s]
 45%|████▍     | 3945/8810 [00:02<00:02, 1932.43it/s]
 47%|████▋     | 4180/8810 [00:02<00:02, 1929.04it/s]
 50%|████▉     | 4381/8810 [00:02<00:02, 1949.98it/s]
 52%|█████▏    | 4587/8810 [00:02<00:02, 1978.73it/s]
 54%|█████▍    | 4788/8810 [00:02<00:02, 1669.62it/s]
 56%|█████▋    | 4964/8810 [00:02<00:02, 1511.11it/s]
 59%|█████▊    | 5172/8810 [00:02<00:02, 1645.77it/s]
 61%|██████    | 5372/8810 [00:02<00:02, 1663.60it/s]
 63%|██████▎   | 5567/8810 [00:03<00:01, 1736.02it/s]
 65%|██████▌   | 5754/8810 [00:03<00:01, 1763.44it/s]
 67%|██████▋   | 5935/8810 [00:03<00:01, 1730.23it/s]
 69%|██████▉   | 6111/8810 [00:03<00:01, 1554.87it/s]
 72%|███████▏  | 6342/8810 [00:03<00:01, 1750.19it/s]
 74%|███████▍  | 6523/8810 [00:03<00:01, 1732.91it/s]
 77%|███████▋  | 6824/8810 [00:03<00:00, 2084.22it/s]
 80%|███████▉  | 7039/8810 [00:03<00:00, 2000.31it/s]
 82%|████████▏ | 7244/8810 [00:03<00:00, 1941.08it/s]
 84%|████████▍ | 7443/8810 [00:04<00:00, 1951.38it/s]
 87%|████████▋ | 7650/8810 [00:04<00:00, 1984.82it/s]
 89%|████████▉ | 7851/8810 [00:04<00:00, 1821.55it/s]
 91%|█████████ | 8037/8810 [00:04<00:00, 1674.80it/s]
 93%|█████████▎| 8215/8810 [00:04<00:00, 1698.93it/s]
 95%|█████████▌| 8389/8810 [00:04<00:00, 1648.60it/s]
 98%|█████████▊| 8597/8810 [00:04<00:00, 1758.82it/s]
100%|█████████▉| 8776/8810 [00:04<00:00, 1628.66it/s]
100%|██████████| 8810/8810 [00:04<00:00, 1825.12it/s]
