
  0%|          | 0/8810 [00:00<?, ?it/s]
  2%|▏         | 181/8810 [00:00<00:05, 1440.67it/s]
  6%|▌         | 533/8810 [00:00<00:03, 2544.68it/s]
  9%|▉         | 805/8810 [00:00<00:03, 2613.71it/s]
 12%|█▏        | 1074/8810 [00:00<00:03, 2569.08it/s]
 16%|█▌        | 1409/8810 [00:00<00:02, 2837.23it/s]
 19%|█▉        | 1697/8810 [00:00<00:02, 2612.37it/s]
 22%|██▏       | 1964/8810 [00:00<00:02, 2402.40it/s]
 26%|██▌       | 2263/8810 [00:00<00:02, 2547.12it/s]
 29%|██▉       | 2562/8810 [00:00<00:02, 2668.45it/s]
 32%|███▏      | 2834/8810 [00:01<00:02, 2633.62it/s]
 35%|███▌      | 3104/8810 [00:01<00:02, 2652.02it/s]
 39%|███▊      | 3407/8810 [00:01<00:01, 2760.12it/s]
 42%|████▏     | 3687/8810 [00:01<00:01, 2768.11it/s]
 45%|████▌     | 3966/8810 [00:01<00:01, 2699.56it/s]
 49%|████▊     | 4287/8810 [00:01<00:01, 2846.80it/s]
 52%|█████▏    | 4625/8810 [00:01<00:01, 2838.17it/s]
 56%|█████▌    | 4925/8810 [00:01<00:01, 2877.24it/s]
 59%|█████▉    | 5214/8810 [00:01<00:01, 2769.49it/s]
 62%|██████▏   | 5493/8810 [00:02<00:01, 2707.24it/s]
 66%|██████▌   | 5778/8810 [00:02<00:01, 2746.54it/s]
 69%|██████▊   | 6054/8810 [00:02<00:01, 2666.44it/s]
 73%|███████▎  | 6395/8810 [00:02<00:00, 2875.49it/s]
 76%|███████▌  | 6685/8810 [00:02<00:00, 2834.17it/s]
 79%|███████▉  | 6991/8810 [00:02<00:00, 2898.79it/s]
 83%|████████▎ | 7282/8810 [00:02<00:00, 2901.35it/s]
 86%|████████▌ | 7573/8810 [00:02<00:00, 2762.25it/s]
 89%|████████▉ | 7851/8810 [00:02<00:00, 2709.90it/s]
 92%|█████████▏| 8124/8810 [00:03<00:00, 2607.86it/s]
 95%|█████████▌| 8387/8810 [00:03<00:00, 2528.27it/s]
 99%|█████████▊| 8692/8810 [00:03<00:00, 2672.84it/s]
100%|██████████| 8810/8810 [00:03<00:00, 2669.73it/s]
