
  0%|          | 0/8810 [00:00<?, ?it/s]
  4%|▍         | 337/8810 [00:00<00:02, 3360.76it/s]
  8%|▊         | 674/8810 [00:00<00:02, 3256.92it/s]
 11%|█▏        | 1000/8810 [00:00<00:02, 3055.81it/s]
 16%|█▌        | 1369/8810 [00:00<00:02, 3293.03it/s]
 19%|█▉        | 1701/8810 [00:00<00:02, 3217.13it/s]
 23%|██▎       | 2025/8810 [00:00<00:02, 3150.92it/s]
 27%|██▋       | 2342/8810 [00:00<00:02, 3063.98it/s]
 31%|███       | 2744/8810 [00:00<00:01, 3146.79it/s]
 35%|███▍      | 3059/8810 [00:00<00:01, 2974.84it/s]
 39%|███▊      | 3410/8810 [00:01<00:01, 2950.21it/s]
 43%|████▎     | 3774/8810 [00:01<00:01, 2994.41it/s]
 47%|████▋     | 4176/8810 [00:01<00:01, 3269.63it/s]
 51%|█████     | 4507/8810 [00:01<00:01, 3262.00it/s]
 55%|█████▍    | 4836/8810 [00:01<00:01, 3083.63it/s]
 58%|█████▊    | 5148/8810 [00:01<00:01, 2996.40it/s]
 62%|██████▏   | 5450/8810 [00:01<00:01, 2988.70it/s]
 65%|██████▌   | 5759/8810 [00:01<00:01, 3012.43it/s]
 69%|██████▉   | 6062/8810 [00:01<00:00, 2900.85it/s]
 73%|███████▎  | 6400/8810 [00:02<00:00, 2902.51it/s]
 77%|███████▋  | 6825/8810 [00:02<00:00, 3277.21it/s]
 81%|████████  | 7157/8810 [00:02<00:00, 3253.45it/s]
 85%|████████▍ | 7485/8810 [00:02<00:00, 3137.83it/s]
 89%|████████▊ | 7801/8810 [00:02<00:00, 2942.89it/s]
 92%|█████████▏| 8099/8810 [00:02<00:00, 2814.09it/s]
 95%|█████████▌| 8384/8810 [00:02<00:00, 2731.31it/s]
 99%|█████████▉| 8702/8810 [00:02<00:00, 2726.22it/s]
100%|██████████| 8810/8810 [00:02<00:00, 3027.29it/s]
