
  0%|          | 0/8810 [00:00<?, ?it/s]
  2%|▏         | 188/8810 [00:00<00:04, 1864.01it/s]
  6%|▌         | 518/8810 [00:00<00:03, 2699.37it/s]
  9%|▉         | 789/8810 [00:00<00:03, 2320.46it/s]
 12%|█▏        | 1027/8810 [00:00<00:03, 2066.78it/s]
 15%|█▍        | 1309/8810 [00:00<00:03, 2299.60it/s]
 18%|█▊        | 1547/8810 [00:00<00:03, 2151.56it/s]
 21%|██        | 1821/8810 [00:00<00:03, 2149.36it/s]
 23%|██▎       | 2040/8810 [00:00<00:03, 2081.67it/s]
 26%|██▌       | 2263/8810 [00:01<00:03, 1997.90it/s]
 29%|██▉       | 2544/8810 [00:01<00:02, 2216.24it/s]
 31%|███▏      | 2770/8810 [00:01<00:02, 2076.82it/s]
 34%|███▍      | 2986/8810 [00:01<00:02, 2098.68it/s]
 36%|███▋      | 3199/8810 [00:01<00:02, 1896.53it/s]
 39%|███▊      | 3396/8810 [00:01<00:02, 1913.95it/s]
 41%|████      | 3592/8810 [00:01<00:02, 1778.61it/s]
 43%|████▎     | 3774/8810 [00:01<00:02, 1719.87it/s]
 45%|████▌     | 3988/8810 [00:01<00:02, 1831.07it/s]
 47%|████▋     | 4180/8810 [00:02<00:02, 1799.86it/s]
 50%|█████     | 4422/8810 [00:02<00:02, 1970.75it/s]
 52%|█████▏    | 4625/8810 [00:02<00:02, 1827.30it/s]
 55%|█████▍    | 4812/8810 [00:02<00:02, 1798.25it/s]
 57%|█████▋    | 4995/8810 [00:02<00:02, 1619.92it/s]
 59%|█████▉    | 5192/8810 [00:02<00:02, 1708.99it/s]
 61%|██████    | 5372/8810 [00:02<00:02, 1660.12it/s]
 63%|██████▎   | 5588/8810 [00:02<00:01, 1792.52it/s]
 66%|██████▌   | 5771/8810 [00:02<00:01, 1752.42it/s]
 68%|██████▊   | 5949/8810 [00:03<00:01, 1700.22it/s]
 69%|██████▉   | 6121/8810 [00:03<00:01, 1630.14it/s]
 72%|███████▏  | 6333/8810 [00:03<00:01, 1762.35it/s]
 74%|███████▍  | 6512/8810 [00:03<00:01, 1614.16it/s]
 77%|███████▋  | 6766/8810 [00:03<00:01, 1861.07it/s]
 79%|███████▉  | 6972/8810 [00:03<00:01, 1798.86it/s]
 81%|████████▏ | 7180/8810 [00:03<00:00, 1870.28it/s]
 84%|████████▎ | 7371/8810 [00:03<00:00, 1788.01it/s]
 86%|████████▌ | 7553/8810 [00:04<00:00, 1704.22it/s]
 88%|████████▊ | 7726/8810 [00:04<00:00, 1654.51it/s]
 90%|████████▉ | 7911/8810 [00:04<00:00, 1703.32it/s]
 92%|█████████▏| 8083/8810 [00:04<00:00, 1524.25it/s]
 94%|█████████▍| 8271/8810 [00:04<00:00, 1614.47it/s]
 96%|█████████▌| 8437/8810 [00:04<00:00, 1353.58it/s]
 98%|█████████▊| 8640/8810 [00:04<00:00, 1517.74it/s]
100%|█████████▉| 8802/8810 [00:04<00:00, 1459.66it/s]
100%|██████████| 8810/8810 [00:04<00:00, 1803.19it/s]
