
  0%|          | 0/8810 [00:00<?, ?it/s]
  2%|▏         | 181/8810 [00:00<00:05, 1509.20it/s]
  5%|▍         | 425/8810 [00:00<00:04, 2010.28it/s]
  7%|▋         | 656/8810 [00:00<00:04, 1901.38it/s]
 10%|▉         | 855/8810 [00:00<00:04, 1928.95it/s]
 12%|█▏        | 1051/8810 [00:00<00:04, 1753.66it/s]
 14%|█▍        | 1256/8810 [00:00<00:04, 1842.53it/s]
 17%|█▋        | 1457/8810 [00:00<00:04, 1777.14it/s]
 19%|█▊        | 1648/8810 [00:00<00:03, 1812.73it/s]
 21%|██        | 1832/8810 [00:01<00:04, 1649.97it/s]
 23%|██▎       | 2057/8810 [00:01<00:03, 1810.93it/s]
 26%|██▌       | 2263/8810 [00:01<00:03, 1700.68it/s]
 28%|██▊       | 2501/8810 [00:01<00:03, 1879.63it/s]
 31%|███       | 2705/8810 [00:01<00:03, 1920.80it/s]
 33%|███▎      | 2902/8810 [00:01<00:03, 1575.49it/s]
 35%|███▍      | 3072/8810 [00:01<00:03, 1504.90it/s]
 37%|███▋      | 3254/8810 [00:01<00:03, 1582.49it/s]
 39%|███▉      | 3420/8810 [00:02<00:03, 1503.44it/s]
 41%|████▏     | 3635/8810 [00:02<00:03, 1671.30it/s]
 43%|████▎     | 3809/8810 [00:02<00:03, 1635.53it/s]
 46%|████▌     | 4029/8810 [00:02<00:02, 1787.94it/s]
 48%|████▊     | 4213/8810 [00:02<00:02, 1722.35it/s]
 50%|█████     | 4407/8810 [00:02<00:02, 1779.37it/s]
 52%|█████▏    | 4588/8810 [00:02<00:02, 1706.08it/s]
 54%|█████▍    | 4762/8810 [00:02<00:02, 1526.10it/s]
 56%|█████▌    | 4920/8810 [00:02<00:02, 1527.61it/s]
 58%|█████▊    | 5076/8810 [00:03<00:02, 1367.34it/s]
 60%|█████▉    | 5243/8810 [00:03<00:02, 1442.93it/s]
 61%|██████    | 5392/8810 [00:03<00:02, 1354.45it/s]
 63%|██████▎   | 5574/8810 [00:03<00:02, 1474.56it/s]
 65%|██████▌   | 5754/8810 [00:03<00:02, 1416.44it/s]
 67%|██████▋   | 5900/8810 [00:03<00:02, 1406.25it/s]
 69%|██████▊   | 6044/8810 [00:03<00:02, 1230.12it/s]
 71%|███████   | 6219/8810 [00:03<00:01, 1358.94it/s]
 73%|███████▎  | 6400/8810 [00:04<00:01, 1344.37it/s]
 75%|███████▍  | 6571/8810 [00:04<00:01, 1434.89it/s]
 77%|███████▋  | 6763/8810 [00:04<00:01, 1559.62it/s]
 79%|███████▉  | 6960/8810 [00:04<00:01, 1670.66it/s]
 81%|████████  | 7132/8810 [00:04<00:01, 1449.08it/s]
 83%|████████▎ | 7293/8810 [00:04<00:01, 1488.97it/s]
 85%|████████▍ | 7448/8810 [00:04<00:00, 1442.38it/s]
 86%|████████▌ | 7597/8810 [00:04<00:00, 1418.49it/s]
 88%|████████▊ | 7742/8810 [00:04<00:00, 1384.27it/s]
 90%|████████▉ | 7918/8810 [00:05<00:00, 1485.80it/s]
 92%|█████████▏| 8069/8810 [00:05<00:00, 1282.93it/s]
 93%|█████████▎| 8213/8810 [00:05<00:00, 1322.72it/s]
 95%|█████████▍| 8361/8810 [00:05<00:00, 1275.35it/s]
 96%|█████████▋| 8501/8810 [00:05<00:00, 1306.04it/s]
 98%|█████████▊| 8652/8810 [00:05<00:00, 1357.53it/s]
100%|█████████▉| 8791/8810 [00:05<00:00, 1271.34it/s]
100%|██████████| 8810/8810 [00:05<00:00, 1534.75it/s]
