
  0%|          | 0/8810 [00:00<?, ?it/s]
  2%|▏         | 181/8810 [00:00<00:06, 1404.70it/s]
  5%|▍         | 397/8810 [00:00<00:04, 1801.01it/s]
  7%|▋         | 645/8810 [00:00<00:03, 2082.91it/s]
 10%|▉         | 858/8810 [00:00<00:04, 1734.26it/s]
 12%|█▏        | 1041/8810 [00:00<00:04, 1654.42it/s]
 14%|█▍        | 1255/8810 [00:00<00:04, 1793.93it/s]
 17%|█▋        | 1457/8810 [00:00<00:04, 1718.23it/s]
 19%|█▉        | 1660/8810 [00:00<00:03, 1802.35it/s]
 21%|██        | 1845/8810 [00:01<00:04, 1707.06it/s]
 24%|██▎       | 2075/8810 [00:01<00:03, 1869.90it/s]
 26%|██▌       | 2267/8810 [00:01<00:03, 1741.31it/s]
 29%|██▊       | 2516/8810 [00:01<00:03, 1942.76it/s]
 31%|███       | 2744/8810 [00:01<00:03, 1845.33it/s]
 33%|███▎      | 2934/8810 [00:01<00:03, 1834.23it/s]
 35%|███▌      | 3121/8810 [00:01<00:03, 1691.49it/s]
 38%|███▊      | 3314/8810 [00:01<00:03, 1751.51it/s]
 40%|███▉      | 3493/8810 [00:01<00:03, 1639.34it/s]
 42%|████▏     | 3710/8810 [00:02<00:02, 1774.74it/s]
 44%|████▍     | 3892/8810 [00:02<00:02, 1706.82it/s]
 46%|████▋     | 4085/8810 [00:02<00:02, 1763.17it/s]
 48%|████▊     | 4264/8810 [00:02<00:02, 1646.25it/s]
 51%|█████     | 4489/8810 [00:02<00:02, 1808.32it/s]
 53%|█████▎    | 4674/8810 [00:02<00:02, 1645.97it/s]
 55%|█████▍    | 4844/8810 [00:02<00:02, 1647.31it/s]
 57%|█████▋    | 5013/8810 [00:02<00:02, 1521.05it/s]
 59%|█████▉    | 5196/8810 [00:03<00:02, 1601.68it/s]
 61%|██████    | 5372/8810 [00:03<00:02, 1554.14it/s]
 63%|██████▎   | 5549/8810 [00:03<00:02, 1609.75it/s]
 65%|██████▍   | 5726/8810 [00:03<00:01, 1652.45it/s]
 67%|██████▋   | 5894/8810 [00:03<00:02, 1418.55it/s]
 69%|██████▊   | 6043/8810 [00:03<00:02, 1288.32it/s]
 71%|███████   | 6218/8810 [00:03<00:01, 1399.70it/s]
 73%|███████▎  | 6391/8810 [00:03<00:01, 1481.00it/s]
 74%|███████▍  | 6545/8810 [00:03<00:01, 1401.50it/s]
 77%|███████▋  | 6751/8810 [00:04<00:01, 1573.02it/s]
 79%|███████▉  | 6946/8810 [00:04<00:01, 1671.16it/s]
 81%|████████  | 7118/8810 [00:04<00:01, 1481.51it/s]
 83%|████████▎ | 7282/8810 [00:04<00:01, 1521.66it/s]
 84%|████████▍ | 7440/8810 [00:04<00:00, 1428.29it/s]
 86%|████████▌ | 7588/8810 [00:04<00:00, 1408.76it/s]
 88%|████████▊ | 7732/8810 [00:04<00:00, 1379.36it/s]
 89%|████████▉ | 7878/8810 [00:04<00:00, 1400.77it/s]
 91%|█████████ | 8020/8810 [00:04<00:00, 1398.02it/s]
 93%|█████████▎| 8161/8810 [00:05<00:00, 1257.10it/s]
 94%|█████████▍| 8314/8810 [00:05<00:00, 1329.23it/s]
 96%|█████████▌| 8450/8810 [00:05<00:00, 1248.23it/s]
 98%|█████████▊| 8629/8810 [00:05<00:00, 1391.99it/s]
100%|█████████▉| 8772/8810 [00:05<00:00, 1323.89it/s]
100%|██████████| 8810/8810 [00:05<00:00, 1580.25it/s]
