
  0%|          | 0/8810 [00:00<?, ?it/s]
  2%|▏         | 200/8810 [00:00<00:04, 1993.92it/s]
  6%|▌         | 534/8810 [00:00<00:02, 2782.14it/s]
  9%|▉         | 813/8810 [00:00<00:03, 2421.63it/s]
 12%|█▏        | 1061/8810 [00:00<00:03, 2313.77it/s]
 15%|█▍        | 1299/8810 [00:00<00:03, 2330.34it/s]
 17%|█▋        | 1535/8810 [00:00<00:03, 2102.87it/s]
 21%|██        | 1821/8810 [00:00<00:03, 2181.19it/s]
 23%|██▎       | 2042/8810 [00:00<00:03, 2151.65it/s]
 26%|██▌       | 2263/8810 [00:01<00:03, 2163.72it/s]
 28%|██▊       | 2481/8810 [00:01<00:02, 2157.14it/s]
 31%|███       | 2744/8810 [00:01<00:02, 2180.00it/s]
 34%|███▎      | 2963/8810 [00:01<00:02, 2103.27it/s]
 36%|███▌      | 3174/8810 [00:01<00:02, 2075.72it/s]
 39%|███▊      | 3410/8810 [00:01<00:02, 2067.08it/s]
 42%|████▏     | 3686/8810 [00:01<00:02, 2257.27it/s]
 44%|████▍     | 3914/8810 [00:01<00:02, 2070.75it/s]
 47%|████▋     | 4180/8810 [00:01<00:02, 2182.77it/s]
 51%|█████     | 4504/8810 [00:02<00:01, 2472.57it/s]
 54%|█████▍    | 4757/8810 [00:02<00:01, 2177.92it/s]
 57%|█████▋    | 4984/8810 [00:02<00:01, 2057.78it/s]
 60%|██████    | 5310/8810 [00:02<00:01, 2366.65it/s]
 63%|██████▎   | 5557/8810 [00:02<00:01, 2342.06it/s]
 66%|██████▌   | 5798/8810 [00:02<00:01, 2251.02it/s]
 68%|██████▊   | 6032/8810 [00:02<00:01, 2273.39it/s]
 71%|███████   | 6263/8810 [00:02<00:01, 2276.58it/s]
 74%|███████▎  | 6494/8810 [00:02<00:01, 2191.72it/s]
 78%|███████▊  | 6834/8810 [00:03<00:00, 2527.54it/s]
 80%|████████  | 7091/8810 [00:03<00:00, 2459.99it/s]
 84%|████████▎ | 7360/8810 [00:03<00:00, 2332.16it/s]
 87%|████████▋ | 7638/8810 [00:03<00:00, 2446.11it/s]
 90%|████████▉ | 7887/8810 [00:03<00:00, 2252.35it/s]
 92%|█████████▏| 8117/8810 [00:03<00:00, 2101.12it/s]
 95%|█████████▍| 8361/8810 [00:03<00:00, 2056.72it/s]
 98%|█████████▊| 8606/8810 [00:03<00:00, 2158.33it/s]
100%|██████████| 8810/8810 [00:03<00:00, 2223.18it/s]
