
  0%|          | 0/8810 [00:00<?, ?it/s]
  4%|▍         | 362/8810 [00:00<00:02, 3610.65it/s]
  8%|▊         | 724/8810 [00:00<00:02, 3613.22it/s]
 12%|█▏        | 1086/8810 [00:00<00:02, 3541.45it/s]
 17%|█▋        | 1457/8810 [00:00<00:02, 3425.12it/s]
 21%|██        | 1821/8810 [00:00<00:02, 3368.38it/s]
 25%|██▌       | 2218/8810 [00:00<00:01, 3557.60it/s]
 29%|██▉       | 2576/8810 [00:00<00:01, 3515.27it/s]
 33%|███▎      | 2929/8810 [00:00<00:01, 3388.35it/s]
 37%|███▋      | 3270/8810 [00:00<00:01, 3323.28it/s]
 41%|████      | 3619/8810 [00:01<00:01, 3368.19it/s]
 45%|████▍     | 3957/8810 [00:01<00:01, 3357.07it/s]
 50%|████▉     | 4364/8810 [00:01<00:01, 3563.67it/s]
 54%|█████▎    | 4722/8810 [00:01<00:01, 3474.22it/s]
 58%|█████▊    | 5071/8810 [00:01<00:01, 3344.78it/s]
 61%|██████▏   | 5407/8810 [00:01<00:01, 3301.15it/s]
 65%|██████▌   | 5755/8810 [00:01<00:00, 3350.15it/s]
 69%|██████▉   | 6091/8810 [00:01<00:00, 3194.17it/s]
 73%|███████▎  | 6413/8810 [00:01<00:00, 3197.45it/s]
 78%|███████▊  | 6881/8810 [00:02<00:00, 3621.58it/s]
 82%|████████▏ | 7246/8810 [00:02<00:00, 3513.22it/s]
 86%|████████▋ | 7600/8810 [00:02<00:00, 3454.01it/s]
 90%|█████████ | 7948/8810 [00:02<00:00, 3276.74it/s]
 94%|█████████▍| 8279/8810 [00:02<00:00, 3112.65it/s]
 98%|█████████▊| 8600/8810 [00:02<00:00, 3137.13it/s]
100%|██████████| 8810/8810 [00:02<00:00, 3346.30it/s]
