
  0%|          | 0/8810 [00:00<?, ?it/s]
  4%|▎         | 322/8810 [00:00<00:02, 3217.64it/s]
  7%|▋         | 656/8810 [00:00<00:02, 3127.74it/s]
 11%|█▏        | 996/8810 [00:00<00:02, 3046.34it/s]
 16%|█▌        | 1371/8810 [00:00<00:02, 3306.74it/s]
 19%|█▉        | 1704/8810 [00:00<00:02, 3262.90it/s]
 23%|██▎       | 2032/8810 [00:00<00:02, 3164.87it/s]
 27%|██▋       | 2350/8810 [00:00<00:02, 3169.07it/s]
 31%|███       | 2744/8810 [00:00<00:01, 3371.10it/s]
 35%|███▍      | 3082/8810 [00:00<00:01, 3282.94it/s]
 39%|███▊      | 3412/8810 [00:01<00:01, 3177.41it/s]
 43%|████▎     | 3774/8810 [00:01<00:01, 3232.34it/s]
 47%|████▋     | 4180/8810 [00:01<00:01, 3322.32it/s]
 52%|█████▏    | 4584/8810 [00:01<00:01, 3522.16it/s]
 56%|█████▌    | 4938/8810 [00:01<00:01, 3095.96it/s]
 60%|██████    | 5323/8810 [00:01<00:01, 3291.16it/s]
 64%|██████▍   | 5662/8810 [00:01<00:00, 3242.39it/s]
 68%|██████▊   | 5993/8810 [00:01<00:00, 2907.20it/s]
 71%|███████▏  | 6294/8810 [00:01<00:00, 2917.40it/s]
 75%|███████▍  | 6593/8810 [00:02<00:00, 2860.93it/s]
 79%|███████▉  | 6972/8810 [00:02<00:00, 3065.00it/s]
 83%|████████▎ | 7344/8810 [00:02<00:00, 3246.72it/s]
 87%|████████▋ | 7674/8810 [00:02<00:00, 3089.09it/s]
 91%|█████████ | 7988/8810 [00:02<00:00, 2827.74it/s]
 94%|█████████▍| 8277/8810 [00:02<00:00, 2324.82it/s]
 97%|█████████▋| 8540/8810 [00:02<00:00, 2394.68it/s]
100%|██████████| 8810/8810 [00:02<00:00, 2993.94it/s]
