
  0%|          | 0/8810 [00:00<?, ?it/s]
  2%|▏         | 199/8810 [00:00<00:04, 1970.91it/s]
  5%|▌         | 441/8810 [00:00<00:03, 2220.70it/s]
  8%|▊         | 664/8810 [00:00<00:04, 1986.88it/s]
 10%|█         | 906/8810 [00:00<00:03, 2136.32it/s]
 13%|█▎        | 1123/8810 [00:00<00:03, 2085.70it/s]
 16%|█▌        | 1391/8810 [00:00<00:03, 2274.61it/s]
 18%|█▊        | 1621/8810 [00:00<00:03, 2156.43it/s]
 21%|██        | 1839/8810 [00:00<00:03, 2096.10it/s]
 24%|██▍       | 2127/8810 [00:00<00:02, 2323.11it/s]
 27%|██▋       | 2362/8810 [00:01<00:03, 2064.87it/s]
 30%|███       | 2670/8810 [00:01<00:02, 2339.16it/s]
 33%|███▎      | 2912/8810 [00:01<00:02, 2230.07it/s]
 36%|███▌      | 3142/8810 [00:01<00:02, 2191.38it/s]
 38%|███▊      | 3375/8810 [00:01<00:02, 2229.35it/s]
 41%|████      | 3602/8810 [00:01<00:02, 2091.96it/s]
 43%|████▎     | 3815/8810 [00:01<00:02, 1988.72it/s]
 47%|████▋     | 4098/8810 [00:01<00:02, 2209.02it/s]
 49%|████▉     | 4324/8810 [00:01<00:02, 2194.36it/s]
 52%|█████▏    | 4599/8810 [00:02<00:01, 2350.05it/s]
 55%|█████▍    | 4838/8810 [00:02<00:01, 2173.46it/s]
 57%|█████▋    | 5060/8810 [00:02<00:01, 2025.41it/s]
 61%|██████    | 5366/8810 [00:02<00:01, 2299.37it/s]
 64%|██████▎   | 5603/8810 [00:02<00:01, 2214.73it/s]
 66%|██████▌   | 5830/8810 [00:02<00:01, 2207.75it/s]
 69%|██████▊   | 6055/8810 [00:02<00:01, 2043.04it/s]
 72%|███████▏  | 6322/8810 [00:02<00:01, 2206.16it/s]
 74%|███████▍  | 6548/8810 [00:03<00:01, 2116.91it/s]
 78%|███████▊  | 6886/8810 [00:03<00:00, 2459.17it/s]
 81%|████████  | 7138/8810 [00:03<00:00, 2374.83it/s]
 84%|████████▍ | 7380/8810 [00:03<00:00, 2315.58it/s]
 87%|████████▋ | 7631/8810 [00:03<00:00, 2367.86it/s]
 89%|████████▉ | 7871/8810 [00:03<00:00, 2225.02it/s]
 92%|█████████▏| 8097/8810 [00:03<00:00, 2132.51it/s]
 95%|█████████▍| 8354/8810 [00:03<00:00, 2248.98it/s]
 97%|█████████▋| 8582/8810 [00:03<00:00, 2170.36it/s]
100%|█████████▉| 8802/8810 [00:04<00:00, 2096.18it/s]
100%|██████████| 8810/8810 [00:04<00:00, 2188.21it/s]
