
  0%|          | 0/8810 [00:00<?, ?it/s]
  2%|▏         | 166/8810 [00:00<00:05, 1653.84it/s]
  4%|▍         | 342/8810 [00:00<00:04, 1710.52it/s]
  7%|▋         | 637/8810 [00:00<00:03, 2272.24it/s]
 10%|▉         | 865/8810 [00:00<00:03, 2051.11it/s]
 12%|█▏        | 1074/8810 [00:00<00:03, 2025.52it/s]
 15%|█▌        | 1341/8810 [00:00<00:03, 2228.27it/s]
 18%|█▊        | 1567/8810 [00:00<00:03, 2001.78it/s]
 21%|██        | 1821/8810 [00:00<00:03, 2005.36it/s]
 23%|██▎       | 2038/8810 [00:00<00:03, 2048.50it/s]
 26%|██▌       | 2263/8810 [00:01<00:03, 2012.50it/s]
 29%|██▉       | 2550/8810 [00:01<00:02, 2247.05it/s]
 32%|███▏      | 2779/8810 [00:01<00:02, 2156.42it/s]
 35%|███▍      | 3041/8810 [00:01<00:02, 2280.03it/s]
 37%|███▋      | 3272/8810 [00:01<00:02, 2131.58it/s]
 40%|███▉      | 3489/8810 [00:01<00:02, 2007.91it/s]
 43%|████▎     | 3774/8810 [00:01<00:02, 2059.99it/s]
 45%|████▌     | 3982/8810 [00:01<00:02, 2053.30it/s]
 48%|████▊     | 4189/8810 [00:02<00:02, 2033.70it/s]
 51%|█████     | 4451/8810 [00:02<00:01, 2192.03it/s]
 53%|█████▎    | 4672/8810 [00:02<00:02, 1978.50it/s]
 55%|█████▌    | 4875/8810 [00:02<00:02, 1965.95it/s]
 58%|█████▊    | 5075/8810 [00:02<00:02, 1854.00it/s]
 60%|██████    | 5325/8810 [00:02<00:01, 2025.49it/s]
 63%|██████▎   | 5532/8810 [00:02<00:01, 2007.70it/s]
 65%|██████▌   | 5754/8810 [00:02<00:01, 1993.80it/s]
 68%|██████▊   | 5956/8810 [00:02<00:01, 1866.88it/s]
 70%|██████▉   | 6146/8810 [00:03<00:01, 1832.88it/s]
 73%|███████▎  | 6397/8810 [00:03<00:01, 2018.43it/s]
 75%|███████▍  | 6602/8810 [00:03<00:01, 1921.20it/s]
 78%|███████▊  | 6909/8810 [00:03<00:00, 2234.12it/s]
 81%|████████  | 7137/8810 [00:03<00:00, 2103.90it/s]
 84%|████████▎ | 7360/8810 [00:03<00:00, 2029.49it/s]
 86%|████████▋ | 7610/8810 [00:03<00:00, 2156.27it/s]
 89%|████████▉ | 7830/8810 [00:03<00:00, 2000.90it/s]
 91%|█████████ | 8037/8810 [00:03<00:00, 1945.68it/s]
 94%|█████████▍| 8261/8810 [00:04<00:00, 2024.79it/s]
 96%|█████████▌| 8467/8810 [00:04<00:00, 1900.90it/s]
 99%|█████████▉| 8702/8810 [00:04<00:00, 1884.95it/s]
100%|██████████| 8810/8810 [00:04<00:00, 2028.99it/s]
