
  0%|          | 0/8810 [00:00<?, ?it/s]
  2%|▏         | 181/8810 [00:00<00:05, 1548.52it/s]
  5%|▍         | 417/8810 [00:00<00:04, 1991.09it/s]
  7%|▋         | 645/8810 [00:00<00:03, 2116.99it/s]
 10%|▉         | 859/8810 [00:00<00:04, 1827.77it/s]
 12%|█▏        | 1048/8810 [00:00<00:04, 1709.17it/s]
 14%|█▍        | 1258/8810 [00:00<00:04, 1823.87it/s]
 17%|█▋        | 1457/8810 [00:00<00:04, 1752.08it/s]
 19%|█▉        | 1661/8810 [00:00<00:03, 1833.27it/s]
 21%|██        | 1848/8810 [00:01<00:03, 1753.36it/s]
 24%|██▍       | 2097/8810 [00:01<00:03, 1959.53it/s]
 26%|██▌       | 2297/8810 [00:01<00:03, 1829.87it/s]
 29%|██▉       | 2544/8810 [00:01<00:03, 2005.98it/s]
 31%|███       | 2750/8810 [00:01<00:03, 1928.65it/s]
 33%|███▎      | 2947/8810 [00:01<00:03, 1900.46it/s]
 36%|███▌      | 3140/8810 [00:01<00:03, 1815.26it/s]
 38%|███▊      | 3336/8810 [00:01<00:02, 1851.91it/s]
 40%|███▉      | 3523/8810 [00:01<00:03, 1756.89it/s]
 43%|████▎     | 3767/8810 [00:02<00:02, 1943.49it/s]
 45%|████▌     | 3965/8810 [00:02<00:02, 1839.80it/s]
 47%|████▋     | 4180/8810 [00:02<00:02, 1801.93it/s]
 50%|█████     | 4411/8810 [00:02<00:02, 1936.49it/s]
 52%|█████▏    | 4608/8810 [00:02<00:02, 1895.94it/s]
 54%|█████▍    | 4800/8810 [00:02<00:02, 1717.83it/s]
 56%|█████▋    | 4976/8810 [00:02<00:02, 1587.67it/s]
 59%|█████▊    | 5168/8810 [00:02<00:02, 1672.79it/s]
 61%|██████    | 5372/8810 [00:02<00:02, 1653.08it/s]
 64%|██████▎   | 5600/8810 [00:03<00:01, 1816.00it/s]
 66%|██████▌   | 5786/8810 [00:03<00:01, 1700.13it/s]
 68%|██████▊   | 5960/8810 [00:03<00:01, 1681.18it/s]
 70%|██████▉   | 6131/8810 [00:03<00:01, 1624.26it/s]
 72%|███████▏  | 6359/8810 [00:03<00:01, 1798.50it/s]
 74%|███████▍  | 6542/8810 [00:03<00:01, 1688.64it/s]
 77%|███████▋  | 6757/8810 [00:03<00:01, 1808.40it/s]
 79%|███████▉  | 6972/8810 [00:03<00:01, 1774.39it/s]
 81%|████████▏ | 7160/8810 [00:03<00:00, 1800.18it/s]
 83%|████████▎ | 7350/8810 [00:04<00:00, 1826.52it/s]
 86%|████████▌ | 7535/8810 [00:04<00:00, 1571.69it/s]
 88%|████████▊ | 7715/8810 [00:04<00:00, 1578.14it/s]
 90%|████████▉ | 7918/8810 [00:04<00:00, 1694.33it/s]
 92%|█████████▏| 8093/8810 [00:04<00:00, 1548.73it/s]
 94%|█████████▍| 8301/8810 [00:04<00:00, 1684.62it/s]
 96%|█████████▌| 8476/8810 [00:04<00:00, 1604.45it/s]
 99%|█████████▊| 8690/8810 [00:04<00:00, 1747.43it/s]
100%|██████████| 8810/8810 [00:04<00:00, 1763.34it/s]
