
  0%|          | 0/8810 [00:00<?, ?it/s]
  2%|▏         | 181/8810 [00:00<00:05, 1622.06it/s]
  5%|▍         | 429/8810 [00:00<00:03, 2102.65it/s]
  7%|▋         | 656/8810 [00:00<00:04, 1997.31it/s]
 10%|▉         | 865/8810 [00:00<00:03, 2025.34it/s]
 12%|█▏        | 1069/8810 [00:00<00:04, 1793.36it/s]
 15%|█▍        | 1288/8810 [00:00<00:03, 1901.25it/s]
 17%|█▋        | 1483/8810 [00:00<00:04, 1753.24it/s]
 20%|█▉        | 1739/8810 [00:00<00:03, 1979.97it/s]
 22%|██▏       | 1943/8810 [00:01<00:03, 1850.63it/s]
 25%|██▌       | 2214/8810 [00:01<00:03, 2086.60it/s]
 28%|██▊       | 2429/8810 [00:01<00:03, 1971.87it/s]
 31%|███       | 2692/8810 [00:01<00:02, 2152.22it/s]
 33%|███▎      | 2913/8810 [00:01<00:02, 1986.29it/s]
 35%|███▌      | 3118/8810 [00:01<00:03, 1896.82it/s]
 38%|███▊      | 3357/8810 [00:01<00:02, 2028.25it/s]
 40%|████      | 3565/8810 [00:01<00:02, 1870.48it/s]
 43%|████▎     | 3774/8810 [00:01<00:02, 1837.44it/s]
 46%|████▌     | 4024/8810 [00:02<00:02, 2010.24it/s]
 48%|████▊     | 4230/8810 [00:02<00:02, 1973.12it/s]
 51%|█████     | 4491/8810 [00:02<00:02, 2148.77it/s]
 53%|█████▎    | 4710/8810 [00:02<00:02, 1913.39it/s]
 56%|█████▌    | 4913/8810 [00:02<00:02, 1941.01it/s]
 58%|█████▊    | 5113/8810 [00:02<00:02, 1817.92it/s]
 61%|██████    | 5337/8810 [00:02<00:01, 1928.28it/s]
 63%|██████▎   | 5535/8810 [00:02<00:01, 1826.36it/s]
 65%|██████▌   | 5754/8810 [00:02<00:01, 1805.30it/s]
 67%|██████▋   | 5938/8810 [00:03<00:01, 1740.62it/s]
 69%|██████▉   | 6114/8810 [00:03<00:01, 1682.57it/s]
 72%|███████▏  | 6310/8810 [00:03<00:01, 1755.10it/s]
 74%|███████▎  | 6488/8810 [00:03<00:01, 1677.06it/s]
 77%|███████▋  | 6757/8810 [00:03<00:01, 1951.51it/s]
 79%|███████▉  | 6972/8810 [00:03<00:00, 1839.08it/s]
 81%|████████▏ | 7166/8810 [00:03<00:00, 1862.74it/s]
 84%|████████▎ | 7360/8810 [00:03<00:00, 1787.85it/s]
 86%|████████▌ | 7547/8810 [00:03<00:00, 1805.49it/s]
 88%|████████▊ | 7730/8810 [00:04<00:00, 1792.03it/s]
 90%|█████████ | 7931/8810 [00:04<00:00, 1846.77it/s]
 92%|█████████▏| 8117/8810 [00:04<00:00, 1681.94it/s]
 95%|█████████▍| 8338/8810 [00:04<00:00, 1823.72it/s]
 97%|█████████▋| 8525/8810 [00:04<00:00, 1729.49it/s]
 99%|█████████▉| 8702/8810 [00:04<00:00, 1649.03it/s]
100%|██████████| 8810/8810 [00:04<00:00, 1863.68it/s]
