
  0%|          | 0/8810 [00:00<?, ?it/s]
  2%|▏         | 181/8810 [00:00<00:06, 1334.04it/s]
  4%|▍         | 361/8810 [00:00<00:05, 1570.50it/s]
  6%|▌         | 522/8810 [00:00<00:05, 1465.88it/s]
  8%|▊         | 671/8810 [00:00<00:06, 1308.38it/s]
  9%|▉         | 831/8810 [00:00<00:05, 1397.26it/s]
 11%|█▏        | 996/8810 [00:00<00:05, 1329.39it/s]
 14%|█▍        | 1219/8810 [00:00<00:04, 1582.39it/s]
 16%|█▌        | 1383/8810 [00:00<00:04, 1577.45it/s]
 18%|█▊        | 1545/8810 [00:01<00:04, 1489.94it/s]
 20%|█▉        | 1750/8810 [00:01<00:04, 1645.41it/s]
 22%|██▏       | 1919/8810 [00:01<00:05, 1367.23it/s]
 24%|██▍       | 2150/8810 [00:01<00:04, 1604.06it/s]
 26%|██▋       | 2323/8810 [00:01<00:04, 1551.38it/s]
 29%|██▉       | 2581/8810 [00:01<00:03, 1818.96it/s]
 31%|███▏      | 2773/8810 [00:01<00:03, 1700.54it/s]
 34%|███▎      | 2958/8810 [00:01<00:03, 1736.36it/s]
 36%|███▌      | 3138/8810 [00:02<00:03, 1629.23it/s]
 38%|███▊      | 3306/8810 [00:02<00:03, 1613.68it/s]
 39%|███▉      | 3471/8810 [00:02<00:03, 1501.91it/s]
 42%|████▏     | 3692/8810 [00:02<00:03, 1686.50it/s]
 44%|████▍     | 3866/8810 [00:02<00:03, 1530.82it/s]
 47%|████▋     | 4097/8810 [00:02<00:02, 1732.87it/s]
 49%|████▊     | 4278/8810 [00:02<00:02, 1627.67it/s]
 51%|█████     | 4491/8810 [00:02<00:02, 1759.25it/s]
 53%|█████▎    | 4673/8810 [00:02<00:02, 1459.26it/s]
 55%|█████▍    | 4831/8810 [00:03<00:02, 1422.53it/s]
 57%|█████▋    | 4982/8810 [00:03<00:02, 1308.10it/s]
 59%|█████▉    | 5181/8810 [00:03<00:02, 1466.63it/s]
 61%|██████    | 5372/8810 [00:03<00:02, 1408.37it/s]
 63%|██████▎   | 5547/8810 [00:03<00:02, 1484.00it/s]
 65%|██████▌   | 5754/8810 [00:03<00:02, 1497.84it/s]
 67%|██████▋   | 5908/8810 [00:03<00:01, 1497.01it/s]
 69%|██████▉   | 6061/8810 [00:03<00:02, 1373.11it/s]
 71%|███████   | 6231/8810 [00:04<00:01, 1456.67it/s]
 73%|███████▎  | 6400/8810 [00:04<00:01, 1344.57it/s]
 74%|███████▍  | 6539/8810 [00:04<00:01, 1354.77it/s]
 77%|███████▋  | 6749/8810 [00:04<00:01, 1546.17it/s]
 79%|███████▉  | 6972/8810 [00:04<00:01, 1589.14it/s]
 81%|████████  | 7141/8810 [00:04<00:01, 1615.70it/s]
 83%|████████▎ | 7349/8810 [00:04<00:00, 1740.70it/s]
 85%|████████▌ | 7526/8810 [00:04<00:00, 1522.99it/s]
 88%|████████▊ | 7715/8810 [00:05<00:00, 1493.10it/s]
 90%|████████▉ | 7885/8810 [00:05<00:00, 1542.52it/s]
 91%|█████████▏| 8044/8810 [00:05<00:00, 1418.24it/s]
 93%|█████████▎| 8224/8810 [00:05<00:00, 1515.60it/s]
 95%|█████████▌| 8380/8810 [00:05<00:00, 1464.53it/s]
 98%|█████████▊| 8605/8810 [00:05<00:00, 1670.58it/s]
100%|█████████▉| 8777/8810 [00:05<00:00, 1427.51it/s]
100%|██████████| 8810/8810 [00:05<00:00, 1522.28it/s]
