
  0%|          | 0/8810 [00:00<?, ?it/s]
  2%|▏         | 181/8810 [00:00<00:05, 1576.31it/s]
  5%|▍         | 423/8810 [00:00<00:04, 2032.40it/s]
  7%|▋         | 656/8810 [00:00<00:04, 1870.97it/s]
 10%|▉         | 847/8810 [00:00<00:04, 1873.68it/s]
 12%|█▏        | 1037/8810 [00:00<00:04, 1732.23it/s]
 14%|█▍        | 1213/8810 [00:00<00:04, 1734.74it/s]
 16%|█▌        | 1402/8810 [00:00<00:04, 1777.33it/s]
 18%|█▊        | 1582/8810 [00:00<00:04, 1629.91it/s]
 21%|██        | 1811/8810 [00:01<00:03, 1814.15it/s]
 23%|██▎       | 1997/8810 [00:01<00:04, 1641.52it/s]
 25%|██▌       | 2219/8810 [00:01<00:03, 1786.83it/s]
 27%|██▋       | 2403/8810 [00:01<00:03, 1671.59it/s]
 30%|██▉       | 2641/8810 [00:01<00:03, 1857.94it/s]
 32%|███▏      | 2833/8810 [00:01<00:03, 1673.49it/s]
 35%|███▍      | 3040/8810 [00:01<00:03, 1773.46it/s]
 37%|███▋      | 3224/8810 [00:01<00:03, 1557.25it/s]
 39%|███▊      | 3410/8810 [00:02<00:03, 1502.19it/s]
 41%|████▏     | 3639/8810 [00:02<00:03, 1697.64it/s]
 43%|████▎     | 3817/8810 [00:02<00:03, 1516.95it/s]
 45%|████▌     | 3977/8810 [00:02<00:03, 1455.48it/s]
 47%|████▋     | 4178/8810 [00:02<00:02, 1588.65it/s]
 49%|████▉     | 4344/8810 [00:02<00:03, 1463.91it/s]
 51%|█████     | 4515/8810 [00:02<00:02, 1524.38it/s]
 53%|█████▎    | 4673/8810 [00:02<00:02, 1478.71it/s]
 55%|█████▍    | 4844/8810 [00:02<00:02, 1537.77it/s]
 57%|█████▋    | 5001/8810 [00:03<00:02, 1459.01it/s]
 59%|█████▉    | 5209/8810 [00:03<00:02, 1627.58it/s]
 61%|██████    | 5376/8810 [00:03<00:02, 1609.29it/s]
 64%|██████▎   | 5612/8810 [00:03<00:01, 1816.92it/s]
 66%|██████▌   | 5797/8810 [00:03<00:01, 1804.95it/s]
 68%|██████▊   | 5980/8810 [00:03<00:01, 1735.18it/s]
 70%|██████▉   | 6156/8810 [00:03<00:01, 1652.48it/s]
 72%|███████▏  | 6358/8810 [00:03<00:01, 1753.94it/s]
 74%|███████▍  | 6536/8810 [00:03<00:01, 1665.96it/s]
 77%|███████▋  | 6777/8810 [00:04<00:01, 1864.08it/s]
 79%|███████▉  | 6972/8810 [00:04<00:01, 1807.92it/s]
 81%|████████  | 7156/8810 [00:04<00:00, 1785.27it/s]
 83%|████████▎ | 7342/8810 [00:04<00:00, 1805.88it/s]
 85%|████████▌ | 7524/8810 [00:04<00:00, 1573.31it/s]
 88%|████████▊ | 7715/8810 [00:04<00:00, 1540.21it/s]
 90%|████████▉ | 7910/8810 [00:04<00:00, 1645.16it/s]
 92%|█████████▏| 8080/8810 [00:04<00:00, 1490.51it/s]
 94%|█████████▍| 8276/8810 [00:04<00:00, 1609.44it/s]
 96%|█████████▌| 8443/8810 [00:05<00:00, 1511.62it/s]
 98%|█████████▊| 8651/8810 [00:05<00:00, 1660.67it/s]
100%|██████████| 8810/8810 [00:05<00:00, 1651.34it/s]
