
  0%|          | 0/8810 [00:00<?, ?it/s]
  2%|▏         | 181/8810 [00:00<00:05, 1537.70it/s]
  4%|▍         | 369/8810 [00:00<00:04, 1718.11it/s]
  7%|▋         | 594/8810 [00:00<00:04, 1944.38it/s]
  9%|▉         | 790/8810 [00:00<00:05, 1544.94it/s]
 11%|█▏        | 996/8810 [00:00<00:04, 1610.95it/s]
 14%|█▍        | 1242/8810 [00:00<00:04, 1856.09it/s]
 16%|█▋        | 1447/8810 [00:00<00:03, 1911.41it/s]
 19%|█▊        | 1645/8810 [00:00<00:03, 1807.33it/s]
 21%|██        | 1831/8810 [00:01<00:03, 1782.07it/s]
 23%|██▎       | 2049/8810 [00:01<00:03, 1894.16it/s]
 26%|██▌       | 2263/8810 [00:01<00:03, 1792.45it/s]
 29%|██▉       | 2533/8810 [00:01<00:03, 2029.57it/s]
 31%|███       | 2744/8810 [00:01<00:02, 2027.22it/s]
 34%|███▎      | 2973/8810 [00:01<00:02, 2101.53it/s]
 36%|███▌      | 3187/8810 [00:01<00:02, 2018.89it/s]
 39%|███▊      | 3410/8810 [00:01<00:02, 1942.77it/s]
 41%|████      | 3626/8810 [00:01<00:02, 1999.72it/s]
 44%|████▎     | 3836/8810 [00:02<00:02, 2023.06it/s]
 47%|████▋     | 4112/8810 [00:02<00:02, 2230.57it/s]
 49%|████▉     | 4338/8810 [00:02<00:02, 2081.58it/s]
 52%|█████▏    | 4575/8810 [00:02<00:01, 2158.46it/s]
 54%|█████▍    | 4794/8810 [00:02<00:02, 1983.04it/s]
 57%|█████▋    | 4997/8810 [00:02<00:02, 1846.39it/s]
 59%|█████▉    | 5238/8810 [00:02<00:01, 1992.63it/s]
 62%|██████▏   | 5443/8810 [00:02<00:01, 1921.19it/s]
 65%|██████▌   | 5747/8810 [00:02<00:01, 2217.42it/s]
 68%|██████▊   | 5974/8810 [00:03<00:01, 1947.13it/s]
 70%|███████   | 6178/8810 [00:03<00:01, 1854.95it/s]
 73%|███████▎  | 6400/8810 [00:03<00:01, 1905.25it/s]
 76%|███████▌  | 6701/8810 [00:03<00:00, 2194.91it/s]
 79%|███████▉  | 6972/8810 [00:03<00:00, 2174.56it/s]
 82%|████████▏ | 7195/8810 [00:03<00:00, 2075.14it/s]
 84%|████████▍ | 7424/8810 [00:03<00:00, 2128.14it/s]
 87%|████████▋ | 7641/8810 [00:03<00:00, 2100.45it/s]
 89%|████████▉ | 7854/8810 [00:04<00:00, 1879.30it/s]
 91%|█████████▏| 8047/8810 [00:04<00:00, 1753.49it/s]
 94%|█████████▍| 8261/8810 [00:04<00:00, 1852.34it/s]
 96%|█████████▌| 8451/8810 [00:04<00:00, 1762.06it/s]
 99%|█████████▊| 8697/8810 [00:04<00:00, 1946.85it/s]
100%|██████████| 8810/8810 [00:04<00:00, 1937.49it/s]
