
  0%|          | 0/8810 [00:00<?, ?it/s]
  2%|▏         | 201/8810 [00:00<00:04, 1999.61it/s]
  7%|▋         | 619/8810 [00:00<00:02, 3271.17it/s]
 11%|█         | 947/8810 [00:00<00:02, 3078.74it/s]
 14%|█▍        | 1257/8810 [00:00<00:02, 3066.21it/s]
 18%|█▊        | 1565/8810 [00:00<00:02, 2929.24it/s]
 21%|██        | 1860/8810 [00:00<00:02, 2881.32it/s]
 26%|██▌       | 2263/8810 [00:00<00:02, 3029.14it/s]
 30%|██▉       | 2620/8810 [00:00<00:01, 3186.18it/s]
 33%|███▎      | 2940/8810 [00:00<00:02, 2920.24it/s]
 37%|███▋      | 3236/8810 [00:01<00:02, 2681.09it/s]
 40%|███▉      | 3515/8810 [00:01<00:01, 2708.69it/s]
 43%|████▎     | 3827/8810 [00:01<00:01, 2819.97it/s]
 47%|████▋     | 4180/8810 [00:01<00:01, 2955.08it/s]
 52%|█████▏    | 4549/8810 [00:01<00:01, 3161.09it/s]
 55%|█████▌    | 4869/8810 [00:01<00:01, 2823.68it/s]
 59%|█████▊    | 5160/8810 [00:01<00:01, 2667.17it/s]
 62%|██████▏   | 5434/8810 [00:01<00:01, 2556.59it/s]
 65%|██████▌   | 5754/8810 [00:02<00:01, 2530.36it/s]
 69%|██████▊   | 6036/8810 [00:02<00:01, 2458.48it/s]
 73%|███████▎  | 6400/8810 [00:02<00:00, 2644.77it/s]
 77%|███████▋  | 6821/8810 [00:02<00:00, 3052.13it/s]
 81%|████████  | 7134/8810 [00:02<00:00, 2930.07it/s]
 84%|████████▍ | 7433/8810 [00:02<00:00, 2638.28it/s]
 87%|████████▋ | 7705/8810 [00:02<00:00, 2489.77it/s]
 90%|█████████ | 7960/8810 [00:02<00:00, 2359.42it/s]
 93%|█████████▎| 8200/8810 [00:03<00:00, 2334.55it/s]
 96%|█████████▌| 8436/8810 [00:03<00:00, 2319.68it/s]
 99%|█████████▉| 8702/8810 [00:03<00:00, 2350.93it/s]
100%|██████████| 8810/8810 [00:03<00:00, 2710.00it/s]
