
  0%|          | 0/8810 [00:00<?, ?it/s]
  2%|▏         | 201/8810 [00:00<00:04, 1997.53it/s]
  5%|▌         | 470/8810 [00:00<00:03, 2398.46it/s]
  8%|▊         | 710/8810 [00:00<00:03, 2139.71it/s]
 11%|█         | 927/8810 [00:00<00:04, 1924.04it/s]
 13%|█▎        | 1124/8810 [00:00<00:04, 1697.68it/s]
 15%|█▌        | 1344/8810 [00:00<00:04, 1831.95it/s]
 17%|█▋        | 1533/8810 [00:00<00:04, 1677.89it/s]
 20%|█▉        | 1761/8810 [00:00<00:03, 1839.69it/s]
 22%|██▏       | 1951/8810 [00:01<00:04, 1630.73it/s]
 25%|██▍       | 2176/8810 [00:01<00:03, 1788.21it/s]
 27%|██▋       | 2363/8810 [00:01<00:04, 1593.26it/s]
 29%|██▉       | 2593/8810 [00:01<00:03, 1764.89it/s]
 32%|███▏      | 2779/8810 [00:01<00:04, 1260.02it/s]
 33%|███▎      | 2931/8810 [00:01<00:04, 1310.15it/s]
 35%|███▍      | 3082/8810 [00:01<00:04, 1273.54it/s]
 37%|███▋      | 3223/8810 [00:02<00:04, 1301.32it/s]
 38%|███▊      | 3381/8810 [00:02<00:03, 1370.73it/s]
 40%|████      | 3527/8810 [00:02<00:04, 1286.04it/s]
 42%|████▏     | 3726/8810 [00:02<00:03, 1466.30it/s]
 44%|████▍     | 3880/8810 [00:02<00:03, 1440.48it/s]
 47%|████▋     | 4168/8810 [00:02<00:02, 1829.86it/s]
 50%|████▉     | 4362/8810 [00:02<00:02, 1858.05it/s]
 52%|█████▏    | 4587/8810 [00:02<00:02, 1968.48it/s]
 54%|█████▍    | 4789/8810 [00:02<00:02, 1876.52it/s]
 57%|█████▋    | 4981/8810 [00:03<00:02, 1660.48it/s]
 59%|█████▉    | 5203/8810 [00:03<00:01, 1805.79it/s]
 61%|██████    | 5391/8810 [00:03<00:01, 1764.95it/s]
 64%|██████▍   | 5633/8810 [00:03<00:01, 1941.95it/s]
 66%|██████▌   | 5833/8810 [00:03<00:01, 1858.92it/s]
 68%|██████▊   | 6023/8810 [00:03<00:01, 1708.60it/s]
 70%|███████   | 6199/8810 [00:03<00:01, 1635.70it/s]
 73%|███████▎  | 6393/8810 [00:03<00:01, 1713.62it/s]
 75%|███████▍  | 6568/8810 [00:03<00:01, 1640.71it/s]
 77%|███████▋  | 6820/8810 [00:04<00:01, 1873.23it/s]
 80%|███████▉  | 7012/8810 [00:04<00:01, 1783.88it/s]
 82%|████████▏ | 7194/8810 [00:04<00:00, 1673.07it/s]
 84%|████████▎ | 7365/8810 [00:04<00:00, 1638.38it/s]
 85%|████████▌ | 7531/8810 [00:04<00:00, 1576.78it/s]
 88%|████████▊ | 7715/8810 [00:04<00:00, 1594.42it/s]
 90%|████████▉ | 7895/8810 [00:04<00:00, 1646.77it/s]
 91%|█████████▏| 8061/8810 [00:04<00:00, 1519.86it/s]
 94%|█████████▎| 8258/8810 [00:04<00:00, 1637.93it/s]
 96%|█████████▌| 8425/8810 [00:05<00:00, 1565.35it/s]
 98%|█████████▊| 8653/8810 [00:05<00:00, 1759.76it/s]
100%|██████████| 8810/8810 [00:05<00:00, 1666.24it/s]
