
  0%|          | 0/8810 [00:00<?, ?it/s]
  2%|▏         | 181/8810 [00:00<00:05, 1568.11it/s]
  5%|▍         | 431/8810 [00:00<00:04, 2077.03it/s]
  7%|▋         | 656/8810 [00:00<00:03, 2041.18it/s]
 10%|▉         | 862/8810 [00:00<00:03, 1992.01it/s]
 12%|█▏        | 1063/8810 [00:00<00:04, 1838.55it/s]
 14%|█▍        | 1254/8810 [00:00<00:04, 1858.94it/s]
 17%|█▋        | 1457/8810 [00:00<00:04, 1693.19it/s]
 19%|█▊        | 1642/8810 [00:00<00:04, 1733.55it/s]
 21%|██        | 1821/8810 [00:01<00:04, 1642.49it/s]
 23%|██▎       | 2004/8810 [00:01<00:04, 1693.63it/s]
 25%|██▌       | 2221/8810 [00:01<00:03, 1825.68it/s]
 27%|██▋       | 2407/8810 [00:01<00:03, 1746.72it/s]
 30%|███       | 2670/8810 [00:01<00:03, 1993.73it/s]
 33%|███▎      | 2873/8810 [00:01<00:03, 1890.01it/s]
 35%|███▍      | 3066/8810 [00:01<00:03, 1692.84it/s]
 37%|███▋      | 3241/8810 [00:01<00:03, 1696.16it/s]
 39%|███▉      | 3415/8810 [00:01<00:03, 1608.45it/s]
 41%|████      | 3626/8810 [00:02<00:02, 1738.80it/s]
 43%|████▎     | 3804/8810 [00:02<00:02, 1670.35it/s]
 46%|████▌     | 4065/8810 [00:02<00:02, 1924.23it/s]
 48%|████▊     | 4262/8810 [00:02<00:02, 1868.93it/s]
 51%|█████     | 4515/8810 [00:02<00:02, 2048.31it/s]
 54%|█████▎    | 4724/8810 [00:02<00:02, 1830.61it/s]
 56%|█████▌    | 4919/8810 [00:02<00:02, 1858.90it/s]
 58%|█████▊    | 5110/8810 [00:02<00:02, 1741.75it/s]
 60%|██████    | 5322/8810 [00:02<00:01, 1836.83it/s]
 63%|██████▎   | 5510/8810 [00:03<00:01, 1717.20it/s]
 65%|██████▌   | 5754/8810 [00:03<00:01, 1748.71it/s]
 67%|██████▋   | 5932/8810 [00:03<00:01, 1621.09it/s]
 69%|██████▉   | 6097/8810 [00:03<00:01, 1598.10it/s]
 72%|███████▏  | 6300/8810 [00:03<00:01, 1706.02it/s]
 73%|███████▎  | 6473/8810 [00:03<00:01, 1585.40it/s]
 76%|███████▌  | 6704/8810 [00:03<00:01, 1776.85it/s]
 79%|███████▊  | 6931/8810 [00:03<00:00, 1910.73it/s]
 81%|████████  | 7127/8810 [00:04<00:00, 1709.51it/s]
 83%|████████▎ | 7331/8810 [00:04<00:00, 1791.64it/s]
 85%|████████▌ | 7516/8810 [00:04<00:00, 1644.12it/s]
 88%|████████▊ | 7711/8810 [00:04<00:00, 1722.54it/s]
 90%|████████▉ | 7889/8810 [00:04<00:00, 1598.57it/s]
 91%|█████████▏| 8054/8810 [00:04<00:00, 1506.05it/s]
 93%|█████████▎| 8214/8810 [00:04<00:00, 1523.58it/s]
 95%|█████████▌| 8370/8810 [00:04<00:00, 1485.91it/s]
 98%|█████████▊| 8601/8810 [00:04<00:00, 1708.05it/s]
100%|█████████▉| 8776/8810 [00:05<00:00, 1589.72it/s]
100%|██████████| 8810/8810 [00:05<00:00, 1736.44it/s]
