
  0%|          | 0/8810 [00:00<?, ?it/s]
  3%|▎         | 230/8810 [00:00<00:03, 2292.84it/s]
  7%|▋         | 625/8810 [00:00<00:02, 3265.55it/s]
 11%|█         | 952/8810 [00:00<00:02, 2789.90it/s]
 14%|█▍        | 1239/8810 [00:00<00:02, 2680.57it/s]
 17%|█▋        | 1512/8810 [00:00<00:02, 2551.44it/s]
 21%|██        | 1821/8810 [00:00<00:02, 2490.46it/s]
 24%|██▍       | 2152/8810 [00:00<00:02, 2723.82it/s]
 28%|██▊       | 2430/8810 [00:00<00:02, 2642.64it/s]
 31%|███       | 2744/8810 [00:01<00:02, 2624.44it/s]
 34%|███▍      | 3021/8810 [00:01<00:02, 2660.63it/s]
 37%|███▋      | 3290/8810 [00:01<00:02, 2438.29it/s]
 40%|████      | 3538/8810 [00:01<00:02, 2349.39it/s]
 43%|████▎     | 3781/8810 [00:01<00:02, 2368.79it/s]
 47%|████▋     | 4108/8810 [00:01<00:01, 2614.12it/s]
 50%|████▉     | 4373/8810 [00:01<00:01, 2492.69it/s]
 53%|█████▎    | 4626/8810 [00:01<00:01, 2492.81it/s]
 56%|█████▌    | 4908/8810 [00:01<00:01, 2581.69it/s]
 59%|█████▊    | 5169/8810 [00:02<00:01, 2446.71it/s]
 61%|██████▏   | 5417/8810 [00:02<00:01, 2315.64it/s]
 65%|██████▌   | 5754/8810 [00:02<00:01, 2502.33it/s]
 68%|██████▊   | 6020/8810 [00:02<00:01, 2544.46it/s]
 71%|███████   | 6277/8810 [00:02<00:01, 2446.24it/s]
 74%|███████▍  | 6524/8810 [00:02<00:00, 2420.24it/s]
 78%|███████▊  | 6902/8810 [00:02<00:00, 2800.03it/s]
 82%|████████▏ | 7186/8810 [00:02<00:00, 2632.75it/s]
 85%|████████▍ | 7459/8810 [00:02<00:00, 2657.09it/s]
 88%|████████▊ | 7728/8810 [00:03<00:00, 2575.75it/s]
 91%|█████████ | 7998/8810 [00:03<00:00, 2608.54it/s]
 94%|█████████▍| 8261/8810 [00:03<00:00, 2485.76it/s]
 97%|█████████▋| 8512/8810 [00:03<00:00, 2310.34it/s]
 99%|█████████▉| 8747/8810 [00:03<00:00, 2222.30it/s]
100%|██████████| 8810/8810 [00:03<00:00, 2517.61it/s]
