
  0%|          | 0/8810 [00:00<?, ?it/s]
  4%|▍         | 362/8810 [00:00<00:02, 3616.72it/s]
  8%|▊         | 724/8810 [00:00<00:02, 3429.09it/s]
 12%|█▏        | 1075/8810 [00:00<00:02, 3457.27it/s]
 17%|█▋        | 1457/8810 [00:00<00:02, 3395.00it/s]
 21%|██        | 1821/8810 [00:00<00:02, 3377.09it/s]
 25%|██▌       | 2218/8810 [00:00<00:01, 3560.67it/s]
 29%|██▉       | 2576/8810 [00:00<00:01, 3489.99it/s]
 33%|███▎      | 2926/8810 [00:00<00:01, 3278.15it/s]
 37%|███▋      | 3257/8810 [00:00<00:01, 3094.15it/s]
 41%|████      | 3570/8810 [00:01<00:01, 3029.09it/s]
 44%|████▍     | 3876/8810 [00:01<00:01, 3036.57it/s]
 48%|████▊     | 4225/8810 [00:01<00:01, 3164.73it/s]
 52%|█████▏    | 4600/8810 [00:01<00:01, 3333.77it/s]
 56%|█████▌    | 4936/8810 [00:01<00:01, 2909.91it/s]
 60%|██████    | 5300/8810 [00:01<00:01, 3104.56it/s]
 64%|██████▍   | 5632/8810 [00:01<00:01, 3163.30it/s]
 68%|██████▊   | 5956/8810 [00:01<00:00, 3056.12it/s]
 71%|███████   | 6268/8810 [00:01<00:00, 2976.60it/s]
 75%|███████▍  | 6570/8810 [00:02<00:00, 2918.68it/s]
 79%|███████▉  | 6972/8810 [00:02<00:00, 3134.53it/s]
 83%|████████▎ | 7314/8810 [00:02<00:00, 3207.74it/s]
 87%|████████▋ | 7637/8810 [00:02<00:00, 3102.93it/s]
 90%|█████████ | 7949/8810 [00:02<00:00, 2869.19it/s]
 94%|█████████▎| 8240/8810 [00:02<00:00, 2749.19it/s]
 97%|█████████▋| 8518/8810 [00:02<00:00, 2728.31it/s]
100%|█████████▉| 8796/8810 [00:02<00:00, 2740.97it/s]
100%|██████████| 8810/8810 [00:02<00:00, 3081.81it/s]
