
  0%|          | 0/8810 [00:00<?, ?it/s]
  2%|▏         | 181/8810 [00:00<00:06, 1335.87it/s]
  5%|▍         | 425/8810 [00:00<00:04, 1898.31it/s]
  7%|▋         | 656/8810 [00:00<00:04, 1827.71it/s]
 10%|▉         | 863/8810 [00:00<00:04, 1905.17it/s]
 12%|█▏        | 1058/8810 [00:00<00:04, 1711.99it/s]
 14%|█▍        | 1255/8810 [00:00<00:04, 1786.66it/s]
 17%|█▋        | 1457/8810 [00:00<00:04, 1700.07it/s]
 19%|█▉        | 1653/8810 [00:00<00:04, 1769.28it/s]
 21%|██        | 1834/8810 [00:01<00:04, 1560.53it/s]
 23%|██▎       | 2057/8810 [00:01<00:03, 1735.92it/s]
 25%|██▌       | 2241/8810 [00:01<00:03, 1755.90it/s]
 27%|██▋       | 2422/8810 [00:01<00:04, 1556.17it/s]
 30%|██▉       | 2642/8810 [00:01<00:03, 1716.03it/s]
 32%|███▏      | 2821/8810 [00:01<00:03, 1532.90it/s]
 34%|███▍      | 3002/8810 [00:01<00:03, 1602.08it/s]
 36%|███▌      | 3169/8810 [00:01<00:03, 1413.99it/s]
 38%|███▊      | 3319/8810 [00:02<00:03, 1413.34it/s]
 39%|███▉      | 3466/8810 [00:02<00:04, 1322.00it/s]
 42%|████▏     | 3663/8810 [00:02<00:03, 1486.00it/s]
 43%|████▎     | 3818/8810 [00:02<00:03, 1397.95it/s]
 46%|████▌     | 4017/8810 [00:02<00:03, 1549.45it/s]
 47%|████▋     | 4180/8810 [00:02<00:03, 1454.84it/s]
 50%|████▉     | 4382/8810 [00:02<00:02, 1593.81it/s]
 52%|█████▏    | 4547/8810 [00:02<00:02, 1574.65it/s]
 53%|█████▎    | 4708/8810 [00:03<00:03, 1320.81it/s]
 55%|█████▌    | 4853/8810 [00:03<00:02, 1346.62it/s]
 57%|█████▋    | 4995/8810 [00:03<00:03, 1162.73it/s]
 58%|█████▊    | 5123/8810 [00:03<00:03, 1188.29it/s]
 60%|█████▉    | 5277/8810 [00:03<00:02, 1275.10it/s]
 61%|██████▏   | 5411/8810 [00:03<00:02, 1181.49it/s]
 63%|██████▎   | 5567/8810 [00:03<00:02, 1278.46it/s]
 65%|██████▌   | 5747/8810 [00:03<00:02, 1418.47it/s]
 67%|██████▋   | 5894/8810 [00:03<00:02, 1217.02it/s]
 68%|██████▊   | 6031/8810 [00:04<00:02, 1254.19it/s]
 70%|██████▉   | 6163/8810 [00:04<00:02, 1183.58it/s]
 72%|███████▏  | 6324/8810 [00:04<00:01, 1291.47it/s]
 73%|███████▎  | 6459/8810 [00:04<00:01, 1239.18it/s]
 75%|███████▌  | 6633/8810 [00:04<00:01, 1369.59it/s]
 77%|███████▋  | 6822/8810 [00:04<00:01, 1512.01it/s]
 79%|███████▉  | 6978/8810 [00:04<00:01, 1415.57it/s]
 81%|████████  | 7153/8810 [00:04<00:01, 1500.53it/s]
 83%|████████▎ | 7307/8810 [00:04<00:00, 1506.78it/s]
 85%|████████▍ | 7461/8810 [00:05<00:00, 1356.46it/s]
 86%|████████▋ | 7601/8810 [00:05<00:00, 1354.03it/s]
 88%|████████▊ | 7740/8810 [00:05<00:00, 1225.74it/s]
 89%|████████▉ | 7867/8810 [00:05<00:00, 1227.00it/s]
 91%|█████████ | 7998/8810 [00:05<00:00, 1244.89it/s]
 92%|█████████▏| 8125/8810 [00:05<00:00, 1112.34it/s]
 94%|█████████▍| 8286/8810 [00:05<00:00, 1240.86it/s]
 96%|█████████▌| 8415/8810 [00:05<00:00, 1135.35it/s]
 97%|█████████▋| 8578/8810 [00:06<00:00, 1262.52it/s]
 99%|█████████▉| 8710/8810 [00:06<00:00, 1195.17it/s]
100%|██████████| 8810/8810 [00:06<00:00, 1415.02it/s]
