
  0%|          | 0/8810 [00:00<?, ?it/s]
  2%|▏         | 181/8810 [00:00<00:04, 1764.20it/s]
  5%|▌         | 473/8810 [00:00<00:03, 2434.29it/s]
  8%|▊         | 718/8810 [00:00<00:03, 2110.60it/s]
 11%|█         | 934/8810 [00:00<00:04, 1937.55it/s]
 13%|█▎        | 1132/8810 [00:00<00:04, 1816.75it/s]
 15%|█▌        | 1345/8810 [00:00<00:03, 1904.02it/s]
 17%|█▋        | 1539/8810 [00:00<00:03, 1823.47it/s]
 20%|█▉        | 1756/8810 [00:00<00:03, 1921.26it/s]
 22%|██▏       | 1951/8810 [00:01<00:04, 1706.27it/s]
 25%|██▌       | 2203/8810 [00:01<00:03, 1921.47it/s]
 27%|██▋       | 2402/8810 [00:01<00:03, 1792.56it/s]
 30%|███       | 2668/8810 [00:01<00:03, 2020.35it/s]
 33%|███▎      | 2877/8810 [00:01<00:03, 1725.24it/s]
 35%|███▍      | 3061/8810 [00:01<00:03, 1553.63it/s]
 37%|███▋      | 3246/8810 [00:01<00:03, 1621.76it/s]
 39%|███▉      | 3417/8810 [00:01<00:03, 1586.15it/s]
 41%|████      | 3625/8810 [00:02<00:03, 1710.19it/s]
 43%|████▎     | 3802/8810 [00:02<00:03, 1641.80it/s]
 46%|████▌     | 4029/8810 [00:02<00:02, 1808.76it/s]
 48%|████▊     | 4215/8810 [00:02<00:02, 1781.72it/s]
 51%|█████     | 4450/8810 [00:02<00:02, 1939.16it/s]
 53%|█████▎    | 4648/8810 [00:02<00:02, 1780.83it/s]
 55%|█████▍    | 4840/8810 [00:02<00:02, 1816.48it/s]
 57%|█████▋    | 5026/8810 [00:02<00:02, 1677.65it/s]
 60%|█████▉    | 5244/8810 [00:02<00:01, 1811.38it/s]
 62%|██████▏   | 5430/8810 [00:03<00:02, 1650.65it/s]
 64%|██████▍   | 5673/8810 [00:03<00:01, 1848.74it/s]
 67%|██████▋   | 5865/8810 [00:03<00:01, 1768.16it/s]
 69%|██████▊   | 6047/8810 [00:03<00:01, 1650.89it/s]
 71%|███████   | 6227/8810 [00:03<00:01, 1688.37it/s]
 73%|███████▎  | 6400/8810 [00:03<00:01, 1523.40it/s]
 75%|███████▍  | 6590/8810 [00:03<00:01, 1617.22it/s]
 78%|███████▊  | 6850/8810 [00:03<00:01, 1881.03it/s]
 80%|███████▉  | 7045/8810 [00:03<00:00, 1776.78it/s]
 82%|████████▏ | 7228/8810 [00:04<00:00, 1783.65it/s]
 84%|████████▍ | 7411/8810 [00:04<00:00, 1738.88it/s]
 86%|████████▌ | 7588/8810 [00:04<00:00, 1682.78it/s]
 88%|████████▊ | 7759/8810 [00:04<00:00, 1605.93it/s]
 90%|█████████ | 7939/8810 [00:04<00:00, 1653.24it/s]
 92%|█████████▏| 8106/8810 [00:04<00:00, 1516.62it/s]
 94%|█████████▍| 8301/8810 [00:04<00:00, 1632.58it/s]
 96%|█████████▌| 8468/8810 [00:04<00:00, 1533.53it/s]
 99%|█████████▊| 8687/8810 [00:04<00:00, 1707.18it/s]
100%|██████████| 8810/8810 [00:05<00:00, 1736.23it/s]
