
  0%|          | 0/8810 [00:00<?, ?it/s]
  2%|▏         | 181/8810 [00:00<00:06, 1410.74it/s]
  4%|▍         | 362/8810 [00:00<00:05, 1611.90it/s]
  6%|▋         | 567/8810 [00:00<00:04, 1794.47it/s]
  9%|▊         | 749/8810 [00:00<00:05, 1502.92it/s]
 10%|█         | 907/8810 [00:00<00:05, 1523.95it/s]
 12%|█▏        | 1065/8810 [00:00<00:05, 1515.01it/s]
 14%|█▍        | 1259/8810 [00:00<00:04, 1640.39it/s]
 17%|█▋        | 1457/8810 [00:00<00:04, 1535.25it/s]
 19%|█▉        | 1660/8810 [00:01<00:04, 1668.39it/s]
 21%|██        | 1832/8810 [00:01<00:04, 1596.62it/s]
 23%|██▎       | 2020/8810 [00:01<00:04, 1673.54it/s]
 25%|██▌       | 2229/8810 [00:01<00:03, 1786.63it/s]
 27%|██▋       | 2411/8810 [00:01<00:03, 1646.58it/s]
 30%|███       | 2668/8810 [00:01<00:03, 1893.41it/s]
 32%|███▏      | 2863/8810 [00:01<00:03, 1744.36it/s]
 35%|███▍      | 3057/8810 [00:01<00:03, 1631.86it/s]
 37%|███▋      | 3246/8810 [00:01<00:03, 1695.53it/s]
 39%|███▉      | 3420/8810 [00:02<00:03, 1649.29it/s]
 41%|████      | 3633/8810 [00:02<00:02, 1776.24it/s]
 43%|████▎     | 3815/8810 [00:02<00:02, 1693.24it/s]
 46%|████▌     | 4028/8810 [00:02<00:02, 1811.78it/s]
 48%|████▊     | 4213/8810 [00:02<00:02, 1767.44it/s]
 50%|█████     | 4418/8810 [00:02<00:02, 1841.71it/s]
 52%|█████▏    | 4605/8810 [00:02<00:02, 1845.65it/s]
 54%|█████▍    | 4792/8810 [00:02<00:02, 1636.99it/s]
 56%|█████▋    | 4961/8810 [00:02<00:02, 1530.62it/s]
 59%|█████▊    | 5172/8810 [00:03<00:02, 1679.38it/s]
 61%|██████    | 5372/8810 [00:03<00:02, 1647.88it/s]
 63%|██████▎   | 5553/8810 [00:03<00:01, 1690.35it/s]
 65%|██████▌   | 5754/8810 [00:03<00:01, 1687.27it/s]
 67%|██████▋   | 5925/8810 [00:03<00:01, 1662.03it/s]
 69%|██████▉   | 6093/8810 [00:03<00:01, 1632.30it/s]
 72%|███████▏  | 6300/8810 [00:03<00:01, 1748.41it/s]
 74%|███████▎  | 6477/8810 [00:03<00:01, 1577.28it/s]
 77%|███████▋  | 6746/8810 [00:03<00:01, 1872.64it/s]
 79%|███████▉  | 6968/8810 [00:04<00:00, 1965.07it/s]
 81%|████████▏ | 7170/8810 [00:04<00:00, 1746.56it/s]
 84%|████████▎ | 7360/8810 [00:04<00:00, 1712.41it/s]
 86%|████████▌ | 7537/8810 [00:04<00:00, 1689.06it/s]
 88%|████████▊ | 7715/8810 [00:04<00:00, 1627.88it/s]
 89%|████████▉ | 7881/8810 [00:04<00:00, 1620.15it/s]
 91%|█████████▏| 8045/8810 [00:04<00:00, 1396.04it/s]
 93%|█████████▎| 8200/8810 [00:04<00:00, 1433.61it/s]
 95%|█████████▍| 8361/8810 [00:05<00:00, 1377.32it/s]
 97%|█████████▋| 8549/8810 [00:05<00:00, 1506.22it/s]
 99%|█████████▉| 8705/8810 [00:05<00:00, 1429.23it/s]
100%|██████████| 8810/8810 [00:05<00:00, 1648.82it/s]
