
  0%|          | 0/8810 [00:00<?, ?it/s]
  2%|▏         | 181/8810 [00:00<00:06, 1435.84it/s]
  4%|▍         | 368/8810 [00:00<00:05, 1662.65it/s]
  7%|▋         | 618/8810 [00:00<00:04, 2021.98it/s]
  9%|▉         | 824/8810 [00:00<00:04, 1855.24it/s]
 12%|█▏        | 1014/8810 [00:00<00:04, 1751.07it/s]
 14%|█▍        | 1265/8810 [00:00<00:03, 1983.95it/s]
 17%|█▋        | 1468/8810 [00:00<00:03, 1875.30it/s]
 19%|█▉        | 1716/8810 [00:00<00:03, 2044.21it/s]
 22%|██▏       | 1925/8810 [00:01<00:03, 1938.72it/s]
 25%|██▌       | 2222/8810 [00:01<00:02, 2229.23it/s]
 28%|██▊       | 2450/8810 [00:01<00:03, 2089.20it/s]
 31%|███       | 2744/8810 [00:01<00:02, 2127.54it/s]
 34%|███▎      | 2960/8810 [00:01<00:02, 2022.86it/s]
 36%|███▌      | 3165/8810 [00:01<00:03, 1814.78it/s]
 39%|███▊      | 3397/8810 [00:01<00:02, 1938.56it/s]
 41%|████      | 3596/8810 [00:01<00:02, 1920.07it/s]
 43%|████▎     | 3792/8810 [00:01<00:02, 1926.31it/s]
 46%|████▌     | 4017/8810 [00:02<00:02, 2015.47it/s]
 48%|████▊     | 4221/8810 [00:02<00:02, 1988.91it/s]
 51%|█████     | 4472/8810 [00:02<00:02, 2130.68it/s]
 53%|█████▎    | 4687/8810 [00:02<00:02, 1861.37it/s]
 56%|█████▌    | 4901/8810 [00:02<00:02, 1934.30it/s]
 58%|█████▊    | 5101/8810 [00:02<00:02, 1833.95it/s]
 61%|██████    | 5337/8810 [00:02<00:01, 1973.35it/s]
 63%|██████▎   | 5540/8810 [00:02<00:01, 1918.42it/s]
 65%|██████▌   | 5754/8810 [00:02<00:01, 1925.23it/s]
 68%|██████▊   | 5960/8810 [00:03<00:01, 1962.61it/s]
 70%|██████▉   | 6159/8810 [00:03<00:01, 1916.00it/s]
 73%|███████▎  | 6400/8810 [00:03<00:01, 1969.67it/s]
 76%|███████▌  | 6672/8810 [00:03<00:00, 2178.94it/s]
 79%|███████▉  | 6972/8810 [00:03<00:00, 2282.91it/s]
 82%|████████▏ | 7220/8810 [00:03<00:00, 2337.59it/s]
 85%|████████▍ | 7455/8810 [00:03<00:00, 2229.24it/s]
 87%|████████▋ | 7707/8810 [00:03<00:00, 2308.95it/s]
 90%|█████████ | 7940/8810 [00:03<00:00, 2145.44it/s]
 93%|█████████▎| 8158/8810 [00:04<00:00, 1981.16it/s]
 95%|█████████▍| 8361/8810 [00:04<00:00, 1925.77it/s]
 98%|█████████▊| 8605/8810 [00:04<00:00, 2057.15it/s]
100%|██████████| 8810/8810 [00:04<00:00, 2000.51it/s]
