
  0%|          | 0/8810 [00:00<?, ?it/s]
  3%|▎         | 252/8810 [00:00<00:03, 2513.60it/s]
  7%|▋         | 611/8810 [00:00<00:02, 3144.36it/s]
 11%|█         | 926/8810 [00:00<00:02, 2872.30it/s]
 14%|█▍        | 1216/8810 [00:00<00:02, 2847.84it/s]
 17%|█▋        | 1503/8810 [00:00<00:02, 2660.93it/s]
 21%|██        | 1821/8810 [00:00<00:02, 2635.30it/s]
 25%|██▍       | 2174/8810 [00:00<00:02, 2895.65it/s]
 28%|██▊       | 2468/8810 [00:00<00:02, 2717.57it/s]
 31%|███       | 2744/8810 [00:00<00:02, 2719.26it/s]
 35%|███▍      | 3057/8810 [00:01<00:02, 2675.88it/s]
 38%|███▊      | 3381/8810 [00:01<00:01, 2831.60it/s]
 42%|████▏     | 3668/8810 [00:01<00:01, 2578.05it/s]
 45%|████▍     | 3932/8810 [00:01<00:02, 2248.61it/s]
 47%|████▋     | 4180/8810 [00:01<00:02, 2154.89it/s]
 52%|█████▏    | 4541/8810 [00:01<00:01, 2515.48it/s]
 55%|█████▍    | 4805/8810 [00:01<00:01, 2368.06it/s]
 57%|█████▋    | 5051/8810 [00:02<00:01, 2175.47it/s]
 61%|██████    | 5372/8810 [00:02<00:01, 2325.13it/s]
 65%|██████▍   | 5726/8810 [00:02<00:01, 2635.44it/s]
 68%|██████▊   | 6000/8810 [00:02<00:01, 2445.89it/s]
 71%|███████   | 6255/8810 [00:02<00:01, 2471.69it/s]
 74%|███████▍  | 6509/8810 [00:02<00:00, 2344.23it/s]
 78%|███████▊  | 6894/8810 [00:02<00:00, 2745.01it/s]
 81%|████████▏ | 7177/8810 [00:02<00:00, 2542.49it/s]
 84%|████████▍ | 7440/8810 [00:02<00:00, 2558.93it/s]
 87%|████████▋ | 7702/8810 [00:03<00:00, 2481.78it/s]
 90%|█████████ | 7955/8810 [00:03<00:00, 2135.90it/s]
 93%|█████████▎| 8179/8810 [00:03<00:00, 1934.18it/s]
 95%|█████████▌| 8382/8810 [00:03<00:00, 1883.05it/s]
 98%|█████████▊| 8644/8810 [00:03<00:00, 2060.64it/s]
100%|██████████| 8810/8810 [00:03<00:00, 2422.83it/s]
