
  0%|          | 0/8810 [00:00<?, ?it/s]
  2%|▏         | 181/8810 [00:00<00:05, 1583.39it/s]
  5%|▍         | 427/8810 [00:00<00:04, 2062.30it/s]
  7%|▋         | 656/8810 [00:00<00:04, 1916.71it/s]
 10%|▉         | 856/8810 [00:00<00:04, 1941.54it/s]
 12%|█▏        | 1053/8810 [00:00<00:04, 1791.96it/s]
 15%|█▍        | 1299/8810 [00:00<00:03, 1990.95it/s]
 17%|█▋        | 1502/8810 [00:00<00:04, 1806.83it/s]
 20%|█▉        | 1743/8810 [00:00<00:03, 1975.38it/s]
 22%|██▏       | 1946/8810 [00:01<00:03, 1840.34it/s]
 25%|██▌       | 2219/8810 [00:01<00:03, 2076.34it/s]
 28%|██▊       | 2433/8810 [00:01<00:03, 1999.72it/s]
 31%|███       | 2694/8810 [00:01<00:02, 2167.43it/s]
 33%|███▎      | 2916/8810 [00:01<00:02, 2008.14it/s]
 35%|███▌      | 3122/8810 [00:01<00:02, 1903.96it/s]
 38%|███▊      | 3362/8810 [00:01<00:02, 2032.69it/s]
 41%|████      | 3570/8810 [00:01<00:02, 1868.58it/s]
 43%|████▎     | 3774/8810 [00:01<00:02, 1853.17it/s]
 46%|████▌     | 4017/8810 [00:02<00:02, 2005.15it/s]
 48%|████▊     | 4222/8810 [00:02<00:02, 1939.44it/s]
 51%|█████     | 4471/8810 [00:02<00:02, 2089.22it/s]
 53%|█████▎    | 4684/8810 [00:02<00:02, 1858.39it/s]
 56%|█████▌    | 4893/8810 [00:02<00:02, 1917.93it/s]
 58%|█████▊    | 5091/8810 [00:02<00:02, 1749.04it/s]
 60%|██████    | 5316/8810 [00:02<00:01, 1875.30it/s]
 63%|██████▎   | 5510/8810 [00:02<00:01, 1740.27it/s]
 65%|██████▌   | 5754/8810 [00:03<00:01, 1758.84it/s]
 67%|██████▋   | 5934/8810 [00:03<00:01, 1731.85it/s]
 69%|██████▉   | 6110/8810 [00:03<00:01, 1691.41it/s]
 72%|███████▏  | 6316/8810 [00:03<00:01, 1788.66it/s]
 74%|███████▎  | 6497/8810 [00:03<00:01, 1661.58it/s]
 77%|███████▋  | 6781/8810 [00:03<00:01, 1976.13it/s]
 79%|███████▉  | 6985/8810 [00:03<00:00, 1896.61it/s]
 82%|████████▏ | 7187/8810 [00:03<00:00, 1929.08it/s]
 84%|████████▍ | 7384/8810 [00:03<00:00, 1844.01it/s]
 86%|████████▌ | 7572/8810 [00:04<00:00, 1849.84it/s]
 88%|████████▊ | 7759/8810 [00:04<00:00, 1796.81it/s]
 90%|█████████ | 7949/8810 [00:04<00:00, 1825.02it/s]
 92%|█████████▏| 8133/8810 [00:04<00:00, 1625.46it/s]
 95%|█████████▍| 8352/8810 [00:04<00:00, 1775.30it/s]
 97%|█████████▋| 8535/8810 [00:04<00:00, 1641.20it/s]
 99%|█████████▉| 8705/8810 [00:04<00:00, 1509.74it/s]
100%|██████████| 8810/8810 [00:04<00:00, 1843.53it/s]
