
  0%|          | 0/8810 [00:00<?, ?it/s]
  2%|▏         | 181/8810 [00:00<00:06, 1421.84it/s]
  5%|▍         | 418/8810 [00:00<00:04, 1920.15it/s]
  7%|▋         | 656/8810 [00:00<00:04, 1794.33it/s]
 10%|▉         | 856/8810 [00:00<00:04, 1863.53it/s]
 12%|█▏        | 1047/8810 [00:00<00:04, 1682.15it/s]
 14%|█▍        | 1255/8810 [00:00<00:04, 1794.79it/s]
 17%|█▋        | 1457/8810 [00:00<00:04, 1682.27it/s]
 19%|█▉        | 1660/8810 [00:00<00:04, 1773.35it/s]
 21%|██        | 1842/8810 [00:01<00:04, 1671.20it/s]
 23%|██▎       | 2057/8810 [00:01<00:03, 1802.27it/s]
 26%|██▌       | 2263/8810 [00:01<00:03, 1672.28it/s]
 28%|██▊       | 2457/8810 [00:01<00:03, 1741.27it/s]
 30%|███       | 2659/8810 [00:01<00:03, 1811.71it/s]
 32%|███▏      | 2844/8810 [00:01<00:03, 1683.08it/s]
 35%|███▍      | 3052/8810 [00:01<00:03, 1787.28it/s]
 37%|███▋      | 3235/8810 [00:01<00:03, 1611.39it/s]
 39%|███▊      | 3410/8810 [00:02<00:03, 1490.56it/s]
 41%|████      | 3615/8810 [00:02<00:03, 1628.67it/s]
 43%|████▎     | 3784/8810 [00:02<00:03, 1540.77it/s]
 45%|████▍     | 3951/8810 [00:02<00:03, 1573.60it/s]
 47%|████▋     | 4154/8810 [00:02<00:02, 1691.71it/s]
 49%|████▉     | 4327/8810 [00:02<00:02, 1551.87it/s]
 51%|█████▏    | 4520/8810 [00:02<00:02, 1652.08it/s]
 53%|█████▎    | 4690/8810 [00:02<00:02, 1444.43it/s]
 55%|█████▌    | 4872/8810 [00:02<00:02, 1539.85it/s]
 57%|█████▋    | 5033/8810 [00:03<00:02, 1400.55it/s]
 59%|█████▉    | 5207/8810 [00:03<00:02, 1485.84it/s]
 61%|██████    | 5372/8810 [00:03<00:02, 1409.60it/s]
 63%|██████▎   | 5546/8810 [00:03<00:02, 1492.37it/s]
 65%|██████▌   | 5746/8810 [00:03<00:01, 1624.04it/s]
 67%|██████▋   | 5913/8810 [00:03<00:02, 1322.00it/s]
 69%|██████▉   | 6057/8810 [00:03<00:02, 1283.08it/s]
 71%|███████   | 6224/8810 [00:03<00:01, 1375.81it/s]
 73%|███████▎  | 6400/8810 [00:04<00:01, 1359.34it/s]
 74%|███████▍  | 6549/8810 [00:04<00:01, 1392.50it/s]
 77%|███████▋  | 6763/8810 [00:04<00:01, 1586.05it/s]
 79%|███████▊  | 6927/8810 [00:04<00:01, 1509.17it/s]
 80%|████████  | 7082/8810 [00:04<00:01, 924.71it/s] 
 82%|████████▏ | 7205/8810 [00:04<00:02, 798.92it/s]
 83%|████████▎ | 7308/8810 [00:05<00:01, 756.93it/s]
 84%|████████▍ | 7399/8810 [00:05<00:02, 670.16it/s]
 85%|████████▍ | 7477/8810 [00:05<00:02, 579.70it/s]
 86%|████████▌ | 7544/8810 [00:05<00:02, 545.38it/s]
 87%|████████▋ | 7646/8810 [00:05<00:01, 628.89it/s]
 88%|████████▊ | 7717/8810 [00:06<00:02, 489.81it/s]
 88%|████████▊ | 7780/8810 [00:06<00:01, 515.69it/s]
 89%|████████▉ | 7840/8810 [00:06<00:02, 433.90it/s]
 90%|████████▉ | 7891/8810 [00:06<00:02, 406.05it/s]
 90%|█████████ | 7944/8810 [00:06<00:02, 427.38it/s]
 91%|█████████ | 8004/8810 [00:06<00:01, 461.33it/s]
 91%|█████████▏| 8054/8810 [00:06<00:02, 320.65it/s]
 92%|█████████▏| 8095/8810 [00:07<00:02, 329.94it/s]
 93%|█████████▎| 8158/8810 [00:07<00:01, 392.67it/s]
 93%|█████████▎| 8205/8810 [00:07<00:01, 406.17it/s]
 94%|█████████▎| 8259/8810 [00:07<00:01, 433.32it/s]
 94%|█████████▍| 8318/8810 [00:07<00:01, 459.26it/s]
 95%|█████████▍| 8367/8810 [00:07<00:01, 371.78it/s]
 95%|█████████▌| 8409/8810 [00:07<00:01, 374.53it/s]
 96%|█████████▌| 8474/8810 [00:07<00:00, 440.39it/s]
 97%|█████████▋| 8522/8810 [00:08<00:00, 446.31it/s]
 98%|█████████▊| 8591/8810 [00:08<00:00, 510.48it/s]
 98%|█████████▊| 8645/8810 [00:08<00:00, 408.53it/s]
 99%|█████████▊| 8696/8810 [00:08<00:00, 431.67it/s]
 99%|█████████▉| 8744/8810 [00:08<00:00, 287.29it/s]
100%|█████████▉| 8782/8810 [00:08<00:00, 299.46it/s]
100%|██████████| 8810/8810 [00:08<00:00, 993.16it/s]
