
  0%|          | 0/8810 [00:00<?, ?it/s]
  2%|▏         | 181/8810 [00:00<00:06, 1380.59it/s]
  5%|▍         | 411/8810 [00:00<00:04, 1854.25it/s]
  7%|▋         | 653/8810 [00:00<00:03, 2093.93it/s]
 10%|▉         | 868/8810 [00:00<00:04, 1798.10it/s]
 12%|█▏        | 1056/8810 [00:00<00:04, 1658.01it/s]
 15%|█▍        | 1279/8810 [00:00<00:04, 1819.57it/s]
 17%|█▋        | 1468/8810 [00:00<00:04, 1708.05it/s]
 19%|█▉        | 1670/8810 [00:00<00:03, 1790.03it/s]
 21%|██        | 1854/8810 [00:01<00:04, 1694.37it/s]
 24%|██▍       | 2119/8810 [00:01<00:03, 1956.04it/s]
 26%|██▋       | 2320/8810 [00:01<00:03, 1801.92it/s]
 29%|██▉       | 2555/8810 [00:01<00:03, 1946.39it/s]
 31%|███▏      | 2756/8810 [00:01<00:03, 1725.92it/s]
 34%|███▎      | 2971/8810 [00:01<00:03, 1828.67it/s]
 36%|███▌      | 3161/8810 [00:01<00:03, 1731.97it/s]
 38%|███▊      | 3363/8810 [00:01<00:03, 1806.94it/s]
 40%|████      | 3549/8810 [00:02<00:03, 1675.39it/s]
 43%|████▎     | 3774/8810 [00:02<00:03, 1675.96it/s]
 45%|████▌     | 3978/8810 [00:02<00:02, 1768.16it/s]
 47%|████▋     | 4180/8810 [00:02<00:02, 1774.53it/s]
 50%|█████     | 4408/8810 [00:02<00:02, 1910.01it/s]
 52%|█████▏    | 4603/8810 [00:02<00:02, 1850.93it/s]
 54%|█████▍    | 4791/8810 [00:02<00:02, 1579.94it/s]
 56%|█████▋    | 4957/8810 [00:02<00:02, 1421.20it/s]
 58%|█████▊    | 5153/8810 [00:02<00:02, 1547.45it/s]
 61%|██████    | 5348/8810 [00:03<00:02, 1648.79it/s]
 63%|██████▎   | 5521/8810 [00:03<00:02, 1576.50it/s]
 65%|██████▌   | 5746/8810 [00:03<00:01, 1753.57it/s]
 67%|██████▋   | 5928/8810 [00:03<00:01, 1488.58it/s]
 69%|██████▉   | 6088/8810 [00:03<00:01, 1479.03it/s]
 71%|███████▏  | 6290/8810 [00:03<00:01, 1617.93it/s]
 73%|███████▎  | 6460/8810 [00:03<00:01, 1546.38it/s]
 76%|███████▌  | 6662/8810 [00:03<00:01, 1669.39it/s]
 78%|███████▊  | 6897/8810 [00:04<00:01, 1851.12it/s]
 80%|████████  | 7088/8810 [00:04<00:01, 1636.90it/s]
 82%|████████▏ | 7260/8810 [00:04<00:00, 1631.96it/s]
 84%|████████▍ | 7429/8810 [00:04<00:00, 1588.04it/s]
 86%|████████▌ | 7592/8810 [00:04<00:00, 1538.88it/s]
 88%|████████▊ | 7749/8810 [00:04<00:00, 1425.54it/s]
 90%|████████▉ | 7919/8810 [00:04<00:00, 1496.01it/s]
 92%|█████████▏| 8072/8810 [00:04<00:00, 1292.55it/s]
 93%|█████████▎| 8208/8810 [00:04<00:00, 1303.09it/s]
 95%|█████████▍| 8361/8810 [00:05<00:00, 1290.81it/s]
 97%|█████████▋| 8541/8810 [00:05<00:00, 1421.39it/s]
 99%|█████████▉| 8700/8810 [00:05<00:00, 1465.15it/s]
100%|██████████| 8810/8810 [00:05<00:00, 1628.20it/s]
