
  0%|          | 0/8810 [00:00<?, ?it/s]
  2%|▏         | 188/8810 [00:00<00:04, 1878.06it/s]
  5%|▍         | 433/8810 [00:00<00:03, 2199.66it/s]
  7%|▋         | 656/8810 [00:00<00:03, 2177.19it/s]
 11%|█         | 932/8810 [00:00<00:03, 2402.65it/s]
 13%|█▎        | 1173/8810 [00:00<00:03, 2301.32it/s]
 16%|█▌        | 1410/8810 [00:00<00:03, 2321.36it/s]
 19%|█▊        | 1643/8810 [00:00<00:03, 2212.02it/s]
 21%|██        | 1866/8810 [00:00<00:03, 2085.10it/s]
 25%|██▌       | 2217/8810 [00:00<00:02, 2493.24it/s]
 28%|██▊       | 2471/8810 [00:01<00:02, 2167.20it/s]
 31%|███       | 2744/8810 [00:01<00:02, 2166.44it/s]
 34%|███▎      | 2968/8810 [00:01<00:02, 2184.64it/s]
 36%|███▌      | 3192/8810 [00:01<00:02, 2165.67it/s]
 39%|███▊      | 3412/8810 [00:01<00:02, 2135.36it/s]
 42%|████▏     | 3705/8810 [00:01<00:02, 2356.70it/s]
 45%|████▍     | 3944/8810 [00:01<00:02, 2238.34it/s]
 48%|████▊     | 4222/8810 [00:01<00:01, 2388.45it/s]
 52%|█████▏    | 4563/8810 [00:01<00:01, 2674.67it/s]
 55%|█████▍    | 4835/8810 [00:02<00:01, 2508.77it/s]
 58%|█████▊    | 5091/8810 [00:02<00:01, 2162.14it/s]
 60%|██████    | 5321/8810 [00:02<00:01, 2194.20it/s]
 63%|██████▎   | 5549/8810 [00:02<00:01, 2143.99it/s]
 65%|██████▌   | 5769/8810 [00:02<00:01, 2090.30it/s]
 68%|██████▊   | 5982/8810 [00:02<00:01, 2057.32it/s]
 70%|███████   | 6191/8810 [00:02<00:01, 2046.60it/s]
 73%|███████▎  | 6400/8810 [00:02<00:01, 2046.98it/s]
 75%|███████▌  | 6621/8810 [00:02<00:01, 2090.99it/s]
 79%|███████▉  | 6969/8810 [00:03<00:00, 2487.40it/s]
 82%|████████▏ | 7220/8810 [00:03<00:00, 2241.01it/s]
 85%|████████▍ | 7462/8810 [00:03<00:00, 2289.35it/s]
 88%|████████▊ | 7715/8810 [00:03<00:00, 2202.57it/s]
 90%|█████████ | 7940/8810 [00:03<00:00, 2215.07it/s]
 93%|█████████▎| 8165/8810 [00:03<00:00, 1991.63it/s]
 95%|█████████▌| 8370/8810 [00:03<00:00, 1892.51it/s]
 98%|█████████▊| 8613/8810 [00:03<00:00, 2028.92it/s]
100%|██████████| 8810/8810 [00:04<00:00, 2170.14it/s]
