
  0%|          | 0/8810 [00:00<?, ?it/s]
  4%|▍         | 344/8810 [00:00<00:02, 3436.95it/s]
  8%|▊         | 693/8810 [00:00<00:02, 3465.72it/s]
 12%|█▏        | 1040/8810 [00:00<00:02, 3220.85it/s]
 16%|█▋        | 1432/8810 [00:00<00:02, 3482.62it/s]
 20%|██        | 1783/8810 [00:00<00:02, 3372.27it/s]
 24%|██▍       | 2123/8810 [00:00<00:02, 3320.31it/s]
 28%|██▊       | 2457/8810 [00:00<00:01, 3257.32it/s]
 32%|███▏      | 2784/8810 [00:00<00:01, 3228.81it/s]
 35%|███▌      | 3108/8810 [00:00<00:01, 3225.91it/s]
 39%|███▉      | 3431/8810 [00:01<00:01, 3149.32it/s]
 43%|████▎     | 3775/8810 [00:01<00:01, 3231.98it/s]
 47%|████▋     | 4180/8810 [00:01<00:01, 3292.86it/s]
 52%|█████▏    | 4582/8810 [00:01<00:01, 3496.98it/s]
 56%|█████▌    | 4933/8810 [00:01<00:01, 3122.21it/s]
 60%|██████    | 5308/8810 [00:01<00:01, 3289.61it/s]
 64%|██████▍   | 5645/8810 [00:01<00:00, 3243.38it/s]
 68%|██████▊   | 5975/8810 [00:01<00:00, 2981.77it/s]
 71%|███████▏  | 6280/8810 [00:01<00:00, 2996.03it/s]
 75%|███████▍  | 6585/8810 [00:02<00:00, 2983.14it/s]
 79%|███████▉  | 6972/8810 [00:02<00:00, 3205.34it/s]
 83%|████████▎ | 7342/8810 [00:02<00:00, 3346.04it/s]
 87%|████████▋ | 7680/8810 [00:02<00:00, 3246.46it/s]
 91%|█████████ | 8008/8810 [00:02<00:00, 3123.59it/s]
 94%|█████████▍| 8323/8810 [00:02<00:00, 3041.41it/s]
 98%|█████████▊| 8629/8810 [00:02<00:00, 3034.60it/s]
100%|██████████| 8810/8810 [00:02<00:00, 3182.37it/s]
