
  0%|          | 0/8810 [00:00<?, ?it/s]
  2%|▏         | 181/8810 [00:00<00:04, 1808.53it/s]
  6%|▌         | 487/8810 [00:00<00:03, 2541.48it/s]
  8%|▊         | 742/8810 [00:00<00:03, 2249.89it/s]
 11%|█▏        | 993/8810 [00:00<00:03, 2342.62it/s]
 14%|█▍        | 1232/8810 [00:00<00:03, 2356.19it/s]
 17%|█▋        | 1470/8810 [00:00<00:03, 2262.48it/s]
 21%|██        | 1821/8810 [00:00<00:02, 2438.15it/s]
 24%|██▎       | 2089/8810 [00:00<00:02, 2500.06it/s]
 27%|██▋       | 2340/8810 [00:00<00:02, 2431.45it/s]
 31%|███       | 2734/8810 [00:01<00:02, 2865.86it/s]
 34%|███▍      | 3024/8810 [00:01<00:02, 2792.59it/s]
 38%|███▊      | 3306/8810 [00:01<00:01, 2791.71it/s]
 41%|████      | 3587/8810 [00:01<00:01, 2791.47it/s]
 44%|████▍     | 3868/8810 [00:01<00:01, 2786.69it/s]
 48%|████▊     | 4187/8810 [00:01<00:01, 2903.34it/s]
 52%|█████▏    | 4567/8810 [00:01<00:01, 3161.25it/s]
 55%|█████▌    | 4884/8810 [00:01<00:01, 2941.17it/s]
 59%|█████▉    | 5182/8810 [00:01<00:01, 2823.25it/s]
 62%|██████▏   | 5468/8810 [00:02<00:01, 2809.99it/s]
 66%|██████▌   | 5772/8810 [00:02<00:01, 2871.18it/s]
 69%|██████▉   | 6061/8810 [00:02<00:01, 2716.70it/s]
 73%|███████▎  | 6397/8810 [00:02<00:00, 2891.21it/s]
 76%|███████▋  | 6724/8810 [00:02<00:00, 2995.69it/s]
 80%|███████▉  | 7027/8810 [00:02<00:00, 2979.80it/s]
 84%|████████▎ | 7360/8810 [00:02<00:00, 2934.51it/s]
 87%|████████▋ | 7700/8810 [00:02<00:00, 3064.83it/s]
 91%|█████████ | 8009/8810 [00:02<00:00, 2860.36it/s]
 94%|█████████▍| 8299/8810 [00:03<00:00, 2794.03it/s]
 97%|█████████▋| 8581/8810 [00:03<00:00, 2763.25it/s]
100%|██████████| 8810/8810 [00:03<00:00, 2739.00it/s]
