
  0%|          | 0/8810 [00:00<?, ?it/s]
  2%|▏         | 181/8810 [00:00<00:04, 1789.27it/s]
  5%|▌         | 464/8810 [00:00<00:03, 2394.76it/s]
  8%|▊         | 704/8810 [00:00<00:03, 2166.85it/s]
 10%|█         | 924/8810 [00:00<00:03, 2160.90it/s]
 13%|█▎        | 1142/8810 [00:00<00:03, 2029.74it/s]
 15%|█▌        | 1363/8810 [00:00<00:03, 2083.67it/s]
 18%|█▊        | 1573/8810 [00:00<00:03, 1859.14it/s]
 21%|██        | 1811/8810 [00:00<00:03, 2003.72it/s]
 23%|██▎       | 2017/8810 [00:01<00:03, 1798.73it/s]
 25%|██▌       | 2240/8810 [00:01<00:03, 1909.81it/s]
 28%|██▊       | 2437/8810 [00:01<00:03, 1867.45it/s]
 31%|███       | 2715/8810 [00:01<00:02, 2118.88it/s]
 33%|███▎      | 2933/8810 [00:01<00:03, 1872.00it/s]
 36%|███▌      | 3129/8810 [00:01<00:03, 1778.40it/s]
 38%|███▊      | 3322/8810 [00:01<00:03, 1813.94it/s]
 40%|███▉      | 3509/8810 [00:01<00:02, 1778.26it/s]
 42%|████▏     | 3729/8810 [00:01<00:02, 1890.00it/s]
 45%|████▍     | 3922/8810 [00:02<00:02, 1760.66it/s]
 47%|████▋     | 4180/8810 [00:02<00:02, 1877.51it/s]
 50%|█████     | 4422/8810 [00:02<00:02, 2020.43it/s]
 53%|█████▎    | 4628/8810 [00:02<00:02, 1782.64it/s]
 55%|█████▍    | 4813/8810 [00:02<00:02, 1698.92it/s]
 57%|█████▋    | 4988/8810 [00:02<00:02, 1619.92it/s]
 59%|█████▉    | 5209/8810 [00:02<00:02, 1770.29it/s]
 61%|██████    | 5391/8810 [00:02<00:01, 1722.58it/s]
 64%|██████▍   | 5625/8810 [00:02<00:01, 1880.62it/s]
 66%|██████▌   | 5817/8810 [00:03<00:01, 1820.62it/s]
 68%|██████▊   | 6004/8810 [00:03<00:01, 1833.49it/s]
 70%|███████   | 6190/8810 [00:03<00:01, 1814.79it/s]
 73%|███████▎  | 6400/8810 [00:03<00:01, 1829.83it/s]
 75%|███████▌  | 6616/8810 [00:03<00:01, 1921.39it/s]
 79%|███████▉  | 6947/8810 [00:03<00:00, 2318.82it/s]
 82%|████████▏ | 7182/8810 [00:03<00:00, 2000.64it/s]
 84%|████████▍ | 7392/8810 [00:03<00:00, 1941.57it/s]
 86%|████████▌ | 7597/8810 [00:03<00:00, 1967.41it/s]
 89%|████████▊ | 7799/8810 [00:04<00:00, 1885.03it/s]
 91%|█████████ | 8035/8810 [00:04<00:00, 2008.78it/s]
 94%|█████████▎| 8240/8810 [00:04<00:00, 1891.50it/s]
 96%|█████████▌| 8433/8810 [00:04<00:00, 1844.76it/s]
 99%|█████████▊| 8692/8810 [00:04<00:00, 2044.36it/s]
100%|██████████| 8810/8810 [00:04<00:00, 1899.90it/s]
