
  0%|          | 0/8810 [00:00<?, ?it/s]
  2%|▏         | 178/8810 [00:00<00:04, 1776.29it/s]
  4%|▍         | 356/8810 [00:00<00:05, 1589.87it/s]
  7%|▋         | 574/8810 [00:00<00:04, 1837.65it/s]
  9%|▊         | 760/8810 [00:00<00:05, 1578.18it/s]
 11%|█         | 954/8810 [00:00<00:04, 1685.68it/s]
 13%|█▎        | 1128/8810 [00:00<00:05, 1526.62it/s]
 15%|█▍        | 1316/8810 [00:00<00:04, 1624.42it/s]
 17%|█▋        | 1484/8810 [00:00<00:04, 1517.27it/s]
 19%|█▉        | 1691/8810 [00:01<00:04, 1669.48it/s]
 21%|██        | 1863/8810 [00:01<00:04, 1511.34it/s]
 24%|██▍       | 2119/8810 [00:01<00:03, 1789.55it/s]
 26%|██▌       | 2306/8810 [00:01<00:03, 1656.16it/s]
 29%|██▉       | 2533/8810 [00:01<00:03, 1813.26it/s]
 31%|███       | 2744/8810 [00:01<00:03, 1763.55it/s]
 33%|███▎      | 2926/8810 [00:01<00:03, 1759.24it/s]
 35%|███▌      | 3106/8810 [00:01<00:03, 1639.59it/s]
 37%|███▋      | 3274/8810 [00:01<00:03, 1642.41it/s]
 39%|███▉      | 3441/8810 [00:02<00:03, 1528.44it/s]
 41%|████▏     | 3654/8810 [00:02<00:03, 1683.28it/s]
 43%|████▎     | 3827/8810 [00:02<00:03, 1655.96it/s]
 46%|████▌     | 4065/8810 [00:02<00:02, 1853.12it/s]
 48%|████▊     | 4254/8810 [00:02<00:02, 1749.27it/s]
 51%|█████     | 4486/8810 [00:02<00:02, 1897.39it/s]
 53%|█████▎    | 4680/8810 [00:02<00:02, 1699.33it/s]
 55%|█████▌    | 4856/8810 [00:02<00:02, 1686.47it/s]
 57%|█████▋    | 5029/8810 [00:03<00:02, 1563.32it/s]
 59%|█████▉    | 5208/8810 [00:03<00:02, 1620.48it/s]
 61%|██████    | 5374/8810 [00:03<00:02, 1549.79it/s]
 63%|██████▎   | 5566/8810 [00:03<00:01, 1647.95it/s]
 65%|██████▌   | 5754/8810 [00:03<00:01, 1623.51it/s]
 67%|██████▋   | 5919/8810 [00:03<00:01, 1579.34it/s]
 69%|██████▉   | 6079/8810 [00:03<00:01, 1502.62it/s]
 71%|███████▏  | 6278/8810 [00:03<00:01, 1631.01it/s]
 73%|███████▎  | 6444/8810 [00:03<00:01, 1442.96it/s]
 75%|███████▌  | 6620/8810 [00:04<00:01, 1524.43it/s]
 78%|███████▊  | 6833/8810 [00:04<00:01, 1684.79it/s]
 80%|███████▉  | 7007/8810 [00:04<00:01, 1615.69it/s]
 81%|████████▏ | 7173/8810 [00:04<00:01, 1588.13it/s]
 84%|████████▎ | 7360/8810 [00:04<00:00, 1536.81it/s]
 85%|████████▌ | 7516/8810 [00:04<00:00, 1537.70it/s]
 88%|████████▊ | 7715/8810 [00:04<00:00, 1502.97it/s]
 90%|████████▉ | 7894/8810 [00:04<00:00, 1574.42it/s]
 91%|█████████▏| 8054/8810 [00:04<00:00, 1446.55it/s]
 93%|█████████▎| 8220/8810 [00:05<00:00, 1499.39it/s]
 95%|█████████▌| 8373/8810 [00:05<00:00, 1435.75it/s]
 97%|█████████▋| 8579/8810 [00:05<00:00, 1603.61it/s]
 99%|█████████▉| 8743/8810 [00:05<00:00, 1524.82it/s]
100%|██████████| 8810/8810 [00:05<00:00, 1620.37it/s]
