
  0%|          | 0/8810 [00:00<?, ?it/s]
  2%|▏         | 181/8810 [00:00<00:04, 1737.55it/s]
  6%|▌         | 485/8810 [00:00<00:03, 2479.89it/s]
  8%|▊         | 735/8810 [00:00<00:03, 2239.38it/s]
 11%|█         | 962/8810 [00:00<00:04, 1908.14it/s]
 13%|█▎        | 1160/8810 [00:00<00:03, 1928.14it/s]
 16%|█▌        | 1416/8810 [00:00<00:03, 2120.10it/s]
 19%|█▊        | 1634/8810 [00:00<00:03, 2021.47it/s]
 21%|██        | 1841/8810 [00:00<00:03, 1950.12it/s]
 24%|██▍       | 2156/8810 [00:01<00:02, 2288.78it/s]
 27%|██▋       | 2390/8810 [00:01<00:03, 1942.36it/s]
 31%|███       | 2690/8810 [00:01<00:02, 2215.15it/s]
 33%|███▎      | 2925/8810 [00:01<00:02, 2169.62it/s]
 36%|███▌      | 3151/8810 [00:01<00:02, 2113.00it/s]
 39%|███▊      | 3408/8810 [00:01<00:02, 2233.02it/s]
 41%|████▏     | 3637/8810 [00:01<00:02, 2164.89it/s]
 44%|████▍     | 3858/8810 [00:01<00:02, 2092.35it/s]
 47%|████▋     | 4180/8810 [00:01<00:02, 2231.66it/s]
 51%|█████     | 4471/8810 [00:02<00:01, 2409.83it/s]
 54%|█████▎    | 4715/8810 [00:02<00:01, 2235.40it/s]
 56%|█████▌    | 4943/8810 [00:02<00:01, 2074.98it/s]
 59%|█████▉    | 5225/8810 [00:02<00:01, 2266.88it/s]
 62%|██████▏   | 5458/8810 [00:02<00:01, 2186.59it/s]
 65%|██████▌   | 5754/8810 [00:02<00:01, 2269.37it/s]
 68%|██████▊   | 5984/8810 [00:02<00:01, 2270.44it/s]
 71%|███████   | 6213/8810 [00:02<00:01, 2161.96it/s]
 73%|███████▎  | 6431/8810 [00:03<00:01, 2002.86it/s]
 75%|███████▌  | 6634/8810 [00:03<00:01, 1867.97it/s]
 79%|███████▉  | 6968/8810 [00:03<00:00, 2245.81it/s]
 82%|████████▏ | 7200/8810 [00:03<00:00, 1916.55it/s]
 84%|████████▍ | 7404/8810 [00:03<00:00, 1852.03it/s]
 87%|████████▋ | 7621/8810 [00:03<00:00, 1926.94it/s]
 89%|████████▉ | 7821/8810 [00:03<00:00, 1843.37it/s]
 91%|█████████ | 8037/8810 [00:03<00:00, 1828.89it/s]
 94%|█████████▎| 8258/8810 [00:03<00:00, 1927.20it/s]
 96%|█████████▌| 8455/8810 [00:04<00:00, 1901.66it/s]
 99%|█████████▉| 8702/8810 [00:04<00:00, 1901.23it/s]
100%|██████████| 8810/8810 [00:04<00:00, 2073.84it/s]
