
  0%|          | 0/8810 [00:00<?, ?it/s]
  2%|▏         | 217/8810 [00:00<00:03, 2166.17it/s]
  7%|▋         | 624/8810 [00:00<00:02, 3281.04it/s]
 11%|█         | 953/8810 [00:00<00:03, 2588.56it/s]
 14%|█▍        | 1226/8810 [00:00<00:03, 2453.40it/s]
 17%|█▋        | 1480/8810 [00:00<00:02, 2459.04it/s]
 20%|██        | 1792/8810 [00:00<00:02, 2658.68it/s]
 23%|██▎       | 2064/8810 [00:00<00:02, 2484.63it/s]
 26%|██▋       | 2318/8810 [00:00<00:02, 2382.57it/s]
 31%|███       | 2727/8810 [00:01<00:02, 2859.57it/s]
 34%|███▍      | 3021/8810 [00:01<00:02, 2742.09it/s]
 37%|███▋      | 3301/8810 [00:01<00:02, 2640.59it/s]
 41%|████      | 3570/8810 [00:01<00:02, 2563.99it/s]
 43%|████▎     | 3830/8810 [00:01<00:02, 2376.40it/s]
 47%|████▋     | 4154/8810 [00:01<00:01, 2602.37it/s]
 50%|█████     | 4421/8810 [00:01<00:01, 2617.27it/s]
 53%|█████▎    | 4687/8810 [00:01<00:01, 2386.41it/s]
 56%|█████▌    | 4932/8810 [00:01<00:01, 2335.79it/s]
 60%|██████    | 5294/8810 [00:02<00:01, 2683.69it/s]
 63%|██████▎   | 5569/8810 [00:02<00:01, 2654.52it/s]
 66%|██████▋   | 5839/8810 [00:02<00:01, 2630.80it/s]
 69%|██████▉   | 6106/8810 [00:02<00:01, 2466.57it/s]
 73%|███████▎  | 6400/8810 [00:02<00:00, 2488.92it/s]
 77%|███████▋  | 6763/8810 [00:02<00:00, 2800.18it/s]
 80%|████████  | 7048/8810 [00:02<00:00, 2726.13it/s]
 83%|████████▎ | 7325/8810 [00:02<00:00, 2640.01it/s]
 86%|████████▌ | 7592/8810 [00:02<00:00, 2565.18it/s]
 89%|████████▉ | 7851/8810 [00:03<00:00, 2407.60it/s]
 92%|█████████▏| 8095/8810 [00:03<00:00, 2275.61it/s]
 95%|█████████▍| 8361/8810 [00:03<00:00, 2301.99it/s]
 99%|█████████▊| 8697/8810 [00:03<00:00, 2585.17it/s]
100%|██████████| 8810/8810 [00:03<00:00, 2537.78it/s]
