
  0%|          | 0/8810 [00:00<?, ?it/s]
  2%|▏         | 181/8810 [00:00<00:04, 1768.59it/s]
  5%|▍         | 421/8810 [00:00<00:03, 2134.27it/s]
  7%|▋         | 656/8810 [00:00<00:03, 2039.07it/s]
 10%|▉         | 861/8810 [00:00<00:04, 1884.45it/s]
 12%|█▏        | 1052/8810 [00:00<00:04, 1761.86it/s]
 14%|█▍        | 1247/8810 [00:00<00:04, 1811.05it/s]
 17%|█▋        | 1457/8810 [00:00<00:04, 1824.97it/s]
 19%|█▉        | 1661/8810 [00:00<00:03, 1883.39it/s]
 21%|██        | 1851/8810 [00:00<00:03, 1806.14it/s]
 24%|██▍       | 2125/8810 [00:01<00:03, 2073.76it/s]
 27%|██▋       | 2336/8810 [00:01<00:03, 1894.51it/s]
 30%|██▉       | 2620/8810 [00:01<00:02, 2151.61it/s]
 32%|███▏      | 2841/8810 [00:01<00:02, 2024.00it/s]
 35%|███▍      | 3057/8810 [00:01<00:02, 2001.49it/s]
 37%|███▋      | 3285/8810 [00:01<00:02, 2076.53it/s]
 40%|███▉      | 3496/8810 [00:01<00:02, 2059.22it/s]
 43%|████▎     | 3774/8810 [00:01<00:02, 2117.90it/s]
 46%|████▌     | 4066/8810 [00:02<00:02, 2335.50it/s]
 49%|████▉     | 4303/8810 [00:02<00:01, 2314.12it/s]
 52%|█████▏    | 4569/8810 [00:02<00:01, 2407.22it/s]
 55%|█████▍    | 4812/8810 [00:02<00:01, 2229.19it/s]
 57%|█████▋    | 5039/8810 [00:02<00:01, 2054.07it/s]
 60%|██████    | 5325/8810 [00:02<00:01, 2266.51it/s]
 63%|██████▎   | 5558/8810 [00:02<00:01, 2119.92it/s]
 66%|██████▌   | 5782/8810 [00:02<00:01, 2150.31it/s]
 68%|██████▊   | 6012/8810 [00:02<00:01, 2191.09it/s]
 71%|███████   | 6235/8810 [00:03<00:01, 2024.96it/s]
 73%|███████▎  | 6442/8810 [00:03<00:01, 2034.70it/s]
 77%|███████▋  | 6749/8810 [00:03<00:00, 2320.00it/s]
 79%|███████▉  | 6986/8810 [00:03<00:00, 2211.02it/s]
 82%|████████▏ | 7211/8810 [00:03<00:00, 2212.26it/s]
 84%|████████▍ | 7435/8810 [00:03<00:00, 2210.76it/s]
 87%|████████▋ | 7679/8810 [00:03<00:00, 2274.84it/s]
 90%|████████▉ | 7909/8810 [00:03<00:00, 2174.02it/s]
 92%|█████████▏| 8129/8810 [00:03<00:00, 1900.18it/s]
 95%|█████████▍| 8326/8810 [00:04<00:00, 1860.32it/s]
 97%|█████████▋| 8517/8810 [00:04<00:00, 1850.12it/s]
 99%|█████████▉| 8706/8810 [00:04<00:00, 1849.76it/s]
100%|██████████| 8810/8810 [00:04<00:00, 2057.41it/s]
