
  0%|          | 0/8810 [00:00<?, ?it/s]
  2%|▏         | 181/8810 [00:00<00:05, 1463.02it/s]
  5%|▌         | 468/8810 [00:00<00:03, 2215.64it/s]
  8%|▊         | 697/8810 [00:00<00:03, 2077.91it/s]
 11%|█         | 956/8810 [00:00<00:03, 2263.48it/s]
 13%|█▎        | 1187/8810 [00:00<00:03, 2072.79it/s]
 16%|█▋        | 1451/8810 [00:00<00:03, 2244.90it/s]
 19%|█▉        | 1681/8810 [00:00<00:03, 2130.76it/s]
 22%|██▏       | 1898/8810 [00:00<00:03, 1970.08it/s]
 25%|██▌       | 2203/8810 [00:01<00:02, 2266.97it/s]
 28%|██▊       | 2437/8810 [00:01<00:03, 2101.46it/s]
 31%|███       | 2734/8810 [00:01<00:02, 2335.33it/s]
 34%|███▍      | 2975/8810 [00:01<00:02, 2213.91it/s]
 36%|███▋      | 3203/8810 [00:01<00:02, 2093.57it/s]
 39%|███▉      | 3417/8810 [00:01<00:02, 2037.52it/s]
 42%|████▏     | 3719/8810 [00:01<00:02, 2301.26it/s]
 45%|████▍     | 3955/8810 [00:01<00:02, 2173.47it/s]
 47%|████▋     | 4180/8810 [00:01<00:02, 2073.76it/s]
 50%|█████     | 4422/8810 [00:02<00:02, 2163.60it/s]
 53%|█████▎    | 4642/8810 [00:02<00:01, 2092.83it/s]
 55%|█████▌    | 4876/8810 [00:02<00:01, 2159.37it/s]
 58%|█████▊    | 5095/8810 [00:02<00:01, 1956.40it/s]
 60%|██████    | 5315/8810 [00:02<00:01, 2019.38it/s]
 63%|██████▎   | 5521/8810 [00:02<00:01, 1912.82it/s]
 65%|██████▌   | 5754/8810 [00:02<00:01, 1976.89it/s]
 68%|██████▊   | 5955/8810 [00:02<00:01, 1937.37it/s]
 70%|██████▉   | 6151/8810 [00:02<00:01, 1905.56it/s]
 73%|███████▎  | 6400/8810 [00:03<00:01, 1950.96it/s]
 76%|███████▌  | 6674/8810 [00:03<00:00, 2165.77it/s]
 79%|███████▉  | 6943/8810 [00:03<00:00, 2311.48it/s]
 81%|████████▏ | 7177/8810 [00:03<00:00, 2082.59it/s]
 84%|████████▍ | 7391/8810 [00:03<00:00, 2062.78it/s]
 86%|████████▋ | 7612/8810 [00:03<00:00, 2100.90it/s]
 89%|████████▉ | 7826/8810 [00:03<00:00, 1870.68it/s]
 91%|█████████ | 8037/8810 [00:03<00:00, 1775.16it/s]
 94%|█████████▍| 8275/8810 [00:04<00:00, 1926.49it/s]
 96%|█████████▌| 8474/8810 [00:04<00:00, 1846.40it/s]
 99%|█████████▉| 8702/8810 [00:04<00:00, 1807.49it/s]
100%|██████████| 8810/8810 [00:04<00:00, 2035.82it/s]
