
  0%|          | 0/8810 [00:00<?, ?it/s]
  2%|▏         | 185/8810 [00:00<00:04, 1825.10it/s]
  5%|▌         | 444/8810 [00:00<00:03, 2271.53it/s]
  8%|▊         | 681/8810 [00:00<00:03, 2308.87it/s]
 10%|█         | 913/8810 [00:00<00:03, 2289.31it/s]
 13%|█▎        | 1143/8810 [00:00<00:03, 2188.61it/s]
 15%|█▌        | 1363/8810 [00:00<00:03, 2190.27it/s]
 18%|█▊        | 1583/8810 [00:00<00:03, 2001.11it/s]
 21%|██        | 1821/8810 [00:00<00:03, 2045.90it/s]
 23%|██▎       | 2063/8810 [00:00<00:03, 2151.41it/s]
 26%|██▌       | 2281/8810 [00:01<00:03, 1953.21it/s]
 29%|██▉       | 2580/8810 [00:01<00:02, 2227.23it/s]
 32%|███▏      | 2809/8810 [00:01<00:02, 2021.78it/s]
 35%|███▍      | 3057/8810 [00:01<00:02, 1975.58it/s]
 37%|███▋      | 3298/8810 [00:01<00:02, 2086.68it/s]
 40%|███▉      | 3513/8810 [00:01<00:02, 2017.80it/s]
 43%|████▎     | 3759/8810 [00:01<00:02, 2136.92it/s]
 45%|████▌     | 3977/8810 [00:01<00:02, 1945.40it/s]
 48%|████▊     | 4192/8810 [00:02<00:02, 1996.44it/s]
 51%|█████     | 4496/8810 [00:02<00:01, 2280.91it/s]
 54%|█████▎    | 4730/8810 [00:02<00:02, 1999.60it/s]
 56%|█████▌    | 4940/8810 [00:02<00:02, 1890.55it/s]
 59%|█████▉    | 5184/8810 [00:02<00:01, 2031.45it/s]
 61%|██████    | 5395/8810 [00:02<00:01, 1980.64it/s]
 64%|██████▍   | 5671/8810 [00:02<00:01, 2182.17it/s]
 67%|██████▋   | 5895/8810 [00:02<00:01, 2053.06it/s]
 69%|██████▉   | 6106/8810 [00:02<00:01, 1893.01it/s]
 72%|███████▏  | 6344/8810 [00:03<00:01, 2015.89it/s]
 74%|███████▍  | 6551/8810 [00:03<00:01, 1934.37it/s]
 78%|███████▊  | 6855/8810 [00:03<00:00, 2232.09it/s]
 81%|████████  | 7105/8810 [00:03<00:00, 2305.17it/s]
 84%|████████▎ | 7360/8810 [00:03<00:00, 2190.59it/s]
 86%|████████▌ | 7596/8810 [00:03<00:00, 2232.59it/s]
 89%|████████▉ | 7823/8810 [00:03<00:00, 2040.13it/s]
 91%|█████████ | 8037/8810 [00:03<00:00, 1902.92it/s]
 94%|█████████▎| 8239/8810 [00:03<00:00, 1932.79it/s]
 96%|█████████▌| 8436/8810 [00:04<00:00, 1817.17it/s]
 99%|█████████▊| 8686/8810 [00:04<00:00, 1995.58it/s]
100%|██████████| 8810/8810 [00:04<00:00, 2037.59it/s]
