
  0%|          | 0/8810 [00:00<?, ?it/s]
  2%|▏         | 181/8810 [00:00<00:05, 1694.76it/s]
  5%|▍         | 435/8810 [00:00<00:03, 2155.90it/s]
  7%|▋         | 656/8810 [00:00<00:03, 2155.51it/s]
 10%|█         | 882/8810 [00:00<00:03, 2195.36it/s]
 13%|█▎        | 1102/8810 [00:00<00:03, 2009.33it/s]
 15%|█▌        | 1339/8810 [00:00<00:03, 2120.11it/s]
 18%|█▊        | 1554/8810 [00:00<00:03, 1948.33it/s]
 21%|██        | 1821/8810 [00:00<00:03, 1971.16it/s]
 23%|██▎       | 2032/8810 [00:01<00:03, 2008.55it/s]
 26%|██▌       | 2260/8810 [00:01<00:03, 2083.17it/s]
 28%|██▊       | 2471/8810 [00:01<00:03, 1983.24it/s]
 31%|███       | 2744/8810 [00:01<00:02, 2027.59it/s]
 34%|███▎      | 2961/8810 [00:01<00:02, 2065.35it/s]
 36%|███▌      | 3169/8810 [00:01<00:02, 1882.44it/s]
 38%|███▊      | 3373/8810 [00:01<00:02, 1921.53it/s]
 40%|████      | 3568/8810 [00:01<00:02, 1808.63it/s]
 43%|████▎     | 3774/8810 [00:01<00:02, 1836.79it/s]
 45%|████▌     | 3987/8810 [00:02<00:02, 1912.15it/s]
 47%|████▋     | 4181/8810 [00:02<00:02, 1896.47it/s]
 50%|█████     | 4413/8810 [00:02<00:02, 2014.22it/s]
 52%|█████▏    | 4625/8810 [00:02<00:02, 1909.97it/s]
 55%|█████▍    | 4828/8810 [00:02<00:02, 1943.26it/s]
 57%|█████▋    | 5025/8810 [00:02<00:02, 1798.14it/s]
 60%|█████▉    | 5285/8810 [00:02<00:01, 2012.13it/s]
 62%|██████▏   | 5491/8810 [00:02<00:01, 1907.14it/s]
 65%|██████▌   | 5754/8810 [00:02<00:01, 2006.00it/s]
 68%|██████▊   | 5957/8810 [00:03<00:01, 1959.02it/s]
 70%|██████▉   | 6155/8810 [00:03<00:01, 1935.46it/s]
 73%|███████▎  | 6395/8810 [00:03<00:01, 2064.31it/s]
 75%|███████▍  | 6604/8810 [00:03<00:01, 2013.05it/s]
 78%|███████▊  | 6909/8810 [00:03<00:00, 2303.94it/s]
 81%|████████  | 7142/8810 [00:03<00:00, 2071.48it/s]
 84%|████████▎ | 7359/8810 [00:03<00:00, 2095.99it/s]
 86%|████████▌ | 7573/8810 [00:03<00:00, 1916.47it/s]
 88%|████████▊ | 7770/8810 [00:03<00:00, 1883.43it/s]
 91%|█████████ | 8002/8810 [00:04<00:00, 2000.42it/s]
 93%|█████████▎| 8206/8810 [00:04<00:00, 1840.55it/s]
 95%|█████████▌| 8395/8810 [00:04<00:00, 1782.78it/s]
 98%|█████████▊| 8622/8810 [00:04<00:00, 1911.47it/s]
100%|██████████| 8810/8810 [00:04<00:00, 1959.29it/s]
