
  0%|          | 0/8810 [00:00<?, ?it/s]
  2%|▏         | 181/8810 [00:00<00:05, 1723.70it/s]
  5%|▍         | 425/8810 [00:00<00:03, 2135.73it/s]
  7%|▋         | 656/8810 [00:00<00:04, 1895.12it/s]
 10%|▉         | 873/8810 [00:00<00:03, 1989.63it/s]
 12%|█▏        | 1076/8810 [00:00<00:04, 1840.27it/s]
 15%|█▍        | 1297/8810 [00:00<00:03, 1943.98it/s]
 17%|█▋        | 1495/8810 [00:00<00:04, 1754.29it/s]
 19%|█▉        | 1698/8810 [00:00<00:03, 1831.13it/s]
 21%|██▏       | 1886/8810 [00:01<00:03, 1731.49it/s]
 25%|██▍       | 2168/8810 [00:01<00:03, 2029.78it/s]
 27%|██▋       | 2377/8810 [00:01<00:03, 1889.09it/s]
 31%|███       | 2709/8810 [00:01<00:02, 2274.98it/s]
 33%|███▎      | 2945/8810 [00:01<00:02, 2180.74it/s]
 36%|███▌      | 3170/8810 [00:01<00:02, 2139.23it/s]
 39%|███▊      | 3410/8810 [00:01<00:02, 2071.38it/s]
 41%|████      | 3629/8810 [00:01<00:02, 2101.31it/s]
 44%|████▎     | 3842/8810 [00:01<00:02, 1923.75it/s]
 46%|████▌     | 4062/8810 [00:02<00:02, 1989.49it/s]
 48%|████▊     | 4265/8810 [00:02<00:02, 1803.88it/s]
 52%|█████▏    | 4559/8810 [00:02<00:02, 2100.47it/s]
 54%|█████▍    | 4777/8810 [00:02<00:01, 2038.89it/s]
 57%|█████▋    | 4987/8810 [00:02<00:02, 1851.42it/s]
 60%|█████▉    | 5274/8810 [00:02<00:01, 2112.46it/s]
 62%|██████▏   | 5494/8810 [00:02<00:01, 2112.22it/s]
 65%|██████▌   | 5754/8810 [00:02<00:01, 2218.11it/s]
 68%|██████▊   | 5981/8810 [00:02<00:01, 2232.29it/s]
 70%|███████   | 6208/8810 [00:03<00:01, 2174.88it/s]
 73%|███████▎  | 6428/8810 [00:03<00:01, 2144.00it/s]
 76%|███████▌  | 6706/8810 [00:03<00:00, 2324.91it/s]
 79%|███████▉  | 6972/8810 [00:03<00:00, 2365.02it/s]
 82%|████████▏ | 7236/8810 [00:03<00:00, 2444.04it/s]
 85%|████████▍ | 7482/8810 [00:03<00:00, 2281.51it/s]
 88%|████████▊ | 7715/8810 [00:03<00:00, 2217.23it/s]
 90%|█████████ | 7939/8810 [00:03<00:00, 2188.66it/s]
 93%|█████████▎| 8160/8810 [00:03<00:00, 1963.31it/s]
 95%|█████████▍| 8361/8810 [00:04<00:00, 1952.33it/s]
 98%|█████████▊| 8640/8810 [00:04<00:00, 2177.19it/s]
100%|██████████| 8810/8810 [00:04<00:00, 2055.90it/s]
