
  0%|          | 0/8810 [00:00<?, ?it/s]
  2%|▏         | 181/8810 [00:00<00:05, 1619.16it/s]
  5%|▍         | 430/8810 [00:00<00:04, 2091.52it/s]
  7%|▋         | 656/8810 [00:00<00:04, 1811.08it/s]
 10%|▉         | 869/8810 [00:00<00:04, 1916.04it/s]
 12%|█▏        | 1066/8810 [00:00<00:04, 1784.91it/s]
 14%|█▍        | 1270/8810 [00:00<00:04, 1858.05it/s]
 17%|█▋        | 1460/8810 [00:00<00:04, 1724.37it/s]
 19%|█▉        | 1671/8810 [00:00<00:03, 1829.71it/s]
 21%|██        | 1858/8810 [00:01<00:04, 1713.91it/s]
 24%|██▍       | 2095/8810 [00:01<00:03, 1892.68it/s]
 26%|██▌       | 2289/8810 [00:01<00:03, 1799.71it/s]
 29%|██▉       | 2561/8810 [00:01<00:03, 2049.75it/s]
 31%|███▏      | 2771/8810 [00:01<00:03, 2004.31it/s]
 34%|███▍      | 2985/8810 [00:01<00:02, 2036.97it/s]
 36%|███▌      | 3192/8810 [00:01<00:02, 1955.66it/s]
 39%|███▊      | 3410/8810 [00:01<00:02, 1840.92it/s]
 41%|████      | 3629/8810 [00:01<00:02, 1930.00it/s]
 43%|████▎     | 3826/8810 [00:02<00:02, 1871.98it/s]
 46%|████▌     | 4073/8810 [00:02<00:02, 2031.46it/s]
 49%|████▊     | 4279/8810 [00:02<00:02, 1958.82it/s]
 51%|█████▏    | 4522/8810 [00:02<00:02, 2084.06it/s]
 54%|█████▎    | 4733/8810 [00:02<00:02, 1797.99it/s]
 56%|█████▌    | 4929/8810 [00:02<00:02, 1837.66it/s]
 58%|█████▊    | 5119/8810 [00:02<00:02, 1749.81it/s]
 61%|██████    | 5372/8810 [00:02<00:01, 1839.07it/s]
 64%|██████▎   | 5595/8810 [00:02<00:01, 1939.13it/s]
 66%|██████▌   | 5793/8810 [00:03<00:01, 1853.08it/s]
 68%|██████▊   | 5981/8810 [00:03<00:01, 1837.12it/s]
 70%|███████   | 6167/8810 [00:03<00:01, 1761.47it/s]
 73%|███████▎  | 6393/8810 [00:03<00:01, 1892.78it/s]
 75%|███████▍  | 6585/8810 [00:03<00:01, 1795.74it/s]
 77%|███████▋  | 6817/8810 [00:03<00:01, 1939.24it/s]
 80%|███████▉  | 7014/8810 [00:03<00:00, 1887.89it/s]
 82%|████████▏ | 7205/8810 [00:03<00:00, 1856.47it/s]
 84%|████████▍ | 7393/8810 [00:03<00:00, 1842.34it/s]
 86%|████████▌ | 7579/8810 [00:04<00:00, 1835.01it/s]
 88%|████████▊ | 7764/8810 [00:04<00:00, 1725.10it/s]
 90%|█████████ | 7951/8810 [00:04<00:00, 1763.42it/s]
 92%|█████████▏| 8129/8810 [00:04<00:00, 1605.83it/s]
 95%|█████████▍| 8354/8810 [00:04<00:00, 1777.28it/s]
 97%|█████████▋| 8536/8810 [00:04<00:00, 1638.93it/s]
 99%|█████████▉| 8705/8810 [00:04<00:00, 1547.87it/s]
100%|██████████| 8810/8810 [00:04<00:00, 1832.08it/s]
