
  0%|          | 0/8810 [00:00<?, ?it/s]
  2%|▏         | 200/8810 [00:00<00:04, 1988.45it/s]
  6%|▋         | 562/8810 [00:00<00:02, 2944.78it/s]
 10%|▉         | 857/8810 [00:00<00:03, 2279.41it/s]
 12%|█▏        | 1100/8810 [00:00<00:03, 2189.21it/s]
 15%|█▌        | 1344/8810 [00:00<00:03, 2263.42it/s]
 18%|█▊        | 1577/8810 [00:00<00:03, 2110.85it/s]
 21%|██        | 1821/8810 [00:00<00:03, 2140.46it/s]
 23%|██▎       | 2056/8810 [00:00<00:03, 2195.22it/s]
 26%|██▌       | 2279/8810 [00:01<00:03, 2064.72it/s]
 30%|██▉       | 2619/8810 [00:01<00:02, 2434.65it/s]
 33%|███▎      | 2869/8810 [00:01<00:02, 2231.16it/s]
 35%|███▌      | 3099/8810 [00:01<00:02, 2115.24it/s]
 38%|███▊      | 3361/8810 [00:01<00:02, 2248.62it/s]
 41%|████      | 3592/8810 [00:01<00:02, 2227.12it/s]
 43%|████▎     | 3827/8810 [00:01<00:02, 2258.69it/s]
 47%|████▋     | 4154/8810 [00:01<00:01, 2544.00it/s]
 50%|█████     | 4412/8810 [00:01<00:01, 2422.00it/s]
 53%|█████▎    | 4658/8810 [00:02<00:01, 2222.71it/s]
 56%|█████▌    | 4902/8810 [00:02<00:01, 2279.82it/s]
 58%|█████▊    | 5135/8810 [00:02<00:01, 2095.72it/s]
 61%|██████    | 5372/8810 [00:02<00:01, 2121.75it/s]
 64%|██████▎   | 5613/8810 [00:02<00:01, 2199.65it/s]
 66%|██████▋   | 5846/8810 [00:02<00:01, 2235.07it/s]
 69%|██████▉   | 6073/8810 [00:02<00:01, 2166.85it/s]
 72%|███████▏  | 6359/8810 [00:02<00:01, 2357.30it/s]
 75%|███████▍  | 6598/8810 [00:02<00:01, 1948.99it/s]
 79%|███████▉  | 6950/8810 [00:03<00:00, 2344.18it/s]
 82%|████████▏ | 7201/8810 [00:03<00:00, 2280.47it/s]
 84%|████████▍ | 7441/8810 [00:03<00:00, 2189.67it/s]
 88%|████████▊ | 7715/8810 [00:03<00:00, 2128.29it/s]
 90%|█████████ | 7960/8810 [00:03<00:00, 2209.89it/s]
 93%|█████████▎| 8187/8810 [00:03<00:00, 2169.70it/s]
 95%|█████████▌| 8408/8810 [00:03<00:00, 1817.45it/s]
 98%|█████████▊| 8647/8810 [00:03<00:00, 1956.84it/s]
100%|██████████| 8810/8810 [00:04<00:00, 2182.61it/s]
