
  0%|          | 0/8810 [00:00<?, ?it/s]
  2%|▏         | 181/8810 [00:00<00:04, 1767.40it/s]
  5%|▌         | 473/8810 [00:00<00:03, 2429.31it/s]
  8%|▊         | 717/8810 [00:00<00:03, 2335.42it/s]
 11%|█         | 966/8810 [00:00<00:03, 2392.51it/s]
 14%|█▎        | 1206/8810 [00:00<00:03, 2252.61it/s]
 17%|█▋        | 1457/8810 [00:00<00:03, 2138.45it/s]
 19%|█▉        | 1717/8810 [00:00<00:03, 2271.04it/s]
 22%|██▏       | 1947/8810 [00:00<00:03, 2127.83it/s]
 26%|██▌       | 2263/8810 [00:01<00:02, 2220.10it/s]
 29%|██▉       | 2580/8810 [00:01<00:02, 2476.94it/s]
 32%|███▏      | 2833/8810 [00:01<00:02, 2367.01it/s]
 35%|███▍      | 3074/8810 [00:01<00:02, 2292.10it/s]
 38%|███▊      | 3361/8810 [00:01<00:02, 2444.12it/s]
 41%|████      | 3609/8810 [00:01<00:02, 1984.81it/s]
 43%|████▎     | 3823/8810 [00:01<00:02, 1827.78it/s]
 47%|████▋     | 4120/8810 [00:01<00:02, 2101.33it/s]
 49%|████▉     | 4345/8810 [00:01<00:02, 2029.64it/s]
 52%|█████▏    | 4584/8810 [00:02<00:01, 2119.77it/s]
 55%|█████▍    | 4805/8810 [00:02<00:02, 1946.81it/s]
 57%|█████▋    | 5008/8810 [00:02<00:01, 1952.31it/s]
 60%|██████    | 5303/8810 [00:02<00:01, 2216.57it/s]
 63%|██████▎   | 5532/8810 [00:02<00:01, 2073.25it/s]
 65%|██████▌   | 5756/8810 [00:02<00:01, 2112.42it/s]
 68%|██████▊   | 5972/8810 [00:02<00:01, 1885.22it/s]
 70%|███████   | 6169/8810 [00:02<00:01, 1907.15it/s]
 73%|███████▎  | 6400/8810 [00:03<00:01, 1975.12it/s]
 76%|███████▌  | 6704/8810 [00:03<00:00, 2265.83it/s]
 79%|███████▉  | 6972/8810 [00:03<00:00, 2307.65it/s]
 82%|████████▏ | 7251/8810 [00:03<00:00, 2439.48it/s]
 85%|████████▌ | 7499/8810 [00:03<00:00, 2322.82it/s]
 88%|████████▊ | 7735/8810 [00:03<00:00, 2218.12it/s]
 90%|█████████ | 7960/8810 [00:03<00:00, 2079.20it/s]
 93%|█████████▎| 8171/8810 [00:03<00:00, 1991.84it/s]
 95%|█████████▌| 8373/8810 [00:03<00:00, 1882.53it/s]
 98%|█████████▊| 8591/8810 [00:04<00:00, 1960.46it/s]
100%|█████████▉| 8790/8810 [00:04<00:00, 1819.76it/s]
100%|██████████| 8810/8810 [00:04<00:00, 2108.82it/s]
