
  0%|          | 0/8810 [00:00<?, ?it/s]
  4%|▍         | 341/8810 [00:00<00:02, 3384.41it/s]
  8%|▊         | 680/8810 [00:00<00:03, 2553.24it/s]
 11%|█         | 980/8810 [00:00<00:02, 2723.21it/s]
 15%|█▍        | 1288/8810 [00:00<00:02, 2845.39it/s]
 18%|█▊        | 1580/8810 [00:00<00:02, 2832.57it/s]
 21%|██        | 1868/8810 [00:00<00:02, 2845.11it/s]
 26%|██▌       | 2263/8810 [00:00<00:02, 2985.15it/s]
 30%|███       | 2650/8810 [00:00<00:01, 3247.01it/s]
 34%|███▍      | 2978/8810 [00:01<00:01, 3038.15it/s]
 37%|███▋      | 3286/8810 [00:01<00:01, 2929.00it/s]
 41%|████      | 3582/8810 [00:01<00:01, 2893.94it/s]
 44%|████▍     | 3874/8810 [00:01<00:01, 2892.84it/s]
 48%|████▊     | 4224/8810 [00:01<00:01, 3065.07it/s]
 52%|█████▏    | 4622/8810 [00:01<00:01, 3330.78it/s]
 56%|█████▋    | 4958/8810 [00:01<00:01, 2949.64it/s]
 61%|██████    | 5331/8810 [00:01<00:01, 3159.45it/s]
 64%|██████▍   | 5663/8810 [00:01<00:00, 3201.84it/s]
 68%|██████▊   | 5990/8810 [00:02<00:00, 2951.23it/s]
 71%|███████▏  | 6293/8810 [00:02<00:00, 2950.22it/s]
 75%|███████▍  | 6594/8810 [00:02<00:00, 2875.84it/s]
 79%|███████▉  | 6972/8810 [00:02<00:00, 3031.21it/s]
 83%|████████▎ | 7299/8810 [00:02<00:00, 3097.13it/s]
 86%|████████▋ | 7612/8810 [00:02<00:00, 2943.99it/s]
 90%|████████▉ | 7910/8810 [00:02<00:00, 2728.14it/s]
 93%|█████████▎| 8187/8810 [00:02<00:00, 2574.53it/s]
 96%|█████████▌| 8448/8810 [00:02<00:00, 2500.31it/s]
 99%|█████████▉| 8703/8810 [00:03<00:00, 2512.76it/s]
100%|██████████| 8810/8810 [00:03<00:00, 2892.14it/s]
