
  0%|          | 0/8810 [00:00<?, ?it/s]
  2%|▏         | 181/8810 [00:00<00:06, 1431.76it/s]
  5%|▍         | 419/8810 [00:00<00:04, 1933.41it/s]
  7%|▋         | 618/8810 [00:00<00:05, 1601.21it/s]
  9%|▉         | 786/8810 [00:00<00:05, 1546.64it/s]
 11%|█         | 978/8810 [00:00<00:04, 1658.05it/s]
 13%|█▎        | 1149/8810 [00:00<00:04, 1626.02it/s]
 15%|█▌        | 1364/8810 [00:00<00:04, 1779.64it/s]
 18%|█▊        | 1546/8810 [00:00<00:04, 1455.95it/s]
 20%|██        | 1766/8810 [00:01<00:04, 1647.65it/s]
 22%|██▏       | 1943/8810 [00:01<00:04, 1534.54it/s]
 25%|██▍       | 2194/8810 [00:01<00:03, 1785.24it/s]
 27%|██▋       | 2383/8810 [00:01<00:03, 1676.72it/s]
 30%|███       | 2658/8810 [00:01<00:03, 1958.17it/s]
 33%|███▎      | 2864/8810 [00:01<00:03, 1799.69it/s]
 35%|███▍      | 3053/8810 [00:01<00:03, 1818.75it/s]
 37%|███▋      | 3242/8810 [00:01<00:03, 1681.48it/s]
 39%|███▉      | 3416/8810 [00:02<00:03, 1643.24it/s]
 41%|████▏     | 3647/8810 [00:02<00:02, 1819.99it/s]
 44%|████▎     | 3834/8810 [00:02<00:02, 1778.89it/s]
 47%|████▋     | 4097/8810 [00:02<00:02, 2006.03it/s]
 49%|████▉     | 4302/8810 [00:02<00:02, 1949.89it/s]
 52%|█████▏    | 4560/8810 [00:02<00:02, 2122.14it/s]
 54%|█████▍    | 4776/8810 [00:02<00:02, 1938.97it/s]
 56%|█████▋    | 4975/8810 [00:02<00:02, 1819.90it/s]
 59%|█████▉    | 5219/8810 [00:02<00:01, 1977.80it/s]
 62%|██████▏   | 5422/8810 [00:03<00:01, 1883.42it/s]
 65%|██████▍   | 5688/8810 [00:03<00:01, 2092.76it/s]
 67%|██████▋   | 5903/8810 [00:03<00:01, 1918.80it/s]
 69%|██████▉   | 6101/8810 [00:03<00:01, 1830.65it/s]
 72%|███████▏  | 6324/8810 [00:03<00:01, 1932.30it/s]
 74%|███████▍  | 6522/8810 [00:03<00:01, 1806.85it/s]
 77%|███████▋  | 6803/8810 [00:03<00:00, 2065.81it/s]
 80%|███████▉  | 7016/8810 [00:03<00:00, 2003.51it/s]
 82%|████████▏ | 7221/8810 [00:03<00:00, 2003.81it/s]
 84%|████████▍ | 7425/8810 [00:04<00:00, 2002.30it/s]
 87%|████████▋ | 7628/8810 [00:04<00:00, 2001.97it/s]
 89%|████████▉ | 7830/8810 [00:04<00:00, 1793.68it/s]
 91%|█████████ | 8037/8810 [00:04<00:00, 1713.52it/s]
 93%|█████████▎| 8225/8810 [00:04<00:00, 1753.26it/s]
 95%|█████████▌| 8404/8810 [00:04<00:00, 1685.52it/s]
 98%|█████████▊| 8634/8810 [00:04<00:00, 1851.36it/s]
100%|██████████| 8810/8810 [00:04<00:00, 1815.03it/s]
