
  0%|          | 0/8810 [00:00<?, ?it/s]
  2%|▏         | 181/8810 [00:00<00:05, 1716.92it/s]
  5%|▍         | 412/8810 [00:00<00:04, 2042.04it/s]
  7%|▋         | 656/8810 [00:00<00:04, 2022.68it/s]
 10%|▉         | 866/8810 [00:00<00:03, 2044.39it/s]
 12%|█▏        | 1075/8810 [00:00<00:03, 2057.24it/s]
 15%|█▍        | 1289/8810 [00:00<00:03, 2077.49it/s]
 17%|█▋        | 1498/8810 [00:00<00:04, 1774.43it/s]
 20%|█▉        | 1746/8810 [00:00<00:03, 1970.39it/s]
 22%|██▏       | 1951/8810 [00:01<00:03, 1792.75it/s]
 25%|██▌       | 2218/8810 [00:01<00:03, 2022.86it/s]
 28%|██▊       | 2429/8810 [00:01<00:03, 1966.65it/s]
 31%|███       | 2692/8810 [00:01<00:02, 2147.67it/s]
 33%|███▎      | 2913/8810 [00:01<00:03, 1962.16it/s]
 35%|███▌      | 3116/8810 [00:01<00:02, 1965.97it/s]
 38%|███▊      | 3330/8810 [00:01<00:02, 2011.86it/s]
 40%|████      | 3535/8810 [00:01<00:02, 1926.44it/s]
 43%|████▎     | 3774/8810 [00:01<00:02, 1991.41it/s]
 46%|████▌     | 4054/8810 [00:02<00:02, 2213.04it/s]
 49%|████▊     | 4279/8810 [00:02<00:02, 2153.05it/s]
 52%|█████▏    | 4569/8810 [00:02<00:01, 2360.25it/s]
 55%|█████▍    | 4808/8810 [00:02<00:01, 2137.55it/s]
 57%|█████▋    | 5028/8810 [00:02<00:01, 1984.10it/s]
 60%|██████    | 5304/8810 [00:02<00:01, 2184.53it/s]
 63%|██████▎   | 5529/8810 [00:02<00:01, 2060.09it/s]
 65%|██████▌   | 5754/8810 [00:02<00:01, 2019.75it/s]
 68%|██████▊   | 5960/8810 [00:02<00:01, 1983.48it/s]
 70%|██████▉   | 6161/8810 [00:03<00:01, 1929.05it/s]
 73%|███████▎  | 6392/8810 [00:03<00:01, 2027.75it/s]
 75%|███████▍  | 6597/8810 [00:03<00:01, 1962.57it/s]
 78%|███████▊  | 6911/8810 [00:03<00:00, 2288.90it/s]
 81%|████████  | 7144/8810 [00:03<00:00, 2154.34it/s]
 84%|████████▎ | 7364/8810 [00:03<00:00, 2030.92it/s]
 86%|████████▌ | 7575/8810 [00:03<00:00, 2046.55it/s]
 88%|████████▊ | 7783/8810 [00:03<00:00, 1888.46it/s]
 91%|█████████ | 7976/8810 [00:03<00:00, 1882.51it/s]
 93%|█████████▎| 8167/8810 [00:04<00:00, 1784.62it/s]
 95%|█████████▍| 8361/8810 [00:04<00:00, 1718.04it/s]
 97%|█████████▋| 8552/8810 [00:04<00:00, 1764.71it/s]
 99%|█████████▉| 8731/8810 [00:04<00:00, 1650.84it/s]
100%|██████████| 8810/8810 [00:04<00:00, 1976.10it/s]
