
  0%|          | 0/8810 [00:00<?, ?it/s]
  2%|▏         | 181/8810 [00:00<00:06, 1322.39it/s]
  4%|▍         | 394/8810 [00:00<00:04, 1730.89it/s]
  7%|▋         | 617/8810 [00:00<00:04, 1927.69it/s]
  9%|▉         | 815/8810 [00:00<00:05, 1448.38it/s]
 11%|█         | 976/8810 [00:00<00:05, 1466.64it/s]
 13%|█▎        | 1133/8810 [00:00<00:05, 1379.42it/s]
 15%|█▌        | 1322/8810 [00:00<00:04, 1516.34it/s]
 17%|█▋        | 1481/8810 [00:00<00:05, 1430.45it/s]
 19%|█▉        | 1660/8810 [00:01<00:04, 1523.65it/s]
 21%|██        | 1821/8810 [00:01<00:04, 1492.91it/s]
 22%|██▏       | 1975/8810 [00:01<00:04, 1503.99it/s]
 25%|██▌       | 2208/8810 [00:01<00:03, 1738.27it/s]
 27%|██▋       | 2386/8810 [00:01<00:04, 1549.24it/s]
 30%|██▉       | 2626/8810 [00:01<00:03, 1776.02it/s]
 32%|███▏      | 2811/8810 [00:01<00:03, 1647.78it/s]
 34%|███▍      | 3014/8810 [00:01<00:03, 1746.08it/s]
 36%|███▋      | 3195/8810 [00:02<00:03, 1632.94it/s]
 38%|███▊      | 3378/8810 [00:02<00:03, 1681.61it/s]
 40%|████      | 3551/8810 [00:02<00:03, 1571.72it/s]
 43%|████▎     | 3774/8810 [00:02<00:03, 1596.75it/s]
 45%|████▍     | 3955/8810 [00:02<00:02, 1649.64it/s]
 47%|████▋     | 4180/8810 [00:02<00:02, 1658.60it/s]
 50%|████▉     | 4382/8810 [00:02<00:02, 1750.91it/s]
 52%|█████▏    | 4564/8810 [00:02<00:02, 1764.94it/s]
 54%|█████▍    | 4743/8810 [00:02<00:02, 1544.55it/s]
 56%|█████▌    | 4922/8810 [00:03<00:02, 1600.95it/s]
 58%|█████▊    | 5087/8810 [00:03<00:02, 1509.95it/s]
 60%|██████    | 5301/8810 [00:03<00:02, 1675.26it/s]
 62%|██████▏   | 5474/8810 [00:03<00:02, 1539.32it/s]
 64%|██████▍   | 5668/8810 [00:03<00:01, 1643.49it/s]
 66%|██████▋   | 5838/8810 [00:03<00:01, 1535.05it/s]
 68%|██████▊   | 5996/8810 [00:03<00:01, 1529.40it/s]
 70%|██████▉   | 6152/8810 [00:03<00:01, 1460.26it/s]
 72%|███████▏  | 6358/8810 [00:03<00:01, 1616.18it/s]
 74%|███████▍  | 6523/8810 [00:04<00:01, 1491.69it/s]
 77%|███████▋  | 6753/8810 [00:04<00:01, 1706.57it/s]
 79%|███████▉  | 6967/8810 [00:04<00:01, 1822.42it/s]
 81%|████████  | 7154/8810 [00:04<00:01, 1598.70it/s]
 83%|████████▎ | 7331/8810 [00:04<00:00, 1641.78it/s]
 85%|████████▌ | 7502/8810 [00:04<00:00, 1485.65it/s]
 87%|████████▋ | 7672/8810 [00:04<00:00, 1539.40it/s]
 89%|████████▉ | 7832/8810 [00:04<00:00, 1335.54it/s]
 91%|█████████ | 8002/8810 [00:05<00:00, 1422.66it/s]
 93%|█████████▎| 8152/8810 [00:05<00:00, 1321.67it/s]
 94%|█████████▍| 8320/8810 [00:05<00:00, 1407.18it/s]
 96%|█████████▌| 8467/8810 [00:05<00:00, 1367.38it/s]
 98%|█████████▊| 8651/8810 [00:05<00:00, 1492.31it/s]
100%|█████████▉| 8805/8810 [00:05<00:00, 1455.84it/s]
100%|██████████| 8810/8810 [00:05<00:00, 1559.55it/s]
