
  0%|          | 0/8810 [00:00<?, ?it/s]
  4%|▍         | 335/8810 [00:00<00:02, 3336.16it/s]
  8%|▊         | 669/8810 [00:00<00:02, 3324.13it/s]
 11%|█▏        | 1002/8810 [00:00<00:02, 3060.05it/s]
 16%|█▌        | 1398/8810 [00:00<00:02, 3395.92it/s]
 20%|█▉        | 1741/8810 [00:00<00:02, 3282.14it/s]
 24%|██▎       | 2072/8810 [00:00<00:02, 3188.68it/s]
 27%|██▋       | 2393/8810 [00:00<00:02, 3061.72it/s]
 31%|███       | 2744/8810 [00:00<00:01, 3153.07it/s]
 35%|███▍      | 3061/8810 [00:00<00:01, 2889.43it/s]
 38%|███▊      | 3382/8810 [00:01<00:01, 2977.43it/s]
 42%|████▏     | 3684/8810 [00:01<00:01, 2955.25it/s]
 45%|████▌     | 3983/8810 [00:01<00:01, 2906.73it/s]
 49%|████▉     | 4296/8810 [00:01<00:01, 2970.59it/s]
 52%|█████▏    | 4625/8810 [00:01<00:01, 2903.12it/s]
 56%|█████▌    | 4917/8810 [00:01<00:01, 2857.09it/s]
 59%|█████▉    | 5204/8810 [00:01<00:01, 2531.16it/s]
 62%|██████▏   | 5464/8810 [00:01<00:01, 2438.29it/s]
 65%|██████▌   | 5754/8810 [00:01<00:01, 2516.91it/s]
 68%|██████▊   | 6018/8810 [00:02<00:01, 2547.44it/s]
 72%|███████▏  | 6302/8810 [00:02<00:00, 2627.75it/s]
 75%|███████▍  | 6568/8810 [00:02<00:00, 2571.05it/s]
 79%|███████▉  | 6972/8810 [00:02<00:00, 2664.43it/s]
 82%|████████▏ | 7239/8810 [00:02<00:00, 2503.43it/s]
 85%|████████▌ | 7490/8810 [00:02<00:00, 2365.45it/s]
 88%|████████▊ | 7727/8810 [00:02<00:00, 2198.99it/s]
 90%|█████████ | 7957/8810 [00:02<00:00, 2224.09it/s]
 93%|█████████▎| 8181/8810 [00:03<00:00, 2153.73it/s]
 95%|█████████▌| 8398/8810 [00:03<00:00, 1811.83it/s]
 99%|█████████▊| 8686/8810 [00:03<00:00, 2071.27it/s]
100%|██████████| 8810/8810 [00:03<00:00, 2585.59it/s]
