
  0%|          | 0/8810 [00:00<?, ?it/s]
  2%|▏         | 212/8810 [00:00<00:04, 2115.36it/s]
  6%|▋         | 567/8810 [00:00<00:02, 2950.13it/s]
 10%|▉         | 862/8810 [00:00<00:02, 2673.40it/s]
 13%|█▎        | 1133/8810 [00:00<00:02, 2623.14it/s]
 16%|█▋        | 1436/8810 [00:00<00:02, 2760.18it/s]
 19%|█▉        | 1714/8810 [00:00<00:02, 2637.39it/s]
 22%|██▏       | 1980/8810 [00:00<00:02, 2496.75it/s]
 26%|██▌       | 2263/8810 [00:00<00:02, 2439.72it/s]
 30%|██▉       | 2642/8810 [00:00<00:02, 2818.87it/s]
 33%|███▎      | 2929/8810 [00:01<00:02, 2718.67it/s]
 36%|███▋      | 3205/8810 [00:01<00:02, 2429.82it/s]
 39%|███▉      | 3456/8810 [00:01<00:02, 2297.01it/s]
 43%|████▎     | 3774/8810 [00:01<00:02, 2366.21it/s]
 47%|████▋     | 4115/8810 [00:01<00:01, 2633.83it/s]
 50%|████▉     | 4397/8810 [00:01<00:01, 2683.81it/s]
 53%|█████▎    | 4671/8810 [00:01<00:01, 2565.80it/s]
 56%|█████▌    | 4932/8810 [00:01<00:01, 2209.64it/s]
 60%|█████▉    | 5250/8810 [00:02<00:01, 2449.86it/s]
 63%|██████▎   | 5507/8810 [00:02<00:01, 2408.53it/s]
 65%|██████▌   | 5756/8810 [00:02<00:01, 2425.11it/s]
 68%|██████▊   | 6005/8810 [00:02<00:01, 2413.64it/s]
 71%|███████   | 6251/8810 [00:02<00:01, 2264.29it/s]
 74%|███████▎  | 6495/8810 [00:02<00:01, 2311.12it/s]
 78%|███████▊  | 6883/8810 [00:02<00:00, 2748.51it/s]
 81%|████████▏ | 7164/8810 [00:02<00:00, 2600.82it/s]
 84%|████████▍ | 7430/8810 [00:02<00:00, 2554.97it/s]
 87%|████████▋ | 7689/8810 [00:03<00:00, 2500.10it/s]
 90%|█████████ | 7942/8810 [00:03<00:00, 2194.33it/s]
 93%|█████████▎| 8169/8810 [00:03<00:00, 2059.35it/s]
 95%|█████████▌| 8381/8810 [00:03<00:00, 2029.07it/s]
 98%|█████████▊| 8652/8810 [00:03<00:00, 2206.71it/s]
100%|██████████| 8810/8810 [00:03<00:00, 2427.48it/s]
