
  0%|          | 0/8810 [00:00<?, ?it/s]
  2%|▏         | 188/8810 [00:00<00:04, 1865.69it/s]
  6%|▌         | 485/8810 [00:00<00:03, 2501.56it/s]
  8%|▊         | 736/8810 [00:00<00:03, 2394.38it/s]
 11%|█         | 978/8810 [00:00<00:03, 2401.75it/s]
 14%|█▍        | 1252/8810 [00:00<00:03, 2516.08it/s]
 17%|█▋        | 1505/8810 [00:00<00:02, 2441.83it/s]
 21%|██        | 1821/8810 [00:00<00:02, 2562.00it/s]
 24%|██▍       | 2144/8810 [00:00<00:02, 2763.17it/s]
 27%|██▋       | 2422/8810 [00:00<00:02, 2641.95it/s]
 31%|███       | 2727/8810 [00:01<00:02, 2758.60it/s]
 34%|███▍      | 3005/8810 [00:01<00:02, 2480.08it/s]
 37%|███▋      | 3259/8810 [00:01<00:02, 2360.35it/s]
 40%|████      | 3528/8810 [00:01<00:02, 2443.08it/s]
 43%|████▎     | 3777/8810 [00:01<00:02, 2368.23it/s]
 47%|████▋     | 4170/8810 [00:01<00:01, 2799.98it/s]
 51%|█████     | 4456/8810 [00:01<00:01, 2680.62it/s]
 54%|█████▎    | 4729/8810 [00:01<00:01, 2488.77it/s]
 57%|█████▋    | 4984/8810 [00:01<00:01, 2420.39it/s]
 60%|██████    | 5323/8810 [00:02<00:01, 2677.23it/s]
 64%|██████▎   | 5596/8810 [00:02<00:01, 2666.44it/s]
 67%|██████▋   | 5867/8810 [00:02<00:01, 2639.16it/s]
 70%|██████▉   | 6134/8810 [00:02<00:01, 2538.08it/s]
 73%|███████▎  | 6400/8810 [00:02<00:00, 2553.61it/s]
 77%|███████▋  | 6801/8810 [00:02<00:00, 2963.17it/s]
 81%|████████  | 7101/8810 [00:02<00:00, 2951.59it/s]
 84%|████████▍ | 7399/8810 [00:02<00:00, 2826.46it/s]
 87%|████████▋ | 7703/8810 [00:02<00:00, 2884.42it/s]
 91%|█████████ | 7994/8810 [00:03<00:00, 2565.60it/s]
 94%|█████████▎| 8258/8810 [00:03<00:00, 2422.98it/s]
 97%|█████████▋| 8512/8810 [00:03<00:00, 2449.89it/s]
100%|█████████▉| 8775/8810 [00:03<00:00, 2496.55it/s]
100%|██████████| 8810/8810 [00:03<00:00, 2581.00it/s]
