
  0%|          | 0/8810 [00:00<?, ?it/s]
  2%|▏         | 181/8810 [00:00<00:05, 1510.96it/s]
  5%|▍         | 397/8810 [00:00<00:04, 1862.46it/s]
  7%|▋         | 656/8810 [00:00<00:04, 1949.94it/s]
 10%|▉         | 855/8810 [00:00<00:04, 1957.73it/s]
 12%|█▏        | 1052/8810 [00:00<00:04, 1847.21it/s]
 15%|█▌        | 1328/8810 [00:00<00:03, 2128.16it/s]
 18%|█▊        | 1544/8810 [00:00<00:03, 1931.46it/s]
 21%|██        | 1807/8810 [00:00<00:03, 2129.79it/s]
 23%|██▎       | 2026/8810 [00:01<00:03, 2050.79it/s]
 26%|██▌       | 2263/8810 [00:01<00:03, 2062.69it/s]
 29%|██▉       | 2549/8810 [00:01<00:02, 2284.41it/s]
 32%|███▏      | 2782/8810 [00:01<00:02, 2250.54it/s]
 35%|███▍      | 3057/8810 [00:01<00:02, 2188.87it/s]
 38%|███▊      | 3362/8810 [00:01<00:02, 2419.69it/s]
 41%|████      | 3609/8810 [00:01<00:02, 2235.88it/s]
 44%|████▎     | 3838/8810 [00:01<00:02, 2166.19it/s]
 47%|████▋     | 4153/8810 [00:01<00:01, 2429.28it/s]
 50%|████▉     | 4402/8810 [00:02<00:01, 2309.90it/s]
 53%|█████▎    | 4638/8810 [00:02<00:02, 2004.83it/s]
 55%|█████▌    | 4848/8810 [00:02<00:02, 1866.94it/s]
 57%|█████▋    | 5042/8810 [00:02<00:02, 1679.96it/s]
 60%|██████    | 5314/8810 [00:02<00:01, 1929.59it/s]
 63%|██████▎   | 5518/8810 [00:02<00:01, 1871.65it/s]
 65%|██████▌   | 5754/8810 [00:02<00:01, 1892.59it/s]
 68%|██████▊   | 5949/8810 [00:02<00:01, 1852.21it/s]
 70%|██████▉   | 6138/8810 [00:03<00:01, 1614.54it/s]
 72%|███████▏  | 6322/8810 [00:03<00:01, 1669.47it/s]
 74%|███████▎  | 6495/8810 [00:03<00:01, 1499.23it/s]
 77%|███████▋  | 6751/8810 [00:03<00:01, 1762.86it/s]
 79%|███████▉  | 6972/8810 [00:03<00:01, 1782.57it/s]
 81%|████████  | 7158/8810 [00:03<00:00, 1755.75it/s]
 83%|████████▎ | 7347/8810 [00:03<00:00, 1791.37it/s]
 85%|████████▌ | 7530/8810 [00:03<00:00, 1403.05it/s]
 87%|████████▋ | 7704/8810 [00:04<00:00, 1480.40it/s]
 89%|████████▉ | 7865/8810 [00:04<00:00, 1435.78it/s]
 91%|█████████ | 8037/8810 [00:04<00:00, 1427.32it/s]
 93%|█████████▎| 8214/8810 [00:04<00:00, 1513.73it/s]
 95%|█████████▌| 8374/8810 [00:04<00:00, 1536.06it/s]
 98%|█████████▊| 8640/8810 [00:04<00:00, 1845.98it/s]
100%|██████████| 8810/8810 [00:04<00:00, 1870.26it/s]
