
  0%|          | 0/8810 [00:00<?, ?it/s]
  2%|▏         | 181/8810 [00:00<00:04, 1807.25it/s]
  7%|▋         | 574/8810 [00:00<00:02, 3049.57it/s]
 10%|▉         | 879/8810 [00:00<00:02, 2761.04it/s]
 13%|█▎        | 1158/8810 [00:00<00:02, 2636.82it/s]
 17%|█▋        | 1457/8810 [00:00<00:02, 2528.20it/s]
 19%|█▉        | 1712/8810 [00:00<00:02, 2438.83it/s]
 22%|██▏       | 1958/8810 [00:00<00:03, 2104.49it/s]
 25%|██▌       | 2215/8810 [00:00<00:02, 2227.42it/s]
 28%|██▊       | 2445/8810 [00:01<00:03, 2015.44it/s]
 31%|███       | 2744/8810 [00:01<00:02, 2169.76it/s]
 34%|███▍      | 3017/8810 [00:01<00:02, 2316.82it/s]
 37%|███▋      | 3255/8810 [00:01<00:02, 2218.27it/s]
 40%|███▉      | 3482/8810 [00:01<00:02, 2200.27it/s]
 43%|████▎     | 3768/8810 [00:01<00:02, 2379.54it/s]
 46%|████▌     | 4010/8810 [00:01<00:02, 2381.35it/s]
 48%|████▊     | 4263/8810 [00:01<00:01, 2422.22it/s]
 52%|█████▏    | 4625/8810 [00:01<00:01, 2567.92it/s]
 55%|█████▌    | 4882/8810 [00:02<00:01, 2537.90it/s]
 58%|█████▊    | 5136/8810 [00:02<00:01, 2524.55it/s]
 61%|██████▏   | 5401/8810 [00:02<00:01, 2556.09it/s]
 65%|██████▌   | 5754/8810 [00:02<00:01, 2762.51it/s]
 69%|██████▊   | 6036/8810 [00:02<00:01, 2596.93it/s]
 72%|███████▏  | 6350/8810 [00:02<00:00, 2745.21it/s]
 75%|███████▌  | 6627/8810 [00:02<00:00, 2603.39it/s]
 79%|███████▉  | 6972/8810 [00:02<00:00, 2693.27it/s]
 83%|████████▎ | 7306/8810 [00:02<00:00, 2866.82it/s]
 86%|████████▌ | 7596/8810 [00:03<00:00, 2750.40it/s]
 89%|████████▉ | 7874/8810 [00:03<00:00, 2675.83it/s]
 92%|█████████▏| 8144/8810 [00:03<00:00, 2529.03it/s]
 95%|█████████▌| 8399/8810 [00:03<00:00, 2336.94it/s]
 98%|█████████▊| 8649/8810 [00:03<00:00, 2379.59it/s]
100%|██████████| 8810/8810 [00:03<00:00, 2461.67it/s]
