
  0%|          | 0/8810 [00:00<?, ?it/s]
  2%|▏         | 181/8810 [00:00<00:06, 1426.61it/s]
  4%|▍         | 368/8810 [00:00<00:05, 1657.07it/s]
  6%|▋         | 570/8810 [00:00<00:04, 1802.07it/s]
  9%|▊         | 753/8810 [00:00<00:05, 1511.18it/s]
 11%|█         | 932/8810 [00:00<00:04, 1593.08it/s]
 12%|█▏        | 1097/8810 [00:00<00:05, 1507.61it/s]
 14%|█▍        | 1270/8810 [00:00<00:04, 1565.26it/s]
 16%|█▋        | 1447/8810 [00:00<00:04, 1622.63it/s]
 18%|█▊        | 1612/8810 [00:01<00:04, 1443.04it/s]
 21%|██        | 1813/8810 [00:01<00:04, 1596.49it/s]
 22%|██▏       | 1979/8810 [00:01<00:04, 1410.40it/s]
 25%|██▍       | 2167/8810 [00:01<00:04, 1531.35it/s]
 26%|██▋       | 2328/8810 [00:01<00:04, 1437.35it/s]
 29%|██▉       | 2561/8810 [00:01<00:03, 1668.52it/s]
 31%|███       | 2744/8810 [00:01<00:03, 1641.70it/s]
 33%|███▎      | 2914/8810 [00:01<00:03, 1632.61it/s]
 35%|███▍      | 3081/8810 [00:01<00:03, 1521.81it/s]
 37%|███▋      | 3243/8810 [00:02<00:03, 1543.26it/s]
 39%|███▊      | 3410/8810 [00:02<00:03, 1499.70it/s]
 41%|████      | 3603/8810 [00:02<00:03, 1614.97it/s]
 43%|████▎     | 3771/8810 [00:02<00:03, 1629.37it/s]
 45%|████▍     | 3936/8810 [00:02<00:03, 1486.91it/s]
 47%|████▋     | 4164/8810 [00:02<00:02, 1699.43it/s]
 49%|████▉     | 4339/8810 [00:02<00:02, 1598.59it/s]
 51%|█████▏    | 4520/8810 [00:02<00:02, 1653.81it/s]
 53%|█████▎    | 4689/8810 [00:03<00:02, 1437.76it/s]
 55%|█████▌    | 4857/8810 [00:03<00:02, 1498.56it/s]
 57%|█████▋    | 5013/8810 [00:03<00:02, 1397.46it/s]
 59%|█████▉    | 5196/8810 [00:03<00:02, 1506.79it/s]
 61%|██████    | 5372/8810 [00:03<00:02, 1443.33it/s]
 63%|██████▎   | 5524/8810 [00:03<00:02, 1461.57it/s]
 65%|██████▌   | 5748/8810 [00:03<00:01, 1668.29it/s]
 67%|██████▋   | 5919/8810 [00:03<00:02, 1403.75it/s]
 69%|██████▉   | 6069/8810 [00:03<00:02, 1349.60it/s]
 71%|███████   | 6256/8810 [00:04<00:01, 1476.49it/s]
 73%|███████▎  | 6411/8810 [00:04<00:01, 1395.42it/s]
 75%|███████▌  | 6617/8810 [00:04<00:01, 1567.64it/s]
 78%|███████▊  | 6851/8810 [00:04<00:01, 1773.64it/s]
 80%|███████▉  | 7035/8810 [00:04<00:01, 1647.45it/s]
 82%|████████▏ | 7206/8810 [00:04<00:00, 1636.95it/s]
 84%|████████▎ | 7374/8810 [00:04<00:00, 1588.99it/s]
 86%|████████▌ | 7536/8810 [00:04<00:00, 1539.88it/s]
 88%|████████▊ | 7715/8810 [00:05<00:00, 1511.29it/s]
 89%|████████▉ | 7870/8810 [00:05<00:00, 1521.55it/s]
 91%|█████████ | 8027/8810 [00:05<00:00, 1532.78it/s]
 93%|█████████▎| 8182/8810 [00:05<00:00, 1369.49it/s]
 95%|█████████▍| 8336/8810 [00:05<00:00, 1413.93it/s]
 96%|█████████▋| 8481/8810 [00:05<00:00, 1308.47it/s]
 98%|█████████▊| 8633/8810 [00:05<00:00, 1363.22it/s]
100%|█████████▉| 8773/8810 [00:05<00:00, 1266.07it/s]
100%|██████████| 8810/8810 [00:05<00:00, 1511.46it/s]
