
  0%|          | 0/8810 [00:00<?, ?it/s]
  2%|▏         | 181/8810 [00:00<00:05, 1585.19it/s]
  5%|▍         | 411/8810 [00:00<00:04, 1974.76it/s]
  7%|▋         | 638/8810 [00:00<00:03, 2101.99it/s]
 10%|▉         | 850/8810 [00:00<00:04, 1703.08it/s]
 12%|█▏        | 1030/8810 [00:00<00:04, 1636.69it/s]
 14%|█▍        | 1232/8810 [00:00<00:04, 1748.47it/s]
 16%|█▋        | 1437/8810 [00:00<00:04, 1837.33it/s]
 18%|█▊        | 1626/8810 [00:00<00:04, 1715.63it/s]
 21%|██        | 1821/8810 [00:01<00:04, 1662.10it/s]
 23%|██▎       | 2026/8810 [00:01<00:03, 1764.86it/s]
 25%|██▌       | 2236/8810 [00:01<00:03, 1857.56it/s]
 28%|██▊       | 2426/8810 [00:01<00:03, 1757.57it/s]
 30%|███       | 2668/8810 [00:01<00:03, 1939.47it/s]
 33%|███▎      | 2866/8810 [00:01<00:03, 1829.26it/s]
 35%|███▍      | 3053/8810 [00:01<00:03, 1769.94it/s]
 37%|███▋      | 3233/8810 [00:01<00:03, 1645.54it/s]
 39%|███▊      | 3410/8810 [00:01<00:03, 1589.43it/s]
 41%|████      | 3618/8810 [00:02<00:03, 1715.93it/s]
 43%|████▎     | 3793/8810 [00:02<00:03, 1647.36it/s]
 45%|████▌     | 3975/8810 [00:02<00:02, 1692.18it/s]
 47%|████▋     | 4180/8810 [00:02<00:02, 1685.49it/s]
 50%|████▉     | 4393/8810 [00:02<00:02, 1802.72it/s]
 52%|█████▏    | 4587/8810 [00:02<00:02, 1840.89it/s]
 54%|█████▍    | 4773/8810 [00:02<00:02, 1680.25it/s]
 56%|█████▌    | 4945/8810 [00:02<00:02, 1463.01it/s]
 58%|█████▊    | 5122/8810 [00:02<00:02, 1538.05it/s]
 60%|██████    | 5325/8810 [00:03<00:02, 1666.13it/s]
 62%|██████▏   | 5498/8810 [00:03<00:02, 1604.69it/s]
 65%|██████▌   | 5735/8810 [00:03<00:01, 1810.91it/s]
 67%|██████▋   | 5922/8810 [00:03<00:01, 1617.01it/s]
 69%|██████▉   | 6091/8810 [00:03<00:01, 1622.69it/s]
 72%|███████▏  | 6306/8810 [00:03<00:01, 1760.02it/s]
 74%|███████▎  | 6487/8810 [00:03<00:01, 1660.26it/s]
 76%|███████▋  | 6732/8810 [00:03<00:01, 1872.45it/s]
 79%|███████▉  | 6960/8810 [00:03<00:00, 1983.95it/s]
 81%|████████▏ | 7163/8810 [00:04<00:00, 1746.62it/s]
 84%|████████▎ | 7360/8810 [00:04<00:00, 1714.37it/s]
 86%|████████▌ | 7537/8810 [00:04<00:00, 1714.76it/s]
 88%|████████▊ | 7715/8810 [00:04<00:00, 1664.96it/s]
 90%|████████▉ | 7885/8810 [00:04<00:00, 1630.64it/s]
 91%|█████████▏| 8050/8810 [00:04<00:00, 1496.71it/s]
 93%|█████████▎| 8209/8810 [00:04<00:00, 1519.78it/s]
 95%|█████████▍| 8364/8810 [00:04<00:00, 1458.80it/s]
 97%|█████████▋| 8563/8810 [00:05<00:00, 1602.48it/s]
 99%|█████████▉| 8726/8810 [00:05<00:00, 1569.95it/s]
100%|██████████| 8810/8810 [00:05<00:00, 1698.18it/s]
