
  0%|          | 0/8810 [00:00<?, ?it/s]
  2%|▏         | 192/8810 [00:00<00:04, 1908.13it/s]
  6%|▌         | 521/8810 [00:00<00:03, 2718.33it/s]
  9%|▉         | 794/8810 [00:00<00:03, 2412.03it/s]
 12%|█▏        | 1039/8810 [00:00<00:03, 2180.75it/s]
 14%|█▍        | 1270/8810 [00:00<00:03, 2221.46it/s]
 17%|█▋        | 1496/8810 [00:00<00:03, 2098.30it/s]
 20%|██        | 1766/8810 [00:00<00:03, 2273.72it/s]
 23%|██▎       | 1997/8810 [00:00<00:03, 1992.23it/s]
 26%|██▌       | 2263/8810 [00:01<00:03, 2074.05it/s]
 29%|██▉       | 2562/8810 [00:01<00:02, 2316.30it/s]
 32%|███▏      | 2801/8810 [00:01<00:02, 2209.59it/s]
 35%|███▍      | 3057/8810 [00:01<00:02, 2149.47it/s]
 37%|███▋      | 3297/8810 [00:01<00:02, 2215.77it/s]
 40%|███▉      | 3523/8810 [00:01<00:02, 2148.97it/s]
 43%|████▎     | 3774/8810 [00:01<00:02, 2120.26it/s]
 46%|████▌     | 4063/8810 [00:01<00:02, 2323.35it/s]
 49%|████▉     | 4299/8810 [00:01<00:02, 2100.63it/s]
 52%|█████▏    | 4576/8810 [00:02<00:01, 2268.62it/s]
 55%|█████▍    | 4809/8810 [00:02<00:01, 2159.86it/s]
 57%|█████▋    | 5030/8810 [00:02<00:01, 2048.81it/s]
 60%|█████▉    | 5268/8810 [00:02<00:01, 2134.25it/s]
 62%|██████▏   | 5486/8810 [00:02<00:01, 2049.02it/s]
 65%|██████▌   | 5754/8810 [00:02<00:01, 2097.94it/s]
 68%|██████▊   | 5966/8810 [00:02<00:01, 2059.67it/s]
 70%|███████   | 6173/8810 [00:02<00:01, 1862.27it/s]
 73%|███████▎  | 6400/8810 [00:03<00:01, 1861.99it/s]
 76%|███████▋  | 6725/8810 [00:03<00:00, 2221.36it/s]
 79%|███████▉  | 6972/8810 [00:03<00:00, 2240.14it/s]
 82%|████████▏ | 7201/8810 [00:03<00:00, 2195.09it/s]
 84%|████████▍ | 7424/8810 [00:03<00:00, 2114.68it/s]
 87%|████████▋ | 7667/8810 [00:03<00:00, 2199.07it/s]
 90%|████████▉ | 7890/8810 [00:03<00:00, 2041.36it/s]
 92%|█████████▏| 8098/8810 [00:03<00:00, 1960.58it/s]
 95%|█████████▍| 8336/8810 [00:03<00:00, 2068.73it/s]
 97%|█████████▋| 8546/8810 [00:04<00:00, 1945.15it/s]
 99%|█████████▉| 8744/8810 [00:04<00:00, 1885.35it/s]
100%|██████████| 8810/8810 [00:04<00:00, 2114.37it/s]
