
  0%|          | 0/8810 [00:00<?, ?it/s]
  2%|▏         | 181/8810 [00:00<00:05, 1668.06it/s]
  5%|▍         | 422/8810 [00:00<00:04, 2080.28it/s]
  7%|▋         | 656/8810 [00:00<00:04, 1908.28it/s]
 10%|▉         | 866/8810 [00:00<00:04, 1971.12it/s]
 12%|█▏        | 1066/8810 [00:00<00:04, 1846.33it/s]
 14%|█▍        | 1265/8810 [00:00<00:04, 1885.55it/s]
 17%|█▋        | 1457/8810 [00:00<00:04, 1714.19it/s]
 19%|█▊        | 1648/8810 [00:00<00:04, 1768.18it/s]
 21%|██        | 1828/8810 [00:01<00:04, 1649.62it/s]
 23%|██▎       | 2031/8810 [00:01<00:03, 1752.46it/s]
 26%|██▌       | 2258/8810 [00:01<00:03, 1894.19it/s]
 28%|██▊       | 2451/8810 [00:01<00:03, 1696.27it/s]
 30%|███       | 2654/8810 [00:01<00:03, 1780.98it/s]
 32%|███▏      | 2838/8810 [00:01<00:03, 1591.29it/s]
 34%|███▍      | 3018/8810 [00:01<00:03, 1644.70it/s]
 36%|███▌      | 3188/8810 [00:01<00:03, 1569.97it/s]
 39%|███▊      | 3394/8810 [00:01<00:03, 1694.97it/s]
 40%|████      | 3568/8810 [00:02<00:03, 1604.84it/s]
 43%|████▎     | 3774/8810 [00:02<00:03, 1652.21it/s]
 46%|████▌     | 4017/8810 [00:02<00:02, 1859.20it/s]
 48%|████▊     | 4207/8810 [00:02<00:02, 1816.54it/s]
 51%|█████     | 4468/8810 [00:02<00:02, 2031.07it/s]
 53%|█████▎    | 4675/8810 [00:02<00:02, 1866.30it/s]
 55%|█████▌    | 4867/8810 [00:02<00:02, 1868.37it/s]
 57%|█████▋    | 5058/8810 [00:02<00:02, 1664.44it/s]
 60%|█████▉    | 5253/8810 [00:02<00:02, 1738.13it/s]
 62%|██████▏   | 5432/8810 [00:03<00:02, 1635.56it/s]
 64%|██████▍   | 5637/8810 [00:03<00:01, 1741.61it/s]
 66%|██████▌   | 5816/8810 [00:03<00:01, 1690.28it/s]
 68%|██████▊   | 5989/8810 [00:03<00:01, 1644.34it/s]
 70%|██████▉   | 6156/8810 [00:03<00:01, 1492.50it/s]
 72%|███████▏  | 6359/8810 [00:03<00:01, 1630.20it/s]
 74%|███████▍  | 6527/8810 [00:03<00:01, 1565.92it/s]
 77%|███████▋  | 6790/8810 [00:03<00:01, 1847.01it/s]
 79%|███████▉  | 6980/8810 [00:03<00:00, 1856.65it/s]
 81%|████████▏ | 7180/8810 [00:04<00:00, 1894.92it/s]
 84%|████████▎ | 7373/8810 [00:04<00:00, 1792.04it/s]
 86%|████████▌ | 7556/8810 [00:04<00:00, 1767.17it/s]
 88%|████████▊ | 7735/8810 [00:04<00:00, 1740.02it/s]
 90%|█████████ | 7931/8810 [00:04<00:00, 1799.87it/s]
 92%|█████████▏| 8113/8810 [00:04<00:00, 1623.63it/s]
 94%|█████████▍| 8286/8810 [00:04<00:00, 1651.39it/s]
 96%|█████████▌| 8455/8810 [00:04<00:00, 1537.20it/s]
 98%|█████████▊| 8631/8810 [00:04<00:00, 1594.31it/s]
100%|█████████▉| 8794/8810 [00:05<00:00, 1508.82it/s]
100%|██████████| 8810/8810 [00:05<00:00, 1718.05it/s]
