
  0%|          | 0/8810 [00:00<?, ?it/s]
  2%|▏         | 181/8810 [00:00<00:05, 1587.05it/s]
  5%|▍         | 426/8810 [00:00<00:04, 2061.34it/s]
  7%|▋         | 656/8810 [00:00<00:04, 1954.81it/s]
 10%|▉         | 854/8810 [00:00<00:04, 1917.21it/s]
 12%|█▏        | 1047/8810 [00:00<00:04, 1745.40it/s]
 14%|█▍        | 1244/8810 [00:00<00:04, 1812.32it/s]
 16%|█▌        | 1428/8810 [00:00<00:04, 1764.62it/s]
 18%|█▊        | 1606/8810 [00:00<00:04, 1495.47it/s]
 21%|██        | 1821/8810 [00:01<00:04, 1562.25it/s]
 22%|██▏       | 1982/8810 [00:01<00:04, 1546.88it/s]
 25%|██▌       | 2204/8810 [00:01<00:03, 1718.42it/s]
 27%|██▋       | 2381/8810 [00:01<00:04, 1501.07it/s]
 30%|██▉       | 2622/8810 [00:01<00:03, 1731.75it/s]
 32%|███▏      | 2805/8810 [00:01<00:03, 1672.49it/s]
 35%|███▍      | 3057/8810 [00:01<00:03, 1749.52it/s]
 37%|███▋      | 3243/8810 [00:01<00:03, 1773.70it/s]
 39%|███▉      | 3424/8810 [00:01<00:03, 1765.36it/s]
 41%|████      | 3603/8810 [00:02<00:03, 1621.62it/s]
 43%|████▎     | 3774/8810 [00:02<00:03, 1560.98it/s]
 45%|████▍     | 3951/8810 [00:02<00:03, 1614.65it/s]
 47%|████▋     | 4180/8810 [00:02<00:02, 1660.63it/s]
 50%|█████     | 4443/8810 [00:02<00:02, 1914.86it/s]
 53%|█████▎    | 4639/8810 [00:02<00:02, 1764.65it/s]
 55%|█████▍    | 4837/8810 [00:02<00:02, 1815.10it/s]
 57%|█████▋    | 5023/8810 [00:02<00:02, 1709.90it/s]
 59%|█████▉    | 5239/8810 [00:03<00:01, 1828.73it/s]
 62%|██████▏   | 5426/8810 [00:03<00:01, 1709.76it/s]
 65%|██████▍   | 5686/8810 [00:03<00:01, 1946.27it/s]
 67%|██████▋   | 5886/8810 [00:03<00:01, 1810.82it/s]
 69%|██████▉   | 6073/8810 [00:03<00:01, 1681.25it/s]
 71%|███████   | 6256/8810 [00:03<00:01, 1719.40it/s]
 73%|███████▎  | 6432/8810 [00:03<00:01, 1615.59it/s]
 75%|███████▍  | 6604/8810 [00:03<00:01, 1640.80it/s]
 78%|███████▊  | 6859/8810 [00:03<00:01, 1888.38it/s]
 80%|████████  | 7052/8810 [00:04<00:00, 1793.80it/s]
 82%|████████▏ | 7235/8810 [00:04<00:00, 1785.98it/s]
 84%|████████▍ | 7416/8810 [00:04<00:00, 1764.68it/s]
 86%|████████▌ | 7595/8810 [00:04<00:00, 1730.56it/s]
 88%|████████▊ | 7770/8810 [00:04<00:00, 1564.27it/s]
 90%|█████████ | 7956/8810 [00:04<00:00, 1637.09it/s]
 92%|█████████▏| 8123/8810 [00:04<00:00, 1452.62it/s]
 94%|█████████▍| 8325/8810 [00:04<00:00, 1595.84it/s]
 96%|█████████▋| 8491/8810 [00:05<00:00, 1439.47it/s]
 99%|█████████▊| 8693/8810 [00:05<00:00, 1580.85it/s]
100%|██████████| 8810/8810 [00:05<00:00, 1687.04it/s]
