
  0%|          | 0/8810 [00:00<?, ?it/s]
  2%|▏         | 181/8810 [00:00<00:06, 1400.94it/s]
  5%|▍         | 403/8810 [00:00<00:04, 1827.83it/s]
  7%|▋         | 610/8810 [00:00<00:04, 1928.05it/s]
  9%|▉         | 807/8810 [00:00<00:04, 1627.01it/s]
 11%|█         | 978/8810 [00:00<00:05, 1538.25it/s]
 13%|█▎        | 1137/8810 [00:00<00:05, 1419.17it/s]
 15%|█▌        | 1330/8810 [00:00<00:04, 1559.85it/s]
 17%|█▋        | 1491/8810 [00:00<00:05, 1427.58it/s]
 19%|█▉        | 1707/8810 [00:01<00:04, 1619.70it/s]
 21%|██▏       | 1876/8810 [00:01<00:04, 1478.12it/s]
 24%|██▎       | 2092/8810 [00:01<00:04, 1653.50it/s]
 26%|██▌       | 2265/8810 [00:01<00:04, 1561.60it/s]
 28%|██▊       | 2479/8810 [00:01<00:03, 1710.35it/s]
 31%|███       | 2743/8810 [00:01<00:03, 1962.47it/s]
 33%|███▎      | 2946/8810 [00:01<00:03, 1726.65it/s]
 36%|███▌      | 3128/8810 [00:01<00:03, 1666.40it/s]
 38%|███▊      | 3316/8810 [00:02<00:03, 1721.19it/s]
 40%|███▉      | 3494/8810 [00:02<00:03, 1589.22it/s]
 42%|████▏     | 3725/8810 [00:02<00:02, 1777.59it/s]
 44%|████▍     | 3909/8810 [00:02<00:03, 1622.29it/s]
 47%|████▋     | 4175/8810 [00:02<00:02, 1890.79it/s]
 50%|████▉     | 4373/8810 [00:02<00:02, 1777.85it/s]
 52%|█████▏    | 4564/8810 [00:02<00:02, 1809.69it/s]
 54%|█████▍    | 4751/8810 [00:02<00:02, 1574.34it/s]
 56%|█████▌    | 4932/8810 [00:03<00:02, 1492.03it/s]
 59%|█████▊    | 5165/8810 [00:03<00:02, 1698.27it/s]
 61%|██████    | 5358/8810 [00:03<00:01, 1753.10it/s]
 63%|██████▎   | 5541/8810 [00:03<00:01, 1636.54it/s]
 65%|██████▌   | 5754/8810 [00:03<00:01, 1644.43it/s]
 67%|██████▋   | 5923/8810 [00:03<00:01, 1633.15it/s]
 69%|██████▉   | 6089/8810 [00:03<00:01, 1612.81it/s]
 72%|███████▏  | 6302/8810 [00:03<00:01, 1750.64it/s]
 74%|███████▎  | 6480/8810 [00:03<00:01, 1646.93it/s]
 76%|███████▋  | 6733/8810 [00:04<00:01, 1887.59it/s]
 79%|███████▉  | 6972/8810 [00:04<00:00, 1843.20it/s]
 81%|████████▏ | 7163/8810 [00:04<00:00, 1860.56it/s]
 84%|████████▎ | 7360/8810 [00:04<00:00, 1747.30it/s]
 86%|████████▌ | 7538/8810 [00:04<00:00, 1724.54it/s]
 88%|████████▊ | 7715/8810 [00:04<00:00, 1685.05it/s]
 90%|████████▉ | 7885/8810 [00:04<00:00, 1657.53it/s]
 91%|█████████▏| 8052/8810 [00:04<00:00, 1442.91it/s]
 93%|█████████▎| 8201/8810 [00:04<00:00, 1443.23it/s]
 95%|█████████▍| 8361/8810 [00:05<00:00, 1431.75it/s]
 97%|█████████▋| 8551/8810 [00:05<00:00, 1554.04it/s]
 99%|█████████▉| 8710/8810 [00:05<00:00, 1467.06it/s]
100%|██████████| 8810/8810 [00:05<00:00, 1647.53it/s]
