
  0%|          | 0/8810 [00:00<?, ?it/s]
  2%|▏         | 200/8810 [00:00<00:04, 1997.72it/s]
  6%|▌         | 489/8810 [00:00<00:03, 2518.83it/s]
  8%|▊         | 741/8810 [00:00<00:03, 2512.26it/s]
 11%|█▏        | 996/8810 [00:00<00:03, 2343.59it/s]
 14%|█▍        | 1233/8810 [00:00<00:03, 2332.01it/s]
 17%|█▋        | 1468/8810 [00:00<00:03, 2014.75it/s]
 19%|█▉        | 1677/8810 [00:00<00:03, 1809.27it/s]
 21%|██        | 1865/8810 [00:00<00:04, 1592.66it/s]
 25%|██▍       | 2175/8810 [00:01<00:03, 1965.94it/s]
 27%|██▋       | 2386/8810 [00:01<00:03, 1888.38it/s]
 31%|███       | 2744/8810 [00:01<00:02, 2181.72it/s]
 34%|███▍      | 3005/8810 [00:01<00:02, 2286.60it/s]
 37%|███▋      | 3240/8810 [00:01<00:02, 2197.58it/s]
 39%|███▉      | 3465/8810 [00:01<00:02, 1928.53it/s]
 43%|████▎     | 3774/8810 [00:01<00:02, 2079.47it/s]
 46%|████▋     | 4085/8810 [00:01<00:02, 2334.40it/s]
 49%|████▉     | 4328/8810 [00:02<00:01, 2261.41it/s]
 52%|█████▏    | 4582/8810 [00:02<00:01, 2334.44it/s]
 55%|█████▍    | 4821/8810 [00:02<00:01, 2226.79it/s]
 57%|█████▋    | 5048/8810 [00:02<00:01, 2051.69it/s]
 61%|██████    | 5346/8810 [00:02<00:01, 2294.09it/s]
 63%|██████▎   | 5583/8810 [00:02<00:01, 2286.47it/s]
 66%|██████▌   | 5820/8810 [00:02<00:01, 2309.55it/s]
 69%|██████▊   | 6055/8810 [00:02<00:01, 2078.73it/s]
 71%|███████▏  | 6295/8810 [00:02<00:01, 2163.31it/s]
 74%|███████▍  | 6517/8810 [00:03<00:01, 2119.56it/s]
 78%|███████▊  | 6887/8810 [00:03<00:00, 2552.84it/s]
 81%|████████  | 7149/8810 [00:03<00:00, 2436.26it/s]
 84%|████████▍ | 7398/8810 [00:03<00:00, 2264.43it/s]
 87%|████████▋ | 7669/8810 [00:03<00:00, 2378.28it/s]
 90%|████████▉ | 7912/8810 [00:03<00:00, 2213.57it/s]
 92%|█████████▏| 8139/8810 [00:03<00:00, 1955.16it/s]
 95%|█████████▍| 8361/8810 [00:03<00:00, 1923.05it/s]
 98%|█████████▊| 8612/8810 [00:04<00:00, 2070.79it/s]
100%|██████████| 8810/8810 [00:04<00:00, 2134.69it/s]
