
  0%|          | 0/8810 [00:00<?, ?it/s]
  3%|▎         | 289/8810 [00:00<00:02, 2889.02it/s]
  7%|▋         | 656/8810 [00:00<00:02, 3007.93it/s]
 11%|█         | 979/8810 [00:00<00:02, 3099.70it/s]
 15%|█▍        | 1290/8810 [00:00<00:02, 3026.49it/s]
 18%|█▊        | 1593/8810 [00:00<00:02, 2910.15it/s]
 21%|██▏       | 1885/8810 [00:00<00:02, 2863.26it/s]
 26%|██▌       | 2263/8810 [00:00<00:02, 2997.61it/s]
 30%|██▉       | 2627/8810 [00:00<00:01, 3183.51it/s]
 33%|███▎      | 2947/8810 [00:00<00:01, 3034.21it/s]
 37%|███▋      | 3252/8810 [00:01<00:01, 2924.12it/s]
 40%|████      | 3546/8810 [00:01<00:01, 2911.91it/s]
 44%|████▎     | 3847/8810 [00:01<00:01, 2934.31it/s]
 47%|████▋     | 4182/8810 [00:01<00:01, 3052.05it/s]
 52%|█████▏    | 4555/8810 [00:01<00:01, 3246.55it/s]
 55%|█████▌    | 4881/8810 [00:01<00:01, 2960.78it/s]
 59%|█████▉    | 5183/8810 [00:01<00:01, 2493.58it/s]
 62%|██████▏   | 5448/8810 [00:01<00:01, 2306.04it/s]
 65%|██████▌   | 5754/8810 [00:02<00:01, 2372.07it/s]
 69%|██████▊   | 6036/8810 [00:02<00:01, 2361.28it/s]
 72%|███████▏  | 6378/8810 [00:02<00:00, 2629.41it/s]
 75%|███████▌  | 6650/8810 [00:02<00:00, 2554.44it/s]
 79%|███████▉  | 6972/8810 [00:02<00:00, 2630.48it/s]
 82%|████████▏ | 7240/8810 [00:02<00:00, 2577.46it/s]
 85%|████████▌ | 7501/8810 [00:02<00:00, 2323.52it/s]
 88%|████████▊ | 7739/8810 [00:02<00:00, 2262.99it/s]
 91%|█████████ | 7995/8810 [00:02<00:00, 2340.13it/s]
 93%|█████████▎| 8233/8810 [00:03<00:00, 2122.21it/s]
 96%|█████████▋| 8488/8810 [00:03<00:00, 2231.74it/s]
 99%|█████████▉| 8728/8810 [00:03<00:00, 2275.10it/s]
100%|██████████| 8810/8810 [00:03<00:00, 2644.00it/s]
