
  0%|          | 0/8810 [00:00<?, ?it/s]
  4%|▍         | 338/8810 [00:00<00:02, 3375.46it/s]
  8%|▊         | 696/8810 [00:00<00:02, 3472.36it/s]
 12%|█▏        | 1044/8810 [00:00<00:02, 3374.89it/s]
 16%|█▋        | 1451/8810 [00:00<00:02, 3643.45it/s]
 21%|██        | 1817/8810 [00:00<00:01, 3546.43it/s]
 25%|██▍       | 2173/8810 [00:00<00:01, 3523.66it/s]
 29%|██▊       | 2526/8810 [00:00<00:01, 3411.57it/s]
 33%|███▎      | 2882/8810 [00:00<00:01, 3453.15it/s]
 37%|███▋      | 3229/8810 [00:00<00:01, 3321.73it/s]
 40%|████      | 3563/8810 [00:01<00:01, 3209.69it/s]
 44%|████▍     | 3901/8810 [00:01<00:01, 3257.55it/s]
 48%|████▊     | 4269/8810 [00:01<00:01, 3379.95it/s]
 52%|█████▏    | 4625/8810 [00:01<00:01, 3358.75it/s]
 56%|█████▋    | 4962/8810 [00:01<00:01, 3134.96it/s]
 61%|██████    | 5372/8810 [00:01<00:01, 3214.79it/s]
 65%|██████▌   | 5754/8810 [00:01<00:00, 3323.61it/s]
 69%|██████▉   | 6089/8810 [00:01<00:00, 3199.07it/s]
 73%|███████▎  | 6411/8810 [00:01<00:00, 3124.03it/s]
 78%|███████▊  | 6863/8810 [00:02<00:00, 3508.95it/s]
 82%|████████▏ | 7218/8810 [00:02<00:00, 3375.46it/s]
 86%|████████▌ | 7559/8810 [00:02<00:00, 3249.17it/s]
 90%|████████▉ | 7887/8810 [00:02<00:00, 3054.02it/s]
 93%|█████████▎| 8196/8810 [00:02<00:00, 2951.59it/s]
 96%|█████████▋| 8494/8810 [00:02<00:00, 2868.78it/s]
100%|██████████| 8810/8810 [00:02<00:00, 3241.83it/s]
