
  0%|          | 0/8810 [00:00<?, ?it/s]
  4%|▍         | 368/8810 [00:00<00:02, 3678.42it/s]
  8%|▊         | 745/8810 [00:00<00:02, 3725.01it/s]
 13%|█▎        | 1118/8810 [00:00<00:02, 3650.11it/s]
 17%|█▋        | 1484/8810 [00:00<00:02, 3459.50it/s]
 21%|██        | 1832/8810 [00:00<00:02, 3397.66it/s]
 25%|██▌       | 2233/8810 [00:00<00:01, 3594.74it/s]
 30%|██▉       | 2615/8810 [00:00<00:01, 3663.53it/s]
 34%|███▍      | 2983/8810 [00:00<00:01, 3494.12it/s]
 38%|███▊      | 3335/8810 [00:00<00:01, 3419.86it/s]
 42%|████▏     | 3679/8810 [00:01<00:01, 3388.53it/s]
 46%|████▌     | 4027/8810 [00:01<00:01, 3414.97it/s]
 50%|████▉     | 4402/8810 [00:01<00:01, 3509.63it/s]
 54%|█████▍    | 4754/8810 [00:01<00:01, 3376.47it/s]
 58%|█████▊    | 5094/8810 [00:01<00:01, 3268.77it/s]
 62%|██████▏   | 5423/8810 [00:01<00:01, 3254.26it/s]
 66%|██████▌   | 5784/8810 [00:01<00:00, 3352.23it/s]
 69%|██████▉   | 6121/8810 [00:01<00:00, 3180.04it/s]
 73%|███████▎  | 6444/8810 [00:01<00:00, 3193.66it/s]
 78%|███████▊  | 6887/8810 [00:02<00:00, 3541.72it/s]
 82%|████████▏ | 7244/8810 [00:02<00:00, 3424.31it/s]
 86%|████████▌ | 7589/8810 [00:02<00:00, 3384.38it/s]
 90%|█████████ | 7929/8810 [00:02<00:00, 3323.20it/s]
 94%|█████████▍| 8263/8810 [00:02<00:00, 3113.75it/s]
 97%|█████████▋| 8578/8810 [00:02<00:00, 3098.81it/s]
100%|██████████| 8810/8810 [00:02<00:00, 3351.22it/s]
