
  0%|          | 0/8810 [00:00<?, ?it/s]
  4%|▍         | 362/8810 [00:00<00:02, 3605.88it/s]
  8%|▊         | 723/8810 [00:00<00:02, 3499.77it/s]
 12%|█▏        | 1074/8810 [00:00<00:02, 3491.30it/s]
 17%|█▋        | 1457/8810 [00:00<00:02, 3425.28it/s]
 21%|██        | 1821/8810 [00:00<00:02, 3326.21it/s]
 25%|██▌       | 2219/8810 [00:00<00:01, 3520.47it/s]
 29%|██▉       | 2573/8810 [00:00<00:01, 3522.26it/s]
 33%|███▎      | 2927/8810 [00:00<00:01, 3437.53it/s]
 37%|███▋      | 3272/8810 [00:00<00:01, 3323.93it/s]
 41%|████      | 3606/8810 [00:01<00:01, 3282.30it/s]
 45%|████▍     | 3935/8810 [00:01<00:01, 3258.72it/s]
 49%|████▉     | 4332/8810 [00:01<00:01, 3464.56it/s]
 53%|█████▎    | 4680/8810 [00:01<00:01, 3423.24it/s]
 57%|█████▋    | 5024/8810 [00:01<00:01, 3285.70it/s]
 61%|██████    | 5372/8810 [00:01<00:01, 3288.69it/s]
 65%|██████▌   | 5754/8810 [00:01<00:00, 3354.22it/s]
 69%|██████▉   | 6091/8810 [00:01<00:00, 3277.87it/s]
 73%|███████▎  | 6420/8810 [00:01<00:00, 3250.07it/s]
 78%|███████▊  | 6869/8810 [00:02<00:00, 3604.26it/s]
 82%|████████▏ | 7232/8810 [00:02<00:00, 3457.68it/s]
 86%|████████▌ | 7580/8810 [00:02<00:00, 3422.10it/s]
 90%|████████▉ | 7924/8810 [00:02<00:00, 3390.47it/s]
 94%|█████████▍| 8264/8810 [00:02<00:00, 3236.49it/s]
 98%|█████████▊| 8591/8810 [00:02<00:00, 3244.67it/s]
100%|██████████| 8810/8810 [00:02<00:00, 3357.89it/s]
