
  0%|          | 0/8810 [00:00<?, ?it/s]
  2%|▏         | 181/8810 [00:00<00:06, 1346.64it/s]
  5%|▍         | 411/8810 [00:00<00:04, 1832.88it/s]
  7%|▋         | 628/8810 [00:00<00:04, 1973.11it/s]
  9%|▉         | 831/8810 [00:00<00:04, 1701.16it/s]
 11%|█▏        | 1009/8810 [00:00<00:05, 1541.27it/s]
 14%|█▎        | 1196/8810 [00:00<00:04, 1633.59it/s]
 15%|█▌        | 1365/8810 [00:00<00:04, 1535.25it/s]
 17%|█▋        | 1523/8810 [00:00<00:04, 1486.15it/s]
 19%|█▉        | 1709/8810 [00:01<00:04, 1588.49it/s]
 21%|██        | 1871/8810 [00:01<00:05, 1339.92it/s]
 23%|██▎       | 2066/8810 [00:01<00:04, 1491.55it/s]
 26%|██▌       | 2258/8810 [00:01<00:04, 1601.08it/s]
 28%|██▊       | 2426/8810 [00:01<00:04, 1510.41it/s]
 29%|██▉       | 2594/8810 [00:01<00:04, 1546.29it/s]
 31%|███▏      | 2754/8810 [00:01<00:04, 1419.46it/s]
 33%|███▎      | 2901/8810 [00:01<00:04, 1391.73it/s]
 35%|███▍      | 3054/8810 [00:02<00:04, 1428.04it/s]
 36%|███▋      | 3200/8810 [00:02<00:04, 1292.59it/s]
 38%|███▊      | 3363/8810 [00:02<00:03, 1376.14it/s]
 40%|███▉      | 3505/8810 [00:02<00:04, 1259.13it/s]
 42%|████▏     | 3659/8810 [00:02<00:03, 1332.02it/s]
 43%|████▎     | 3797/8810 [00:02<00:03, 1321.92it/s]
 45%|████▌     | 3972/8810 [00:02<00:03, 1435.33it/s]
 47%|████▋     | 4180/8810 [00:02<00:03, 1495.57it/s]
 50%|████▉     | 4394/8810 [00:02<00:02, 1665.08it/s]
 52%|█████▏    | 4564/8810 [00:03<00:02, 1618.83it/s]
 54%|█████▎    | 4728/8810 [00:03<00:02, 1446.70it/s]
 56%|█████▌    | 4893/8810 [00:03<00:02, 1491.81it/s]
 57%|█████▋    | 5046/8810 [00:03<00:02, 1395.37it/s]
 59%|█████▉    | 5232/8810 [00:03<00:02, 1518.00it/s]
 61%|██████    | 5388/8810 [00:03<00:02, 1452.14it/s]
 63%|██████▎   | 5566/8810 [00:03<00:02, 1538.24it/s]
 65%|██████▌   | 5754/8810 [00:03<00:02, 1492.07it/s]
 67%|██████▋   | 5906/8810 [00:03<00:02, 1407.86it/s]
 69%|██████▊   | 6049/8810 [00:04<00:02, 1325.26it/s]
 71%|███████   | 6252/8810 [00:04<00:01, 1507.49it/s]
 73%|███████▎  | 6407/8810 [00:04<00:01, 1403.20it/s]
 75%|███████▌  | 6615/8810 [00:04<00:01, 1581.24it/s]
 77%|███████▋  | 6822/8810 [00:04<00:01, 1708.27it/s]
 79%|███████▉  | 6998/8810 [00:04<00:01, 1591.67it/s]
 81%|████████▏ | 7166/8810 [00:04<00:01, 1612.76it/s]
 83%|████████▎ | 7331/8810 [00:04<00:00, 1596.12it/s]
 85%|████████▌ | 7493/8810 [00:05<00:00, 1497.26it/s]
 87%|████████▋ | 7669/8810 [00:05<00:00, 1565.72it/s]
 89%|████████▉ | 7828/8810 [00:05<00:00, 1375.27it/s]
 91%|█████████ | 7981/8810 [00:05<00:00, 1411.92it/s]
 92%|█████████▏| 8127/8810 [00:05<00:00, 1297.59it/s]
 94%|█████████▍| 8269/8810 [00:05<00:00, 1328.92it/s]
 95%|█████████▌| 8406/8810 [00:05<00:00, 1201.30it/s]
 98%|█████████▊| 8597/8810 [00:05<00:00, 1376.59it/s]
 99%|█████████▉| 8741/8810 [00:05<00:00, 1299.37it/s]
100%|██████████| 8810/8810 [00:06<00:00, 1467.66it/s]
