
  0%|          | 0/8810 [00:00<?, ?it/s]
  2%|▏         | 181/8810 [00:00<00:05, 1511.42it/s]
  5%|▍         | 427/8810 [00:00<00:04, 2015.64it/s]
  7%|▋         | 656/8810 [00:00<00:04, 1865.46it/s]
 10%|▉         | 856/8810 [00:00<00:04, 1911.44it/s]
 12%|█▏        | 1050/8810 [00:00<00:04, 1726.11it/s]
 14%|█▍        | 1276/8810 [00:00<00:03, 1883.63it/s]
 17%|█▋        | 1469/8810 [00:00<00:04, 1718.89it/s]
 19%|█▉        | 1695/8810 [00:00<00:03, 1869.71it/s]
 21%|██▏       | 1888/8810 [00:01<00:04, 1632.81it/s]
 24%|██▍       | 2132/8810 [00:01<00:03, 1843.27it/s]
 26%|██▋       | 2326/8810 [00:01<00:03, 1748.94it/s]
 29%|██▉       | 2593/8810 [00:01<00:03, 1988.93it/s]
 32%|███▏      | 2800/8810 [00:01<00:03, 1821.58it/s]
 34%|███▍      | 2990/8810 [00:01<00:03, 1810.75it/s]
 36%|███▌      | 3177/8810 [00:01<00:03, 1670.77it/s]
 38%|███▊      | 3375/8810 [00:01<00:03, 1748.86it/s]
 40%|████      | 3555/8810 [00:02<00:03, 1633.20it/s]
 43%|████▎     | 3774/8810 [00:02<00:03, 1646.46it/s]
 45%|████▌     | 4008/8810 [00:02<00:02, 1825.25it/s]
 48%|████▊     | 4196/8810 [00:02<00:02, 1753.15it/s]
 50%|█████     | 4430/8810 [00:02<00:02, 1910.63it/s]
 53%|█████▎    | 4626/8810 [00:02<00:02, 1786.21it/s]
 55%|█████▍    | 4809/8810 [00:02<00:02, 1786.09it/s]
 57%|█████▋    | 4991/8810 [00:02<00:02, 1570.65it/s]
 59%|█████▊    | 5165/8810 [00:02<00:02, 1611.31it/s]
 61%|██████    | 5349/8810 [00:03<00:02, 1670.85it/s]
 63%|██████▎   | 5521/8810 [00:03<00:02, 1617.14it/s]
 65%|██████▌   | 5729/8810 [00:03<00:01, 1743.78it/s]
 67%|██████▋   | 5907/8810 [00:03<00:01, 1534.47it/s]
 69%|██████▉   | 6067/8810 [00:03<00:01, 1454.64it/s]
 71%|███████   | 6249/8810 [00:03<00:01, 1547.25it/s]
 73%|███████▎  | 6409/8810 [00:03<00:01, 1440.46it/s]
 75%|███████▌  | 6635/8810 [00:03<00:01, 1651.07it/s]
 78%|███████▊  | 6862/8810 [00:03<00:01, 1817.96it/s]
 80%|████████  | 7050/8810 [00:04<00:01, 1644.31it/s]
 82%|████████▏ | 7259/8810 [00:04<00:00, 1760.21it/s]
 84%|████████▍ | 7442/8810 [00:04<00:00, 1761.49it/s]
 87%|████████▋ | 7657/8810 [00:04<00:00, 1867.96it/s]
 89%|████████▉ | 7848/8810 [00:04<00:00, 1811.98it/s]
 91%|█████████ | 8037/8810 [00:04<00:00, 1737.69it/s]
 94%|█████████▍| 8283/8810 [00:04<00:00, 1936.67it/s]
 96%|█████████▋| 8481/8810 [00:04<00:00, 1885.71it/s]
 99%|█████████▉| 8702/8810 [00:04<00:00, 1902.06it/s]
100%|██████████| 8810/8810 [00:05<00:00, 1756.52it/s]
