
  0%|          | 0/8810 [00:00<?, ?it/s]
  3%|▎         | 264/8810 [00:00<00:03, 2635.85it/s]
  7%|▋         | 656/8810 [00:00<00:02, 3068.51it/s]
 11%|█▏        | 996/8810 [00:00<00:02, 3007.14it/s]
 16%|█▌        | 1395/8810 [00:00<00:02, 3366.68it/s]
 20%|█▉        | 1734/8810 [00:00<00:02, 3271.00it/s]
 23%|██▎       | 2063/8810 [00:00<00:02, 3221.45it/s]
 27%|██▋       | 2386/8810 [00:00<00:02, 3180.53it/s]
 31%|███▏      | 2766/8810 [00:00<00:01, 3367.83it/s]
 35%|███▌      | 3104/8810 [00:00<00:01, 3282.84it/s]
 39%|███▉      | 3434/8810 [00:01<00:01, 3146.95it/s]
 43%|████▎     | 3774/8810 [00:01<00:01, 3199.47it/s]
 47%|████▋     | 4180/8810 [00:01<00:01, 3309.56it/s]
 52%|█████▏    | 4580/8810 [00:01<00:01, 3505.61it/s]
 56%|█████▌    | 4933/8810 [00:01<00:01, 3063.18it/s]
 60%|██████    | 5323/8810 [00:01<00:01, 3282.81it/s]
 64%|██████▍   | 5662/8810 [00:01<00:00, 3291.53it/s]
 68%|██████▊   | 5999/8810 [00:01<00:00, 3152.65it/s]
 72%|███████▏  | 6344/8810 [00:01<00:00, 3232.19it/s]
 76%|███████▌  | 6717/8810 [00:02<00:00, 3370.19it/s]
 80%|████████  | 7059/8810 [00:02<00:00, 3333.62it/s]
 84%|████████▍ | 7396/8810 [00:02<00:00, 3334.00it/s]
 88%|████████▊ | 7732/8810 [00:02<00:00, 3224.66it/s]
 91%|█████████▏| 8057/8810 [00:02<00:00, 3102.47it/s]
 95%|█████████▌| 8370/8810 [00:02<00:00, 3051.48it/s]
 99%|█████████▉| 8702/8810 [00:02<00:00, 3097.10it/s]
100%|██████████| 8810/8810 [00:02<00:00, 3223.98it/s]
