
  0%|          | 0/8810 [00:00<?, ?it/s]
  4%|▎         | 325/8810 [00:00<00:02, 3242.79it/s]
  7%|▋         | 656/8810 [00:00<00:02, 3203.91it/s]
 11%|█         | 986/8810 [00:00<00:02, 3244.33it/s]
 15%|█▍        | 1312/8810 [00:00<00:02, 3246.78it/s]
 19%|█▊        | 1637/8810 [00:00<00:02, 3040.90it/s]
 22%|██▏       | 1944/8810 [00:00<00:02, 2916.86it/s]
 26%|██▌       | 2263/8810 [00:00<00:02, 2917.42it/s]
 30%|███       | 2658/8810 [00:00<00:01, 3221.03it/s]
 34%|███▍      | 2983/8810 [00:00<00:01, 3073.38it/s]
 37%|███▋      | 3294/8810 [00:01<00:01, 2925.95it/s]
 41%|████      | 3603/8810 [00:01<00:01, 2969.22it/s]
 44%|████▍     | 3903/8810 [00:01<00:01, 2909.56it/s]
 48%|████▊     | 4247/8810 [00:01<00:01, 3058.31it/s]
 52%|█████▏    | 4625/8810 [00:01<00:01, 3094.87it/s]
 56%|█████▌    | 4936/8810 [00:01<00:01, 2991.74it/s]
 60%|██████    | 5323/8810 [00:01<00:01, 3236.29it/s]
 65%|██████▍   | 5693/8810 [00:01<00:00, 3364.50it/s]
 68%|██████▊   | 6032/8810 [00:01<00:00, 3141.03it/s]
 72%|███████▏  | 6351/8810 [00:02<00:00, 3013.54it/s]
 76%|███████▌  | 6704/8810 [00:02<00:00, 3154.25it/s]
 80%|███████▉  | 7032/8810 [00:02<00:00, 3186.42it/s]
 84%|████████▎ | 7360/8810 [00:02<00:00, 3135.60it/s]
 88%|████████▊ | 7715/8810 [00:02<00:00, 3124.46it/s]
 91%|█████████ | 8036/8810 [00:02<00:00, 3143.64it/s]
 95%|█████████▍| 8352/8810 [00:02<00:00, 2995.38it/s]
 98%|█████████▊| 8654/8810 [00:02<00:00, 2936.05it/s]
100%|██████████| 8810/8810 [00:02<00:00, 3058.07it/s]
