
  0%|          | 0/8810 [00:00<?, ?it/s]
  2%|▏         | 181/8810 [00:00<00:05, 1468.11it/s]
  4%|▍         | 396/8810 [00:00<00:04, 1830.97it/s]
  7%|▋         | 625/8810 [00:00<00:04, 2024.52it/s]
  9%|▉         | 831/8810 [00:00<00:04, 1700.80it/s]
 11%|█▏        | 1009/8810 [00:00<00:04, 1571.31it/s]
 14%|█▍        | 1244/8810 [00:00<00:04, 1795.08it/s]
 16%|█▋        | 1439/8810 [00:00<00:04, 1838.45it/s]
 18%|█▊        | 1629/8810 [00:00<00:04, 1682.99it/s]
 21%|██        | 1821/8810 [00:01<00:04, 1572.01it/s]
 23%|██▎       | 2034/8810 [00:01<00:03, 1713.60it/s]
 25%|██▌       | 2238/8810 [00:01<00:03, 1801.13it/s]
 28%|██▊       | 2424/8810 [00:01<00:03, 1690.73it/s]
 30%|███       | 2669/8810 [00:01<00:03, 1890.57it/s]
 33%|███▎      | 2864/8810 [00:01<00:03, 1786.98it/s]
 35%|███▍      | 3048/8810 [00:01<00:03, 1757.52it/s]
 37%|███▋      | 3227/8810 [00:01<00:03, 1643.21it/s]
 39%|███▊      | 3410/8810 [00:02<00:03, 1564.27it/s]
 41%|████      | 3622/8810 [00:02<00:03, 1706.23it/s]
 43%|████▎     | 3797/8810 [00:02<00:03, 1663.74it/s]
 45%|████▌     | 3970/8810 [00:02<00:02, 1676.10it/s]
 47%|████▋     | 4168/8810 [00:02<00:02, 1758.84it/s]
 49%|████▉     | 4346/8810 [00:02<00:02, 1678.28it/s]
 52%|█████▏    | 4548/8810 [00:02<00:02, 1768.75it/s]
 54%|█████▎    | 4727/8810 [00:02<00:02, 1587.63it/s]
 56%|█████▌    | 4893/8810 [00:02<00:02, 1599.61it/s]
 57%|█████▋    | 5057/8810 [00:03<00:02, 1460.74it/s]
 59%|█████▉    | 5227/8810 [00:03<00:02, 1522.43it/s]
 61%|██████    | 5383/8810 [00:03<00:02, 1474.23it/s]
 63%|██████▎   | 5563/8810 [00:03<00:02, 1561.61it/s]
 65%|██████▌   | 5754/8810 [00:03<00:01, 1546.71it/s]
 67%|██████▋   | 5911/8810 [00:03<00:01, 1505.80it/s]
 69%|██████▉   | 6063/8810 [00:03<00:01, 1397.21it/s]
 71%|███████   | 6227/8810 [00:03<00:01, 1461.54it/s]
 73%|███████▎  | 6392/8810 [00:03<00:01, 1506.18it/s]
 74%|███████▍  | 6545/8810 [00:04<00:01, 1418.92it/s]
 77%|███████▋  | 6750/8810 [00:04<00:01, 1589.26it/s]
 79%|███████▉  | 6947/8810 [00:04<00:01, 1688.40it/s]
 81%|████████  | 7119/8810 [00:04<00:01, 1519.98it/s]
 83%|████████▎ | 7276/8810 [00:04<00:01, 1413.45it/s]
 84%|████████▍ | 7422/8810 [00:04<00:00, 1392.10it/s]
 86%|████████▌ | 7564/8810 [00:04<00:00, 1337.46it/s]
 88%|████████▊ | 7715/8810 [00:04<00:00, 1320.27it/s]
 89%|████████▉ | 7876/8810 [00:04<00:00, 1394.00it/s]
 91%|█████████ | 8029/8810 [00:05<00:00, 1428.69it/s]
 93%|█████████▎| 8174/8810 [00:05<00:00, 1285.40it/s]
 95%|█████████▍| 8331/8810 [00:05<00:00, 1358.66it/s]
 96%|█████████▌| 8471/8810 [00:05<00:00, 1290.05it/s]
 98%|█████████▊| 8644/8810 [00:05<00:00, 1405.88it/s]
100%|█████████▉| 8788/8810 [00:05<00:00, 1338.72it/s]
100%|██████████| 8810/8810 [00:05<00:00, 1561.15it/s]
