
  0%|          | 0/8810 [00:00<?, ?it/s]
  2%|▏         | 181/8810 [00:00<00:05, 1453.58it/s]
  5%|▍         | 426/8810 [00:00<00:04, 1983.68it/s]
  7%|▋         | 656/8810 [00:00<00:04, 1835.07it/s]
 10%|▉         | 849/8810 [00:00<00:04, 1864.46it/s]
 12%|█▏        | 1039/8810 [00:00<00:04, 1684.27it/s]
 14%|█▍        | 1250/8810 [00:00<00:04, 1811.19it/s]
 17%|█▋        | 1457/8810 [00:00<00:04, 1716.45it/s]
 19%|█▉        | 1652/8810 [00:00<00:04, 1780.25it/s]
 21%|██        | 1834/8810 [00:01<00:04, 1675.04it/s]
 23%|██▎       | 2055/8810 [00:01<00:03, 1819.28it/s]
 26%|██▌       | 2263/8810 [00:01<00:03, 1715.79it/s]
 28%|██▊       | 2490/8810 [00:01<00:03, 1859.99it/s]
 31%|███       | 2743/8810 [00:01<00:02, 2041.71it/s]
 34%|███▎      | 2953/8810 [00:01<00:03, 1853.90it/s]
 36%|███▌      | 3145/8810 [00:01<00:03, 1769.97it/s]
 38%|███▊      | 3327/8810 [00:01<00:03, 1760.47it/s]
 40%|███▉      | 3507/8810 [00:01<00:03, 1684.40it/s]
 42%|████▏     | 3729/8810 [00:02<00:02, 1828.41it/s]
 44%|████▍     | 3916/8810 [00:02<00:02, 1745.09it/s]
 47%|████▋     | 4180/8810 [00:02<00:02, 1817.89it/s]
 50%|████▉     | 4401/8810 [00:02<00:02, 1917.44it/s]
 52%|█████▏    | 4595/8810 [00:02<00:02, 1864.01it/s]
 54%|█████▍    | 4783/8810 [00:02<00:02, 1757.71it/s]
 56%|█████▋    | 4961/8810 [00:02<00:02, 1609.72it/s]
 58%|█████▊    | 5153/8810 [00:02<00:02, 1689.40it/s]
 60%|██████    | 5325/8810 [00:03<00:02, 1697.54it/s]
 62%|██████▏   | 5497/8810 [00:03<00:02, 1598.33it/s]
 65%|██████▍   | 5704/8810 [00:03<00:01, 1724.02it/s]
 67%|██████▋   | 5880/8810 [00:03<00:01, 1623.39it/s]
 69%|██████▊   | 6046/8810 [00:03<00:01, 1518.02it/s]
 71%|███████▏  | 6287/8810 [00:03<00:01, 1752.53it/s]
 73%|███████▎  | 6468/8810 [00:03<00:01, 1667.13it/s]
 76%|███████▋  | 6728/8810 [00:03<00:01, 1912.76it/s]
 79%|███████▉  | 6961/8810 [00:03<00:00, 2024.42it/s]
 81%|████████▏ | 7168/8810 [00:04<00:00, 1785.65it/s]
 84%|████████▎ | 7360/8810 [00:04<00:00, 1718.94it/s]
 86%|████████▌ | 7538/8810 [00:04<00:00, 1726.56it/s]
 88%|████████▊ | 7715/8810 [00:04<00:00, 1709.24it/s]
 90%|████████▉ | 7909/8810 [00:04<00:00, 1770.28it/s]
 92%|█████████▏| 8089/8810 [00:04<00:00, 1475.30it/s]
 94%|█████████▎| 8246/8810 [00:04<00:00, 1482.02it/s]
 95%|█████████▌| 8401/8810 [00:04<00:00, 1404.93it/s]
 98%|█████████▊| 8604/8810 [00:04<00:00, 1566.73it/s]
100%|█████████▉| 8767/8810 [00:05<00:00, 1530.22it/s]
100%|██████████| 8810/8810 [00:05<00:00, 1721.88it/s]
