
  0%|          | 0/8810 [00:00<?, ?it/s]
  4%|▎         | 314/8810 [00:00<00:02, 3136.53it/s]
  7%|▋         | 656/8810 [00:00<00:02, 3237.57it/s]
 11%|█▏        | 996/8810 [00:00<00:02, 3028.76it/s]
 16%|█▌        | 1368/8810 [00:00<00:02, 3282.28it/s]
 19%|█▉        | 1699/8810 [00:00<00:02, 3187.56it/s]
 23%|██▎       | 2020/8810 [00:00<00:02, 3031.66it/s]
 26%|██▋       | 2326/8810 [00:00<00:02, 3021.01it/s]
 31%|███       | 2730/8810 [00:00<00:01, 3324.85it/s]
 35%|███▍      | 3065/8810 [00:00<00:01, 2975.29it/s]
 39%|███▊      | 3392/8810 [00:01<00:01, 3049.93it/s]
 42%|████▏     | 3704/8810 [00:01<00:01, 3001.05it/s]
 46%|████▌     | 4009/8810 [00:01<00:01, 2860.95it/s]
 49%|████▉     | 4331/8810 [00:01<00:01, 2960.39it/s]
 53%|█████▎    | 4631/8810 [00:01<00:01, 2968.39it/s]
 56%|█████▌    | 4932/8810 [00:01<00:01, 2804.98it/s]
 60%|██████    | 5319/8810 [00:01<00:01, 3099.85it/s]
 64%|██████▍   | 5634/8810 [00:01<00:01, 3097.98it/s]
 68%|██████▊   | 5947/8810 [00:01<00:00, 2954.84it/s]
 71%|███████   | 6256/8810 [00:02<00:00, 2987.41it/s]
 74%|███████▍  | 6558/8810 [00:02<00:00, 2961.51it/s]
 79%|███████▉  | 6972/8810 [00:02<00:00, 3159.72it/s]
 83%|████████▎ | 7331/8810 [00:02<00:00, 3275.06it/s]
 87%|████████▋ | 7660/8810 [00:02<00:00, 3132.31it/s]
 91%|█████████ | 7975/8810 [00:02<00:00, 2952.69it/s]
 94%|█████████▍| 8273/8810 [00:02<00:00, 2894.85it/s]
 97%|█████████▋| 8564/8810 [00:02<00:00, 2883.25it/s]
100%|██████████| 8810/8810 [00:02<00:00, 3017.32it/s]
