
  0%|          | 0/8810 [00:00<?, ?it/s]
  2%|▏         | 181/8810 [00:00<00:06, 1381.60it/s]
  5%|▍         | 421/8810 [00:00<00:04, 1911.15it/s]
  7%|▋         | 656/8810 [00:00<00:04, 1847.93it/s]
 10%|▉         | 872/8810 [00:00<00:04, 1951.81it/s]
 12%|█▏        | 1071/8810 [00:00<00:04, 1860.96it/s]
 14%|█▍        | 1260/8810 [00:00<00:04, 1714.57it/s]
 17%|█▋        | 1457/8810 [00:00<00:04, 1669.98it/s]
 20%|█▉        | 1718/8810 [00:00<00:03, 1926.14it/s]
 22%|██▏       | 1916/8810 [00:01<00:03, 1861.81it/s]
 25%|██▍       | 2199/8810 [00:01<00:03, 2129.85it/s]
 27%|██▋       | 2417/8810 [00:01<00:03, 1955.89it/s]
 31%|███       | 2718/8810 [00:01<00:02, 2238.64it/s]
 33%|███▎      | 2950/8810 [00:01<00:02, 1997.46it/s]
 36%|███▌      | 3159/8810 [00:01<00:03, 1877.28it/s]
 38%|███▊      | 3377/8810 [00:01<00:02, 1954.17it/s]
 41%|████      | 3579/8810 [00:01<00:02, 1933.42it/s]
 43%|████▎     | 3777/8810 [00:01<00:02, 1905.55it/s]
 46%|████▌     | 4027/8810 [00:02<00:02, 2067.19it/s]
 48%|████▊     | 4237/8810 [00:02<00:02, 2059.50it/s]
 51%|█████     | 4500/8810 [00:02<00:01, 2220.84it/s]
 54%|█████▎    | 4725/8810 [00:02<00:02, 2034.17it/s]
 56%|█████▌    | 4933/8810 [00:02<00:02, 1843.21it/s]
 59%|█████▊    | 5173/8810 [00:02<00:01, 1981.63it/s]
 61%|██████    | 5378/8810 [00:02<00:01, 1910.88it/s]
 64%|██████▍   | 5646/8810 [00:02<00:01, 2112.27it/s]
 67%|██████▋   | 5863/8810 [00:03<00:01, 1855.80it/s]
 69%|██████▉   | 6057/8810 [00:03<00:01, 1769.91it/s]
 72%|███████▏  | 6304/8810 [00:03<00:01, 1949.11it/s]
 74%|███████▍  | 6506/8810 [00:03<00:01, 1867.85it/s]
 77%|███████▋  | 6803/8810 [00:03<00:00, 2158.88it/s]
 80%|███████▉  | 7026/8810 [00:03<00:00, 2113.85it/s]
 82%|████████▏ | 7245/8810 [00:03<00:00, 2134.61it/s]
 85%|████████▍ | 7463/8810 [00:03<00:00, 2092.66it/s]
 87%|████████▋ | 7704/8810 [00:03<00:00, 2179.86it/s]
 90%|████████▉ | 7925/8810 [00:04<00:00, 2053.41it/s]
 92%|█████████▏| 8134/8810 [00:04<00:00, 1859.22it/s]
 95%|█████████▍| 8357/8810 [00:04<00:00, 1956.43it/s]
 97%|█████████▋| 8558/8810 [00:04<00:00, 1863.81it/s]
 99%|█████████▉| 8749/8810 [00:04<00:00, 1817.14it/s]
100%|██████████| 8810/8810 [00:04<00:00, 1952.69it/s]
