
  0%|          | 0/8810 [00:00<?, ?it/s]
  2%|▏         | 181/8810 [00:00<00:05, 1481.05it/s]
  5%|▍         | 419/8810 [00:00<00:04, 1962.06it/s]
  7%|▋         | 656/8810 [00:00<00:04, 1845.15it/s]
 10%|▉         | 845/8810 [00:00<00:04, 1859.16it/s]
 12%|█▏        | 1034/8810 [00:00<00:04, 1817.14it/s]
 14%|█▍        | 1219/8810 [00:00<00:04, 1826.04it/s]
 16%|█▋        | 1436/8810 [00:00<00:03, 1932.81it/s]
 19%|█▊        | 1631/8810 [00:00<00:04, 1713.99it/s]
 21%|██        | 1821/8810 [00:01<00:04, 1666.91it/s]
 23%|██▎       | 2002/8810 [00:01<00:03, 1704.53it/s]
 25%|██▌       | 2219/8810 [00:01<00:03, 1827.97it/s]
 27%|██▋       | 2405/8810 [00:01<00:03, 1722.97it/s]
 30%|███       | 2668/8810 [00:01<00:03, 1972.92it/s]
 33%|███▎      | 2870/8810 [00:01<00:03, 1856.56it/s]
 35%|███▍      | 3060/8810 [00:01<00:03, 1661.34it/s]
 37%|███▋      | 3242/8810 [00:01<00:03, 1700.64it/s]
 39%|███▉      | 3417/8810 [00:01<00:03, 1633.78it/s]
 41%|████▏     | 3636/8810 [00:02<00:02, 1782.84it/s]
 43%|████▎     | 3819/8810 [00:02<00:02, 1760.36it/s]
 46%|████▌     | 4065/8810 [00:02<00:02, 1951.44it/s]
 48%|████▊     | 4264/8810 [00:02<00:02, 1827.01it/s]
 51%|█████▏    | 4518/8810 [00:02<00:02, 2019.88it/s]
 54%|█████▎    | 4725/8810 [00:02<00:02, 1742.87it/s]
 56%|█████▌    | 4909/8810 [00:02<00:02, 1751.51it/s]
 58%|█████▊    | 5091/8810 [00:02<00:02, 1636.75it/s]
 60%|██████    | 5310/8810 [00:02<00:01, 1779.09it/s]
 62%|██████▏   | 5494/8810 [00:03<00:02, 1627.25it/s]
 65%|██████▍   | 5704/8810 [00:03<00:01, 1747.34it/s]
 67%|██████▋   | 5885/8810 [00:03<00:01, 1544.65it/s]
 69%|██████▊   | 6048/8810 [00:03<00:01, 1388.73it/s]
 71%|███████   | 6223/8810 [00:03<00:01, 1472.89it/s]
 73%|███████▎  | 6400/8810 [00:03<00:01, 1439.23it/s]
 75%|███████▍  | 6588/8810 [00:03<00:01, 1548.31it/s]
 77%|███████▋  | 6781/8810 [00:03<00:01, 1648.10it/s]
 79%|███████▉  | 6972/8810 [00:04<00:01, 1605.66it/s]
 81%|████████  | 7141/8810 [00:04<00:01, 1624.41it/s]
 83%|████████▎ | 7331/8810 [00:04<00:00, 1696.28it/s]
 85%|████████▌ | 7504/8810 [00:04<00:00, 1472.15it/s]
 87%|████████▋ | 7696/8810 [00:04<00:00, 1585.25it/s]
 89%|████████▉ | 7861/8810 [00:04<00:00, 1397.01it/s]
 91%|█████████ | 8032/8810 [00:04<00:00, 1470.82it/s]
 93%|█████████▎| 8186/8810 [00:04<00:00, 1372.72it/s]
 95%|█████████▍| 8354/8810 [00:05<00:00, 1451.84it/s]
 97%|█████████▋| 8505/8810 [00:05<00:00, 1363.48it/s]
 99%|█████████▉| 8702/8810 [00:05<00:00, 1382.27it/s]
100%|██████████| 8810/8810 [00:05<00:00, 1650.65it/s]
