
  0%|          | 0/8810 [00:00<?, ?it/s]
  2%|▏         | 181/8810 [00:00<00:05, 1603.74it/s]
  5%|▍         | 435/8810 [00:00<00:03, 2113.69it/s]
  7%|▋         | 656/8810 [00:00<00:03, 2066.89it/s]
 10%|▉         | 865/8810 [00:00<00:03, 2061.56it/s]
 12%|█▏        | 1072/8810 [00:00<00:04, 1884.52it/s]
 15%|█▍        | 1299/8810 [00:00<00:03, 2003.24it/s]
 17%|█▋        | 1502/8810 [00:00<00:04, 1819.17it/s]
 19%|█▉        | 1717/8810 [00:00<00:03, 1911.22it/s]
 22%|██▏       | 1912/8810 [00:01<00:03, 1796.26it/s]
 25%|██▍       | 2186/8810 [00:01<00:03, 2051.11it/s]
 27%|██▋       | 2396/8810 [00:01<00:03, 1809.31it/s]
 30%|███       | 2679/8810 [00:01<00:02, 2075.95it/s]
 33%|███▎      | 2897/8810 [00:01<00:03, 1886.16it/s]
 35%|███▌      | 3095/8810 [00:01<00:03, 1805.32it/s]
 37%|███▋      | 3282/8810 [00:01<00:03, 1776.31it/s]
 39%|███▉      | 3464/8810 [00:01<00:03, 1617.59it/s]
 42%|████▏     | 3703/8810 [00:01<00:02, 1813.72it/s]
 44%|████▍     | 3892/8810 [00:02<00:02, 1711.40it/s]
 47%|████▋     | 4170/8810 [00:02<00:02, 1991.64it/s]
 50%|████▉     | 4377/8810 [00:02<00:02, 1904.39it/s]
 52%|█████▏    | 4576/8810 [00:02<00:02, 1923.00it/s]
 54%|█████▍    | 4773/8810 [00:02<00:02, 1782.28it/s]
 56%|█████▋    | 4956/8810 [00:02<00:02, 1662.26it/s]
 59%|█████▊    | 5172/8810 [00:02<00:02, 1784.79it/s]
 61%|██████    | 5372/8810 [00:02<00:02, 1688.46it/s]
 63%|██████▎   | 5578/8810 [00:03<00:01, 1784.56it/s]
 65%|██████▌   | 5761/8810 [00:03<00:01, 1758.59it/s]
 67%|██████▋   | 5940/8810 [00:03<00:01, 1655.52it/s]
 69%|██████▉   | 6109/8810 [00:03<00:01, 1608.09it/s]
 72%|███████▏  | 6323/8810 [00:03<00:01, 1750.66it/s]
 74%|███████▍  | 6501/8810 [00:03<00:01, 1657.21it/s]
 77%|███████▋  | 6795/8810 [00:03<00:01, 2004.92it/s]
 79%|███████▉  | 7001/8810 [00:03<00:00, 1876.93it/s]
 82%|████████▏ | 7196/8810 [00:03<00:00, 1896.45it/s]
 84%|████████▍ | 7390/8810 [00:04<00:00, 1824.17it/s]
 86%|████████▌ | 7576/8810 [00:04<00:00, 1785.45it/s]
 88%|████████▊ | 7757/8810 [00:04<00:00, 1719.69it/s]
 90%|█████████ | 7945/8810 [00:04<00:00, 1760.50it/s]
 92%|█████████▏| 8123/8810 [00:04<00:00, 1527.41it/s]
 94%|█████████▍| 8311/8810 [00:04<00:00, 1616.59it/s]
 96%|█████████▌| 8479/8810 [00:04<00:00, 1469.35it/s]
 98%|█████████▊| 8645/8810 [00:04<00:00, 1518.18it/s]
100%|█████████▉| 8802/8810 [00:04<00:00, 1456.93it/s]
100%|██████████| 8810/8810 [00:04<00:00, 1767.91it/s]
