
  0%|          | 0/8810 [00:00<?, ?it/s]
  0%|          | 14/8810 [00:00<01:04, 136.58it/s]
  0%|          | 36/8810 [00:00<00:48, 179.23it/s]
  1%|          | 105/8810 [00:00<00:21, 405.55it/s]
  2%|▏         | 164/8810 [00:00<00:18, 476.01it/s]
  2%|▏         | 212/8810 [00:00<00:28, 303.44it/s]
  3%|▎         | 269/8810 [00:00<00:23, 367.44it/s]
  4%|▍         | 334/8810 [00:00<00:19, 430.51it/s]
  4%|▍         | 393/8810 [00:00<00:17, 472.76it/s]
  5%|▌         | 446/8810 [00:01<00:20, 407.85it/s]
  6%|▌         | 529/8810 [00:01<00:16, 507.56it/s]
  7%|▋         | 590/8810 [00:01<00:15, 523.22it/s]
  7%|▋         | 649/8810 [00:01<00:15, 533.44it/s]
  8%|▊         | 706/8810 [00:01<00:23, 348.74it/s]
  9%|▊         | 753/8810 [00:01<00:21, 372.36it/s]
  9%|▉         | 800/8810 [00:01<00:20, 389.45it/s]
 10%|▉         | 846/8810 [00:02<00:19, 398.68it/s]
 10%|█         | 891/8810 [00:02<00:19, 405.32it/s]
 11%|█         | 935/8810 [00:02<00:20, 388.50it/s]
 11%|█         | 977/8810 [00:02<00:21, 360.54it/s]
 12%|█▏        | 1015/8810 [00:02<00:25, 309.06it/s]
 12%|█▏        | 1073/8810 [00:02<00:20, 369.31it/s]
 13%|█▎        | 1124/8810 [00:02<00:19, 398.45it/s]
 13%|█▎        | 1173/8810 [00:02<00:18, 416.80it/s]
 14%|█▍        | 1232/8810 [00:03<00:16, 462.15it/s]
 15%|█▍        | 1281/8810 [00:03<00:16, 468.97it/s]
 15%|█▌        | 1332/8810 [00:03<00:15, 479.04it/s]
 16%|█▌        | 1381/8810 [00:03<00:18, 395.82it/s]
 16%|█▌        | 1431/8810 [00:03<00:17, 414.17it/s]
 17%|█▋        | 1475/8810 [00:03<00:23, 311.32it/s]
 17%|█▋        | 1527/8810 [00:03<00:20, 356.21it/s]
 18%|█▊        | 1568/8810 [00:03<00:20, 353.41it/s]
 18%|█▊        | 1625/8810 [00:04<00:17, 402.04it/s]
 19%|█▉        | 1670/8810 [00:04<00:17, 410.68it/s]
 20%|█▉        | 1731/8810 [00:04<00:15, 462.72it/s]
 20%|██        | 1785/8810 [00:04<00:14, 468.63it/s]
 21%|██        | 1834/8810 [00:04<00:23, 299.03it/s]
 21%|██▏       | 1873/8810 [00:04<00:23, 290.70it/s]
 22%|██▏       | 1943/8810 [00:04<00:18, 374.67it/s]
 23%|██▎       | 2011/8810 [00:05<00:15, 444.05it/s]
 23%|██▎       | 2068/8810 [00:05<00:14, 471.08it/s]
 24%|██▍       | 2136/8810 [00:05<00:12, 519.20it/s]
 25%|██▍       | 2193/8810 [00:05<00:12, 519.81it/s]
 26%|██▌       | 2249/8810 [00:05<00:13, 490.39it/s]
 26%|██▌       | 2301/8810 [00:05<00:18, 351.99it/s]
 27%|██▋       | 2359/8810 [00:05<00:16, 394.19it/s]
 27%|██▋       | 2411/8810 [00:05<00:15, 411.39it/s]
 28%|██▊       | 2493/8810 [00:06<00:12, 501.49it/s]
 29%|██▉       | 2562/8810 [00:06<00:11, 541.01it/s]
 30%|██▉       | 2621/8810 [00:06<00:11, 549.77it/s]
 30%|███       | 2679/8810 [00:06<00:14, 435.94it/s]
 31%|███       | 2730/8810 [00:06<00:13, 452.27it/s]
 32%|███▏      | 2780/8810 [00:06<00:19, 305.65it/s]
 32%|███▏      | 2824/8810 [00:07<00:18, 330.93it/s]
 33%|███▎      | 2893/8810 [00:07<00:14, 406.71it/s]
 33%|███▎      | 2943/8810 [00:07<00:15, 385.07it/s]
 34%|███▍      | 2997/8810 [00:07<00:14, 412.90it/s]
 35%|███▍      | 3057/8810 [00:07<00:16, 350.30it/s]
 35%|███▌      | 3118/8810 [00:07<00:14, 404.33it/s]
 36%|███▌      | 3170/8810 [00:07<00:13, 430.93it/s]
 37%|███▋      | 3219/8810 [00:08<00:15, 362.69it/s]
 37%|███▋      | 3261/8810 [00:08<00:16, 343.99it/s]
 37%|███▋      | 3299/8810 [00:08<00:16, 343.52it/s]
 38%|███▊      | 3366/8810 [00:08<00:13, 412.88it/s]
 39%|███▊      | 3411/8810 [00:08<00:16, 334.41it/s]
 39%|███▉      | 3463/8810 [00:08<00:14, 371.57it/s]
 40%|███▉      | 3507/8810 [00:08<00:13, 381.44it/s]
 40%|████      | 3549/8810 [00:08<00:13, 390.17it/s]
 41%|████      | 3612/8810 [00:08<00:11, 452.31it/s]
 42%|████▏     | 3660/8810 [00:09<00:11, 436.63it/s]
 42%|████▏     | 3710/8810 [00:09<00:11, 453.29it/s]
 43%|████▎     | 3774/8810 [00:09<00:14, 344.27it/s]
 43%|████▎     | 3825/8810 [00:09<00:13, 378.14it/s]
 44%|████▍     | 3868/8810 [00:09<00:13, 356.88it/s]
 44%|████▍     | 3908/8810 [00:09<00:14, 339.88it/s]
 45%|████▍     | 3958/8810 [00:09<00:12, 376.59it/s]
 46%|████▌     | 4016/8810 [00:10<00:11, 427.31it/s]
 46%|████▋     | 4083/8810 [00:10<00:09, 482.67it/s]
 47%|████▋     | 4145/8810 [00:10<00:09, 514.27it/s]
 48%|████▊     | 4199/8810 [00:10<00:12, 373.95it/s]
 49%|████▊     | 4276/8810 [00:10<00:09, 460.43it/s]
 49%|████▉     | 4331/8810 [00:10<00:09, 476.43it/s]
 50%|████▉     | 4400/8810 [00:10<00:08, 529.84it/s]
 51%|█████     | 4458/8810 [00:10<00:08, 512.31it/s]
 51%|█████     | 4514/8810 [00:11<00:08, 519.78it/s]
 52%|█████▏    | 4569/8810 [00:11<00:08, 494.02it/s]
 52%|█████▏    | 4625/8810 [00:11<00:10, 400.11it/s]
 53%|█████▎    | 4678/8810 [00:11<00:09, 417.38it/s]
 54%|█████▎    | 4725/8810 [00:11<00:09, 429.81it/s]
 54%|█████▍    | 4788/8810 [00:11<00:08, 480.80it/s]
 55%|█████▍    | 4842/8810 [00:11<00:08, 482.86it/s]
 56%|█████▌    | 4893/8810 [00:11<00:08, 466.80it/s]
 56%|█████▌    | 4942/8810 [00:12<00:10, 358.65it/s]
 57%|█████▋    | 4983/8810 [00:12<00:10, 364.19it/s]
 57%|█████▋    | 5038/8810 [00:12<00:09, 408.42it/s]
 58%|█████▊    | 5085/8810 [00:12<00:08, 421.92it/s]
 58%|█████▊    | 5141/8810 [00:12<00:08, 457.05it/s]
 59%|█████▉    | 5197/8810 [00:12<00:07, 483.92it/s]
 60%|█████▉    | 5254/8810 [00:12<00:07, 507.28it/s]
 60%|██████    | 5311/8810 [00:12<00:06, 521.02it/s]
 61%|██████    | 5365/8810 [00:12<00:06, 524.64it/s]
 62%|██████▏   | 5419/8810 [00:13<00:08, 382.76it/s]
 62%|██████▏   | 5485/8810 [00:13<00:07, 445.23it/s]
 63%|██████▎   | 5547/8810 [00:13<00:06, 478.35it/s]
 64%|██████▍   | 5624/8810 [00:13<00:05, 547.24it/s]
 65%|██████▍   | 5687/8810 [00:13<00:05, 558.20it/s]
 65%|██████▌   | 5748/8810 [00:13<00:05, 565.28it/s]
 66%|██████▌   | 5807/8810 [00:13<00:06, 444.60it/s]
 66%|██████▋   | 5857/8810 [00:14<00:06, 441.02it/s]
 67%|██████▋   | 5905/8810 [00:14<00:06, 419.39it/s]
 68%|██████▊   | 5950/8810 [00:14<00:06, 409.38it/s]
 68%|██████▊   | 6016/8810 [00:14<00:06, 462.04it/s]
 69%|██████▉   | 6065/8810 [00:14<00:06, 408.07it/s]
 69%|██████▉   | 6112/8810 [00:14<00:06, 420.23it/s]
 70%|██████▉   | 6156/8810 [00:14<00:06, 411.30it/s]
 70%|███████   | 6208/8810 [00:14<00:05, 436.51it/s]
 71%|███████▏  | 6278/8810 [00:14<00:05, 501.83it/s]
 72%|███████▏  | 6330/8810 [00:15<00:05, 482.81it/s]
 72%|███████▏  | 6384/8810 [00:15<00:04, 491.74it/s]
 73%|███████▎  | 6434/8810 [00:15<00:06, 385.08it/s]
 74%|███████▎  | 6477/8810 [00:15<00:05, 393.40it/s]
 74%|███████▍  | 6547/8810 [00:15<00:04, 461.68it/s]
 75%|███████▍  | 6597/8810 [00:15<00:04, 456.92it/s]
 76%|███████▌  | 6688/8810 [00:15<00:03, 563.36it/s]
 77%|███████▋  | 6749/8810 [00:15<00:03, 571.90it/s]
 77%|███████▋  | 6808/8810 [00:16<00:03, 550.69it/s]
 78%|███████▊  | 6865/8810 [00:16<00:03, 546.56it/s]
 79%|███████▊  | 6936/8810 [00:16<00:03, 586.07it/s]
 79%|███████▉  | 6996/8810 [00:16<00:04, 432.98it/s]
 80%|████████  | 7066/8810 [00:16<00:03, 490.19it/s]
 81%|████████  | 7121/8810 [00:16<00:03, 498.09it/s]
 81%|████████▏ | 7176/8810 [00:16<00:03, 498.36it/s]
 82%|████████▏ | 7229/8810 [00:16<00:03, 491.36it/s]
 83%|████████▎ | 7281/8810 [00:16<00:03, 494.19it/s]
 83%|████████▎ | 7351/8810 [00:17<00:02, 546.24it/s]
 84%|████████▍ | 7408/8810 [00:17<00:03, 444.07it/s]
 85%|████████▍ | 7457/8810 [00:17<00:03, 418.42it/s]
 85%|████████▌ | 7502/8810 [00:17<00:03, 399.53it/s]
 86%|████████▌ | 7544/8810 [00:17<00:03, 374.60it/s]
 87%|████████▋ | 7631/8810 [00:17<00:02, 487.31it/s]
 87%|████████▋ | 7683/8810 [00:17<00:02, 457.34it/s]
 88%|████████▊ | 7731/8810 [00:18<00:02, 373.42it/s]
 89%|████████▊ | 7797/8810 [00:18<00:02, 437.55it/s]
 89%|████████▉ | 7846/8810 [00:18<00:02, 422.46it/s]
 90%|████████▉ | 7894/8810 [00:18<00:02, 436.24it/s]
 90%|█████████ | 7941/8810 [00:18<00:01, 436.72it/s]
 91%|█████████ | 7987/8810 [00:18<00:01, 429.04it/s]
 91%|█████████ | 8033/8810 [00:18<00:01, 426.01it/s]
 92%|█████████▏| 8077/8810 [00:18<00:02, 335.45it/s]
 92%|█████████▏| 8117/8810 [00:19<00:01, 350.33it/s]
 93%|█████████▎| 8160/8810 [00:19<00:01, 367.89it/s]
 93%|█████████▎| 8200/8810 [00:19<00:01, 349.93it/s]
 93%|█████████▎| 8237/8810 [00:19<00:01, 354.96it/s]
 94%|█████████▍| 8287/8810 [00:19<00:01, 393.38it/s]
 95%|█████████▍| 8332/8810 [00:19<00:01, 408.64it/s]
 95%|█████████▌| 8374/8810 [00:19<00:01, 280.34it/s]
 96%|█████████▌| 8427/8810 [00:19<00:01, 332.68it/s]
 96%|█████████▋| 8490/8810 [00:20<00:00, 391.54it/s]
 97%|█████████▋| 8545/8810 [00:20<00:00, 429.52it/s]
 98%|█████████▊| 8598/8810 [00:20<00:00, 453.44it/s]
 98%|█████████▊| 8647/8810 [00:20<00:00, 425.13it/s]
 99%|█████████▉| 8702/8810 [00:20<00:00, 352.85it/s]
 99%|█████████▉| 8763/8810 [00:20<00:00, 409.80it/s]
100%|██████████| 8810/8810 [00:20<00:00, 423.46it/s]
