
  0%|          | 0/8810 [00:00<?, ?it/s]
  0%|          | 27/8810 [00:00<00:33, 262.20it/s]
  1%|          | 54/8810 [00:00<00:37, 235.12it/s]
  2%|▏         | 136/8810 [00:00<00:18, 481.89it/s]
  2%|▏         | 187/8810 [00:00<00:25, 334.47it/s]
  3%|▎         | 232/8810 [00:00<00:23, 365.26it/s]
  3%|▎         | 285/8810 [00:00<00:20, 407.38it/s]
  4%|▍         | 342/8810 [00:00<00:18, 452.97it/s]
  4%|▍         | 393/8810 [00:00<00:17, 468.61it/s]
  5%|▌         | 443/8810 [00:01<00:20, 406.04it/s]
  6%|▌         | 487/8810 [00:01<00:20, 406.19it/s]
  6%|▋         | 563/8810 [00:01<00:16, 494.46it/s]
  7%|▋         | 615/8810 [00:01<00:16, 484.53it/s]
  8%|▊         | 666/8810 [00:01<00:24, 334.24it/s]
  8%|▊         | 707/8810 [00:01<00:23, 345.08it/s]
  9%|▊         | 754/8810 [00:01<00:21, 370.93it/s]
  9%|▉         | 813/8810 [00:02<00:19, 411.44it/s]
 10%|▉         | 858/8810 [00:02<00:21, 377.74it/s]
 10%|█         | 899/8810 [00:02<00:21, 372.01it/s]
 11%|█         | 950/8810 [00:02<00:19, 405.93it/s]
 11%|█▏        | 996/8810 [00:02<00:23, 330.24it/s]
 12%|█▏        | 1045/8810 [00:02<00:21, 358.89it/s]
 12%|█▏        | 1100/8810 [00:02<00:20, 372.45it/s]
 13%|█▎        | 1150/8810 [00:02<00:19, 402.13it/s]
 14%|█▎        | 1198/8810 [00:03<00:18, 410.03it/s]
 14%|█▍        | 1250/8810 [00:03<00:17, 430.06it/s]
 15%|█▍        | 1313/8810 [00:03<00:15, 473.60it/s]
 15%|█▌        | 1362/8810 [00:03<00:17, 437.21it/s]
 16%|█▌        | 1416/8810 [00:03<00:16, 450.22it/s]
 17%|█▋        | 1462/8810 [00:03<00:24, 297.88it/s]
 17%|█▋        | 1512/8810 [00:03<00:21, 336.66it/s]
 18%|█▊        | 1553/8810 [00:04<00:21, 330.47it/s]
 18%|█▊        | 1595/8810 [00:04<00:20, 346.68it/s]
 19%|█▉        | 1667/8810 [00:04<00:16, 429.68it/s]
 19%|█▉        | 1714/8810 [00:04<00:16, 434.72it/s]
 20%|██        | 1771/8810 [00:04<00:15, 461.79it/s]
 21%|██        | 1820/8810 [00:04<00:15, 463.78it/s]
 21%|██        | 1868/8810 [00:04<00:23, 294.42it/s]
 22%|██▏       | 1929/8810 [00:04<00:19, 356.67it/s]
 23%|██▎       | 1992/8810 [00:05<00:16, 415.64it/s]
 23%|██▎       | 2053/8810 [00:05<00:14, 453.58it/s]
 24%|██▍       | 2118/8810 [00:05<00:13, 500.97it/s]
 25%|██▍       | 2176/8810 [00:05<00:12, 521.76it/s]
 25%|██▌       | 2233/8810 [00:05<00:15, 437.78it/s]
 26%|██▌       | 2282/8810 [00:05<00:19, 332.56it/s]
 27%|██▋       | 2339/8810 [00:05<00:17, 377.91it/s]
 27%|██▋       | 2384/8810 [00:06<00:16, 378.91it/s]
 28%|██▊       | 2463/8810 [00:06<00:13, 469.84it/s]
 29%|██▊       | 2520/8810 [00:06<00:12, 487.63it/s]
 29%|██▉       | 2581/8810 [00:06<00:12, 515.08it/s]
 30%|██▉       | 2636/8810 [00:06<00:12, 503.18it/s]
 31%|███       | 2689/8810 [00:06<00:13, 449.76it/s]
 31%|███       | 2744/8810 [00:06<00:16, 371.97it/s]
 32%|███▏      | 2786/8810 [00:06<00:15, 376.99it/s]
 32%|███▏      | 2835/8810 [00:07<00:14, 400.62it/s]
 33%|███▎      | 2907/8810 [00:07<00:12, 480.19it/s]
 34%|███▎      | 2967/8810 [00:07<00:11, 510.30it/s]
 34%|███▍      | 3021/8810 [00:07<00:11, 486.30it/s]
 35%|███▍      | 3072/8810 [00:07<00:14, 402.41it/s]
 36%|███▌      | 3146/8810 [00:07<00:11, 481.59it/s]
 36%|███▋      | 3199/8810 [00:07<00:12, 464.08it/s]
 37%|███▋      | 3276/8810 [00:07<00:10, 538.31it/s]
 38%|███▊      | 3334/8810 [00:08<00:10, 535.78it/s]
 39%|███▊      | 3393/8810 [00:08<00:09, 546.67it/s]
 39%|███▉      | 3450/8810 [00:08<00:10, 528.69it/s]
 40%|███▉      | 3508/8810 [00:08<00:09, 538.53it/s]
 41%|████      | 3630/8810 [00:08<00:07, 726.83it/s]
 42%|████▏     | 3732/8810 [00:08<00:06, 808.46it/s]
 43%|████▎     | 3815/8810 [00:08<00:06, 721.61it/s]
 44%|████▍     | 3898/8810 [00:08<00:06, 747.62it/s]
 46%|████▌     | 4027/8810 [00:08<00:05, 890.78it/s]
 47%|████▋     | 4158/8810 [00:08<00:04, 1008.43it/s]
 48%|████▊     | 4262/8810 [00:09<00:06, 699.80it/s] 
 50%|████▉     | 4382/8810 [00:09<00:05, 808.97it/s]
 51%|█████     | 4477/8810 [00:09<00:05, 804.82it/s]
 52%|█████▏    | 4568/8810 [00:09<00:06, 662.88it/s]
 53%|█████▎    | 4645/8810 [00:09<00:07, 575.22it/s]
 53%|█████▎    | 4711/8810 [00:10<00:08, 494.29it/s]
 54%|█████▍    | 4768/8810 [00:10<00:08, 487.42it/s]
 55%|█████▍    | 4822/8810 [00:10<00:08, 485.85it/s]
 55%|█████▌    | 4874/8810 [00:10<00:08, 488.43it/s]
 56%|█████▌    | 4926/8810 [00:10<00:07, 490.84it/s]
 56%|█████▋    | 4977/8810 [00:10<00:11, 334.01it/s]
 57%|█████▋    | 5025/8810 [00:10<00:10, 358.26it/s]
 58%|█████▊    | 5078/8810 [00:10<00:09, 394.77it/s]
 58%|█████▊    | 5124/8810 [00:11<00:09, 397.26it/s]
 59%|█████▉    | 5181/8810 [00:11<00:08, 430.13it/s]
 59%|█████▉    | 5228/8810 [00:11<00:08, 422.16it/s]
 60%|██████    | 5295/8810 [00:11<00:07, 484.76it/s]
 61%|██████    | 5346/8810 [00:11<00:08, 432.45it/s]
 61%|██████    | 5392/8810 [00:11<00:09, 361.05it/s]
 62%|██████▏   | 5440/8810 [00:11<00:08, 385.61it/s]
 63%|██████▎   | 5507/8810 [00:11<00:07, 455.36it/s]
 63%|██████▎   | 5557/8810 [00:12<00:07, 462.81it/s]
 64%|██████▍   | 5637/8810 [00:12<00:05, 550.82it/s]
 65%|██████▍   | 5697/8810 [00:12<00:05, 557.42it/s]
 65%|██████▌   | 5755/8810 [00:12<00:07, 412.78it/s]
 66%|██████▌   | 5820/8810 [00:12<00:06, 461.01it/s]
 67%|██████▋   | 5873/8810 [00:12<00:06, 435.02it/s]
 67%|██████▋   | 5921/8810 [00:12<00:07, 387.00it/s]
 68%|██████▊   | 5964/8810 [00:13<00:07, 390.76it/s]
 68%|██████▊   | 6014/8810 [00:13<00:06, 414.38it/s]
 69%|██████▉   | 6058/8810 [00:13<00:07, 345.54it/s]
 70%|██████▉   | 6124/8810 [00:13<00:06, 416.08it/s]
 70%|███████   | 6175/8810 [00:13<00:06, 436.44it/s]
 71%|███████   | 6255/8810 [00:13<00:04, 519.20it/s]
 72%|███████▏  | 6314/8810 [00:13<00:04, 530.29it/s]
 72%|███████▏  | 6376/8810 [00:13<00:04, 545.27it/s]
 73%|███████▎  | 6433/8810 [00:14<00:05, 397.53it/s]
 74%|███████▎  | 6480/8810 [00:14<00:05, 391.77it/s]
 74%|███████▍  | 6524/8810 [00:14<00:05, 400.30it/s]
 75%|███████▍  | 6574/8810 [00:14<00:05, 413.57it/s]
 75%|███████▌  | 6648/8810 [00:14<00:04, 495.75it/s]
 76%|███████▋  | 6722/8810 [00:14<00:03, 556.44it/s]
 77%|███████▋  | 6781/8810 [00:14<00:03, 521.19it/s]
 78%|███████▊  | 6847/8810 [00:14<00:03, 557.28it/s]
 78%|███████▊  | 6911/8810 [00:14<00:03, 579.69it/s]
 79%|███████▉  | 6972/8810 [00:15<00:04, 459.21it/s]
 80%|███████▉  | 7023/8810 [00:15<00:04, 434.10it/s]
 80%|████████  | 7072/8810 [00:15<00:03, 445.35it/s]
 81%|████████  | 7120/8810 [00:15<00:03, 437.46it/s]
 81%|████████▏ | 7166/8810 [00:15<00:03, 425.84it/s]
 82%|████████▏ | 7214/8810 [00:15<00:03, 436.90it/s]
 83%|████████▎ | 7274/8810 [00:15<00:03, 480.61it/s]
 83%|████████▎ | 7346/8810 [00:15<00:02, 537.23it/s]
 84%|████████▍ | 7401/8810 [00:16<00:03, 432.67it/s]
 85%|████████▍ | 7449/8810 [00:16<00:03, 427.51it/s]
 85%|████████▌ | 7495/8810 [00:16<00:03, 384.19it/s]
 86%|████████▌ | 7536/8810 [00:16<00:03, 366.37it/s]
 86%|████████▋ | 7614/8810 [00:16<00:02, 457.21it/s]
 87%|████████▋ | 7668/8810 [00:16<00:02, 478.00it/s]
 88%|████████▊ | 7718/8810 [00:16<00:03, 353.07it/s]
 88%|████████▊ | 7766/8810 [00:17<00:02, 373.81it/s]
 89%|████████▊ | 7809/8810 [00:17<00:02, 379.55it/s]
 89%|████████▉ | 7851/8810 [00:17<00:02, 379.01it/s]
 90%|████████▉ | 7921/8810 [00:17<00:01, 460.36it/s]
 90%|█████████ | 7971/8810 [00:17<00:01, 451.20it/s]
 91%|█████████ | 8019/8810 [00:17<00:01, 434.23it/s]
 92%|█████████▏| 8064/8810 [00:17<00:02, 317.65it/s]
 92%|█████████▏| 8111/8810 [00:17<00:02, 348.37it/s]
 93%|█████████▎| 8158/8810 [00:18<00:01, 376.87it/s]
 93%|█████████▎| 8200/8810 [00:18<00:01, 384.77it/s]
 94%|█████████▎| 8259/8810 [00:18<00:01, 432.92it/s]
 94%|█████████▍| 8317/8810 [00:18<00:01, 472.37it/s]
 95%|█████████▍| 8367/8810 [00:18<00:01, 373.45it/s]
 96%|█████████▌| 8423/8810 [00:18<00:00, 406.62it/s]
 96%|█████████▌| 8472/8810 [00:18<00:00, 421.43it/s]
 97%|█████████▋| 8536/8810 [00:18<00:00, 471.91it/s]
 98%|█████████▊| 8590/8810 [00:19<00:00, 489.48it/s]
 98%|█████████▊| 8642/8810 [00:19<00:00, 471.13it/s]
 99%|█████████▊| 8691/8810 [00:19<00:00, 470.16it/s]
 99%|█████████▉| 8740/8810 [00:19<00:00, 361.83it/s]
100%|█████████▉| 8799/8810 [00:19<00:00, 412.55it/s]
100%|██████████| 8810/8810 [00:19<00:00, 450.39it/s]
