
  0%|          | 0/8810 [00:00<?, ?it/s]
  1%|          | 69/8810 [00:00<00:12, 679.93it/s]
  2%|▏         | 181/8810 [00:00<00:11, 727.26it/s]
  4%|▎         | 313/8810 [00:00<00:08, 955.95it/s]
  5%|▍         | 419/8810 [00:00<00:08, 988.90it/s]
  6%|▌         | 541/8810 [00:00<00:07, 1063.11it/s]
  7%|▋         | 652/8810 [00:00<00:07, 1072.28it/s]
  9%|▊         | 761/8810 [00:00<00:09, 864.36it/s] 
 10%|▉         | 856/8810 [00:00<00:08, 884.94it/s]
 11%|█         | 964/8810 [00:01<00:08, 932.14it/s]
 12%|█▏        | 1062/8810 [00:01<00:08, 867.70it/s]
 13%|█▎        | 1157/8810 [00:01<00:08, 883.84it/s]
 14%|█▍        | 1256/8810 [00:01<00:08, 908.79it/s]
 15%|█▌        | 1349/8810 [00:01<00:08, 907.29it/s]
 17%|█▋        | 1457/8810 [00:01<00:08, 857.32it/s]
 18%|█▊        | 1548/8810 [00:01<00:08, 861.36it/s]
 19%|█▉        | 1660/8810 [00:01<00:07, 929.17it/s]
 20%|██        | 1796/8810 [00:01<00:06, 1041.97it/s]
 22%|██▏       | 1902/8810 [00:02<00:08, 860.00it/s] 
 23%|██▎       | 2030/8810 [00:02<00:07, 962.50it/s]
 24%|██▍       | 2155/8810 [00:02<00:06, 1033.02it/s]
 26%|██▌       | 2264/8810 [00:02<00:07, 874.48it/s] 
 27%|██▋       | 2362/8810 [00:02<00:07, 899.03it/s]
 28%|██▊       | 2479/8810 [00:02<00:06, 968.94it/s]
 30%|██▉       | 2627/8810 [00:02<00:05, 1099.26it/s]
 31%|███       | 2742/8810 [00:02<00:05, 1103.34it/s]
 32%|███▏      | 2856/8810 [00:03<00:06, 936.24it/s] 
 34%|███▎      | 2957/8810 [00:03<00:06, 954.52it/s]
 35%|███▍      | 3058/8810 [00:03<00:07, 798.12it/s]
 36%|███▌      | 3160/8810 [00:03<00:06, 846.88it/s]
 37%|███▋      | 3251/8810 [00:03<00:06, 856.35it/s]
 38%|███▊      | 3377/8810 [00:03<00:05, 954.58it/s]
 39%|███▉      | 3477/8810 [00:03<00:06, 841.34it/s]
 41%|████      | 3588/8810 [00:03<00:05, 904.55it/s]
 42%|████▏     | 3712/8810 [00:03<00:05, 990.91it/s]
 43%|████▎     | 3816/8810 [00:04<00:05, 897.66it/s]
 44%|████▍     | 3911/8810 [00:04<00:05, 890.92it/s]
 46%|████▌     | 4072/8810 [00:04<00:04, 1078.99it/s]
 48%|████▊     | 4185/8810 [00:04<00:04, 988.41it/s] 
 49%|████▉     | 4298/8810 [00:04<00:04, 1018.26it/s]
 50%|█████     | 4421/8810 [00:04<00:04, 1072.18it/s]
 51%|█████▏    | 4537/8810 [00:04<00:03, 1094.01it/s]
 53%|█████▎    | 4649/8810 [00:04<00:04, 931.45it/s] 
 54%|█████▍    | 4748/8810 [00:05<00:04, 884.88it/s]
 55%|█████▌    | 4860/8810 [00:05<00:04, 942.56it/s]
 56%|█████▋    | 4958/8810 [00:05<00:04, 801.22it/s]
 58%|█████▊    | 5075/8810 [00:05<00:04, 886.88it/s]
 59%|█████▉    | 5186/8810 [00:05<00:03, 942.60it/s]
 60%|██████    | 5295/8810 [00:05<00:03, 981.49it/s]
 61%|██████▏   | 5398/8810 [00:05<00:03, 858.15it/s]
 62%|██████▏   | 5505/8810 [00:05<00:03, 910.81it/s]
 64%|██████▍   | 5626/8810 [00:06<00:03, 986.88it/s]
 65%|██████▌   | 5736/8810 [00:06<00:03, 1017.79it/s]
 66%|██████▋   | 5841/8810 [00:06<00:03, 860.70it/s] 
 67%|██████▋   | 5934/8810 [00:06<00:03, 785.19it/s]
 68%|██████▊   | 6021/8810 [00:06<00:03, 803.95it/s]
 69%|██████▉   | 6106/8810 [00:06<00:03, 762.06it/s]
 70%|███████   | 6207/8810 [00:06<00:03, 825.37it/s]
 72%|███████▏  | 6316/8810 [00:06<00:02, 889.96it/s]
 73%|███████▎  | 6408/8810 [00:07<00:02, 801.03it/s]
 74%|███████▎  | 6497/8810 [00:07<00:02, 816.11it/s]
 75%|███████▌  | 6634/8810 [00:07<00:02, 959.06it/s]
 77%|███████▋  | 6763/8810 [00:07<00:01, 1042.11it/s]
 78%|███████▊  | 6885/8810 [00:07<00:01, 1091.61it/s]
 79%|███████▉  | 6997/8810 [00:07<00:01, 923.21it/s] 
 81%|████████  | 7096/8810 [00:07<00:01, 922.31it/s]
 82%|████████▏ | 7193/8810 [00:07<00:01, 888.45it/s]
 83%|████████▎ | 7320/8810 [00:07<00:01, 982.88it/s]
 84%|████████▍ | 7422/8810 [00:08<00:01, 940.65it/s]
 85%|████████▌ | 7519/8810 [00:08<00:01, 884.98it/s]
 87%|████████▋ | 7646/8810 [00:08<00:01, 984.63it/s]
 88%|████████▊ | 7748/8810 [00:08<00:01, 847.13it/s]
 89%|████████▉ | 7838/8810 [00:08<00:01, 838.27it/s]
 90%|█████████ | 7949/8810 [00:08<00:00, 908.11it/s]
 91%|█████████▏| 8044/8810 [00:08<00:01, 747.77it/s]
 92%|█████████▏| 8131/8810 [00:08<00:00, 776.75it/s]
 93%|█████████▎| 8218/8810 [00:09<00:00, 798.91it/s]
 95%|█████████▍| 8328/8810 [00:09<00:00, 876.67it/s]
 96%|█████████▌| 8420/8810 [00:09<00:00, 809.29it/s]
 98%|█████████▊| 8591/8810 [00:09<00:00, 1046.14it/s]
 99%|█████████▉| 8702/8810 [00:09<00:00, 1003.69it/s]
100%|██████████| 8810/8810 [00:09<00:00, 922.97it/s] 
