
  0%|          | 0/8810 [00:00<?, ?it/s]
  2%|▏         | 181/8810 [00:00<00:06, 1365.56it/s]
  5%|▌         | 444/8810 [00:00<00:04, 2010.45it/s]
  7%|▋         | 657/8810 [00:00<00:03, 2054.17it/s]
 10%|█         | 893/8810 [00:00<00:03, 2168.66it/s]
 13%|█▎        | 1114/8810 [00:00<00:03, 1967.06it/s]
 15%|█▌        | 1343/8810 [00:00<00:03, 2063.64it/s]
 18%|█▊        | 1554/8810 [00:00<00:03, 1877.78it/s]
 20%|██        | 1801/8810 [00:00<00:03, 2042.32it/s]
 23%|██▎       | 2011/8810 [00:01<00:03, 1896.48it/s]
 26%|██▌       | 2260/8810 [00:01<00:03, 2058.99it/s]
 28%|██▊       | 2472/8810 [00:01<00:03, 1955.02it/s]
 31%|███       | 2744/8810 [00:01<00:03, 1995.75it/s]
 34%|███▎      | 2959/8810 [00:01<00:02, 2034.09it/s]
 36%|███▌      | 3165/8810 [00:01<00:03, 1876.70it/s]
 38%|███▊      | 3373/8810 [00:01<00:02, 1927.35it/s]
 41%|████      | 3569/8810 [00:01<00:03, 1691.03it/s]
 43%|████▎     | 3766/8810 [00:01<00:02, 1761.62it/s]
 45%|████▍     | 3948/8810 [00:02<00:03, 1608.34it/s]
 47%|████▋     | 4180/8810 [00:02<00:02, 1661.49it/s]
 50%|█████     | 4405/8810 [00:02<00:02, 1808.25it/s]
 52%|█████▏    | 4592/8810 [00:02<00:02, 1760.96it/s]
 54%|█████▍    | 4772/8810 [00:02<00:02, 1584.87it/s]
 56%|█████▌    | 4936/8810 [00:02<00:02, 1404.28it/s]
 58%|█████▊    | 5107/8810 [00:02<00:02, 1475.36it/s]
 60%|██████    | 5293/8810 [00:02<00:02, 1572.94it/s]
 62%|██████▏   | 5456/8810 [00:03<00:02, 1482.43it/s]
 64%|██████▍   | 5664/8810 [00:03<00:01, 1638.12it/s]
 66%|██████▌   | 5833/8810 [00:03<00:01, 1509.75it/s]
 68%|██████▊   | 5989/8810 [00:03<00:02, 1394.75it/s]
 70%|██████▉   | 6133/8810 [00:03<00:01, 1341.58it/s]
 71%|███████▏  | 6288/8810 [00:03<00:01, 1393.46it/s]
 73%|███████▎  | 6431/8810 [00:03<00:01, 1240.60it/s]
 75%|███████▍  | 6574/8810 [00:03<00:01, 1285.79it/s]
 77%|███████▋  | 6782/8810 [00:04<00:01, 1496.65it/s]
 79%|███████▉  | 6972/8810 [00:04<00:01, 1489.80it/s]
 81%|████████  | 7125/8810 [00:04<00:01, 1484.24it/s]
 83%|████████▎ | 7277/8810 [00:04<00:01, 1454.62it/s]
 84%|████████▍ | 7425/8810 [00:04<00:00, 1394.50it/s]
 86%|████████▌ | 7566/8810 [00:04<00:00, 1337.00it/s]
 88%|████████▊ | 7715/8810 [00:04<00:00, 1313.84it/s]
 89%|████████▉ | 7861/8810 [00:04<00:00, 1351.71it/s]
 91%|█████████ | 8005/8810 [00:04<00:00, 1374.83it/s]
 92%|█████████▏| 8144/8810 [00:05<00:00, 1247.61it/s]
 94%|█████████▍| 8276/8810 [00:05<00:00, 1263.09it/s]
 95%|█████████▌| 8405/8810 [00:05<00:00, 1215.95it/s]
 98%|█████████▊| 8597/8810 [00:05<00:00, 1404.97it/s]
 99%|█████████▉| 8741/8810 [00:05<00:00, 1325.90it/s]
100%|██████████| 8810/8810 [00:05<00:00, 1593.77it/s]
