
  0%|          | 0/8810 [00:00<?, ?it/s]
  2%|▏         | 181/8810 [00:00<00:06, 1383.75it/s]
  5%|▍         | 409/8810 [00:00<00:04, 1846.92it/s]
  7%|▋         | 653/8810 [00:00<00:03, 2099.51it/s]
 10%|▉         | 868/8810 [00:00<00:04, 1817.40it/s]
 12%|█▏        | 1058/8810 [00:00<00:04, 1702.58it/s]
 14%|█▍        | 1275/8810 [00:00<00:04, 1838.75it/s]
 17%|█▋        | 1465/8810 [00:00<00:04, 1654.04it/s]
 19%|█▉        | 1657/8810 [00:00<00:04, 1724.64it/s]
 21%|██        | 1835/8810 [00:01<00:04, 1527.00it/s]
 23%|██▎       | 2002/8810 [00:01<00:04, 1563.07it/s]
 25%|██▌       | 2204/8810 [00:01<00:03, 1682.84it/s]
 27%|██▋       | 2378/8810 [00:01<00:04, 1486.24it/s]
 30%|██▉       | 2604/8810 [00:01<00:03, 1684.62it/s]
 32%|███▏      | 2781/8810 [00:01<00:03, 1572.07it/s]
 34%|███▎      | 2970/8810 [00:01<00:03, 1651.55it/s]
 36%|███▌      | 3141/8810 [00:01<00:03, 1543.47it/s]
 37%|███▋      | 3301/8810 [00:02<00:03, 1490.46it/s]
 39%|███▉      | 3454/8810 [00:02<00:03, 1438.76it/s]
 41%|████      | 3629/8810 [00:02<00:03, 1517.64it/s]
 43%|████▎     | 3784/8810 [00:02<00:03, 1435.92it/s]
 45%|████▍     | 3941/8810 [00:02<00:03, 1471.52it/s]
 47%|████▋     | 4175/8810 [00:02<00:02, 1713.09it/s]
 49%|████▉     | 4350/8810 [00:02<00:02, 1601.41it/s]
 51%|█████▏    | 4524/8810 [00:02<00:02, 1636.88it/s]
 53%|█████▎    | 4691/8810 [00:02<00:02, 1439.02it/s]
 55%|█████▌    | 4863/8810 [00:03<00:02, 1510.05it/s]
 57%|█████▋    | 5020/8810 [00:03<00:02, 1399.82it/s]
 59%|█████▉    | 5208/8810 [00:03<00:02, 1522.44it/s]
 61%|██████    | 5372/8810 [00:03<00:02, 1453.67it/s]
 63%|██████▎   | 5545/8810 [00:03<00:02, 1526.97it/s]
 65%|██████▌   | 5754/8810 [00:03<00:01, 1528.50it/s]
 67%|██████▋   | 5910/8810 [00:03<00:01, 1463.95it/s]
 69%|██████▉   | 6059/8810 [00:03<00:01, 1389.02it/s]
 71%|███████   | 6226/8810 [00:03<00:01, 1462.25it/s]
 73%|███████▎  | 6400/8810 [00:04<00:01, 1425.30it/s]
 75%|███████▍  | 6586/8810 [00:04<00:01, 1534.50it/s]
 77%|███████▋  | 6793/8810 [00:04<00:01, 1679.48it/s]
 79%|███████▉  | 6972/8810 [00:04<00:01, 1649.37it/s]
 81%|████████  | 7145/8810 [00:04<00:00, 1668.70it/s]
 83%|████████▎ | 7314/8810 [00:04<00:00, 1614.68it/s]
 85%|████████▍ | 7477/8810 [00:04<00:00, 1397.32it/s]
 87%|████████▋ | 7638/8810 [00:04<00:00, 1451.52it/s]
 88%|████████▊ | 7788/8810 [00:05<00:00, 1258.25it/s]
 90%|████████▉ | 7923/8810 [00:05<00:00, 1277.01it/s]
 91%|█████████▏| 8057/8810 [00:05<00:00, 1104.64it/s]
 93%|█████████▎| 8192/8810 [00:05<00:00, 1162.53it/s]
 95%|█████████▍| 8335/8810 [00:05<00:00, 1228.62it/s]
 96%|█████████▌| 8464/8810 [00:05<00:00, 1183.25it/s]
 98%|█████████▊| 8631/8810 [00:05<00:00, 1311.56it/s]
100%|█████████▉| 8767/8810 [00:05<00:00, 1259.42it/s]
100%|██████████| 8810/8810 [00:05<00:00, 1496.79it/s]
