
  0%|          | 0/8810 [00:00<?, ?it/s]
  2%|▏         | 179/8810 [00:00<00:04, 1787.26it/s]
  4%|▍         | 358/8810 [00:00<00:05, 1597.19it/s]
  7%|▋         | 575/8810 [00:00<00:04, 1834.35it/s]
  9%|▊         | 761/8810 [00:00<00:05, 1576.41it/s]
 11%|█         | 927/8810 [00:00<00:04, 1601.09it/s]
 12%|█▏        | 1091/8810 [00:00<00:05, 1450.73it/s]
 15%|█▍        | 1291/8810 [00:00<00:04, 1605.85it/s]
 17%|█▋        | 1457/8810 [00:00<00:04, 1499.22it/s]
 19%|█▊        | 1649/8810 [00:01<00:04, 1610.17it/s]
 21%|██        | 1821/8810 [00:01<00:04, 1577.89it/s]
 23%|██▎       | 2020/8810 [00:01<00:04, 1691.77it/s]
 25%|██▌       | 2230/8810 [00:01<00:03, 1802.65it/s]
 27%|██▋       | 2414/8810 [00:01<00:04, 1445.84it/s]
 30%|██▉       | 2605/8810 [00:01<00:03, 1560.68it/s]
 31%|███▏      | 2773/8810 [00:01<00:04, 1340.84it/s]
 33%|███▎      | 2920/8810 [00:01<00:04, 1345.93it/s]
 35%|███▍      | 3064/8810 [00:02<00:04, 1309.19it/s]
 37%|███▋      | 3239/8810 [00:02<00:03, 1418.51it/s]
 39%|███▊      | 3410/8810 [00:02<00:03, 1389.21it/s]
 41%|████      | 3589/8810 [00:02<00:03, 1489.97it/s]
 43%|████▎     | 3774/8810 [00:02<00:03, 1515.08it/s]
 45%|████▌     | 3987/8810 [00:02<00:02, 1677.66it/s]
 47%|████▋     | 4180/8810 [00:02<00:02, 1649.17it/s]
 50%|█████     | 4444/8810 [00:02<00:02, 1919.13it/s]
 53%|█████▎    | 4641/8810 [00:02<00:02, 1722.95it/s]
 55%|█████▍    | 4824/8810 [00:03<00:02, 1749.55it/s]
 57%|█████▋    | 5004/8810 [00:03<00:02, 1570.26it/s]
 59%|█████▉    | 5185/8810 [00:03<00:02, 1631.59it/s]
 61%|██████    | 5372/8810 [00:03<00:02, 1609.44it/s]
 63%|██████▎   | 5556/8810 [00:03<00:01, 1669.51it/s]
 65%|██████▌   | 5754/8810 [00:03<00:01, 1646.86it/s]
 67%|██████▋   | 5922/8810 [00:03<00:01, 1606.52it/s]
 69%|██████▉   | 6085/8810 [00:03<00:01, 1579.47it/s]
 71%|███████▏  | 6287/8810 [00:03<00:01, 1695.83it/s]
 73%|███████▎  | 6459/8810 [00:04<00:01, 1562.88it/s]
 76%|███████▌  | 6661/8810 [00:04<00:01, 1685.83it/s]
 78%|███████▊  | 6887/8810 [00:04<00:01, 1844.10it/s]
 80%|████████  | 7075/8810 [00:04<00:01, 1733.60it/s]
 82%|████████▏ | 7252/8810 [00:04<00:00, 1732.46it/s]
 84%|████████▍ | 7437/8810 [00:04<00:00, 1757.36it/s]
 86%|████████▋ | 7615/8810 [00:04<00:00, 1752.63it/s]
 88%|████████▊ | 7792/8810 [00:04<00:00, 1604.12it/s]
 90%|█████████ | 7967/8810 [00:04<00:00, 1643.27it/s]
 92%|█████████▏| 8134/8810 [00:05<00:00, 1526.59it/s]
 94%|█████████▍| 8324/8810 [00:05<00:00, 1626.43it/s]
 96%|█████████▋| 8490/8810 [00:05<00:00, 1500.79it/s]
 99%|█████████▊| 8687/8810 [00:05<00:00, 1624.13it/s]
100%|██████████| 8810/8810 [00:05<00:00, 1599.34it/s]
