
  0%|          | 0/8810 [00:00<?, ?it/s]
  2%|▏         | 181/8810 [00:00<00:05, 1455.17it/s]
  5%|▍         | 425/8810 [00:00<00:04, 1966.98it/s]
  7%|▋         | 656/8810 [00:00<00:04, 1870.28it/s]
 10%|▉         | 862/8810 [00:00<00:04, 1935.33it/s]
 12%|█▏        | 1059/8810 [00:00<00:04, 1739.50it/s]
 15%|█▍        | 1292/8810 [00:00<00:03, 1914.61it/s]
 17%|█▋        | 1489/8810 [00:00<00:04, 1797.77it/s]
 19%|█▉        | 1706/8810 [00:00<00:03, 1901.51it/s]
 22%|██▏       | 1901/8810 [00:01<00:04, 1639.24it/s]
 24%|██▍       | 2153/8810 [00:01<00:03, 1866.98it/s]
 27%|██▋       | 2350/8810 [00:01<00:03, 1711.17it/s]
 29%|██▉       | 2594/8810 [00:01<00:03, 1891.90it/s]
 32%|███▏      | 2792/8810 [00:01<00:03, 1776.75it/s]
 34%|███▍      | 2985/8810 [00:01<00:03, 1814.72it/s]
 36%|███▌      | 3172/8810 [00:01<00:03, 1701.70it/s]
 38%|███▊      | 3359/8810 [00:01<00:03, 1746.45it/s]
 40%|████      | 3538/8810 [00:02<00:03, 1626.27it/s]
 43%|████▎     | 3774/8810 [00:02<00:03, 1662.97it/s]
 45%|████▌     | 3988/8810 [00:02<00:02, 1779.56it/s]
 47%|████▋     | 4180/8810 [00:02<00:02, 1802.22it/s]
 50%|█████     | 4409/8810 [00:02<00:02, 1932.46it/s]
 52%|█████▏    | 4625/8810 [00:02<00:02, 1817.72it/s]
 55%|█████▍    | 4811/8810 [00:02<00:02, 1794.67it/s]
 57%|█████▋    | 4993/8810 [00:02<00:02, 1666.32it/s]
 59%|█████▉    | 5194/8810 [00:02<00:02, 1756.78it/s]
 61%|██████    | 5373/8810 [00:03<00:02, 1693.65it/s]
 63%|██████▎   | 5567/8810 [00:03<00:01, 1758.91it/s]
 65%|██████▌   | 5754/8810 [00:03<00:01, 1730.62it/s]
 67%|██████▋   | 5929/8810 [00:03<00:01, 1638.32it/s]
 69%|██████▉   | 6095/8810 [00:03<00:01, 1550.06it/s]
 71%|███████   | 6271/8810 [00:03<00:01, 1604.43it/s]
 73%|███████▎  | 6434/8810 [00:03<00:01, 1455.98it/s]
 75%|███████▌  | 6638/8810 [00:03<00:01, 1609.43it/s]
 78%|███████▊  | 6885/8810 [00:03<00:01, 1839.67it/s]
 80%|████████  | 7075/8810 [00:04<00:01, 1569.69it/s]
 82%|████████▏ | 7242/8810 [00:04<00:00, 1584.65it/s]
 84%|████████▍ | 7408/8810 [00:04<00:00, 1554.90it/s]
 86%|████████▌ | 7569/8810 [00:04<00:00, 1515.50it/s]
 88%|████████▊ | 7724/8810 [00:04<00:00, 1435.59it/s]
 89%|████████▉ | 7884/8810 [00:04<00:00, 1472.40it/s]
 91%|█████████ | 8034/8810 [00:04<00:00, 1466.70it/s]
 93%|█████████▎| 8183/8810 [00:04<00:00, 1386.42it/s]
 95%|█████████▍| 8354/8810 [00:04<00:00, 1473.39it/s]
 97%|█████████▋| 8504/8810 [00:05<00:00, 1376.27it/s]
 99%|█████████▊| 8689/8810 [00:05<00:00, 1503.80it/s]
100%|██████████| 8810/8810 [00:05<00:00, 1661.05it/s]
