
  0%|          | 0/8810 [00:00<?, ?it/s]
  1%|          | 69/8810 [00:00<00:12, 684.70it/s]
  2%|▏         | 166/8810 [00:00<00:10, 851.53it/s]
  3%|▎         | 252/8810 [00:00<00:12, 676.33it/s]
  4%|▍         | 341/8810 [00:00<00:11, 748.09it/s]
  5%|▍         | 420/8810 [00:00<00:11, 761.19it/s]
  6%|▌         | 499/8810 [00:00<00:11, 751.98it/s]
  7%|▋         | 601/8810 [00:00<00:09, 831.42it/s]
  8%|▊         | 686/8810 [00:00<00:11, 718.36it/s]
  9%|▊         | 762/8810 [00:01<00:11, 695.56it/s]
  9%|▉         | 834/8810 [00:01<00:11, 692.57it/s]
 10%|█         | 905/8810 [00:01<00:12, 644.55it/s]
 11%|█         | 971/8810 [00:01<00:12, 646.79it/s]
 12%|█▏        | 1037/8810 [00:01<00:12, 639.87it/s]
 13%|█▎        | 1104/8810 [00:01<00:11, 646.28it/s]
 13%|█▎        | 1183/8810 [00:01<00:11, 682.15it/s]
 14%|█▍        | 1256/8810 [00:01<00:10, 695.00it/s]
 15%|█▌        | 1329/8810 [00:01<00:10, 701.15it/s]
 16%|█▌        | 1400/8810 [00:01<00:10, 682.55it/s]
 17%|█▋        | 1469/8810 [00:02<00:11, 616.52it/s]
 18%|█▊        | 1543/8810 [00:02<00:11, 643.05it/s]
 19%|█▊        | 1642/8810 [00:02<00:09, 738.46it/s]
 20%|█▉        | 1718/8810 [00:02<00:09, 732.70it/s]
 21%|██        | 1814/8810 [00:02<00:08, 795.34it/s]
 22%|██▏       | 1895/8810 [00:02<00:10, 644.01it/s]
 22%|██▏       | 1976/8810 [00:02<00:10, 681.48it/s]
 23%|██▎       | 2066/8810 [00:02<00:09, 734.23it/s]
 24%|██▍       | 2150/8810 [00:03<00:08, 761.52it/s]
 25%|██▌       | 2230/8810 [00:03<00:08, 766.66it/s]
 26%|██▌       | 2309/8810 [00:03<00:10, 647.13it/s]
 27%|██▋       | 2380/8810 [00:03<00:09, 662.92it/s]
 28%|██▊       | 2492/8810 [00:03<00:08, 782.34it/s]
 30%|██▉       | 2615/8810 [00:03<00:06, 902.05it/s]
 31%|███       | 2709/8810 [00:03<00:06, 895.71it/s]
 32%|███▏      | 2802/8810 [00:03<00:08, 744.50it/s]
 33%|███▎      | 2891/8810 [00:03<00:07, 779.82it/s]
 34%|███▍      | 2974/8810 [00:04<00:08, 705.20it/s]
 35%|███▍      | 3049/8810 [00:04<00:08, 711.66it/s]
 35%|███▌      | 3124/8810 [00:04<00:08, 667.86it/s]
 36%|███▋      | 3194/8810 [00:04<00:08, 650.15it/s]
 37%|███▋      | 3261/8810 [00:04<00:08, 638.50it/s]
 38%|███▊      | 3359/8810 [00:04<00:07, 728.14it/s]
 39%|███▉      | 3434/8810 [00:04<00:08, 655.05it/s]
 40%|███▉      | 3521/8810 [00:04<00:07, 709.67it/s]
 41%|████      | 3619/8810 [00:05<00:06, 779.23it/s]
 42%|████▏     | 3722/8810 [00:05<00:06, 845.93it/s]
 43%|████▎     | 3809/8810 [00:05<00:06, 762.89it/s]
 44%|████▍     | 3889/8810 [00:05<00:06, 755.42it/s]
 46%|████▌     | 4015/8810 [00:05<00:05, 887.08it/s]
 47%|████▋     | 4107/8810 [00:05<00:05, 870.47it/s]
 48%|████▊     | 4196/8810 [00:05<00:06, 766.48it/s]
 49%|████▊     | 4294/8810 [00:05<00:05, 821.27it/s]
 50%|████▉     | 4392/8810 [00:05<00:05, 863.54it/s]
 51%|█████     | 4482/8810 [00:06<00:05, 816.74it/s]
 52%|█████▏    | 4566/8810 [00:06<00:05, 749.60it/s]
 53%|█████▎    | 4644/8810 [00:06<00:06, 655.52it/s]
 53%|█████▎    | 4713/8810 [00:06<00:06, 638.29it/s]
 54%|█████▍    | 4786/8810 [00:06<00:06, 655.54it/s]
 55%|█████▌    | 4854/8810 [00:06<00:06, 630.33it/s]
 56%|█████▌    | 4923/8810 [00:06<00:06, 642.08it/s]
 57%|█████▋    | 4989/8810 [00:06<00:06, 586.47it/s]
 57%|█████▋    | 5057/8810 [00:07<00:06, 605.55it/s]
 58%|█████▊    | 5141/8810 [00:07<00:05, 665.68it/s]
 59%|█████▉    | 5209/8810 [00:07<00:05, 640.21it/s]
 60%|██████    | 5304/8810 [00:07<00:04, 717.90it/s]
 61%|██████    | 5378/8810 [00:07<00:05, 645.75it/s]
 62%|██████▏   | 5445/8810 [00:07<00:05, 638.54it/s]
 63%|██████▎   | 5526/8810 [00:07<00:04, 684.59it/s]
 64%|██████▎   | 5612/8810 [00:07<00:04, 730.97it/s]
 65%|██████▍   | 5697/8810 [00:07<00:04, 759.97it/s]
 66%|██████▌   | 5775/8810 [00:08<00:04, 669.65it/s]
 66%|██████▋   | 5851/8810 [00:08<00:04, 687.51it/s]
 67%|██████▋   | 5922/8810 [00:08<00:04, 635.11it/s]
 68%|██████▊   | 6004/8810 [00:08<00:04, 681.99it/s]
 69%|██████▉   | 6075/8810 [00:08<00:04, 667.28it/s]
 70%|██████▉   | 6144/8810 [00:08<00:04, 645.48it/s]
 71%|███████   | 6242/8810 [00:08<00:03, 736.55it/s]
 72%|███████▏  | 6332/8810 [00:08<00:03, 776.15it/s]
 73%|███████▎  | 6411/8810 [00:09<00:03, 694.58it/s]
 74%|███████▎  | 6483/8810 [00:09<00:03, 642.14it/s]
 74%|███████▍  | 6560/8810 [00:09<00:03, 671.51it/s]
 75%|███████▌  | 6635/8810 [00:09<00:03, 690.83it/s]
 76%|███████▋  | 6728/8810 [00:09<00:02, 754.63it/s]
 77%|███████▋  | 6821/8810 [00:09<00:02, 796.27it/s]
 78%|███████▊  | 6911/8810 [00:09<00:02, 824.49it/s]
 79%|███████▉  | 6995/8810 [00:09<00:02, 768.22it/s]
 80%|████████  | 7086/8810 [00:09<00:02, 804.92it/s]
 81%|████████▏ | 7168/8810 [00:10<00:02, 709.88it/s]
 82%|████████▏ | 7242/8810 [00:10<00:02, 714.36it/s]
 83%|████████▎ | 7335/8810 [00:10<00:01, 770.33it/s]
 84%|████████▍ | 7414/8810 [00:10<00:01, 728.84it/s]
 85%|████████▌ | 7489/8810 [00:10<00:02, 629.96it/s]
 86%|████████▌ | 7556/8810 [00:10<00:02, 608.45it/s]
 87%|████████▋ | 7648/8810 [00:10<00:01, 685.82it/s]
 88%|████████▊ | 7720/8810 [00:10<00:01, 613.39it/s]
 88%|████████▊ | 7785/8810 [00:10<00:01, 619.34it/s]
 89%|████████▉ | 7854/8810 [00:11<00:01, 635.02it/s]
 90%|█████████ | 7946/8810 [00:11<00:01, 708.44it/s]
 91%|█████████ | 8024/8810 [00:11<00:01, 728.08it/s]
 92%|█████████▏| 8099/8810 [00:11<00:01, 635.10it/s]
 93%|█████████▎| 8175/8810 [00:11<00:00, 662.84it/s]
 94%|█████████▎| 8244/8810 [00:11<00:00, 633.14it/s]
 94%|█████████▍| 8320/8810 [00:11<00:00, 662.02it/s]
 95%|█████████▌| 8388/8810 [00:11<00:00, 613.95it/s]
 96%|█████████▋| 8493/8810 [00:12<00:00, 726.84it/s]
 97%|█████████▋| 8588/8810 [00:12<00:00, 787.75it/s]
 98%|█████████▊| 8670/8810 [00:12<00:00, 764.10it/s]
 99%|█████████▉| 8749/8810 [00:12<00:00, 721.20it/s]
100%|██████████| 8810/8810 [00:12<00:00, 709.98it/s]
