
  0%|          | 0/8810 [00:00<?, ?it/s]
  2%|▏         | 178/8810 [00:00<00:04, 1774.51it/s]
  4%|▍         | 356/8810 [00:00<00:05, 1610.64it/s]
  7%|▋         | 588/8810 [00:00<00:04, 1916.34it/s]
  9%|▉         | 782/8810 [00:00<00:04, 1727.67it/s]
 11%|█         | 968/8810 [00:00<00:04, 1764.60it/s]
 13%|█▎        | 1148/8810 [00:00<00:04, 1637.91it/s]
 15%|█▌        | 1341/8810 [00:00<00:04, 1717.78it/s]
 17%|█▋        | 1516/8810 [00:00<00:04, 1573.24it/s]
 19%|█▉        | 1716/8810 [00:01<00:04, 1687.73it/s]
 21%|██▏       | 1889/8810 [00:01<00:04, 1535.84it/s]
 24%|██▎       | 2079/8810 [00:01<00:04, 1633.21it/s]
 26%|██▌       | 2263/8810 [00:01<00:04, 1566.00it/s]
 28%|██▊       | 2493/8810 [00:01<00:03, 1759.86it/s]
 31%|███       | 2731/8810 [00:01<00:03, 1929.62it/s]
 33%|███▎      | 2929/8810 [00:01<00:03, 1786.41it/s]
 35%|███▌      | 3113/8810 [00:01<00:03, 1755.88it/s]
 37%|███▋      | 3293/8810 [00:01<00:03, 1752.95it/s]
 39%|███▉      | 3471/8810 [00:02<00:03, 1676.59it/s]
 42%|████▏     | 3705/8810 [00:02<00:02, 1855.81it/s]
 44%|████▍     | 3894/8810 [00:02<00:02, 1713.83it/s]
 47%|████▋     | 4168/8810 [00:02<00:02, 1988.01it/s]
 50%|████▉     | 4373/8810 [00:02<00:02, 1923.27it/s]
 52%|█████▏    | 4570/8810 [00:02<00:02, 1914.58it/s]
 54%|█████▍    | 4765/8810 [00:02<00:02, 1691.43it/s]
 56%|█████▌    | 4941/8810 [00:02<00:02, 1529.52it/s]
 58%|█████▊    | 5141/8810 [00:02<00:02, 1646.48it/s]
 61%|██████    | 5334/8810 [00:03<00:02, 1720.53it/s]
 63%|██████▎   | 5512/8810 [00:03<00:01, 1696.95it/s]
 65%|██████▌   | 5743/8810 [00:03<00:01, 1864.20it/s]
 67%|██████▋   | 5934/8810 [00:03<00:01, 1613.50it/s]
 69%|██████▉   | 6104/8810 [00:03<00:01, 1567.22it/s]
 72%|███████▏  | 6314/8810 [00:03<00:01, 1705.88it/s]
 74%|███████▎  | 6491/8810 [00:03<00:01, 1651.61it/s]
 77%|███████▋  | 6764/8810 [00:03<00:01, 1941.30it/s]
 79%|███████▉  | 6972/8810 [00:04<00:00, 1865.96it/s]
 81%|████████▏ | 7164/8810 [00:04<00:00, 1808.13it/s]
 84%|████████▎ | 7360/8810 [00:04<00:00, 1687.76it/s]
 86%|████████▌ | 7533/8810 [00:04<00:00, 1680.45it/s]
 88%|████████▊ | 7715/8810 [00:04<00:00, 1638.09it/s]
 90%|████████▉ | 7917/8810 [00:04<00:00, 1740.20it/s]
 92%|█████████▏| 8094/8810 [00:04<00:00, 1550.92it/s]
 94%|█████████▍| 8262/8810 [00:04<00:00, 1583.12it/s]
 96%|█████████▌| 8425/8810 [00:04<00:00, 1440.16it/s]
 98%|█████████▊| 8644/8810 [00:05<00:00, 1632.35it/s]
100%|██████████| 8810/8810 [00:05<00:00, 1700.72it/s]
