
  0%|          | 0/8810 [00:00<?, ?it/s]
  2%|▏         | 154/8810 [00:00<00:05, 1534.73it/s]
  3%|▎         | 308/8810 [00:00<00:06, 1343.26it/s]
  5%|▌         | 472/8810 [00:00<00:05, 1468.68it/s]
  7%|▋         | 656/8810 [00:00<00:05, 1482.38it/s]
  9%|▉         | 817/8810 [00:00<00:05, 1521.23it/s]
 11%|█         | 971/8810 [00:00<00:05, 1465.04it/s]
 13%|█▎        | 1119/8810 [00:00<00:05, 1433.65it/s]
 15%|█▍        | 1299/8810 [00:00<00:04, 1542.83it/s]
 17%|█▋        | 1457/8810 [00:01<00:05, 1419.71it/s]
 18%|█▊        | 1602/8810 [00:01<00:05, 1403.84it/s]
 20%|██        | 1791/8810 [00:01<00:04, 1539.36it/s]
 22%|██▏       | 1948/8810 [00:01<00:05, 1311.01it/s]
 24%|██▍       | 2132/8810 [00:01<00:04, 1446.21it/s]
 26%|██▌       | 2284/8810 [00:01<00:05, 1279.85it/s]
 28%|██▊       | 2459/8810 [00:01<00:04, 1392.71it/s]
 30%|███       | 2654/8810 [00:01<00:04, 1537.17it/s]
 32%|███▏      | 2815/8810 [00:01<00:04, 1417.46it/s]
 34%|███▎      | 2970/8810 [00:02<00:04, 1451.00it/s]
 35%|███▌      | 3121/8810 [00:02<00:04, 1349.61it/s]
 37%|███▋      | 3261/8810 [00:02<00:04, 1331.73it/s]
 39%|███▊      | 3410/8810 [00:02<00:04, 1293.20it/s]
 41%|████      | 3625/8810 [00:02<00:03, 1518.88it/s]
 43%|████▎     | 3782/8810 [00:02<00:03, 1413.54it/s]
 45%|████▍     | 3934/8810 [00:02<00:03, 1436.66it/s]
 47%|████▋     | 4153/8810 [00:02<00:02, 1637.12it/s]
 49%|████▉     | 4321/8810 [00:03<00:03, 1475.58it/s]
 51%|█████     | 4493/8810 [00:03<00:02, 1539.06it/s]
 53%|█████▎    | 4652/8810 [00:03<00:03, 1327.87it/s]
 54%|█████▍    | 4793/8810 [00:03<00:03, 1324.71it/s]
 56%|█████▌    | 4931/8810 [00:03<00:02, 1323.84it/s]
 58%|█████▊    | 5068/8810 [00:03<00:02, 1259.64it/s]
 59%|█████▉    | 5221/8810 [00:03<00:02, 1321.65it/s]
 61%|██████    | 5372/8810 [00:03<00:02, 1232.95it/s]
 63%|██████▎   | 5522/8810 [00:03<00:02, 1294.85it/s]
 65%|██████▍   | 5711/8810 [00:04<00:02, 1451.72it/s]
 67%|██████▋   | 5860/8810 [00:04<00:02, 1271.93it/s]
 68%|██████▊   | 5994/8810 [00:04<00:02, 1200.32it/s]
 69%|██████▉   | 6119/8810 [00:04<00:02, 1154.07it/s]
 72%|███████▏  | 6304/8810 [00:04<00:01, 1327.07it/s]
 73%|███████▎  | 6442/8810 [00:04<00:01, 1209.47it/s]
 75%|███████▍  | 6584/8810 [00:04<00:01, 1260.06it/s]
 77%|███████▋  | 6758/8810 [00:04<00:01, 1384.12it/s]
 79%|███████▉  | 6947/8810 [00:04<00:01, 1519.08it/s]
 81%|████████  | 7103/8810 [00:05<00:01, 1348.13it/s]
 82%|████████▏ | 7244/8810 [00:05<00:01, 1360.09it/s]
 84%|████████▍ | 7385/8810 [00:05<00:01, 1297.87it/s]
 85%|████████▌ | 7519/8810 [00:05<00:01, 1260.02it/s]
 87%|████████▋ | 7678/8810 [00:05<00:00, 1346.34it/s]
 89%|████████▊ | 7816/8810 [00:05<00:00, 1074.36it/s]
 90%|█████████ | 7934/8810 [00:05<00:00, 1082.29it/s]
 91%|█████████▏| 8050/8810 [00:06<00:00, 955.67it/s] 
 93%|█████████▎| 8182/8810 [00:06<00:00, 1039.13it/s]
 94%|█████████▍| 8305/8810 [00:06<00:00, 1084.76it/s]
 96%|█████████▌| 8420/8810 [00:06<00:00, 1001.39it/s]
 97%|█████████▋| 8543/8810 [00:06<00:00, 1059.56it/s]
 98%|█████████▊| 8654/8810 [00:06<00:00, 1060.32it/s]
 99%|█████████▉| 8764/8810 [00:06<00:00, 952.39it/s] 
100%|██████████| 8810/8810 [00:06<00:00, 1302.51it/s]
