
  0%|          | 0/8810 [00:00<?, ?it/s]
  2%|▏         | 181/8810 [00:00<00:05, 1579.66it/s]
  5%|▍         | 423/8810 [00:00<00:04, 2038.82it/s]
  7%|▋         | 656/8810 [00:00<00:04, 1851.31it/s]
 10%|▉         | 863/8810 [00:00<00:04, 1920.43it/s]
 12%|█▏        | 1059/8810 [00:00<00:04, 1838.10it/s]
 15%|█▍        | 1286/8810 [00:00<00:03, 1967.94it/s]
 17%|█▋        | 1486/8810 [00:00<00:04, 1777.31it/s]
 20%|█▉        | 1748/8810 [00:00<00:03, 2013.75it/s]
 22%|██▏       | 1956/8810 [00:01<00:03, 1833.18it/s]
 25%|██▌       | 2207/8810 [00:01<00:03, 2015.20it/s]
 27%|██▋       | 2416/8810 [00:01<00:03, 1878.14it/s]
 30%|███       | 2672/8810 [00:01<00:02, 2060.16it/s]
 33%|███▎      | 2885/8810 [00:01<00:03, 1948.33it/s]
 35%|███▌      | 3086/8810 [00:01<00:03, 1803.44it/s]
 37%|███▋      | 3296/8810 [00:01<00:02, 1876.67it/s]
 40%|███▉      | 3489/8810 [00:01<00:03, 1728.70it/s]
 42%|████▏     | 3733/8810 [00:01<00:02, 1914.42it/s]
 45%|████▍     | 3931/8810 [00:02<00:02, 1774.11it/s]
 47%|████▋     | 4180/8810 [00:02<00:02, 1787.95it/s]
 50%|████▉     | 4401/8810 [00:02<00:02, 1888.75it/s]
 52%|█████▏    | 4600/8810 [00:02<00:02, 1914.56it/s]
 54%|█████▍    | 4795/8810 [00:02<00:02, 1712.73it/s]
 56%|█████▋    | 4972/8810 [00:02<00:02, 1592.62it/s]
 59%|█████▊    | 5173/8810 [00:02<00:02, 1692.92it/s]
 61%|██████    | 5372/8810 [00:02<00:02, 1679.16it/s]
 64%|██████▎   | 5597/8810 [00:03<00:01, 1829.93it/s]
 66%|██████▌   | 5785/8810 [00:03<00:01, 1746.68it/s]
 68%|██████▊   | 5973/8810 [00:03<00:01, 1780.33it/s]
 70%|██████▉   | 6154/8810 [00:03<00:01, 1709.82it/s]
 72%|███████▏  | 6378/8810 [00:03<00:01, 1853.79it/s]
 75%|███████▍  | 6567/8810 [00:03<00:01, 1703.79it/s]
 78%|███████▊  | 6851/8810 [00:03<00:00, 2005.41it/s]
 80%|████████  | 7058/8810 [00:03<00:00, 1892.68it/s]
 82%|████████▏ | 7253/8810 [00:03<00:00, 1843.26it/s]
 84%|████████▍ | 7441/8810 [00:04<00:00, 1714.13it/s]
 86%|████████▋ | 7616/8810 [00:04<00:00, 1630.52it/s]
 88%|████████▊ | 7782/8810 [00:04<00:00, 1471.75it/s]
 90%|█████████ | 7944/8810 [00:04<00:00, 1506.97it/s]
 92%|█████████▏| 8098/8810 [00:04<00:00, 1348.59it/s]
 94%|█████████▍| 8262/8810 [00:04<00:00, 1419.93it/s]
 95%|█████████▌| 8409/8810 [00:04<00:00, 1327.34it/s]
 97%|█████████▋| 8580/8810 [00:04<00:00, 1426.09it/s]
 99%|█████████▉| 8727/8810 [00:05<00:00, 1291.31it/s]
100%|██████████| 8810/8810 [00:05<00:00, 1724.40it/s]
