
  0%|          | 0/8810 [00:00<?, ?it/s]
  2%|▏         | 181/8810 [00:00<00:05, 1611.51it/s]
  5%|▍         | 434/8810 [00:00<00:03, 2096.48it/s]
  7%|▋         | 656/8810 [00:00<00:04, 2017.46it/s]
 10%|▉         | 873/8810 [00:00<00:03, 2070.13it/s]
 12%|█▏        | 1082/8810 [00:00<00:04, 1888.42it/s]
 15%|█▌        | 1322/8810 [00:00<00:03, 2044.44it/s]
 17%|█▋        | 1530/8810 [00:00<00:03, 1887.52it/s]
 20%|██        | 1782/8810 [00:00<00:03, 2067.42it/s]
 23%|██▎       | 1994/8810 [00:01<00:03, 1853.59it/s]
 25%|██▌       | 2240/8810 [00:01<00:03, 2011.67it/s]
 28%|██▊       | 2448/8810 [00:01<00:03, 1926.05it/s]
 31%|███       | 2696/8810 [00:01<00:02, 2077.44it/s]
 33%|███▎      | 2909/8810 [00:01<00:03, 1838.87it/s]
 35%|███▌      | 3101/8810 [00:01<00:03, 1736.32it/s]
 37%|███▋      | 3288/8810 [00:01<00:03, 1770.04it/s]
 39%|███▉      | 3470/8810 [00:01<00:03, 1724.17it/s]
 42%|████▏     | 3712/8810 [00:01<00:02, 1908.30it/s]
 44%|████▍     | 3907/8810 [00:02<00:02, 1795.71it/s]
 47%|████▋     | 4152/8810 [00:02<00:02, 1970.27it/s]
 49%|████▉     | 4354/8810 [00:02<00:02, 1873.93it/s]
 52%|█████▏    | 4583/8810 [00:02<00:02, 1985.29it/s]
 54%|█████▍    | 4786/8810 [00:02<00:02, 1793.38it/s]
 56%|█████▋    | 4971/8810 [00:02<00:02, 1648.51it/s]
 59%|█████▉    | 5180/8810 [00:02<00:02, 1761.18it/s]
 61%|██████    | 5372/8810 [00:02<00:02, 1641.29it/s]
 63%|██████▎   | 5574/8810 [00:03<00:01, 1737.36it/s]
 65%|██████▌   | 5754/8810 [00:03<00:01, 1669.35it/s]
 67%|██████▋   | 5925/8810 [00:03<00:01, 1667.98it/s]
 69%|██████▉   | 6095/8810 [00:03<00:01, 1632.07it/s]
 72%|███████▏  | 6301/8810 [00:03<00:01, 1747.04it/s]
 74%|███████▎  | 6478/8810 [00:03<00:01, 1647.51it/s]
 77%|███████▋  | 6745/8810 [00:03<00:01, 1927.54it/s]
 79%|███████▉  | 6972/8810 [00:03<00:00, 1882.67it/s]
 81%|████████▏ | 7180/8810 [00:03<00:00, 1935.73it/s]
 84%|████████▎ | 7377/8810 [00:03<00:00, 1899.58it/s]
 86%|████████▌ | 7569/8810 [00:04<00:00, 1858.32it/s]
 88%|████████▊ | 7757/8810 [00:04<00:00, 1787.01it/s]
 90%|█████████ | 7959/8810 [00:04<00:00, 1849.90it/s]
 92%|█████████▏| 8146/8810 [00:04<00:00, 1688.65it/s]
 95%|█████████▍| 8342/8810 [00:04<00:00, 1760.12it/s]
 97%|█████████▋| 8522/8810 [00:04<00:00, 1663.12it/s]
 99%|█████████▉| 8702/8810 [00:04<00:00, 1618.28it/s]
100%|██████████| 8810/8810 [00:04<00:00, 1819.03it/s]
