
  0%|          | 0/8810 [00:00<?, ?it/s]
  2%|▏         | 181/8810 [00:00<00:05, 1625.70it/s]
  5%|▍         | 422/8810 [00:00<00:04, 2050.17it/s]
  7%|▋         | 656/8810 [00:00<00:04, 1933.22it/s]
 10%|▉         | 852/8810 [00:00<00:04, 1906.93it/s]
 12%|█▏        | 1044/8810 [00:00<00:04, 1742.70it/s]
 14%|█▍        | 1271/8810 [00:00<00:03, 1902.66it/s]
 17%|█▋        | 1465/8810 [00:00<00:04, 1719.95it/s]
 19%|█▉        | 1698/8810 [00:00<00:03, 1888.04it/s]
 21%|██▏       | 1893/8810 [00:01<00:03, 1752.04it/s]
 24%|██▍       | 2148/8810 [00:01<00:03, 1968.99it/s]
 27%|██▋       | 2352/8810 [00:01<00:03, 1838.66it/s]
 30%|██▉       | 2615/8810 [00:01<00:03, 2050.37it/s]
 32%|███▏      | 2827/8810 [00:01<00:03, 1853.45it/s]
 35%|███▍      | 3057/8810 [00:01<00:03, 1813.22it/s]
 37%|███▋      | 3244/8810 [00:01<00:03, 1778.10it/s]
 39%|███▉      | 3426/8810 [00:01<00:03, 1677.95it/s]
 42%|████▏     | 3679/8810 [00:01<00:02, 1898.42it/s]
 44%|████▍     | 3875/8810 [00:02<00:02, 1740.07it/s]
 47%|████▋     | 4145/8810 [00:02<00:02, 1988.74it/s]
 49%|████▉     | 4352/8810 [00:02<00:02, 1949.58it/s]
 52%|█████▏    | 4567/8810 [00:02<00:02, 1997.59it/s]
 54%|█████▍    | 4771/8810 [00:02<00:02, 1789.28it/s]
 56%|█████▋    | 4957/8810 [00:02<00:02, 1632.69it/s]
 59%|█████▉    | 5180/8810 [00:02<00:02, 1782.79it/s]
 61%|██████    | 5372/8810 [00:02<00:01, 1721.02it/s]
 63%|██████▎   | 5550/8810 [00:03<00:01, 1717.06it/s]
 65%|██████▌   | 5754/8810 [00:03<00:01, 1726.33it/s]
 67%|██████▋   | 5930/8810 [00:03<00:01, 1715.74it/s]
 69%|██████▉   | 6104/8810 [00:03<00:01, 1612.88it/s]
 72%|███████▏  | 6305/8810 [00:03<00:01, 1719.57it/s]
 74%|███████▎  | 6480/8810 [00:03<00:01, 1612.88it/s]
 77%|███████▋  | 6745/8810 [00:03<00:01, 1891.29it/s]
 79%|███████▉  | 6972/8810 [00:03<00:01, 1829.19it/s]
 81%|████████▏ | 7165/8810 [00:03<00:00, 1855.36it/s]
 84%|████████▎ | 7360/8810 [00:04<00:00, 1783.94it/s]
 86%|████████▌ | 7541/8810 [00:04<00:00, 1788.07it/s]
 88%|████████▊ | 7722/8810 [00:04<00:00, 1717.93it/s]
 90%|████████▉ | 7896/8810 [00:04<00:00, 1715.15it/s]
 92%|█████████▏| 8069/8810 [00:04<00:00, 1520.56it/s]
 93%|█████████▎| 8226/8810 [00:04<00:00, 1510.00it/s]
 95%|█████████▌| 8380/8810 [00:04<00:00, 1417.78it/s]
 98%|█████████▊| 8596/8810 [00:04<00:00, 1612.15it/s]
 99%|█████████▉| 8762/8810 [00:05<00:00, 1494.46it/s]
100%|██████████| 8810/8810 [00:05<00:00, 1754.12it/s]
