
  0%|          | 0/8810 [00:00<?, ?it/s]
  2%|▏         | 181/8810 [00:00<00:05, 1479.66it/s]
  5%|▍         | 409/8810 [00:00<00:04, 1906.52it/s]
  7%|▋         | 638/8810 [00:00<00:03, 2072.05it/s]
 10%|▉         | 849/8810 [00:00<00:04, 1828.86it/s]
 12%|█▏        | 1038/8810 [00:00<00:04, 1748.20it/s]
 14%|█▍        | 1227/8810 [00:00<00:04, 1788.14it/s]
 16%|█▌        | 1417/8810 [00:00<00:04, 1811.08it/s]
 18%|█▊        | 1601/8810 [00:00<00:04, 1627.49it/s]
 20%|██        | 1796/8810 [00:01<00:04, 1714.35it/s]
 22%|██▏       | 1972/8810 [00:01<00:04, 1431.53it/s]
 25%|██▍       | 2168/8810 [00:01<00:04, 1561.44it/s]
 26%|██▋       | 2334/8810 [00:01<00:04, 1398.97it/s]
 29%|██▊       | 2519/8810 [00:01<00:04, 1506.82it/s]
 31%|███       | 2716/8810 [00:01<00:03, 1626.93it/s]
 33%|███▎      | 2887/8810 [00:01<00:03, 1499.87it/s]
 35%|███▍      | 3044/8810 [00:01<00:03, 1502.92it/s]
 36%|███▋      | 3199/8810 [00:02<00:03, 1403.67it/s]
 38%|███▊      | 3373/8810 [00:02<00:03, 1489.55it/s]
 40%|████      | 3526/8810 [00:02<00:03, 1361.37it/s]
 42%|████▏     | 3725/8810 [00:02<00:03, 1521.56it/s]
 44%|████▍     | 3883/8810 [00:02<00:03, 1422.38it/s]
 46%|████▋     | 4084/8810 [00:02<00:03, 1574.47it/s]
 48%|████▊     | 4247/8810 [00:02<00:02, 1521.14it/s]
 50%|█████     | 4444/8810 [00:02<00:02, 1641.04it/s]
 52%|█████▏    | 4612/8810 [00:02<00:02, 1643.42it/s]
 54%|█████▍    | 4779/8810 [00:03<00:02, 1450.50it/s]
 56%|█████▌    | 4932/8810 [00:03<00:02, 1336.21it/s]
 58%|█████▊    | 5116/8810 [00:03<00:02, 1460.46it/s]
 60%|██████    | 5314/8810 [00:03<00:02, 1590.10it/s]
 62%|██████▏   | 5479/8810 [00:03<00:02, 1495.86it/s]
 65%|██████▍   | 5696/8810 [00:03<00:01, 1675.74it/s]
 67%|██████▋   | 5869/8810 [00:03<00:01, 1485.18it/s]
 68%|██████▊   | 6025/8810 [00:03<00:01, 1415.24it/s]
 70%|███████   | 6172/8810 [00:04<00:01, 1402.13it/s]
 72%|███████▏  | 6344/8810 [00:04<00:01, 1483.74it/s]
 74%|███████▎  | 6496/8810 [00:04<00:01, 1401.89it/s]
 76%|███████▋  | 6729/8810 [00:04<00:01, 1649.87it/s]
 79%|███████▊  | 6933/8810 [00:04<00:01, 1757.27it/s]
 81%|████████  | 7113/8810 [00:04<00:01, 1588.92it/s]
 83%|████████▎ | 7278/8810 [00:04<00:01, 1523.23it/s]
 84%|████████▍ | 7435/8810 [00:04<00:00, 1466.75it/s]
 86%|████████▌ | 7585/8810 [00:04<00:00, 1374.93it/s]
 88%|████████▊ | 7725/8810 [00:05<00:00, 1287.43it/s]
 89%|████████▉ | 7856/8810 [00:05<00:00, 1238.10it/s]
 91%|█████████ | 7984/8810 [00:05<00:00, 1247.46it/s]
 92%|█████████▏| 8110/8810 [00:05<00:00, 1117.52it/s]
 93%|█████████▎| 8225/8810 [00:05<00:00, 1125.79it/s]
 95%|█████████▍| 8361/8810 [00:05<00:00, 1146.21it/s]
 97%|█████████▋| 8525/8810 [00:05<00:00, 1278.04it/s]
 99%|█████████▉| 8702/8810 [00:05<00:00, 1278.22it/s]
100%|██████████| 8810/8810 [00:05<00:00, 1484.98it/s]
