
  0%|          | 0/8810 [00:00<?, ?it/s]
  2%|▏         | 181/8810 [00:00<00:06, 1361.84it/s]
  5%|▍         | 407/8810 [00:00<00:04, 1825.26it/s]
  7%|▋         | 597/8810 [00:00<00:04, 1852.22it/s]
  9%|▉         | 786/8810 [00:00<00:05, 1520.51it/s]
 11%|█         | 955/8810 [00:00<00:05, 1569.53it/s]
 13%|█▎        | 1119/8810 [00:00<00:05, 1420.48it/s]
 14%|█▍        | 1270/8810 [00:00<00:05, 1444.99it/s]
 16%|█▌        | 1419/8810 [00:00<00:05, 1434.29it/s]
 18%|█▊        | 1566/8810 [00:01<00:05, 1275.31it/s]
 20%|█▉        | 1761/8810 [00:01<00:04, 1453.32it/s]
 22%|██▏       | 1913/8810 [00:01<00:05, 1276.22it/s]
 24%|██▍       | 2119/8810 [00:01<00:04, 1474.07it/s]
 26%|██▌       | 2276/8810 [00:01<00:04, 1335.67it/s]
 28%|██▊       | 2455/8810 [00:01<00:04, 1447.32it/s]
 30%|██▉       | 2622/8810 [00:01<00:04, 1502.50it/s]
 32%|███▏      | 2779/8810 [00:01<00:04, 1269.60it/s]
 33%|███▎      | 2916/8810 [00:02<00:04, 1210.65it/s]
 35%|███▍      | 3057/8810 [00:02<00:05, 1143.11it/s]
 36%|███▋      | 3207/8810 [00:02<00:04, 1223.95it/s]
 38%|███▊      | 3375/8810 [00:02<00:04, 1338.88it/s]
 40%|███▉      | 3515/8810 [00:02<00:04, 1238.48it/s]
 42%|████▏     | 3710/8810 [00:02<00:03, 1417.54it/s]
 44%|████▍     | 3858/8810 [00:02<00:03, 1326.52it/s]
 46%|████▌     | 4034/8810 [00:02<00:03, 1439.09it/s]
 47%|████▋     | 4183/8810 [00:03<00:03, 1349.33it/s]
 49%|████▉     | 4357/8810 [00:03<00:03, 1451.90it/s]
 51%|█████▏    | 4534/8810 [00:03<00:02, 1537.31it/s]
 53%|█████▎    | 4692/8810 [00:03<00:03, 1343.52it/s]
 55%|█████▍    | 4842/8810 [00:03<00:02, 1383.36it/s]
 57%|█████▋    | 4986/8810 [00:03<00:03, 1199.74it/s]
 58%|█████▊    | 5123/8810 [00:03<00:02, 1237.23it/s]
 60%|██████    | 5286/8810 [00:03<00:02, 1339.10it/s]
 62%|██████▏   | 5426/8810 [00:03<00:02, 1242.35it/s]
 64%|██████▍   | 5624/8810 [00:04<00:02, 1431.96it/s]
 66%|██████▌   | 5774/8810 [00:04<00:02, 1298.74it/s]
 67%|██████▋   | 5910/8810 [00:04<00:02, 1245.19it/s]
 69%|██████▊   | 6039/8810 [00:04<00:02, 1066.78it/s]
 70%|███████   | 6177/8810 [00:04<00:02, 1140.93it/s]
 72%|███████▏  | 6343/8810 [00:04<00:01, 1267.31it/s]
 74%|███████▎  | 6477/8810 [00:04<00:01, 1209.65it/s]
 76%|███████▌  | 6670/8810 [00:04<00:01, 1398.18it/s]
 78%|███████▊  | 6855/8810 [00:05<00:01, 1520.82it/s]
 80%|███████▉  | 7013/8810 [00:05<00:01, 1447.54it/s]
 81%|████████▏ | 7169/8810 [00:05<00:01, 1471.78it/s]
 84%|████████▎ | 7360/8810 [00:05<00:00, 1503.65it/s]
 85%|████████▌ | 7513/8810 [00:05<00:00, 1485.86it/s]
 87%|████████▋ | 7703/8810 [00:05<00:00, 1598.85it/s]
 89%|████████▉ | 7865/8810 [00:05<00:00, 1437.66it/s]
 91%|█████████ | 8027/8810 [00:05<00:00, 1485.06it/s]
 93%|█████████▎| 8179/8810 [00:05<00:00, 1352.93it/s]
 94%|█████████▍| 8319/8810 [00:06<00:00, 1365.02it/s]
 96%|█████████▌| 8459/8810 [00:06<00:00, 1284.79it/s]
 98%|█████████▊| 8627/8810 [00:06<00:00, 1389.23it/s]
100%|█████████▉| 8770/8810 [00:06<00:00, 1286.08it/s]
100%|██████████| 8810/8810 [00:06<00:00, 1364.93it/s]
