
  0%|          | 0/8810 [00:00<?, ?it/s]
  2%|▏         | 181/8810 [00:00<00:06, 1382.24it/s]
  5%|▍         | 417/8810 [00:00<00:04, 1887.22it/s]
  7%|▋         | 613/8810 [00:00<00:04, 1910.71it/s]
  9%|▉         | 808/8810 [00:00<00:05, 1590.61it/s]
 11%|█         | 976/8810 [00:00<00:04, 1605.21it/s]
 13%|█▎        | 1142/8810 [00:00<00:05, 1529.53it/s]
 15%|█▌        | 1334/8810 [00:00<00:04, 1642.06it/s]
 17%|█▋        | 1503/8810 [00:00<00:04, 1502.60it/s]
 19%|█▉        | 1716/8810 [00:01<00:04, 1669.24it/s]
 21%|██▏       | 1888/8810 [00:01<00:04, 1485.66it/s]
 24%|██▍       | 2118/8810 [00:01<00:03, 1698.90it/s]
 26%|██▌       | 2296/8810 [00:01<00:04, 1544.79it/s]
 29%|██▊       | 2522/8810 [00:01<00:03, 1729.60it/s]
 31%|███       | 2744/8810 [00:01<00:03, 1712.97it/s]
 33%|███▎      | 2922/8810 [00:01<00:03, 1703.17it/s]
 35%|███▌      | 3097/8810 [00:01<00:03, 1627.11it/s]
 37%|███▋      | 3263/8810 [00:02<00:03, 1607.28it/s]
 39%|███▉      | 3426/8810 [00:02<00:03, 1557.16it/s]
 41%|████      | 3611/8810 [00:02<00:03, 1636.41it/s]
 43%|████▎     | 3777/8810 [00:02<00:03, 1570.86it/s]
 45%|████▌     | 3970/8810 [00:02<00:02, 1666.51it/s]
 47%|████▋     | 4180/8810 [00:02<00:02, 1680.99it/s]
 50%|█████     | 4415/8810 [00:02<00:02, 1861.25it/s]
 52%|█████▏    | 4604/8810 [00:02<00:02, 1828.96it/s]
 54%|█████▍    | 4789/8810 [00:02<00:02, 1626.61it/s]
 56%|█████▋    | 4957/8810 [00:03<00:02, 1456.03it/s]
 59%|█████▊    | 5157/8810 [00:03<00:02, 1589.49it/s]
 61%|██████    | 5337/8810 [00:03<00:02, 1642.45it/s]
 63%|██████▎   | 5507/8810 [00:03<00:02, 1552.79it/s]
 65%|██████▌   | 5746/8810 [00:03<00:01, 1773.47it/s]
 67%|██████▋   | 5929/8810 [00:03<00:01, 1505.09it/s]
 69%|██████▉   | 6090/8810 [00:03<00:01, 1476.54it/s]
 71%|███████   | 6245/8810 [00:03<00:01, 1432.50it/s]
 73%|███████▎  | 6400/8810 [00:04<00:01, 1367.97it/s]
 75%|███████▍  | 6593/8810 [00:04<00:01, 1512.11it/s]
 77%|███████▋  | 6817/8810 [00:04<00:01, 1701.74it/s]
 79%|███████▉  | 6993/8810 [00:04<00:01, 1650.73it/s]
 81%|████████▏ | 7163/8810 [00:04<00:00, 1663.94it/s]
 84%|████████▎ | 7360/8810 [00:04<00:00, 1604.64it/s]
 85%|████████▌ | 7524/8810 [00:04<00:00, 1606.98it/s]
 88%|████████▊ | 7715/8810 [00:04<00:00, 1534.29it/s]
 89%|████████▉ | 7876/8810 [00:04<00:00, 1553.34it/s]
 91%|█████████ | 8035/8810 [00:04<00:00, 1557.77it/s]
 93%|█████████▎| 8193/8810 [00:05<00:00, 1431.77it/s]
 95%|█████████▍| 8361/8810 [00:05<00:00, 1377.44it/s]
 97%|█████████▋| 8548/8810 [00:05<00:00, 1503.47it/s]
 99%|█████████▉| 8702/8810 [00:05<00:00, 1400.38it/s]
100%|██████████| 8810/8810 [00:05<00:00, 1587.39it/s]
