
  0%|          | 0/8810 [00:00<?, ?it/s]
  2%|▏         | 181/8810 [00:00<00:05, 1516.94it/s]
  5%|▍         | 427/8810 [00:00<00:04, 2026.14it/s]
  7%|▋         | 656/8810 [00:00<00:04, 1889.28it/s]
 10%|▉         | 853/8810 [00:00<00:04, 1917.67it/s]
 12%|█▏        | 1048/8810 [00:00<00:04, 1817.00it/s]
 14%|█▍        | 1255/8810 [00:00<00:03, 1895.46it/s]
 16%|█▋        | 1449/8810 [00:00<00:03, 1906.29it/s]
 19%|█▊        | 1642/8810 [00:00<00:04, 1695.69it/s]
 21%|██        | 1821/8810 [00:01<00:04, 1627.83it/s]
 23%|██▎       | 2011/8810 [00:01<00:03, 1699.88it/s]
 25%|██▌       | 2234/8810 [00:01<00:03, 1846.47it/s]
 28%|██▊       | 2423/8810 [00:01<00:03, 1736.39it/s]
 30%|███       | 2659/8810 [00:01<00:03, 1907.96it/s]
 32%|███▏      | 2854/8810 [00:01<00:03, 1769.97it/s]
 35%|███▍      | 3057/8810 [00:01<00:03, 1690.17it/s]
 37%|███▋      | 3256/8810 [00:01<00:03, 1768.72it/s]
 39%|███▉      | 3437/8810 [00:01<00:03, 1709.08it/s]
 41%|████▏     | 3654/8810 [00:02<00:02, 1832.10it/s]
 44%|████▎     | 3841/8810 [00:02<00:02, 1742.80it/s]
 46%|████▌     | 4069/8810 [00:02<00:02, 1881.75it/s]
 48%|████▊     | 4261/8810 [00:02<00:02, 1774.11it/s]
 51%|█████     | 4501/8810 [00:02<00:02, 1943.91it/s]
 53%|█████▎    | 4700/8810 [00:02<00:02, 1753.78it/s]
 55%|█████▌    | 4889/8810 [00:02<00:02, 1788.81it/s]
 58%|█████▊    | 5073/8810 [00:02<00:02, 1646.03it/s]
 60%|█████▉    | 5284/8810 [00:02<00:01, 1767.39it/s]
 62%|██████▏   | 5466/8810 [00:03<00:01, 1673.95it/s]
 65%|██████▌   | 5742/8810 [00:03<00:01, 1962.81it/s]
 67%|██████▋   | 5945/8810 [00:03<00:01, 1688.09it/s]
 70%|██████▉   | 6125/8810 [00:03<00:01, 1626.73it/s]
 72%|███████▏  | 6351/8810 [00:03<00:01, 1783.21it/s]
 74%|███████▍  | 6537/8810 [00:03<00:01, 1693.37it/s]
 77%|███████▋  | 6794/8810 [00:03<00:01, 1921.73it/s]
 79%|███████▉  | 6994/8810 [00:03<00:01, 1805.80it/s]
 82%|████████▏ | 7181/8810 [00:04<00:00, 1808.89it/s]
 84%|████████▎ | 7366/8810 [00:04<00:00, 1704.91it/s]
 86%|████████▌ | 7540/8810 [00:04<00:00, 1610.87it/s]
 88%|████████▊ | 7715/8810 [00:04<00:00, 1557.11it/s]
 89%|████████▉ | 7878/8810 [00:04<00:00, 1573.57it/s]
 91%|█████████ | 8038/8810 [00:04<00:00, 1412.85it/s]
 93%|█████████▎| 8214/8810 [00:04<00:00, 1501.84it/s]
 95%|█████████▍| 8369/8810 [00:04<00:00, 1487.39it/s]
 98%|█████████▊| 8591/8810 [00:04<00:00, 1686.83it/s]
 99%|█████████▉| 8764/8810 [00:05<00:00, 1448.02it/s]
100%|██████████| 8810/8810 [00:05<00:00, 1717.74it/s]
