
  0%|          | 0/8810 [00:00<?, ?it/s]
  2%|▏         | 181/8810 [00:00<00:06, 1383.50it/s]
  5%|▍         | 408/8810 [00:00<00:04, 1842.06it/s]
  7%|▋         | 638/8810 [00:00<00:04, 2036.80it/s]
 10%|▉         | 847/8810 [00:00<00:04, 1657.66it/s]
 12%|█▏        | 1024/8810 [00:00<00:05, 1483.01it/s]
 13%|█▎        | 1181/8810 [00:00<00:05, 1487.30it/s]
 15%|█▌        | 1339/8810 [00:00<00:04, 1504.21it/s]
 17%|█▋        | 1494/8810 [00:01<00:05, 1275.69it/s]
 19%|█▊        | 1649/8810 [00:01<00:05, 1343.37it/s]
 21%|██        | 1821/8810 [00:01<00:05, 1330.98it/s]
 22%|██▏       | 1963/8810 [00:01<00:05, 1352.53it/s]
 24%|██▍       | 2155/8810 [00:01<00:04, 1505.20it/s]
 26%|██▌       | 2310/8810 [00:01<00:04, 1338.06it/s]
 28%|██▊       | 2489/8810 [00:01<00:04, 1454.36it/s]
 30%|███       | 2672/8810 [00:01<00:03, 1552.81it/s]
 32%|███▏      | 2833/8810 [00:01<00:04, 1326.22it/s]
 34%|███▍      | 2976/8810 [00:02<00:04, 1351.86it/s]
 35%|███▌      | 3118/8810 [00:02<00:04, 1247.67it/s]
 37%|███▋      | 3249/8810 [00:02<00:04, 1249.75it/s]
 39%|███▊      | 3410/8810 [00:02<00:04, 1237.90it/s]
 40%|████      | 3563/8810 [00:02<00:03, 1312.12it/s]
 43%|████▎     | 3753/8810 [00:02<00:03, 1469.20it/s]
 44%|████▍     | 3904/8810 [00:02<00:03, 1304.79it/s]
 47%|████▋     | 4098/8810 [00:02<00:03, 1461.70it/s]
 48%|████▊     | 4251/8810 [00:03<00:03, 1370.97it/s]
 50%|█████     | 4412/8810 [00:03<00:03, 1431.12it/s]
 52%|█████▏    | 4560/8810 [00:03<00:02, 1439.62it/s]
 53%|█████▎    | 4708/8810 [00:03<00:03, 1244.20it/s]
 55%|█████▌    | 4853/8810 [00:03<00:03, 1293.91it/s]
 57%|█████▋    | 4988/8810 [00:03<00:03, 1198.29it/s]
 59%|█████▊    | 5174/8810 [00:03<00:02, 1364.63it/s]
 60%|██████    | 5323/8810 [00:03<00:02, 1391.95it/s]
 62%|██████▏   | 5467/8810 [00:03<00:02, 1242.33it/s]
 64%|██████▍   | 5626/8810 [00:04<00:02, 1326.77it/s]
 65%|██████▌   | 5764/8810 [00:04<00:02, 1278.24it/s]
 67%|██████▋   | 5898/8810 [00:04<00:02, 1290.79it/s]
 69%|██████▊   | 6036/8810 [00:04<00:02, 1203.34it/s]
 71%|███████   | 6223/8810 [00:04<00:01, 1374.39it/s]
 73%|███████▎  | 6400/8810 [00:04<00:01, 1354.64it/s]
 75%|███████▍  | 6574/8810 [00:04<00:01, 1454.07it/s]
 77%|███████▋  | 6791/8810 [00:04<00:01, 1649.29it/s]
 79%|███████▉  | 6969/8810 [00:04<00:01, 1679.65it/s]
 81%|████████  | 7141/8810 [00:05<00:01, 1474.27it/s]
 83%|████████▎ | 7305/8810 [00:05<00:00, 1513.92it/s]
 85%|████████▍ | 7462/8810 [00:05<00:00, 1373.58it/s]
 87%|████████▋ | 7633/8810 [00:05<00:00, 1459.85it/s]
 88%|████████▊ | 7785/8810 [00:05<00:00, 1318.66it/s]
 90%|█████████ | 7945/8810 [00:05<00:00, 1389.00it/s]
 92%|█████████▏| 8089/8810 [00:05<00:00, 1265.20it/s]
 93%|█████████▎| 8221/8810 [00:05<00:00, 1272.40it/s]
 95%|█████████▍| 8361/8810 [00:06<00:00, 1219.95it/s]
 97%|█████████▋| 8523/8810 [00:06<00:00, 1322.13it/s]
 99%|█████████▉| 8702/8810 [00:06<00:00, 1313.57it/s]
100%|██████████| 8810/8810 [00:06<00:00, 1384.28it/s]
