
  0%|          | 0/8810 [00:00<?, ?it/s]
  2%|▏         | 181/8810 [00:00<00:05, 1505.25it/s]
  5%|▍         | 423/8810 [00:00<00:04, 1997.05it/s]
  7%|▋         | 652/8810 [00:00<00:03, 2121.98it/s]
 10%|▉         | 867/8810 [00:00<00:04, 1694.02it/s]
 12%|█▏        | 1048/8810 [00:00<00:04, 1580.38it/s]
 14%|█▍        | 1271/8810 [00:00<00:04, 1762.27it/s]
 17%|█▋        | 1457/8810 [00:00<00:04, 1689.17it/s]
 19%|█▉        | 1659/8810 [00:00<00:04, 1774.22it/s]
 21%|██        | 1842/8810 [00:01<00:04, 1662.16it/s]
 23%|██▎       | 2056/8810 [00:01<00:03, 1788.70it/s]
 26%|██▌       | 2260/8810 [00:01<00:03, 1854.37it/s]
 28%|██▊       | 2450/8810 [00:01<00:03, 1728.25it/s]
 30%|███       | 2674/8810 [00:01<00:03, 1865.34it/s]
 33%|███▎      | 2865/8810 [00:01<00:03, 1757.38it/s]
 35%|███▍      | 3045/8810 [00:01<00:03, 1721.97it/s]
 37%|███▋      | 3220/8810 [00:01<00:03, 1500.10it/s]
 39%|███▊      | 3410/8810 [00:02<00:03, 1479.91it/s]
 41%|████▏     | 3636/8810 [00:02<00:03, 1673.42it/s]
 43%|████▎     | 3810/8810 [00:02<00:03, 1615.97it/s]
 45%|████▌     | 4008/8810 [00:02<00:02, 1712.26it/s]
 47%|████▋     | 4184/8810 [00:02<00:02, 1683.63it/s]
 50%|█████     | 4428/8810 [00:02<00:02, 1892.83it/s]
 52%|█████▏    | 4625/8810 [00:02<00:02, 1746.00it/s]
 55%|█████▍    | 4805/8810 [00:02<00:02, 1730.55it/s]
 57%|█████▋    | 4982/8810 [00:02<00:02, 1655.95it/s]
 59%|█████▉    | 5194/8810 [00:03<00:02, 1779.83it/s]
 61%|██████    | 5375/8810 [00:03<00:01, 1729.98it/s]
 63%|██████▎   | 5573/8810 [00:03<00:01, 1797.59it/s]
 65%|██████▌   | 5755/8810 [00:03<00:01, 1694.43it/s]
 67%|██████▋   | 5927/8810 [00:03<00:01, 1674.01it/s]
 69%|██████▉   | 6096/8810 [00:03<00:01, 1610.16it/s]
 71%|███████▏  | 6288/8810 [00:03<00:01, 1692.76it/s]
 73%|███████▎  | 6459/8810 [00:03<00:01, 1629.80it/s]
 76%|███████▌  | 6715/8810 [00:03<00:01, 1889.47it/s]
 79%|███████▉  | 6949/8810 [00:03<00:00, 2015.02it/s]
 81%|████████  | 7154/8810 [00:04<00:00, 1736.58it/s]
 83%|████████▎ | 7350/8810 [00:04<00:00, 1794.89it/s]
 86%|████████▌ | 7537/8810 [00:04<00:00, 1611.18it/s]
 88%|████████▊ | 7715/8810 [00:04<00:00, 1614.96it/s]
 89%|████████▉ | 7882/8810 [00:04<00:00, 1627.16it/s]
 91%|█████████▏| 8049/8810 [00:04<00:00, 1442.55it/s]
 94%|█████████▎| 8241/8810 [00:04<00:00, 1564.16it/s]
 95%|█████████▌| 8404/8810 [00:04<00:00, 1524.03it/s]
 98%|█████████▊| 8622/8810 [00:05<00:00, 1695.88it/s]
100%|█████████▉| 8797/8810 [00:05<00:00, 1594.39it/s]
100%|██████████| 8810/8810 [00:05<00:00, 1695.90it/s]
