
  0%|          | 0/8810 [00:00<?, ?it/s]
  2%|▏         | 181/8810 [00:00<00:05, 1448.38it/s]
  5%|▍         | 425/8810 [00:00<00:04, 1966.18it/s]
  7%|▋         | 656/8810 [00:00<00:04, 1791.99it/s]
 10%|▉         | 840/8810 [00:00<00:04, 1750.82it/s]
 12%|█▏        | 1018/8810 [00:00<00:04, 1599.01it/s]
 14%|█▍        | 1213/8810 [00:00<00:04, 1702.13it/s]
 16%|█▌        | 1416/8810 [00:00<00:04, 1793.81it/s]
 18%|█▊        | 1599/8810 [00:00<00:04, 1646.51it/s]
 21%|██        | 1821/8810 [00:01<00:04, 1654.18it/s]
 23%|██▎       | 2014/8810 [00:01<00:03, 1726.98it/s]
 25%|██▌       | 2234/8810 [00:01<00:03, 1855.66it/s]
 28%|██▊       | 2423/8810 [00:01<00:03, 1680.89it/s]
 30%|███       | 2679/8810 [00:01<00:03, 1913.56it/s]
 33%|███▎      | 2877/8810 [00:01<00:03, 1821.44it/s]
 35%|███▍      | 3065/8810 [00:01<00:03, 1655.31it/s]
 37%|███▋      | 3238/8810 [00:01<00:03, 1670.24it/s]
 39%|███▊      | 3410/8810 [00:01<00:03, 1620.08it/s]
 41%|████      | 3629/8810 [00:02<00:02, 1771.11it/s]
 43%|████▎     | 3810/8810 [00:02<00:03, 1664.97it/s]
 46%|████▌     | 4063/8810 [00:02<00:02, 1898.28it/s]
 48%|████▊     | 4258/8810 [00:02<00:02, 1793.51it/s]
 51%|█████     | 4471/8810 [00:02<00:02, 1884.17it/s]
 53%|█████▎    | 4664/8810 [00:02<00:02, 1654.45it/s]
 55%|█████▍    | 4837/8810 [00:02<00:02, 1651.09it/s]
 57%|█████▋    | 5008/8810 [00:02<00:02, 1499.28it/s]
 59%|█████▉    | 5196/8810 [00:03<00:02, 1595.95it/s]
 61%|██████    | 5372/8810 [00:03<00:02, 1547.11it/s]
 63%|██████▎   | 5562/8810 [00:03<00:01, 1637.20it/s]
 65%|██████▌   | 5754/8810 [00:03<00:01, 1585.63it/s]
 67%|██████▋   | 5916/8810 [00:03<00:01, 1583.46it/s]
 69%|██████▉   | 6077/8810 [00:03<00:01, 1500.62it/s]
 71%|███████   | 6256/8810 [00:03<00:01, 1574.06it/s]
 73%|███████▎  | 6416/8810 [00:03<00:01, 1510.48it/s]
 75%|███████▌  | 6635/8810 [00:03<00:01, 1692.76it/s]
 78%|███████▊  | 6894/8810 [00:04<00:00, 1943.77it/s]
 80%|████████  | 7092/8810 [00:04<00:00, 1759.81it/s]
 83%|████████▎ | 7275/8810 [00:04<00:00, 1774.76it/s]
 85%|████████▍ | 7457/8810 [00:04<00:00, 1624.35it/s]
 87%|████████▋ | 7645/8810 [00:04<00:00, 1689.75it/s]
 89%|████████▉ | 7819/8810 [00:04<00:00, 1537.68it/s]
 91%|█████████ | 8009/8810 [00:04<00:00, 1630.07it/s]
 93%|█████████▎| 8177/8810 [00:04<00:00, 1434.00it/s]
 95%|█████████▍| 8361/8810 [00:05<00:00, 1418.83it/s]
 97%|█████████▋| 8545/8810 [00:05<00:00, 1522.95it/s]
 99%|█████████▉| 8703/8810 [00:05<00:00, 1483.83it/s]
100%|██████████| 8810/8810 [00:05<00:00, 1658.14it/s]
