
  0%|          | 0/8810 [00:00<?, ?it/s]
  2%|▏         | 162/8810 [00:00<00:05, 1617.41it/s]
  4%|▎         | 324/8810 [00:00<00:05, 1449.15it/s]
  5%|▌         | 471/8810 [00:00<00:06, 1385.12it/s]
  7%|▋         | 656/8810 [00:00<00:05, 1417.88it/s]
  9%|▉         | 824/8810 [00:00<00:05, 1500.25it/s]
 11%|█         | 976/8810 [00:00<00:05, 1483.80it/s]
 13%|█▎        | 1125/8810 [00:00<00:05, 1392.12it/s]
 15%|█▍        | 1288/8810 [00:00<00:05, 1454.84it/s]
 16%|█▋        | 1439/8810 [00:00<00:05, 1469.40it/s]
 18%|█▊        | 1587/8810 [00:01<00:05, 1302.09it/s]
 20%|█▉        | 1756/8810 [00:01<00:05, 1404.87it/s]
 22%|██▏       | 1901/8810 [00:01<00:05, 1233.19it/s]
 24%|██▎       | 2090/8810 [00:01<00:04, 1397.66it/s]
 25%|██▌       | 2240/8810 [00:01<00:04, 1420.61it/s]
 27%|██▋       | 2388/8810 [00:01<00:04, 1300.80it/s]
 30%|██▉       | 2604/8810 [00:01<00:04, 1523.98it/s]
 31%|███▏      | 2763/8810 [00:01<00:04, 1387.15it/s]
 33%|███▎      | 2909/8810 [00:02<00:04, 1331.17it/s]
 35%|███▍      | 3057/8810 [00:02<00:04, 1247.15it/s]
 36%|███▋      | 3196/8810 [00:02<00:04, 1282.76it/s]
 38%|███▊      | 3328/8810 [00:02<00:04, 1256.62it/s]
 39%|███▉      | 3456/8810 [00:02<00:04, 1156.77it/s]
 41%|████      | 3611/8810 [00:02<00:04, 1257.21it/s]
 43%|████▎     | 3757/8810 [00:02<00:03, 1304.64it/s]
 44%|████▍     | 3891/8810 [00:02<00:04, 1169.24it/s]
 46%|████▋     | 4081/8810 [00:03<00:03, 1356.21it/s]
 48%|████▊     | 4223/8810 [00:03<00:03, 1267.69it/s]
 50%|████▉     | 4397/8810 [00:03<00:03, 1390.01it/s]
 52%|█████▏    | 4549/8810 [00:03<00:02, 1420.45it/s]
 53%|█████▎    | 4695/8810 [00:03<00:03, 1171.50it/s]
 55%|█████▍    | 4829/8810 [00:03<00:03, 1211.56it/s]
 56%|█████▋    | 4958/8810 [00:03<00:03, 1075.13it/s]
 58%|█████▊    | 5123/8810 [00:03<00:03, 1212.47it/s]
 60%|██████    | 5297/8810 [00:03<00:02, 1348.30it/s]
 62%|██████▏   | 5440/8810 [00:04<00:02, 1237.30it/s]
 64%|██████▎   | 5600/8810 [00:04<00:02, 1329.38it/s]
 65%|██████▌   | 5754/8810 [00:04<00:02, 1316.72it/s]
 67%|██████▋   | 5894/8810 [00:04<00:02, 1335.58it/s]
 69%|██████▊   | 6036/8810 [00:04<00:02, 1227.88it/s]
 70%|███████   | 6193/8810 [00:04<00:01, 1316.73it/s]
 72%|███████▏  | 6357/8810 [00:04<00:01, 1400.47it/s]
 74%|███████▍  | 6501/8810 [00:04<00:01, 1289.91it/s]
 76%|███████▌  | 6706/8810 [00:05<00:01, 1493.17it/s]
 78%|███████▊  | 6886/8810 [00:05<00:01, 1572.30it/s]
 80%|████████  | 7048/8810 [00:05<00:01, 1389.45it/s]
 82%|████████▏ | 7194/8810 [00:05<00:01, 1341.28it/s]
 84%|████████▎ | 7360/8810 [00:05<00:01, 1285.68it/s]
 85%|████████▌ | 7493/8810 [00:05<00:01, 1255.55it/s]
 87%|████████▋ | 7635/8810 [00:05<00:00, 1293.27it/s]
 88%|████████▊ | 7767/8810 [00:05<00:00, 1151.31it/s]
 90%|████████▉ | 7919/8810 [00:06<00:00, 1243.94it/s]
 91%|█████████▏| 8048/8810 [00:06<00:00, 1066.20it/s]
 93%|█████████▎| 8180/8810 [00:06<00:00, 1124.72it/s]
 94%|█████████▍| 8306/8810 [00:06<00:00, 1156.81it/s]
 96%|█████████▌| 8427/8810 [00:06<00:00, 1058.22it/s]
 98%|█████████▊| 8590/8810 [00:06<00:00, 1203.89it/s]
 99%|█████████▉| 8716/8810 [00:06<00:00, 1095.33it/s]
100%|██████████| 8810/8810 [00:06<00:00, 1292.37it/s]
