
  0%|          | 0/8810 [00:00<?, ?it/s]
  1%|          | 55/8810 [00:00<00:16, 546.41it/s]
  2%|▏         | 165/8810 [00:00<00:10, 862.28it/s]
  3%|▎         | 252/8810 [00:00<00:12, 700.75it/s]
  4%|▍         | 360/8810 [00:00<00:10, 831.09it/s]
  5%|▌         | 447/8810 [00:00<00:10, 790.63it/s]
  6%|▋         | 571/8810 [00:00<00:08, 923.64it/s]
  8%|▊         | 667/8810 [00:00<00:10, 741.94it/s]
  9%|▊         | 758/8810 [00:00<00:10, 783.55it/s]
 10%|▉         | 843/8810 [00:01<00:10, 783.13it/s]
 11%|█         | 926/8810 [00:01<00:10, 766.58it/s]
 11%|█▏        | 1006/8810 [00:01<00:12, 640.53it/s]
 12%|█▏        | 1100/8810 [00:01<00:10, 712.77it/s]
 13%|█▎        | 1177/8810 [00:01<00:10, 727.29it/s]
 14%|█▍        | 1266/8810 [00:01<00:09, 767.87it/s]
 15%|█▌        | 1346/8810 [00:01<00:10, 743.06it/s]
 16%|█▋        | 1436/8810 [00:01<00:09, 781.31it/s]
 17%|█▋        | 1516/8810 [00:02<00:11, 634.06it/s]
 18%|█▊        | 1585/8810 [00:02<00:11, 638.99it/s]
 19%|█▉        | 1669/8810 [00:02<00:10, 688.27it/s]
 20%|██        | 1778/8810 [00:02<00:09, 781.02it/s]
 21%|██        | 1860/8810 [00:02<00:13, 526.01it/s]
 22%|██▏       | 1945/8810 [00:02<00:11, 590.56it/s]
 23%|██▎       | 2016/8810 [00:02<00:11, 611.76it/s]
 24%|██▎       | 2087/8810 [00:03<00:11, 595.90it/s]
 25%|██▍       | 2194/8810 [00:03<00:09, 709.79it/s]
 26%|██▌       | 2272/8810 [00:03<00:11, 592.13it/s]
 27%|██▋       | 2371/8810 [00:03<00:09, 679.66it/s]
 28%|██▊       | 2463/8810 [00:03<00:08, 733.67it/s]
 29%|██▉       | 2580/8810 [00:03<00:07, 844.60it/s]
 30%|███       | 2671/8810 [00:03<00:07, 849.07it/s]
 31%|███▏      | 2761/8810 [00:03<00:09, 669.05it/s]
 32%|███▏      | 2837/8810 [00:04<00:09, 624.83it/s]
 34%|███▎      | 2961/8810 [00:04<00:07, 766.28it/s]
 35%|███▍      | 3057/8810 [00:04<00:07, 766.49it/s]
 36%|███▌      | 3159/8810 [00:04<00:06, 817.92it/s]
 37%|███▋      | 3246/8810 [00:04<00:08, 674.69it/s]
 38%|███▊      | 3321/8810 [00:04<00:08, 625.19it/s]
 38%|███▊      | 3389/8810 [00:04<00:08, 633.88it/s]
 39%|███▉      | 3457/8810 [00:04<00:09, 567.81it/s]
 40%|████      | 3526/8810 [00:05<00:08, 588.62it/s]
 41%|████      | 3622/8810 [00:05<00:07, 672.16it/s]
 42%|████▏     | 3724/8810 [00:05<00:06, 762.69it/s]
 43%|████▎     | 3804/8810 [00:05<00:07, 711.21it/s]
 44%|████▍     | 3899/8810 [00:05<00:06, 771.06it/s]
 45%|████▌     | 3988/8810 [00:05<00:06, 777.68it/s]
 46%|████▌     | 4069/8810 [00:05<00:06, 781.73it/s]
 47%|████▋     | 4149/8810 [00:05<00:08, 582.02it/s]
 48%|████▊     | 4216/8810 [00:06<00:12, 378.40it/s]
 49%|████▉     | 4295/8810 [00:06<00:10, 448.11it/s]
 50%|█████     | 4413/8810 [00:06<00:07, 591.01it/s]
 51%|█████     | 4504/8810 [00:06<00:06, 657.14it/s]
 52%|█████▏    | 4601/8810 [00:06<00:05, 730.75it/s]
 53%|█████▎    | 4687/8810 [00:06<00:06, 682.14it/s]
 54%|█████▍    | 4800/8810 [00:06<00:05, 785.85it/s]
 56%|█████▌    | 4893/8810 [00:07<00:04, 817.76it/s]
 57%|█████▋    | 4982/8810 [00:07<00:05, 715.02it/s]
 57%|█████▋    | 5061/8810 [00:07<00:05, 733.00it/s]
 58%|█████▊    | 5145/8810 [00:07<00:04, 760.59it/s]
 59%|█████▉    | 5225/8810 [00:07<00:04, 765.74it/s]
 60%|██████    | 5314/8810 [00:07<00:04, 797.16it/s]
 61%|██████    | 5396/8810 [00:07<00:05, 648.85it/s]
 62%|██████▏   | 5502/8810 [00:07<00:04, 747.60it/s]
 64%|██████▎   | 5600/8810 [00:08<00:03, 807.78it/s]
 65%|██████▍   | 5700/8810 [00:08<00:03, 859.35it/s]
 66%|██████▌   | 5791/8810 [00:08<00:04, 748.20it/s]
 67%|██████▋   | 5872/8810 [00:08<00:03, 763.40it/s]
 68%|██████▊   | 5953/8810 [00:08<00:04, 666.91it/s]
 69%|██████▊   | 6036/8810 [00:08<00:04, 620.17it/s]
 70%|██████▉   | 6127/8810 [00:08<00:03, 688.25it/s]
 70%|███████   | 6201/8810 [00:08<00:03, 698.87it/s]
 71%|███████▏  | 6295/8810 [00:09<00:03, 758.61it/s]
 72%|███████▏  | 6374/8810 [00:09<00:03, 738.05it/s]
 73%|███████▎  | 6450/8810 [00:09<00:03, 664.84it/s]
 74%|███████▍  | 6520/8810 [00:09<00:03, 672.79it/s]
 75%|███████▌  | 6634/8810 [00:09<00:02, 797.83it/s]
 77%|███████▋  | 6747/8810 [00:09<00:02, 889.90it/s]
 78%|███████▊  | 6839/8810 [00:09<00:02, 827.65it/s]
 79%|███████▉  | 6947/8810 [00:09<00:02, 891.40it/s]
 80%|███████▉  | 7039/8810 [00:09<00:02, 758.70it/s]
 81%|████████  | 7120/8810 [00:10<00:02, 755.91it/s]
 82%|████████▏ | 7199/8810 [00:10<00:02, 731.81it/s]
 83%|████████▎ | 7294/8810 [00:10<00:01, 786.53it/s]
 84%|████████▎ | 7375/8810 [00:10<00:01, 744.27it/s]
 85%|████████▍ | 7452/8810 [00:10<00:01, 740.43it/s]
 85%|████████▌ | 7528/8810 [00:10<00:01, 683.58it/s]
 87%|████████▋ | 7632/8810 [00:10<00:01, 777.31it/s]
 88%|████████▊ | 7715/8810 [00:10<00:01, 708.73it/s]
 89%|████████▊ | 7815/8810 [00:11<00:01, 782.66it/s]
 90%|█████████ | 7937/8810 [00:11<00:00, 899.71it/s]
 91%|█████████ | 8031/8810 [00:11<00:00, 795.94it/s]
 92%|█████████▏| 8115/8810 [00:11<00:01, 592.18it/s]
 93%|█████████▎| 8186/8810 [00:11<00:01, 615.30it/s]
 94%|█████████▎| 8258/8810 [00:11<00:00, 620.79it/s]
 95%|█████████▍| 8326/8810 [00:11<00:00, 606.01it/s]
 95%|█████████▌| 8391/8810 [00:11<00:00, 535.12it/s]
 96%|█████████▌| 8476/8810 [00:12<00:00, 607.22it/s]
 98%|█████████▊| 8598/8810 [00:12<00:00, 758.44it/s]
 99%|█████████▊| 8685/8810 [00:12<00:00, 786.00it/s]
100%|█████████▉| 8769/8810 [00:12<00:00, 693.14it/s]
100%|██████████| 8810/8810 [00:12<00:00, 705.06it/s]
