
  0%|          | 0/8810 [00:00<?, ?it/s]
  2%|▏         | 181/8810 [00:00<00:06, 1427.37it/s]
  5%|▍         | 422/8810 [00:00<00:04, 1946.27it/s]
  7%|▋         | 628/8810 [00:00<00:04, 1992.25it/s]
  9%|▉         | 831/8810 [00:00<00:04, 1655.38it/s]
 11%|█▏        | 1006/8810 [00:00<00:05, 1535.97it/s]
 14%|█▎        | 1209/8810 [00:00<00:04, 1677.51it/s]
 16%|█▌        | 1384/8810 [00:00<00:04, 1692.66it/s]
 18%|█▊        | 1558/8810 [00:00<00:04, 1566.57it/s]
 20%|██        | 1784/8810 [00:01<00:04, 1754.21it/s]
 22%|██▏       | 1965/8810 [00:01<00:04, 1528.01it/s]
 25%|██▍       | 2194/8810 [00:01<00:03, 1723.83it/s]
 27%|██▋       | 2376/8810 [00:01<00:04, 1570.25it/s]
 30%|██▉       | 2626/8810 [00:01<00:03, 1805.83it/s]
 32%|███▏      | 2817/8810 [00:01<00:03, 1659.13it/s]
 34%|███▍      | 3013/8810 [00:01<00:03, 1734.09it/s]
 36%|███▋      | 3194/8810 [00:01<00:03, 1597.01it/s]
 38%|███▊      | 3374/8810 [00:02<00:03, 1647.26it/s]
 40%|████      | 3544/8810 [00:02<00:03, 1499.28it/s]
 43%|████▎     | 3755/8810 [00:02<00:03, 1653.01it/s]
 45%|████▍     | 3927/8810 [00:02<00:03, 1512.09it/s]
 47%|████▋     | 4169/8810 [00:02<00:02, 1745.18it/s]
 49%|████▉     | 4352/8810 [00:02<00:02, 1699.80it/s]
 52%|█████▏    | 4556/8810 [00:02<00:02, 1790.59it/s]
 54%|█████▍    | 4740/8810 [00:02<00:02, 1553.91it/s]
 56%|█████▌    | 4913/8810 [00:02<00:02, 1596.06it/s]
 58%|█████▊    | 5080/8810 [00:03<00:02, 1512.03it/s]
 60%|█████▉    | 5269/8810 [00:03<00:02, 1609.60it/s]
 62%|██████▏   | 5435/8810 [00:03<00:02, 1515.46it/s]
 64%|██████▍   | 5637/8810 [00:03<00:01, 1647.53it/s]
 66%|██████▌   | 5807/8810 [00:03<00:01, 1608.22it/s]
 68%|██████▊   | 5971/8810 [00:03<00:01, 1513.19it/s]
 70%|██████▉   | 6126/8810 [00:03<00:01, 1396.95it/s]
 71%|███████▏  | 6279/8810 [00:03<00:01, 1430.42it/s]
 73%|███████▎  | 6425/8810 [00:04<00:01, 1342.28it/s]
 75%|███████▌  | 6627/8810 [00:04<00:01, 1521.02it/s]
 78%|███████▊  | 6857/8810 [00:04<00:01, 1734.27it/s]
 80%|███████▉  | 7036/8810 [00:04<00:01, 1651.98it/s]
 82%|████████▏ | 7206/8810 [00:04<00:00, 1629.70it/s]
 84%|████████▎ | 7372/8810 [00:04<00:00, 1620.77it/s]
 86%|████████▌ | 7536/8810 [00:04<00:00, 1588.25it/s]
 88%|████████▊ | 7715/8810 [00:04<00:00, 1533.71it/s]
 90%|████████▉ | 7886/8810 [00:04<00:00, 1579.30it/s]
 91%|█████████▏| 8046/8810 [00:05<00:00, 1430.65it/s]
 93%|█████████▎| 8209/8810 [00:05<00:00, 1482.73it/s]
 95%|█████████▍| 8361/8810 [00:05<00:00, 1426.93it/s]
 97%|█████████▋| 8547/8810 [00:05<00:00, 1545.00it/s]
 99%|█████████▉| 8705/8810 [00:05<00:00, 1419.10it/s]
100%|██████████| 8810/8810 [00:05<00:00, 1591.00it/s]
