
  0%|          | 0/8810 [00:00<?, ?it/s]
  2%|▏         | 181/8810 [00:00<00:05, 1513.94it/s]
  5%|▍         | 419/8810 [00:00<00:04, 1984.94it/s]
  7%|▋         | 656/8810 [00:00<00:04, 1893.83it/s]
 10%|▉         | 849/8810 [00:00<00:04, 1899.94it/s]
 12%|█▏        | 1041/8810 [00:00<00:04, 1786.81it/s]
 14%|█▍        | 1259/8810 [00:00<00:03, 1907.04it/s]
 17%|█▋        | 1457/8810 [00:00<00:04, 1761.52it/s]
 19%|█▉        | 1666/8810 [00:00<00:03, 1854.65it/s]
 21%|██        | 1855/8810 [00:01<00:04, 1687.74it/s]
 24%|██▎       | 2088/8810 [00:01<00:03, 1861.00it/s]
 26%|██▌       | 2280/8810 [00:01<00:03, 1745.82it/s]
 28%|██▊       | 2492/8810 [00:01<00:03, 1846.57it/s]
 31%|███       | 2706/8810 [00:01<00:03, 1928.42it/s]
 33%|███▎      | 2903/8810 [00:01<00:04, 1475.15it/s]
 35%|███▍      | 3069/8810 [00:01<00:04, 1410.27it/s]
 37%|███▋      | 3237/8810 [00:01<00:03, 1474.38it/s]
 39%|███▊      | 3410/8810 [00:02<00:03, 1440.72it/s]
 41%|████      | 3631/8810 [00:02<00:03, 1632.69it/s]
 43%|████▎     | 3803/8810 [00:02<00:03, 1596.21it/s]
 46%|████▌     | 4046/8810 [00:02<00:02, 1819.34it/s]
 48%|████▊     | 4235/8810 [00:02<00:02, 1745.45it/s]
 51%|█████     | 4486/8810 [00:02<00:02, 1953.88it/s]
 53%|█████▎    | 4687/8810 [00:02<00:02, 1739.52it/s]
 55%|█████▌    | 4886/8810 [00:02<00:02, 1803.38it/s]
 58%|█████▊    | 5073/8810 [00:02<00:02, 1659.91it/s]
 60%|█████▉    | 5274/8810 [00:03<00:02, 1750.88it/s]
 62%|██████▏   | 5455/8810 [00:03<00:02, 1653.89it/s]
 64%|██████▍   | 5680/8810 [00:03<00:01, 1812.73it/s]
 67%|██████▋   | 5867/8810 [00:03<00:01, 1694.27it/s]
 69%|██████▊   | 6042/8810 [00:03<00:01, 1498.52it/s]
 71%|███████▏  | 6286/8810 [00:03<00:01, 1731.34it/s]
 73%|███████▎  | 6468/8810 [00:03<00:01, 1594.29it/s]
 76%|███████▌  | 6700/8810 [00:03<00:01, 1776.65it/s]
 78%|███████▊  | 6902/8810 [00:04<00:01, 1839.78it/s]
 81%|████████  | 7093/8810 [00:04<00:01, 1647.74it/s]
 82%|████████▏ | 7266/8810 [00:04<00:00, 1567.12it/s]
 84%|████████▍ | 7429/8810 [00:04<00:00, 1494.08it/s]
 86%|████████▌ | 7583/8810 [00:04<00:00, 1441.71it/s]
 88%|████████▊ | 7730/8810 [00:04<00:00, 1394.49it/s]
 90%|████████▉ | 7892/8810 [00:04<00:00, 1453.94it/s]
 91%|█████████▏| 8040/8810 [00:04<00:00, 1274.70it/s]
 93%|█████████▎| 8192/8810 [00:04<00:00, 1336.75it/s]
 95%|█████████▍| 8361/8810 [00:05<00:00, 1290.24it/s]
 97%|█████████▋| 8545/8810 [00:05<00:00, 1429.07it/s]
 99%|█████████▉| 8702/8810 [00:05<00:00, 1393.92it/s]
100%|██████████| 8810/8810 [00:05<00:00, 1632.71it/s]
