
  0%|          | 0/8810 [00:00<?, ?it/s]
  0%|          | 17/8810 [00:00<00:55, 157.60it/s]
  0%|          | 35/8810 [00:00<00:52, 166.71it/s]
  1%|          | 95/8810 [00:00<00:25, 344.82it/s]
  2%|▏         | 144/8810 [00:00<00:21, 394.29it/s]
  2%|▏         | 184/8810 [00:00<00:35, 244.93it/s]
  2%|▏         | 215/8810 [00:00<00:37, 229.84it/s]
  3%|▎         | 281/8810 [00:00<00:25, 328.19it/s]
  4%|▎         | 322/8810 [00:01<00:24, 343.27it/s]
  4%|▍         | 362/8810 [00:01<00:25, 331.98it/s]
  5%|▍         | 409/8810 [00:01<00:23, 361.65it/s]
  5%|▌         | 449/8810 [00:01<00:26, 315.65it/s]
  6%|▌         | 515/8810 [00:01<00:20, 395.28it/s]
  7%|▋         | 574/8810 [00:01<00:18, 441.08it/s]
  7%|▋         | 622/8810 [00:01<00:20, 391.71it/s]
  8%|▊         | 665/8810 [00:02<00:31, 258.13it/s]
  8%|▊         | 699/8810 [00:02<00:30, 266.63it/s]
  8%|▊         | 732/8810 [00:02<00:31, 254.87it/s]
  9%|▊         | 765/8810 [00:02<00:30, 267.47it/s]
  9%|▉         | 799/8810 [00:02<00:28, 281.57it/s]
  9%|▉         | 830/8810 [00:02<00:28, 281.72it/s]
 10%|▉         | 861/8810 [00:02<00:28, 278.82it/s]
 10%|█         | 891/8810 [00:02<00:28, 276.33it/s]
 10%|█         | 920/8810 [00:03<00:29, 264.70it/s]
 11%|█         | 960/8810 [00:03<00:26, 294.42it/s]
 11%|█▏        | 993/8810 [00:03<00:26, 294.92it/s]
 12%|█▏        | 1023/8810 [00:03<00:30, 258.58it/s]
 12%|█▏        | 1069/8810 [00:03<00:25, 308.51it/s]
 13%|█▎        | 1102/8810 [00:03<00:24, 310.11it/s]
 13%|█▎        | 1135/8810 [00:03<00:27, 282.72it/s]
 13%|█▎        | 1171/8810 [00:03<00:25, 301.52it/s]
 14%|█▍        | 1219/8810 [00:04<00:22, 342.34it/s]
 14%|█▍        | 1255/8810 [00:04<00:25, 301.83it/s]
 15%|█▍        | 1287/8810 [00:04<00:24, 303.94it/s]
 15%|█▍        | 1319/8810 [00:04<00:24, 308.12it/s]
 15%|█▌        | 1351/8810 [00:04<00:27, 273.13it/s]
 16%|█▌        | 1398/8810 [00:04<00:23, 321.62it/s]
 16%|█▋        | 1446/8810 [00:04<00:20, 354.79it/s]
 17%|█▋        | 1483/8810 [00:05<00:32, 225.45it/s]
 17%|█▋        | 1533/8810 [00:05<00:26, 276.65it/s]
 18%|█▊        | 1568/8810 [00:05<00:24, 292.39it/s]
 18%|█▊        | 1608/8810 [00:05<00:22, 314.13it/s]
 19%|█▊        | 1648/8810 [00:05<00:21, 334.65it/s]
 19%|█▉        | 1685/8810 [00:05<00:21, 328.34it/s]
 20%|█▉        | 1721/8810 [00:05<00:22, 317.48it/s]
 20%|█▉        | 1761/8810 [00:05<00:20, 338.22it/s]
 20%|██        | 1797/8810 [00:05<00:20, 343.29it/s]
 21%|██        | 1833/8810 [00:06<00:33, 210.93it/s]
 21%|██        | 1862/8810 [00:06<00:33, 209.41it/s]
 22%|██▏       | 1905/8810 [00:06<00:27, 251.03it/s]
 22%|██▏       | 1944/8810 [00:06<00:24, 276.35it/s]
 23%|██▎       | 1988/8810 [00:06<00:21, 311.72it/s]
 23%|██▎       | 2032/8810 [00:06<00:19, 343.16it/s]
 24%|██▎       | 2078/8810 [00:06<00:18, 371.11it/s]
 24%|██▍       | 2130/8810 [00:07<00:16, 410.18it/s]
 25%|██▍       | 2174/8810 [00:07<00:15, 416.79it/s]
 25%|██▌       | 2218/8810 [00:07<00:17, 373.35it/s]
 26%|██▌       | 2258/8810 [00:07<00:17, 367.22it/s]
 26%|██▌       | 2297/8810 [00:07<00:26, 242.87it/s]
 27%|██▋       | 2356/8810 [00:07<00:20, 310.31it/s]
 27%|██▋       | 2395/8810 [00:07<00:19, 320.79it/s]
 28%|██▊       | 2456/8810 [00:08<00:16, 375.20it/s]
 28%|██▊       | 2499/8810 [00:08<00:16, 374.95it/s]
 29%|██▉       | 2540/8810 [00:08<00:16, 376.65it/s]
 29%|██▉       | 2588/8810 [00:08<00:15, 398.68it/s]
 30%|██▉       | 2630/8810 [00:08<00:16, 363.82it/s]
 30%|███       | 2669/8810 [00:08<00:18, 329.64it/s]
 31%|███       | 2707/8810 [00:08<00:18, 324.33it/s]
 31%|███       | 2741/8810 [00:08<00:19, 306.79it/s]
 31%|███▏      | 2773/8810 [00:09<00:32, 188.35it/s]
 32%|███▏      | 2798/8810 [00:09<00:33, 177.22it/s]
 32%|███▏      | 2824/8810 [00:09<00:31, 190.59it/s]
 33%|███▎      | 2876/8810 [00:09<00:23, 252.32it/s]
 33%|███▎      | 2906/8810 [00:09<00:27, 217.58it/s]
 33%|███▎      | 2932/8810 [00:09<00:27, 216.18it/s]
 34%|███▎      | 2961/8810 [00:10<00:25, 229.54it/s]
 34%|███▍      | 2987/8810 [00:10<00:27, 213.44it/s]
 34%|███▍      | 3013/8810 [00:10<00:26, 218.26it/s]
 35%|███▍      | 3052/8810 [00:10<00:22, 257.83it/s]
 35%|███▍      | 3080/8810 [00:10<00:40, 142.54it/s]
 35%|███▌      | 3115/8810 [00:10<00:33, 171.48it/s]
 36%|███▌      | 3147/8810 [00:11<00:28, 198.51it/s]
 36%|███▌      | 3173/8810 [00:11<00:30, 184.97it/s]
 36%|███▋      | 3196/8810 [00:11<00:30, 184.05it/s]
 37%|███▋      | 3225/8810 [00:11<00:27, 205.13it/s]
 37%|███▋      | 3249/8810 [00:11<00:32, 169.28it/s]
 37%|███▋      | 3269/8810 [00:11<00:36, 152.30it/s]
 37%|███▋      | 3287/8810 [00:11<00:35, 154.60it/s]
 38%|███▊      | 3317/8810 [00:12<00:29, 185.07it/s]
 38%|███▊      | 3338/8810 [00:12<00:30, 180.05it/s]
 38%|███▊      | 3379/8810 [00:12<00:23, 235.66it/s]
 39%|███▉      | 3440/8810 [00:12<00:16, 332.23it/s]
 40%|████      | 3529/8810 [00:12<00:10, 480.37it/s]
 41%|████▏     | 3648/8810 [00:12<00:07, 676.96it/s]
 43%|████▎     | 3755/8810 [00:12<00:06, 781.78it/s]
 44%|████▎     | 3837/8810 [00:12<00:07, 635.76it/s]
 45%|████▌     | 3973/8810 [00:12<00:05, 809.13it/s]
 46%|████▋     | 4080/8810 [00:13<00:05, 871.55it/s]
 47%|████▋     | 4174/8810 [00:13<00:06, 678.71it/s]
 48%|████▊     | 4253/8810 [00:13<00:09, 457.27it/s]
 49%|████▉     | 4316/8810 [00:13<00:10, 417.80it/s]
 50%|████▉     | 4370/8810 [00:13<00:11, 403.51it/s]
 50%|█████     | 4418/8810 [00:14<00:11, 366.42it/s]
 51%|█████     | 4460/8810 [00:14<00:12, 347.80it/s]
 51%|█████     | 4499/8810 [00:14<00:18, 232.01it/s]
 51%|█████▏    | 4529/8810 [00:14<00:17, 240.25it/s]
 52%|█████▏    | 4559/8810 [00:15<00:22, 190.77it/s]
 52%|█████▏    | 4583/8810 [00:15<00:24, 174.48it/s]
 52%|█████▏    | 4625/8810 [00:15<00:23, 181.85it/s]
 53%|█████▎    | 4664/8810 [00:15<00:19, 216.54it/s]
 53%|█████▎    | 4690/8810 [00:15<00:22, 187.07it/s]
 54%|█████▎    | 4721/8810 [00:15<00:19, 209.74it/s]
 54%|█████▍    | 4746/8810 [00:15<00:19, 209.68it/s]
 54%|█████▍    | 4783/8810 [00:16<00:16, 240.09it/s]
 55%|█████▍    | 4810/8810 [00:16<00:16, 237.90it/s]
 55%|█████▍    | 4840/8810 [00:16<00:15, 252.18it/s]
 55%|█████▌    | 4867/8810 [00:16<00:15, 254.47it/s]
 56%|█████▌    | 4894/8810 [00:16<00:15, 254.45it/s]
 56%|█████▌    | 4926/8810 [00:16<00:14, 270.24it/s]
 56%|█████▌    | 4954/8810 [00:16<00:21, 181.20it/s]
 57%|█████▋    | 5003/8810 [00:16<00:15, 245.40it/s]
 57%|█████▋    | 5034/8810 [00:17<00:15, 237.57it/s]
 58%|█████▊    | 5069/8810 [00:17<00:14, 262.40it/s]
 58%|█████▊    | 5100/8810 [00:17<00:13, 270.96it/s]
 58%|█████▊    | 5141/8810 [00:17<00:12, 301.06it/s]
 59%|█████▊    | 5174/8810 [00:17<00:11, 307.24it/s]
 59%|█████▉    | 5207/8810 [00:17<00:12, 287.01it/s]
 59%|█████▉    | 5240/8810 [00:17<00:11, 297.92it/s]
 60%|█████▉    | 5277/8810 [00:17<00:11, 316.77it/s]
 60%|██████    | 5310/8810 [00:17<00:10, 320.28it/s]
 61%|██████    | 5343/8810 [00:18<00:12, 267.04it/s]
 61%|██████    | 5372/8810 [00:18<00:15, 226.88it/s]
 61%|██████▏   | 5398/8810 [00:18<00:14, 230.57it/s]
 62%|██████▏   | 5423/8810 [00:18<00:14, 234.96it/s]
 62%|██████▏   | 5459/8810 [00:18<00:12, 262.03it/s]
 62%|██████▏   | 5487/8810 [00:18<00:13, 251.39it/s]
 63%|██████▎   | 5513/8810 [00:18<00:14, 227.60it/s]
 63%|██████▎   | 5539/8810 [00:19<00:14, 223.52it/s]
 63%|██████▎   | 5567/8810 [00:19<00:13, 234.26it/s]
 64%|██████▎   | 5596/8810 [00:19<00:13, 244.42it/s]
 64%|██████▍   | 5628/8810 [00:19<00:12, 262.10it/s]
 64%|██████▍   | 5655/8810 [00:19<00:12, 248.01it/s]
 65%|██████▍   | 5684/8810 [00:19<00:12, 257.33it/s]
 65%|██████▍   | 5714/8810 [00:19<00:11, 268.24it/s]
 65%|██████▌   | 5742/8810 [00:19<00:11, 270.40it/s]
 65%|██████▌   | 5770/8810 [00:20<00:19, 159.50it/s]
 66%|██████▌   | 5792/8810 [00:20<00:18, 161.40it/s]
 66%|██████▌   | 5823/8810 [00:20<00:15, 190.29it/s]
 66%|██████▋   | 5846/8810 [00:20<00:16, 179.29it/s]
 67%|██████▋   | 5867/8810 [00:20<00:17, 173.01it/s]
 67%|██████▋   | 5887/8810 [00:20<00:16, 172.08it/s]
 67%|██████▋   | 5906/8810 [00:20<00:19, 147.86it/s]
 67%|██████▋   | 5923/8810 [00:21<00:19, 146.66it/s]
 68%|██████▊   | 5948/8810 [00:21<00:17, 167.08it/s]
 68%|██████▊   | 5981/8810 [00:21<00:13, 206.24it/s]
 68%|██████▊   | 6006/8810 [00:21<00:12, 217.31it/s]
 69%|██████▊   | 6035/8810 [00:21<00:11, 235.81it/s]
 69%|██████▉   | 6060/8810 [00:21<00:18, 149.58it/s]
 69%|██████▉   | 6094/8810 [00:21<00:14, 181.34it/s]
 69%|██████▉   | 6120/8810 [00:22<00:13, 196.36it/s]
 70%|██████▉   | 6144/8810 [00:22<00:13, 194.52it/s]
 70%|███████   | 6171/8810 [00:22<00:12, 212.17it/s]
 70%|███████   | 6207/8810 [00:22<00:10, 249.17it/s]
 71%|███████   | 6235/8810 [00:22<00:10, 256.02it/s]
 71%|███████▏  | 6280/8810 [00:22<00:08, 295.33it/s]
 72%|███████▏  | 6311/8810 [00:22<00:08, 279.89it/s]
 72%|███████▏  | 6340/8810 [00:22<00:09, 264.17it/s]
 72%|███████▏  | 6376/8810 [00:22<00:08, 286.08it/s]
 73%|███████▎  | 6406/8810 [00:23<00:13, 180.15it/s]
 73%|███████▎  | 6446/8810 [00:23<00:10, 221.42it/s]
 73%|███████▎  | 6474/8810 [00:23<00:11, 212.12it/s]
 74%|███████▍  | 6500/8810 [00:23<00:10, 216.57it/s]
 74%|███████▍  | 6548/8810 [00:23<00:08, 267.81it/s]
 75%|███████▍  | 6581/8810 [00:23<00:07, 280.41it/s]
 75%|███████▌  | 6623/8810 [00:23<00:07, 311.75it/s]
 76%|███████▌  | 6661/8810 [00:24<00:06, 329.37it/s]
 76%|███████▌  | 6707/8810 [00:24<00:05, 364.89it/s]
 77%|███████▋  | 6749/8810 [00:24<00:05, 367.35it/s]
 77%|███████▋  | 6787/8810 [00:24<00:05, 353.90it/s]
 78%|███████▊  | 6834/8810 [00:24<00:05, 381.86it/s]
 78%|███████▊  | 6886/8810 [00:24<00:04, 413.52it/s]
 79%|███████▉  | 6943/8810 [00:24<00:04, 457.07it/s]
 79%|███████▉  | 6990/8810 [00:24<00:05, 309.95it/s]
 80%|███████▉  | 7028/8810 [00:25<00:05, 324.67it/s]
 80%|████████  | 7082/8810 [00:25<00:04, 361.80it/s]
 81%|████████  | 7123/8810 [00:25<00:04, 348.73it/s]
 81%|████████▏ | 7162/8810 [00:25<00:04, 357.40it/s]
 82%|████████▏ | 7200/8810 [00:25<00:04, 340.30it/s]
 82%|████████▏ | 7236/8810 [00:25<00:04, 338.19it/s]
 83%|████████▎ | 7275/8810 [00:25<00:04, 349.50it/s]
 83%|████████▎ | 7332/8810 [00:25<00:03, 385.18it/s]
 84%|████████▎ | 7371/8810 [00:26<00:04, 292.38it/s]
 84%|████████▍ | 7418/8810 [00:26<00:04, 330.19it/s]
 85%|████████▍ | 7455/8810 [00:26<00:04, 280.64it/s]
 85%|████████▍ | 7487/8810 [00:26<00:04, 283.41it/s]
 85%|████████▌ | 7518/8810 [00:26<00:04, 272.55it/s]
 86%|████████▌ | 7547/8810 [00:26<00:04, 267.84it/s]
 86%|████████▋ | 7604/8810 [00:26<00:03, 341.69it/s]
 87%|████████▋ | 7644/8810 [00:26<00:03, 351.34it/s]
 87%|████████▋ | 7681/8810 [00:27<00:03, 322.62it/s]
 88%|████████▊ | 7715/8810 [00:27<00:04, 248.56it/s]
 88%|████████▊ | 7748/8810 [00:27<00:04, 264.05it/s]
 88%|████████▊ | 7778/8810 [00:27<00:03, 264.51it/s]
 89%|████████▊ | 7816/8810 [00:27<00:03, 282.05it/s]
 89%|████████▉ | 7852/8810 [00:27<00:03, 300.31it/s]
 90%|████████▉ | 7895/8810 [00:27<00:02, 332.34it/s]
 90%|█████████ | 7941/8810 [00:27<00:02, 360.04it/s]
 91%|█████████ | 7979/8810 [00:28<00:02, 321.88it/s]
 91%|█████████ | 8013/8810 [00:28<00:02, 306.42it/s]
 91%|█████████▏| 8045/8810 [00:28<00:03, 211.81it/s]
 92%|█████████▏| 8090/8810 [00:28<00:02, 257.31it/s]
 92%|█████████▏| 8126/8810 [00:28<00:02, 273.38it/s]
 93%|█████████▎| 8180/8810 [00:28<00:01, 335.63it/s]
 93%|█████████▎| 8218/8810 [00:28<00:02, 285.17it/s]
 94%|█████████▍| 8272/8810 [00:29<00:01, 343.30it/s]
 94%|█████████▍| 8312/8810 [00:29<00:01, 349.35it/s]
 95%|█████████▍| 8351/8810 [00:29<00:01, 330.30it/s]
 95%|█████████▌| 8387/8810 [00:29<00:01, 253.35it/s]
 96%|█████████▌| 8423/8810 [00:29<00:01, 274.94it/s]
 96%|█████████▌| 8461/8810 [00:29<00:01, 298.81it/s]
 96%|█████████▋| 8495/8810 [00:29<00:01, 306.86it/s]
 97%|█████████▋| 8539/8810 [00:29<00:00, 336.53it/s]
 97%|█████████▋| 8580/8810 [00:30<00:00, 355.58it/s]
 98%|█████████▊| 8618/8810 [00:30<00:00, 356.61it/s]
 98%|█████████▊| 8655/8810 [00:30<00:00, 311.53it/s]
 99%|█████████▉| 8700/8810 [00:30<00:00, 346.49it/s]
 99%|█████████▉| 8737/8810 [00:30<00:00, 268.77it/s]
100%|█████████▉| 8774/8810 [00:30<00:00, 291.33it/s]
100%|██████████| 8810/8810 [00:30<00:00, 285.73it/s]
