
  0%|          | 0/8810 [00:00<?, ?it/s]
  1%|          | 71/8810 [00:00<00:12, 708.61it/s]
  2%|▏         | 178/8810 [00:00<00:09, 919.60it/s]
  3%|▎         | 270/8810 [00:00<00:10, 781.80it/s]
  4%|▍         | 362/8810 [00:00<00:10, 819.41it/s]
  5%|▌         | 446/8810 [00:00<00:10, 820.53it/s]
  7%|▋         | 575/8810 [00:00<00:08, 970.47it/s]
  8%|▊         | 674/8810 [00:00<00:10, 798.42it/s]
  9%|▊         | 760/8810 [00:00<00:10, 748.93it/s]
 10%|▉         | 839/8810 [00:01<00:10, 735.37it/s]
 10%|█         | 916/8810 [00:01<00:11, 709.42it/s]
 11%|█         | 989/8810 [00:01<00:10, 711.40it/s]
 12%|█▏        | 1062/8810 [00:01<00:11, 687.30it/s]
 13%|█▎        | 1136/8810 [00:01<00:11, 696.91it/s]
 14%|█▍        | 1236/8810 [00:01<00:09, 777.42it/s]
 15%|█▍        | 1315/8810 [00:01<00:10, 736.02it/s]
 16%|█▌        | 1390/8810 [00:01<00:10, 690.57it/s]
 17%|█▋        | 1461/8810 [00:02<00:12, 604.92it/s]
 17%|█▋        | 1524/8810 [00:02<00:12, 595.59it/s]
 18%|█▊        | 1586/8810 [00:02<00:12, 567.59it/s]
 19%|█▉        | 1659/8810 [00:02<00:11, 605.56it/s]
 20%|█▉        | 1732/8810 [00:02<00:11, 637.51it/s]
 20%|██        | 1797/8810 [00:02<00:11, 632.02it/s]
 21%|██        | 1862/8810 [00:02<00:15, 458.62it/s]
 22%|██▏       | 1926/8810 [00:02<00:13, 498.06it/s]
 23%|██▎       | 1983/8810 [00:03<00:13, 497.70it/s]
 23%|██▎       | 2038/8810 [00:03<00:13, 501.89it/s]
 24%|██▍       | 2095/8810 [00:03<00:12, 518.72it/s]
 24%|██▍       | 2155/8810 [00:03<00:12, 540.02it/s]
 25%|██▌       | 2215/8810 [00:03<00:11, 555.11it/s]
 26%|██▌       | 2272/8810 [00:03<00:13, 478.81it/s]
 27%|██▋       | 2354/8810 [00:03<00:11, 561.27it/s]
 27%|██▋       | 2414/8810 [00:03<00:11, 546.97it/s]
 28%|██▊       | 2492/8810 [00:03<00:10, 608.60it/s]
 29%|██▉       | 2592/8810 [00:03<00:08, 709.27it/s]
 30%|███       | 2677/8810 [00:04<00:08, 743.04it/s]
 31%|███       | 2753/8810 [00:04<00:08, 706.65it/s]
 32%|███▏      | 2826/8810 [00:04<00:08, 678.57it/s]
 33%|███▎      | 2907/8810 [00:04<00:08, 711.59it/s]
 34%|███▍      | 2982/8810 [00:04<00:08, 721.36it/s]
 35%|███▍      | 3055/8810 [00:04<00:08, 714.83it/s]
 36%|███▌      | 3128/8810 [00:04<00:08, 676.07it/s]
 36%|███▋      | 3197/8810 [00:04<00:08, 628.27it/s]
 37%|███▋      | 3261/8810 [00:05<00:09, 579.06it/s]
 38%|███▊      | 3330/8810 [00:05<00:09, 605.15it/s]
 39%|███▊      | 3393/8810 [00:05<00:08, 607.68it/s]
 39%|███▉      | 3455/8810 [00:05<00:09, 575.41it/s]
 40%|████      | 3529/8810 [00:05<00:08, 614.33it/s]
 41%|████      | 3623/8810 [00:05<00:07, 703.55it/s]
 42%|████▏     | 3706/8810 [00:05<00:06, 732.29it/s]
 43%|████▎     | 3781/8810 [00:05<00:07, 637.51it/s]
 44%|████▎     | 3850/8810 [00:05<00:07, 647.73it/s]
 45%|████▍     | 3929/8810 [00:06<00:07, 679.23it/s]
 46%|████▌     | 4029/8810 [00:06<00:06, 764.06it/s]
 47%|████▋     | 4115/8810 [00:06<00:05, 789.85it/s]
 48%|████▊     | 4196/8810 [00:06<00:06, 727.34it/s]
 49%|████▊     | 4294/8810 [00:06<00:05, 793.71it/s]
 50%|████▉     | 4389/8810 [00:06<00:05, 834.02it/s]
 51%|█████     | 4474/8810 [00:06<00:05, 771.09it/s]
 52%|█████▏    | 4553/8810 [00:06<00:05, 729.02it/s]
 53%|█████▎    | 4628/8810 [00:06<00:06, 646.35it/s]
 53%|█████▎    | 4695/8810 [00:07<00:06, 608.02it/s]
 54%|█████▍    | 4760/8810 [00:07<00:06, 618.36it/s]
 55%|█████▍    | 4824/8810 [00:07<00:06, 620.68it/s]
 55%|█████▌    | 4888/8810 [00:07<00:06, 587.98it/s]
 56%|█████▌    | 4948/8810 [00:07<00:07, 519.00it/s]
 57%|█████▋    | 5024/8810 [00:07<00:06, 576.32it/s]
 58%|█████▊    | 5084/8810 [00:07<00:06, 575.46it/s]
 58%|█████▊    | 5151/8810 [00:07<00:06, 601.04it/s]
 59%|█████▉    | 5213/8810 [00:07<00:06, 586.97it/s]
 60%|█████▉    | 5277/8810 [00:08<00:05, 598.28it/s]
 61%|██████    | 5338/8810 [00:08<00:05, 598.43it/s]
 61%|██████▏   | 5399/8810 [00:08<00:06, 542.67it/s]
 62%|██████▏   | 5477/8810 [00:08<00:05, 605.39it/s]
 63%|██████▎   | 5552/8810 [00:08<00:05, 642.56it/s]
 64%|██████▍   | 5632/8810 [00:08<00:04, 682.70it/s]
 65%|██████▍   | 5702/8810 [00:08<00:04, 658.03it/s]
 65%|██████▌   | 5769/8810 [00:08<00:05, 544.16it/s]
 66%|██████▌   | 5828/8810 [00:09<00:05, 550.61it/s]
 67%|██████▋   | 5886/8810 [00:09<00:06, 474.93it/s]
 67%|██████▋   | 5937/8810 [00:09<00:06, 419.34it/s]
 68%|██████▊   | 5994/8810 [00:09<00:06, 450.99it/s]
 69%|██████▊   | 6043/8810 [00:09<00:06, 457.13it/s]
 69%|██████▉   | 6119/8810 [00:09<00:05, 532.78it/s]
 70%|███████   | 6177/8810 [00:09<00:04, 545.45it/s]
 71%|███████   | 6256/8810 [00:09<00:04, 608.67it/s]
 72%|███████▏  | 6334/8810 [00:09<00:03, 655.28it/s]
 73%|███████▎  | 6402/8810 [00:10<00:03, 626.92it/s]
 74%|███████▎  | 6483/8810 [00:10<00:03, 676.90it/s]
 75%|███████▍  | 6580/8810 [00:10<00:02, 757.49it/s]
 76%|███████▌  | 6689/8810 [00:10<00:02, 852.87it/s]
 77%|███████▋  | 6776/8810 [00:10<00:02, 835.07it/s]
 78%|███████▊  | 6881/8810 [00:10<00:02, 893.78it/s]
 79%|███████▉  | 6972/8810 [00:10<00:02, 743.91it/s]
 80%|████████  | 7066/8810 [00:10<00:02, 792.14it/s]
 81%|████████  | 7150/8810 [00:10<00:02, 783.49it/s]
 82%|████████▏ | 7232/8810 [00:11<00:02, 776.16it/s]
 83%|████████▎ | 7330/8810 [00:11<00:01, 829.69it/s]
 84%|████████▍ | 7415/8810 [00:11<00:01, 777.94it/s]
 85%|████████▌ | 7495/8810 [00:11<00:02, 637.04it/s]
 86%|████████▌ | 7564/8810 [00:11<00:02, 612.94it/s]
 87%|████████▋ | 7648/8810 [00:11<00:01, 664.14it/s]
 88%|████████▊ | 7718/8810 [00:11<00:01, 569.64it/s]
 88%|████████▊ | 7780/8810 [00:12<00:01, 572.30it/s]
 89%|████████▉ | 7868/8810 [00:12<00:01, 646.47it/s]
 90%|█████████ | 7956/8810 [00:12<00:01, 705.69it/s]
 91%|█████████ | 8030/8810 [00:12<00:01, 648.44it/s]
 92%|█████████▏| 8098/8810 [00:12<00:01, 532.63it/s]
 93%|█████████▎| 8157/8810 [00:12<00:01, 520.19it/s]
 93%|█████████▎| 8213/8810 [00:12<00:01, 480.75it/s]
 94%|█████████▍| 8287/8810 [00:12<00:00, 541.49it/s]
 95%|█████████▍| 8355/8810 [00:13<00:00, 575.39it/s]
 96%|█████████▌| 8416/8810 [00:13<00:00, 527.84it/s]
 96%|█████████▋| 8489/8810 [00:13<00:00, 575.47it/s]
 97%|█████████▋| 8579/8810 [00:13<00:00, 660.65it/s]
 98%|█████████▊| 8649/8810 [00:13<00:00, 664.23it/s]
 99%|█████████▉| 8718/8810 [00:13<00:00, 600.54it/s]
100%|██████████| 8810/8810 [00:13<00:00, 642.95it/s]
