
  0%|          | 0/8810 [00:00<?, ?it/s]
  1%|          | 51/8810 [00:00<00:17, 508.38it/s]
  2%|▏         | 181/8810 [00:00<00:11, 742.73it/s]
  3%|▎         | 268/8810 [00:00<00:10, 783.43it/s]
  4%|▍         | 360/8810 [00:00<00:10, 825.53it/s]
  5%|▌         | 449/8810 [00:00<00:09, 841.62it/s]
  7%|▋         | 591/8810 [00:00<00:08, 1023.36it/s]
  8%|▊         | 695/8810 [00:00<00:10, 788.82it/s] 
  9%|▉         | 782/8810 [00:00<00:10, 743.01it/s]
 10%|█         | 892/8810 [00:01<00:09, 832.07it/s]
 11%|█         | 983/8810 [00:01<00:09, 852.36it/s]
 12%|█▏        | 1073/8810 [00:01<00:09, 787.84it/s]
 13%|█▎        | 1182/8810 [00:01<00:08, 865.42it/s]
 15%|█▍        | 1309/8810 [00:01<00:07, 972.63it/s]
 16%|█▌        | 1410/8810 [00:01<00:07, 974.07it/s]
 17%|█▋        | 1510/8810 [00:01<00:09, 786.85it/s]
 18%|█▊        | 1625/8810 [00:01<00:08, 873.15it/s]
 20%|█▉        | 1755/8810 [00:02<00:07, 982.06it/s]
 21%|██        | 1860/8810 [00:02<00:08, 817.22it/s]
 22%|██▏       | 1976/8810 [00:02<00:07, 895.82it/s]
 24%|██▍       | 2114/8810 [00:02<00:06, 1018.66it/s]
 25%|██▌       | 2224/8810 [00:02<00:06, 1010.20it/s]
 26%|██▋       | 2331/8810 [00:02<00:07, 892.78it/s] 
 28%|██▊       | 2437/8810 [00:02<00:06, 930.86it/s]
 29%|██▉       | 2561/8810 [00:02<00:06, 1004.04it/s]
 30%|███       | 2666/8810 [00:02<00:06, 991.12it/s] 
 31%|███▏      | 2769/8810 [00:03<00:07, 803.53it/s]
 33%|███▎      | 2874/8810 [00:03<00:06, 861.11it/s]
 34%|███▎      | 2967/8810 [00:03<00:06, 869.66it/s]
 35%|███▍      | 3059/8810 [00:03<00:07, 760.62it/s]
 36%|███▌      | 3158/8810 [00:03<00:06, 816.79it/s]
 37%|███▋      | 3245/8810 [00:03<00:06, 810.99it/s]
 38%|███▊      | 3330/8810 [00:03<00:06, 809.74it/s]
 39%|███▉      | 3414/8810 [00:04<00:07, 702.15it/s]
 40%|███▉      | 3493/8810 [00:04<00:07, 723.02it/s]
 41%|████      | 3585/8810 [00:04<00:06, 768.21it/s]
 42%|████▏     | 3686/8810 [00:04<00:06, 830.75it/s]
 43%|████▎     | 3772/8810 [00:04<00:06, 835.49it/s]
 44%|████▍     | 3858/8810 [00:04<00:07, 667.15it/s]
 45%|████▍     | 3954/8810 [00:04<00:06, 738.22it/s]
 46%|████▌     | 4067/8810 [00:04<00:05, 837.58it/s]
 47%|████▋     | 4180/8810 [00:04<00:06, 755.64it/s]
 49%|████▊     | 4276/8810 [00:05<00:05, 796.15it/s]
 50%|████▉     | 4362/8810 [00:05<00:05, 810.39it/s]
 51%|█████     | 4468/8810 [00:05<00:04, 869.48it/s]
 52%|█████▏    | 4559/8810 [00:05<00:04, 872.18it/s]
 53%|█████▎    | 4649/8810 [00:05<00:05, 763.78it/s]
 54%|█████▎    | 4730/8810 [00:05<00:05, 722.61it/s]
 55%|█████▍    | 4842/8810 [00:05<00:04, 820.35it/s]
 56%|█████▌    | 4928/8810 [00:05<00:04, 778.85it/s]
 57%|█████▋    | 5009/8810 [00:06<00:05, 700.19it/s]
 58%|█████▊    | 5108/8810 [00:06<00:04, 772.45it/s]
 60%|█████▉    | 5243/8810 [00:06<00:03, 924.08it/s]
 61%|██████    | 5344/8810 [00:06<00:03, 946.20it/s]
 62%|██████▏   | 5442/8810 [00:06<00:04, 774.21it/s]
 63%|██████▎   | 5542/8810 [00:06<00:03, 829.27it/s]
 64%|██████▍   | 5633/8810 [00:06<00:03, 849.07it/s]
 65%|██████▍   | 5723/8810 [00:06<00:03, 858.18it/s]
 66%|██████▌   | 5813/8810 [00:07<00:04, 691.99it/s]
 67%|██████▋   | 5890/8810 [00:07<00:04, 592.10it/s]
 68%|██████▊   | 5957/8810 [00:07<00:05, 532.28it/s]
 69%|██████▊   | 6036/8810 [00:07<00:05, 515.62it/s]
 69%|██████▉   | 6101/8810 [00:07<00:05, 536.25it/s]
 70%|██████▉   | 6158/8810 [00:07<00:04, 537.43it/s]
 71%|███████   | 6215/8810 [00:07<00:04, 529.33it/s]
 71%|███████▏  | 6297/8810 [00:07<00:04, 600.58it/s]
 72%|███████▏  | 6360/8810 [00:08<00:04, 592.35it/s]
 73%|███████▎  | 6421/8810 [00:08<00:04, 552.56it/s]
 74%|███████▍  | 6538/8810 [00:08<00:03, 713.71it/s]
 75%|███████▌  | 6634/8810 [00:08<00:02, 772.91it/s]
 77%|███████▋  | 6776/8810 [00:08<00:02, 944.31it/s]
 79%|███████▊  | 6932/8810 [00:08<00:01, 1116.15it/s]
 80%|███████▉  | 7047/8810 [00:08<00:01, 933.67it/s] 
 81%|████████  | 7148/8810 [00:08<00:01, 928.60it/s]
 82%|████████▏ | 7246/8810 [00:09<00:01, 910.14it/s]
 83%|████████▎ | 7351/8810 [00:09<00:01, 945.37it/s]
 85%|████████▍ | 7449/8810 [00:09<00:01, 889.96it/s]
 86%|████████▌ | 7541/8810 [00:09<00:01, 819.66it/s]
 87%|████████▋ | 7669/8810 [00:09<00:01, 937.24it/s]
 88%|████████▊ | 7767/8810 [00:09<00:01, 850.80it/s]
 89%|████████▉ | 7856/8810 [00:09<00:01, 837.30it/s]
 90%|█████████ | 7966/8810 [00:09<00:00, 902.34it/s]
 91%|█████████▏| 8059/8810 [00:10<00:01, 594.77it/s]
 92%|█████████▏| 8134/8810 [00:10<00:01, 617.35it/s]
 93%|█████████▎| 8215/8810 [00:10<00:00, 659.41it/s]
 95%|█████████▍| 8327/8810 [00:10<00:00, 768.30it/s]
 95%|█████████▌| 8413/8810 [00:10<00:00, 654.42it/s]
 97%|█████████▋| 8515/8810 [00:10<00:00, 737.93it/s]
 98%|█████████▊| 8613/8810 [00:10<00:00, 792.84it/s]
 99%|█████████▉| 8700/8810 [00:10<00:00, 791.53it/s]
100%|█████████▉| 8785/8810 [00:11<00:00, 675.05it/s]
100%|██████████| 8810/8810 [00:11<00:00, 790.45it/s]
