
  0%|          | 0/8810 [00:00<?, ?it/s]
  2%|▏         | 181/8810 [00:00<00:06, 1400.35it/s]
  5%|▍         | 408/8810 [00:00<00:04, 1848.63it/s]
  7%|▋         | 624/8810 [00:00<00:04, 1977.89it/s]
  9%|▉         | 826/8810 [00:00<00:04, 1698.27it/s]
 11%|█▏        | 1003/8810 [00:00<00:05, 1508.88it/s]
 14%|█▍        | 1216/8810 [00:00<00:04, 1681.86it/s]
 16%|█▌        | 1392/8810 [00:00<00:04, 1658.88it/s]
 18%|█▊        | 1563/8810 [00:00<00:04, 1496.53it/s]
 20%|██        | 1792/8810 [00:01<00:04, 1708.41it/s]
 22%|██▏       | 1971/8810 [00:01<00:04, 1507.01it/s]
 25%|██▍       | 2187/8810 [00:01<00:03, 1673.27it/s]
 27%|██▋       | 2364/8810 [00:01<00:04, 1528.00it/s]
 30%|██▉       | 2611/8810 [00:01<00:03, 1768.82it/s]
 32%|███▏      | 2798/8810 [00:01<00:03, 1593.48it/s]
 34%|███▍      | 2981/8810 [00:01<00:03, 1651.57it/s]
 36%|███▌      | 3154/8810 [00:01<00:03, 1556.12it/s]
 38%|███▊      | 3320/8810 [00:02<00:03, 1581.98it/s]
 40%|███▉      | 3483/8810 [00:02<00:03, 1466.74it/s]
 42%|████▏     | 3701/8810 [00:02<00:03, 1653.72it/s]
 44%|████▍     | 3872/8810 [00:02<00:03, 1531.03it/s]
 46%|████▋     | 4083/8810 [00:02<00:02, 1679.11it/s]
 48%|████▊     | 4257/8810 [00:02<00:02, 1594.86it/s]
 50%|█████     | 4428/8810 [00:02<00:02, 1623.57it/s]
 52%|█████▏    | 4594/8810 [00:02<00:02, 1584.72it/s]
 54%|█████▍    | 4755/8810 [00:02<00:02, 1427.80it/s]
 56%|█████▌    | 4918/8810 [00:03<00:02, 1479.08it/s]
 58%|█████▊    | 5070/8810 [00:03<00:02, 1327.02it/s]
 59%|█████▉    | 5229/8810 [00:03<00:02, 1393.64it/s]
 61%|██████    | 5373/8810 [00:03<00:02, 1359.20it/s]
 63%|██████▎   | 5522/8810 [00:03<00:02, 1393.75it/s]
 65%|██████▍   | 5722/8810 [00:03<00:01, 1555.53it/s]
 67%|██████▋   | 5881/8810 [00:03<00:02, 1390.12it/s]
 68%|██████▊   | 6025/8810 [00:03<00:02, 1317.28it/s]
 70%|██████▉   | 6161/8810 [00:04<00:02, 1228.35it/s]
 72%|███████▏  | 6328/8810 [00:04<00:01, 1341.30it/s]
 73%|███████▎  | 6467/8810 [00:04<00:01, 1271.55it/s]
 76%|███████▌  | 6704/8810 [00:04<00:01, 1561.83it/s]
 78%|███████▊  | 6904/8810 [00:04<00:01, 1679.44it/s]
 80%|████████  | 7078/8810 [00:04<00:01, 1607.24it/s]
 82%|████████▏ | 7243/8810 [00:04<00:00, 1581.88it/s]
 84%|████████▍ | 7404/8810 [00:04<00:00, 1559.34it/s]
 86%|████████▌ | 7562/8810 [00:04<00:00, 1439.45it/s]
 88%|████████▊ | 7715/8810 [00:05<00:00, 1416.56it/s]
 89%|████████▉ | 7878/8810 [00:05<00:00, 1470.82it/s]
 91%|█████████ | 8036/8810 [00:05<00:00, 1497.44it/s]
 93%|█████████▎| 8188/8810 [00:05<00:00, 1417.29it/s]
 95%|█████████▍| 8354/8810 [00:05<00:00, 1482.59it/s]
 97%|█████████▋| 8504/8810 [00:05<00:00, 1393.25it/s]
 99%|█████████▊| 8695/8810 [00:05<00:00, 1534.36it/s]
100%|██████████| 8810/8810 [00:05<00:00, 1518.77it/s]
