
  0%|          | 0/8810 [00:00<?, ?it/s]
  1%|          | 51/8810 [00:00<00:17, 509.20it/s]
  2%|▏         | 175/8810 [00:00<00:09, 935.38it/s]
  3%|▎         | 269/8810 [00:00<00:11, 757.91it/s]
  4%|▍         | 368/8810 [00:00<00:10, 837.34it/s]
  5%|▌         | 455/8810 [00:00<00:10, 783.02it/s]
  7%|▋         | 583/8810 [00:00<00:08, 932.04it/s]
  8%|▊         | 680/8810 [00:00<00:09, 821.09it/s]
  9%|▉         | 779/8810 [00:00<00:09, 864.57it/s]
 10%|█         | 884/8810 [00:01<00:08, 912.20it/s]
 11%|█         | 979/8810 [00:01<00:09, 831.21it/s]
 12%|█▏        | 1066/8810 [00:01<00:09, 793.55it/s]
 13%|█▎        | 1169/8810 [00:01<00:08, 849.69it/s]
 14%|█▍        | 1271/8810 [00:01<00:08, 892.51it/s]
 15%|█▌        | 1364/8810 [00:01<00:08, 901.03it/s]
 17%|█▋        | 1456/8810 [00:01<00:08, 850.88it/s]
 18%|█▊        | 1543/8810 [00:01<00:09, 742.45it/s]
 19%|█▊        | 1648/8810 [00:01<00:08, 820.90it/s]
 20%|█▉        | 1756/8810 [00:02<00:07, 890.11it/s]
 21%|██        | 1849/8810 [00:02<00:09, 762.60it/s]
 22%|██▏       | 1960/8810 [00:02<00:08, 844.86it/s]
 24%|██▎       | 2077/8810 [00:02<00:07, 928.29it/s]
 25%|██▍       | 2199/8810 [00:02<00:06, 1004.59it/s]
 26%|██▌       | 2304/8810 [00:02<00:08, 811.23it/s] 
 28%|██▊       | 2453/8810 [00:02<00:06, 973.72it/s]
 29%|██▉       | 2582/8810 [00:02<00:05, 1052.24it/s]
 31%|███       | 2696/8810 [00:03<00:06, 1012.07it/s]
 32%|███▏      | 2804/8810 [00:03<00:06, 858.87it/s] 
 33%|███▎      | 2898/8810 [00:03<00:06, 870.41it/s]
 34%|███▍      | 3001/8810 [00:03<00:06, 909.01it/s]
 35%|███▌      | 3097/8810 [00:03<00:06, 853.11it/s]
 36%|███▌      | 3186/8810 [00:03<00:06, 827.25it/s]
 37%|███▋      | 3272/8810 [00:03<00:06, 819.94it/s]
 38%|███▊      | 3379/8810 [00:03<00:06, 882.24it/s]
 39%|███▉      | 3469/8810 [00:04<00:06, 765.77it/s]
 41%|████      | 3604/8810 [00:04<00:05, 913.69it/s]
 42%|████▏     | 3709/8810 [00:04<00:05, 941.06it/s]
 43%|████▎     | 3807/8810 [00:04<00:06, 824.48it/s]
 44%|████▍     | 3899/8810 [00:04<00:05, 847.46it/s]
 46%|████▌     | 4034/8810 [00:04<00:04, 979.14it/s]
 47%|████▋     | 4153/8810 [00:04<00:04, 1034.31it/s]
 48%|████▊     | 4260/8810 [00:04<00:04, 924.53it/s] 
 50%|████▉     | 4382/8810 [00:04<00:04, 996.40it/s]
 51%|█████     | 4489/8810 [00:05<00:04, 1012.34it/s]
 52%|█████▏    | 4594/8810 [00:05<00:04, 981.02it/s] 
 53%|█████▎    | 4695/8810 [00:05<00:05, 814.23it/s]
 55%|█████▍    | 4803/8810 [00:05<00:04, 878.72it/s]
 56%|█████▌    | 4904/8810 [00:05<00:04, 910.00it/s]
 57%|█████▋    | 5000/8810 [00:05<00:04, 811.39it/s]
 58%|█████▊    | 5099/8810 [00:05<00:04, 854.79it/s]
 59%|█████▉    | 5189/8810 [00:05<00:04, 852.76it/s]
 60%|██████    | 5293/8810 [00:06<00:03, 901.19it/s]
 61%|██████    | 5386/8810 [00:06<00:04, 797.09it/s]
 62%|██████▏   | 5493/8810 [00:06<00:03, 862.11it/s]
 63%|██████▎   | 5586/8810 [00:06<00:03, 880.18it/s]
 64%|██████▍   | 5677/8810 [00:06<00:03, 879.28it/s]
 65%|██████▌   | 5767/8810 [00:06<00:03, 769.62it/s]
 66%|██████▋   | 5857/8810 [00:06<00:03, 800.28it/s]
 67%|██████▋   | 5940/8810 [00:06<00:03, 751.51it/s]
 69%|██████▊   | 6036/8810 [00:07<00:03, 695.59it/s]
 70%|██████▉   | 6142/8810 [00:07<00:03, 781.01it/s]
 71%|███████   | 6255/8810 [00:07<00:02, 865.89it/s]
 72%|███████▏  | 6365/8810 [00:07<00:02, 924.99it/s]
 73%|███████▎  | 6461/8810 [00:07<00:02, 821.86it/s]
 74%|███████▍  | 6552/8810 [00:07<00:02, 843.73it/s]
 76%|███████▌  | 6670/8810 [00:07<00:02, 931.74it/s]
 77%|███████▋  | 6781/8810 [00:07<00:02, 978.11it/s]
 78%|███████▊  | 6901/8810 [00:07<00:01, 1040.81it/s]
 80%|███████▉  | 7008/8810 [00:08<00:01, 904.28it/s] 
 81%|████████  | 7116/8810 [00:08<00:01, 950.03it/s]
 82%|████████▏ | 7215/8810 [00:08<00:01, 953.48it/s]
 83%|████████▎ | 7334/8810 [00:08<00:01, 1017.26it/s]
 84%|████████▍ | 7439/8810 [00:08<00:01, 884.89it/s] 
 86%|████████▌ | 7533/8810 [00:08<00:01, 820.39it/s]
 87%|████████▋ | 7657/8810 [00:08<00:01, 924.37it/s]
 88%|████████▊ | 7754/8810 [00:08<00:01, 791.51it/s]
 89%|████████▉ | 7840/8810 [00:09<00:01, 806.36it/s]
 90%|█████████ | 7938/8810 [00:09<00:01, 848.17it/s]
 91%|█████████ | 8028/8810 [00:09<00:00, 860.26it/s]
 92%|█████████▏| 8117/8810 [00:09<00:00, 833.27it/s]
 94%|█████████▎| 8239/8810 [00:09<00:00, 937.66it/s]
 95%|█████████▍| 8361/8810 [00:09<00:00, 976.21it/s]
 97%|█████████▋| 8519/8810 [00:09<00:00, 1143.09it/s]
 99%|█████████▉| 8702/8810 [00:09<00:00, 1201.70it/s]
100%|██████████| 8810/8810 [00:09<00:00, 895.67it/s] 
