
  0%|          | 0/8810 [00:00<?, ?it/s]
  2%|▏         | 181/8810 [00:00<00:06, 1333.97it/s]
  5%|▍         | 409/8810 [00:00<00:04, 1816.67it/s]
  7%|▋         | 645/8810 [00:00<00:03, 2042.98it/s]
 10%|▉         | 855/8810 [00:00<00:04, 1700.92it/s]
 12%|█▏        | 1035/8810 [00:00<00:04, 1644.47it/s]
 14%|█▍        | 1220/8810 [00:00<00:04, 1701.32it/s]
 16%|█▌        | 1402/8810 [00:00<00:04, 1734.44it/s]
 18%|█▊        | 1580/8810 [00:00<00:04, 1583.12it/s]
 21%|██        | 1814/8810 [00:01<00:03, 1792.76it/s]
 23%|██▎       | 1999/8810 [00:01<00:04, 1642.21it/s]
 25%|██▌       | 2219/8810 [00:01<00:03, 1783.98it/s]
 27%|██▋       | 2404/8810 [00:01<00:03, 1643.87it/s]
 30%|███       | 2659/8810 [00:01<00:03, 1878.14it/s]
 32%|███▏      | 2854/8810 [00:01<00:03, 1763.03it/s]
 34%|███▍      | 3036/8810 [00:01<00:03, 1769.24it/s]
 37%|███▋      | 3217/8810 [00:01<00:03, 1529.14it/s]
 38%|███▊      | 3381/8810 [00:02<00:03, 1554.34it/s]
 40%|████      | 3543/8810 [00:02<00:03, 1473.98it/s]
 43%|████▎     | 3759/8810 [00:02<00:03, 1646.44it/s]
 45%|████▍     | 3929/8810 [00:02<00:03, 1454.71it/s]
 47%|████▋     | 4156/8810 [00:02<00:02, 1657.75it/s]
 49%|████▉     | 4331/8810 [00:02<00:02, 1561.41it/s]
 52%|█████▏    | 4549/8810 [00:02<00:02, 1716.02it/s]
 54%|█████▎    | 4728/8810 [00:02<00:02, 1477.35it/s]
 56%|█████▌    | 4913/8810 [00:02<00:02, 1566.19it/s]
 58%|█████▊    | 5079/8810 [00:03<00:02, 1492.65it/s]
 60%|█████▉    | 5285/8810 [00:03<00:02, 1633.79it/s]
 62%|██████▏   | 5455/8810 [00:03<00:02, 1529.23it/s]
 65%|██████▍   | 5683/8810 [00:03<00:01, 1723.82it/s]
 67%|██████▋   | 5862/8810 [00:03<00:01, 1585.53it/s]
 68%|██████▊   | 6027/8810 [00:03<00:01, 1593.43it/s]
 70%|███████   | 6191/8810 [00:03<00:01, 1557.03it/s]
 73%|███████▎  | 6393/8810 [00:03<00:01, 1678.34it/s]
 75%|███████▍  | 6564/8810 [00:04<00:01, 1581.62it/s]
 78%|███████▊  | 6863/8810 [00:04<00:00, 1961.78it/s]
 80%|████████  | 7065/8810 [00:04<00:00, 1822.79it/s]
 82%|████████▏ | 7253/8810 [00:04<00:00, 1764.94it/s]
 84%|████████▍ | 7434/8810 [00:04<00:00, 1674.47it/s]
 86%|████████▋ | 7605/8810 [00:04<00:00, 1649.19it/s]
 88%|████████▊ | 7772/8810 [00:04<00:00, 1540.54it/s]
 90%|█████████ | 7967/8810 [00:04<00:00, 1645.31it/s]
 92%|█████████▏| 8135/8810 [00:04<00:00, 1518.76it/s]
 95%|█████████▍| 8331/8810 [00:05<00:00, 1634.04it/s]
 96%|█████████▋| 8499/8810 [00:05<00:00, 1569.65it/s]
 99%|█████████▉| 8702/8810 [00:05<00:00, 1550.61it/s]
100%|██████████| 8810/8810 [00:05<00:00, 1644.75it/s]
