
  0%|          | 0/8810 [00:00<?, ?it/s]
  0%|          | 13/8810 [00:00<01:13, 119.39it/s]
  0%|          | 25/8810 [00:00<01:19, 111.08it/s]
  0%|          | 37/8810 [00:00<01:17, 112.48it/s]
  1%|          | 70/8810 [00:00<00:46, 188.31it/s]
  1%|          | 101/8810 [00:00<00:38, 225.75it/s]
  2%|▏         | 146/8810 [00:00<00:29, 298.26it/s]
  2%|▏         | 178/8810 [00:00<00:29, 291.40it/s]
  2%|▏         | 208/8810 [00:01<01:07, 127.68it/s]
  3%|▎         | 230/8810 [00:01<01:00, 141.28it/s]
  3%|▎         | 268/8810 [00:01<00:47, 181.69it/s]
  3%|▎         | 294/8810 [00:01<00:44, 192.78it/s]
  4%|▍         | 338/8810 [00:01<00:34, 242.15it/s]
  4%|▍         | 368/8810 [00:01<00:35, 237.25it/s]
  4%|▍         | 396/8810 [00:01<00:35, 236.37it/s]
  5%|▍         | 425/8810 [00:02<00:33, 249.04it/s]
  5%|▌         | 452/8810 [00:02<00:40, 208.52it/s]
  6%|▌         | 529/8810 [00:02<00:24, 335.69it/s]
  7%|▋         | 574/8810 [00:02<00:22, 360.01it/s]
  7%|▋         | 614/8810 [00:02<00:23, 347.37it/s]
  7%|▋         | 652/8810 [00:02<00:26, 309.29it/s]
  8%|▊         | 686/8810 [00:03<00:51, 156.34it/s]
  8%|▊         | 712/8810 [00:03<00:51, 156.90it/s]
  9%|▉         | 771/8810 [00:03<00:35, 224.64it/s]
  9%|▉         | 824/8810 [00:03<00:28, 280.90it/s]
 10%|█         | 882/8810 [00:03<00:23, 330.65it/s]
 10%|█         | 924/8810 [00:03<00:24, 326.28it/s]
 11%|█         | 963/8810 [00:04<00:23, 336.13it/s]
 11%|█▏        | 1002/8810 [00:04<00:32, 241.22it/s]
 12%|█▏        | 1077/8810 [00:04<00:22, 337.58it/s]
 13%|█▎        | 1130/8810 [00:04<00:20, 376.15it/s]
 13%|█▎        | 1176/8810 [00:04<00:19, 385.47it/s]
 14%|█▍        | 1252/8810 [00:04<00:15, 474.14it/s]
 15%|█▌        | 1348/8810 [00:04<00:12, 598.29it/s]
 16%|█▋        | 1447/8810 [00:04<00:10, 703.18it/s]
 17%|█▋        | 1523/8810 [00:05<00:10, 670.66it/s]
 18%|█▊        | 1595/8810 [00:05<00:12, 555.36it/s]
 19%|█▉        | 1659/8810 [00:05<00:12, 559.80it/s]
 20%|█▉        | 1720/8810 [00:05<00:12, 553.80it/s]
 20%|██        | 1793/8810 [00:05<00:11, 589.29it/s]
 21%|██        | 1855/8810 [00:05<00:18, 376.22it/s]
 22%|██▏       | 1915/8810 [00:05<00:16, 414.78it/s]
 22%|██▏       | 1967/8810 [00:06<00:16, 427.27it/s]
 23%|██▎       | 2034/8810 [00:06<00:14, 481.41it/s]
 24%|██▍       | 2096/8810 [00:06<00:13, 515.01it/s]
 25%|██▍       | 2166/8810 [00:06<00:11, 560.52it/s]
 25%|██▌       | 2227/8810 [00:06<00:12, 508.28it/s]
 26%|██▌       | 2282/8810 [00:06<00:16, 397.92it/s]
 27%|██▋       | 2340/8810 [00:06<00:14, 435.65it/s]
 27%|██▋       | 2392/8810 [00:06<00:14, 455.21it/s]
 28%|██▊       | 2460/8810 [00:07<00:12, 511.45it/s]
 29%|██▊       | 2524/8810 [00:07<00:11, 541.31it/s]
 30%|██▉       | 2615/8810 [00:07<00:09, 638.86it/s]
 30%|███       | 2682/8810 [00:07<00:11, 556.54it/s]
 31%|███       | 2744/8810 [00:07<00:13, 453.91it/s]
 32%|███▏      | 2795/8810 [00:07<00:12, 465.74it/s]
 32%|███▏      | 2846/8810 [00:07<00:12, 467.84it/s]
 33%|███▎      | 2896/8810 [00:07<00:12, 469.46it/s]
 33%|███▎      | 2946/8810 [00:08<00:12, 471.34it/s]
 34%|███▍      | 3006/8810 [00:08<00:11, 505.54it/s]
 35%|███▍      | 3058/8810 [00:08<00:13, 414.87it/s]
 35%|███▌      | 3117/8810 [00:08<00:12, 448.88it/s]
 36%|███▌      | 3165/8810 [00:08<00:12, 434.96it/s]
 36%|███▋      | 3211/8810 [00:08<00:13, 418.20it/s]
 37%|███▋      | 3255/8810 [00:08<00:13, 405.24it/s]
 38%|███▊      | 3318/8810 [00:08<00:12, 456.09it/s]
 38%|███▊      | 3378/8810 [00:09<00:11, 490.89it/s]
 39%|███▉      | 3429/8810 [00:09<00:14, 360.02it/s]
 40%|███▉      | 3480/8810 [00:09<00:13, 389.07it/s]
 40%|████      | 3536/8810 [00:09<00:12, 423.04it/s]
 41%|████      | 3615/8810 [00:09<00:10, 515.07it/s]
 42%|████▏     | 3672/8810 [00:09<00:10, 508.18it/s]
 42%|████▏     | 3727/8810 [00:09<00:10, 504.41it/s]
 43%|████▎     | 3780/8810 [00:09<00:12, 411.69it/s]
 43%|████▎     | 3827/8810 [00:10<00:11, 424.39it/s]
 44%|████▍     | 3873/8810 [00:10<00:11, 426.10it/s]
 45%|████▍     | 3935/8810 [00:10<00:10, 475.69it/s]
 46%|████▌     | 4024/8810 [00:10<00:08, 586.75it/s]
 46%|████▋     | 4086/8810 [00:10<00:08, 554.69it/s]
 47%|████▋     | 4148/8810 [00:10<00:08, 563.34it/s]
 48%|████▊     | 4206/8810 [00:10<00:11, 390.09it/s]
 48%|████▊     | 4272/8810 [00:10<00:10, 441.48it/s]
 49%|████▉     | 4324/8810 [00:11<00:09, 456.51it/s]
 50%|████▉     | 4397/8810 [00:11<00:08, 523.46it/s]
 51%|█████     | 4455/8810 [00:11<00:08, 523.31it/s]
 51%|█████     | 4512/8810 [00:11<00:08, 518.16it/s]
 52%|█████▏    | 4567/8810 [00:11<00:08, 485.48it/s]
 52%|█████▏    | 4622/8810 [00:11<00:08, 500.18it/s]
 53%|█████▎    | 4674/8810 [00:11<00:10, 385.43it/s]
 54%|█████▎    | 4718/8810 [00:11<00:10, 386.27it/s]
 54%|█████▍    | 4761/8810 [00:12<00:10, 389.12it/s]
 55%|█████▍    | 4809/8810 [00:12<00:09, 411.54it/s]
 55%|█████▌    | 4857/8810 [00:12<00:09, 428.77it/s]
 56%|█████▌    | 4909/8810 [00:12<00:08, 445.18it/s]
 56%|█████▌    | 4955/8810 [00:12<00:14, 272.23it/s]
 57%|█████▋    | 5018/8810 [00:12<00:11, 340.83it/s]
 58%|█████▊    | 5114/8810 [00:12<00:07, 471.55it/s]
 59%|█████▉    | 5209/8810 [00:13<00:06, 582.62it/s]
 60%|██████    | 5311/8810 [00:13<00:05, 686.29it/s]
 61%|██████    | 5390/8810 [00:13<00:07, 478.83it/s]
 62%|██████▏   | 5467/8810 [00:13<00:06, 537.08it/s]
 63%|██████▎   | 5555/8810 [00:13<00:05, 607.06it/s]
 64%|██████▍   | 5628/8810 [00:13<00:05, 619.37it/s]
 65%|██████▍   | 5699/8810 [00:13<00:05, 621.23it/s]
 65%|██████▌   | 5767/8810 [00:13<00:04, 615.56it/s]
 66%|██████▌   | 5833/8810 [00:14<00:04, 623.02it/s]
 67%|██████▋   | 5899/8810 [00:14<00:05, 519.10it/s]
 68%|██████▊   | 5956/8810 [00:14<00:06, 423.07it/s]
 68%|██████▊   | 6004/8810 [00:14<00:06, 411.04it/s]
 69%|██████▊   | 6049/8810 [00:14<00:08, 323.33it/s]
 69%|██████▉   | 6100/8810 [00:14<00:07, 357.67it/s]
 70%|██████▉   | 6141/8810 [00:15<00:08, 323.74it/s]
 70%|███████   | 6178/8810 [00:15<00:08, 326.20it/s]
 71%|███████   | 6223/8810 [00:15<00:07, 353.39it/s]
 71%|███████▏  | 6297/8810 [00:15<00:05, 443.15it/s]
 72%|███████▏  | 6345/8810 [00:15<00:05, 411.85it/s]
 73%|███████▎  | 6396/8810 [00:15<00:05, 427.03it/s]
 73%|███████▎  | 6441/8810 [00:15<00:06, 353.60it/s]
 74%|███████▎  | 6480/8810 [00:15<00:06, 349.12it/s]
 74%|███████▍  | 6521/8810 [00:16<00:06, 357.83it/s]
 75%|███████▍  | 6574/8810 [00:16<00:05, 401.16it/s]
 75%|███████▌  | 6633/8810 [00:16<00:04, 451.28it/s]
 76%|███████▌  | 6700/8810 [00:16<00:04, 494.55it/s]
 77%|███████▋  | 6764/8810 [00:16<00:03, 530.02it/s]
 77%|███████▋  | 6819/8810 [00:16<00:03, 524.06it/s]
 78%|███████▊  | 6873/8810 [00:16<00:03, 493.53it/s]
 79%|███████▊  | 6924/8810 [00:16<00:03, 490.91it/s]
 79%|███████▉  | 6974/8810 [00:17<00:05, 351.36it/s]
 80%|███████▉  | 7015/8810 [00:17<00:04, 362.35it/s]
 80%|████████  | 7061/8810 [00:17<00:04, 385.47it/s]
 81%|████████  | 7104/8810 [00:17<00:04, 369.78it/s]
 81%|████████  | 7144/8810 [00:17<00:04, 335.86it/s]
 81%|████████▏ | 7180/8810 [00:17<00:06, 263.42it/s]
 82%|████████▏ | 7210/8810 [00:17<00:06, 250.98it/s]
 82%|████████▏ | 7244/8810 [00:18<00:06, 257.84it/s]
 83%|████████▎ | 7272/8810 [00:18<00:06, 227.79it/s]
 83%|████████▎ | 7307/8810 [00:18<00:06, 248.67it/s]
 83%|████████▎ | 7334/8810 [00:18<00:05, 251.85it/s]
 84%|████████▎ | 7361/8810 [00:18<00:08, 161.09it/s]
 84%|████████▍ | 7410/8810 [00:18<00:06, 221.11it/s]
 84%|████████▍ | 7440/8810 [00:18<00:06, 224.09it/s]
 85%|████████▍ | 7468/8810 [00:19<00:06, 218.88it/s]
 85%|████████▌ | 7494/8810 [00:19<00:06, 210.61it/s]
 85%|████████▌ | 7518/8810 [00:19<00:06, 213.53it/s]
 86%|████████▌ | 7542/8810 [00:19<00:06, 206.31it/s]
 86%|████████▌ | 7586/8810 [00:19<00:04, 262.80it/s]
 87%|████████▋ | 7635/8810 [00:19<00:03, 320.98it/s]
 87%|████████▋ | 7670/8810 [00:19<00:03, 308.93it/s]
 87%|████████▋ | 7704/8810 [00:19<00:03, 312.21it/s]
 88%|████████▊ | 7737/8810 [00:20<00:05, 194.98it/s]
 88%|████████▊ | 7763/8810 [00:20<00:05, 199.22it/s]
 89%|████████▊ | 7800/8810 [00:20<00:04, 234.23it/s]
 89%|████████▉ | 7829/8810 [00:20<00:04, 240.65it/s]
 89%|████████▉ | 7861/8810 [00:20<00:03, 259.76it/s]
 90%|█████████ | 7937/8810 [00:20<00:02, 382.81it/s]
 91%|█████████ | 7981/8810 [00:20<00:02, 397.84it/s]
 91%|█████████ | 8029/8810 [00:20<00:01, 418.80it/s]
 92%|█████████▏| 8073/8810 [00:21<00:02, 337.72it/s]
 92%|█████████▏| 8121/8810 [00:21<00:01, 365.84it/s]
 93%|█████████▎| 8180/8810 [00:21<00:01, 422.21it/s]
 93%|█████████▎| 8226/8810 [00:21<00:01, 359.81it/s]
 94%|█████████▍| 8283/8810 [00:21<00:01, 409.98it/s]
 95%|█████████▍| 8329/8810 [00:21<00:01, 417.34it/s]
 95%|█████████▌| 8374/8810 [00:21<00:01, 314.79it/s]
 96%|█████████▌| 8428/8810 [00:22<00:01, 363.32it/s]
 96%|█████████▌| 8478/8810 [00:22<00:00, 392.08it/s]
 97%|█████████▋| 8540/8810 [00:22<00:00, 447.80it/s]
 98%|█████████▊| 8592/8810 [00:22<00:00, 466.70it/s]
 98%|█████████▊| 8642/8810 [00:22<00:00, 443.00it/s]
 99%|█████████▊| 8692/8810 [00:22<00:00, 449.87it/s]
 99%|█████████▉| 8739/8810 [00:22<00:00, 314.55it/s]
100%|█████████▉| 8792/8810 [00:23<00:00, 356.58it/s]
100%|██████████| 8810/8810 [00:23<00:00, 382.28it/s]
