
  0%|          | 0/8810 [00:00<?, ?it/s]
  2%|▏         | 181/8810 [00:00<00:05, 1564.48it/s]
  5%|▍         | 430/8810 [00:00<00:04, 2071.58it/s]
  7%|▋         | 656/8810 [00:00<00:03, 2048.00it/s]
 10%|▉         | 868/8810 [00:00<00:03, 2073.67it/s]
 12%|█▏        | 1077/8810 [00:00<00:04, 1904.50it/s]
 15%|█▍        | 1317/8810 [00:00<00:03, 2059.26it/s]
 17%|█▋        | 1526/8810 [00:00<00:03, 1905.77it/s]
 20%|██        | 1777/8810 [00:00<00:03, 2079.92it/s]
 23%|██▎       | 1990/8810 [00:01<00:03, 1868.33it/s]
 25%|██▌       | 2233/8810 [00:01<00:03, 2016.96it/s]
 28%|██▊       | 2441/8810 [00:01<00:03, 1951.72it/s]
 30%|███       | 2680/8810 [00:01<00:02, 2067.99it/s]
 33%|███▎      | 2891/8810 [00:01<00:03, 1889.77it/s]
 35%|███▌      | 3086/8810 [00:01<00:03, 1790.66it/s]
 37%|███▋      | 3293/8810 [00:01<00:02, 1862.58it/s]
 40%|███▉      | 3483/8810 [00:01<00:03, 1765.29it/s]
 42%|████▏     | 3718/8810 [00:01<00:02, 1922.87it/s]
 44%|████▍     | 3915/8810 [00:02<00:02, 1738.73it/s]
 47%|████▋     | 4180/8810 [00:02<00:02, 1844.98it/s]
 50%|█████     | 4429/8810 [00:02<00:02, 2010.14it/s]
 53%|█████▎    | 4635/8810 [00:02<00:02, 1828.37it/s]
 55%|█████▍    | 4837/8810 [00:02<00:02, 1874.98it/s]
 57%|█████▋    | 5030/8810 [00:02<00:02, 1666.54it/s]
 59%|█████▉    | 5225/8810 [00:02<00:02, 1735.10it/s]
 61%|██████▏   | 5405/8810 [00:02<00:02, 1613.45it/s]
 64%|██████▍   | 5636/8810 [00:03<00:01, 1791.53it/s]
 66%|██████▌   | 5822/8810 [00:03<00:01, 1716.62it/s]
 68%|██████▊   | 5999/8810 [00:03<00:01, 1697.19it/s]
 70%|███████   | 6172/8810 [00:03<00:01, 1592.50it/s]
 73%|███████▎  | 6400/8810 [00:03<00:01, 1615.48it/s]
 75%|███████▌  | 6627/8810 [00:03<00:01, 1781.34it/s]
 78%|███████▊  | 6898/8810 [00:03<00:00, 2026.39it/s]
 81%|████████  | 7107/8810 [00:03<00:00, 1931.47it/s]
 83%|████████▎ | 7350/8810 [00:03<00:00, 2061.69it/s]
 86%|████████▌ | 7561/8810 [00:04<00:00, 1835.48it/s]
 88%|████████▊ | 7752/8810 [00:04<00:00, 1812.61it/s]
 90%|█████████ | 7948/8810 [00:04<00:00, 1847.27it/s]
 92%|█████████▏| 8137/8810 [00:04<00:00, 1652.35it/s]
 95%|█████████▍| 8341/8810 [00:04<00:00, 1751.90it/s]
 97%|█████████▋| 8522/8810 [00:04<00:00, 1682.22it/s]
 99%|█████████▉| 8702/8810 [00:04<00:00, 1622.89it/s]
100%|██████████| 8810/8810 [00:04<00:00, 1827.66it/s]
