
  0%|          | 0/8810 [00:00<?, ?it/s]
  2%|▏         | 181/8810 [00:00<00:06, 1316.86it/s]
  4%|▍         | 384/8810 [00:00<00:05, 1676.91it/s]
  7%|▋         | 576/8810 [00:00<00:04, 1763.90it/s]
  9%|▊         | 756/8810 [00:00<00:05, 1518.71it/s]
 10%|█         | 914/8810 [00:00<00:05, 1499.51it/s]
 12%|█▏        | 1068/8810 [00:00<00:05, 1486.31it/s]
 14%|█▍        | 1233/8810 [00:00<00:04, 1533.15it/s]
 16%|█▌        | 1389/8810 [00:00<00:05, 1442.75it/s]
 17%|█▋        | 1536/8810 [00:01<00:05, 1265.47it/s]
 19%|█▉        | 1706/8810 [00:01<00:05, 1374.22it/s]
 21%|██        | 1849/8810 [00:01<00:05, 1245.18it/s]
 23%|██▎       | 2016/8810 [00:01<00:05, 1354.03it/s]
 25%|██▌       | 2204/8810 [00:01<00:04, 1494.87it/s]
 27%|██▋       | 2359/8810 [00:01<00:04, 1404.26it/s]
 29%|██▉       | 2563/8810 [00:01<00:03, 1570.01it/s]
 31%|███       | 2744/8810 [00:01<00:04, 1492.54it/s]
 33%|███▎      | 2898/8810 [00:01<00:03, 1499.33it/s]
 35%|███▍      | 3057/8810 [00:02<00:04, 1389.34it/s]
 37%|███▋      | 3216/8810 [00:02<00:03, 1441.60it/s]
 39%|███▊      | 3393/8810 [00:02<00:03, 1526.97it/s]
 40%|████      | 3549/8810 [00:02<00:03, 1442.27it/s]
 43%|████▎     | 3752/8810 [00:02<00:03, 1600.52it/s]
 44%|████▍     | 3916/8810 [00:02<00:03, 1435.60it/s]
 47%|████▋     | 4156/8810 [00:02<00:02, 1688.89it/s]
 49%|████▉     | 4333/8810 [00:02<00:02, 1594.09it/s]
 52%|█████▏    | 4548/8810 [00:03<00:02, 1738.02it/s]
 54%|█████▎    | 4728/8810 [00:03<00:02, 1535.70it/s]
 56%|█████▌    | 4900/8810 [00:03<00:02, 1581.74it/s]
 57%|█████▋    | 5065/8810 [00:03<00:02, 1466.25it/s]
 60%|█████▉    | 5267/8810 [00:03<00:02, 1609.53it/s]
 62%|██████▏   | 5434/8810 [00:03<00:02, 1508.57it/s]
 64%|██████▍   | 5625/8810 [00:03<00:01, 1613.55it/s]
 66%|██████▌   | 5792/8810 [00:03<00:01, 1531.92it/s]
 68%|██████▊   | 5950/8810 [00:03<00:01, 1455.70it/s]
 69%|██████▉   | 6099/8810 [00:04<00:01, 1433.67it/s]
 71%|███████▏  | 6287/8810 [00:04<00:01, 1553.61it/s]
 73%|███████▎  | 6445/8810 [00:04<00:01, 1417.26it/s]
 75%|███████▍  | 6596/8810 [00:04<00:01, 1440.83it/s]
 77%|███████▋  | 6790/8810 [00:04<00:01, 1575.20it/s]
 79%|███████▉  | 6972/8810 [00:04<00:01, 1501.53it/s]
 81%|████████  | 7131/8810 [00:04<00:01, 1522.27it/s]
 83%|████████▎ | 7286/8810 [00:04<00:01, 1494.29it/s]
 84%|████████▍ | 7438/8810 [00:04<00:00, 1440.70it/s]
 86%|████████▌ | 7584/8810 [00:05<00:00, 1383.10it/s]
 88%|████████▊ | 7724/8810 [00:05<00:00, 1278.26it/s]
 89%|████████▉ | 7854/8810 [00:05<00:00, 1266.69it/s]
 91%|█████████ | 8004/8810 [00:05<00:00, 1329.19it/s]
 92%|█████████▏| 8139/8810 [00:05<00:00, 1221.69it/s]
 94%|█████████▍| 8305/8810 [00:05<00:00, 1338.39it/s]
 96%|█████████▌| 8442/8810 [00:05<00:00, 1191.89it/s]
 98%|█████████▊| 8623/8810 [00:05<00:00, 1346.73it/s]
 99%|█████████▉| 8764/8810 [00:06<00:00, 1331.55it/s]
100%|██████████| 8810/8810 [00:06<00:00, 1457.17it/s]
