
  0%|          | 0/8810 [00:00<?, ?it/s]
  2%|▏         | 181/8810 [00:00<00:05, 1488.14it/s]
  5%|▍         | 419/8810 [00:00<00:04, 1967.50it/s]
  7%|▋         | 656/8810 [00:00<00:04, 1840.94it/s]
 10%|▉         | 869/8810 [00:00<00:04, 1940.51it/s]
 12%|█▏        | 1067/8810 [00:00<00:04, 1827.15it/s]
 15%|█▍        | 1279/8810 [00:00<00:03, 1911.08it/s]
 17%|█▋        | 1473/8810 [00:00<00:04, 1700.53it/s]
 19%|█▉        | 1652/8810 [00:00<00:04, 1722.29it/s]
 21%|██        | 1828/8810 [00:01<00:04, 1645.45it/s]
 23%|██▎       | 2049/8810 [00:01<00:03, 1800.62it/s]
 25%|██▌       | 2234/8810 [00:01<00:03, 1811.89it/s]
 27%|██▋       | 2418/8810 [00:01<00:03, 1662.25it/s]
 29%|██▉       | 2593/8810 [00:01<00:03, 1684.08it/s]
 31%|███▏      | 2765/8810 [00:01<00:04, 1464.25it/s]
 33%|███▎      | 2918/8810 [00:01<00:04, 1446.92it/s]
 35%|███▍      | 3067/8810 [00:01<00:04, 1291.76it/s]
 36%|███▋      | 3204/8810 [00:01<00:04, 1307.68it/s]
 38%|███▊      | 3378/8810 [00:02<00:03, 1419.43it/s]
 40%|████      | 3525/8810 [00:02<00:04, 1265.75it/s]
 42%|████▏     | 3720/8810 [00:02<00:03, 1439.94it/s]
 44%|████▍     | 3871/8810 [00:02<00:03, 1316.69it/s]
 46%|████▋     | 4085/8810 [00:02<00:03, 1524.29it/s]
 48%|████▊     | 4246/8810 [00:02<00:03, 1446.55it/s]
 50%|█████     | 4436/8810 [00:02<00:02, 1559.59it/s]
 52%|█████▏    | 4600/8810 [00:02<00:02, 1579.21it/s]
 54%|█████▍    | 4762/8810 [00:03<00:02, 1404.29it/s]
 56%|█████▌    | 4909/8810 [00:03<00:02, 1416.23it/s]
 57%|█████▋    | 5055/8810 [00:03<00:02, 1295.54it/s]
 60%|█████▉    | 5251/8810 [00:03<00:02, 1468.01it/s]
 61%|██████▏   | 5404/8810 [00:03<00:02, 1352.05it/s]
 64%|██████▎   | 5597/8810 [00:03<00:02, 1500.28it/s]
 65%|██████▌   | 5754/8810 [00:03<00:02, 1378.31it/s]
 67%|██████▋   | 5898/8810 [00:03<00:02, 1290.14it/s]
 68%|██████▊   | 6032/8810 [00:04<00:02, 1250.80it/s]
 70%|██████▉   | 6160/8810 [00:04<00:02, 1166.32it/s]
 72%|███████▏  | 6357/8810 [00:04<00:01, 1365.92it/s]
 74%|███████▍  | 6499/8810 [00:04<00:01, 1271.22it/s]
 77%|███████▋  | 6747/8810 [00:04<00:01, 1585.13it/s]
 79%|███████▉  | 6944/8810 [00:04<00:01, 1688.79it/s]
 81%|████████  | 7120/8810 [00:04<00:01, 1486.66it/s]
 83%|████████▎ | 7278/8810 [00:04<00:01, 1499.91it/s]
 84%|████████▍ | 7435/8810 [00:04<00:00, 1430.77it/s]
 86%|████████▌ | 7583/8810 [00:05<00:00, 1354.70it/s]
 88%|████████▊ | 7722/8810 [00:05<00:00, 1307.75it/s]
 89%|████████▉ | 7856/8810 [00:05<00:00, 1312.21it/s]
 91%|█████████ | 8024/8810 [00:05<00:00, 1410.38it/s]
 93%|█████████▎| 8168/8810 [00:05<00:00, 1330.42it/s]
 94%|█████████▍| 8316/8810 [00:05<00:00, 1370.88it/s]
 96%|█████████▌| 8455/8810 [00:05<00:00, 1285.94it/s]
 98%|█████████▊| 8634/8810 [00:05<00:00, 1422.30it/s]
100%|█████████▉| 8779/8810 [00:05<00:00, 1337.45it/s]
100%|██████████| 8810/8810 [00:05<00:00, 1469.46it/s]
