
  0%|          | 0/8810 [00:00<?, ?it/s]
  2%|▏         | 181/8810 [00:00<00:06, 1428.31it/s]
  5%|▍         | 409/8810 [00:00<00:04, 1867.54it/s]
  7%|▋         | 656/8810 [00:00<00:04, 1831.35it/s]
 10%|█         | 885/8810 [00:00<00:04, 1980.67it/s]
 12%|█▏        | 1087/8810 [00:00<00:04, 1824.82it/s]
 15%|█▍        | 1298/8810 [00:00<00:03, 1903.12it/s]
 17%|█▋        | 1492/8810 [00:00<00:04, 1687.39it/s]
 20%|█▉        | 1751/8810 [00:00<00:03, 1931.79it/s]
 22%|██▏       | 1952/8810 [00:01<00:03, 1754.50it/s]
 25%|██▌       | 2207/8810 [00:01<00:03, 1964.92it/s]
 27%|██▋       | 2412/8810 [00:01<00:03, 1754.69it/s]
 30%|███       | 2680/8810 [00:01<00:03, 1990.88it/s]
 33%|███▎      | 2890/8810 [00:01<00:03, 1839.72it/s]
 35%|███▍      | 3083/8810 [00:01<00:03, 1755.82it/s]
 37%|███▋      | 3281/8810 [00:01<00:03, 1812.87it/s]
 39%|███▉      | 3468/8810 [00:01<00:03, 1771.63it/s]
 42%|████▏     | 3713/8810 [00:02<00:02, 1955.09it/s]
 44%|████▍     | 3913/8810 [00:02<00:02, 1757.75it/s]
 47%|████▋     | 4180/8810 [00:02<00:02, 1833.14it/s]
 50%|█████     | 4422/8810 [00:02<00:02, 1982.16it/s]
 53%|█████▎    | 4626/8810 [00:02<00:02, 1897.16it/s]
 55%|█████▍    | 4820/8810 [00:02<00:02, 1892.77it/s]
 57%|█████▋    | 5012/8810 [00:02<00:02, 1748.24it/s]
 60%|█████▉    | 5244/8810 [00:02<00:01, 1897.72it/s]
 62%|██████▏   | 5438/8810 [00:02<00:01, 1813.27it/s]
 65%|██████▍   | 5700/8810 [00:03<00:01, 2030.64it/s]
 67%|██████▋   | 5908/8810 [00:03<00:01, 1795.54it/s]
 69%|██████▉   | 6095/8810 [00:03<00:01, 1742.44it/s]
 72%|███████▏  | 6322/8810 [00:03<00:01, 1876.74it/s]
 74%|███████▍  | 6516/8810 [00:03<00:01, 1790.34it/s]
 77%|███████▋  | 6794/8810 [00:03<00:00, 2054.24it/s]
 80%|███████▉  | 7006/8810 [00:03<00:00, 2054.71it/s]
 82%|████████▏ | 7216/8810 [00:03<00:00, 1969.21it/s]
 84%|████████▍ | 7417/8810 [00:03<00:00, 1896.15it/s]
 86%|████████▋ | 7610/8810 [00:04<00:00, 1845.53it/s]
 89%|████████▊ | 7797/8810 [00:04<00:00, 1715.66it/s]
 91%|█████████ | 7975/8810 [00:04<00:00, 1730.05it/s]
 93%|█████████▎| 8150/8810 [00:04<00:00, 1540.89it/s]
 95%|█████████▍| 8334/8810 [00:04<00:00, 1618.02it/s]
 96%|█████████▋| 8501/8810 [00:04<00:00, 1478.11it/s]
 99%|█████████▉| 8702/8810 [00:04<00:00, 1456.98it/s]
100%|██████████| 8810/8810 [00:04<00:00, 1800.82it/s]
