
  0%|          | 0/8810 [00:00<?, ?it/s]
  2%|▏         | 181/8810 [00:00<00:05, 1711.33it/s]
  5%|▍         | 434/8810 [00:00<00:03, 2164.49it/s]
  7%|▋         | 656/8810 [00:00<00:03, 2062.65it/s]
 10%|█         | 886/8810 [00:00<00:03, 2148.95it/s]
 13%|█▎        | 1102/8810 [00:00<00:03, 1957.58it/s]
 15%|█▌        | 1341/8810 [00:00<00:03, 2089.80it/s]
 18%|█▊        | 1554/8810 [00:00<00:03, 1950.16it/s]
 21%|██        | 1821/8810 [00:00<00:03, 1969.44it/s]
 23%|██▎       | 2049/8810 [00:01<00:03, 2051.61it/s]
 26%|██▌       | 2263/8810 [00:01<00:03, 1961.90it/s]
 29%|██▊       | 2522/8810 [00:01<00:02, 2130.57it/s]
 31%|███       | 2744/8810 [00:01<00:02, 2115.78it/s]
 34%|███▎      | 2971/8810 [00:01<00:02, 2156.50it/s]
 36%|███▌      | 3189/8810 [00:01<00:02, 1970.88it/s]
 38%|███▊      | 3390/8810 [00:01<00:02, 1975.42it/s]
 41%|████      | 3591/8810 [00:01<00:02, 1852.49it/s]
 43%|████▎     | 3780/8810 [00:01<00:02, 1832.73it/s]
 46%|████▌     | 4025/8810 [00:02<00:02, 2002.32it/s]
 48%|████▊     | 4229/8810 [00:02<00:02, 1874.11it/s]
 51%|█████     | 4488/8810 [00:02<00:02, 2065.26it/s]
 53%|█████▎    | 4699/8810 [00:02<00:02, 1834.19it/s]
 56%|█████▌    | 4909/8810 [00:02<00:02, 1899.86it/s]
 58%|█████▊    | 5105/8810 [00:02<00:02, 1723.20it/s]
 61%|██████    | 5335/8810 [00:02<00:01, 1870.61it/s]
 63%|██████▎   | 5529/8810 [00:02<00:01, 1827.56it/s]
 65%|██████▌   | 5754/8810 [00:02<00:01, 1816.58it/s]
 67%|██████▋   | 5939/8810 [00:03<00:01, 1775.24it/s]
 69%|██████▉   | 6119/8810 [00:03<00:01, 1681.97it/s]
 72%|███████▏  | 6350/8810 [00:03<00:01, 1845.45it/s]
 74%|███████▍  | 6538/8810 [00:03<00:01, 1769.73it/s]
 77%|███████▋  | 6816/8810 [00:03<00:00, 2043.36it/s]
 80%|███████▉  | 7025/8810 [00:03<00:00, 1849.97it/s]
 82%|████████▏ | 7216/8810 [00:03<00:00, 1861.22it/s]
 84%|████████▍ | 7407/8810 [00:03<00:00, 1830.94it/s]
 86%|████████▋ | 7611/8810 [00:03<00:00, 1884.47it/s]
 89%|████████▊ | 7802/8810 [00:04<00:00, 1747.22it/s]
 91%|█████████ | 8009/8810 [00:04<00:00, 1834.06it/s]
 93%|█████████▎| 8196/8810 [00:04<00:00, 1684.60it/s]
 95%|█████████▍| 8369/8810 [00:04<00:00, 1595.29it/s]
 98%|█████████▊| 8604/8810 [00:04<00:00, 1790.03it/s]
100%|█████████▉| 8788/8810 [00:04<00:00, 1684.06it/s]
100%|██████████| 8810/8810 [00:04<00:00, 1880.74it/s]
