
  0%|          | 0/8810 [00:00<?, ?it/s]
  2%|▏         | 181/8810 [00:00<00:05, 1494.75it/s]
  5%|▍         | 426/8810 [00:00<00:04, 2001.63it/s]
  7%|▋         | 653/8810 [00:00<00:03, 2115.68it/s]
 10%|▉         | 868/8810 [00:00<00:04, 1719.11it/s]
 12%|█▏        | 1051/8810 [00:00<00:04, 1665.58it/s]
 14%|█▍        | 1267/8810 [00:00<00:04, 1807.36it/s]
 17%|█▋        | 1457/8810 [00:00<00:04, 1701.94it/s]
 19%|█▊        | 1649/8810 [00:00<00:04, 1761.18it/s]
 21%|██        | 1830/8810 [00:01<00:04, 1675.29it/s]
 23%|██▎       | 2032/8810 [00:01<00:03, 1768.92it/s]
 26%|██▌       | 2263/8810 [00:01<00:03, 1797.36it/s]
 29%|██▉       | 2545/8810 [00:01<00:03, 2077.94it/s]
 31%|███▏      | 2758/8810 [00:01<00:03, 1985.81it/s]
 34%|███▎      | 2972/8810 [00:01<00:02, 2025.98it/s]
 36%|███▌      | 3178/8810 [00:01<00:03, 1875.86it/s]
 38%|███▊      | 3385/8810 [00:01<00:02, 1926.15it/s]
 41%|████      | 3581/8810 [00:01<00:02, 1778.17it/s]
 43%|████▎     | 3774/8810 [00:02<00:02, 1699.49it/s]
 46%|████▌     | 4035/8810 [00:02<00:02, 1936.30it/s]
 48%|████▊     | 4234/8810 [00:02<00:02, 1883.99it/s]
 51%|█████     | 4485/8810 [00:02<00:02, 2052.45it/s]
 53%|█████▎    | 4695/8810 [00:02<00:02, 1789.21it/s]
 56%|█████▌    | 4900/8810 [00:02<00:02, 1855.68it/s]
 58%|█████▊    | 5093/8810 [00:02<00:02, 1655.36it/s]
 60%|██████    | 5311/8810 [00:02<00:01, 1787.32it/s]
 62%|██████▏   | 5498/8810 [00:03<00:01, 1724.74it/s]
 65%|██████▌   | 5750/8810 [00:03<00:01, 1934.06it/s]
 68%|██████▊   | 5950/8810 [00:03<00:01, 1612.56it/s]
 70%|██████▉   | 6124/8810 [00:03<00:01, 1553.43it/s]
 72%|███████▏  | 6324/8810 [00:03<00:01, 1660.28it/s]
 74%|███████▍  | 6499/8810 [00:03<00:01, 1503.24it/s]
 77%|███████▋  | 6747/8810 [00:03<00:01, 1745.43it/s]
 79%|███████▉  | 6946/8810 [00:03<00:01, 1806.59it/s]
 81%|████████  | 7135/8810 [00:04<00:01, 1577.41it/s]
 83%|████████▎ | 7313/8810 [00:04<00:00, 1623.81it/s]
 85%|████████▍ | 7484/8810 [00:04<00:00, 1506.98it/s]
 87%|████████▋ | 7672/8810 [00:04<00:00, 1600.44it/s]
 89%|████████▉ | 7839/8810 [00:04<00:00, 1427.68it/s]
 91%|█████████ | 8001/8810 [00:04<00:00, 1475.04it/s]
 93%|█████████▎| 8155/8810 [00:04<00:00, 1301.62it/s]
 95%|█████████▍| 8328/8810 [00:04<00:00, 1407.50it/s]
 96%|█████████▌| 8476/8810 [00:04<00:00, 1342.00it/s]
 99%|█████████▊| 8686/8810 [00:05<00:00, 1534.84it/s]
100%|██████████| 8810/8810 [00:05<00:00, 1692.47it/s]
