
  0%|          | 0/8810 [00:00<?, ?it/s]
  1%|▏         | 131/8810 [00:00<00:06, 1303.30it/s]
  3%|▎         | 262/8810 [00:00<00:07, 1128.03it/s]
  5%|▍         | 433/8810 [00:00<00:06, 1371.44it/s]
  7%|▋         | 628/8810 [00:00<00:05, 1585.77it/s]
  9%|▉         | 790/8810 [00:00<00:06, 1287.78it/s]
 11%|█         | 928/8810 [00:00<00:06, 1307.05it/s]
 12%|█▏        | 1065/8810 [00:00<00:06, 1236.94it/s]
 14%|█▍        | 1219/8810 [00:00<00:05, 1318.55it/s]
 15%|█▌        | 1364/8810 [00:01<00:05, 1355.10it/s]
 17%|█▋        | 1503/8810 [00:01<00:05, 1270.19it/s]
 19%|█▉        | 1661/8810 [00:01<00:05, 1350.49it/s]
 21%|██        | 1821/8810 [00:01<00:05, 1315.58it/s]
 22%|██▏       | 1963/8810 [00:01<00:05, 1339.39it/s]
 25%|██▍       | 2167/8810 [00:01<00:04, 1534.34it/s]
 26%|██▋       | 2324/8810 [00:01<00:04, 1323.03it/s]
 28%|██▊       | 2503/8810 [00:01<00:04, 1441.34it/s]
 30%|███       | 2668/8810 [00:01<00:04, 1494.83it/s]
 32%|███▏      | 2823/8810 [00:02<00:04, 1262.51it/s]
 34%|███▍      | 2982/8810 [00:02<00:04, 1342.56it/s]
 35%|███▌      | 3125/8810 [00:02<00:04, 1294.24it/s]
 37%|███▋      | 3277/8810 [00:02<00:04, 1349.84it/s]
 39%|███▉      | 3417/8810 [00:02<00:04, 1293.35it/s]
 41%|████      | 3586/8810 [00:02<00:03, 1394.03it/s]
 43%|████▎     | 3771/8810 [00:02<00:03, 1518.04it/s]
 45%|████▍     | 3927/8810 [00:02<00:03, 1367.78it/s]
 47%|████▋     | 4144/8810 [00:02<00:02, 1580.04it/s]
 49%|████▉     | 4309/8810 [00:03<00:03, 1450.10it/s]
 51%|█████     | 4496/8810 [00:03<00:02, 1559.72it/s]
 53%|█████▎    | 4658/8810 [00:03<00:02, 1402.38it/s]
 55%|█████▍    | 4805/8810 [00:03<00:02, 1414.36it/s]
 56%|█████▌    | 4952/8810 [00:03<00:03, 1230.06it/s]
 58%|█████▊    | 5101/8810 [00:03<00:02, 1293.43it/s]
 60%|█████▉    | 5261/8810 [00:03<00:02, 1372.97it/s]
 61%|██████▏   | 5404/8810 [00:03<00:02, 1251.01it/s]
 63%|██████▎   | 5567/8810 [00:04<00:02, 1348.89it/s]
 65%|██████▍   | 5722/8810 [00:04<00:02, 1395.05it/s]
 67%|██████▋   | 5866/8810 [00:04<00:02, 1220.48it/s]
 68%|██████▊   | 5995/8810 [00:04<00:02, 1179.86it/s]
 69%|██████▉   | 6118/8810 [00:04<00:02, 1149.49it/s]
 71%|███████▏  | 6290/8810 [00:04<00:01, 1297.64it/s]
 73%|███████▎  | 6424/8810 [00:04<00:02, 1153.96it/s]
 74%|███████▍  | 6552/8810 [00:04<00:01, 1183.84it/s]
 77%|███████▋  | 6751/8810 [00:05<00:01, 1398.12it/s]
 79%|███████▊  | 6932/8810 [00:05<00:01, 1508.54it/s]
 80%|████████  | 7088/8810 [00:05<00:01, 1311.45it/s]
 82%|████████▏ | 7229/8810 [00:05<00:01, 1335.01it/s]
 84%|████████▎ | 7369/8810 [00:05<00:01, 1267.65it/s]
 85%|████████▌ | 7502/8810 [00:05<00:01, 1282.14it/s]
 87%|████████▋ | 7657/8810 [00:05<00:00, 1353.06it/s]
 88%|████████▊ | 7796/8810 [00:05<00:00, 1170.04it/s]
 90%|█████████ | 7938/8810 [00:05<00:00, 1233.10it/s]
 92%|█████████▏| 8067/8810 [00:06<00:00, 1018.61it/s]
 93%|█████████▎| 8178/8810 [00:06<00:00, 1024.36it/s]
 94%|█████████▍| 8287/8810 [00:06<00:00, 1026.24it/s]
 95%|█████████▌| 8395/8810 [00:06<00:00, 991.06it/s] 
 97%|█████████▋| 8535/8810 [00:06<00:00, 1096.10it/s]
 98%|█████████▊| 8670/8810 [00:06<00:00, 1162.87it/s]
100%|█████████▉| 8790/8810 [00:06<00:00, 1104.50it/s]
100%|██████████| 8810/8810 [00:06<00:00, 1291.05it/s]
