
  0%|          | 0/8810 [00:00<?, ?it/s]
  2%|▏         | 181/8810 [00:00<00:05, 1494.20it/s]
  5%|▍         | 430/8810 [00:00<00:04, 2024.20it/s]
  7%|▋         | 655/8810 [00:00<00:03, 2121.97it/s]
 10%|▉         | 871/8810 [00:00<00:04, 1741.41it/s]
 12%|█▏        | 1055/8810 [00:00<00:04, 1610.08it/s]
 14%|█▍        | 1270/8810 [00:00<00:04, 1756.78it/s]
 16%|█▋        | 1453/8810 [00:00<00:04, 1765.88it/s]
 19%|█▊        | 1635/8810 [00:00<00:04, 1639.82it/s]
 21%|██        | 1821/8810 [00:01<00:04, 1528.76it/s]
 22%|██▏       | 1978/8810 [00:01<00:04, 1526.38it/s]
 25%|██▍       | 2193/8810 [00:01<00:03, 1685.59it/s]
 27%|██▋       | 2366/8810 [00:01<00:04, 1582.34it/s]
 30%|██▉       | 2612/8810 [00:01<00:03, 1817.60it/s]
 32%|███▏      | 2799/8810 [00:01<00:03, 1647.05it/s]
 34%|███▍      | 2986/8810 [00:01<00:03, 1702.58it/s]
 36%|███▌      | 3162/8810 [00:01<00:03, 1621.23it/s]
 38%|███▊      | 3328/8810 [00:01<00:03, 1622.63it/s]
 40%|███▉      | 3493/8810 [00:02<00:03, 1484.13it/s]
 42%|████▏     | 3705/8810 [00:02<00:03, 1644.20it/s]
 44%|████▍     | 3874/8810 [00:02<00:03, 1557.16it/s]
 47%|████▋     | 4123/8810 [00:02<00:02, 1806.85it/s]
 49%|████▉     | 4310/8810 [00:02<00:02, 1721.59it/s]
 52%|█████▏    | 4549/8810 [00:02<00:02, 1901.03it/s]
 54%|█████▍    | 4744/8810 [00:02<00:02, 1670.43it/s]
 56%|█████▌    | 4926/8810 [00:02<00:02, 1706.41it/s]
 58%|█████▊    | 5103/8810 [00:03<00:02, 1559.24it/s]
 60%|██████    | 5314/8810 [00:03<00:02, 1701.04it/s]
 62%|██████▏   | 5491/8810 [00:03<00:02, 1607.44it/s]
 65%|██████▍   | 5700/8810 [00:03<00:01, 1733.39it/s]
 67%|██████▋   | 5879/8810 [00:03<00:01, 1622.96it/s]
 69%|██████▊   | 6046/8810 [00:03<00:01, 1495.89it/s]
 71%|███████   | 6256/8810 [00:03<00:01, 1648.15it/s]
 73%|███████▎  | 6427/8810 [00:03<00:01, 1621.62it/s]
 75%|███████▌  | 6635/8810 [00:03<00:01, 1744.86it/s]
 78%|███████▊  | 6886/8810 [00:04<00:00, 1954.66it/s]
 80%|████████  | 7086/8810 [00:04<00:00, 1771.34it/s]
 83%|████████▎ | 7269/8810 [00:04<00:00, 1736.60it/s]
 85%|████████▍ | 7447/8810 [00:04<00:00, 1716.07it/s]
 87%|████████▋ | 7622/8810 [00:04<00:00, 1705.40it/s]
 88%|████████▊ | 7795/8810 [00:04<00:00, 1553.59it/s]
 90%|█████████ | 7967/8810 [00:04<00:00, 1597.72it/s]
 92%|█████████▏| 8130/8810 [00:04<00:00, 1467.78it/s]
 94%|█████████▍| 8317/8810 [00:04<00:00, 1570.29it/s]
 96%|█████████▌| 8478/8810 [00:05<00:00, 1477.95it/s]
 98%|█████████▊| 8662/8810 [00:05<00:00, 1574.55it/s]
100%|██████████| 8810/8810 [00:05<00:00, 1652.48it/s]
