
  0%|          | 0/8810 [00:00<?, ?it/s]
  2%|▏         | 181/8810 [00:00<00:05, 1490.59it/s]
  5%|▍         | 412/8810 [00:00<00:04, 1913.82it/s]
  7%|▋         | 655/8810 [00:00<00:03, 2134.68it/s]
 10%|▉         | 872/8810 [00:00<00:04, 1785.80it/s]
 12%|█▏        | 1059/8810 [00:00<00:04, 1687.52it/s]
 14%|█▍        | 1276/8810 [00:00<00:04, 1828.27it/s]
 17%|█▋        | 1465/8810 [00:00<00:04, 1655.23it/s]
 19%|█▉        | 1671/8810 [00:00<00:04, 1760.29it/s]
 21%|██        | 1853/8810 [00:01<00:04, 1596.06it/s]
 23%|██▎       | 2068/8810 [00:01<00:03, 1738.97it/s]
 26%|██▌       | 2263/8810 [00:01<00:04, 1634.69it/s]
 28%|██▊       | 2501/8810 [00:01<00:03, 1827.30it/s]
 31%|███       | 2743/8810 [00:01<00:03, 1979.81it/s]
 33%|███▎      | 2948/8810 [00:01<00:03, 1795.77it/s]
 36%|███▌      | 3135/8810 [00:01<00:03, 1700.52it/s]
 38%|███▊      | 3313/8810 [00:01<00:03, 1718.16it/s]
 40%|███▉      | 3489/8810 [00:02<00:03, 1596.51it/s]
 42%|████▏     | 3724/8810 [00:02<00:02, 1791.42it/s]
 44%|████▍     | 3909/8810 [00:02<00:03, 1632.69it/s]
 47%|████▋     | 4180/8810 [00:02<00:02, 1765.14it/s]
 50%|█████     | 4407/8810 [00:02<00:02, 1893.13it/s]
 52%|█████▏    | 4622/8810 [00:02<00:02, 1960.93it/s]
 55%|█████▍    | 4823/8810 [00:02<00:02, 1695.08it/s]
 57%|█████▋    | 5001/8810 [00:02<00:02, 1395.73it/s]
 59%|█████▊    | 5156/8810 [00:03<00:02, 1430.24it/s]
 60%|██████    | 5323/8810 [00:03<00:02, 1486.13it/s]
 62%|██████▏   | 5480/8810 [00:03<00:02, 1414.64it/s]
 64%|██████▍   | 5665/8810 [00:03<00:02, 1524.46it/s]
 66%|██████▌   | 5824/8810 [00:03<00:02, 1402.58it/s]
 68%|██████▊   | 5970/8810 [00:03<00:02, 1186.97it/s]
 69%|██████▉   | 6097/8810 [00:03<00:02, 1104.70it/s]
 71%|███████   | 6249/8810 [00:03<00:02, 1202.45it/s]
 73%|███████▎  | 6399/8810 [00:04<00:01, 1276.51it/s]
 74%|███████▍  | 6533/8810 [00:04<00:01, 1165.43it/s]
 77%|███████▋  | 6749/8810 [00:04<00:01, 1415.75it/s]
 79%|███████▉  | 6972/8810 [00:04<00:01, 1484.22it/s]
 81%|████████  | 7131/8810 [00:04<00:01, 1510.28it/s]
 83%|████████▎ | 7287/8810 [00:04<00:01, 1484.18it/s]
 84%|████████▍ | 7439/8810 [00:04<00:00, 1438.97it/s]
 86%|████████▌ | 7585/8810 [00:04<00:00, 1407.47it/s]
 88%|████████▊ | 7727/8810 [00:04<00:00, 1328.33it/s]
 89%|████████▉ | 7878/8810 [00:05<00:00, 1374.70it/s]
 91%|█████████ | 8037/8810 [00:05<00:00, 1280.93it/s]
 93%|█████████▎| 8192/8810 [00:05<00:00, 1350.00it/s]
 95%|█████████▍| 8354/8810 [00:05<00:00, 1422.67it/s]
 96%|█████████▋| 8499/8810 [00:05<00:00, 1363.67it/s]
 99%|█████████▊| 8693/8810 [00:05<00:00, 1518.66it/s]
100%|██████████| 8810/8810 [00:05<00:00, 1537.37it/s]
