
  0%|          | 0/8810 [00:00<?, ?it/s]
  2%|▏         | 181/8810 [00:00<00:05, 1596.14it/s]
  5%|▍         | 433/8810 [00:00<00:03, 2110.88it/s]
  7%|▋         | 656/8810 [00:00<00:04, 1992.62it/s]
 10%|▉         | 865/8810 [00:00<00:03, 2024.24it/s]
 12%|█▏        | 1070/8810 [00:00<00:04, 1813.57it/s]
 15%|█▍        | 1282/8810 [00:00<00:03, 1901.33it/s]
 17%|█▋        | 1476/8810 [00:00<00:04, 1745.67it/s]
 19%|█▉        | 1707/8810 [00:00<00:03, 1904.98it/s]
 22%|██▏       | 1903/8810 [00:01<00:03, 1772.60it/s]
 25%|██▍       | 2174/8810 [00:01<00:03, 2027.51it/s]
 27%|██▋       | 2383/8810 [00:01<00:03, 1837.54it/s]
 30%|███       | 2659/8810 [00:01<00:02, 2079.47it/s]
 33%|███▎      | 2876/8810 [00:01<00:03, 1908.51it/s]
 35%|███▍      | 3075/8810 [00:01<00:03, 1727.85it/s]
 37%|███▋      | 3256/8810 [00:01<00:03, 1715.19it/s]
 39%|███▉      | 3433/8810 [00:01<00:03, 1587.94it/s]
 41%|████      | 3604/8810 [00:01<00:03, 1617.25it/s]
 43%|████▎     | 3774/8810 [00:02<00:03, 1547.05it/s]
 45%|████▍     | 3933/8810 [00:02<00:03, 1557.93it/s]
 47%|████▋     | 4144/8810 [00:02<00:02, 1708.54it/s]
 49%|████▉     | 4318/8810 [00:02<00:02, 1537.88it/s]
 51%|█████▏    | 4524/8810 [00:02<00:02, 1675.80it/s]
 53%|█████▎    | 4697/8810 [00:02<00:02, 1435.25it/s]
 55%|█████▌    | 4876/8810 [00:02<00:02, 1521.44it/s]
 57%|█████▋    | 5037/8810 [00:02<00:02, 1382.15it/s]
 59%|█████▉    | 5221/8810 [00:03<00:02, 1494.01it/s]
 61%|██████    | 5378/8810 [00:03<00:02, 1422.91it/s]
 63%|██████▎   | 5575/8810 [00:03<00:02, 1564.61it/s]
 65%|██████▌   | 5754/8810 [00:03<00:01, 1528.94it/s]
 67%|██████▋   | 5912/8810 [00:03<00:01, 1460.39it/s]
 69%|██████▉   | 6062/8810 [00:03<00:01, 1381.27it/s]
 71%|███████   | 6222/8810 [00:03<00:01, 1437.35it/s]
 73%|███████▎  | 6396/8810 [00:03<00:01, 1519.46it/s]
 74%|███████▍  | 6551/8810 [00:03<00:01, 1400.41it/s]
 77%|███████▋  | 6763/8810 [00:04<00:01, 1590.89it/s]
 79%|███████▉  | 6967/8810 [00:04<00:01, 1714.78it/s]
 81%|████████  | 7143/8810 [00:04<00:01, 1537.32it/s]
 83%|████████▎ | 7303/8810 [00:04<00:00, 1551.11it/s]
 85%|████████▍ | 7463/8810 [00:04<00:00, 1388.82it/s]
 86%|████████▋ | 7611/8810 [00:04<00:00, 1411.83it/s]
 88%|████████▊ | 7757/8810 [00:04<00:00, 1291.28it/s]
 90%|████████▉ | 7891/8810 [00:04<00:00, 1302.09it/s]
 91%|█████████ | 8032/8810 [00:05<00:00, 1326.30it/s]
 93%|█████████▎| 8168/8810 [00:05<00:00, 1206.60it/s]
 95%|█████████▍| 8328/8810 [00:05<00:00, 1307.00it/s]
 96%|█████████▌| 8463/8810 [00:05<00:00, 1256.84it/s]
 98%|█████████▊| 8644/8810 [00:05<00:00, 1405.80it/s]
100%|█████████▉| 8789/8810 [00:05<00:00, 1367.08it/s]
100%|██████████| 8810/8810 [00:05<00:00, 1570.44it/s]
