
  0%|          | 0/8810 [00:00<?, ?it/s]
  2%|▏         | 181/8810 [00:00<00:05, 1466.27it/s]
  5%|▍         | 425/8810 [00:00<00:04, 1974.03it/s]
  7%|▋         | 656/8810 [00:00<00:04, 1832.30it/s]
 10%|▉         | 856/8810 [00:00<00:04, 1884.95it/s]
 12%|█▏        | 1048/8810 [00:00<00:04, 1723.89it/s]
 14%|█▍        | 1276/8810 [00:00<00:03, 1888.70it/s]
 17%|█▋        | 1470/8810 [00:00<00:04, 1758.06it/s]
 19%|█▉        | 1661/8810 [00:00<00:03, 1795.05it/s]
 21%|██        | 1844/8810 [00:01<00:04, 1683.90it/s]
 23%|██▎       | 2063/8810 [00:01<00:03, 1818.97it/s]
 26%|██▌       | 2263/8810 [00:01<00:03, 1713.06it/s]
 28%|██▊       | 2493/8810 [00:01<00:03, 1871.16it/s]
 31%|███       | 2744/8810 [00:01<00:03, 1877.02it/s]
 34%|███▎      | 2967/8810 [00:01<00:02, 1968.60it/s]
 36%|███▌      | 3168/8810 [00:01<00:03, 1838.88it/s]
 38%|███▊      | 3368/8810 [00:01<00:02, 1882.04it/s]
 40%|████      | 3560/8810 [00:01<00:03, 1742.31it/s]
 43%|████▎     | 3774/8810 [00:02<00:02, 1757.85it/s]
 46%|████▌     | 4027/8810 [00:02<00:02, 1959.92it/s]
 48%|████▊     | 4228/8810 [00:02<00:02, 1919.38it/s]
 51%|█████     | 4472/8810 [00:02<00:02, 2062.82it/s]
 53%|█████▎    | 4682/8810 [00:02<00:02, 1878.57it/s]
 56%|█████▌    | 4890/8810 [00:02<00:02, 1930.12it/s]
 58%|█████▊    | 5088/8810 [00:02<00:02, 1743.45it/s]
 60%|██████    | 5318/8810 [00:02<00:01, 1888.76it/s]
 63%|██████▎   | 5513/8810 [00:02<00:01, 1834.52it/s]
 65%|██████▌   | 5754/8810 [00:03<00:01, 1824.64it/s]
 67%|██████▋   | 5940/8810 [00:03<00:01, 1826.30it/s]
 70%|██████▉   | 6125/8810 [00:03<00:01, 1772.62it/s]
 72%|███████▏  | 6359/8810 [00:03<00:01, 1921.70it/s]
 74%|███████▍  | 6554/8810 [00:03<00:01, 1759.65it/s]
 77%|███████▋  | 6816/8810 [00:03<00:01, 1986.77it/s]
 80%|███████▉  | 7020/8810 [00:03<00:00, 1848.51it/s]
 82%|████████▏ | 7229/8810 [00:03<00:00, 1911.26it/s]
 84%|████████▍ | 7425/8810 [00:04<00:00, 1887.70it/s]
 86%|████████▋ | 7617/8810 [00:04<00:00, 1832.62it/s]
 89%|████████▊ | 7803/8810 [00:04<00:00, 1712.63it/s]
 91%|█████████ | 8001/8810 [00:04<00:00, 1779.14it/s]
 93%|█████████▎| 8182/8810 [00:04<00:00, 1633.60it/s]
 95%|█████████▍| 8357/8810 [00:04<00:00, 1664.07it/s]
 97%|█████████▋| 8527/8810 [00:04<00:00, 1533.25it/s]
 99%|█████████▉| 8702/8810 [00:04<00:00, 1516.27it/s]
100%|██████████| 8810/8810 [00:04<00:00, 1801.17it/s]
