
  0%|          | 0/8810 [00:00<?, ?it/s]
  2%|▏         | 181/8810 [00:00<00:05, 1620.49it/s]
  5%|▍         | 429/8810 [00:00<00:04, 2093.74it/s]
  7%|▋         | 656/8810 [00:00<00:04, 1931.05it/s]
 10%|▉         | 866/8810 [00:00<00:03, 1991.89it/s]
 12%|█▏        | 1068/8810 [00:00<00:04, 1737.61it/s]
 14%|█▍        | 1248/8810 [00:00<00:04, 1735.42it/s]
 16%|█▌        | 1426/8810 [00:00<00:04, 1654.07it/s]
 18%|█▊        | 1594/8810 [00:00<00:05, 1419.89it/s]
 20%|██        | 1780/8810 [00:01<00:04, 1526.16it/s]
 22%|██▏       | 1939/8810 [00:01<00:05, 1310.51it/s]
 24%|██▍       | 2145/8810 [00:01<00:04, 1492.09it/s]
 26%|██▌       | 2305/8810 [00:01<00:04, 1395.47it/s]
 28%|██▊       | 2504/8810 [00:01<00:04, 1545.41it/s]
 31%|███       | 2696/8810 [00:01<00:03, 1644.19it/s]
 33%|███▎      | 2868/8810 [00:01<00:03, 1545.60it/s]
 34%|███▍      | 3029/8810 [00:01<00:03, 1528.88it/s]
 36%|███▌      | 3186/8810 [00:02<00:04, 1336.92it/s]
 38%|███▊      | 3328/8810 [00:02<00:04, 1356.31it/s]
 39%|███▉      | 3469/8810 [00:02<00:04, 1261.38it/s]
 41%|████      | 3631/8810 [00:02<00:03, 1353.41it/s]
 43%|████▎     | 3774/8810 [00:02<00:03, 1267.69it/s]
 44%|████▍     | 3905/8810 [00:02<00:03, 1258.96it/s]
 46%|████▋     | 4096/8810 [00:02<00:03, 1433.20it/s]
 48%|████▊     | 4244/8810 [00:02<00:03, 1401.92it/s]
 50%|█████     | 4437/8810 [00:02<00:02, 1545.65it/s]
 52%|█████▏    | 4595/8810 [00:03<00:02, 1469.71it/s]
 54%|█████▍    | 4745/8810 [00:03<00:03, 1336.05it/s]
 56%|█████▌    | 4922/8810 [00:03<00:02, 1446.11it/s]
 58%|█████▊    | 5071/8810 [00:03<00:02, 1340.05it/s]
 59%|█████▉    | 5239/8810 [00:03<00:02, 1428.36it/s]
 61%|██████    | 5386/8810 [00:03<00:02, 1347.61it/s]
 63%|██████▎   | 5547/8810 [00:03<00:02, 1412.58it/s]
 65%|██████▌   | 5750/8810 [00:03<00:01, 1582.78it/s]
 67%|██████▋   | 5912/8810 [00:04<00:02, 1352.68it/s]
 69%|██████▊   | 6056/8810 [00:04<00:02, 1340.90it/s]
 71%|███████   | 6231/8810 [00:04<00:01, 1447.86it/s]
 73%|███████▎  | 6400/8810 [00:04<00:01, 1435.69it/s]
 75%|███████▌  | 6633/8810 [00:04<00:01, 1674.78it/s]
 78%|███████▊  | 6850/8810 [00:04<00:01, 1810.23it/s]
 80%|███████▉  | 7036/8810 [00:04<00:01, 1709.48it/s]
 82%|████████▏ | 7212/8810 [00:04<00:00, 1722.57it/s]
 84%|████████▍ | 7388/8810 [00:04<00:00, 1656.82it/s]
 86%|████████▌ | 7557/8810 [00:05<00:00, 1611.10it/s]
 88%|████████▊ | 7720/8810 [00:05<00:00, 1580.37it/s]
 89%|████████▉ | 7884/8810 [00:05<00:00, 1591.63it/s]
 91%|█████████▏| 8045/8810 [00:05<00:00, 1369.27it/s]
 93%|█████████▎| 8210/8810 [00:05<00:00, 1438.17it/s]
 95%|█████████▍| 8361/8810 [00:05<00:00, 1375.89it/s]
 97%|█████████▋| 8526/8810 [00:05<00:00, 1445.33it/s]
 99%|█████████▊| 8692/8810 [00:05<00:00, 1501.64it/s]
100%|██████████| 8810/8810 [00:05<00:00, 1487.48it/s]
