
  0%|          | 0/8810 [00:00<?, ?it/s]
  2%|▏         | 181/8810 [00:00<00:05, 1547.38it/s]
  5%|▍         | 427/8810 [00:00<00:04, 2038.15it/s]
  7%|▋         | 656/8810 [00:00<00:04, 1901.07it/s]
 10%|▉         | 852/8810 [00:00<00:04, 1916.89it/s]
 12%|█▏        | 1046/8810 [00:00<00:04, 1795.38it/s]
 15%|█▍        | 1279/8810 [00:00<00:03, 1958.05it/s]
 17%|█▋        | 1478/8810 [00:00<00:04, 1819.63it/s]
 19%|█▉        | 1706/8810 [00:00<00:03, 1943.94it/s]
 22%|██▏       | 1904/8810 [00:01<00:03, 1795.15it/s]
 24%|██▍       | 2157/8810 [00:01<00:03, 1994.65it/s]
 27%|██▋       | 2362/8810 [00:01<00:03, 1853.95it/s]
 30%|██▉       | 2638/8810 [00:01<00:02, 2097.20it/s]
 32%|███▏      | 2854/8810 [00:01<00:03, 1872.59it/s]
 35%|███▍      | 3057/8810 [00:01<00:03, 1780.92it/s]
 37%|███▋      | 3268/8810 [00:01<00:02, 1861.71it/s]
 39%|███▉      | 3460/8810 [00:01<00:03, 1781.39it/s]
 42%|████▏     | 3709/8810 [00:01<00:02, 1964.70it/s]
 44%|████▍     | 3911/8810 [00:02<00:02, 1793.31it/s]
 47%|████▋     | 4180/8810 [00:02<00:02, 1867.45it/s]
 51%|█████     | 4452/8810 [00:02<00:02, 2082.33it/s]
 53%|█████▎    | 4667/8810 [00:02<00:02, 1904.78it/s]
 55%|█████▌    | 4864/8810 [00:02<00:02, 1839.48it/s]
 57%|█████▋    | 5052/8810 [00:02<00:02, 1718.08it/s]
 60%|█████▉    | 5267/8810 [00:02<00:01, 1825.12it/s]
 62%|██████▏   | 5454/8810 [00:02<00:01, 1752.60it/s]
 64%|██████▍   | 5672/8810 [00:03<00:01, 1861.42it/s]
 67%|██████▋   | 5862/8810 [00:03<00:01, 1725.01it/s]
 69%|██████▊   | 6039/8810 [00:03<00:01, 1581.47it/s]
 71%|███████   | 6255/8810 [00:03<00:01, 1727.63it/s]
 73%|███████▎  | 6433/8810 [00:03<00:01, 1640.38it/s]
 75%|███████▌  | 6635/8810 [00:03<00:01, 1738.50it/s]
 79%|███████▊  | 6932/8810 [00:03<00:00, 2071.50it/s]
 81%|████████  | 7145/8810 [00:03<00:00, 1863.20it/s]
 83%|████████▎ | 7343/8810 [00:03<00:00, 1892.18it/s]
 86%|████████▌ | 7538/8810 [00:04<00:00, 1729.50it/s]
 88%|████████▊ | 7717/8810 [00:04<00:00, 1733.69it/s]
 90%|████████▉ | 7910/8810 [00:04<00:00, 1783.39it/s]
 92%|█████████▏| 8092/8810 [00:04<00:00, 1600.18it/s]
 94%|█████████▍| 8265/8810 [00:04<00:00, 1631.28it/s]
 96%|█████████▌| 8433/8810 [00:04<00:00, 1458.04it/s]
 98%|█████████▊| 8634/8810 [00:04<00:00, 1595.24it/s]
100%|█████████▉| 8800/8810 [00:04<00:00, 1526.12it/s]
100%|██████████| 8810/8810 [00:04<00:00, 1787.18it/s]
