
  0%|          | 0/8810 [00:00<?, ?it/s]
  2%|▏         | 181/8810 [00:00<00:06, 1272.46it/s]
  5%|▍         | 405/8810 [00:00<00:04, 1753.20it/s]
  7%|▋         | 617/8810 [00:00<00:04, 1896.24it/s]
  9%|▉         | 813/8810 [00:00<00:04, 1624.71it/s]
 11%|█         | 984/8810 [00:00<00:05, 1553.58it/s]
 13%|█▎        | 1145/8810 [00:00<00:05, 1481.08it/s]
 15%|█▌        | 1344/8810 [00:00<00:04, 1619.09it/s]
 17%|█▋        | 1510/8810 [00:00<00:04, 1518.00it/s]
 19%|█▉        | 1716/8810 [00:01<00:04, 1662.97it/s]
 21%|██▏       | 1887/8810 [00:01<00:04, 1548.18it/s]
 24%|██▍       | 2140/8810 [00:01<00:03, 1813.47it/s]
 26%|██▋       | 2328/8810 [00:01<00:04, 1586.58it/s]
 28%|██▊       | 2496/8810 [00:01<00:04, 1501.34it/s]
 30%|███       | 2659/8810 [00:01<00:04, 1528.56it/s]
 32%|███▏      | 2817/8810 [00:01<00:04, 1281.67it/s]
 34%|███▍      | 2998/8810 [00:01<00:04, 1404.73it/s]
 36%|███▌      | 3148/8810 [00:02<00:04, 1373.96it/s]
 38%|███▊      | 3320/8810 [00:02<00:03, 1461.81it/s]
 39%|███▉      | 3472/8810 [00:02<00:03, 1369.85it/s]
 42%|████▏     | 3680/8810 [00:02<00:03, 1549.69it/s]
 44%|████▎     | 3841/8810 [00:02<00:03, 1504.28it/s]
 46%|████▌     | 4070/8810 [00:02<00:02, 1712.49it/s]
 48%|████▊     | 4246/8810 [00:02<00:02, 1673.91it/s]
 51%|█████     | 4489/8810 [00:02<00:02, 1882.11it/s]
 53%|█████▎    | 4681/8810 [00:02<00:02, 1674.88it/s]
 55%|█████▌    | 4858/8810 [00:03<00:02, 1696.18it/s]
 57%|█████▋    | 5033/8810 [00:03<00:02, 1552.70it/s]
 59%|█████▉    | 5224/8810 [00:03<00:02, 1642.22it/s]
 61%|██████    | 5393/8810 [00:03<00:02, 1571.16it/s]
 64%|██████▎   | 5613/8810 [00:03<00:01, 1737.64it/s]
 66%|██████▌   | 5792/8810 [00:03<00:01, 1671.95it/s]
 68%|██████▊   | 5963/8810 [00:03<00:01, 1592.06it/s]
 70%|██████▉   | 6125/8810 [00:03<00:01, 1548.92it/s]
 72%|███████▏  | 6334/8810 [00:03<00:01, 1689.75it/s]
 74%|███████▍  | 6506/8810 [00:04<00:01, 1530.36it/s]
 77%|███████▋  | 6754/8810 [00:04<00:01, 1779.70it/s]
 79%|███████▉  | 6972/8810 [00:04<00:01, 1716.27it/s]
 81%|████████▏ | 7159/8810 [00:04<00:00, 1750.06it/s]
 84%|████████▎ | 7360/8810 [00:04<00:00, 1677.08it/s]
 86%|████████▌ | 7556/8810 [00:04<00:00, 1748.04it/s]
 88%|████████▊ | 7735/8810 [00:04<00:00, 1669.94it/s]
 90%|████████▉ | 7911/8810 [00:04<00:00, 1693.04it/s]
 92%|█████████▏| 8083/8810 [00:05<00:00, 1532.35it/s]
 94%|█████████▍| 8269/8810 [00:05<00:00, 1616.75it/s]
 96%|█████████▌| 8435/8810 [00:05<00:00, 1501.74it/s]
 98%|█████████▊| 8629/8810 [00:05<00:00, 1617.30it/s]
100%|█████████▉| 8795/8810 [00:05<00:00, 1547.02it/s]
100%|██████████| 8810/8810 [00:05<00:00, 1598.54it/s]
