
  0%|          | 0/8810 [00:00<?, ?it/s]
  2%|▏         | 165/8810 [00:00<00:05, 1642.22it/s]
  4%|▎         | 330/8810 [00:00<00:05, 1426.41it/s]
  6%|▌         | 517/8810 [00:00<00:05, 1611.64it/s]
  8%|▊         | 681/8810 [00:00<00:05, 1547.44it/s]
 10%|▉         | 838/8810 [00:00<00:05, 1547.65it/s]
 11%|█▏        | 996/8810 [00:00<00:05, 1384.99it/s]
 14%|█▎        | 1198/8810 [00:00<00:04, 1564.39it/s]
 15%|█▌        | 1359/8810 [00:00<00:04, 1560.52it/s]
 17%|█▋        | 1518/8810 [00:01<00:05, 1454.11it/s]
 19%|█▉        | 1706/8810 [00:01<00:04, 1570.84it/s]
 21%|██        | 1867/8810 [00:01<00:05, 1327.44it/s]
 23%|██▎       | 2038/8810 [00:01<00:04, 1421.32it/s]
 25%|██▌       | 2219/8810 [00:01<00:04, 1514.26it/s]
 27%|██▋       | 2377/8810 [00:01<00:04, 1351.06it/s]
 29%|██▉       | 2580/8810 [00:01<00:04, 1525.31it/s]
 31%|███       | 2744/8810 [00:01<00:04, 1427.18it/s]
 33%|███▎      | 2895/8810 [00:01<00:04, 1446.89it/s]
 35%|███▍      | 3052/8810 [00:02<00:03, 1480.11it/s]
 36%|███▋      | 3204/8810 [00:02<00:04, 1302.11it/s]
 38%|███▊      | 3374/8810 [00:02<00:03, 1401.06it/s]
 40%|███▉      | 3520/8810 [00:02<00:03, 1350.18it/s]
 42%|████▏     | 3722/8810 [00:02<00:03, 1527.39it/s]
 44%|████▍     | 3880/8810 [00:02<00:03, 1397.37it/s]
 47%|████▋     | 4098/8810 [00:02<00:02, 1603.46it/s]
 48%|████▊     | 4265/8810 [00:02<00:03, 1506.81it/s]
 50%|█████     | 4443/8810 [00:03<00:02, 1579.15it/s]
 52%|█████▏    | 4606/8810 [00:03<00:02, 1540.89it/s]
 54%|█████▍    | 4764/8810 [00:03<00:03, 1340.43it/s]
 56%|█████▌    | 4905/8810 [00:03<00:02, 1346.52it/s]
 57%|█████▋    | 5045/8810 [00:03<00:03, 1230.90it/s]
 59%|█████▉    | 5204/8810 [00:03<00:02, 1317.45it/s]
 61%|██████    | 5341/8810 [00:03<00:02, 1318.55it/s]
 62%|██████▏   | 5476/8810 [00:03<00:02, 1247.62it/s]
 64%|██████▍   | 5646/8810 [00:03<00:02, 1367.84it/s]
 66%|██████▌   | 5786/8810 [00:04<00:02, 1260.05it/s]
 67%|██████▋   | 5916/8810 [00:04<00:02, 1232.71it/s]
 69%|██████▊   | 6042/8810 [00:04<00:02, 1137.44it/s]
 70%|███████   | 6193/8810 [00:04<00:02, 1232.38it/s]
 72%|███████▏  | 6351/8810 [00:04<00:01, 1326.48it/s]
 74%|███████▎  | 6487/8810 [00:04<00:01, 1188.66it/s]
 76%|███████▌  | 6669/8810 [00:04<00:01, 1352.86it/s]
 78%|███████▊  | 6874/8810 [00:04<00:01, 1541.42it/s]
 80%|███████▉  | 7034/8810 [00:05<00:01, 1402.13it/s]
 82%|████████▏ | 7181/8810 [00:05<00:01, 1403.90it/s]
 83%|████████▎ | 7331/8810 [00:05<00:01, 1425.91it/s]
 85%|████████▍ | 7477/8810 [00:05<00:01, 1297.43it/s]
 87%|████████▋ | 7638/8810 [00:05<00:00, 1372.23it/s]
 88%|████████▊ | 7779/8810 [00:05<00:00, 1190.33it/s]
 90%|████████▉ | 7905/8810 [00:05<00:00, 1164.23it/s]
 91%|█████████ | 8026/8810 [00:05<00:00, 1080.39it/s]
 92%|█████████▏| 8138/8810 [00:06<00:00, 950.83it/s] 
 94%|█████████▍| 8277/8810 [00:06<00:00, 1050.20it/s]
 95%|█████████▌| 8388/8810 [00:06<00:00, 1004.60it/s]
 97%|█████████▋| 8525/8810 [00:06<00:00, 1097.53it/s]
 98%|█████████▊| 8645/8810 [00:06<00:00, 1124.70it/s]
 99%|█████████▉| 8761/8810 [00:06<00:00, 983.64it/s] 
100%|██████████| 8810/8810 [00:06<00:00, 1327.07it/s]
