
  0%|          | 0/8810 [00:00<?, ?it/s]
  2%|▏         | 177/8810 [00:00<00:04, 1753.39it/s]
  4%|▍         | 353/8810 [00:00<00:05, 1490.08it/s]
  6%|▌         | 542/8810 [00:00<00:04, 1654.97it/s]
  8%|▊         | 711/8810 [00:00<00:05, 1433.80it/s]
 10%|▉         | 860/8810 [00:00<00:05, 1438.28it/s]
 11%|█▏        | 1008/8810 [00:00<00:06, 1269.94it/s]
 14%|█▎        | 1196/8810 [00:00<00:05, 1432.93it/s]
 15%|█▌        | 1348/8810 [00:00<00:05, 1453.70it/s]
 17%|█▋        | 1498/8810 [00:01<00:05, 1311.84it/s]
 19%|█▉        | 1694/8810 [00:01<00:04, 1484.00it/s]
 21%|██        | 1849/8810 [00:01<00:05, 1271.33it/s]
 23%|██▎       | 1989/8810 [00:01<00:05, 1303.05it/s]
 25%|██▍       | 2167/8810 [00:01<00:04, 1426.96it/s]
 26%|██▋       | 2317/8810 [00:01<00:05, 1228.22it/s]
 28%|██▊       | 2471/8810 [00:01<00:04, 1304.09it/s]
 30%|███       | 2653/8810 [00:01<00:04, 1436.22it/s]
 32%|███▏      | 2804/8810 [00:02<00:04, 1285.60it/s]
 34%|███▎      | 2970/8810 [00:02<00:04, 1376.48it/s]
 35%|███▌      | 3115/8810 [00:02<00:04, 1305.39it/s]
 37%|███▋      | 3251/8810 [00:02<00:04, 1314.54it/s]
 39%|███▊      | 3397/8810 [00:02<00:03, 1353.50it/s]
 40%|████      | 3536/8810 [00:02<00:04, 1249.20it/s]
 42%|████▏     | 3724/8810 [00:02<00:03, 1412.65it/s]
 44%|████▍     | 3870/8810 [00:02<00:03, 1324.85it/s]
 46%|████▌     | 4069/8810 [00:02<00:03, 1498.10it/s]
 48%|████▊     | 4224/8810 [00:03<00:03, 1398.23it/s]
 50%|█████     | 4419/8810 [00:03<00:02, 1537.94it/s]
 52%|█████▏    | 4578/8810 [00:03<00:02, 1533.41it/s]
 54%|█████▎    | 4735/8810 [00:03<00:03, 1356.32it/s]
 56%|█████▌    | 4902/8810 [00:03<00:02, 1437.80it/s]
 57%|█████▋    | 5051/8810 [00:03<00:02, 1336.80it/s]
 59%|█████▉    | 5219/8810 [00:03<00:02, 1424.48it/s]
 61%|██████    | 5372/8810 [00:03<00:02, 1350.44it/s]
 63%|██████▎   | 5541/8810 [00:03<00:02, 1439.12it/s]
 65%|██████▌   | 5751/8810 [00:04<00:01, 1619.80it/s]
 67%|██████▋   | 5918/8810 [00:04<00:02, 1376.37it/s]
 69%|██████▉   | 6065/8810 [00:04<00:02, 1313.30it/s]
 71%|███████   | 6230/8810 [00:04<00:01, 1395.06it/s]
 73%|███████▎  | 6400/8810 [00:04<00:01, 1320.49it/s]
 75%|███████▍  | 6572/8810 [00:04<00:01, 1417.45it/s]
 77%|███████▋  | 6789/8810 [00:04<00:01, 1615.76it/s]
 79%|███████▉  | 6967/8810 [00:04<00:01, 1655.62it/s]
 81%|████████  | 7138/8810 [00:05<00:01, 1410.73it/s]
 83%|████████▎ | 7289/8810 [00:05<00:01, 1386.32it/s]
 84%|████████▍ | 7434/8810 [00:05<00:01, 1340.83it/s]
 86%|████████▌ | 7573/8810 [00:05<00:00, 1351.66it/s]
 88%|████████▊ | 7715/8810 [00:05<00:00, 1277.43it/s]
 89%|████████▉ | 7846/8810 [00:05<00:00, 1253.53it/s]
 91%|█████████ | 7981/8810 [00:05<00:00, 1276.10it/s]
 92%|█████████▏| 8111/8810 [00:05<00:00, 1144.42it/s]
 93%|█████████▎| 8234/8810 [00:06<00:00, 1163.33it/s]
 95%|█████████▍| 8361/8810 [00:06<00:00, 1125.66it/s]
 97%|█████████▋| 8519/8810 [00:06<00:00, 1246.37it/s]
 99%|█████████▊| 8697/8810 [00:06<00:00, 1393.47it/s]
100%|██████████| 8810/8810 [00:06<00:00, 1368.95it/s]
