
  0%|          | 0/8810 [00:00<?, ?it/s]
  2%|▏         | 181/8810 [00:00<00:06, 1374.43it/s]
  5%|▍         | 404/8810 [00:00<00:04, 1814.99it/s]
  7%|▋         | 595/8810 [00:00<00:04, 1853.86it/s]
  9%|▉         | 784/8810 [00:00<00:05, 1597.89it/s]
 11%|█         | 967/8810 [00:00<00:04, 1668.83it/s]
 13%|█▎        | 1139/8810 [00:00<00:04, 1571.75it/s]
 15%|█▌        | 1333/8810 [00:00<00:04, 1675.15it/s]
 17%|█▋        | 1505/8810 [00:00<00:04, 1510.30it/s]
 20%|█▉        | 1732/8810 [00:01<00:04, 1716.86it/s]
 22%|██▏       | 1910/8810 [00:01<00:04, 1558.81it/s]
 24%|██▍       | 2134/8810 [00:01<00:03, 1737.53it/s]
 26%|██▋       | 2315/8810 [00:01<00:04, 1550.94it/s]
 29%|██▉       | 2561/8810 [00:01<00:03, 1780.80it/s]
 31%|███       | 2749/8810 [00:01<00:03, 1684.81it/s]
 33%|███▎      | 2930/8810 [00:01<00:03, 1714.55it/s]
 35%|███▌      | 3107/8810 [00:01<00:03, 1628.85it/s]
 37%|███▋      | 3274/8810 [00:01<00:03, 1621.01it/s]
 39%|███▉      | 3439/8810 [00:02<00:03, 1544.11it/s]
 41%|████      | 3617/8810 [00:02<00:03, 1600.56it/s]
 43%|████▎     | 3780/8810 [00:02<00:03, 1510.29it/s]
 45%|████▍     | 3934/8810 [00:02<00:04, 1185.79it/s]
 47%|████▋     | 4169/8810 [00:02<00:03, 1454.66it/s]
 49%|████▉     | 4331/8810 [00:02<00:03, 1474.72it/s]
 51%|█████▏    | 4533/8810 [00:02<00:02, 1613.46it/s]
 53%|█████▎    | 4705/8810 [00:02<00:02, 1440.89it/s]
 55%|█████▌    | 4870/8810 [00:03<00:02, 1488.16it/s]
 57%|█████▋    | 5027/8810 [00:03<00:02, 1397.82it/s]
 59%|█████▉    | 5222/8810 [00:03<00:02, 1541.03it/s]
 61%|██████    | 5383/8810 [00:03<00:02, 1504.61it/s]
 63%|██████▎   | 5579/8810 [00:03<00:01, 1627.79it/s]
 65%|██████▌   | 5754/8810 [00:03<00:01, 1622.84it/s]
 67%|██████▋   | 5920/8810 [00:03<00:01, 1541.11it/s]
 69%|██████▉   | 6077/8810 [00:03<00:02, 1359.94it/s]
 71%|███████   | 6272/8810 [00:04<00:01, 1509.33it/s]
 73%|███████▎  | 6429/8810 [00:04<00:01, 1486.64it/s]
 75%|███████▌  | 6633/8810 [00:04<00:01, 1636.64it/s]
 78%|███████▊  | 6862/8810 [00:04<00:01, 1814.64it/s]
 80%|████████  | 7048/8810 [00:04<00:01, 1720.08it/s]
 82%|████████▏ | 7224/8810 [00:04<00:00, 1709.34it/s]
 84%|████████▍ | 7398/8810 [00:04<00:00, 1705.62it/s]
 86%|████████▌ | 7571/8810 [00:04<00:00, 1586.27it/s]
 88%|████████▊ | 7733/8810 [00:04<00:00, 1544.02it/s]
 90%|████████▉ | 7895/8810 [00:05<00:00, 1562.31it/s]
 91%|█████████▏| 8053/8810 [00:05<00:00, 1432.08it/s]
 93%|█████████▎| 8214/8810 [00:05<00:00, 1476.78it/s]
 95%|█████████▍| 8365/8810 [00:05<00:00, 1438.27it/s]
 97%|█████████▋| 8540/8810 [00:05<00:00, 1519.97it/s]
 99%|█████████▉| 8702/8810 [00:05<00:00, 1440.20it/s]
100%|██████████| 8810/8810 [00:05<00:00, 1565.97it/s]
