
  0%|          | 0/8810 [00:00<?, ?it/s]
  2%|▏         | 181/8810 [00:00<00:05, 1633.64it/s]
  5%|▍         | 435/8810 [00:00<00:03, 2123.20it/s]
  7%|▋         | 656/8810 [00:00<00:04, 1939.46it/s]
 10%|▉         | 868/8810 [00:00<00:03, 2004.13it/s]
 12%|█▏        | 1071/8810 [00:00<00:04, 1861.99it/s]
 15%|█▍        | 1299/8810 [00:00<00:03, 1983.21it/s]
 17%|█▋        | 1500/8810 [00:00<00:04, 1768.02it/s]
 20%|█▉        | 1744/8810 [00:00<00:03, 1951.43it/s]
 22%|██▏       | 1945/8810 [00:01<00:03, 1753.28it/s]
 25%|██▌       | 2219/8810 [00:01<00:03, 2007.23it/s]
 28%|██▊       | 2429/8810 [00:01<00:03, 1911.72it/s]
 31%|███       | 2696/8810 [00:01<00:02, 2112.81it/s]
 33%|███▎      | 2915/8810 [00:01<00:03, 1895.39it/s]
 35%|███▌      | 3113/8810 [00:01<00:03, 1804.67it/s]
 37%|███▋      | 3300/8810 [00:01<00:03, 1815.18it/s]
 40%|███▉      | 3486/8810 [00:01<00:03, 1714.50it/s]
 42%|████▏     | 3724/8810 [00:01<00:02, 1887.57it/s]
 44%|████▍     | 3918/8810 [00:02<00:02, 1743.05it/s]
 47%|████▋     | 4180/8810 [00:02<00:02, 1843.82it/s]
 50%|█████     | 4422/8810 [00:02<00:02, 1991.91it/s]
 53%|█████▎    | 4626/8810 [00:02<00:02, 1901.79it/s]
 55%|█████▍    | 4825/8810 [00:02<00:02, 1924.72it/s]
 57%|█████▋    | 5020/8810 [00:02<00:02, 1709.71it/s]
 60%|█████▉    | 5267/8810 [00:02<00:01, 1902.95it/s]
 62%|██████▏   | 5464/8810 [00:02<00:01, 1799.95it/s]
 65%|██████▍   | 5715/8810 [00:03<00:01, 1984.97it/s]
 67%|██████▋   | 5920/8810 [00:03<00:01, 1721.12it/s]
 69%|██████▉   | 6102/8810 [00:03<00:01, 1636.02it/s]
 72%|███████▏  | 6324/8810 [00:03<00:01, 1778.01it/s]
 74%|███████▍  | 6509/8810 [00:03<00:01, 1642.81it/s]
 77%|███████▋  | 6763/8810 [00:03<00:01, 1868.59it/s]
 79%|███████▉  | 6972/8810 [00:03<00:01, 1825.12it/s]
 82%|████████▏ | 7182/8810 [00:03<00:00, 1897.51it/s]
 84%|████████▎ | 7377/8810 [00:03<00:00, 1835.12it/s]
 86%|████████▌ | 7565/8810 [00:04<00:00, 1840.85it/s]
 88%|████████▊ | 7752/8810 [00:04<00:00, 1817.28it/s]
 90%|█████████ | 7944/8810 [00:04<00:00, 1838.67it/s]
 92%|█████████▏| 8130/8810 [00:04<00:00, 1579.42it/s]
 94%|█████████▍| 8306/8810 [00:04<00:00, 1625.43it/s]
 96%|█████████▌| 8475/8810 [00:04<00:00, 1482.46it/s]
 98%|█████████▊| 8664/8810 [00:04<00:00, 1587.00it/s]
100%|██████████| 8810/8810 [00:04<00:00, 1799.20it/s]
