
  0%|          | 0/8810 [00:00<?, ?it/s]
  1%|          | 77/8810 [00:00<00:11, 751.50it/s]
  2%|▏         | 181/8810 [00:00<00:11, 724.81it/s]
  3%|▎         | 286/8810 [00:00<00:10, 846.46it/s]
  4%|▍         | 373/8810 [00:00<00:10, 833.88it/s]
  5%|▌         | 461/8810 [00:00<00:09, 846.01it/s]
  7%|▋         | 588/8810 [00:00<00:08, 979.84it/s]
  8%|▊         | 688/8810 [00:00<00:10, 801.01it/s]
  9%|▉         | 774/8810 [00:00<00:10, 743.75it/s]
 10%|▉         | 853/8810 [00:01<00:10, 732.41it/s]
 11%|█         | 929/8810 [00:01<00:10, 732.28it/s]
 11%|█▏        | 1005/8810 [00:01<00:12, 636.97it/s]
 12%|█▏        | 1099/8810 [00:01<00:10, 712.36it/s]
 13%|█▎        | 1181/8810 [00:01<00:10, 740.61it/s]
 14%|█▍        | 1266/8810 [00:01<00:09, 767.08it/s]
 15%|█▌        | 1346/8810 [00:01<00:10, 704.23it/s]
 16%|█▌        | 1419/8810 [00:01<00:10, 690.98it/s]
 17%|█▋        | 1490/8810 [00:02<00:12, 571.21it/s]
 18%|█▊        | 1552/8810 [00:02<00:12, 563.80it/s]
 19%|█▊        | 1635/8810 [00:02<00:11, 624.98it/s]
 19%|█▉        | 1701/8810 [00:02<00:11, 629.61it/s]
 20%|██        | 1771/8810 [00:02<00:10, 645.72it/s]
 21%|██        | 1838/8810 [00:02<00:13, 503.52it/s]
 22%|██▏       | 1895/8810 [00:02<00:14, 489.84it/s]
 22%|██▏       | 1956/8810 [00:02<00:13, 515.85it/s]
 23%|██▎       | 2011/8810 [00:03<00:13, 500.42it/s]
 23%|██▎       | 2064/8810 [00:03<00:13, 506.40it/s]
 24%|██▍       | 2133/8810 [00:03<00:12, 552.35it/s]
 25%|██▍       | 2193/8810 [00:03<00:11, 561.18it/s]
 26%|██▌       | 2251/8810 [00:03<00:12, 533.49it/s]
 26%|██▌       | 2306/8810 [00:03<00:13, 490.91it/s]
 27%|██▋       | 2371/8810 [00:03<00:12, 528.43it/s]
 28%|██▊       | 2445/8810 [00:03<00:10, 584.43it/s]
 29%|██▊       | 2515/8810 [00:03<00:10, 615.94it/s]
 30%|██▉       | 2616/8810 [00:04<00:08, 728.14it/s]
 31%|███       | 2706/8810 [00:04<00:07, 776.56it/s]
 32%|███▏      | 2785/8810 [00:04<00:09, 667.05it/s]
 33%|███▎      | 2880/8810 [00:04<00:08, 740.22it/s]
 34%|███▎      | 2958/8810 [00:04<00:08, 713.03it/s]
 34%|███▍      | 3032/8810 [00:04<00:08, 692.26it/s]
 35%|███▌      | 3103/8810 [00:04<00:08, 669.25it/s]
 36%|███▌      | 3172/8810 [00:04<00:08, 666.99it/s]
 37%|███▋      | 3240/8810 [00:04<00:09, 582.06it/s]
 37%|███▋      | 3301/8810 [00:05<00:09, 577.99it/s]
 38%|███▊      | 3377/8810 [00:05<00:08, 625.25it/s]
 39%|███▉      | 3442/8810 [00:05<00:09, 569.67it/s]
 40%|███▉      | 3515/8810 [00:05<00:08, 611.18it/s]
 41%|████      | 3611/8810 [00:05<00:07, 703.52it/s]
 42%|████▏     | 3691/8810 [00:05<00:07, 722.73it/s]
 43%|████▎     | 3765/8810 [00:05<00:06, 726.53it/s]
 44%|████▎     | 3839/8810 [00:05<00:08, 617.88it/s]
 44%|████▍     | 3909/8810 [00:06<00:07, 636.77it/s]
 46%|████▌     | 4023/8810 [00:06<00:06, 767.46it/s]
 47%|████▋     | 4108/8810 [00:06<00:05, 784.74it/s]
 48%|████▊     | 4189/8810 [00:06<00:06, 710.92it/s]
 49%|████▊     | 4290/8810 [00:06<00:05, 786.88it/s]
 50%|████▉     | 4382/8810 [00:06<00:05, 818.94it/s]
 51%|█████     | 4467/8810 [00:06<00:05, 776.46it/s]
 52%|█████▏    | 4547/8810 [00:06<00:05, 729.11it/s]
 52%|█████▏    | 4622/8810 [00:06<00:05, 732.08it/s]
 53%|█████▎    | 4697/8810 [00:07<00:06, 589.14it/s]
 54%|█████▍    | 4766/8810 [00:07<00:06, 609.79it/s]
 55%|█████▍    | 4831/8810 [00:07<00:06, 601.89it/s]
 56%|█████▌    | 4894/8810 [00:07<00:06, 564.98it/s]
 56%|█████▌    | 4953/8810 [00:07<00:07, 522.70it/s]
 57%|█████▋    | 5025/8810 [00:07<00:06, 569.15it/s]
 58%|█████▊    | 5085/8810 [00:07<00:06, 571.98it/s]
 58%|█████▊    | 5153/8810 [00:07<00:06, 594.00it/s]
 59%|█████▉    | 5214/8810 [00:07<00:06, 585.58it/s]
 60%|█████▉    | 5284/8810 [00:08<00:05, 613.66it/s]
 61%|██████    | 5347/8810 [00:08<00:05, 610.99it/s]
 61%|██████▏   | 5409/8810 [00:08<00:06, 548.01it/s]
 62%|██████▏   | 5488/8810 [00:08<00:05, 611.49it/s]
 63%|██████▎   | 5562/8810 [00:08<00:05, 645.15it/s]
 64%|██████▍   | 5634/8810 [00:08<00:04, 663.43it/s]
 65%|██████▍   | 5702/8810 [00:08<00:04, 655.89it/s]
 65%|██████▌   | 5769/8810 [00:08<00:05, 541.36it/s]
 66%|██████▌   | 5827/8810 [00:09<00:05, 546.03it/s]
 67%|██████▋   | 5885/8810 [00:09<00:06, 472.05it/s]
 67%|██████▋   | 5936/8810 [00:09<00:06, 419.58it/s]
 68%|██████▊   | 5993/8810 [00:09<00:06, 453.85it/s]
 69%|██████▊   | 6042/8810 [00:09<00:06, 453.39it/s]
 69%|██████▉   | 6119/8810 [00:09<00:05, 532.23it/s]
 70%|███████   | 6177/8810 [00:09<00:04, 544.99it/s]
 71%|███████   | 6256/8810 [00:09<00:04, 608.24it/s]
 72%|███████▏  | 6334/8810 [00:09<00:03, 654.92it/s]
 73%|███████▎  | 6402/8810 [00:10<00:03, 626.71it/s]
 74%|███████▎  | 6483/8810 [00:10<00:03, 676.47it/s]
 75%|███████▍  | 6580/8810 [00:10<00:02, 757.58it/s]
 76%|███████▌  | 6689/8810 [00:10<00:02, 852.72it/s]
 77%|███████▋  | 6776/8810 [00:10<00:02, 836.95it/s]
 78%|███████▊  | 6875/8810 [00:10<00:02, 879.38it/s]
 79%|███████▉  | 6964/8810 [00:10<00:02, 870.17it/s]
 80%|████████  | 7052/8810 [00:10<00:02, 752.25it/s]
 81%|████████  | 7133/8810 [00:10<00:02, 764.23it/s]
 82%|████████▏ | 7212/8810 [00:11<00:02, 752.70it/s]
 83%|████████▎ | 7307/8810 [00:11<00:01, 805.57it/s]
 84%|████████▍ | 7390/8810 [00:11<00:01, 750.19it/s]
 85%|████████▍ | 7467/8810 [00:11<00:01, 691.19it/s]
 86%|████████▌ | 7538/8810 [00:11<00:02, 587.97it/s]
 87%|████████▋ | 7636/8810 [00:11<00:01, 678.85it/s]
 88%|████████▊ | 7709/8810 [00:11<00:01, 627.37it/s]
 88%|████████▊ | 7776/8810 [00:12<00:01, 559.63it/s]
 89%|████████▉ | 7860/8810 [00:12<00:01, 625.53it/s]
 90%|█████████ | 7953/8810 [00:12<00:01, 700.98it/s]
 91%|█████████ | 8028/8810 [00:12<00:01, 643.52it/s]
 92%|█████████▏| 8096/8810 [00:12<00:01, 531.38it/s]
 93%|█████████▎| 8155/8810 [00:12<00:01, 516.40it/s]
 93%|█████████▎| 8211/8810 [00:12<00:01, 483.24it/s]
 94%|█████████▍| 8284/8810 [00:12<00:00, 539.70it/s]
 95%|█████████▍| 8354/8810 [00:13<00:00, 576.42it/s]
 96%|█████████▌| 8415/8810 [00:13<00:00, 531.40it/s]
 96%|█████████▋| 8488/8810 [00:13<00:00, 577.66it/s]
 97%|█████████▋| 8567/8810 [00:13<00:00, 633.94it/s]
 98%|█████████▊| 8648/8810 [00:13<00:00, 675.33it/s]
 99%|█████████▉| 8718/8810 [00:13<00:00, 603.81it/s]
100%|██████████| 8810/8810 [00:13<00:00, 642.98it/s]
