
  0%|          | 0/8810 [00:00<?, ?it/s]
  2%|▏         | 148/8810 [00:00<00:05, 1470.25it/s]
  3%|▎         | 296/8810 [00:00<00:06, 1229.09it/s]
  5%|▍         | 431/8810 [00:00<00:06, 1273.26it/s]
  7%|▋         | 594/8810 [00:00<00:05, 1403.16it/s]
  8%|▊         | 737/8810 [00:00<00:06, 1194.72it/s]
 10%|▉         | 872/8810 [00:00<00:06, 1238.67it/s]
 11%|█▏        | 1000/8810 [00:00<00:06, 1129.29it/s]
 13%|█▎        | 1169/8810 [00:00<00:05, 1279.69it/s]
 15%|█▍        | 1316/8810 [00:01<00:05, 1330.70it/s]
 17%|█▋        | 1457/8810 [00:01<00:06, 1202.44it/s]
 18%|█▊        | 1591/8810 [00:01<00:05, 1236.90it/s]
 20%|██        | 1778/8810 [00:01<00:05, 1405.66it/s]
 22%|██▏       | 1923/8810 [00:01<00:05, 1217.05it/s]
 24%|██▍       | 2117/8810 [00:01<00:04, 1402.05it/s]
 26%|██▌       | 2266/8810 [00:01<00:05, 1260.22it/s]
 27%|██▋       | 2400/8810 [00:01<00:05, 1269.17it/s]
 29%|██▉       | 2581/8810 [00:01<00:04, 1408.08it/s]
 31%|███       | 2730/8810 [00:02<00:04, 1427.21it/s]
 33%|███▎      | 2877/8810 [00:02<00:04, 1289.30it/s]
 34%|███▍      | 3011/8810 [00:02<00:04, 1273.78it/s]
 36%|███▌      | 3142/8810 [00:02<00:04, 1208.96it/s]
 37%|███▋      | 3269/8810 [00:02<00:04, 1220.66it/s]
 39%|███▊      | 3410/8810 [00:02<00:04, 1141.18it/s]
 40%|████      | 3556/8810 [00:02<00:04, 1222.38it/s]
 42%|████▏     | 3718/8810 [00:02<00:03, 1329.23it/s]
 44%|████▍     | 3855/8810 [00:03<00:04, 1224.37it/s]
 46%|████▌     | 4046/8810 [00:03<00:03, 1405.25it/s]
 48%|████▊     | 4192/8810 [00:03<00:03, 1301.16it/s]
 49%|████▉     | 4358/8810 [00:03<00:03, 1395.61it/s]
 51%|█████     | 4507/8810 [00:03<00:03, 1413.59it/s]
 53%|█████▎    | 4652/8810 [00:03<00:03, 1244.63it/s]
 54%|█████▍    | 4782/8810 [00:03<00:03, 1216.25it/s]
 56%|█████▌    | 4908/8810 [00:03<00:03, 1184.19it/s]
 57%|█████▋    | 5029/8810 [00:04<00:03, 1039.08it/s]
 59%|█████▊    | 5157/8810 [00:04<00:03, 1098.99it/s]
 60%|██████    | 5304/8810 [00:04<00:02, 1191.34it/s]
 62%|██████▏   | 5428/8810 [00:04<00:03, 1076.53it/s]
 63%|██████▎   | 5556/8810 [00:04<00:02, 1128.89it/s]
 65%|██████▍   | 5726/8810 [00:04<00:02, 1280.64it/s]
 67%|██████▋   | 5859/8810 [00:04<00:02, 1150.64it/s]
 68%|██████▊   | 5980/8810 [00:04<00:02, 1124.25it/s]
 69%|██████▉   | 6096/8810 [00:04<00:02, 1078.74it/s]
 71%|███████   | 6256/8810 [00:05<00:02, 1212.88it/s]
 73%|███████▎  | 6400/8810 [00:05<00:02, 1152.37it/s]
 75%|███████▍  | 6570/8810 [00:05<00:01, 1294.53it/s]
 77%|███████▋  | 6758/8810 [00:05<00:01, 1453.28it/s]
 79%|███████▊  | 6933/8810 [00:05<00:01, 1532.58it/s]
 80%|████████  | 7091/8810 [00:05<00:01, 1374.38it/s]
 82%|████████▏ | 7239/8810 [00:05<00:01, 1400.72it/s]
 84%|████████▍ | 7384/8810 [00:05<00:01, 1343.54it/s]
 85%|████████▌ | 7522/8810 [00:05<00:01, 1254.25it/s]
 87%|████████▋ | 7673/8810 [00:06<00:00, 1321.20it/s]
 89%|████████▊ | 7809/8810 [00:06<00:00, 1225.38it/s]
 90%|█████████ | 7952/8810 [00:06<00:00, 1275.35it/s]
 92%|█████████▏| 8083/8810 [00:06<00:00, 1215.87it/s]
 93%|█████████▎| 8223/8810 [00:06<00:00, 1265.17it/s]
 95%|█████████▍| 8361/8810 [00:06<00:00, 1193.66it/s]
 96%|█████████▋| 8501/8810 [00:06<00:00, 1248.47it/s]
 98%|█████████▊| 8670/8810 [00:06<00:00, 1369.51it/s]
100%|██████████| 8810/8810 [00:06<00:00, 1312.67it/s]
100%|██████████| 8810/8810 [00:06<00:00, 1264.05it/s]
