
  0%|          | 0/8810 [00:00<?, ?it/s]
  1%|          | 79/8810 [00:00<00:11, 776.41it/s]
  2%|▏         | 181/8810 [00:00<00:10, 860.38it/s]
  4%|▎         | 314/8810 [00:00<00:08, 1057.33it/s]
  5%|▍         | 422/8810 [00:00<00:07, 1064.76it/s]
  6%|▋         | 572/8810 [00:00<00:06, 1215.08it/s]
  8%|▊         | 694/8810 [00:00<00:08, 917.08it/s] 
  9%|▉         | 796/8810 [00:00<00:09, 887.46it/s]
 10%|█         | 892/8810 [00:00<00:08, 882.28it/s]
 11%|█         | 985/8810 [00:01<00:09, 868.54it/s]
 12%|█▏        | 1075/8810 [00:01<00:09, 787.26it/s]
 14%|█▎        | 1196/8810 [00:01<00:08, 890.65it/s]
 15%|█▌        | 1341/8810 [00:01<00:07, 1035.43it/s]
 17%|█▋        | 1457/8810 [00:01<00:07, 1036.22it/s]
 18%|█▊        | 1592/8810 [00:01<00:06, 1118.85it/s]
 20%|██        | 1771/8810 [00:01<00:05, 1306.40it/s]
 22%|██▏       | 1905/8810 [00:01<00:06, 1143.26it/s]
 24%|██▎       | 2078/8810 [00:01<00:05, 1296.44it/s]
 26%|██▌       | 2259/8810 [00:02<00:04, 1436.47it/s]
 27%|██▋       | 2409/8810 [00:02<00:04, 1360.87it/s]
 30%|██▉       | 2642/8810 [00:02<00:03, 1621.64it/s]
 32%|███▏      | 2810/8810 [00:02<00:04, 1452.29it/s]
 34%|███▍      | 2987/8810 [00:02<00:03, 1534.29it/s]
 36%|███▌      | 3147/8810 [00:02<00:03, 1436.14it/s]
 37%|███▋      | 3296/8810 [00:02<00:03, 1389.25it/s]
 39%|███▉      | 3439/8810 [00:02<00:04, 1313.97it/s]
 41%|████      | 3584/8810 [00:03<00:03, 1346.60it/s]
 43%|████▎     | 3770/8810 [00:03<00:03, 1482.84it/s]
 45%|████▍     | 3922/8810 [00:03<00:03, 1317.93it/s]
 47%|████▋     | 4150/8810 [00:03<00:02, 1568.68it/s]
 49%|████▉     | 4315/8810 [00:03<00:03, 1463.87it/s]
 51%|█████     | 4514/8810 [00:03<00:02, 1601.63it/s]
 53%|█████▎    | 4681/8810 [00:03<00:02, 1410.79it/s]
 55%|█████▍    | 4830/8810 [00:03<00:02, 1418.71it/s]
 57%|█████▋    | 4978/8810 [00:04<00:02, 1279.15it/s]
 59%|█████▊    | 5173/8810 [00:04<00:02, 1447.03it/s]
 61%|██████    | 5372/8810 [00:04<00:02, 1449.91it/s]
 63%|██████▎   | 5539/8810 [00:04<00:02, 1504.09it/s]
 65%|██████▌   | 5754/8810 [00:04<00:02, 1520.87it/s]
 67%|██████▋   | 5909/8810 [00:04<00:01, 1492.77it/s]
 69%|██████▉   | 6061/8810 [00:04<00:01, 1399.91it/s]
 71%|███████   | 6222/8810 [00:04<00:01, 1454.54it/s]
 73%|███████▎  | 6395/8810 [00:04<00:01, 1524.33it/s]
 74%|███████▍  | 6550/8810 [00:05<00:01, 1467.73it/s]
 77%|███████▋  | 6751/8810 [00:05<00:01, 1617.10it/s]
 79%|███████▉  | 6946/8810 [00:05<00:01, 1709.31it/s]
 81%|████████  | 7120/8810 [00:05<00:01, 1507.81it/s]
 83%|████████▎ | 7277/8810 [00:05<00:01, 1520.64it/s]
 84%|████████▍ | 7434/8810 [00:05<00:00, 1478.39it/s]
 86%|████████▌ | 7585/8810 [00:05<00:00, 1473.78it/s]
 88%|████████▊ | 7735/8810 [00:05<00:00, 1406.21it/s]
 90%|████████▉ | 7917/8810 [00:05<00:00, 1519.02it/s]
 92%|█████████▏| 8072/8810 [00:06<00:00, 1335.18it/s]
 93%|█████████▎| 8211/8810 [00:06<00:00, 1346.41it/s]
 95%|█████████▍| 8361/8810 [00:06<00:00, 1334.68it/s]
 97%|█████████▋| 8541/8810 [00:06<00:00, 1457.68it/s]
 99%|█████████▉| 8702/8810 [00:06<00:00, 1418.27it/s]
100%|██████████| 8810/8810 [00:06<00:00, 1343.57it/s]
