
  0%|          | 0/8810 [00:00<?, ?it/s]
  2%|▏         | 181/8810 [00:00<00:06, 1316.84it/s]
  4%|▍         | 367/8810 [00:00<00:05, 1587.57it/s]
  6%|▋         | 567/8810 [00:00<00:04, 1756.74it/s]
  8%|▊         | 747/8810 [00:00<00:05, 1404.60it/s]
 10%|█         | 906/8810 [00:00<00:05, 1453.88it/s]
 12%|█▏        | 1059/8810 [00:00<00:05, 1386.67it/s]
 14%|█▍        | 1244/8810 [00:00<00:04, 1517.70it/s]
 16%|█▌        | 1409/8810 [00:00<00:04, 1555.10it/s]
 18%|█▊        | 1569/8810 [00:01<00:05, 1441.29it/s]
 20%|██        | 1766/8810 [00:01<00:04, 1585.20it/s]
 22%|██▏       | 1929/8810 [00:01<00:04, 1413.31it/s]
 24%|██▍       | 2152/8810 [00:01<00:04, 1627.14it/s]
 26%|██▋       | 2322/8810 [00:01<00:04, 1507.85it/s]
 29%|██▉       | 2533/8810 [00:01<00:03, 1661.95it/s]
 31%|███       | 2744/8810 [00:01<00:03, 1640.56it/s]
 33%|███▎      | 2913/8810 [00:01<00:03, 1652.84it/s]
 35%|███▍      | 3082/8810 [00:01<00:03, 1591.80it/s]
 37%|███▋      | 3246/8810 [00:02<00:03, 1602.93it/s]
 39%|███▊      | 3410/8810 [00:02<00:03, 1564.98it/s]
 41%|████      | 3621/8810 [00:02<00:03, 1711.46it/s]
 43%|████▎     | 3795/8810 [00:02<00:03, 1639.25it/s]
 46%|████▌     | 4027/8810 [00:02<00:02, 1824.43it/s]
 48%|████▊     | 4212/8810 [00:02<00:02, 1695.19it/s]
 50%|█████     | 4421/8810 [00:02<00:02, 1801.60it/s]
 52%|█████▏    | 4605/8810 [00:02<00:02, 1805.26it/s]
 54%|█████▍    | 4788/8810 [00:02<00:02, 1633.83it/s]
 56%|█████▋    | 4956/8810 [00:03<00:02, 1448.45it/s]
 59%|█████▊    | 5172/8810 [00:03<00:02, 1623.79it/s]
 61%|██████    | 5372/8810 [00:03<00:02, 1575.31it/s]
 63%|██████▎   | 5579/8810 [00:03<00:01, 1700.86it/s]
 65%|██████▌   | 5756/8810 [00:03<00:01, 1625.07it/s]
 67%|██████▋   | 5923/8810 [00:03<00:01, 1585.62it/s]
 69%|██████▉   | 6085/8810 [00:03<00:01, 1560.99it/s]
 71%|███████▏  | 6280/8810 [00:03<00:01, 1661.29it/s]
 73%|███████▎  | 6449/8810 [00:04<00:01, 1521.12it/s]
 75%|███████▌  | 6641/8810 [00:04<00:01, 1624.86it/s]
 78%|███████▊  | 6874/8810 [00:04<00:01, 1818.21it/s]
 80%|████████  | 7060/8810 [00:04<00:01, 1739.16it/s]
 82%|████████▏ | 7239/8810 [00:04<00:00, 1752.85it/s]
 84%|████████▍ | 7417/8810 [00:04<00:00, 1735.86it/s]
 86%|████████▌ | 7593/8810 [00:04<00:00, 1710.94it/s]
 88%|████████▊ | 7766/8810 [00:04<00:00, 1585.90it/s]
 90%|█████████ | 7939/8810 [00:04<00:00, 1617.28it/s]
 92%|█████████▏| 8103/8810 [00:05<00:00, 1416.98it/s]
 94%|█████████▍| 8264/8810 [00:05<00:00, 1465.39it/s]
 96%|█████████▌| 8415/8810 [00:05<00:00, 1375.96it/s]
 98%|█████████▊| 8613/8810 [00:05<00:00, 1534.62it/s]
100%|█████████▉| 8772/8810 [00:05<00:00, 1466.61it/s]
100%|██████████| 8810/8810 [00:05<00:00, 1590.18it/s]
