
  0%|          | 0/8810 [00:00<?, ?it/s]
  2%|▏         | 181/8810 [00:00<00:05, 1638.04it/s]
  5%|▍         | 433/8810 [00:00<00:03, 2122.04it/s]
  7%|▋         | 656/8810 [00:00<00:04, 2011.77it/s]
 10%|▉         | 859/8810 [00:00<00:04, 1926.57it/s]
 12%|█▏        | 1053/8810 [00:00<00:04, 1761.24it/s]
 15%|█▍        | 1282/8810 [00:00<00:03, 1921.14it/s]
 17%|█▋        | 1478/8810 [00:00<00:04, 1729.43it/s]
 19%|█▉        | 1707/8810 [00:00<00:03, 1882.90it/s]
 22%|██▏       | 1901/8810 [00:01<00:03, 1745.43it/s]
 25%|██▍       | 2178/8810 [00:01<00:03, 2024.09it/s]
 27%|██▋       | 2388/8810 [00:01<00:03, 1811.59it/s]
 30%|███       | 2653/8810 [00:01<00:03, 2030.62it/s]
 33%|███▎      | 2866/8810 [00:01<00:03, 1777.62it/s]
 35%|███▍      | 3055/8810 [00:01<00:03, 1782.29it/s]
 37%|███▋      | 3242/8810 [00:01<00:03, 1578.49it/s]
 39%|███▊      | 3410/8810 [00:01<00:03, 1508.18it/s]
 41%|████      | 3588/8810 [00:02<00:03, 1573.98it/s]
 43%|████▎     | 3771/8810 [00:02<00:03, 1638.03it/s]
 45%|████▍     | 3940/8810 [00:02<00:03, 1443.34it/s]
 47%|████▋     | 4153/8810 [00:02<00:02, 1616.74it/s]
 49%|████▉     | 4323/8810 [00:02<00:02, 1518.27it/s]
 51%|█████▏    | 4531/8810 [00:02<00:02, 1663.61it/s]
 53%|█████▎    | 4704/8810 [00:02<00:02, 1501.14it/s]
 55%|█████▌    | 4875/8810 [00:02<00:02, 1549.20it/s]
 57%|█████▋    | 5036/8810 [00:03<00:02, 1402.44it/s]
 59%|█████▉    | 5208/8810 [00:03<00:02, 1480.71it/s]
 61%|██████    | 5372/8810 [00:03<00:02, 1433.16it/s]
 63%|██████▎   | 5543/8810 [00:03<00:02, 1505.39it/s]
 65%|██████▌   | 5735/8810 [00:03<00:01, 1614.75it/s]
 67%|██████▋   | 5901/8810 [00:03<00:02, 1414.49it/s]
 69%|██████▊   | 6049/8810 [00:03<00:02, 1309.90it/s]
 71%|███████   | 6222/8810 [00:03<00:01, 1412.92it/s]
 72%|███████▏  | 6384/8810 [00:03<00:01, 1467.18it/s]
 74%|███████▍  | 6536/8810 [00:04<00:01, 1350.71it/s]
 77%|███████▋  | 6763/8810 [00:04<00:01, 1592.56it/s]
 79%|███████▉  | 6969/8810 [00:04<00:01, 1714.92it/s]
 81%|████████  | 7147/8810 [00:04<00:01, 1517.44it/s]
 83%|████████▎ | 7313/8810 [00:04<00:00, 1551.21it/s]
 85%|████████▍ | 7475/8810 [00:04<00:00, 1405.82it/s]
 87%|████████▋ | 7631/8810 [00:04<00:00, 1442.30it/s]
 88%|████████▊ | 7781/8810 [00:04<00:00, 1280.62it/s]
 90%|█████████ | 7944/8810 [00:05<00:00, 1366.15it/s]
 92%|█████████▏| 8087/8810 [00:05<00:00, 1210.90it/s]
 94%|█████████▎| 8241/8810 [00:05<00:00, 1292.30it/s]
 95%|█████████▌| 8377/8810 [00:05<00:00, 1254.61it/s]
 97%|█████████▋| 8580/8810 [00:05<00:00, 1458.74it/s]
 99%|█████████▉| 8732/8810 [00:05<00:00, 1376.42it/s]
100%|██████████| 8810/8810 [00:05<00:00, 1562.50it/s]
