
  0%|          | 0/8810 [00:00<?, ?it/s]
  2%|▏         | 181/8810 [00:00<00:06, 1312.32it/s]
  5%|▍         | 417/8810 [00:00<00:04, 1842.66it/s]
  7%|▋         | 628/8810 [00:00<00:04, 1950.06it/s]
  9%|▉         | 829/8810 [00:00<00:05, 1565.51it/s]
 11%|█▏        | 998/8810 [00:00<00:05, 1431.26it/s]
 14%|█▍        | 1248/8810 [00:00<00:04, 1719.14it/s]
 16%|█▋        | 1441/8810 [00:00<00:04, 1778.38it/s]
 18%|█▊        | 1628/8810 [00:00<00:04, 1632.48it/s]
 21%|██        | 1821/8810 [00:01<00:04, 1561.29it/s]
 23%|██▎       | 1983/8810 [00:01<00:04, 1510.04it/s]
 25%|██▌       | 2205/8810 [00:01<00:03, 1694.71it/s]
 27%|██▋       | 2380/8810 [00:01<00:04, 1471.27it/s]
 30%|███       | 2643/8810 [00:01<00:03, 1760.26it/s]
 32%|███▏      | 2831/8810 [00:01<00:03, 1594.56it/s]
 34%|███▍      | 3008/8810 [00:01<00:03, 1638.25it/s]
 36%|███▌      | 3180/8810 [00:01<00:03, 1542.62it/s]
 38%|███▊      | 3389/8810 [00:02<00:03, 1684.66it/s]
 40%|████      | 3564/8810 [00:02<00:03, 1512.78it/s]
 43%|████▎     | 3774/8810 [00:02<00:03, 1533.55it/s]
 45%|████▌     | 3976/8810 [00:02<00:02, 1655.77it/s]
 47%|████▋     | 4180/8810 [00:02<00:02, 1656.66it/s]
 50%|████▉     | 4402/8810 [00:02<00:02, 1804.34it/s]
 52%|█████▏    | 4621/8810 [00:02<00:02, 1905.75it/s]
 55%|█████▍    | 4816/8810 [00:02<00:02, 1606.25it/s]
 57%|█████▋    | 4988/8810 [00:03<00:02, 1462.11it/s]
 58%|█████▊    | 5151/8810 [00:03<00:02, 1502.66it/s]
 60%|██████    | 5329/8810 [00:03<00:02, 1572.70it/s]
 62%|██████▏   | 5493/8810 [00:03<00:02, 1460.17it/s]
 65%|██████▍   | 5721/8810 [00:03<00:01, 1670.97it/s]
 67%|██████▋   | 5895/8810 [00:03<00:01, 1471.85it/s]
 69%|██████▊   | 6051/8810 [00:03<00:01, 1393.62it/s]
 71%|███████   | 6232/8810 [00:03<00:01, 1495.12it/s]
 73%|███████▎  | 6400/8810 [00:04<00:01, 1426.40it/s]
 75%|███████▌  | 6615/8810 [00:04<00:01, 1612.14it/s]
 78%|███████▊  | 6834/8810 [00:04<00:01, 1767.75it/s]
 80%|███████▉  | 7017/8810 [00:04<00:01, 1712.57it/s]
 82%|████████▏ | 7196/8810 [00:04<00:00, 1733.29it/s]
 84%|████████▎ | 7373/8810 [00:04<00:00, 1598.92it/s]
 86%|████████▌ | 7537/8810 [00:04<00:00, 1562.73it/s]
 88%|████████▊ | 7715/8810 [00:04<00:00, 1491.58it/s]
 90%|████████▉ | 7894/8810 [00:04<00:00, 1568.20it/s]
 91%|█████████▏| 8054/8810 [00:05<00:00, 1425.05it/s]
 93%|█████████▎| 8214/8810 [00:05<00:00, 1468.54it/s]
 95%|█████████▍| 8365/8810 [00:05<00:00, 1417.94it/s]
 97%|█████████▋| 8540/8810 [00:05<00:00, 1507.40it/s]
 99%|█████████▉| 8702/8810 [00:05<00:00, 1457.49it/s]
100%|██████████| 8810/8810 [00:05<00:00, 1583.17it/s]
