
  0%|          | 0/8810 [00:00<?, ?it/s]
  2%|▏         | 181/8810 [00:00<00:06, 1324.58it/s]
  4%|▍         | 394/8810 [00:00<00:04, 1723.59it/s]
  7%|▋         | 599/8810 [00:00<00:04, 1854.85it/s]
  9%|▉         | 789/8810 [00:00<00:05, 1591.98it/s]
 11%|█         | 959/8810 [00:00<00:04, 1625.06it/s]
 13%|█▎        | 1127/8810 [00:00<00:04, 1565.17it/s]
 15%|█▍        | 1313/8810 [00:00<00:04, 1651.73it/s]
 17%|█▋        | 1482/8810 [00:00<00:05, 1461.01it/s]
 19%|█▊        | 1649/8810 [00:01<00:04, 1511.73it/s]
 21%|██        | 1821/8810 [00:01<00:04, 1497.67it/s]
 22%|██▏       | 1974/8810 [00:01<00:04, 1485.96it/s]
 25%|██▍       | 2188/8810 [00:01<00:03, 1668.74it/s]
 27%|██▋       | 2358/8810 [00:01<00:04, 1526.82it/s]
 29%|██▉       | 2555/8810 [00:01<00:03, 1646.21it/s]
 31%|███       | 2744/8810 [00:01<00:03, 1599.37it/s]
 33%|███▎      | 2908/8810 [00:01<00:03, 1604.73it/s]
 35%|███▍      | 3071/8810 [00:01<00:03, 1453.97it/s]
 37%|███▋      | 3231/8810 [00:02<00:03, 1490.31it/s]
 39%|███▊      | 3407/8810 [00:02<00:03, 1561.90it/s]
 40%|████      | 3567/8810 [00:02<00:03, 1474.57it/s]
 43%|████▎     | 3774/8810 [00:02<00:03, 1493.19it/s]
 45%|████▍     | 3953/8810 [00:02<00:03, 1568.36it/s]
 47%|████▋     | 4179/8810 [00:02<00:02, 1753.60it/s]
 49%|████▉     | 4358/8810 [00:02<00:02, 1585.28it/s]
 52%|█████▏    | 4542/8810 [00:02<00:02, 1649.75it/s]
 53%|█████▎    | 4712/8810 [00:03<00:02, 1459.87it/s]
 55%|█████▌    | 4882/8810 [00:03<00:02, 1519.28it/s]
 57%|█████▋    | 5040/8810 [00:03<00:02, 1367.27it/s]
 59%|█████▉    | 5205/8810 [00:03<00:02, 1434.88it/s]
 61%|██████    | 5372/8810 [00:03<00:02, 1363.20it/s]
 63%|██████▎   | 5523/8810 [00:03<00:02, 1394.41it/s]
 65%|██████▍   | 5722/8810 [00:03<00:01, 1551.37it/s]
 67%|██████▋   | 5882/8810 [00:03<00:02, 1372.96it/s]
 68%|██████▊   | 6026/8810 [00:03<00:02, 1312.64it/s]
 70%|██████▉   | 6162/8810 [00:04<00:02, 1209.25it/s]
 72%|███████▏  | 6323/8810 [00:04<00:01, 1309.59it/s]
 73%|███████▎  | 6459/8810 [00:04<00:01, 1283.58it/s]
 76%|███████▌  | 6662/8810 [00:04<00:01, 1481.06it/s]
 78%|███████▊  | 6881/8810 [00:04<00:01, 1676.86it/s]
 80%|████████  | 7054/8810 [00:04<00:01, 1584.36it/s]
 82%|████████▏ | 7217/8810 [00:04<00:01, 1573.19it/s]
 84%|████████▎ | 7378/8810 [00:04<00:00, 1509.33it/s]
 85%|████████▌ | 7532/8810 [00:05<00:00, 1412.70it/s]
 88%|████████▊ | 7715/8810 [00:05<00:00, 1440.78it/s]
 89%|████████▉ | 7876/8810 [00:05<00:00, 1483.08it/s]
 91%|█████████ | 8035/8810 [00:05<00:00, 1512.29it/s]
 93%|█████████▎| 8188/8810 [00:05<00:00, 1393.16it/s]
 95%|█████████▍| 8361/8810 [00:05<00:00, 1359.40it/s]
 97%|█████████▋| 8545/8810 [00:05<00:00, 1483.23it/s]
 99%|█████████▉| 8702/8810 [00:05<00:00, 1412.58it/s]
100%|██████████| 8810/8810 [00:05<00:00, 1498.36it/s]
