
  0%|          | 0/8810 [00:00<?, ?it/s]
  2%|▏         | 147/8810 [00:00<00:05, 1464.40it/s]
  3%|▎         | 294/8810 [00:00<00:06, 1282.66it/s]
  5%|▌         | 453/8810 [00:00<00:05, 1409.26it/s]
  7%|▋         | 644/8810 [00:00<00:05, 1590.40it/s]
  9%|▉         | 805/8810 [00:00<00:06, 1311.37it/s]
 11%|█         | 944/8810 [00:00<00:05, 1328.08it/s]
 12%|█▏        | 1082/8810 [00:00<00:06, 1281.39it/s]
 14%|█▍        | 1273/8810 [00:00<00:05, 1459.80it/s]
 17%|█▋        | 1457/8810 [00:01<00:05, 1409.93it/s]
 19%|█▊        | 1635/8810 [00:01<00:04, 1506.60it/s]
 20%|██        | 1790/8810 [00:01<00:04, 1504.43it/s]
 22%|██▏       | 1944/8810 [00:01<00:05, 1313.77it/s]
 24%|██▍       | 2140/8810 [00:01<00:04, 1479.76it/s]
 26%|██▌       | 2295/8810 [00:01<00:04, 1312.36it/s]
 28%|██▊       | 2470/8810 [00:01<00:04, 1420.01it/s]
 30%|███       | 2676/8810 [00:01<00:03, 1588.96it/s]
 32%|███▏      | 2843/8810 [00:01<00:04, 1472.46it/s]
 34%|███▍      | 3013/8810 [00:02<00:03, 1532.36it/s]
 36%|███▌      | 3172/8810 [00:02<00:03, 1449.80it/s]
 38%|███▊      | 3322/8810 [00:02<00:03, 1446.11it/s]
 39%|███▉      | 3470/8810 [00:02<00:03, 1355.43it/s]
 42%|████▏     | 3659/8810 [00:02<00:03, 1494.74it/s]
 43%|████▎     | 3812/8810 [00:02<00:03, 1446.43it/s]
 45%|████▌     | 3970/8810 [00:02<00:03, 1480.45it/s]
 47%|████▋     | 4170/8810 [00:02<00:02, 1622.68it/s]
 49%|████▉     | 4335/8810 [00:02<00:02, 1506.34it/s]
 51%|█████▏    | 4531/8810 [00:03<00:02, 1629.35it/s]
 53%|█████▎    | 4698/8810 [00:03<00:02, 1422.96it/s]
 55%|█████▌    | 4871/8810 [00:03<00:02, 1499.68it/s]
 57%|█████▋    | 5027/8810 [00:03<00:02, 1389.87it/s]
 59%|█████▉    | 5192/8810 [00:03<00:02, 1457.32it/s]
 61%|██████    | 5372/8810 [00:03<00:02, 1425.61it/s]
 63%|██████▎   | 5553/8810 [00:03<00:02, 1523.04it/s]
 65%|██████▌   | 5751/8810 [00:03<00:01, 1646.18it/s]
 67%|██████▋   | 5920/8810 [00:04<00:02, 1417.03it/s]
 69%|██████▉   | 6070/8810 [00:04<00:02, 1327.06it/s]
 71%|███████   | 6222/8810 [00:04<00:01, 1374.49it/s]
 72%|███████▏  | 6386/8810 [00:04<00:01, 1441.20it/s]
 74%|███████▍  | 6535/8810 [00:04<00:01, 1312.09it/s]
 77%|███████▋  | 6747/8810 [00:04<00:01, 1520.34it/s]
 79%|███████▊  | 6931/8810 [00:04<00:01, 1603.31it/s]
 81%|████████  | 7097/8810 [00:04<00:01, 1421.39it/s]
 82%|████████▏ | 7247/8810 [00:05<00:01, 1430.64it/s]
 84%|████████▍ | 7396/8810 [00:05<00:01, 1393.93it/s]
 86%|████████▌ | 7539/8810 [00:05<00:00, 1286.78it/s]
 88%|████████▊ | 7715/8810 [00:05<00:00, 1276.71it/s]
 89%|████████▉ | 7846/8810 [00:05<00:00, 1273.23it/s]
 91%|█████████ | 8001/8810 [00:05<00:00, 1336.97it/s]
 92%|█████████▏| 8137/8810 [00:05<00:00, 1155.35it/s]
 94%|█████████▍| 8287/8810 [00:05<00:00, 1241.60it/s]
 96%|█████████▌| 8417/8810 [00:05<00:00, 1185.55it/s]
 98%|█████████▊| 8596/8810 [00:06<00:00, 1337.21it/s]
 99%|█████████▉| 8735/8810 [00:06<00:00, 1248.45it/s]
100%|██████████| 8810/8810 [00:06<00:00, 1408.08it/s]
