
  0%|          | 0/8810 [00:00<?, ?it/s]
  2%|▏         | 181/8810 [00:00<00:05, 1486.58it/s]
  4%|▍         | 394/8810 [00:00<00:04, 1826.75it/s]
  7%|▋         | 629/8810 [00:00<00:03, 2052.72it/s]
 10%|▉         | 837/8810 [00:00<00:04, 1838.04it/s]
 12%|█▏        | 1026/8810 [00:00<00:04, 1726.30it/s]
 14%|█▍        | 1243/8810 [00:00<00:04, 1857.25it/s]
 16%|█▋        | 1433/8810 [00:00<00:04, 1816.09it/s]
 18%|█▊        | 1617/8810 [00:00<00:04, 1569.09it/s]
 20%|██        | 1803/8810 [00:01<00:04, 1642.08it/s]
 22%|██▏       | 1973/8810 [00:01<00:04, 1439.68it/s]
 25%|██▍       | 2174/8810 [00:01<00:04, 1580.57it/s]
 27%|██▋       | 2340/8810 [00:01<00:04, 1424.12it/s]
 29%|██▉       | 2533/8810 [00:01<00:04, 1542.64it/s]
 31%|███       | 2725/8810 [00:01<00:03, 1641.35it/s]
 33%|███▎      | 2896/8810 [00:01<00:03, 1517.62it/s]
 35%|███▍      | 3057/8810 [00:01<00:04, 1426.42it/s]
 37%|███▋      | 3235/8810 [00:02<00:03, 1514.83it/s]
 39%|███▊      | 3410/8810 [00:02<00:03, 1453.58it/s]
 41%|████      | 3589/8810 [00:02<00:03, 1539.08it/s]
 43%|████▎     | 3774/8810 [00:02<00:03, 1507.51it/s]
 45%|████▍     | 3933/8810 [00:02<00:03, 1526.95it/s]
 47%|████▋     | 4148/8810 [00:02<00:02, 1696.52it/s]
 49%|████▉     | 4321/8810 [00:02<00:02, 1571.25it/s]
 51%|█████▏    | 4520/8810 [00:02<00:02, 1684.30it/s]
 53%|█████▎    | 4693/8810 [00:02<00:02, 1473.45it/s]
 55%|█████▌    | 4857/8810 [00:03<00:02, 1514.87it/s]
 57%|█████▋    | 5014/8810 [00:03<00:02, 1417.93it/s]
 59%|█████▉    | 5182/8810 [00:03<00:02, 1478.26it/s]
 61%|██████    | 5365/8810 [00:03<00:02, 1573.03it/s]
 63%|██████▎   | 5527/8810 [00:03<00:02, 1490.62it/s]
 65%|██████▌   | 5744/8810 [00:03<00:01, 1674.02it/s]
 67%|██████▋   | 5916/8810 [00:03<00:02, 1418.90it/s]
 69%|██████▉   | 6067/8810 [00:03<00:01, 1378.80it/s]
 71%|███████   | 6255/8810 [00:04<00:01, 1501.80it/s]
 73%|███████▎  | 6412/8810 [00:04<00:01, 1379.60it/s]
 75%|███████▍  | 6592/8810 [00:04<00:01, 1487.17it/s]
 77%|███████▋  | 6820/8810 [00:04<00:01, 1696.60it/s]
 79%|███████▉  | 6996/8810 [00:04<00:01, 1618.27it/s]
 81%|████████▏ | 7163/8810 [00:04<00:01, 1576.64it/s]
 83%|████████▎ | 7325/8810 [00:04<00:00, 1545.81it/s]
 85%|████████▍ | 7482/8810 [00:04<00:00, 1424.97it/s]
 87%|████████▋ | 7638/8810 [00:04<00:00, 1454.19it/s]
 88%|████████▊ | 7786/8810 [00:05<00:00, 1268.49it/s]
 90%|████████▉ | 7918/8810 [00:05<00:00, 1279.07it/s]
 91%|█████████▏| 8050/8810 [00:05<00:00, 1105.95it/s]
 93%|█████████▎| 8192/8810 [00:05<00:00, 1181.21it/s]
 95%|█████████▍| 8355/8810 [00:05<00:00, 1294.78it/s]
 96%|█████████▋| 8491/8810 [00:05<00:00, 1242.60it/s]
 98%|█████████▊| 8655/8810 [00:05<00:00, 1347.46it/s]
100%|█████████▉| 8794/8810 [00:05<00:00, 1337.13it/s]
100%|██████████| 8810/8810 [00:05<00:00, 1498.41it/s]
