
  0%|          | 0/8810 [00:00<?, ?it/s]
  1%|          | 78/8810 [00:00<00:12, 726.33it/s]
  2%|▏         | 181/8810 [00:00<00:13, 662.87it/s]
  3%|▎         | 296/8810 [00:00<00:10, 844.82it/s]
  5%|▍         | 427/8810 [00:00<00:08, 998.59it/s]
  6%|▋         | 560/8810 [00:00<00:07, 1107.75it/s]
  8%|▊         | 675/8810 [00:00<00:08, 927.72it/s] 
  9%|▉         | 775/8810 [00:00<00:08, 927.03it/s]
 10%|█         | 885/8810 [00:00<00:08, 972.57it/s]
 11%|█         | 986/8810 [00:01<00:08, 961.34it/s]
 12%|█▏        | 1085/8810 [00:01<00:08, 862.48it/s]
 13%|█▎        | 1189/8810 [00:01<00:08, 908.78it/s]
 15%|█▍        | 1297/8810 [00:01<00:07, 953.84it/s]
 16%|█▌        | 1402/8810 [00:01<00:07, 978.84it/s]
 17%|█▋        | 1502/8810 [00:01<00:08, 836.45it/s]
 18%|█▊        | 1610/8810 [00:01<00:08, 899.12it/s]
 20%|█▉        | 1739/8810 [00:01<00:07, 1001.80it/s]
 21%|██        | 1844/8810 [00:02<00:08, 841.89it/s] 
 22%|██▏       | 1936/8810 [00:02<00:08, 811.18it/s]
 23%|██▎       | 2056/8810 [00:02<00:07, 896.52it/s]
 25%|██▍       | 2193/8810 [00:02<00:06, 1013.74it/s]
 26%|██▌       | 2300/8810 [00:02<00:07, 837.02it/s] 
 27%|██▋       | 2411/8810 [00:02<00:07, 898.97it/s]
 29%|██▉       | 2549/8810 [00:02<00:06, 1001.40it/s]
 30%|███       | 2658/8810 [00:02<00:06, 1020.44it/s]
 31%|███▏      | 2765/8810 [00:03<00:06, 895.90it/s] 
 32%|███▏      | 2861/8810 [00:03<00:07, 767.64it/s]
 33%|███▎      | 2945/8810 [00:03<00:08, 727.28it/s]
 35%|███▍      | 3052/8810 [00:03<00:07, 806.44it/s]
 36%|███▌      | 3138/8810 [00:03<00:07, 738.86it/s]
 37%|███▋      | 3225/8810 [00:03<00:07, 768.09it/s]
 38%|███▊      | 3306/8810 [00:03<00:07, 772.49it/s]
 38%|███▊      | 3389/8810 [00:03<00:06, 786.00it/s]
 39%|███▉      | 3470/8810 [00:04<00:08, 665.77it/s]
 41%|████      | 3610/8810 [00:04<00:06, 848.45it/s]
 42%|████▏     | 3713/8810 [00:04<00:05, 888.08it/s]
 43%|████▎     | 3807/8810 [00:04<00:06, 833.50it/s]
 44%|████▍     | 3899/8810 [00:04<00:05, 849.38it/s]
 46%|████▌     | 4047/8810 [00:04<00:04, 1016.73it/s]
 47%|████▋     | 4176/8810 [00:04<00:04, 1089.46it/s]
 49%|████▊     | 4288/8810 [00:04<00:04, 974.32it/s] 
 50%|█████     | 4409/8810 [00:04<00:04, 1035.62it/s]
 51%|█████▏    | 4517/8810 [00:05<00:04, 1035.14it/s]
 52%|█████▏    | 4624/8810 [00:05<00:04, 1012.72it/s]
 54%|█████▎    | 4728/8810 [00:05<00:04, 828.62it/s] 
 55%|█████▍    | 4830/8810 [00:05<00:04, 874.51it/s]
 56%|█████▌    | 4923/8810 [00:05<00:04, 873.78it/s]
 57%|█████▋    | 5015/8810 [00:05<00:04, 833.74it/s]
 58%|█████▊    | 5102/8810 [00:05<00:04, 828.97it/s]
 59%|█████▉    | 5196/8810 [00:05<00:04, 857.52it/s]
 60%|██████    | 5297/8810 [00:05<00:03, 898.38it/s]
 61%|██████    | 5389/8810 [00:06<00:04, 797.11it/s]
 62%|██████▏   | 5503/8810 [00:06<00:03, 882.56it/s]
 64%|██████▎   | 5599/8810 [00:06<00:03, 899.24it/s]
 65%|██████▍   | 5726/8810 [00:06<00:03, 1002.57it/s]
 66%|██████▌   | 5829/8810 [00:06<00:03, 895.62it/s] 
 67%|██████▋   | 5923/8810 [00:06<00:03, 805.81it/s]
 68%|██████▊   | 6008/8810 [00:06<00:03, 813.30it/s]
 69%|██████▉   | 6093/8810 [00:06<00:03, 731.90it/s]
 70%|███████   | 6170/8810 [00:07<00:03, 728.99it/s]
 71%|███████▏  | 6279/8810 [00:07<00:03, 817.19it/s]
 72%|███████▏  | 6367/8810 [00:07<00:02, 833.85it/s]
 73%|███████▎  | 6453/8810 [00:07<00:03, 733.27it/s]
 74%|███████▍  | 6547/8810 [00:07<00:02, 778.73it/s]
 76%|███████▌  | 6674/8810 [00:07<00:02, 909.58it/s]
 77%|███████▋  | 6789/8810 [00:07<00:02, 968.37it/s]
 78%|███████▊  | 6898/8810 [00:07<00:01, 1001.84it/s]
 79%|███████▉  | 7001/8810 [00:07<00:01, 910.32it/s] 
 81%|████████  | 7096/8810 [00:08<00:01, 920.73it/s]
 82%|████████▏ | 7191/8810 [00:08<00:01, 923.88it/s]
 83%|████████▎ | 7314/8810 [00:08<00:01, 1004.19it/s]
 84%|████████▍ | 7416/8810 [00:08<00:01, 988.08it/s] 
 85%|████████▌ | 7516/8810 [00:08<00:01, 793.22it/s]
 87%|████████▋ | 7639/8810 [00:08<00:01, 894.25it/s]
 88%|████████▊ | 7735/8810 [00:08<00:01, 786.43it/s]
 89%|████████▉ | 7822/8810 [00:08<00:01, 804.13it/s]
 90%|█████████ | 7931/8810 [00:09<00:01, 872.74it/s]
 91%|█████████ | 8028/8810 [00:09<00:00, 898.45it/s]
 92%|█████████▏| 8122/8810 [00:09<00:00, 768.96it/s]
 93%|█████████▎| 8211/8810 [00:09<00:00, 798.27it/s]
 94%|█████████▍| 8316/8810 [00:09<00:00, 863.94it/s]
 95%|█████████▌| 8407/8810 [00:09<00:00, 733.51it/s]
 97%|█████████▋| 8512/8810 [00:09<00:00, 809.26it/s]
 98%|█████████▊| 8626/8810 [00:09<00:00, 892.73it/s]
 99%|█████████▉| 8721/8810 [00:10<00:00, 786.73it/s]
100%|██████████| 8810/8810 [00:10<00:00, 870.29it/s]
