
  0%|          | 0/8810 [00:00<?, ?it/s]
  2%|▏         | 181/8810 [00:00<00:06, 1429.00it/s]
  4%|▍         | 393/8810 [00:00<00:04, 1792.16it/s]
  7%|▋         | 645/8810 [00:00<00:03, 2105.42it/s]
 10%|▉         | 860/8810 [00:00<00:04, 1757.88it/s]
 12%|█▏        | 1045/8810 [00:00<00:04, 1668.48it/s]
 14%|█▍        | 1270/8810 [00:00<00:04, 1836.06it/s]
 17%|█▋        | 1460/8810 [00:00<00:04, 1691.51it/s]
 19%|█▉        | 1690/8810 [00:00<00:03, 1860.31it/s]
 21%|██▏       | 1883/8810 [00:01<00:04, 1667.12it/s]
 24%|██▍       | 2141/8810 [00:01<00:03, 1906.39it/s]
 27%|██▋       | 2341/8810 [00:01<00:03, 1706.35it/s]
 29%|██▉       | 2592/8810 [00:01<00:03, 1899.20it/s]
 32%|███▏      | 2792/8810 [00:01<00:03, 1734.36it/s]
 34%|███▍      | 2974/8810 [00:01<00:03, 1680.56it/s]
 36%|███▌      | 3148/8810 [00:01<00:03, 1557.92it/s]
 38%|███▊      | 3309/8810 [00:01<00:03, 1530.40it/s]
 39%|███▉      | 3465/8810 [00:02<00:03, 1403.07it/s]
 41%|████▏     | 3656/8810 [00:02<00:03, 1531.68it/s]
 43%|████▎     | 3814/8810 [00:02<00:03, 1461.96it/s]
 45%|████▌     | 3990/8810 [00:02<00:03, 1537.59it/s]
 47%|████▋     | 4180/8810 [00:02<00:03, 1500.18it/s]
 50%|████▉     | 4381/8810 [00:02<00:02, 1634.17it/s]
 52%|█████▏    | 4549/8810 [00:02<00:02, 1580.55it/s]
 53%|█████▎    | 4710/8810 [00:02<00:03, 1348.93it/s]
 55%|█████▌    | 4858/8810 [00:03<00:02, 1380.90it/s]
 57%|█████▋    | 5002/8810 [00:03<00:02, 1296.13it/s]
 59%|█████▉    | 5182/8810 [00:03<00:02, 1422.90it/s]
 61%|██████    | 5372/8810 [00:03<00:02, 1412.80it/s]
 63%|██████▎   | 5543/8810 [00:03<00:02, 1489.76it/s]
 65%|██████▌   | 5754/8810 [00:03<00:02, 1524.54it/s]
 67%|██████▋   | 5909/8810 [00:03<00:01, 1494.15it/s]
 69%|██████▉   | 6060/8810 [00:03<00:01, 1434.98it/s]
 71%|███████   | 6242/8810 [00:03<00:01, 1537.90it/s]
 73%|███████▎  | 6400/8810 [00:04<00:01, 1465.03it/s]
 75%|███████▍  | 6582/8810 [00:04<00:01, 1560.59it/s]
 77%|███████▋  | 6790/8810 [00:04<00:01, 1702.03it/s]
 79%|███████▉  | 6972/8810 [00:04<00:01, 1601.25it/s]
 81%|████████  | 7152/8810 [00:04<00:01, 1651.59it/s]
 83%|████████▎ | 7328/8810 [00:04<00:00, 1680.23it/s]
 85%|████████▌ | 7498/8810 [00:04<00:00, 1437.43it/s]
 87%|████████▋ | 7668/8810 [00:04<00:00, 1503.72it/s]
 89%|████████▉ | 7825/8810 [00:04<00:00, 1362.07it/s]
 91%|█████████ | 7988/8810 [00:05<00:00, 1430.01it/s]
 92%|█████████▏| 8137/8810 [00:05<00:00, 1308.86it/s]
 94%|█████████▍| 8305/8810 [00:05<00:00, 1403.36it/s]
 96%|█████████▌| 8451/8810 [00:05<00:00, 1283.64it/s]
 98%|█████████▊| 8633/8810 [00:05<00:00, 1421.18it/s]
100%|█████████▉| 8781/8810 [00:05<00:00, 1388.02it/s]
100%|██████████| 8810/8810 [00:05<00:00, 1546.30it/s]
