
  0%|          | 0/8810 [00:00<?, ?it/s]
  2%|▏         | 181/8810 [00:00<00:05, 1591.78it/s]
  5%|▍         | 434/8810 [00:00<00:03, 2105.95it/s]
  7%|▋         | 656/8810 [00:00<00:04, 2019.97it/s]
 10%|▉         | 860/8810 [00:00<00:03, 2021.41it/s]
 12%|█▏        | 1064/8810 [00:00<00:04, 1863.54it/s]
 14%|█▍        | 1258/8810 [00:00<00:04, 1886.60it/s]
 17%|█▋        | 1457/8810 [00:00<00:04, 1744.62it/s]
 19%|█▊        | 1648/8810 [00:00<00:04, 1787.70it/s]
 21%|██        | 1830/8810 [00:01<00:04, 1673.76it/s]
 23%|██▎       | 2036/8810 [00:01<00:03, 1777.71it/s]
 26%|██▌       | 2263/8810 [00:01<00:03, 1727.95it/s]
 28%|██▊       | 2501/8810 [00:01<00:03, 1895.34it/s]
 31%|███       | 2744/8810 [00:01<00:03, 1832.71it/s]
 33%|███▎      | 2931/8810 [00:01<00:03, 1824.56it/s]
 35%|███▌      | 3116/8810 [00:01<00:03, 1789.14it/s]
 38%|███▊      | 3312/8810 [00:01<00:02, 1835.47it/s]
 40%|███▉      | 3498/8810 [00:01<00:03, 1699.99it/s]
 42%|████▏     | 3726/8810 [00:02<00:02, 1854.55it/s]
 44%|████▍     | 3915/8810 [00:02<00:02, 1714.58it/s]
 47%|████▋     | 4180/8810 [00:02<00:02, 1778.83it/s]
 50%|█████     | 4418/8810 [00:02<00:02, 1929.53it/s]
 52%|█████▏    | 4625/8810 [00:02<00:02, 1810.17it/s]
 55%|█████▍    | 4811/8810 [00:02<00:02, 1821.88it/s]
 57%|█████▋    | 4996/8810 [00:02<00:02, 1678.31it/s]
 59%|█████▉    | 5181/8810 [00:02<00:02, 1716.25it/s]
 61%|██████    | 5372/8810 [00:02<00:02, 1685.88it/s]
 63%|██████▎   | 5586/8810 [00:03<00:01, 1807.67it/s]
 65%|██████▌   | 5770/8810 [00:03<00:01, 1765.11it/s]
 68%|██████▊   | 5949/8810 [00:03<00:01, 1733.33it/s]
 70%|██████▉   | 6124/8810 [00:03<00:01, 1690.30it/s]
 72%|███████▏  | 6332/8810 [00:03<00:01, 1795.96it/s]
 74%|███████▍  | 6513/8810 [00:03<00:01, 1661.64it/s]
 77%|███████▋  | 6780/8810 [00:03<00:01, 1935.78it/s]
 79%|███████▉  | 6978/8810 [00:03<00:00, 1900.32it/s]
 81%|████████▏ | 7172/8810 [00:03<00:00, 1845.53it/s]
 84%|████████▎ | 7360/8810 [00:04<00:00, 1720.44it/s]
 86%|████████▌ | 7535/8810 [00:04<00:00, 1665.84it/s]
 88%|████████▊ | 7715/8810 [00:04<00:00, 1595.20it/s]
 90%|████████▉ | 7894/8810 [00:04<00:00, 1644.92it/s]
 91%|█████████▏| 8061/8810 [00:04<00:00, 1454.55it/s]
 93%|█████████▎| 8229/8810 [00:04<00:00, 1511.14it/s]
 95%|█████████▌| 8385/8810 [00:04<00:00, 1472.49it/s]
 98%|█████████▊| 8606/8810 [00:04<00:00, 1668.68it/s]
100%|█████████▉| 8777/8810 [00:05<00:00, 1499.86it/s]
100%|██████████| 8810/8810 [00:05<00:00, 1738.64it/s]
