
  0%|          | 0/8810 [00:00<?, ?it/s]
  2%|▏         | 181/8810 [00:00<00:06, 1375.71it/s]
  5%|▍         | 408/8810 [00:00<00:04, 1835.97it/s]
  7%|▋         | 610/8810 [00:00<00:04, 1912.39it/s]
  9%|▉         | 805/8810 [00:00<00:04, 1617.88it/s]
 11%|█         | 975/8810 [00:00<00:05, 1545.56it/s]
 13%|█▎        | 1135/8810 [00:00<00:05, 1469.12it/s]
 15%|█▌        | 1328/8810 [00:00<00:04, 1598.18it/s]
 17%|█▋        | 1492/8810 [00:01<00:05, 1307.44it/s]
 19%|█▉        | 1657/8810 [00:01<00:05, 1391.80it/s]
 21%|██        | 1821/8810 [00:01<00:05, 1343.38it/s]
 22%|██▏       | 1962/8810 [00:01<00:05, 1332.33it/s]
 24%|██▍       | 2157/8810 [00:01<00:04, 1493.83it/s]
 26%|██▌       | 2312/8810 [00:01<00:04, 1397.69it/s]
 29%|██▊       | 2519/8810 [00:01<00:04, 1571.56it/s]
 31%|███       | 2703/8810 [00:01<00:03, 1644.31it/s]
 33%|███▎      | 2872/8810 [00:01<00:03, 1502.73it/s]
 34%|███▍      | 3028/8810 [00:02<00:03, 1496.65it/s]
 36%|███▌      | 3182/8810 [00:02<00:04, 1371.88it/s]
 38%|███▊      | 3370/8810 [00:02<00:03, 1502.77it/s]
 40%|████      | 3525/8810 [00:02<00:03, 1375.51it/s]
 42%|████▏     | 3726/8810 [00:02<00:03, 1538.72it/s]
 44%|████▍     | 3886/8810 [00:02<00:03, 1497.99it/s]
 47%|████▋     | 4111/8810 [00:02<00:02, 1697.66it/s]
 49%|████▊     | 4286/8810 [00:02<00:02, 1598.44it/s]
 51%|█████     | 4500/8810 [00:02<00:02, 1742.52it/s]
 53%|█████▎    | 4679/8810 [00:03<00:02, 1502.50it/s]
 55%|█████▍    | 4838/8810 [00:03<00:02, 1490.72it/s]
 57%|█████▋    | 4993/8810 [00:03<00:02, 1380.56it/s]
 59%|█████▊    | 5168/8810 [00:03<00:02, 1471.43it/s]
 61%|██████    | 5372/8810 [00:03<00:02, 1476.91it/s]
 63%|██████▎   | 5547/8810 [00:03<00:02, 1547.23it/s]
 65%|██████▌   | 5738/8810 [00:03<00:01, 1644.78it/s]
 67%|██████▋   | 5907/8810 [00:03<00:01, 1467.77it/s]
 69%|██████▉   | 6060/8810 [00:04<00:01, 1389.45it/s]
 71%|███████   | 6255/8810 [00:04<00:01, 1532.75it/s]
 73%|███████▎  | 6414/8810 [00:04<00:01, 1466.25it/s]
 75%|███████▍  | 6593/8810 [00:04<00:01, 1551.86it/s]
 77%|███████▋  | 6795/8810 [00:04<00:01, 1678.75it/s]
 79%|███████▉  | 6972/8810 [00:04<00:01, 1574.67it/s]
 81%|████████  | 7144/8810 [00:04<00:01, 1614.03it/s]
 83%|████████▎ | 7309/8810 [00:04<00:00, 1619.54it/s]
 85%|████████▍ | 7474/8810 [00:04<00:00, 1444.51it/s]
 87%|████████▋ | 7624/8810 [00:05<00:00, 1426.53it/s]
 88%|████████▊ | 7770/8810 [00:05<00:00, 1260.58it/s]
 90%|████████▉ | 7923/8810 [00:05<00:00, 1328.18it/s]
 91%|█████████▏| 8061/8810 [00:05<00:00, 1191.93it/s]
 93%|█████████▎| 8189/8810 [00:05<00:00, 1212.96it/s]
 95%|█████████▍| 8361/8810 [00:05<00:00, 1230.71it/s]
 96%|█████████▋| 8488/8810 [00:05<00:00, 1235.00it/s]
 98%|█████████▊| 8647/8810 [00:05<00:00, 1329.17it/s]
100%|█████████▉| 8783/8810 [00:06<00:00, 1298.60it/s]
100%|██████████| 8810/8810 [00:06<00:00, 1464.89it/s]
