
  0%|          | 0/8810 [00:00<?, ?it/s]
  2%|▏         | 143/8810 [00:00<00:06, 1414.94it/s]
  3%|▎         | 285/8810 [00:00<00:06, 1326.67it/s]
  5%|▍         | 431/8810 [00:00<00:06, 1380.59it/s]
  7%|▋         | 638/8810 [00:00<00:04, 1639.01it/s]
  9%|▉         | 803/8810 [00:00<00:05, 1410.21it/s]
 11%|█         | 951/8810 [00:00<00:05, 1430.49it/s]
 12%|█▏        | 1098/8810 [00:00<00:05, 1320.26it/s]
 14%|█▍        | 1255/8810 [00:00<00:05, 1388.41it/s]
 16%|█▌        | 1401/8810 [00:00<00:05, 1403.45it/s]
 18%|█▊        | 1544/8810 [00:01<00:05, 1275.66it/s]
 19%|█▉        | 1709/8810 [00:01<00:05, 1376.26it/s]
 21%|██        | 1851/8810 [00:01<00:05, 1241.26it/s]
 23%|██▎       | 2032/8810 [00:01<00:04, 1389.26it/s]
 25%|██▍       | 2195/8810 [00:01<00:04, 1442.63it/s]
 27%|██▋       | 2344/8810 [00:01<00:05, 1285.92it/s]
 29%|██▊       | 2523/8810 [00:01<00:04, 1416.31it/s]
 31%|███       | 2724/8810 [00:01<00:03, 1574.43it/s]
 33%|███▎      | 2888/8810 [00:02<00:04, 1355.76it/s]
 34%|███▍      | 3033/8810 [00:02<00:04, 1367.96it/s]
 36%|███▌      | 3177/8810 [00:02<00:04, 1246.91it/s]
 38%|███▊      | 3308/8810 [00:02<00:04, 1233.77it/s]
 39%|███▉      | 3436/8810 [00:02<00:04, 1150.25it/s]
 41%|████      | 3585/8810 [00:02<00:04, 1230.25it/s]
 42%|████▏     | 3733/8810 [00:02<00:03, 1296.17it/s]
 44%|████▍     | 3866/8810 [00:02<00:04, 1232.69it/s]
 46%|████▌     | 4069/8810 [00:03<00:03, 1443.54it/s]
 48%|████▊     | 4218/8810 [00:03<00:03, 1328.10it/s]
 50%|████▉     | 4392/8810 [00:03<00:03, 1433.81it/s]
 52%|█████▏    | 4549/8810 [00:03<00:02, 1457.75it/s]
 53%|█████▎    | 4698/8810 [00:03<00:03, 1207.82it/s]
 55%|█████▍    | 4836/8810 [00:03<00:03, 1249.40it/s]
 56%|█████▋    | 4968/8810 [00:03<00:03, 1083.13it/s]
 58%|█████▊    | 5123/8810 [00:03<00:03, 1195.75it/s]
 60%|██████    | 5303/8810 [00:03<00:02, 1350.13it/s]
 62%|██████▏   | 5447/8810 [00:04<00:02, 1259.91it/s]
 64%|██████▍   | 5630/8810 [00:04<00:02, 1407.55it/s]
 66%|██████▌   | 5778/8810 [00:04<00:02, 1319.59it/s]
 67%|██████▋   | 5916/8810 [00:04<00:02, 1312.30it/s]
 69%|██████▊   | 6052/8810 [00:04<00:02, 1261.57it/s]
 70%|███████   | 6203/8810 [00:04<00:01, 1324.97it/s]
 72%|███████▏  | 6359/8810 [00:04<00:01, 1385.92it/s]
 74%|███████▍  | 6500/8810 [00:04<00:01, 1274.28it/s]
 76%|███████▋  | 6721/8810 [00:05<00:01, 1526.72it/s]
 78%|███████▊  | 6894/8810 [00:05<00:01, 1578.74it/s]
 80%|████████  | 7056/8810 [00:05<00:01, 1424.03it/s]
 82%|████████▏ | 7204/8810 [00:05<00:01, 1320.08it/s]
 84%|████████▎ | 7360/8810 [00:05<00:01, 1271.23it/s]
 85%|████████▌ | 7491/8810 [00:05<00:01, 1245.31it/s]
 86%|████████▋ | 7620/8810 [00:05<00:00, 1254.97it/s]
 88%|████████▊ | 7748/8810 [00:05<00:00, 1133.42it/s]
 90%|████████▉ | 7886/8810 [00:05<00:00, 1194.30it/s]
 91%|█████████ | 8012/8810 [00:06<00:00, 1207.46it/s]
 92%|█████████▏| 8135/8810 [00:06<00:00, 1043.82it/s]
 94%|█████████▍| 8269/8810 [00:06<00:00, 1117.78it/s]
 95%|█████████▌| 8386/8810 [00:06<00:00, 1067.21it/s]
 97%|█████████▋| 8540/8810 [00:06<00:00, 1187.80it/s]
 99%|█████████▊| 8678/8810 [00:06<00:00, 1239.40it/s]
100%|█████████▉| 8806/8810 [00:06<00:00, 1138.04it/s]
100%|██████████| 8810/8810 [00:06<00:00, 1296.90it/s]
