
  0%|          | 0/8810 [00:00<?, ?it/s]
  1%|          | 91/8810 [00:00<00:09, 904.01it/s]
  2%|▏         | 182/8810 [00:00<00:11, 767.60it/s]
  4%|▎         | 314/8810 [00:00<00:08, 988.69it/s]
  5%|▍         | 423/8810 [00:00<00:08, 1025.94it/s]
  6%|▋         | 572/8810 [00:00<00:06, 1183.23it/s]
  8%|▊         | 693/8810 [00:00<00:08, 996.13it/s] 
  9%|▉         | 799/8810 [00:00<00:08, 989.71it/s]
 10%|█         | 902/8810 [00:00<00:08, 980.55it/s]
 11%|█▏        | 1003/8810 [00:01<00:09, 815.15it/s]
 13%|█▎        | 1119/8810 [00:01<00:08, 899.80it/s]
 14%|█▍        | 1225/8810 [00:01<00:08, 940.34it/s]
 15%|█▌        | 1328/8810 [00:01<00:07, 961.69it/s]
 16%|█▌        | 1428/8810 [00:01<00:07, 964.45it/s]
 17%|█▋        | 1527/8810 [00:01<00:08, 829.57it/s]
 19%|█▊        | 1634/8810 [00:01<00:08, 889.06it/s]
 20%|█▉        | 1754/8810 [00:01<00:07, 971.09it/s]
 21%|██        | 1856/8810 [00:02<00:08, 795.32it/s]
 22%|██▏       | 1974/8810 [00:02<00:07, 886.00it/s]
 24%|██▍       | 2104/8810 [00:02<00:06, 988.51it/s]
 25%|██▌       | 2217/8810 [00:02<00:06, 1017.74it/s]
 26%|██▋       | 2324/8810 [00:02<00:07, 864.61it/s] 
 28%|██▊       | 2456/8810 [00:02<00:06, 973.15it/s]
 30%|██▉       | 2604/8810 [00:02<00:05, 1104.13it/s]
 31%|███       | 2722/8810 [00:02<00:05, 1080.83it/s]
 32%|███▏      | 2835/8810 [00:03<00:07, 844.89it/s] 
 33%|███▎      | 2934/8810 [00:03<00:06, 877.47it/s]
 35%|███▍      | 3040/8810 [00:03<00:06, 918.33it/s]
 36%|███▌      | 3139/8810 [00:03<00:06, 868.18it/s]
 37%|███▋      | 3231/8810 [00:03<00:06, 855.77it/s]
 38%|███▊      | 3331/8810 [00:03<00:06, 882.03it/s]
 39%|███▉      | 3422/8810 [00:03<00:06, 810.61it/s]
 40%|████      | 3528/8810 [00:03<00:06, 871.09it/s]
 41%|████▏     | 3655/8810 [00:03<00:05, 978.16it/s]
 43%|████▎     | 3774/8810 [00:04<00:05, 899.93it/s]
 44%|████▍     | 3879/8810 [00:04<00:05, 938.10it/s]
 46%|████▌     | 4034/8810 [00:04<00:04, 1101.10it/s]
 47%|████▋     | 4165/8810 [00:04<00:04, 1156.32it/s]
 49%|████▊     | 4284/8810 [00:04<00:04, 1001.23it/s]
 50%|█████     | 4416/8810 [00:04<00:04, 1078.39it/s]
 51%|█████▏    | 4530/8810 [00:04<00:03, 1085.11it/s]
 53%|█████▎    | 4643/8810 [00:04<00:04, 938.57it/s] 
 54%|█████▍    | 4743/8810 [00:05<00:04, 910.93it/s]
 55%|█████▌    | 4854/8810 [00:05<00:04, 955.96it/s]
 56%|█████▌    | 4953/8810 [00:05<00:04, 822.39it/s]
 58%|█████▊    | 5070/8810 [00:05<00:04, 904.87it/s]
 59%|█████▊    | 5174/8810 [00:05<00:03, 935.95it/s]
 60%|██████    | 5304/8810 [00:05<00:03, 1027.89it/s]
 61%|██████▏   | 5411/8810 [00:05<00:04, 824.02it/s] 
 63%|██████▎   | 5537/8810 [00:05<00:03, 923.58it/s]
 64%|██████▍   | 5653/8810 [00:05<00:03, 982.50it/s]
 65%|██████▌   | 5759/8810 [00:06<00:03, 856.64it/s]
 66%|██████▋   | 5856/8810 [00:06<00:03, 881.64it/s]
 68%|██████▊   | 5950/8810 [00:06<00:03, 801.53it/s]
 69%|██████▊   | 6036/8810 [00:06<00:03, 748.12it/s]
 70%|██████▉   | 6148/8810 [00:06<00:03, 836.28it/s]
 71%|███████   | 6260/8810 [00:06<00:02, 908.46it/s]
 72%|███████▏  | 6361/8810 [00:06<00:02, 935.69it/s]
 73%|███████▎  | 6458/8810 [00:07<00:02, 799.28it/s]
 74%|███████▍  | 6561/8810 [00:07<00:02, 857.20it/s]
 76%|███████▌  | 6699/8810 [00:07<00:02, 995.10it/s]
 77%|███████▋  | 6804/8810 [00:07<00:02, 998.67it/s]
 79%|███████▊  | 6935/8810 [00:07<00:01, 1072.52it/s]
 80%|███████▉  | 7046/8810 [00:07<00:02, 859.36it/s] 
 81%|████████  | 7141/8810 [00:07<00:01, 878.43it/s]
 82%|████████▏ | 7236/8810 [00:07<00:01, 892.34it/s]
 84%|████████▎ | 7360/8810 [00:07<00:01, 864.10it/s]
 85%|████████▍ | 7477/8810 [00:08<00:01, 938.94it/s]
 86%|████████▌ | 7575/8810 [00:08<00:01, 921.57it/s]
 88%|████████▊ | 7709/8810 [00:08<00:01, 1030.58it/s]
 89%|████████▊ | 7816/8810 [00:08<00:01, 840.53it/s] 
 90%|████████▉ | 7922/8810 [00:08<00:00, 892.45it/s]
 91%|█████████ | 8018/8810 [00:08<00:00, 861.46it/s]
 92%|█████████▏| 8109/8810 [00:08<00:00, 742.95it/s]
 93%|█████████▎| 8193/8810 [00:08<00:00, 762.52it/s]
 94%|█████████▍| 8320/8810 [00:09<00:00, 887.34it/s]
 96%|█████████▌| 8414/8810 [00:09<00:00, 864.71it/s]
 97%|█████████▋| 8583/8810 [00:09<00:00, 1084.07it/s]
 99%|█████████▉| 8702/8810 [00:09<00:00, 1051.14it/s]
100%|██████████| 8810/8810 [00:09<00:00, 931.57it/s] 
