
  0%|          | 0/8810 [00:00<?, ?it/s]
  2%|▏         | 181/8810 [00:00<00:05, 1580.75it/s]
  5%|▍         | 421/8810 [00:00<00:04, 2031.74it/s]
  7%|▋         | 656/8810 [00:00<00:04, 1892.44it/s]
 10%|▉         | 855/8810 [00:00<00:04, 1926.37it/s]
 12%|█▏        | 1050/8810 [00:00<00:04, 1797.55it/s]
 15%|█▍        | 1288/8810 [00:00<00:03, 1976.76it/s]
 17%|█▋        | 1489/8810 [00:00<00:04, 1753.30it/s]
 19%|█▉        | 1710/8810 [00:00<00:03, 1879.74it/s]
 22%|██▏       | 1904/8810 [00:01<00:03, 1733.48it/s]
 24%|██▍       | 2150/8810 [00:01<00:03, 1925.21it/s]
 27%|██▋       | 2349/8810 [00:01<00:03, 1801.05it/s]
 30%|██▉       | 2620/8810 [00:01<00:03, 2043.72it/s]
 32%|███▏      | 2832/8810 [00:01<00:03, 1770.54it/s]
 34%|███▍      | 3020/8810 [00:01<00:03, 1789.30it/s]
 36%|███▋      | 3207/8810 [00:01<00:03, 1593.51it/s]
 39%|███▊      | 3397/8810 [00:01<00:03, 1669.72it/s]
 41%|████      | 3572/8810 [00:02<00:03, 1565.85it/s]
 43%|████▎     | 3759/8810 [00:02<00:03, 1642.19it/s]
 45%|████▍     | 3929/8810 [00:02<00:03, 1455.85it/s]
 47%|████▋     | 4153/8810 [00:02<00:02, 1650.73it/s]
 49%|████▉     | 4327/8810 [00:02<00:02, 1560.54it/s]
 51%|█████▏    | 4525/8810 [00:02<00:02, 1669.00it/s]
 53%|█████▎    | 4698/8810 [00:02<00:02, 1504.86it/s]
 55%|█████▌    | 4871/8810 [00:02<00:02, 1560.71it/s]
 57%|█████▋    | 5033/8810 [00:02<00:02, 1435.87it/s]
 59%|█████▉    | 5194/8810 [00:03<00:02, 1479.61it/s]
 61%|██████    | 5372/8810 [00:03<00:02, 1423.56it/s]
 63%|██████▎   | 5545/8810 [00:03<00:02, 1498.99it/s]
 65%|██████▌   | 5748/8810 [00:03<00:01, 1637.52it/s]
 67%|██████▋   | 5916/8810 [00:03<00:02, 1382.34it/s]
 69%|██████▉   | 6064/8810 [00:03<00:02, 1340.21it/s]
 71%|███████   | 6226/8810 [00:03<00:01, 1408.29it/s]
 73%|███████▎  | 6397/8810 [00:03<00:01, 1484.59it/s]
 74%|███████▍  | 6551/8810 [00:04<00:01, 1357.74it/s]
 77%|███████▋  | 6757/8810 [00:04<00:01, 1533.58it/s]
 79%|███████▉  | 6949/8810 [00:04<00:01, 1636.22it/s]
 81%|████████  | 7118/8810 [00:04<00:01, 1460.14it/s]
 83%|████████▎ | 7271/8810 [00:04<00:01, 1446.24it/s]
 84%|████████▍ | 7421/8810 [00:04<00:00, 1423.74it/s]
 86%|████████▌ | 7567/8810 [00:04<00:00, 1313.14it/s]
 88%|████████▊ | 7715/8810 [00:04<00:00, 1269.81it/s]
 89%|████████▉ | 7845/8810 [00:04<00:00, 1264.10it/s]
 91%|█████████ | 7982/8810 [00:05<00:00, 1291.55it/s]
 92%|█████████▏| 8113/8810 [00:05<00:00, 1196.31it/s]
 94%|█████████▎| 8258/8810 [00:05<00:00, 1262.08it/s]
 95%|█████████▌| 8387/8810 [00:05<00:00, 1207.86it/s]
 97%|█████████▋| 8552/8810 [00:05<00:00, 1326.72it/s]
 99%|█████████▉| 8702/8810 [00:05<00:00, 1288.87it/s]
100%|██████████| 8810/8810 [00:05<00:00, 1540.67it/s]
