
  0%|          | 0/8810 [00:00<?, ?it/s]
  2%|▏         | 181/8810 [00:00<00:06, 1383.56it/s]
  5%|▍         | 405/8810 [00:00<00:04, 1829.70it/s]
  7%|▋         | 598/8810 [00:00<00:04, 1870.07it/s]
  9%|▉         | 789/8810 [00:00<00:05, 1544.36it/s]
 11%|█         | 975/8810 [00:00<00:04, 1639.74it/s]
 13%|█▎        | 1146/8810 [00:00<00:04, 1564.05it/s]
 15%|█▌        | 1344/8810 [00:00<00:04, 1683.89it/s]
 17%|█▋        | 1518/8810 [00:00<00:04, 1541.63it/s]
 20%|█▉        | 1744/8810 [00:01<00:04, 1736.67it/s]
 22%|██▏       | 1924/8810 [00:01<00:04, 1488.95it/s]
 24%|██▍       | 2146/8810 [00:01<00:03, 1673.20it/s]
 26%|██▋       | 2324/8810 [00:01<00:04, 1523.94it/s]
 29%|██▊       | 2524/8810 [00:01<00:03, 1640.10it/s]
 31%|███       | 2744/8810 [00:01<00:03, 1655.87it/s]
 33%|███▎      | 2916/8810 [00:01<00:03, 1612.62it/s]
 35%|███▍      | 3081/8810 [00:01<00:03, 1553.30it/s]
 37%|███▋      | 3243/8810 [00:02<00:03, 1567.30it/s]
 39%|███▊      | 3410/8810 [00:02<00:03, 1509.27it/s]
 41%|████      | 3612/8810 [00:02<00:03, 1644.34it/s]
 43%|████▎     | 3779/8810 [00:02<00:03, 1560.69it/s]
 45%|████▌     | 3996/8810 [00:02<00:02, 1724.64it/s]
 47%|████▋     | 4180/8810 [00:02<00:02, 1678.95it/s]
 50%|████▉     | 4394/8810 [00:02<00:02, 1806.21it/s]
 52%|█████▏    | 4586/8810 [00:02<00:02, 1832.13it/s]
 54%|█████▍    | 4772/8810 [00:02<00:02, 1605.05it/s]
 56%|█████▌    | 4939/8810 [00:03<00:02, 1449.59it/s]
 58%|█████▊    | 5108/8810 [00:03<00:02, 1509.74it/s]
 60%|██████    | 5304/8810 [00:03<00:02, 1628.48it/s]
 62%|██████▏   | 5473/8810 [00:03<00:02, 1436.08it/s]
 65%|██████▍   | 5696/8810 [00:03<00:01, 1637.05it/s]
 67%|██████▋   | 5869/8810 [00:03<00:01, 1479.89it/s]
 68%|██████▊   | 6026/8810 [00:03<00:01, 1496.85it/s]
 70%|███████   | 6182/8810 [00:03<00:01, 1438.41it/s]
 72%|███████▏  | 6370/8810 [00:03<00:01, 1554.87it/s]
 74%|███████▍  | 6530/8810 [00:04<00:01, 1446.62it/s]
 77%|███████▋  | 6758/8810 [00:04<00:01, 1664.56it/s]
 79%|███████▉  | 6972/8810 [00:04<00:01, 1629.51it/s]
 81%|████████▏ | 7166/8810 [00:04<00:00, 1707.50it/s]
 84%|████████▎ | 7358/8810 [00:04<00:00, 1765.23it/s]
 86%|████████▌ | 7538/8810 [00:04<00:00, 1540.66it/s]
 88%|████████▊ | 7715/8810 [00:04<00:00, 1500.90it/s]
 90%|████████▉ | 7895/8810 [00:04<00:00, 1574.60it/s]
 91%|█████████▏| 8058/8810 [00:05<00:00, 1441.61it/s]
 93%|█████████▎| 8207/8810 [00:05<00:00, 1442.66it/s]
 95%|█████████▍| 8361/8810 [00:05<00:00, 1400.81it/s]
 97%|█████████▋| 8525/8810 [00:05<00:00, 1461.17it/s]
 99%|█████████▉| 8702/8810 [00:05<00:00, 1468.67it/s]
100%|██████████| 8810/8810 [00:05<00:00, 1579.69it/s]
