
  0%|          | 0/8810 [00:00<?, ?it/s]
  2%|▏         | 181/8810 [00:00<00:06, 1339.82it/s]
  5%|▍         | 412/8810 [00:00<00:04, 1828.35it/s]
  7%|▋         | 656/8810 [00:00<00:04, 1771.57it/s]
 10%|▉         | 847/8810 [00:00<00:04, 1816.68it/s]
 12%|█▏        | 1032/8810 [00:00<00:04, 1703.12it/s]
 14%|█▍        | 1232/8810 [00:00<00:04, 1788.36it/s]
 17%|█▋        | 1455/8810 [00:00<00:03, 1918.87it/s]
 19%|█▊        | 1650/8810 [00:00<00:04, 1658.56it/s]
 21%|██        | 1824/8810 [00:01<00:04, 1464.75it/s]
 22%|██▏       | 1979/8810 [00:01<00:04, 1425.29it/s]
 25%|██▍       | 2185/8810 [00:01<00:04, 1585.00it/s]
 27%|██▋       | 2350/8810 [00:01<00:04, 1362.84it/s]
 29%|██▉       | 2550/8810 [00:01<00:04, 1516.53it/s]
 31%|███       | 2744/8810 [00:01<00:04, 1503.63it/s]
 33%|███▎      | 2917/8810 [00:01<00:03, 1560.70it/s]
 35%|███▍      | 3079/8810 [00:01<00:03, 1500.53it/s]
 37%|███▋      | 3243/8810 [00:02<00:03, 1537.21it/s]
 39%|███▊      | 3410/8810 [00:02<00:03, 1527.57it/s]
 41%|████      | 3618/8810 [00:02<00:03, 1679.65it/s]
 43%|████▎     | 3789/8810 [00:02<00:03, 1609.93it/s]
 45%|████▌     | 3988/8810 [00:02<00:02, 1715.02it/s]
 47%|████▋     | 4180/8810 [00:02<00:02, 1655.18it/s]
 50%|█████     | 4421/8810 [00:02<00:02, 1862.46it/s]
 52%|█████▏    | 4625/8810 [00:02<00:02, 1756.88it/s]
 55%|█████▍    | 4805/8810 [00:02<00:02, 1706.22it/s]
 57%|█████▋    | 4979/8810 [00:03<00:02, 1543.37it/s]
 59%|█████▉    | 5194/8810 [00:03<00:02, 1699.37it/s]
 61%|██████    | 5372/8810 [00:03<00:02, 1634.32it/s]
 63%|██████▎   | 5578/8810 [00:03<00:01, 1748.18it/s]
 65%|██████▌   | 5757/8810 [00:03<00:01, 1656.29it/s]
 67%|██████▋   | 5926/8810 [00:03<00:01, 1544.29it/s]
 69%|██████▉   | 6084/8810 [00:03<00:01, 1434.02it/s]
 71%|███████   | 6242/8810 [00:03<00:01, 1470.69it/s]
 73%|███████▎  | 6392/8810 [00:03<00:01, 1448.79it/s]
 74%|███████▍  | 6539/8810 [00:04<00:01, 1303.27it/s]
 76%|███████▋  | 6728/8810 [00:04<00:01, 1450.84it/s]
 78%|███████▊  | 6901/8810 [00:04<00:01, 1523.58it/s]
 80%|████████  | 7058/8810 [00:04<00:01, 1372.90it/s]
 82%|████████▏ | 7201/8810 [00:04<00:01, 1361.42it/s]
 84%|████████▎ | 7360/8810 [00:04<00:01, 1303.79it/s]
 85%|████████▌ | 7494/8810 [00:04<00:01, 1296.32it/s]
 87%|████████▋ | 7644/8810 [00:04<00:00, 1348.62it/s]
 88%|████████▊ | 7781/8810 [00:05<00:00, 1194.05it/s]
 90%|████████▉ | 7917/8810 [00:05<00:00, 1235.15it/s]
 91%|█████████▏| 8044/8810 [00:05<00:00, 1002.08it/s]
 93%|█████████▎| 8190/8810 [00:05<00:00, 1106.69it/s]
 95%|█████████▍| 8338/8810 [00:05<00:00, 1198.20it/s]
 96%|█████████▌| 8466/8810 [00:05<00:00, 1131.04it/s]
 98%|█████████▊| 8604/8810 [00:05<00:00, 1194.49it/s]
 99%|█████████▉| 8729/8810 [00:05<00:00, 1100.26it/s]
100%|██████████| 8810/8810 [00:05<00:00, 1473.11it/s]
