
  0%|          | 0/8810 [00:00<?, ?it/s]
  1%|          | 77/8810 [00:00<00:11, 759.12it/s]
  2%|▏         | 181/8810 [00:00<00:11, 783.10it/s]
  3%|▎         | 291/8810 [00:00<00:09, 910.24it/s]
  5%|▍         | 411/8810 [00:00<00:08, 1010.63it/s]
  6%|▌         | 521/8810 [00:00<00:07, 1040.71it/s]
  7%|▋         | 626/8810 [00:00<00:08, 978.38it/s] 
  8%|▊         | 725/8810 [00:00<00:09, 811.39it/s]
  9%|▉         | 829/8810 [00:00<00:09, 870.56it/s]
 10%|█         | 921/8810 [00:01<00:09, 849.77it/s]
 11%|█▏        | 1009/8810 [00:01<00:09, 797.04it/s]
 13%|█▎        | 1104/8810 [00:01<00:09, 834.48it/s]
 14%|█▎        | 1197/8810 [00:01<00:08, 859.04it/s]
 15%|█▍        | 1286/8810 [00:01<00:08, 867.52it/s]
 16%|█▌        | 1375/8810 [00:01<00:08, 866.92it/s]
 17%|█▋        | 1463/8810 [00:01<00:09, 768.28it/s]
 18%|█▊        | 1543/8810 [00:01<00:09, 745.27it/s]
 19%|█▊        | 1642/8810 [00:01<00:08, 808.17it/s]
 20%|█▉        | 1725/8810 [00:02<00:08, 806.00it/s]
 21%|██        | 1821/8810 [00:02<00:09, 736.84it/s]
 22%|██▏       | 1901/8810 [00:02<00:09, 751.69it/s]
 23%|██▎       | 1994/8810 [00:02<00:08, 794.31it/s]
 24%|██▍       | 2113/8810 [00:02<00:07, 903.56it/s]
 25%|██▌       | 2209/8810 [00:02<00:07, 912.33it/s]
 26%|██▌       | 2302/8810 [00:02<00:08, 744.66it/s]
 27%|██▋       | 2416/8810 [00:02<00:07, 840.27it/s]
 29%|██▉       | 2534/8810 [00:02<00:06, 927.63it/s]
 30%|███       | 2654/8810 [00:03<00:06, 997.82it/s]
 31%|███▏      | 2759/8810 [00:03<00:07, 819.05it/s]
 32%|███▏      | 2849/8810 [00:03<00:07, 833.86it/s]
 34%|███▎      | 2971/8810 [00:03<00:06, 932.72it/s]
 35%|███▍      | 3071/8810 [00:03<00:07, 774.17it/s]
 36%|███▌      | 3172/8810 [00:03<00:06, 825.97it/s]
 37%|███▋      | 3262/8810 [00:03<00:06, 826.80it/s]
 38%|███▊      | 3361/8810 [00:03<00:06, 852.22it/s]
 39%|███▉      | 3450/8810 [00:04<00:07, 718.75it/s]
 40%|████      | 3536/8810 [00:04<00:07, 751.30it/s]
 41%|████▏     | 3644/8810 [00:04<00:06, 834.36it/s]
 42%|████▏     | 3733/8810 [00:04<00:06, 843.47it/s]
 43%|████▎     | 3821/8810 [00:04<00:06, 798.63it/s]
 44%|████▍     | 3904/8810 [00:04<00:06, 797.04it/s]
 46%|████▌     | 4034/8810 [00:04<00:05, 933.95it/s]
 47%|████▋     | 4153/8810 [00:04<00:04, 1003.78it/s]
 48%|████▊     | 4256/8810 [00:05<00:05, 852.64it/s] 
 50%|████▉     | 4363/8810 [00:05<00:04, 904.46it/s]
 51%|█████     | 4466/8810 [00:05<00:04, 932.97it/s]
 52%|█████▏    | 4563/8810 [00:05<00:04, 890.61it/s]
 53%|█████▎    | 4655/8810 [00:05<00:05, 758.25it/s]
 54%|█████▍    | 4736/8810 [00:05<00:05, 743.32it/s]
 55%|█████▍    | 4837/8810 [00:05<00:04, 806.70it/s]
 56%|█████▌    | 4921/8810 [00:05<00:04, 813.31it/s]
 57%|█████▋    | 5005/8810 [00:05<00:05, 744.50it/s]
 58%|█████▊    | 5126/8810 [00:06<00:04, 863.48it/s]
 60%|█████▉    | 5285/8810 [00:06<00:03, 1053.59it/s]
 61%|██████    | 5395/8810 [00:06<00:04, 839.37it/s] 
 62%|██████▏   | 5503/8810 [00:06<00:03, 896.63it/s]
 64%|██████▎   | 5609/8810 [00:06<00:03, 934.46it/s]
 65%|██████▍   | 5722/8810 [00:06<00:03, 985.83it/s]
 66%|██████▌   | 5826/8810 [00:06<00:03, 818.58it/s]
 67%|██████▋   | 5916/8810 [00:07<00:04, 708.85it/s]
 68%|██████▊   | 5997/8810 [00:07<00:03, 731.02it/s]
 69%|██████▉   | 6076/8810 [00:07<00:03, 716.54it/s]
 70%|███████   | 6173/8810 [00:07<00:03, 779.64it/s]
 72%|███████▏  | 6301/8810 [00:07<00:02, 909.90it/s]
 73%|███████▎  | 6397/8810 [00:07<00:02, 877.90it/s]
 74%|███████▎  | 6489/8810 [00:07<00:03, 758.73it/s]
 75%|███████▍  | 6589/8810 [00:07<00:02, 806.16it/s]
 76%|███████▋  | 6724/8810 [00:07<00:02, 940.91it/s]
 77%|███████▋  | 6823/8810 [00:08<00:02, 926.42it/s]
 79%|███████▉  | 6939/8810 [00:08<00:01, 985.34it/s]
 80%|███████▉  | 7041/8810 [00:08<00:02, 831.58it/s]
 81%|████████  | 7133/8810 [00:08<00:01, 849.87it/s]
 82%|████████▏ | 7223/8810 [00:08<00:01, 819.69it/s]
 84%|████████▎ | 7360/8810 [00:08<00:01, 849.08it/s]
 85%|████████▍ | 7451/8810 [00:08<00:01, 863.00it/s]
 86%|████████▌ | 7539/8810 [00:08<00:01, 783.32it/s]
 87%|████████▋ | 7657/8810 [00:09<00:01, 880.26it/s]
 88%|████████▊ | 7749/8810 [00:09<00:01, 773.74it/s]
 89%|████████▉ | 7831/8810 [00:09<00:01, 703.07it/s]
 90%|█████████ | 7930/8810 [00:09<00:01, 766.22it/s]
 91%|█████████ | 8011/8810 [00:09<00:01, 762.35it/s]
 92%|█████████▏| 8090/8810 [00:09<00:01, 706.15it/s]
 93%|█████████▎| 8169/8810 [00:09<00:00, 726.29it/s]
 94%|█████████▎| 8244/8810 [00:09<00:00, 713.63it/s]
 94%|█████████▍| 8320/8810 [00:10<00:00, 724.63it/s]
 95%|█████████▌| 8394/8810 [00:10<00:00, 625.24it/s]
 96%|█████████▌| 8478/8810 [00:10<00:00, 679.20it/s]
 98%|█████████▊| 8596/8810 [00:10<00:00, 796.94it/s]
 99%|█████████▊| 8679/8810 [00:10<00:00, 801.85it/s]
 99%|█████████▉| 8762/8810 [00:10<00:00, 722.29it/s]
100%|██████████| 8810/8810 [00:10<00:00, 825.36it/s]
