
  0%|          | 0/8810 [00:00<?, ?it/s]
  2%|▏         | 181/8810 [00:00<00:06, 1350.03it/s]
  4%|▍         | 384/8810 [00:00<00:04, 1700.10it/s]
  7%|▋         | 598/8810 [00:00<00:04, 1882.93it/s]
  9%|▉         | 791/8810 [00:00<00:05, 1584.46it/s]
 11%|█         | 958/8810 [00:00<00:04, 1584.26it/s]
 13%|█▎        | 1122/8810 [00:00<00:05, 1476.10it/s]
 15%|█▍        | 1280/8810 [00:00<00:05, 1504.30it/s]
 16%|█▋        | 1447/8810 [00:00<00:04, 1546.51it/s]
 18%|█▊        | 1605/8810 [00:01<00:05, 1342.45it/s]
 20%|██        | 1793/8810 [00:01<00:04, 1483.77it/s]
 22%|██▏       | 1948/8810 [00:01<00:05, 1328.03it/s]
 24%|██▍       | 2145/8810 [00:01<00:04, 1493.05it/s]
 26%|██▌       | 2302/8810 [00:01<00:04, 1372.86it/s]
 29%|██▊       | 2515/8810 [00:01<00:04, 1567.52it/s]
 31%|███       | 2722/8810 [00:01<00:03, 1700.91it/s]
 33%|███▎      | 2900/8810 [00:01<00:04, 1452.22it/s]
 35%|███▍      | 3056/8810 [00:02<00:03, 1463.00it/s]
 36%|███▋      | 3210/8810 [00:02<00:04, 1330.75it/s]
 38%|███▊      | 3377/8810 [00:02<00:03, 1412.88it/s]
 40%|████      | 3525/8810 [00:02<00:04, 1269.03it/s]
 42%|████▏     | 3726/8810 [00:02<00:03, 1449.42it/s]
 44%|████▍     | 3879/8810 [00:02<00:03, 1312.43it/s]
 46%|████▌     | 4070/8810 [00:02<00:03, 1454.81it/s]
 48%|████▊     | 4224/8810 [00:02<00:03, 1415.18it/s]
 50%|█████     | 4408/8810 [00:02<00:02, 1525.89it/s]
 52%|█████▏    | 4566/8810 [00:03<00:02, 1515.83it/s]
 54%|█████▎    | 4722/8810 [00:03<00:03, 1327.81it/s]
 55%|█████▌    | 4874/8810 [00:03<00:02, 1372.57it/s]
 57%|█████▋    | 5017/8810 [00:03<00:02, 1321.10it/s]
 59%|█████▉    | 5197/8810 [00:03<00:02, 1447.94it/s]
 61%|██████    | 5365/8810 [00:03<00:02, 1511.27it/s]
 63%|██████▎   | 5520/8810 [00:03<00:02, 1405.24it/s]
 65%|██████▍   | 5711/8810 [00:03<00:02, 1541.48it/s]
 67%|██████▋   | 5870/8810 [00:04<00:02, 1375.04it/s]
 68%|██████▊   | 6014/8810 [00:04<00:02, 1364.12it/s]
 70%|██████▉   | 6155/8810 [00:04<00:02, 1306.00it/s]
 72%|███████▏  | 6342/8810 [00:04<00:01, 1452.92it/s]
 74%|███████▎  | 6492/8810 [00:04<00:01, 1332.39it/s]
 76%|███████▌  | 6717/8810 [00:04<00:01, 1573.45it/s]
 78%|███████▊  | 6910/8810 [00:04<00:01, 1669.37it/s]
 80%|████████  | 7083/8810 [00:04<00:01, 1502.18it/s]
 82%|████████▏ | 7240/8810 [00:04<00:01, 1503.82it/s]
 84%|████████▍ | 7395/8810 [00:05<00:00, 1456.62it/s]
 86%|████████▌ | 7544/8810 [00:05<00:00, 1392.67it/s]
 88%|████████▊ | 7715/8810 [00:05<00:00, 1404.87it/s]
 89%|████████▉ | 7884/8810 [00:05<00:00, 1476.68it/s]
 91%|█████████ | 8035/8810 [00:05<00:00, 1477.15it/s]
 93%|█████████▎| 8185/8810 [00:05<00:00, 1348.39it/s]
 94%|█████████▍| 8324/8810 [00:05<00:00, 1359.37it/s]
 96%|█████████▌| 8462/8810 [00:05<00:00, 1212.78it/s]
 98%|█████████▊| 8620/8810 [00:06<00:00, 1306.03it/s]
 99%|█████████▉| 8755/8810 [00:06<00:00, 1226.74it/s]
100%|██████████| 8810/8810 [00:06<00:00, 1429.47it/s]
