
  0%|          | 0/8810 [00:00<?, ?it/s]
  2%|▏         | 181/8810 [00:00<00:05, 1462.43it/s]
  5%|▍         | 412/8810 [00:00<00:04, 1906.93it/s]
  7%|▋         | 652/8810 [00:00<00:03, 2119.45it/s]
 10%|▉         | 868/8810 [00:00<00:04, 1788.40it/s]
 12%|█▏        | 1055/8810 [00:00<00:04, 1652.07it/s]
 14%|█▍        | 1247/8810 [00:00<00:04, 1729.52it/s]
 16%|█▋        | 1447/8810 [00:00<00:04, 1802.58it/s]
 19%|█▊        | 1632/8810 [00:00<00:04, 1606.99it/s]
 21%|██        | 1821/8810 [00:01<00:04, 1610.69it/s]
 23%|██▎       | 2020/8810 [00:01<00:03, 1712.54it/s]
 26%|██▌       | 2262/8810 [00:01<00:03, 1901.77it/s]
 28%|██▊       | 2457/8810 [00:01<00:03, 1745.91it/s]
 30%|██▉       | 2637/8810 [00:01<00:03, 1743.53it/s]
 32%|███▏      | 2815/8810 [00:01<00:04, 1459.71it/s]
 34%|███▎      | 2971/8810 [00:01<00:03, 1467.48it/s]
 35%|███▌      | 3125/8810 [00:01<00:04, 1341.46it/s]
 37%|███▋      | 3265/8810 [00:02<00:04, 1330.17it/s]
 39%|███▊      | 3410/8810 [00:02<00:04, 1223.60it/s]
 41%|████      | 3584/8810 [00:02<00:03, 1349.04it/s]
 43%|████▎     | 3760/8810 [00:02<00:03, 1456.66it/s]
 44%|████▍     | 3911/8810 [00:02<00:03, 1292.65it/s]
 47%|████▋     | 4148/8810 [00:02<00:02, 1564.74it/s]
 49%|████▉     | 4314/8810 [00:02<00:03, 1459.15it/s]
 51%|█████     | 4499/8810 [00:02<00:02, 1558.35it/s]
 53%|█████▎    | 4662/8810 [00:03<00:02, 1423.94it/s]
 55%|█████▍    | 4811/8810 [00:03<00:02, 1395.01it/s]
 56%|█████▌    | 4955/8810 [00:03<00:03, 1254.36it/s]
 58%|█████▊    | 5126/8810 [00:03<00:02, 1365.29it/s]
 60%|██████    | 5311/8810 [00:03<00:02, 1489.79it/s]
 62%|██████▏   | 5466/8810 [00:03<00:02, 1349.43it/s]
 64%|██████▍   | 5653/8810 [00:03<00:02, 1483.41it/s]
 66%|██████▌   | 5808/8810 [00:03<00:02, 1413.51it/s]
 68%|██████▊   | 5954/8810 [00:03<00:02, 1240.01it/s]
 69%|██████▉   | 6085/8810 [00:04<00:02, 1179.76it/s]
 71%|███████   | 6259/8810 [00:04<00:01, 1319.05it/s]
 73%|███████▎  | 6400/8810 [00:04<00:01, 1266.77it/s]
 75%|███████▍  | 6603/8810 [00:04<00:01, 1461.87it/s]
 77%|███████▋  | 6821/8810 [00:04<00:01, 1649.62it/s]
 79%|███████▉  | 6992/8810 [00:04<00:01, 1562.76it/s]
 81%|████████  | 7153/8810 [00:04<00:01, 1555.78it/s]
 83%|████████▎ | 7320/8810 [00:04<00:00, 1579.80it/s]
 85%|████████▍ | 7481/8810 [00:05<00:00, 1438.51it/s]
 87%|████████▋ | 7641/8810 [00:05<00:00, 1477.56it/s]
 88%|████████▊ | 7792/8810 [00:05<00:00, 1333.08it/s]
 90%|█████████ | 7944/8810 [00:05<00:00, 1377.82it/s]
 92%|█████████▏| 8086/8810 [00:05<00:00, 1267.32it/s]
 93%|█████████▎| 8217/8810 [00:05<00:00, 1270.83it/s]
 95%|█████████▍| 8361/8810 [00:05<00:00, 1263.81it/s]
 97%|█████████▋| 8523/8810 [00:05<00:00, 1359.48it/s]
 99%|█████████▊| 8699/8810 [00:05<00:00, 1470.31it/s]
100%|██████████| 8810/8810 [00:06<00:00, 1467.39it/s]
