
  0%|          | 0/8810 [00:00<?, ?it/s]
  2%|▏         | 181/8810 [00:00<00:05, 1455.29it/s]
  5%|▍         | 423/8810 [00:00<00:04, 1963.25it/s]
  7%|▋         | 656/8810 [00:00<00:04, 1893.80it/s]
 10%|▉         | 866/8810 [00:00<00:04, 1952.36it/s]
 12%|█▏        | 1064/8810 [00:00<00:04, 1810.55it/s]
 15%|█▍        | 1297/8810 [00:00<00:03, 1965.11it/s]
 17%|█▋        | 1497/8810 [00:00<00:04, 1782.72it/s]
 20%|█▉        | 1718/8810 [00:00<00:03, 1895.46it/s]
 22%|██▏       | 1912/8810 [00:01<00:03, 1780.41it/s]
 25%|██▍       | 2166/8810 [00:01<00:03, 1988.28it/s]
 27%|██▋       | 2370/8810 [00:01<00:03, 1811.05it/s]
 30%|███       | 2654/8810 [00:01<00:02, 2074.23it/s]
 33%|███▎      | 2869/8810 [00:01<00:02, 1983.65it/s]
 35%|███▍      | 3073/8810 [00:01<00:03, 1802.92it/s]
 37%|███▋      | 3268/8810 [00:01<00:03, 1837.73it/s]
 39%|███▉      | 3457/8810 [00:01<00:02, 1786.93it/s]
 42%|████▏     | 3671/8810 [00:01<00:02, 1880.84it/s]
 44%|████▍     | 3863/8810 [00:02<00:02, 1785.22it/s]
 46%|████▋     | 4094/8810 [00:02<00:02, 1927.41it/s]
 49%|████▊     | 4291/8810 [00:02<00:02, 1824.09it/s]
 52%|█████▏    | 4542/8810 [00:02<00:02, 2011.07it/s]
 54%|█████▍    | 4748/8810 [00:02<00:02, 1761.26it/s]
 56%|█████▌    | 4932/8810 [00:02<00:02, 1635.98it/s]
 59%|█████▊    | 5173/8810 [00:02<00:01, 1826.47it/s]
 61%|██████    | 5372/8810 [00:02<00:01, 1753.61it/s]
 64%|██████▎   | 5599/8810 [00:03<00:01, 1882.50it/s]
 66%|██████▌   | 5793/8810 [00:03<00:01, 1771.08it/s]
 68%|██████▊   | 5975/8810 [00:03<00:01, 1778.23it/s]
 70%|██████▉   | 6157/8810 [00:03<00:01, 1684.51it/s]
 72%|███████▏  | 6377/8810 [00:03<00:01, 1817.66it/s]
 74%|███████▍  | 6563/8810 [00:03<00:01, 1714.42it/s]
 77%|███████▋  | 6790/8810 [00:03<00:01, 1861.79it/s]
 79%|███████▉  | 6980/8810 [00:03<00:01, 1824.41it/s]
 81%|████████▏ | 7168/8810 [00:03<00:00, 1828.88it/s]
 84%|████████▎ | 7360/8810 [00:04<00:00, 1684.60it/s]
 86%|████████▌ | 7541/8810 [00:04<00:00, 1718.32it/s]
 88%|████████▊ | 7716/8810 [00:04<00:00, 1704.10it/s]
 90%|████████▉ | 7922/8810 [00:04<00:00, 1803.11it/s]
 92%|█████████▏| 8105/8810 [00:04<00:00, 1566.65it/s]
 94%|█████████▍| 8269/8810 [00:04<00:00, 1581.76it/s]
 96%|█████████▌| 8432/8810 [00:04<00:00, 1460.92it/s]
 98%|█████████▊| 8623/8810 [00:04<00:00, 1576.27it/s]
100%|█████████▉| 8786/8810 [00:04<00:00, 1478.13it/s]
100%|██████████| 8810/8810 [00:04<00:00, 1770.84it/s]
