
  0%|          | 0/8810 [00:00<?, ?it/s]
  1%|          | 69/8810 [00:00<00:12, 685.31it/s]
  2%|▏         | 166/8810 [00:00<00:10, 850.62it/s]
  3%|▎         | 252/8810 [00:00<00:12, 676.44it/s]
  4%|▍         | 341/8810 [00:00<00:11, 747.53it/s]
  5%|▍         | 419/8810 [00:00<00:11, 757.95it/s]
  6%|▌         | 497/8810 [00:00<00:11, 746.74it/s]
  7%|▋         | 601/8810 [00:00<00:09, 833.25it/s]
  8%|▊         | 686/8810 [00:00<00:11, 720.47it/s]
  9%|▊         | 762/8810 [00:01<00:11, 696.50it/s]
  9%|▉         | 834/8810 [00:01<00:11, 693.51it/s]
 10%|█         | 905/8810 [00:01<00:12, 644.81it/s]
 11%|█         | 971/8810 [00:01<00:12, 647.10it/s]
 12%|█▏        | 1037/8810 [00:01<00:12, 640.90it/s]
 13%|█▎        | 1104/8810 [00:01<00:11, 646.51it/s]
 13%|█▎        | 1183/8810 [00:01<00:11, 682.29it/s]
 14%|█▍        | 1256/8810 [00:01<00:10, 695.38it/s]
 15%|█▌        | 1329/8810 [00:01<00:10, 701.30it/s]
 16%|█▌        | 1400/8810 [00:01<00:10, 682.88it/s]
 17%|█▋        | 1469/8810 [00:02<00:11, 616.36it/s]
 18%|█▊        | 1543/8810 [00:02<00:11, 643.28it/s]
 19%|█▊        | 1642/8810 [00:02<00:09, 737.96it/s]
 20%|█▉        | 1718/8810 [00:02<00:09, 732.94it/s]
 21%|██        | 1814/8810 [00:02<00:08, 795.26it/s]
 22%|██▏       | 1895/8810 [00:02<00:10, 643.81it/s]
 22%|██▏       | 1976/8810 [00:02<00:10, 681.34it/s]
 23%|██▎       | 2066/8810 [00:02<00:09, 733.86it/s]
 24%|██▍       | 2150/8810 [00:03<00:08, 762.14it/s]
 25%|██▌       | 2230/8810 [00:03<00:08, 767.29it/s]
 26%|██▌       | 2309/8810 [00:03<00:10, 646.91it/s]
 27%|██▋       | 2380/8810 [00:03<00:09, 662.15it/s]
 28%|██▊       | 2492/8810 [00:03<00:08, 782.17it/s]
 30%|██▉       | 2615/8810 [00:03<00:06, 902.12it/s]
 31%|███       | 2709/8810 [00:03<00:06, 894.45it/s]
 32%|███▏      | 2802/8810 [00:03<00:08, 745.38it/s]
 33%|███▎      | 2891/8810 [00:03<00:07, 779.18it/s]
 34%|███▍      | 2974/8810 [00:04<00:08, 705.31it/s]
 35%|███▍      | 3049/8810 [00:04<00:08, 711.00it/s]
 35%|███▌      | 3124/8810 [00:04<00:08, 668.16it/s]
 36%|███▋      | 3194/8810 [00:04<00:08, 650.17it/s]
 37%|███▋      | 3261/8810 [00:04<00:08, 638.86it/s]
 38%|███▊      | 3359/8810 [00:04<00:07, 728.35it/s]
 39%|███▉      | 3434/8810 [00:04<00:08, 655.88it/s]
 40%|███▉      | 3521/8810 [00:04<00:07, 709.23it/s]
 41%|████      | 3619/8810 [00:05<00:06, 779.37it/s]
 42%|████▏     | 3722/8810 [00:05<00:06, 845.89it/s]
 43%|████▎     | 3809/8810 [00:05<00:06, 763.00it/s]
 44%|████▍     | 3889/8810 [00:05<00:06, 755.98it/s]
 46%|████▌     | 4009/8810 [00:05<00:05, 875.96it/s]
 47%|████▋     | 4100/8810 [00:05<00:05, 854.89it/s]
 48%|████▊     | 4188/8810 [00:05<00:06, 769.02it/s]
 49%|████▊     | 4290/8810 [00:05<00:05, 831.89it/s]
 50%|████▉     | 4388/8810 [00:05<00:05, 871.64it/s]
 51%|█████     | 4478/8810 [00:06<00:05, 814.10it/s]
 52%|█████▏    | 4562/8810 [00:06<00:05, 766.01it/s]
 53%|█████▎    | 4641/8810 [00:06<00:06, 654.57it/s]
 53%|█████▎    | 4710/8810 [00:06<00:06, 638.71it/s]
 54%|█████▍    | 4783/8810 [00:06<00:06, 657.70it/s]
 55%|█████▌    | 4851/8810 [00:06<00:06, 638.54it/s]
 56%|█████▌    | 4917/8810 [00:06<00:06, 639.69it/s]
 57%|█████▋    | 4982/8810 [00:06<00:06, 570.81it/s]
 57%|█████▋    | 5056/8810 [00:07<00:06, 612.39it/s]
 58%|█████▊    | 5140/8810 [00:07<00:05, 669.16it/s]
 59%|█████▉    | 5209/8810 [00:07<00:05, 639.71it/s]
 60%|██████    | 5304/8810 [00:07<00:04, 716.97it/s]
 61%|██████    | 5378/8810 [00:07<00:05, 645.63it/s]
 62%|██████▏   | 5445/8810 [00:07<00:05, 638.19it/s]
 63%|██████▎   | 5531/8810 [00:07<00:04, 697.58it/s]
 64%|██████▎   | 5612/8810 [00:07<00:04, 726.17it/s]
 65%|██████▍   | 5697/8810 [00:07<00:04, 756.73it/s]
 66%|██████▌   | 5774/8810 [00:08<00:04, 667.10it/s]
 66%|██████▋   | 5849/8810 [00:08<00:04, 687.58it/s]
 67%|██████▋   | 5920/8810 [00:08<00:04, 636.93it/s]
 68%|██████▊   | 5994/8810 [00:08<00:04, 664.09it/s]
 69%|██████▉   | 6063/8810 [00:08<00:04, 642.20it/s]
 70%|██████▉   | 6132/8810 [00:08<00:04, 652.64it/s]
 71%|███████   | 6226/8810 [00:08<00:03, 731.31it/s]
 72%|███████▏  | 6316/8810 [00:08<00:03, 776.08it/s]
 73%|███████▎  | 6399/8810 [00:08<00:03, 790.79it/s]
 74%|███████▎  | 6479/8810 [00:09<00:03, 626.17it/s]
 74%|███████▍  | 6559/8810 [00:09<00:03, 665.38it/s]
 75%|███████▌  | 6634/8810 [00:09<00:03, 687.06it/s]
 76%|███████▋  | 6727/8810 [00:09<00:02, 748.30it/s]
 77%|███████▋  | 6820/8810 [00:09<00:02, 796.06it/s]
 78%|███████▊  | 6909/8810 [00:09<00:02, 819.66it/s]
 79%|███████▉  | 6993/8810 [00:09<00:02, 765.29it/s]
 80%|████████  | 7083/8810 [00:09<00:02, 797.75it/s]
 81%|████████▏ | 7165/8810 [00:10<00:02, 713.53it/s]
 82%|████████▏ | 7239/8810 [00:10<00:02, 715.62it/s]
 83%|████████▎ | 7332/8810 [00:10<00:01, 770.39it/s]
 84%|████████▍ | 7411/8810 [00:10<00:01, 723.85it/s]
 85%|████████▍ | 7486/8810 [00:10<00:02, 628.74it/s]
 86%|████████▌ | 7552/8810 [00:10<00:02, 604.01it/s]
 87%|████████▋ | 7646/8810 [00:10<00:01, 685.72it/s]
 88%|████████▊ | 7718/8810 [00:10<00:01, 616.46it/s]
 88%|████████▊ | 7783/8810 [00:10<00:01, 616.97it/s]
 89%|████████▉ | 7852/8810 [00:11<00:01, 634.88it/s]
 90%|█████████ | 7945/8810 [00:11<00:01, 713.38it/s]
 91%|█████████ | 8023/8810 [00:11<00:01, 729.93it/s]
 92%|█████████▏| 8098/8810 [00:11<00:01, 634.39it/s]
 93%|█████████▎| 8174/8810 [00:11<00:00, 664.48it/s]
 94%|█████████▎| 8244/8810 [00:11<00:00, 631.76it/s]
 94%|█████████▍| 8320/8810 [00:11<00:00, 661.07it/s]
 95%|█████████▌| 8388/8810 [00:11<00:00, 613.66it/s]
 96%|█████████▋| 8493/8810 [00:12<00:00, 726.49it/s]
 97%|█████████▋| 8588/8810 [00:12<00:00, 787.19it/s]
 98%|█████████▊| 8670/8810 [00:12<00:00, 765.04it/s]
 99%|█████████▉| 8749/8810 [00:12<00:00, 719.27it/s]
100%|██████████| 8810/8810 [00:12<00:00, 709.97it/s]
