
  0%|          | 0/8810 [00:00<?, ?it/s]
  0%|          | 44/8810 [00:00<00:20, 435.86it/s]
  2%|▏         | 181/8810 [00:00<00:11, 774.61it/s]
  3%|▎         | 283/8810 [00:00<00:09, 870.15it/s]
  4%|▍         | 394/8810 [00:00<00:08, 939.13it/s]
  6%|▌         | 488/8810 [00:00<00:08, 928.09it/s]
  7%|▋         | 608/8810 [00:00<00:08, 1014.63it/s]
  8%|▊         | 710/8810 [00:00<00:09, 841.85it/s] 
  9%|▉         | 813/8810 [00:00<00:08, 892.44it/s]
 10%|█         | 907/8810 [00:01<00:09, 873.27it/s]
 11%|█▏        | 997/8810 [00:01<00:10, 721.83it/s]
 13%|█▎        | 1108/8810 [00:01<00:09, 815.99it/s]
 14%|█▍        | 1212/8810 [00:01<00:08, 859.24it/s]
 15%|█▍        | 1309/8810 [00:01<00:08, 887.42it/s]
 16%|█▌        | 1402/8810 [00:01<00:08, 844.58it/s]
 17%|█▋        | 1490/8810 [00:01<00:09, 758.02it/s]
 18%|█▊        | 1578/8810 [00:01<00:09, 785.33it/s]
 19%|█▉        | 1694/8810 [00:01<00:08, 884.88it/s]
 20%|██        | 1793/8810 [00:02<00:07, 913.62it/s]
 21%|██▏       | 1887/8810 [00:02<00:09, 724.41it/s]
 22%|██▏       | 1974/8810 [00:02<00:09, 757.01it/s]
 24%|██▎       | 2078/8810 [00:02<00:08, 824.29it/s]
 25%|██▍       | 2199/8810 [00:02<00:07, 925.50it/s]
 26%|██▌       | 2297/8810 [00:02<00:08, 779.77it/s]
 27%|██▋       | 2408/8810 [00:02<00:07, 855.93it/s]
 29%|██▊       | 2524/8810 [00:02<00:06, 924.91it/s]
 30%|███       | 2654/8810 [00:03<00:06, 1021.40it/s]
 31%|███▏      | 2761/8810 [00:03<00:07, 841.16it/s] 
 32%|███▏      | 2854/8810 [00:03<00:06, 858.92it/s]
 34%|███▍      | 2976/8810 [00:03<00:06, 941.95it/s]
 35%|███▍      | 3076/8810 [00:03<00:07, 783.27it/s]
 36%|███▌      | 3170/8810 [00:03<00:06, 819.61it/s]
 37%|███▋      | 3259/8810 [00:03<00:06, 795.22it/s]
 38%|███▊      | 3361/8810 [00:03<00:06, 851.31it/s]
 39%|███▉      | 3451/8810 [00:04<00:07, 729.88it/s]
 40%|████      | 3555/8810 [00:04<00:06, 803.66it/s]
 41%|████▏     | 3648/8810 [00:04<00:06, 834.18it/s]
 43%|████▎     | 3751/8810 [00:04<00:05, 882.67it/s]
 44%|████▎     | 3843/8810 [00:04<00:06, 776.29it/s]
 45%|████▍     | 3929/8810 [00:04<00:06, 794.57it/s]
 46%|████▌     | 4062/8810 [00:04<00:05, 935.45it/s]
 47%|████▋     | 4164/8810 [00:04<00:04, 956.56it/s]
 48%|████▊     | 4263/8810 [00:05<00:05, 836.63it/s]
 49%|████▉     | 4358/8810 [00:05<00:05, 864.44it/s]
 51%|█████     | 4451/8810 [00:05<00:04, 872.99it/s]
 52%|█████▏    | 4541/8810 [00:05<00:04, 865.56it/s]
 53%|█████▎    | 4630/8810 [00:05<00:05, 780.52it/s]
 53%|█████▎    | 4711/8810 [00:05<00:05, 756.08it/s]
 54%|█████▍    | 4800/8810 [00:05<00:05, 789.95it/s]
 55%|█████▌    | 4885/8810 [00:05<00:04, 804.10it/s]
 56%|█████▋    | 4967/8810 [00:05<00:05, 708.51it/s]
 58%|█████▊    | 5089/8810 [00:06<00:04, 840.81it/s]
 60%|█████▉    | 5242/8810 [00:06<00:03, 1014.56it/s]
 61%|██████    | 5348/8810 [00:06<00:03, 942.93it/s] 
 62%|██████▏   | 5446/8810 [00:06<00:04, 769.72it/s]
 63%|██████▎   | 5546/8810 [00:06<00:03, 822.31it/s]
 64%|██████▍   | 5660/8810 [00:06<00:03, 902.02it/s]
 65%|██████▌   | 5757/8810 [00:06<00:03, 782.90it/s]
 66%|██████▋   | 5848/8810 [00:06<00:03, 807.98it/s]
 67%|██████▋   | 5934/8810 [00:07<00:04, 718.17it/s]
 68%|██████▊   | 6014/8810 [00:07<00:03, 728.38it/s]
 69%|██████▉   | 6091/8810 [00:07<00:03, 719.86it/s]
 70%|███████   | 6199/8810 [00:07<00:03, 811.41it/s]
 71%|███████▏  | 6295/8810 [00:07<00:02, 849.51it/s]
 72%|███████▏  | 6383/8810 [00:07<00:02, 828.85it/s]
 73%|███████▎  | 6468/8810 [00:07<00:03, 715.45it/s]
 75%|███████▍  | 6571/8810 [00:07<00:02, 794.05it/s]
 76%|███████▌  | 6673/8810 [00:08<00:02, 853.06it/s]
 77%|███████▋  | 6789/8810 [00:08<00:02, 924.48it/s]
 78%|███████▊  | 6900/8810 [00:08<00:01, 971.46it/s]
 79%|███████▉  | 7000/8810 [00:08<00:02, 874.78it/s]
 80%|████████  | 7092/8810 [00:08<00:01, 882.81it/s]
 82%|████████▏ | 7183/8810 [00:08<00:01, 864.56it/s]
 83%|████████▎ | 7314/8810 [00:08<00:01, 985.75it/s]
 84%|████████▍ | 7415/8810 [00:08<00:01, 938.74it/s]
 85%|████████▌ | 7511/8810 [00:08<00:01, 832.78it/s]
 86%|████████▌ | 7598/8810 [00:09<00:01, 841.52it/s]
 87%|████████▋ | 7698/8810 [00:09<00:01, 881.74it/s]
 88%|████████▊ | 7789/8810 [00:09<00:01, 715.68it/s]
 89%|████████▉ | 7876/8810 [00:09<00:01, 750.68it/s]
 90%|█████████ | 7957/8810 [00:09<00:01, 740.87it/s]
 91%|█████████ | 8037/8810 [00:09<00:01, 709.72it/s]
 92%|█████████▏| 8121/8810 [00:09<00:00, 741.72it/s]
 93%|█████████▎| 8209/8810 [00:09<00:00, 777.01it/s]
 94%|█████████▍| 8306/8810 [00:09<00:00, 826.02it/s]
 95%|█████████▌| 8391/8810 [00:10<00:00, 714.73it/s]
 96%|█████████▋| 8488/8810 [00:10<00:00, 778.26it/s]
 97%|█████████▋| 8584/8810 [00:10<00:00, 826.44it/s]
 98%|█████████▊| 8670/8810 [00:10<00:00, 824.72it/s]
 99%|█████████▉| 8755/8810 [00:10<00:00, 753.91it/s]
100%|██████████| 8810/8810 [00:10<00:00, 828.93it/s]
