
  0%|          | 0/8810 [00:00<?, ?it/s]
  2%|▏         | 181/8810 [00:00<00:05, 1458.02it/s]
  5%|▍         | 408/8810 [00:00<00:04, 1885.95it/s]
  7%|▋         | 651/8810 [00:00<00:03, 2115.66it/s]
 10%|▉         | 867/8810 [00:00<00:04, 1754.50it/s]
 12%|█▏        | 1052/8810 [00:00<00:04, 1640.35it/s]
 14%|█▍        | 1247/8810 [00:00<00:04, 1723.81it/s]
 16%|█▋        | 1450/8810 [00:00<00:04, 1810.37it/s]
 19%|█▊        | 1636/8810 [00:00<00:04, 1637.28it/s]
 21%|██        | 1821/8810 [00:01<00:04, 1610.18it/s]
 23%|██▎       | 2015/8810 [00:01<00:04, 1696.11it/s]
 25%|██▌       | 2229/8810 [00:01<00:03, 1815.09it/s]
 27%|██▋       | 2415/8810 [00:01<00:03, 1667.32it/s]
 30%|███       | 2662/8810 [00:01<00:03, 1882.22it/s]
 32%|███▏      | 2856/8810 [00:01<00:03, 1768.80it/s]
 34%|███▍      | 3039/8810 [00:01<00:03, 1778.63it/s]
 37%|███▋      | 3221/8810 [00:01<00:03, 1526.47it/s]
 38%|███▊      | 3385/8810 [00:01<00:03, 1554.53it/s]
 40%|████      | 3547/8810 [00:02<00:03, 1476.15it/s]
 42%|████▏     | 3730/8810 [00:02<00:03, 1565.14it/s]
 44%|████▍     | 3891/8810 [00:02<00:03, 1433.42it/s]
 47%|████▋     | 4118/8810 [00:02<00:02, 1651.09it/s]
 49%|████▊     | 4290/8810 [00:02<00:02, 1587.21it/s]
 51%|█████     | 4500/8810 [00:02<00:02, 1722.30it/s]
 53%|█████▎    | 4677/8810 [00:02<00:02, 1516.79it/s]
 55%|█████▌    | 4852/8810 [00:02<00:02, 1572.66it/s]
 57%|█████▋    | 5016/8810 [00:03<00:02, 1468.14it/s]
 59%|█████▉    | 5208/8810 [00:03<00:02, 1586.14it/s]
 61%|██████    | 5372/8810 [00:03<00:02, 1528.80it/s]
 63%|██████▎   | 5566/8810 [00:03<00:01, 1638.22it/s]
 65%|██████▌   | 5754/8810 [00:03<00:01, 1629.39it/s]
 67%|██████▋   | 5920/8810 [00:03<00:01, 1596.01it/s]
 69%|██████▉   | 6082/8810 [00:03<00:01, 1538.88it/s]
 71%|███████▏  | 6294/8810 [00:03<00:01, 1698.13it/s]
 73%|███████▎  | 6467/8810 [00:03<00:01, 1532.19it/s]
 77%|███████▋  | 6750/8810 [00:04<00:01, 1872.11it/s]
 79%|███████▉  | 6972/8810 [00:04<00:00, 1870.68it/s]
 81%|████████▏ | 7165/8810 [00:04<00:00, 1846.80it/s]
 83%|████████▎ | 7354/8810 [00:04<00:00, 1838.66it/s]
 86%|████████▌ | 7541/8810 [00:04<00:00, 1575.88it/s]
 88%|████████▊ | 7715/8810 [00:04<00:00, 1584.05it/s]
 90%|████████▉ | 7894/8810 [00:04<00:00, 1637.03it/s]
 92%|█████████▏| 8063/8810 [00:04<00:00, 1504.51it/s]
 94%|█████████▎| 8241/8810 [00:05<00:00, 1575.94it/s]
 95%|█████████▌| 8403/8810 [00:05<00:00, 1532.84it/s]
 98%|█████████▊| 8623/8810 [00:05<00:00, 1713.79it/s]
100%|█████████▉| 8799/8810 [00:05<00:00, 1628.55it/s]
100%|██████████| 8810/8810 [00:05<00:00, 1649.53it/s]
