
  0%|          | 0/8810 [00:00<?, ?it/s]
  2%|▏         | 181/8810 [00:00<00:06, 1300.37it/s]
  4%|▍         | 382/8810 [00:00<00:05, 1657.88it/s]
  7%|▋         | 586/8810 [00:00<00:04, 1813.60it/s]
  9%|▉         | 772/8810 [00:00<00:05, 1547.12it/s]
 11%|█         | 954/8810 [00:00<00:04, 1629.66it/s]
 13%|█▎        | 1123/8810 [00:00<00:05, 1509.85it/s]
 15%|█▍        | 1309/8810 [00:00<00:04, 1607.68it/s]
 17%|█▋        | 1475/8810 [00:00<00:04, 1485.07it/s]
 19%|█▉        | 1666/8810 [00:01<00:04, 1601.85it/s]
 21%|██        | 1831/8810 [00:01<00:04, 1513.55it/s]
 23%|██▎       | 2030/8810 [00:01<00:04, 1643.20it/s]
 25%|██▌       | 2230/8810 [00:01<00:03, 1739.55it/s]
 27%|██▋       | 2408/8810 [00:01<00:03, 1615.24it/s]
 30%|██▉       | 2628/8810 [00:01<00:03, 1774.74it/s]
 32%|███▏      | 2810/8810 [00:01<00:03, 1627.08it/s]
 34%|███▍      | 3002/8810 [00:01<00:03, 1701.85it/s]
 36%|███▌      | 3177/8810 [00:01<00:03, 1552.40it/s]
 38%|███▊      | 3338/8810 [00:02<00:03, 1564.54it/s]
 40%|███▉      | 3499/8810 [00:02<00:03, 1424.25it/s]
 41%|████▏     | 3649/8810 [00:02<00:03, 1441.21it/s]
 43%|████▎     | 3797/8810 [00:02<00:03, 1345.91it/s]
 45%|████▌     | 3988/8810 [00:02<00:03, 1491.67it/s]
 47%|████▋     | 4180/8810 [00:02<00:03, 1463.51it/s]
 50%|████▉     | 4388/8810 [00:02<00:02, 1620.91it/s]
 52%|█████▏    | 4555/8810 [00:02<00:02, 1622.08it/s]
 54%|█████▎    | 4721/8810 [00:03<00:02, 1423.35it/s]
 56%|█████▌    | 4893/8810 [00:03<00:02, 1496.56it/s]
 57%|█████▋    | 5048/8810 [00:03<00:02, 1402.27it/s]
 59%|█████▉    | 5240/8810 [00:03<00:02, 1537.13it/s]
 61%|██████▏   | 5399/8810 [00:03<00:02, 1478.89it/s]
 64%|██████▍   | 5626/8810 [00:03<00:01, 1689.99it/s]
 66%|██████▌   | 5800/8810 [00:03<00:01, 1610.88it/s]
 68%|██████▊   | 5965/8810 [00:03<00:01, 1528.37it/s]
 69%|██████▉   | 6121/8810 [00:03<00:01, 1486.48it/s]
 72%|███████▏  | 6304/8810 [00:04<00:01, 1579.50it/s]
 73%|███████▎  | 6465/8810 [00:04<00:01, 1532.37it/s]
 76%|███████▌  | 6688/8810 [00:04<00:01, 1724.63it/s]
 78%|███████▊  | 6909/8810 [00:04<00:01, 1861.80it/s]
 81%|████████  | 7098/8810 [00:04<00:01, 1698.43it/s]
 83%|████████▎ | 7273/8810 [00:04<00:00, 1669.05it/s]
 84%|████████▍ | 7443/8810 [00:04<00:00, 1599.06it/s]
 86%|████████▋ | 7606/8810 [00:04<00:00, 1498.36it/s]
 88%|████████▊ | 7759/8810 [00:04<00:00, 1396.52it/s]
 90%|█████████ | 7929/8810 [00:05<00:00, 1472.29it/s]
 92%|█████████▏| 8079/8810 [00:05<00:00, 1338.45it/s]
 93%|█████████▎| 8225/8810 [00:05<00:00, 1367.83it/s]
 95%|█████████▍| 8365/8810 [00:05<00:00, 1296.49it/s]
 97%|█████████▋| 8526/8810 [00:05<00:00, 1376.79it/s]
 99%|█████████▉| 8700/8810 [00:05<00:00, 1474.03it/s]
100%|██████████| 8810/8810 [00:05<00:00, 1533.26it/s]
