
  0%|          | 0/8810 [00:00<?, ?it/s]
  2%|▏         | 181/8810 [00:00<00:06, 1376.27it/s]
  5%|▍         | 409/8810 [00:00<00:04, 1837.59it/s]
  7%|▋         | 655/8810 [00:00<00:03, 2101.56it/s]
 10%|▉         | 871/8810 [00:00<00:04, 1759.28it/s]
 12%|█▏        | 1057/8810 [00:00<00:04, 1689.49it/s]
 15%|█▍        | 1279/8810 [00:00<00:04, 1838.22it/s]
 17%|█▋        | 1469/8810 [00:00<00:04, 1729.75it/s]
 19%|█▉        | 1691/8810 [00:00<00:03, 1865.87it/s]
 21%|██▏       | 1883/8810 [00:01<00:03, 1774.67it/s]
 24%|██▍       | 2149/8810 [00:01<00:03, 2015.87it/s]
 27%|██▋       | 2356/8810 [00:01<00:03, 1817.72it/s]
 30%|██▉       | 2623/8810 [00:01<00:03, 2043.73it/s]
 32%|███▏      | 2835/8810 [00:01<00:03, 1899.18it/s]
 35%|███▍      | 3052/8810 [00:01<00:02, 1968.94it/s]
 37%|███▋      | 3255/8810 [00:01<00:03, 1805.08it/s]
 39%|███▉      | 3442/8810 [00:01<00:03, 1669.05it/s]
 42%|████▏     | 3659/8810 [00:02<00:02, 1797.27it/s]
 44%|████▎     | 3845/8810 [00:02<00:02, 1753.76it/s]
 46%|████▋     | 4094/8810 [00:02<00:02, 1951.90it/s]
 49%|████▉     | 4295/8810 [00:02<00:02, 1894.13it/s]
 51%|█████▏    | 4535/8810 [00:02<00:02, 2030.83it/s]
 54%|█████▍    | 4742/8810 [00:02<00:02, 1707.11it/s]
 56%|█████▌    | 4924/8810 [00:02<00:02, 1735.43it/s]
 58%|█████▊    | 5106/8810 [00:02<00:02, 1599.72it/s]
 61%|██████    | 5334/8810 [00:02<00:01, 1772.10it/s]
 63%|██████▎   | 5519/8810 [00:03<00:01, 1752.66it/s]
 65%|██████▌   | 5754/8810 [00:03<00:01, 1745.48it/s]
 67%|██████▋   | 5933/8810 [00:03<00:01, 1734.29it/s]
 69%|██████▉   | 6109/8810 [00:03<00:01, 1638.45it/s]
 72%|███████▏  | 6342/8810 [00:03<00:01, 1822.07it/s]
 74%|███████▍  | 6529/8810 [00:03<00:01, 1711.08it/s]
 77%|███████▋  | 6803/8810 [00:03<00:01, 1983.54it/s]
 80%|███████▉  | 7007/8810 [00:03<00:00, 1919.69it/s]
 82%|████████▏ | 7213/8810 [00:03<00:00, 1956.68it/s]
 84%|████████▍ | 7412/8810 [00:04<00:00, 1907.04it/s]
 86%|████████▋ | 7605/8810 [00:04<00:00, 1888.66it/s]
 88%|████████▊ | 7796/8810 [00:04<00:00, 1767.29it/s]
 91%|█████████ | 7985/8810 [00:04<00:00, 1800.84it/s]
 93%|█████████▎| 8167/8810 [00:04<00:00, 1642.29it/s]
 95%|█████████▍| 8361/8810 [00:04<00:00, 1561.95it/s]
 97%|█████████▋| 8563/8810 [00:04<00:00, 1676.12it/s]
 99%|█████████▉| 8735/8810 [00:04<00:00, 1572.31it/s]
100%|██████████| 8810/8810 [00:04<00:00, 1786.78it/s]
