
  0%|          | 0/8810 [00:00<?, ?it/s]
  2%|▏         | 181/8810 [00:00<00:05, 1452.64it/s]
  5%|▍         | 426/8810 [00:00<00:04, 1981.39it/s]
  7%|▋         | 656/8810 [00:00<00:04, 1907.58it/s]
 10%|▉         | 863/8810 [00:00<00:04, 1961.72it/s]
 12%|█▏        | 1062/8810 [00:00<00:04, 1814.36it/s]
 14%|█▍        | 1265/8810 [00:00<00:04, 1878.02it/s]
 17%|█▋        | 1457/8810 [00:00<00:04, 1709.98it/s]
 19%|█▉        | 1671/8810 [00:00<00:03, 1826.98it/s]
 21%|██        | 1858/8810 [00:01<00:04, 1705.58it/s]
 24%|██▍       | 2117/8810 [00:01<00:03, 1948.40it/s]
 26%|██▋       | 2318/8810 [00:01<00:03, 1767.59it/s]
 30%|██▉       | 2612/8810 [00:01<00:02, 2078.04it/s]
 32%|███▏      | 2829/8810 [00:01<00:03, 1864.04it/s]
 35%|███▍      | 3057/8810 [00:01<00:03, 1806.55it/s]
 37%|███▋      | 3253/8810 [00:01<00:03, 1844.44it/s]
 39%|███▉      | 3443/8810 [00:01<00:02, 1795.28it/s]
 42%|████▏     | 3680/8810 [00:01<00:02, 1941.92it/s]
 44%|████▍     | 3879/8810 [00:02<00:02, 1715.46it/s]
 47%|████▋     | 4154/8810 [00:02<00:02, 1976.43it/s]
 50%|████▉     | 4361/8810 [00:02<00:02, 1871.25it/s]
 52%|█████▏    | 4575/8810 [00:02<00:02, 1933.10it/s]
 54%|█████▍    | 4774/8810 [00:02<00:02, 1783.93it/s]
 56%|█████▋    | 4958/8810 [00:02<00:02, 1649.68it/s]
 59%|█████▉    | 5194/8810 [00:02<00:01, 1829.36it/s]
 61%|██████    | 5384/8810 [00:02<00:01, 1759.31it/s]
 64%|██████▍   | 5634/8810 [00:03<00:01, 1956.53it/s]
 66%|██████▌   | 5836/8810 [00:03<00:01, 1904.65it/s]
 68%|██████▊   | 6031/8810 [00:03<00:01, 1855.78it/s]
 71%|███████   | 6220/8810 [00:03<00:01, 1763.07it/s]
 73%|███████▎  | 6400/8810 [00:03<00:01, 1717.05it/s]
 75%|███████▌  | 6642/8810 [00:03<00:01, 1906.67it/s]
 78%|███████▊  | 6911/8810 [00:03<00:00, 2123.97it/s]
 81%|████████  | 7127/8810 [00:03<00:00, 1914.22it/s]
 83%|████████▎ | 7332/8810 [00:03<00:00, 1948.18it/s]
 85%|████████▌ | 7532/8810 [00:04<00:00, 1732.62it/s]
 88%|████████▊ | 7715/8810 [00:04<00:00, 1701.86it/s]
 90%|█████████ | 7929/8810 [00:04<00:00, 1810.48it/s]
 92%|█████████▏| 8115/8810 [00:04<00:00, 1620.79it/s]
 94%|█████████▍| 8302/8810 [00:04<00:00, 1684.08it/s]
 96%|█████████▌| 8476/8810 [00:04<00:00, 1540.54it/s]
 99%|█████████▊| 8699/8810 [00:04<00:00, 1715.71it/s]
100%|██████████| 8810/8810 [00:04<00:00, 1806.87it/s]
