
  0%|          | 0/8810 [00:00<?, ?it/s]
  2%|▏         | 181/8810 [00:00<00:06, 1345.77it/s]
  5%|▍         | 422/8810 [00:00<00:04, 1880.77it/s]
  7%|▋         | 656/8810 [00:00<00:04, 1773.71it/s]
 10%|▉         | 844/8810 [00:00<00:04, 1809.65it/s]
 12%|█▏        | 1029/8810 [00:00<00:04, 1708.35it/s]
 14%|█▍        | 1244/8810 [00:00<00:04, 1839.37it/s]
 16%|█▋        | 1451/8810 [00:00<00:03, 1906.41it/s]
 19%|█▊        | 1645/8810 [00:00<00:04, 1686.87it/s]
 21%|██        | 1821/8810 [00:01<00:04, 1529.91it/s]
 22%|██▏       | 1980/8810 [00:01<00:04, 1478.89it/s]
 25%|██▍       | 2175/8810 [00:01<00:04, 1601.70it/s]
 27%|██▋       | 2340/8810 [00:01<00:04, 1395.77it/s]
 29%|██▉       | 2552/8810 [00:01<00:03, 1575.82it/s]
 31%|███       | 2744/8810 [00:01<00:03, 1544.98it/s]
 33%|███▎      | 2914/8810 [00:01<00:03, 1584.35it/s]
 35%|███▍      | 3078/8810 [00:01<00:03, 1511.72it/s]
 37%|███▋      | 3239/8810 [00:02<00:03, 1532.48it/s]
 39%|███▊      | 3410/8810 [00:02<00:03, 1477.77it/s]
 41%|████      | 3610/8810 [00:02<00:03, 1615.82it/s]
 43%|████▎     | 3775/8810 [00:02<00:03, 1520.73it/s]
 45%|████▌     | 3973/8810 [00:02<00:02, 1642.84it/s]
 47%|████▋     | 4180/8810 [00:02<00:02, 1573.46it/s]
 50%|████▉     | 4402/8810 [00:02<00:02, 1742.31it/s]
 52%|█████▏    | 4600/8810 [00:02<00:02, 1803.75it/s]
 54%|█████▍    | 4785/8810 [00:02<00:02, 1654.52it/s]
 56%|█████▋    | 4956/8810 [00:03<00:02, 1502.41it/s]
 59%|█████▊    | 5173/8810 [00:03<00:02, 1671.09it/s]
 61%|██████    | 5372/8810 [00:03<00:02, 1595.49it/s]
 63%|██████▎   | 5566/8810 [00:03<00:01, 1680.99it/s]
 65%|██████▌   | 5754/8810 [00:03<00:01, 1638.15it/s]
 67%|██████▋   | 5922/8810 [00:03<00:01, 1550.79it/s]
 69%|██████▉   | 6080/8810 [00:03<00:01, 1444.61it/s]
 71%|███████   | 6231/8810 [00:03<00:01, 1456.96it/s]
 73%|███████▎  | 6388/8810 [00:04<00:01, 1485.23it/s]
 74%|███████▍  | 6539/8810 [00:04<00:01, 1290.24it/s]
 76%|███████▋  | 6729/8810 [00:04<00:01, 1444.79it/s]
 78%|███████▊  | 6904/8810 [00:04<00:01, 1523.83it/s]
 80%|████████  | 7062/8810 [00:04<00:01, 1409.12it/s]
 82%|████████▏ | 7208/8810 [00:04<00:01, 1406.38it/s]
 84%|████████▎ | 7360/8810 [00:04<00:01, 1304.15it/s]
 85%|████████▌ | 7495/8810 [00:04<00:01, 1271.69it/s]
 87%|████████▋ | 7653/8810 [00:04<00:00, 1351.37it/s]
 88%|████████▊ | 7791/8810 [00:05<00:00, 1206.26it/s]
 90%|████████▉ | 7916/8810 [00:05<00:00, 1215.60it/s]
 91%|█████████▏| 8041/8810 [00:05<00:00, 996.89it/s] 
 93%|█████████▎| 8192/8810 [00:05<00:00, 1117.90it/s]
 95%|█████████▍| 8329/8810 [00:05<00:00, 1179.95it/s]
 96%|█████████▌| 8455/8810 [00:05<00:00, 1088.46it/s]
 98%|█████████▊| 8611/8810 [00:05<00:00, 1206.04it/s]
 99%|█████████▉| 8738/8810 [00:05<00:00, 1130.85it/s]
100%|██████████| 8810/8810 [00:06<00:00, 1467.82it/s]
