
  0%|          | 0/8810 [00:00<?, ?it/s]
  2%|▏         | 181/8810 [00:00<00:05, 1521.95it/s]
  5%|▍         | 421/8810 [00:00<00:04, 1992.87it/s]
  7%|▋         | 656/8810 [00:00<00:04, 1848.39it/s]
 10%|▉         | 855/8810 [00:00<00:04, 1892.76it/s]
 12%|█▏        | 1047/8810 [00:00<00:04, 1772.32it/s]
 15%|█▍        | 1284/8810 [00:00<00:03, 1953.81it/s]
 17%|█▋        | 1483/8810 [00:00<00:04, 1729.80it/s]
 19%|█▉        | 1705/8810 [00:00<00:03, 1859.28it/s]
 22%|██▏       | 1897/8810 [00:01<00:04, 1652.47it/s]
 24%|██▍       | 2138/8810 [00:01<00:03, 1851.13it/s]
 26%|██▋       | 2332/8810 [00:01<00:03, 1707.25it/s]
 29%|██▉       | 2593/8810 [00:01<00:03, 1940.42it/s]
 32%|███▏      | 2796/8810 [00:01<00:03, 1731.96it/s]
 34%|███▍      | 2989/8810 [00:01<00:03, 1780.23it/s]
 36%|███▌      | 3175/8810 [00:01<00:03, 1693.62it/s]
 38%|███▊      | 3373/8810 [00:01<00:03, 1768.29it/s]
 40%|████      | 3555/8810 [00:02<00:03, 1648.24it/s]
 43%|████▎     | 3774/8810 [00:02<00:03, 1612.99it/s]
 45%|████▌     | 3996/8810 [00:02<00:02, 1766.49it/s]
 47%|████▋     | 4180/8810 [00:02<00:02, 1722.07it/s]
 50%|█████     | 4421/8810 [00:02<00:02, 1905.00it/s]
 52%|█████▏    | 4625/8810 [00:02<00:02, 1787.75it/s]
 55%|█████▍    | 4817/8810 [00:02<00:02, 1821.76it/s]
 57%|█████▋    | 5003/8810 [00:02<00:02, 1673.24it/s]
 59%|█████▉    | 5181/8810 [00:02<00:02, 1701.21it/s]
 61%|██████    | 5372/8810 [00:03<00:02, 1661.24it/s]
 63%|██████▎   | 5585/8810 [00:03<00:01, 1787.08it/s]
 65%|██████▌   | 5767/8810 [00:03<00:01, 1712.90it/s]
 67%|██████▋   | 5941/8810 [00:03<00:01, 1689.27it/s]
 69%|██████▉   | 6112/8810 [00:03<00:01, 1648.47it/s]
 72%|███████▏  | 6314/8810 [00:03<00:01, 1748.43it/s]
 74%|███████▎  | 6491/8810 [00:03<00:01, 1657.40it/s]
 77%|███████▋  | 6755/8810 [00:03<00:01, 1928.54it/s]
 79%|███████▉  | 6972/8810 [00:03<00:00, 1869.79it/s]
 81%|████████▏ | 7162/8810 [00:04<00:00, 1872.29it/s]
 84%|████████▎ | 7360/8810 [00:04<00:00, 1720.56it/s]
 86%|████████▌ | 7536/8810 [00:04<00:00, 1713.80it/s]
 88%|████████▊ | 7715/8810 [00:04<00:00, 1646.75it/s]
 89%|████████▉ | 7882/8810 [00:04<00:00, 1642.49it/s]
 91%|█████████▏| 8048/8810 [00:04<00:00, 1453.67it/s]
 93%|█████████▎| 8237/8810 [00:04<00:00, 1565.20it/s]
 95%|█████████▌| 8399/8810 [00:04<00:00, 1496.54it/s]
 98%|█████████▊| 8606/8810 [00:04<00:00, 1643.88it/s]
100%|█████████▉| 8775/8810 [00:05<00:00, 1509.82it/s]
100%|██████████| 8810/8810 [00:05<00:00, 1719.86it/s]
