
  0%|          | 0/8810 [00:00<?, ?it/s]
  0%|          | 24/8810 [00:00<00:39, 221.89it/s]
  1%|          | 47/8810 [00:00<00:44, 196.46it/s]
  1%|▏         | 117/8810 [00:00<00:21, 403.88it/s]
  2%|▏         | 181/8810 [00:00<00:24, 352.89it/s]
  3%|▎         | 246/8810 [00:00<00:20, 427.40it/s]
  4%|▍         | 332/8810 [00:00<00:15, 545.94it/s]
  4%|▍         | 392/8810 [00:00<00:15, 544.01it/s]
  5%|▌         | 450/8810 [00:01<00:18, 449.96it/s]
  6%|▌         | 541/8810 [00:01<00:14, 556.38it/s]
  7%|▋         | 603/8810 [00:01<00:14, 564.82it/s]
  8%|▊         | 664/8810 [00:01<00:21, 378.39it/s]
  8%|▊         | 713/8810 [00:01<00:22, 356.24it/s]
  9%|▉         | 774/8810 [00:01<00:19, 403.58it/s]
  9%|▉         | 822/8810 [00:01<00:19, 417.60it/s]
 10%|▉         | 874/8810 [00:02<00:18, 439.20it/s]
 10%|█         | 923/8810 [00:02<00:18, 426.50it/s]
 11%|█         | 975/8810 [00:02<00:17, 445.22it/s]
 12%|█▏        | 1022/8810 [00:02<00:20, 372.18it/s]
 12%|█▏        | 1071/8810 [00:02<00:19, 398.04it/s]
 13%|█▎        | 1120/8810 [00:02<00:18, 420.08it/s]
 13%|█▎        | 1165/8810 [00:02<00:18, 411.30it/s]
 14%|█▎        | 1211/8810 [00:02<00:18, 414.68it/s]
 14%|█▍        | 1256/8810 [00:02<00:17, 422.72it/s]
 15%|█▌        | 1323/8810 [00:03<00:15, 488.04it/s]
 16%|█▌        | 1373/8810 [00:03<00:16, 445.31it/s]
 16%|█▋        | 1443/8810 [00:03<00:14, 499.71it/s]
 17%|█▋        | 1495/8810 [00:03<00:27, 264.36it/s]
 18%|█▊        | 1543/8810 [00:03<00:24, 293.93it/s]
 18%|█▊        | 1590/8810 [00:03<00:22, 324.90it/s]
 19%|█▊        | 1649/8810 [00:04<00:19, 376.88it/s]
 19%|█▉        | 1706/8810 [00:04<00:16, 421.27it/s]
 20%|██        | 1766/8810 [00:04<00:15, 464.96it/s]
 21%|██        | 1819/8810 [00:04<00:15, 443.83it/s]
 21%|██        | 1868/8810 [00:04<00:25, 267.87it/s]
 22%|██▏       | 1917/8810 [00:04<00:22, 306.77it/s]
 22%|██▏       | 1963/8810 [00:04<00:20, 330.78it/s]
 23%|██▎       | 2039/8810 [00:05<00:16, 422.91it/s]
 24%|██▎       | 2091/8810 [00:05<00:15, 445.99it/s]
 24%|██▍       | 2148/8810 [00:05<00:14, 471.99it/s]
 25%|██▍       | 2201/8810 [00:05<00:14, 452.44it/s]
 26%|██▌       | 2250/8810 [00:05<00:16, 407.30it/s]
 26%|██▌       | 2294/8810 [00:05<00:22, 285.48it/s]
 27%|██▋       | 2358/8810 [00:05<00:18, 352.75it/s]
 27%|██▋       | 2407/8810 [00:06<00:17, 375.92it/s]
 28%|██▊       | 2471/8810 [00:06<00:14, 433.95it/s]
 29%|██▊       | 2521/8810 [00:06<00:14, 448.32it/s]
 29%|██▉       | 2593/8810 [00:06<00:12, 517.52it/s]
 30%|███       | 2649/8810 [00:06<00:12, 494.51it/s]
 31%|███       | 2705/8810 [00:06<00:12, 497.97it/s]
 31%|███▏      | 2757/8810 [00:06<00:17, 348.88it/s]
 32%|███▏      | 2804/8810 [00:06<00:16, 367.66it/s]
 32%|███▏      | 2847/8810 [00:07<00:15, 380.72it/s]
 33%|███▎      | 2896/8810 [00:07<00:14, 401.34it/s]
 33%|███▎      | 2940/8810 [00:07<00:16, 362.03it/s]
 34%|███▍      | 2989/8810 [00:07<00:14, 390.86it/s]
 34%|███▍      | 3034/8810 [00:07<00:14, 398.01it/s]
 35%|███▍      | 3076/8810 [00:07<00:18, 304.24it/s]
 35%|███▌      | 3117/8810 [00:07<00:17, 327.31it/s]
 36%|███▌      | 3154/8810 [00:08<00:17, 321.31it/s]
 36%|███▌      | 3189/8810 [00:08<00:19, 287.13it/s]
 37%|███▋      | 3220/8810 [00:08<00:19, 287.03it/s]
 37%|███▋      | 3251/8810 [00:08<00:19, 280.06it/s]
 37%|███▋      | 3285/8810 [00:08<00:18, 294.20it/s]
 38%|███▊      | 3322/8810 [00:08<00:17, 309.24it/s]
 38%|███▊      | 3381/8810 [00:08<00:14, 384.89it/s]
 39%|███▉      | 3421/8810 [00:08<00:17, 302.25it/s]
 39%|███▉      | 3468/8810 [00:09<00:15, 341.33it/s]
 40%|███▉      | 3508/8810 [00:09<00:14, 354.71it/s]
 40%|████      | 3554/8810 [00:09<00:13, 380.61it/s]
 41%|████      | 3618/8810 [00:09<00:11, 449.44it/s]
 42%|████▏     | 3679/8810 [00:09<00:10, 487.06it/s]
 42%|████▏     | 3730/8810 [00:09<00:13, 387.47it/s]
 43%|████▎     | 3774/8810 [00:09<00:16, 309.81it/s]
 43%|████▎     | 3829/8810 [00:09<00:14, 353.03it/s]
 44%|████▍     | 3910/8810 [00:10<00:10, 454.48it/s]
 46%|████▌     | 4036/8810 [00:10<00:07, 648.75it/s]
 47%|████▋     | 4110/8810 [00:10<00:08, 561.47it/s]
 47%|████▋     | 4175/8810 [00:10<00:08, 537.74it/s]
 48%|████▊     | 4235/8810 [00:10<00:14, 323.91it/s]
 49%|████▊     | 4292/8810 [00:10<00:12, 363.03it/s]
 49%|████▉     | 4341/8810 [00:11<00:11, 378.68it/s]
 50%|████▉     | 4392/8810 [00:11<00:11, 399.53it/s]
 50%|█████     | 4440/8810 [00:11<00:12, 357.53it/s]
 51%|█████     | 4482/8810 [00:11<00:11, 364.19it/s]
 51%|█████▏    | 4535/8810 [00:11<00:10, 400.29it/s]
 52%|█████▏    | 4579/8810 [00:11<00:10, 387.34it/s]
 52%|█████▏    | 4625/8810 [00:11<00:13, 314.42it/s]
 53%|█████▎    | 4666/8810 [00:12<00:12, 329.52it/s]
 53%|█████▎    | 4703/8810 [00:12<00:14, 286.77it/s]
 54%|█████▎    | 4735/8810 [00:12<00:14, 285.72it/s]
 54%|█████▍    | 4781/8810 [00:12<00:12, 319.75it/s]
 55%|█████▍    | 4816/8810 [00:12<00:12, 313.78it/s]
 55%|█████▌    | 4852/8810 [00:12<00:12, 318.89it/s]
 55%|█████▌    | 4885/8810 [00:12<00:12, 319.30it/s]
 56%|█████▌    | 4918/8810 [00:12<00:14, 269.81it/s]
 56%|█████▌    | 4947/8810 [00:13<00:19, 201.84it/s]
 57%|█████▋    | 4984/8810 [00:13<00:16, 227.55it/s]
 57%|█████▋    | 5022/8810 [00:13<00:14, 258.59it/s]
 57%|█████▋    | 5056/8810 [00:13<00:13, 274.83it/s]
 58%|█████▊    | 5101/8810 [00:13<00:11, 315.24it/s]
 58%|█████▊    | 5144/8810 [00:13<00:10, 338.63it/s]
 59%|█████▉    | 5180/8810 [00:13<00:11, 323.99it/s]
 59%|█████▉    | 5214/8810 [00:13<00:11, 304.49it/s]
 60%|█████▉    | 5264/8810 [00:14<00:10, 353.52it/s]
 60%|██████    | 5303/8810 [00:14<00:09, 363.07it/s]
 61%|██████    | 5341/8810 [00:14<00:09, 356.14it/s]
 61%|██████    | 5378/8810 [00:14<00:13, 257.08it/s]
 62%|██████▏   | 5432/8810 [00:14<00:10, 315.82it/s]
 62%|██████▏   | 5471/8810 [00:14<00:10, 331.00it/s]
 63%|██████▎   | 5552/8810 [00:14<00:07, 449.76it/s]
 64%|██████▍   | 5628/8810 [00:14<00:06, 510.88it/s]
 65%|██████▍   | 5683/8810 [00:15<00:06, 485.68it/s]
 65%|██████▌   | 5735/8810 [00:15<00:07, 419.39it/s]
 66%|██████▌   | 5781/8810 [00:15<00:10, 282.07it/s]
 66%|██████▌   | 5828/8810 [00:15<00:09, 316.68it/s]
 67%|██████▋   | 5868/8810 [00:15<00:09, 297.03it/s]
 67%|██████▋   | 5903/8810 [00:15<00:10, 275.63it/s]
 67%|██████▋   | 5935/8810 [00:16<00:11, 248.23it/s]
 68%|██████▊   | 5976/8810 [00:16<00:10, 281.84it/s]
 68%|██████▊   | 6016/8810 [00:16<00:09, 305.46it/s]
 69%|██████▊   | 6050/8810 [00:16<00:11, 235.29it/s]
 69%|██████▉   | 6098/8810 [00:16<00:09, 273.46it/s]
 70%|██████▉   | 6130/8810 [00:16<00:09, 281.85it/s]
 70%|██████▉   | 6162/8810 [00:16<00:09, 284.24it/s]
 70%|███████   | 6200/8810 [00:17<00:08, 307.25it/s]
 71%|███████   | 6249/8810 [00:17<00:07, 350.30it/s]
 71%|███████▏  | 6294/8810 [00:17<00:06, 373.21it/s]
 72%|███████▏  | 6334/8810 [00:17<00:06, 378.87it/s]
 73%|███████▎  | 6391/8810 [00:17<00:05, 430.30it/s]
 73%|███████▎  | 6436/8810 [00:17<00:07, 317.15it/s]
 73%|███████▎  | 6474/8810 [00:17<00:07, 328.41it/s]
 74%|███████▍  | 6511/8810 [00:17<00:06, 329.70it/s]
 75%|███████▍  | 6572/8810 [00:17<00:05, 399.21it/s]
 75%|███████▌  | 6633/8810 [00:18<00:04, 441.38it/s]
 76%|███████▋  | 6718/8810 [00:18<00:03, 548.24it/s]
 77%|███████▋  | 6777/8810 [00:18<00:03, 512.90it/s]
 78%|███████▊  | 6831/8810 [00:18<00:03, 517.44it/s]
 78%|███████▊  | 6900/8810 [00:18<00:03, 562.48it/s]
 79%|███████▉  | 6969/8810 [00:18<00:03, 595.61it/s]
 80%|███████▉  | 7030/8810 [00:19<00:07, 222.67it/s]
 80%|████████  | 7076/8810 [00:19<00:08, 195.78it/s]
 81%|████████  | 7112/8810 [00:19<00:08, 203.72it/s]
 81%|████████  | 7145/8810 [00:19<00:08, 207.79it/s]
 81%|████████▏ | 7175/8810 [00:20<00:08, 197.41it/s]
 82%|████████▏ | 7201/8810 [00:20<00:08, 199.28it/s]
 82%|████████▏ | 7231/8810 [00:20<00:07, 211.13it/s]
 82%|████████▏ | 7256/8810 [00:20<00:07, 217.88it/s]
 83%|████████▎ | 7295/8810 [00:20<00:05, 253.34it/s]
 83%|████████▎ | 7326/8810 [00:20<00:05, 259.28it/s]
 83%|████████▎ | 7354/8810 [00:20<00:06, 231.14it/s]
 84%|████████▍ | 7379/8810 [00:21<00:09, 146.62it/s]
 84%|████████▍ | 7423/8810 [00:21<00:07, 195.78it/s]
 85%|████████▍ | 7450/8810 [00:21<00:07, 180.33it/s]
 85%|████████▍ | 7473/8810 [00:21<00:07, 181.29it/s]
 85%|████████▌ | 7495/8810 [00:21<00:07, 170.96it/s]
 85%|████████▌ | 7516/8810 [00:21<00:07, 169.17it/s]
 86%|████████▌ | 7535/8810 [00:21<00:07, 170.31it/s]
 86%|████████▌ | 7574/8810 [00:22<00:05, 221.84it/s]
 86%|████████▋ | 7614/8810 [00:22<00:04, 261.24it/s]
 87%|████████▋ | 7653/8810 [00:22<00:03, 294.85it/s]
 87%|████████▋ | 7685/8810 [00:22<00:03, 293.28it/s]
 88%|████████▊ | 7716/8810 [00:22<00:06, 182.16it/s]
 88%|████████▊ | 7741/8810 [00:22<00:05, 193.96it/s]
 88%|████████▊ | 7769/8810 [00:22<00:04, 208.74it/s]
 88%|████████▊ | 7796/8810 [00:23<00:04, 216.28it/s]
 89%|████████▉ | 7821/8810 [00:23<00:04, 204.30it/s]
 89%|████████▉ | 7854/8810 [00:23<00:04, 233.80it/s]
 90%|████████▉ | 7896/8810 [00:23<00:03, 276.92it/s]
 90%|█████████ | 7937/8810 [00:23<00:02, 308.20it/s]
 90%|█████████ | 7970/8810 [00:23<00:03, 272.55it/s]
 91%|█████████ | 8000/8810 [00:23<00:03, 248.82it/s]
 91%|█████████ | 8027/8810 [00:23<00:03, 241.94it/s]
 91%|█████████▏| 8053/8810 [00:24<00:06, 124.63it/s]
 92%|█████████▏| 8087/8810 [00:24<00:04, 154.97it/s]
 92%|█████████▏| 8110/8810 [00:24<00:04, 158.53it/s]
 92%|█████████▏| 8132/8810 [00:24<00:04, 149.02it/s]
 93%|█████████▎| 8184/8810 [00:24<00:02, 218.11it/s]
 93%|█████████▎| 8212/8810 [00:25<00:02, 220.63it/s]
 94%|█████████▎| 8259/8810 [00:25<00:01, 276.09it/s]
 94%|█████████▍| 8292/8810 [00:25<00:01, 279.06it/s]
 95%|█████████▍| 8334/8810 [00:25<00:01, 312.68it/s]
 95%|█████████▍| 8369/8810 [00:25<00:01, 224.19it/s]
 95%|█████████▌| 8404/8810 [00:25<00:01, 243.40it/s]
 96%|█████████▌| 8441/8810 [00:25<00:01, 267.14it/s]
 96%|█████████▌| 8472/8810 [00:26<00:01, 273.52it/s]
 97%|█████████▋| 8503/8810 [00:26<00:01, 252.66it/s]
 97%|█████████▋| 8531/8810 [00:26<00:01, 208.40it/s]
 97%|█████████▋| 8555/8810 [00:26<00:01, 194.37it/s]
 97%|█████████▋| 8587/8810 [00:26<00:01, 209.92it/s]
 98%|█████████▊| 8610/8810 [00:26<00:00, 210.03it/s]
 98%|█████████▊| 8633/8810 [00:26<00:00, 195.37it/s]
 98%|█████████▊| 8654/8810 [00:27<00:00, 186.16it/s]
 99%|█████████▊| 8679/8810 [00:27<00:00, 195.91it/s]
 99%|█████████▉| 8700/8810 [00:27<00:00, 186.37it/s]
 99%|█████████▉| 8719/8810 [00:27<00:00, 106.96it/s]
 99%|█████████▉| 8743/8810 [00:27<00:00, 129.17it/s]
100%|█████████▉| 8774/8810 [00:27<00:00, 160.84it/s]
100%|█████████▉| 8808/8810 [00:28<00:00, 184.75it/s]
100%|██████████| 8810/8810 [00:28<00:00, 314.57it/s]
