
  0%|          | 0/8810 [00:00<?, ?it/s]
  2%|▏         | 181/8810 [00:00<00:05, 1569.32it/s]
  5%|▍         | 408/8810 [00:00<00:04, 1949.62it/s]
  7%|▋         | 624/8810 [00:00<00:04, 2037.93it/s]
  9%|▉         | 830/8810 [00:00<00:04, 1769.56it/s]
 11%|█▏        | 1013/8810 [00:00<00:04, 1641.40it/s]
 14%|█▍        | 1236/8810 [00:00<00:04, 1814.64it/s]
 17%|█▋        | 1455/8810 [00:00<00:03, 1924.43it/s]
 19%|█▉        | 1652/8810 [00:00<00:04, 1742.61it/s]
 21%|██        | 1832/8810 [00:01<00:04, 1447.79it/s]
 23%|██▎       | 2027/8810 [00:01<00:04, 1568.20it/s]
 25%|██▌       | 2227/8810 [00:01<00:03, 1678.58it/s]
 27%|██▋       | 2404/8810 [00:01<00:04, 1575.85it/s]
 30%|███       | 2668/8810 [00:01<00:03, 1853.66it/s]
 32%|███▏      | 2863/8810 [00:01<00:03, 1710.05it/s]
 35%|███▍      | 3057/8810 [00:01<00:03, 1619.91it/s]
 37%|███▋      | 3243/8810 [00:01<00:03, 1672.04it/s]
 39%|███▉      | 3416/8810 [00:02<00:03, 1608.37it/s]
 41%|████▏     | 3635/8810 [00:02<00:02, 1762.59it/s]
 43%|████▎     | 3816/8810 [00:02<00:02, 1696.63it/s]
 46%|████▌     | 4029/8810 [00:02<00:02, 1814.54it/s]
 48%|████▊     | 4214/8810 [00:02<00:02, 1713.94it/s]
 50%|█████     | 4421/8810 [00:02<00:02, 1810.99it/s]
 52%|█████▏    | 4606/8810 [00:02<00:02, 1791.81it/s]
 54%|█████▍    | 4788/8810 [00:02<00:02, 1607.40it/s]
 56%|█████▌    | 4954/8810 [00:02<00:02, 1472.17it/s]
 58%|█████▊    | 5151/8810 [00:03<00:02, 1598.23it/s]
 61%|██████    | 5345/8810 [00:03<00:02, 1688.76it/s]
 63%|██████▎   | 5519/8810 [00:03<00:02, 1595.08it/s]
 65%|██████▌   | 5754/8810 [00:03<00:01, 1622.03it/s]
 67%|██████▋   | 5919/8810 [00:03<00:01, 1618.01it/s]
 69%|██████▉   | 6083/8810 [00:03<00:01, 1531.79it/s]
 71%|███████▏  | 6288/8810 [00:03<00:01, 1668.48it/s]
 73%|███████▎  | 6458/8810 [00:03<00:01, 1552.46it/s]
 76%|███████▌  | 6672/8810 [00:03<00:01, 1706.75it/s]
 78%|███████▊  | 6904/8810 [00:04<00:01, 1872.03it/s]
 81%|████████  | 7096/8810 [00:04<00:01, 1686.57it/s]
 83%|████████▎ | 7271/8810 [00:04<00:00, 1694.03it/s]
 85%|████████▍ | 7445/8810 [00:04<00:00, 1630.66it/s]
 86%|████████▋ | 7612/8810 [00:04<00:00, 1635.45it/s]
 88%|████████▊ | 7778/8810 [00:04<00:00, 1545.10it/s]
 91%|█████████ | 7975/8810 [00:04<00:00, 1658.57it/s]
 92%|█████████▏| 8144/8810 [00:04<00:00, 1515.40it/s]
 95%|█████████▍| 8338/8810 [00:04<00:00, 1628.04it/s]
 97%|█████████▋| 8505/8810 [00:05<00:00, 1560.54it/s]
 99%|█████████▉| 8702/8810 [00:05<00:00, 1518.36it/s]
100%|██████████| 8810/8810 [00:05<00:00, 1663.05it/s]
