
  0%|          | 0/8810 [00:00<?, ?it/s]
  2%|▏         | 181/8810 [00:00<00:05, 1501.63it/s]
  5%|▍         | 427/8810 [00:00<00:04, 2014.64it/s]
  7%|▋         | 656/8810 [00:00<00:04, 1861.60it/s]
 10%|▉         | 849/8810 [00:00<00:04, 1883.85it/s]
 12%|█▏        | 1040/8810 [00:00<00:04, 1792.52it/s]
 14%|█▍        | 1246/8810 [00:00<00:04, 1871.70it/s]
 17%|█▋        | 1457/8810 [00:00<00:04, 1779.15it/s]
 19%|█▊        | 1649/8810 [00:00<00:03, 1811.59it/s]
 21%|██        | 1833/8810 [00:01<00:04, 1654.16it/s]
 23%|██▎       | 2053/8810 [00:01<00:03, 1799.21it/s]
 26%|██▌       | 2263/8810 [00:01<00:03, 1733.07it/s]
 28%|██▊       | 2480/8810 [00:01<00:03, 1850.70it/s]
 31%|███       | 2715/8810 [00:01<00:03, 1988.66it/s]
 33%|███▎      | 2918/8810 [00:01<00:03, 1696.85it/s]
 35%|███▌      | 3098/8810 [00:01<00:03, 1576.28it/s]
 37%|███▋      | 3263/8810 [00:01<00:03, 1518.53it/s]
 39%|███▉      | 3420/8810 [00:02<00:03, 1457.69it/s]
 41%|████      | 3617/8810 [00:02<00:03, 1585.01it/s]
 43%|████▎     | 3780/8810 [00:02<00:03, 1498.44it/s]
 45%|████▍     | 3940/8810 [00:02<00:03, 1522.93it/s]
 47%|████▋     | 4153/8810 [00:02<00:02, 1685.86it/s]
 49%|████▉     | 4325/8810 [00:02<00:02, 1595.77it/s]
 51%|█████▏    | 4524/8810 [00:02<00:02, 1702.79it/s]
 53%|█████▎    | 4698/8810 [00:02<00:02, 1379.58it/s]
 55%|█████▌    | 4865/8810 [00:02<00:02, 1448.60it/s]
 57%|█████▋    | 5020/8810 [00:03<00:02, 1349.62it/s]
 59%|█████▉    | 5201/8810 [00:03<00:02, 1464.29it/s]
 61%|██████    | 5372/8810 [00:03<00:02, 1438.45it/s]
 63%|██████▎   | 5549/8810 [00:03<00:02, 1525.04it/s]
 65%|██████▌   | 5754/8810 [00:03<00:01, 1557.79it/s]
 67%|██████▋   | 5913/8810 [00:03<00:01, 1505.42it/s]
 69%|██████▉   | 6066/8810 [00:03<00:01, 1433.71it/s]
 71%|███████   | 6243/8810 [00:03<00:01, 1522.00it/s]
 73%|███████▎  | 6400/8810 [00:03<00:01, 1424.86it/s]
 75%|███████▍  | 6604/8810 [00:04<00:01, 1585.84it/s]
 78%|███████▊  | 6833/8810 [00:04<00:01, 1778.07it/s]
 80%|███████▉  | 7015/8810 [00:04<00:01, 1661.91it/s]
 82%|████████▏ | 7186/8810 [00:04<00:01, 1613.52it/s]
 84%|████████▎ | 7360/8810 [00:04<00:00, 1499.40it/s]
 85%|████████▌ | 7514/8810 [00:04<00:00, 1464.83it/s]
 87%|████████▋ | 7676/8810 [00:04<00:00, 1505.25it/s]
 89%|████████▉ | 7829/8810 [00:04<00:00, 1355.97it/s]
 91%|█████████ | 7998/8810 [00:05<00:00, 1434.71it/s]
 92%|█████████▏| 8145/8810 [00:05<00:00, 1323.18it/s]
 94%|█████████▍| 8316/8810 [00:05<00:00, 1419.49it/s]
 96%|█████████▌| 8462/8810 [00:05<00:00, 1278.37it/s]
 98%|█████████▊| 8644/8810 [00:05<00:00, 1415.00it/s]
100%|█████████▉| 8791/8810 [00:05<00:00, 1348.63it/s]
100%|██████████| 8810/8810 [00:05<00:00, 1561.03it/s]
