
  0%|          | 0/8810 [00:00<?, ?it/s]
  2%|▏         | 181/8810 [00:00<00:05, 1602.73it/s]
  5%|▍         | 434/8810 [00:00<00:03, 2098.89it/s]
  7%|▋         | 656/8810 [00:00<00:03, 2042.95it/s]
 10%|█         | 894/8810 [00:00<00:03, 2164.58it/s]
 13%|█▎        | 1112/8810 [00:00<00:03, 1994.43it/s]
 15%|█▌        | 1348/8810 [00:00<00:03, 2104.45it/s]
 18%|█▊        | 1562/8810 [00:00<00:03, 1994.41it/s]
 21%|██        | 1821/8810 [00:00<00:03, 1954.96it/s]
 23%|██▎       | 2049/8810 [00:01<00:03, 2039.86it/s]
 26%|██▌       | 2263/8810 [00:01<00:03, 1928.24it/s]
 29%|██▉       | 2533/8810 [00:01<00:02, 2134.67it/s]
 31%|███       | 2751/8810 [00:01<00:02, 2024.24it/s]
 34%|███▎      | 2964/8810 [00:01<00:02, 2049.90it/s]
 36%|███▌      | 3172/8810 [00:01<00:02, 1889.85it/s]
 38%|███▊      | 3389/8810 [00:01<00:02, 1964.56it/s]
 41%|████      | 3589/8810 [00:01<00:02, 1873.53it/s]
 43%|████▎     | 3780/8810 [00:01<00:02, 1875.83it/s]
 45%|████▌     | 3998/8810 [00:02<00:02, 1960.80it/s]
 48%|████▊     | 4197/8810 [00:02<00:02, 1872.57it/s]
 51%|█████     | 4450/8810 [00:02<00:02, 2054.79it/s]
 53%|█████▎    | 4659/8810 [00:02<00:02, 1864.18it/s]
 55%|█████▌    | 4854/8810 [00:02<00:02, 1881.82it/s]
 57%|█████▋    | 5046/8810 [00:02<00:02, 1764.36it/s]
 60%|█████▉    | 5285/8810 [00:02<00:01, 1927.60it/s]
 62%|██████▏   | 5482/8810 [00:02<00:01, 1813.81it/s]
 65%|██████▌   | 5754/8810 [00:02<00:01, 1878.95it/s]
 67%|██████▋   | 5944/8810 [00:03<00:01, 1840.12it/s]
 70%|██████▉   | 6130/8810 [00:03<00:01, 1761.27it/s]
 72%|███████▏  | 6378/8810 [00:03<00:01, 1951.85it/s]
 75%|███████▍  | 6577/8810 [00:03<00:01, 1841.18it/s]
 78%|███████▊  | 6858/8810 [00:03<00:00, 2100.31it/s]
 80%|████████  | 7073/8810 [00:03<00:00, 1930.77it/s]
 83%|████████▎ | 7295/8810 [00:03<00:00, 2007.62it/s]
 85%|████████▌ | 7501/8810 [00:03<00:00, 1840.75it/s]
 88%|████████▊ | 7715/8810 [00:04<00:00, 1789.20it/s]
 90%|████████▉ | 7922/8810 [00:04<00:00, 1859.80it/s]
 92%|█████████▏| 8112/8810 [00:04<00:00, 1692.43it/s]
 94%|█████████▍| 8318/8810 [00:04<00:00, 1787.12it/s]
 97%|█████████▋| 8502/8810 [00:04<00:00, 1716.93it/s]
 99%|█████████▉| 8702/8810 [00:04<00:00, 1687.09it/s]
100%|██████████| 8810/8810 [00:04<00:00, 1898.91it/s]
