
  0%|          | 0/8810 [00:00<?, ?it/s]
  2%|▏         | 181/8810 [00:00<00:05, 1536.69it/s]
  5%|▍         | 423/8810 [00:00<00:04, 2015.53it/s]
  7%|▋         | 653/8810 [00:00<00:03, 2133.37it/s]
 10%|▉         | 869/8810 [00:00<00:04, 1849.34it/s]
 12%|█▏        | 1060/8810 [00:00<00:04, 1742.69it/s]
 14%|█▍        | 1275/8810 [00:00<00:04, 1864.31it/s]
 17%|█▋        | 1466/8810 [00:00<00:04, 1679.62it/s]
 19%|█▉        | 1673/8810 [00:00<00:03, 1786.83it/s]
 21%|██        | 1857/8810 [00:01<00:04, 1634.63it/s]
 24%|██▍       | 2113/8810 [00:01<00:03, 1880.83it/s]
 26%|██▌       | 2309/8810 [00:01<00:03, 1700.19it/s]
 29%|██▉       | 2580/8810 [00:01<00:03, 1960.34it/s]
 32%|███▏      | 2786/8810 [00:01<00:03, 1820.90it/s]
 34%|███▍      | 2996/8810 [00:01<00:03, 1892.87it/s]
 36%|███▌      | 3192/8810 [00:01<00:03, 1739.65it/s]
 39%|███▊      | 3397/8810 [00:01<00:02, 1820.75it/s]
 41%|████      | 3585/8810 [00:02<00:03, 1688.31it/s]
 43%|████▎     | 3774/8810 [00:02<00:03, 1642.75it/s]
 45%|████▌     | 4008/8810 [00:02<00:02, 1824.18it/s]
 48%|████▊     | 4196/8810 [00:02<00:02, 1775.68it/s]
 50%|█████     | 4444/8810 [00:02<00:02, 1965.54it/s]
 53%|█████▎    | 4645/8810 [00:02<00:02, 1839.40it/s]
 55%|█████▍    | 4844/8810 [00:02<00:02, 1880.15it/s]
 57%|█████▋    | 5036/8810 [00:02<00:02, 1731.42it/s]
 60%|█████▉    | 5268/8810 [00:02<00:01, 1881.06it/s]
 62%|██████▏   | 5461/8810 [00:03<00:01, 1702.53it/s]
 65%|██████▍   | 5696/8810 [00:03<00:01, 1869.49it/s]
 67%|██████▋   | 5890/8810 [00:03<00:01, 1684.53it/s]
 69%|██████▉   | 6066/8810 [00:03<00:01, 1495.09it/s]
 71%|███████   | 6241/8810 [00:03<00:01, 1555.48it/s]
 73%|███████▎  | 6404/8810 [00:03<00:01, 1428.76it/s]
 75%|███████▌  | 6621/8810 [00:03<00:01, 1613.94it/s]
 78%|███████▊  | 6850/8810 [00:03<00:01, 1784.76it/s]
 80%|███████▉  | 7036/8810 [00:04<00:01, 1587.28it/s]
 82%|████████▏ | 7213/8810 [00:04<00:00, 1627.80it/s]
 84%|████████▍ | 7383/8810 [00:04<00:00, 1576.86it/s]
 86%|████████▌ | 7546/8810 [00:04<00:00, 1541.88it/s]
 88%|████████▊ | 7715/8810 [00:04<00:00, 1481.70it/s]
 89%|████████▉ | 7866/8810 [00:04<00:00, 1478.95it/s]
 91%|█████████ | 8027/8810 [00:04<00:00, 1506.41it/s]
 93%|█████████▎| 8180/8810 [00:04<00:00, 1372.38it/s]
 95%|█████████▍| 8355/8810 [00:04<00:00, 1469.98it/s]
 97%|█████████▋| 8506/8810 [00:05<00:00, 1385.09it/s]
 99%|█████████▊| 8686/8810 [00:05<00:00, 1494.29it/s]
100%|██████████| 8810/8810 [00:05<00:00, 1673.07it/s]
