
  0%|          | 0/8810 [00:00<?, ?it/s]
  2%|▏         | 165/8810 [00:00<00:05, 1636.31it/s]
  4%|▎         | 329/8810 [00:00<00:05, 1415.99it/s]
  5%|▌         | 473/8810 [00:00<00:06, 1341.19it/s]
  7%|▋         | 656/8810 [00:00<00:06, 1347.61it/s]
  9%|▉         | 814/8810 [00:00<00:05, 1415.86it/s]
 11%|█         | 957/8810 [00:00<00:05, 1386.69it/s]
 12%|█▏        | 1097/8810 [00:00<00:05, 1321.14it/s]
 14%|█▍        | 1251/8810 [00:00<00:05, 1383.28it/s]
 16%|█▌        | 1402/8810 [00:01<00:05, 1418.42it/s]
 18%|█▊        | 1545/8810 [00:01<00:05, 1314.74it/s]
 19%|█▉        | 1716/8810 [00:01<00:04, 1420.47it/s]
 21%|██        | 1861/8810 [00:01<00:05, 1234.13it/s]
 23%|██▎       | 2049/8810 [00:01<00:04, 1400.95it/s]
 25%|██▌       | 2218/8810 [00:01<00:04, 1475.59it/s]
 27%|██▋       | 2371/8810 [00:01<00:04, 1300.98it/s]
 29%|██▉       | 2563/8810 [00:01<00:04, 1458.70it/s]
 31%|███       | 2744/8810 [00:01<00:04, 1401.65it/s]
 33%|███▎      | 2891/8810 [00:02<00:04, 1381.77it/s]
 34%|███▍      | 3034/8810 [00:02<00:04, 1372.07it/s]
 36%|███▌      | 3174/8810 [00:02<00:04, 1258.04it/s]
 37%|███▋      | 3303/8810 [00:02<00:04, 1225.38it/s]
 39%|███▉      | 3428/8810 [00:02<00:04, 1113.17it/s]
 40%|████      | 3558/8810 [00:02<00:04, 1158.82it/s]
 42%|████▏     | 3725/8810 [00:02<00:03, 1291.91it/s]
 44%|████▍     | 3858/8810 [00:02<00:04, 1195.81it/s]
 46%|████▌     | 4023/8810 [00:03<00:03, 1315.36it/s]
 47%|████▋     | 4180/8810 [00:03<00:03, 1267.19it/s]
 49%|████▉     | 4351/8810 [00:03<00:03, 1383.02it/s]
 51%|█████     | 4506/8810 [00:03<00:03, 1426.42it/s]
 53%|█████▎    | 4652/8810 [00:03<00:03, 1236.46it/s]
 54%|█████▍    | 4782/8810 [00:03<00:03, 1221.66it/s]
 56%|█████▌    | 4909/8810 [00:03<00:03, 1185.17it/s]
 57%|█████▋    | 5031/8810 [00:03<00:03, 1128.15it/s]
 59%|█████▉    | 5203/8810 [00:03<00:02, 1280.03it/s]
 61%|██████    | 5357/8810 [00:04<00:02, 1347.22it/s]
 62%|██████▏   | 5495/8810 [00:04<00:02, 1259.26it/s]
 64%|██████▍   | 5673/8810 [00:04<00:02, 1396.45it/s]
 66%|██████▌   | 5817/8810 [00:04<00:02, 1312.70it/s]
 68%|██████▊   | 5952/8810 [00:04<00:02, 1246.69it/s]
 69%|██████▉   | 6080/8810 [00:04<00:02, 1219.37it/s]
 71%|███████   | 6228/8810 [00:04<00:02, 1286.94it/s]
 73%|███████▎  | 6396/8810 [00:04<00:01, 1393.08it/s]
 74%|███████▍  | 6538/8810 [00:04<00:01, 1325.15it/s]
 77%|███████▋  | 6749/8810 [00:05<00:01, 1534.36it/s]
 78%|███████▊  | 6911/8810 [00:05<00:01, 1554.50it/s]
 80%|████████  | 7069/8810 [00:05<00:01, 1398.75it/s]
 82%|████████▏ | 7213/8810 [00:05<00:01, 1325.82it/s]
 84%|████████▎ | 7360/8810 [00:05<00:01, 1277.69it/s]
 85%|████████▌ | 7491/8810 [00:05<00:01, 1254.29it/s]
 86%|████████▋ | 7620/8810 [00:05<00:00, 1263.54it/s]
 88%|████████▊ | 7748/8810 [00:05<00:00, 1154.88it/s]
 90%|████████▉ | 7885/8810 [00:06<00:00, 1207.90it/s]
 91%|█████████ | 8009/8810 [00:06<00:00, 1215.47it/s]
 92%|█████████▏| 8133/8810 [00:06<00:00, 1055.57it/s]
 94%|█████████▍| 8262/8810 [00:06<00:00, 1112.01it/s]
 95%|█████████▌| 8378/8810 [00:06<00:00, 1045.31it/s]
 97%|█████████▋| 8526/8810 [00:06<00:00, 1156.86it/s]
 98%|█████████▊| 8662/8810 [00:06<00:00, 1209.11it/s]
100%|█████████▉| 8787/8810 [00:06<00:00, 1132.58it/s]
100%|██████████| 8810/8810 [00:06<00:00, 1286.69it/s]
