
  0%|          | 0/8810 [00:00<?, ?it/s]
  2%|▏         | 181/8810 [00:00<00:06, 1344.85it/s]
  4%|▍         | 383/8810 [00:00<00:04, 1689.00it/s]
  7%|▋         | 574/8810 [00:00<00:04, 1780.76it/s]
  9%|▊         | 756/8810 [00:00<00:05, 1448.11it/s]
 10%|█         | 912/8810 [00:00<00:05, 1481.77it/s]
 12%|█▏        | 1067/8810 [00:00<00:05, 1412.58it/s]
 14%|█▍        | 1234/8810 [00:00<00:05, 1486.81it/s]
 16%|█▌        | 1400/8810 [00:00<00:04, 1532.46it/s]
 18%|█▊        | 1557/8810 [00:01<00:05, 1405.24it/s]
 20%|██        | 1767/8810 [00:01<00:04, 1594.05it/s]
 22%|██▏       | 1932/8810 [00:01<00:04, 1416.42it/s]
 24%|██▍       | 2157/8810 [00:01<00:04, 1631.80it/s]
 26%|██▋       | 2328/8810 [00:01<00:04, 1539.30it/s]
 29%|██▉       | 2534/8810 [00:01<00:03, 1673.47it/s]
 31%|███       | 2744/8810 [00:01<00:03, 1672.89it/s]
 33%|███▎      | 2916/8810 [00:01<00:03, 1648.45it/s]
 35%|███▌      | 3084/8810 [00:01<00:03, 1556.04it/s]
 37%|███▋      | 3242/8810 [00:02<00:03, 1518.62it/s]
 39%|███▊      | 3410/8810 [00:02<00:03, 1470.81it/s]
 41%|████      | 3627/8810 [00:02<00:03, 1656.14it/s]
 43%|████▎     | 3796/8810 [00:02<00:03, 1582.04it/s]
 46%|████▌     | 4023/8810 [00:02<00:02, 1769.00it/s]
 48%|████▊     | 4204/8810 [00:02<00:02, 1696.86it/s]
 50%|█████     | 4416/8810 [00:02<00:02, 1812.97it/s]
 52%|█████▏    | 4601/8810 [00:02<00:02, 1796.65it/s]
 54%|█████▍    | 4783/8810 [00:03<00:02, 1590.16it/s]
 56%|█████▌    | 4948/8810 [00:03<00:02, 1476.06it/s]
 58%|█████▊    | 5142/8810 [00:03<00:02, 1593.84it/s]
 61%|██████    | 5335/8810 [00:03<00:02, 1683.21it/s]
 63%|██████▎   | 5508/8810 [00:03<00:02, 1573.63it/s]
 65%|██████▌   | 5747/8810 [00:03<00:01, 1788.10it/s]
 67%|██████▋   | 5932/8810 [00:03<00:01, 1527.74it/s]
 69%|██████▉   | 6095/8810 [00:03<00:01, 1538.14it/s]
 71%|███████▏  | 6298/8810 [00:03<00:01, 1665.54it/s]
 73%|███████▎  | 6472/8810 [00:04<00:01, 1509.12it/s]
 76%|███████▌  | 6704/8810 [00:04<00:01, 1717.45it/s]
 78%|███████▊  | 6897/8810 [00:04<00:01, 1772.99it/s]
 80%|████████  | 7081/8810 [00:04<00:01, 1678.85it/s]
 82%|████████▏ | 7266/8810 [00:04<00:00, 1719.00it/s]
 84%|████████▍ | 7442/8810 [00:04<00:00, 1670.57it/s]
 86%|████████▋ | 7612/8810 [00:04<00:00, 1667.77it/s]
 88%|████████▊ | 7781/8810 [00:04<00:00, 1526.53it/s]
 90%|█████████ | 7953/8810 [00:04<00:00, 1577.95it/s]
 92%|█████████▏| 8114/8810 [00:05<00:00, 1394.86it/s]
 94%|█████████▍| 8275/8810 [00:05<00:00, 1448.22it/s]
 96%|█████████▌| 8425/8810 [00:05<00:00, 1383.61it/s]
 98%|█████████▊| 8633/8810 [00:05<00:00, 1564.02it/s]
100%|█████████▉| 8794/8810 [00:05<00:00, 1531.80it/s]
100%|██████████| 8810/8810 [00:05<00:00, 1585.42it/s]
