
  0%|          | 0/8810 [00:00<?, ?it/s]
  2%|▏         | 181/8810 [00:00<00:04, 1729.41it/s]
  5%|▍         | 423/8810 [00:00<00:03, 2125.72it/s]
  7%|▋         | 656/8810 [00:00<00:04, 1932.23it/s]
 10%|▉         | 853/8810 [00:00<00:04, 1919.64it/s]
 12%|█▏        | 1047/8810 [00:00<00:04, 1845.60it/s]
 15%|█▍        | 1310/8810 [00:00<00:03, 2089.57it/s]
 17%|█▋        | 1522/8810 [00:00<00:03, 1925.13it/s]
 20%|██        | 1791/8810 [00:00<00:03, 2142.13it/s]
 23%|██▎       | 2010/8810 [00:01<00:03, 1876.26it/s]
 26%|██▌       | 2263/8810 [00:01<00:03, 1889.13it/s]
 29%|██▊       | 2518/8810 [00:01<00:03, 2060.20it/s]
 31%|███       | 2744/8810 [00:01<00:03, 1981.16it/s]
 33%|███▎      | 2948/8810 [00:01<00:03, 1928.49it/s]
 36%|███▌      | 3145/8810 [00:01<00:03, 1746.53it/s]
 38%|███▊      | 3325/8810 [00:01<00:03, 1750.87it/s]
 40%|███▉      | 3504/8810 [00:01<00:03, 1649.16it/s]
 43%|████▎     | 3759/8810 [00:01<00:02, 1881.71it/s]
 45%|████▍     | 3953/8810 [00:02<00:02, 1766.18it/s]
 47%|████▋     | 4180/8810 [00:02<00:02, 1770.35it/s]
 50%|█████     | 4418/8810 [00:02<00:02, 1921.24it/s]
 52%|█████▏    | 4621/8810 [00:02<00:02, 1946.52it/s]
 55%|█████▍    | 4819/8810 [00:02<00:02, 1742.47it/s]
 57%|█████▋    | 4999/8810 [00:02<00:02, 1627.83it/s]
 59%|█████▉    | 5193/8810 [00:02<00:02, 1706.89it/s]
 61%|██████    | 5372/8810 [00:02<00:02, 1645.30it/s]
 63%|██████▎   | 5575/8810 [00:03<00:01, 1743.72it/s]
 65%|██████▌   | 5754/8810 [00:03<00:01, 1738.46it/s]
 67%|██████▋   | 5931/8810 [00:03<00:01, 1690.70it/s]
 69%|██████▉   | 6102/8810 [00:03<00:01, 1599.34it/s]
 72%|███████▏  | 6326/8810 [00:03<00:01, 1773.74it/s]
 74%|███████▍  | 6507/8810 [00:03<00:01, 1673.07it/s]
 77%|███████▋  | 6777/8810 [00:03<00:01, 1951.38it/s]
 79%|███████▉  | 6977/8810 [00:03<00:00, 1873.21it/s]
 81%|████████▏ | 7168/8810 [00:03<00:00, 1837.99it/s]
 84%|████████▎ | 7360/8810 [00:04<00:00, 1704.19it/s]
 86%|████████▌ | 7534/8810 [00:04<00:00, 1693.72it/s]
 88%|████████▊ | 7715/8810 [00:04<00:00, 1637.93it/s]
 90%|████████▉ | 7921/8810 [00:04<00:00, 1751.43it/s]
 92%|█████████▏| 8099/8810 [00:04<00:00, 1501.87it/s]
 94%|█████████▍| 8279/8810 [00:04<00:00, 1576.37it/s]
 96%|█████████▌| 8443/8810 [00:04<00:00, 1381.05it/s]
 98%|█████████▊| 8648/8810 [00:04<00:00, 1546.03it/s]
100%|██████████| 8810/8810 [00:05<00:00, 1757.99it/s]
