
  0%|          | 0/8810 [00:00<?, ?it/s]
  2%|▏         | 164/8810 [00:00<00:05, 1619.72it/s]
  4%|▎         | 326/8810 [00:00<00:05, 1522.17it/s]
  6%|▌         | 487/8810 [00:00<00:05, 1558.52it/s]
  7%|▋         | 656/8810 [00:00<00:05, 1500.49it/s]
  9%|▉         | 807/8810 [00:00<00:05, 1496.69it/s]
 11%|█         | 958/8810 [00:00<00:05, 1437.10it/s]
 13%|█▎        | 1103/8810 [00:00<00:05, 1347.66it/s]
 14%|█▍        | 1271/8810 [00:00<00:05, 1442.92it/s]
 16%|█▌        | 1431/8810 [00:00<00:04, 1486.90it/s]
 18%|█▊        | 1582/8810 [00:01<00:05, 1302.52it/s]
 20%|██        | 1781/8810 [00:01<00:04, 1482.89it/s]
 22%|██▏       | 1935/8810 [00:01<00:05, 1337.33it/s]
 24%|██▍       | 2144/8810 [00:01<00:04, 1533.39it/s]
 26%|██▌       | 2305/8810 [00:01<00:04, 1349.76it/s]
 28%|██▊       | 2478/8810 [00:01<00:04, 1440.12it/s]
 30%|███       | 2669/8810 [00:01<00:03, 1562.94it/s]
 32%|███▏      | 2833/8810 [00:01<00:04, 1432.49it/s]
 34%|███▍      | 3009/8810 [00:02<00:03, 1517.94it/s]
 36%|███▌      | 3167/8810 [00:02<00:03, 1435.17it/s]
 38%|███▊      | 3320/8810 [00:02<00:03, 1458.85it/s]
 39%|███▉      | 3470/8810 [00:02<00:03, 1356.13it/s]
 42%|████▏     | 3662/8810 [00:02<00:03, 1504.39it/s]
 43%|████▎     | 3817/8810 [00:02<00:03, 1409.21it/s]
 45%|████▌     | 3988/8810 [00:02<00:03, 1488.88it/s]
 47%|████▋     | 4180/8810 [00:02<00:03, 1455.30it/s]
 50%|████▉     | 4362/8810 [00:02<00:02, 1546.21it/s]
 52%|█████▏    | 4538/8810 [00:03<00:02, 1604.12it/s]
 53%|█████▎    | 4702/8810 [00:03<00:02, 1429.53it/s]
 55%|█████▌    | 4874/8810 [00:03<00:02, 1499.94it/s]
 57%|█████▋    | 5029/8810 [00:03<00:02, 1391.09it/s]
 59%|█████▉    | 5200/8810 [00:03<00:02, 1472.07it/s]
 61%|██████    | 5372/8810 [00:03<00:02, 1434.98it/s]
 63%|██████▎   | 5556/8810 [00:03<00:02, 1541.43it/s]
 65%|██████▌   | 5754/8810 [00:03<00:01, 1544.15it/s]
 67%|██████▋   | 5911/8810 [00:04<00:01, 1464.08it/s]
 69%|██████▉   | 6060/8810 [00:04<00:01, 1404.42it/s]
 71%|███████   | 6250/8810 [00:04<00:01, 1534.48it/s]
 73%|███████▎  | 6406/8810 [00:04<00:01, 1435.14it/s]
 75%|███████▍  | 6592/8810 [00:04<00:01, 1548.46it/s]
 77%|███████▋  | 6817/8810 [00:04<00:01, 1741.98it/s]
 79%|███████▉  | 6996/8810 [00:04<00:01, 1577.41it/s]
 81%|████████▏ | 7159/8810 [00:04<00:01, 1516.28it/s]
 83%|████████▎ | 7315/8810 [00:04<00:01, 1474.95it/s]
 85%|████████▍ | 7465/8810 [00:05<00:00, 1347.13it/s]
 86%|████████▋ | 7603/8810 [00:05<00:00, 1343.27it/s]
 88%|████████▊ | 7740/8810 [00:05<00:00, 1264.45it/s]
 90%|████████▉ | 7886/8810 [00:05<00:00, 1311.74it/s]
 91%|█████████ | 8035/8810 [00:05<00:00, 1359.46it/s]
 93%|█████████▎| 8173/8810 [00:05<00:00, 1301.93it/s]
 94%|█████████▍| 8318/8810 [00:05<00:00, 1336.84it/s]
 96%|█████████▌| 8453/8810 [00:05<00:00, 1285.74it/s]
 98%|█████████▊| 8630/8810 [00:05<00:00, 1419.72it/s]
100%|█████████▉| 8774/8810 [00:06<00:00, 1387.29it/s]
100%|██████████| 8810/8810 [00:06<00:00, 1446.13it/s]
