
  0%|          | 0/8810 [00:00<?, ?it/s]
  2%|▏         | 181/8810 [00:00<00:05, 1541.88it/s]
  5%|▍         | 427/8810 [00:00<00:04, 2042.66it/s]
  7%|▋         | 656/8810 [00:00<00:04, 1940.95it/s]
 10%|▉         | 853/8810 [00:00<00:04, 1941.25it/s]
 12%|█▏        | 1049/8810 [00:00<00:04, 1804.37it/s]
 14%|█▍        | 1255/8810 [00:00<00:04, 1880.98it/s]
 17%|█▋        | 1457/8810 [00:00<00:04, 1762.59it/s]
 19%|█▊        | 1651/8810 [00:00<00:03, 1810.80it/s]
 21%|██        | 1835/8810 [00:01<00:04, 1688.51it/s]
 23%|██▎       | 2064/8810 [00:01<00:03, 1853.58it/s]
 26%|██▌       | 2263/8810 [00:01<00:03, 1778.38it/s]
 28%|██▊       | 2470/8810 [00:01<00:03, 1855.49it/s]
 31%|███       | 2709/8810 [00:01<00:03, 2001.98it/s]
 33%|███▎      | 2913/8810 [00:01<00:03, 1705.91it/s]
 35%|███▌      | 3093/8810 [00:01<00:03, 1569.38it/s]
 37%|███▋      | 3258/8810 [00:01<00:03, 1508.66it/s]
 39%|███▉      | 3414/8810 [00:02<00:03, 1412.32it/s]
 41%|████      | 3621/8810 [00:02<00:03, 1575.51it/s]
 43%|████▎     | 3785/8810 [00:02<00:03, 1475.73it/s]
 45%|████▍     | 3938/8810 [00:02<00:03, 1482.26it/s]
 47%|████▋     | 4154/8810 [00:02<00:02, 1663.91it/s]
 49%|████▉     | 4325/8810 [00:02<00:02, 1584.07it/s]
 51%|█████     | 4514/8810 [00:02<00:02, 1665.68it/s]
 53%|█████▎    | 4684/8810 [00:02<00:02, 1404.33it/s]
 55%|█████▍    | 4834/8810 [00:02<00:02, 1415.70it/s]
 57%|█████▋    | 4982/8810 [00:03<00:02, 1313.08it/s]
 59%|█████▊    | 5173/8810 [00:03<00:02, 1460.56it/s]
 61%|██████    | 5372/8810 [00:03<00:02, 1474.42it/s]
 63%|██████▎   | 5563/8810 [00:03<00:02, 1586.90it/s]
 65%|██████▌   | 5754/8810 [00:03<00:01, 1558.75it/s]
 67%|██████▋   | 5914/8810 [00:03<00:01, 1509.42it/s]
 69%|██████▉   | 6068/8810 [00:03<00:01, 1406.62it/s]
 71%|███████   | 6263/8810 [00:03<00:01, 1548.24it/s]
 73%|███████▎  | 6422/8810 [00:03<00:01, 1445.00it/s]
 75%|███████▌  | 6624/8810 [00:04<00:01, 1596.24it/s]
 78%|███████▊  | 6852/8810 [00:04<00:01, 1783.60it/s]
 80%|███████▉  | 7036/8810 [00:04<00:01, 1644.02it/s]
 82%|████████▏ | 7206/8810 [00:04<00:01, 1588.37it/s]
 84%|████████▎ | 7369/8810 [00:04<00:00, 1544.53it/s]
 85%|████████▌ | 7526/8810 [00:04<00:00, 1481.90it/s]
 87%|████████▋ | 7704/8810 [00:04<00:00, 1557.94it/s]
 89%|████████▉ | 7862/8810 [00:04<00:00, 1401.59it/s]
 91%|█████████ | 8006/8810 [00:05<00:00, 1400.78it/s]
 92%|█████████▏| 8149/8810 [00:05<00:00, 1332.31it/s]
 94%|█████████▍| 8318/8810 [00:05<00:00, 1422.26it/s]
 96%|█████████▌| 8463/8810 [00:05<00:00, 1312.23it/s]
 98%|█████████▊| 8648/8810 [00:05<00:00, 1452.93it/s]
100%|█████████▉| 8798/8810 [00:05<00:00, 1427.05it/s]
100%|██████████| 8810/8810 [00:05<00:00, 1572.90it/s]
