
  0%|          | 0/8810 [00:00<?, ?it/s]
  2%|▏         | 164/8810 [00:00<00:05, 1637.51it/s]
  4%|▎         | 328/8810 [00:00<00:06, 1323.69it/s]
  6%|▌         | 485/8810 [00:00<00:05, 1419.53it/s]
  7%|▋         | 656/8810 [00:00<00:05, 1405.09it/s]
  9%|▉         | 800/8810 [00:00<00:05, 1413.88it/s]
 11%|█         | 944/8810 [00:00<00:05, 1415.11it/s]
 12%|█▏        | 1087/8810 [00:00<00:06, 1283.86it/s]
 14%|█▍        | 1258/8810 [00:00<00:05, 1402.22it/s]
 16%|█▋        | 1436/8810 [00:01<00:04, 1511.21it/s]
 18%|█▊        | 1590/8810 [00:01<00:05, 1333.40it/s]
 20%|██        | 1767/8810 [00:01<00:04, 1449.59it/s]
 22%|██▏       | 1918/8810 [00:01<00:05, 1234.16it/s]
 23%|██▎       | 2067/8810 [00:01<00:05, 1296.04it/s]
 25%|██▌       | 2219/8810 [00:01<00:04, 1349.30it/s]
 27%|██▋       | 2360/8810 [00:01<00:05, 1177.57it/s]
 29%|██▊       | 2524/8810 [00:01<00:04, 1291.08it/s]
 31%|███       | 2719/8810 [00:01<00:04, 1463.39it/s]
 33%|███▎      | 2873/8810 [00:02<00:04, 1351.05it/s]
 35%|███▍      | 3040/8810 [00:02<00:04, 1431.37it/s]
 36%|███▌      | 3189/8810 [00:02<00:04, 1309.12it/s]
 38%|███▊      | 3326/8810 [00:02<00:04, 1314.63it/s]
 39%|███▉      | 3462/8810 [00:02<00:04, 1239.66it/s]
 41%|████      | 3631/8810 [00:02<00:03, 1358.16it/s]
 43%|████▎     | 3774/8810 [00:02<00:03, 1321.62it/s]
 44%|████▍     | 3913/8810 [00:02<00:03, 1339.05it/s]
 47%|████▋     | 4122/8810 [00:03<00:03, 1549.54it/s]
 49%|████▊     | 4280/8810 [00:03<00:03, 1443.06it/s]
 51%|█████     | 4466/8810 [00:03<00:02, 1554.92it/s]
 52%|█████▏    | 4625/8810 [00:03<00:03, 1364.93it/s]
 54%|█████▍    | 4768/8810 [00:03<00:02, 1359.25it/s]
 56%|█████▌    | 4925/8810 [00:03<00:02, 1405.44it/s]
 58%|█████▊    | 5069/8810 [00:03<00:02, 1337.13it/s]
 60%|█████▉    | 5243/8810 [00:03<00:02, 1445.99it/s]
 61%|██████    | 5391/8810 [00:03<00:02, 1350.96it/s]
 63%|██████▎   | 5573/8810 [00:04<00:02, 1477.32it/s]
 65%|██████▌   | 5754/8810 [00:04<00:02, 1446.72it/s]
 67%|██████▋   | 5902/8810 [00:04<00:02, 1444.71it/s]
 69%|██████▊   | 6049/8810 [00:04<00:02, 1309.02it/s]
 71%|███████   | 6223/8810 [00:04<00:01, 1421.26it/s]
 73%|███████▎  | 6397/8810 [00:04<00:01, 1503.94it/s]
 74%|███████▍  | 6551/8810 [00:04<00:01, 1389.79it/s]
 77%|███████▋  | 6776/8810 [00:04<00:01, 1615.61it/s]
 79%|███████▉  | 6961/8810 [00:04<00:01, 1677.73it/s]
 81%|████████  | 7133/8810 [00:05<00:01, 1416.63it/s]
 83%|████████▎ | 7284/8810 [00:05<00:01, 1387.24it/s]
 84%|████████▍ | 7430/8810 [00:05<00:01, 1349.99it/s]
 86%|████████▌ | 7570/8810 [00:05<00:00, 1346.98it/s]
 88%|████████▊ | 7715/8810 [00:05<00:00, 1259.74it/s]
 89%|████████▉ | 7844/8810 [00:05<00:00, 1234.68it/s]
 91%|█████████ | 7991/8810 [00:05<00:00, 1296.46it/s]
 92%|█████████▏| 8123/8810 [00:05<00:00, 1109.58it/s]
 94%|█████████▍| 8269/8810 [00:06<00:00, 1194.85it/s]
 95%|█████████▌| 8394/8810 [00:06<00:00, 1120.16it/s]
 97%|█████████▋| 8552/8810 [00:06<00:00, 1237.73it/s]
 99%|█████████▉| 8702/8810 [00:06<00:00, 1224.69it/s]
100%|██████████| 8810/8810 [00:06<00:00, 1360.52it/s]
