
  0%|          | 0/8810 [00:00<?, ?it/s]
  2%|▏         | 181/8810 [00:00<00:06, 1266.08it/s]
  5%|▍         | 405/8810 [00:00<00:04, 1747.03it/s]
  7%|▋         | 611/8810 [00:00<00:04, 1873.03it/s]
  9%|▉         | 805/8810 [00:00<00:04, 1620.69it/s]
 11%|█         | 975/8810 [00:00<00:04, 1568.47it/s]
 13%|█▎        | 1137/8810 [00:00<00:05, 1478.40it/s]
 15%|█▌        | 1341/8810 [00:00<00:04, 1626.67it/s]
 17%|█▋        | 1508/8810 [00:00<00:04, 1496.04it/s]
 20%|█▉        | 1718/8810 [00:01<00:04, 1649.90it/s]
 21%|██▏       | 1888/8810 [00:01<00:04, 1552.39it/s]
 24%|██▍       | 2141/8810 [00:01<00:03, 1815.98it/s]
 26%|██▋       | 2329/8810 [00:01<00:04, 1589.19it/s]
 28%|██▊       | 2497/8810 [00:01<00:04, 1508.79it/s]
 30%|███       | 2659/8810 [00:01<00:04, 1530.55it/s]
 32%|███▏      | 2817/8810 [00:01<00:04, 1283.36it/s]
 34%|███▍      | 2987/8810 [00:01<00:04, 1383.22it/s]
 36%|███▌      | 3134/8810 [00:02<00:04, 1352.04it/s]
 38%|███▊      | 3318/8810 [00:02<00:03, 1476.76it/s]
 39%|███▉      | 3472/8810 [00:02<00:03, 1369.36it/s]
 42%|████▏     | 3687/8810 [00:02<00:03, 1570.04it/s]
 44%|████▎     | 3851/8810 [00:02<00:03, 1508.18it/s]
 46%|████▋     | 4085/8810 [00:02<00:02, 1729.65it/s]
 48%|████▊     | 4264/8810 [00:02<00:02, 1692.72it/s]
 51%|█████     | 4504/8810 [00:02<00:02, 1884.61it/s]
 53%|█████▎    | 4697/8810 [00:02<00:02, 1642.57it/s]
 56%|█████▌    | 4892/8810 [00:03<00:02, 1716.48it/s]
 58%|█████▊    | 5071/8810 [00:03<00:02, 1581.42it/s]
 60%|█████▉    | 5267/8810 [00:03<00:02, 1678.56it/s]
 62%|██████▏   | 5441/8810 [00:03<00:02, 1555.58it/s]
 64%|██████▍   | 5672/8810 [00:03<00:01, 1749.36it/s]
 66%|██████▋   | 5854/8810 [00:03<00:01, 1627.36it/s]
 68%|██████▊   | 6023/8810 [00:03<00:01, 1618.77it/s]
 70%|███████   | 6189/8810 [00:03<00:01, 1539.98it/s]
 73%|███████▎  | 6400/8810 [00:04<00:01, 1562.27it/s]
 75%|███████▍  | 6571/8810 [00:04<00:01, 1599.71it/s]
 77%|███████▋  | 6803/8810 [00:04<00:01, 1789.77it/s]
 79%|███████▉  | 6986/8810 [00:04<00:01, 1674.14it/s]
 81%|████████  | 7157/8810 [00:04<00:00, 1659.95it/s]
 83%|████████▎ | 7350/8810 [00:04<00:00, 1730.86it/s]
 85%|████████▌ | 7526/8810 [00:04<00:00, 1592.48it/s]
 88%|████████▊ | 7715/8810 [00:04<00:00, 1570.19it/s]
 89%|████████▉ | 7884/8810 [00:04<00:00, 1597.34it/s]
 91%|█████████▏| 8046/8810 [00:05<00:00, 1504.58it/s]
 93%|█████████▎| 8214/8810 [00:05<00:00, 1549.96it/s]
 95%|█████████▌| 8371/8810 [00:05<00:00, 1510.13it/s]
 97%|█████████▋| 8552/8810 [00:05<00:00, 1589.39it/s]
 99%|█████████▉| 8713/8810 [00:05<00:00, 1545.15it/s]
100%|██████████| 8810/8810 [00:05<00:00, 1592.41it/s]
