
  0%|          | 0/8810 [00:00<?, ?it/s]
  2%|▏         | 181/8810 [00:00<00:05, 1636.73it/s]
  5%|▍         | 431/8810 [00:00<00:03, 2120.15it/s]
  7%|▋         | 656/8810 [00:00<00:04, 2030.85it/s]
 10%|▉         | 869/8810 [00:00<00:03, 2067.53it/s]
 12%|█▏        | 1077/8810 [00:00<00:03, 1934.98it/s]
 15%|█▌        | 1333/8810 [00:00<00:03, 2128.62it/s]
 18%|█▊        | 1549/8810 [00:00<00:03, 1912.03it/s]
 20%|██        | 1803/8810 [00:00<00:03, 2086.81it/s]
 23%|██▎       | 2018/8810 [00:01<00:03, 1912.33it/s]
 26%|██▌       | 2262/8810 [00:01<00:03, 2056.01it/s]
 28%|██▊       | 2474/8810 [00:01<00:03, 1961.24it/s]
 31%|███       | 2744/8810 [00:01<00:03, 1961.01it/s]
 33%|███▎      | 2944/8810 [00:01<00:03, 1882.58it/s]
 36%|███▌      | 3135/8810 [00:01<00:03, 1724.39it/s]
 38%|███▊      | 3317/8810 [00:01<00:03, 1747.98it/s]
 40%|███▉      | 3495/8810 [00:01<00:03, 1663.57it/s]
 42%|████▏     | 3732/8810 [00:01<00:02, 1850.50it/s]
 45%|████▍     | 3921/8810 [00:02<00:02, 1764.07it/s]
 47%|████▋     | 4180/8810 [00:02<00:02, 1824.31it/s]
 50%|█████     | 4412/8810 [00:02<00:02, 1950.66it/s]
 52%|█████▏    | 4610/8810 [00:02<00:02, 1903.59it/s]
 55%|█████▍    | 4803/8810 [00:02<00:02, 1698.97it/s]
 57%|█████▋    | 4978/8810 [00:02<00:02, 1583.12it/s]
 59%|█████▉    | 5200/8810 [00:02<00:02, 1743.93it/s]
 61%|██████    | 5380/8810 [00:02<00:02, 1624.75it/s]
 63%|██████▎   | 5581/8810 [00:03<00:01, 1724.47it/s]
 65%|██████▌   | 5759/8810 [00:03<00:01, 1710.58it/s]
 67%|██████▋   | 5934/8810 [00:03<00:01, 1704.68it/s]
 69%|██████▉   | 6107/8810 [00:03<00:01, 1621.77it/s]
 72%|███████▏  | 6323/8810 [00:03<00:01, 1769.37it/s]
 74%|███████▍  | 6503/8810 [00:03<00:01, 1679.07it/s]
 77%|███████▋  | 6782/8810 [00:03<00:01, 1985.14it/s]
 79%|███████▉  | 6985/8810 [00:03<00:00, 1934.68it/s]
 82%|████████▏ | 7182/8810 [00:03<00:00, 1849.79it/s]
 84%|████████▎ | 7370/8810 [00:04<00:00, 1752.01it/s]
 86%|████████▌ | 7548/8810 [00:04<00:00, 1755.98it/s]
 88%|████████▊ | 7726/8810 [00:04<00:00, 1678.79it/s]
 90%|████████▉ | 7911/8810 [00:04<00:00, 1725.29it/s]
 92%|█████████▏| 8086/8810 [00:04<00:00, 1487.78it/s]
 94%|█████████▍| 8266/8810 [00:04<00:00, 1566.24it/s]
 96%|█████████▌| 8429/8810 [00:04<00:00, 1373.55it/s]
 98%|█████████▊| 8633/8810 [00:04<00:00, 1531.74it/s]
100%|█████████▉| 8795/8810 [00:04<00:00, 1495.41it/s]
100%|██████████| 8810/8810 [00:04<00:00, 1765.38it/s]
