
  0%|          | 0/8810 [00:00<?, ?it/s]
  2%|▏         | 181/8810 [00:00<00:06, 1294.71it/s]
  4%|▍         | 383/8810 [00:00<00:05, 1661.17it/s]
  6%|▋         | 571/8810 [00:00<00:04, 1749.60it/s]
  9%|▊         | 750/8810 [00:00<00:05, 1387.07it/s]
 10%|█         | 912/8810 [00:00<00:05, 1454.50it/s]
 12%|█▏        | 1066/8810 [00:00<00:05, 1431.63it/s]
 14%|█▍        | 1236/8810 [00:00<00:05, 1506.33it/s]
 16%|█▌        | 1416/8810 [00:00<00:04, 1587.64it/s]
 18%|█▊        | 1579/8810 [00:01<00:05, 1415.47it/s]
 20%|██        | 1782/8810 [00:01<00:04, 1577.70it/s]
 22%|██▏       | 1946/8810 [00:01<00:04, 1390.25it/s]
 25%|██▍       | 2176/8810 [00:01<00:04, 1623.18it/s]
 27%|██▋       | 2348/8810 [00:01<00:04, 1480.38it/s]
 29%|██▉       | 2582/8810 [00:01<00:03, 1692.49it/s]
 31%|███▏      | 2761/8810 [00:01<00:03, 1573.41it/s]
 33%|███▎      | 2939/8810 [00:01<00:03, 1623.32it/s]
 35%|███▌      | 3108/8810 [00:02<00:03, 1578.96it/s]
 37%|███▋      | 3277/8810 [00:02<00:03, 1606.55it/s]
 39%|███▉      | 3441/8810 [00:02<00:03, 1538.38it/s]
 41%|████▏     | 3654/8810 [00:02<00:03, 1697.76it/s]
 43%|████▎     | 3827/8810 [00:02<00:03, 1614.91it/s]
 46%|████▌     | 4055/8810 [00:02<00:02, 1793.18it/s]
 48%|████▊     | 4238/8810 [00:02<00:02, 1736.37it/s]
 50%|█████     | 4443/8810 [00:02<00:02, 1816.03it/s]
 53%|█████▎    | 4627/8810 [00:02<00:02, 1617.51it/s]
 54%|█████▍    | 4800/8810 [00:03<00:02, 1642.73it/s]
 56%|█████▋    | 4969/8810 [00:03<00:02, 1501.82it/s]
 59%|█████▊    | 5155/8810 [00:03<00:02, 1595.54it/s]
 61%|██████    | 5348/8810 [00:03<00:02, 1686.07it/s]
 63%|██████▎   | 5521/8810 [00:03<00:02, 1624.83it/s]
 65%|██████▌   | 5754/8810 [00:03<00:01, 1602.47it/s]
 67%|██████▋   | 5917/8810 [00:03<00:01, 1565.63it/s]
 69%|██████▉   | 6076/8810 [00:03<00:01, 1561.90it/s]
 71%|███████   | 6250/8810 [00:03<00:01, 1608.93it/s]
 73%|███████▎  | 6413/8810 [00:04<00:01, 1514.03it/s]
 75%|███████▌  | 6623/8810 [00:04<00:01, 1671.27it/s]
 78%|███████▊  | 6847/8810 [00:04<00:01, 1828.57it/s]
 80%|███████▉  | 7033/8810 [00:04<00:01, 1732.10it/s]
 82%|████████▏ | 7214/8810 [00:04<00:00, 1749.86it/s]
 84%|████████▍ | 7392/8810 [00:04<00:00, 1723.08it/s]
 86%|████████▌ | 7566/8810 [00:04<00:00, 1697.46it/s]
 88%|████████▊ | 7737/8810 [00:04<00:00, 1601.18it/s]
 90%|████████▉ | 7910/8810 [00:04<00:00, 1633.89it/s]
 92%|█████████▏| 8075/8810 [00:05<00:00, 1407.65it/s]
 93%|█████████▎| 8228/8810 [00:05<00:00, 1436.43it/s]
 95%|█████████▌| 8377/8810 [00:05<00:00, 1354.06it/s]
 97%|█████████▋| 8578/8810 [00:05<00:00, 1525.94it/s]
 99%|█████████▉| 8736/8810 [00:05<00:00, 1444.17it/s]
100%|██████████| 8810/8810 [00:05<00:00, 1582.32it/s]
