
  0%|          | 0/8810 [00:00<?, ?it/s]
  2%|▏         | 181/8810 [00:00<00:05, 1527.33it/s]
  5%|▍         | 417/8810 [00:00<00:04, 1979.59it/s]
  7%|▋         | 636/8810 [00:00<00:03, 2070.53it/s]
 10%|▉         | 846/8810 [00:00<00:04, 1708.38it/s]
 12%|█▏        | 1026/8810 [00:00<00:04, 1616.26it/s]
 14%|█▍        | 1219/8810 [00:00<00:04, 1703.90it/s]
 16%|█▌        | 1409/8810 [00:00<00:04, 1758.15it/s]
 18%|█▊        | 1589/8810 [00:00<00:04, 1613.15it/s]
 21%|██        | 1821/8810 [00:01<00:04, 1635.34it/s]
 23%|██▎       | 2014/8810 [00:01<00:03, 1710.97it/s]
 25%|██▌       | 2226/8810 [00:01<00:03, 1822.78it/s]
 27%|██▋       | 2412/8810 [00:01<00:03, 1690.45it/s]
 30%|███       | 2659/8810 [00:01<00:03, 1899.17it/s]
 32%|███▏      | 2854/8810 [00:01<00:03, 1779.28it/s]
 34%|███▍      | 3039/8810 [00:01<00:03, 1793.14it/s]
 37%|███▋      | 3222/8810 [00:01<00:03, 1534.44it/s]
 38%|███▊      | 3390/8810 [00:01<00:03, 1568.96it/s]
 40%|████      | 3554/8810 [00:02<00:03, 1478.54it/s]
 43%|████▎     | 3767/8810 [00:02<00:03, 1642.83it/s]
 45%|████▍     | 3937/8810 [00:02<00:03, 1450.74it/s]
 47%|████▋     | 4168/8810 [00:02<00:02, 1664.78it/s]
 49%|████▉     | 4344/8810 [00:02<00:02, 1592.19it/s]
 52%|█████▏    | 4538/8810 [00:02<00:02, 1682.46it/s]
 53%|█████▎    | 4713/8810 [00:02<00:02, 1459.97it/s]
 56%|█████▌    | 4893/8810 [00:02<00:02, 1538.57it/s]
 57%|█████▋    | 5055/8810 [00:03<00:02, 1464.80it/s]
 60%|█████▉    | 5274/8810 [00:03<00:02, 1650.27it/s]
 62%|██████▏   | 5446/8810 [00:03<00:02, 1524.05it/s]
 64%|██████▍   | 5673/8810 [00:03<00:01, 1716.61it/s]
 66%|██████▋   | 5852/8810 [00:03<00:01, 1620.63it/s]
 68%|██████▊   | 6020/8810 [00:03<00:01, 1583.41it/s]
 70%|███████   | 6182/8810 [00:03<00:01, 1531.35it/s]
 72%|███████▏  | 6385/8810 [00:03<00:01, 1663.72it/s]
 74%|███████▍  | 6555/8810 [00:04<00:01, 1563.28it/s]
 78%|███████▊  | 6882/8810 [00:04<00:00, 2024.48it/s]
 80%|████████  | 7092/8810 [00:04<00:00, 1834.08it/s]
 83%|████████▎ | 7284/8810 [00:04<00:00, 1788.28it/s]
 85%|████████▍ | 7469/8810 [00:04<00:00, 1632.05it/s]
 87%|████████▋ | 7668/8810 [00:04<00:00, 1715.78it/s]
 89%|████████▉ | 7845/8810 [00:04<00:00, 1559.10it/s]
 91%|█████████ | 8035/8810 [00:04<00:00, 1641.61it/s]
 93%|█████████▎| 8205/8810 [00:04<00:00, 1497.78it/s]
 95%|█████████▍| 8361/8810 [00:05<00:00, 1489.76it/s]
 97%|█████████▋| 8583/8810 [00:05<00:00, 1682.02it/s]
 99%|█████████▉| 8757/8810 [00:05<00:00, 1576.21it/s]
100%|██████████| 8810/8810 [00:05<00:00, 1649.45it/s]
