
  0%|          | 0/8810 [00:00<?, ?it/s]
  0%|          | 25/8810 [00:00<00:37, 237.14it/s]
  1%|          | 83/8810 [00:00<00:21, 409.30it/s]
  2%|▏         | 179/8810 [00:00<00:13, 637.90it/s]
  3%|▎         | 244/8810 [00:00<00:22, 380.07it/s]
  4%|▍         | 335/8810 [00:00<00:16, 507.65it/s]
  5%|▍         | 399/8810 [00:00<00:15, 526.23it/s]
  5%|▌         | 461/8810 [00:01<00:22, 378.98it/s]
  6%|▌         | 518/8810 [00:01<00:19, 417.32it/s]
  7%|▋         | 576/8810 [00:01<00:18, 438.64it/s]
  7%|▋         | 627/8810 [00:01<00:20, 396.74it/s]
  8%|▊         | 672/8810 [00:02<00:43, 188.49it/s]
  8%|▊         | 706/8810 [00:02<00:41, 193.18it/s]
  8%|▊         | 736/8810 [00:02<00:39, 202.82it/s]
  9%|▊         | 765/8810 [00:02<00:43, 185.30it/s]
  9%|▉         | 790/8810 [00:02<00:42, 187.84it/s]
  9%|▉         | 814/8810 [00:02<00:40, 197.60it/s]
 10%|▉         | 838/8810 [00:02<00:44, 179.20it/s]
 10%|▉         | 863/8810 [00:03<00:41, 190.73it/s]
 10%|█         | 892/8810 [00:03<00:37, 208.96it/s]
 10%|█         | 915/8810 [00:03<00:40, 193.34it/s]
 11%|█         | 943/8810 [00:03<00:36, 213.34it/s]
 11%|█         | 966/8810 [00:03<00:38, 204.44it/s]
 11%|█▏        | 996/8810 [00:03<00:43, 181.52it/s]
 12%|█▏        | 1043/8810 [00:03<00:31, 244.92it/s]
 12%|█▏        | 1074/8810 [00:03<00:30, 256.44it/s]
 13%|█▎        | 1122/8810 [00:04<00:24, 310.08it/s]
 13%|█▎        | 1156/8810 [00:04<00:24, 306.90it/s]
 13%|█▎        | 1189/8810 [00:04<00:26, 287.45it/s]
 14%|█▍        | 1220/8810 [00:04<00:26, 290.62it/s]
 14%|█▍        | 1251/8810 [00:04<00:28, 261.05it/s]
 15%|█▍        | 1288/8810 [00:04<00:26, 288.16it/s]
 15%|█▌        | 1332/8810 [00:04<00:22, 328.04it/s]
 16%|█▌        | 1367/8810 [00:04<00:27, 270.81it/s]
 16%|█▋        | 1432/8810 [00:05<00:20, 359.29it/s]
 17%|█▋        | 1472/8810 [00:05<00:40, 183.09it/s]
 17%|█▋        | 1503/8810 [00:05<00:37, 194.18it/s]
 17%|█▋        | 1533/8810 [00:05<00:34, 211.02it/s]
 18%|█▊        | 1562/8810 [00:05<00:36, 196.27it/s]
 18%|█▊        | 1587/8810 [00:06<00:38, 186.73it/s]
 19%|█▊        | 1635/8810 [00:06<00:29, 243.94it/s]
 19%|█▉        | 1669/8810 [00:06<00:27, 256.39it/s]
 19%|█▉        | 1707/8810 [00:06<00:27, 261.50it/s]
 20%|█▉        | 1736/8810 [00:06<00:27, 257.68it/s]
 20%|██        | 1777/8810 [00:06<00:23, 294.82it/s]
 21%|██        | 1809/8810 [00:06<00:27, 253.03it/s]
 21%|██        | 1837/8810 [00:07<00:48, 144.05it/s]
 21%|██        | 1861/8810 [00:07<00:44, 157.34it/s]
 21%|██▏       | 1888/8810 [00:07<00:39, 177.33it/s]
 22%|██▏       | 1917/8810 [00:07<00:34, 200.26it/s]
 22%|██▏       | 1957/8810 [00:07<00:27, 245.56it/s]
 23%|██▎       | 1987/8810 [00:07<00:27, 250.84it/s]
 23%|██▎       | 2028/8810 [00:07<00:24, 272.47it/s]
 23%|██▎       | 2058/8810 [00:08<00:24, 277.94it/s]
 24%|██▎       | 2090/8810 [00:08<00:24, 278.48it/s]
 25%|██▍       | 2166/8810 [00:08<00:16, 403.17it/s]
 25%|██▌       | 2219/8810 [00:08<00:15, 417.87it/s]
 26%|██▌       | 2263/8810 [00:08<00:19, 339.02it/s]
 26%|██▋       | 2314/8810 [00:08<00:17, 378.95it/s]
 27%|██▋       | 2384/8810 [00:08<00:13, 459.42it/s]
 28%|██▊       | 2464/8810 [00:08<00:11, 541.48it/s]
 29%|██▉       | 2534/8810 [00:08<00:10, 577.54it/s]
 30%|██▉       | 2624/8810 [00:09<00:09, 665.80it/s]
 31%|███       | 2694/8810 [00:09<00:09, 641.12it/s]
 31%|███▏      | 2761/8810 [00:09<00:12, 503.38it/s]
 32%|███▏      | 2818/8810 [00:09<00:12, 466.51it/s]
 33%|███▎      | 2887/8810 [00:09<00:11, 512.27it/s]
 33%|███▎      | 2943/8810 [00:09<00:12, 471.65it/s]
 34%|███▍      | 2994/8810 [00:09<00:12, 476.50it/s]
 35%|███▍      | 3044/8810 [00:10<00:12, 455.77it/s]
 35%|███▌      | 3092/8810 [00:10<00:18, 315.97it/s]
 36%|███▌      | 3131/8810 [00:10<00:19, 290.74it/s]
 36%|███▌      | 3165/8810 [00:10<00:21, 268.29it/s]
 36%|███▋      | 3195/8810 [00:10<00:20, 271.80it/s]
 37%|███▋      | 3225/8810 [00:10<00:21, 265.93it/s]
 37%|███▋      | 3269/8810 [00:10<00:18, 302.39it/s]
 38%|███▊      | 3317/8810 [00:11<00:15, 346.24it/s]
 38%|███▊      | 3367/8810 [00:11<00:14, 380.93it/s]
 39%|███▊      | 3408/8810 [00:11<00:15, 354.06it/s]
 39%|███▉      | 3446/8810 [00:11<00:22, 236.53it/s]
 39%|███▉      | 3476/8810 [00:11<00:23, 226.88it/s]
 40%|███▉      | 3503/8810 [00:11<00:23, 222.08it/s]
 40%|████      | 3558/8810 [00:12<00:18, 287.59it/s]
 41%|████      | 3621/8810 [00:12<00:14, 363.34it/s]
 42%|████▏     | 3688/8810 [00:12<00:11, 438.20it/s]
 43%|████▎     | 3755/8810 [00:12<00:10, 494.29it/s]
 43%|████▎     | 3809/8810 [00:12<00:12, 392.27it/s]
 44%|████▍     | 3859/8810 [00:12<00:12, 411.28it/s]
 44%|████▍     | 3907/8810 [00:12<00:11, 426.40it/s]
 45%|████▌     | 3979/8810 [00:12<00:09, 497.59it/s]
 46%|████▌     | 4066/8810 [00:12<00:08, 591.08it/s]
 47%|████▋     | 4129/8810 [00:13<00:08, 575.15it/s]
 48%|████▊     | 4189/8810 [00:13<00:10, 439.01it/s]
 48%|████▊     | 4270/8810 [00:13<00:08, 515.98it/s]
 49%|████▉     | 4328/8810 [00:13<00:09, 497.83it/s]
 50%|████▉     | 4400/8810 [00:13<00:08, 546.95it/s]
 51%|█████     | 4459/8810 [00:13<00:08, 540.24it/s]
 51%|█████▏    | 4516/8810 [00:13<00:08, 522.67it/s]
 52%|█████▏    | 4573/8810 [00:13<00:07, 530.09it/s]
 53%|█████▎    | 4628/8810 [00:14<00:10, 388.56it/s]
 53%|█████▎    | 4676/8810 [00:14<00:10, 404.11it/s]
 54%|█████▎    | 4722/8810 [00:14<00:10, 407.31it/s]
 54%|█████▍    | 4771/8810 [00:14<00:09, 427.39it/s]
 55%|█████▍    | 4817/8810 [00:14<00:09, 434.68it/s]
 55%|█████▌    | 4863/8810 [00:14<00:09, 423.52it/s]
 56%|█████▌    | 4911/8810 [00:14<00:08, 437.73it/s]
 56%|█████▋    | 4956/8810 [00:15<00:12, 312.22it/s]
 57%|█████▋    | 5021/8810 [00:15<00:09, 385.89it/s]
 58%|█████▊    | 5082/8810 [00:15<00:08, 433.84it/s]
 58%|█████▊    | 5132/8810 [00:15<00:08, 444.62it/s]
 59%|█████▉    | 5194/8810 [00:15<00:07, 486.69it/s]
 60%|█████▉    | 5261/8810 [00:15<00:06, 536.24it/s]
 60%|██████    | 5318/8810 [00:15<00:06, 535.91it/s]
 61%|██████    | 5374/8810 [00:15<00:08, 422.44it/s]
 62%|██████▏   | 5422/8810 [00:16<00:07, 436.10it/s]
 62%|██████▏   | 5503/8810 [00:16<00:06, 518.08it/s]
 63%|██████▎   | 5567/8810 [00:16<00:05, 542.83it/s]
 64%|██████▍   | 5626/8810 [00:16<00:05, 554.29it/s]
 65%|██████▍   | 5694/8810 [00:16<00:05, 582.01it/s]
 65%|██████▌   | 5754/8810 [00:16<00:06, 447.83it/s]
 66%|██████▌   | 5805/8810 [00:16<00:07, 378.86it/s]
 66%|██████▋   | 5849/8810 [00:17<00:08, 333.84it/s]
 67%|██████▋   | 5887/8810 [00:17<00:10, 287.34it/s]
 67%|██████▋   | 5920/8810 [00:17<00:10, 266.48it/s]
 68%|██████▊   | 5953/8810 [00:17<00:10, 274.54it/s]
 68%|██████▊   | 5994/8810 [00:17<00:09, 294.20it/s]
 68%|██████▊   | 6026/8810 [00:17<00:10, 259.69it/s]
 69%|██████▊   | 6054/8810 [00:17<00:12, 220.91it/s]
 69%|██████▉   | 6100/8810 [00:18<00:09, 271.28it/s]
 70%|██████▉   | 6131/8810 [00:18<00:09, 277.14it/s]
 70%|██████▉   | 6162/8810 [00:18<00:10, 254.04it/s]
 70%|███████   | 6194/8810 [00:18<00:09, 265.98it/s]
 71%|███████   | 6224/8810 [00:18<00:09, 272.02it/s]
 71%|███████   | 6271/8810 [00:18<00:08, 315.47it/s]
 72%|███████▏  | 6304/8810 [00:18<00:08, 282.66it/s]
 72%|███████▏  | 6334/8810 [00:18<00:08, 277.24it/s]
 72%|███████▏  | 6382/8810 [00:18<00:07, 325.47it/s]
 73%|███████▎  | 6416/8810 [00:19<00:10, 231.54it/s]
 73%|███████▎  | 6464/8810 [00:19<00:08, 283.87it/s]
 74%|███████▍  | 6498/8810 [00:19<00:08, 287.40it/s]
 75%|███████▍  | 6574/8810 [00:19<00:05, 397.89it/s]
 75%|███████▌  | 6641/8810 [00:19<00:04, 467.41it/s]
 76%|███████▋  | 6732/8810 [00:19<00:03, 585.50it/s]
 77%|███████▋  | 6803/8810 [00:19<00:03, 608.10it/s]
 78%|███████▊  | 6874/8810 [00:19<00:03, 630.79it/s]
 79%|███████▉  | 6940/8810 [00:20<00:03, 611.65it/s]
 79%|███████▉  | 7003/8810 [00:20<00:03, 495.61it/s]
 80%|████████  | 7058/8810 [00:20<00:03, 499.35it/s]
 81%|████████  | 7113/8810 [00:20<00:03, 510.38it/s]
 81%|████████▏ | 7167/8810 [00:20<00:03, 494.68it/s]
 82%|████████▏ | 7219/8810 [00:20<00:03, 481.75it/s]
 83%|████████▎ | 7269/8810 [00:20<00:03, 470.13it/s]
 83%|████████▎ | 7349/8810 [00:20<00:02, 550.77it/s]
 84%|████████▍ | 7406/8810 [00:21<00:03, 452.45it/s]
 85%|████████▍ | 7455/8810 [00:21<00:03, 451.17it/s]
 85%|████████▌ | 7503/8810 [00:21<00:03, 427.40it/s]
 86%|████████▌ | 7548/8810 [00:21<00:03, 391.30it/s]
 87%|████████▋ | 7631/8810 [00:21<00:02, 493.70it/s]
 87%|████████▋ | 7684/8810 [00:21<00:02, 471.25it/s]
 88%|████████▊ | 7734/8810 [00:21<00:02, 382.23it/s]
 88%|████████▊ | 7776/8810 [00:22<00:02, 385.98it/s]
 89%|████████▉ | 7824/8810 [00:22<00:02, 403.21it/s]
 89%|████████▉ | 7884/8810 [00:22<00:02, 451.87it/s]
 90%|█████████ | 7942/8810 [00:22<00:01, 477.57it/s]
 91%|█████████ | 7992/8810 [00:22<00:01, 479.10it/s]
 91%|█████████▏| 8042/8810 [00:22<00:02, 340.16it/s]
 92%|█████████▏| 8107/8810 [00:22<00:01, 403.48it/s]
 93%|█████████▎| 8159/8810 [00:22<00:01, 427.74it/s]
 93%|█████████▎| 8207/8810 [00:23<00:01, 414.27it/s]
 94%|█████████▍| 8272/8810 [00:23<00:01, 473.36it/s]
 95%|█████████▍| 8329/8810 [00:23<00:00, 485.64it/s]
 95%|█████████▌| 8381/8810 [00:23<00:01, 374.16it/s]
 96%|█████████▌| 8434/8810 [00:23<00:00, 406.83it/s]
 96%|█████████▋| 8492/8810 [00:23<00:00, 447.66it/s]
 97%|█████████▋| 8548/8810 [00:23<00:00, 475.96it/s]
 98%|█████████▊| 8605/8810 [00:23<00:00, 500.41it/s]
 98%|█████████▊| 8658/8810 [00:23<00:00, 474.17it/s]
 99%|█████████▉| 8708/8810 [00:24<00:00, 413.50it/s]
100%|█████████▉| 8778/8810 [00:24<00:00, 484.22it/s]
100%|██████████| 8810/8810 [00:24<00:00, 362.26it/s]
