
  0%|          | 0/8810 [00:00<?, ?it/s]
  2%|▏         | 181/8810 [00:00<00:05, 1661.52it/s]
  5%|▍         | 434/8810 [00:00<00:03, 2134.80it/s]
  7%|▋         | 656/8810 [00:00<00:03, 2044.68it/s]
 10%|▉         | 863/8810 [00:00<00:03, 2051.62it/s]
 12%|█▏        | 1069/8810 [00:00<00:03, 1939.59it/s]
 15%|█▍        | 1282/8810 [00:00<00:03, 2000.41it/s]
 17%|█▋        | 1484/8810 [00:00<00:03, 1833.38it/s]
 20%|█▉        | 1748/8810 [00:00<00:03, 2065.42it/s]
 22%|██▏       | 1959/8810 [00:01<00:03, 1849.12it/s]
 25%|██▌       | 2218/8810 [00:01<00:03, 2035.11it/s]
 28%|██▊       | 2428/8810 [00:01<00:03, 1885.77it/s]
 30%|███       | 2668/8810 [00:01<00:03, 2016.27it/s]
 33%|███▎      | 2876/8810 [00:01<00:03, 1923.78it/s]
 35%|███▍      | 3073/8810 [00:01<00:03, 1772.70it/s]
 37%|███▋      | 3255/8810 [00:01<00:03, 1768.65it/s]
 39%|███▉      | 3435/8810 [00:01<00:03, 1663.98it/s]
 41%|████▏     | 3647/8810 [00:01<00:02, 1782.79it/s]
 43%|████▎     | 3829/8810 [00:02<00:02, 1726.97it/s]
 46%|████▋     | 4084/8810 [00:02<00:02, 1950.74it/s]
 49%|████▊     | 4283/8810 [00:02<00:02, 1919.98it/s]
 51%|█████▏    | 4521/8810 [00:02<00:02, 2045.16it/s]
 54%|█████▎    | 4729/8810 [00:02<00:02, 1773.54it/s]
 56%|█████▌    | 4925/8810 [00:02<00:02, 1819.54it/s]
 58%|█████▊    | 5114/8810 [00:02<00:02, 1725.43it/s]
 60%|██████    | 5326/8810 [00:02<00:01, 1829.09it/s]
 63%|██████▎   | 5514/8810 [00:02<00:01, 1679.51it/s]
 65%|██████▌   | 5754/8810 [00:03<00:01, 1731.82it/s]
 67%|██████▋   | 5931/8810 [00:03<00:01, 1727.39it/s]
 69%|██████▉   | 6106/8810 [00:03<00:01, 1666.59it/s]
 72%|███████▏  | 6323/8810 [00:03<00:01, 1799.45it/s]
 74%|███████▍  | 6506/8810 [00:03<00:01, 1659.37it/s]
 77%|███████▋  | 6789/8810 [00:03<00:01, 1971.44it/s]
 79%|███████▉  | 6993/8810 [00:03<00:00, 1914.15it/s]
 82%|████████▏ | 7189/8810 [00:03<00:00, 1902.18it/s]
 84%|████████▍ | 7383/8810 [00:03<00:00, 1858.21it/s]
 86%|████████▌ | 7571/8810 [00:04<00:00, 1835.78it/s]
 88%|████████▊ | 7756/8810 [00:04<00:00, 1698.87it/s]
 90%|█████████ | 7957/8810 [00:04<00:00, 1778.26it/s]
 92%|█████████▏| 8138/8810 [00:04<00:00, 1622.75it/s]
 95%|█████████▍| 8328/8810 [00:04<00:00, 1695.96it/s]
 97%|█████████▋| 8502/8810 [00:04<00:00, 1552.01it/s]
 99%|█████████▊| 8699/8810 [00:04<00:00, 1659.69it/s]
100%|██████████| 8810/8810 [00:04<00:00, 1804.04it/s]
