
  0%|          | 0/8810 [00:00<?, ?it/s]
  2%|▏         | 181/8810 [00:00<00:06, 1379.80it/s]
  5%|▍         | 422/8810 [00:00<00:04, 1910.82it/s]
  7%|▋         | 651/8810 [00:00<00:03, 2065.46it/s]
 10%|▉         | 863/8810 [00:00<00:04, 1732.88it/s]
 12%|█▏        | 1046/8810 [00:00<00:04, 1639.20it/s]
 14%|█▍        | 1250/8810 [00:00<00:04, 1751.43it/s]
 16%|█▋        | 1440/8810 [00:00<00:04, 1793.00it/s]
 18%|█▊        | 1624/8810 [00:00<00:04, 1623.55it/s]
 21%|██        | 1821/8810 [00:01<00:04, 1604.28it/s]
 23%|██▎       | 2026/8810 [00:01<00:03, 1714.59it/s]
 25%|██▌       | 2231/8810 [00:01<00:03, 1803.35it/s]
 27%|██▋       | 2415/8810 [00:01<00:03, 1640.72it/s]
 30%|██▉       | 2620/8810 [00:01<00:03, 1739.44it/s]
 32%|███▏      | 2799/8810 [00:01<00:04, 1410.62it/s]
 34%|███▎      | 2953/8810 [00:01<00:04, 1438.54it/s]
 35%|███▌      | 3107/8810 [00:01<00:04, 1282.78it/s]
 37%|███▋      | 3244/8810 [00:02<00:04, 1283.90it/s]
 39%|███▊      | 3410/8810 [00:02<00:04, 1245.83it/s]
 41%|████      | 3586/8810 [00:02<00:03, 1368.25it/s]
 43%|████▎     | 3774/8810 [00:02<00:03, 1369.29it/s]
 44%|████▍     | 3915/8810 [00:02<00:03, 1373.60it/s]
 47%|████▋     | 4145/8810 [00:02<00:02, 1615.36it/s]
 49%|████▉     | 4312/8810 [00:02<00:03, 1449.03it/s]
 51%|█████     | 4493/8810 [00:02<00:02, 1540.04it/s]
 53%|█████▎    | 4653/8810 [00:03<00:02, 1417.50it/s]
 54%|█████▍    | 4800/8810 [00:03<00:02, 1417.05it/s]
 56%|█████▌    | 4946/8810 [00:03<00:03, 1250.23it/s]
 58%|█████▊    | 5105/8810 [00:03<00:02, 1330.76it/s]
 60%|█████▉    | 5278/8810 [00:03<00:02, 1435.86it/s]
 62%|██████▏   | 5427/8810 [00:03<00:02, 1337.84it/s]
 64%|██████▎   | 5596/8810 [00:03<00:02, 1428.40it/s]
 65%|██████▌   | 5754/8810 [00:03<00:02, 1322.46it/s]
 67%|██████▋   | 5891/8810 [00:03<00:02, 1257.38it/s]
 68%|██████▊   | 6020/8810 [00:04<00:02, 1255.79it/s]
 70%|██████▉   | 6148/8810 [00:04<00:02, 1195.92it/s]
 72%|███████▏  | 6350/8810 [00:04<00:01, 1411.30it/s]
 74%|███████▎  | 6495/8810 [00:04<00:01, 1314.55it/s]
 76%|███████▋  | 6724/8810 [00:04<00:01, 1570.53it/s]
 78%|███████▊  | 6910/8810 [00:04<00:01, 1649.55it/s]
 80%|████████  | 7080/8810 [00:04<00:01, 1500.01it/s]
 82%|████████▏ | 7236/8810 [00:04<00:01, 1496.41it/s]
 84%|████████▍ | 7390/8810 [00:05<00:01, 1414.99it/s]
 86%|████████▌ | 7535/8810 [00:05<00:00, 1339.21it/s]
 88%|████████▊ | 7709/8810 [00:05<00:00, 1443.00it/s]
 89%|████████▉ | 7857/8810 [00:05<00:00, 1293.11it/s]
 91%|█████████ | 8013/8810 [00:05<00:00, 1361.01it/s]
 93%|█████████▎| 8154/8810 [00:05<00:00, 1280.13it/s]
 94%|█████████▍| 8299/8810 [00:05<00:00, 1324.00it/s]
 96%|█████████▌| 8435/8810 [00:05<00:00, 1255.89it/s]
 98%|█████████▊| 8631/8810 [00:05<00:00, 1444.46it/s]
100%|█████████▉| 8780/8810 [00:06<00:00, 1388.50it/s]
100%|██████████| 8810/8810 [00:06<00:00, 1452.72it/s]
