
  0%|          | 0/8810 [00:00<?, ?it/s]
  2%|▏         | 181/8810 [00:00<00:05, 1573.68it/s]
  5%|▍         | 429/8810 [00:00<00:04, 2071.91it/s]
  7%|▋         | 656/8810 [00:00<00:04, 1868.16it/s]
 10%|▉         | 847/8810 [00:00<00:04, 1865.12it/s]
 12%|█▏        | 1036/8810 [00:00<00:04, 1734.99it/s]
 14%|█▍        | 1273/8810 [00:00<00:03, 1928.16it/s]
 17%|█▋        | 1470/8810 [00:00<00:04, 1763.53it/s]
 19%|█▉        | 1666/8810 [00:00<00:03, 1815.45it/s]
 21%|██        | 1852/8810 [00:01<00:04, 1619.26it/s]
 24%|██▎       | 2092/8810 [00:01<00:03, 1826.30it/s]
 26%|██▌       | 2282/8810 [00:01<00:03, 1655.88it/s]
 29%|██▊       | 2523/8810 [00:01<00:03, 1847.88it/s]
 31%|███       | 2744/8810 [00:01<00:03, 1827.68it/s]
 33%|███▎      | 2933/8810 [00:01<00:03, 1813.53it/s]
 35%|███▌      | 3119/8810 [00:01<00:03, 1750.47it/s]
 38%|███▊      | 3317/8810 [00:01<00:03, 1810.65it/s]
 40%|███▉      | 3501/8810 [00:01<00:03, 1695.83it/s]
 42%|████▏     | 3729/8810 [00:02<00:02, 1851.92it/s]
 44%|████▍     | 3918/8810 [00:02<00:02, 1762.04it/s]
 47%|████▋     | 4180/8810 [00:02<00:02, 1861.71it/s]
 50%|█████     | 4412/8810 [00:02<00:02, 1980.55it/s]
 52%|█████▏    | 4625/8810 [00:02<00:02, 1866.64it/s]
 55%|█████▍    | 4815/8810 [00:02<00:02, 1864.38it/s]
 57%|█████▋    | 5004/8810 [00:02<00:02, 1760.73it/s]
 59%|█████▉    | 5219/8810 [00:02<00:01, 1865.48it/s]
 61%|██████▏   | 5409/8810 [00:02<00:01, 1761.46it/s]
 64%|██████▍   | 5634/8810 [00:03<00:01, 1893.87it/s]
 66%|██████▌   | 5827/8810 [00:03<00:01, 1740.62it/s]
 68%|██████▊   | 6006/8810 [00:03<00:01, 1650.20it/s]
 70%|███████   | 6175/8810 [00:03<00:01, 1522.05it/s]
 72%|███████▏  | 6342/8810 [00:03<00:01, 1559.52it/s]
 74%|███████▍  | 6501/8810 [00:03<00:01, 1429.23it/s]
 76%|███████▋  | 6739/8810 [00:03<00:01, 1674.22it/s]
 79%|███████▉  | 6968/8810 [00:03<00:01, 1835.78it/s]
 81%|████████  | 7158/8810 [00:04<00:01, 1583.29it/s]
 83%|████████▎ | 7334/8810 [00:04<00:00, 1625.86it/s]
 85%|████████▌ | 7505/8810 [00:04<00:00, 1515.06it/s]
 87%|████████▋ | 7693/8810 [00:04<00:00, 1608.64it/s]
 89%|████████▉ | 7860/8810 [00:04<00:00, 1436.55it/s]
 91%|█████████ | 8031/8810 [00:04<00:00, 1501.74it/s]
 93%|█████████▎| 8187/8810 [00:04<00:00, 1357.95it/s]
 95%|█████████▍| 8355/8810 [00:04<00:00, 1436.01it/s]
 97%|█████████▋| 8505/8810 [00:05<00:00, 1346.04it/s]
 99%|█████████▊| 8692/8810 [00:05<00:00, 1482.21it/s]
100%|██████████| 8810/8810 [00:05<00:00, 1680.34it/s]
