
  0%|          | 0/8810 [00:00<?, ?it/s]
  2%|▏         | 181/8810 [00:00<00:05, 1499.80it/s]
  4%|▍         | 344/8810 [00:00<00:05, 1564.85it/s]
  6%|▋         | 565/8810 [00:00<00:04, 1839.22it/s]
  9%|▊         | 751/8810 [00:00<00:05, 1401.78it/s]
 10%|█         | 908/8810 [00:00<00:05, 1449.03it/s]
 12%|█▏        | 1062/8810 [00:00<00:05, 1355.88it/s]
 14%|█▍        | 1233/8810 [00:00<00:05, 1449.69it/s]
 16%|█▌        | 1384/8810 [00:00<00:05, 1465.73it/s]
 17%|█▋        | 1535/8810 [00:01<00:05, 1297.77it/s]
 19%|█▉        | 1714/8810 [00:01<00:04, 1427.10it/s]
 21%|██        | 1863/8810 [00:01<00:05, 1196.20it/s]
 23%|██▎       | 2030/8810 [00:01<00:05, 1307.79it/s]
 25%|██▌       | 2209/8810 [00:01<00:04, 1430.96it/s]
 27%|██▋       | 2361/8810 [00:01<00:05, 1226.21it/s]
 29%|██▊       | 2522/8810 [00:01<00:04, 1317.73it/s]
 30%|███       | 2680/8810 [00:01<00:04, 1381.69it/s]
 32%|███▏      | 2826/8810 [00:02<00:04, 1223.33it/s]
 34%|███▎      | 2971/8810 [00:02<00:04, 1274.38it/s]
 35%|███▌      | 3105/8810 [00:02<00:04, 1153.29it/s]
 37%|███▋      | 3230/8810 [00:02<00:04, 1176.34it/s]
 38%|███▊      | 3353/8810 [00:02<00:04, 1126.03it/s]
 39%|███▉      | 3469/8810 [00:02<00:05, 967.33it/s] 
 41%|████      | 3589/8810 [00:02<00:05, 1021.96it/s]
 42%|████▏     | 3724/8810 [00:02<00:04, 1102.77it/s]
 44%|████▎     | 3840/8810 [00:03<00:04, 1033.05it/s]
 45%|████▌     | 3973/8810 [00:03<00:04, 1109.27it/s]
 47%|████▋     | 4154/8810 [00:03<00:03, 1295.94it/s]
 49%|████▊     | 4289/8810 [00:03<00:03, 1216.94it/s]
 50%|█████     | 4444/8810 [00:03<00:03, 1304.37it/s]
 52%|█████▏    | 4579/8810 [00:03<00:03, 1227.93it/s]
 53%|█████▎    | 4705/8810 [00:03<00:03, 1116.49it/s]
 55%|█████▍    | 4844/8810 [00:03<00:03, 1185.47it/s]
 56%|█████▋    | 4967/8810 [00:04<00:03, 1050.28it/s]
 58%|█████▊    | 5107/8810 [00:04<00:03, 1133.95it/s]
 60%|█████▉    | 5250/8810 [00:04<00:02, 1206.68it/s]
 61%|██████    | 5375/8810 [00:04<00:03, 1095.65it/s]
 62%|██████▏   | 5494/8810 [00:04<00:02, 1118.84it/s]
 64%|██████▍   | 5645/8810 [00:04<00:02, 1219.82it/s]
 66%|██████▌   | 5771/8810 [00:04<00:02, 1166.01it/s]
 67%|██████▋   | 5891/8810 [00:04<00:02, 1137.98it/s]
 68%|██████▊   | 6007/8810 [00:04<00:02, 1086.50it/s]
 69%|██████▉   | 6118/8810 [00:05<00:02, 1002.00it/s]
 71%|███████   | 6256/8810 [00:05<00:02, 1095.99it/s]
 72%|███████▏  | 6370/8810 [00:05<00:02, 1105.50it/s]
 74%|███████▎  | 6483/8810 [00:05<00:02, 1008.70it/s]
 76%|███████▌  | 6661/8810 [00:05<00:01, 1208.11it/s]
 77%|███████▋  | 6820/8810 [00:05<00:01, 1310.19it/s]
 79%|███████▉  | 6972/8810 [00:05<00:01, 1235.25it/s]
 81%|████████  | 7109/8810 [00:05<00:01, 1268.24it/s]
 82%|████████▏ | 7243/8810 [00:05<00:01, 1286.32it/s]
 84%|████████▎ | 7374/8810 [00:06<00:01, 1245.79it/s]
 85%|████████▌ | 7501/8810 [00:06<00:01, 1217.53it/s]
 87%|████████▋ | 7668/8810 [00:06<00:00, 1340.40it/s]
 89%|████████▊ | 7804/8810 [00:06<00:00, 1186.09it/s]
 90%|█████████ | 7949/8810 [00:06<00:00, 1253.53it/s]
 92%|█████████▏| 8079/8810 [00:06<00:00, 1110.87it/s]
 93%|█████████▎| 8215/8810 [00:06<00:00, 1174.22it/s]
 95%|█████████▍| 8361/8810 [00:06<00:00, 1171.08it/s]
 97%|█████████▋| 8503/8810 [00:06<00:00, 1233.08it/s]
 99%|█████████▊| 8687/8810 [00:07<00:00, 1396.33it/s]
100%|██████████| 8810/8810 [00:07<00:00, 1224.65it/s]
