
  0%|          | 0/8810 [00:00<?, ?it/s]
  2%|▏         | 181/8810 [00:00<00:06, 1373.70it/s]
  4%|▍         | 394/8810 [00:00<00:04, 1755.50it/s]
  7%|▋         | 637/8810 [00:00<00:04, 2037.56it/s]
 10%|▉         | 846/8810 [00:00<00:04, 1814.25it/s]
 12%|█▏        | 1033/8810 [00:00<00:04, 1702.27it/s]
 14%|█▍        | 1225/8810 [00:00<00:04, 1761.22it/s]
 16%|█▌        | 1405/8810 [00:00<00:04, 1748.71it/s]
 18%|█▊        | 1583/8810 [00:00<00:04, 1526.58it/s]
 20%|██        | 1805/8810 [00:01<00:04, 1709.10it/s]
 23%|██▎       | 1983/8810 [00:01<00:04, 1536.26it/s]
 25%|██▌       | 2218/8810 [00:01<00:03, 1744.18it/s]
 27%|██▋       | 2401/8810 [00:01<00:04, 1547.93it/s]
 30%|██▉       | 2605/8810 [00:01<00:03, 1669.78it/s]
 32%|███▏      | 2781/8810 [00:01<00:04, 1449.02it/s]
 33%|███▎      | 2936/8810 [00:01<00:04, 1408.96it/s]
 35%|███▌      | 3084/8810 [00:01<00:04, 1321.79it/s]
 37%|███▋      | 3224/8810 [00:02<00:04, 1338.33it/s]
 38%|███▊      | 3387/8810 [00:02<00:03, 1414.00it/s]
 40%|████      | 3533/8810 [00:02<00:04, 1299.88it/s]
 42%|████▏     | 3726/8810 [00:02<00:03, 1463.65it/s]
 44%|████▍     | 3878/8810 [00:02<00:03, 1354.52it/s]
 46%|████▋     | 4083/8810 [00:02<00:03, 1531.17it/s]
 48%|████▊     | 4242/8810 [00:02<00:03, 1448.98it/s]
 50%|█████     | 4443/8810 [00:02<00:02, 1598.41it/s]
 52%|█████▏    | 4608/8810 [00:02<00:02, 1581.93it/s]
 54%|█████▍    | 4770/8810 [00:03<00:02, 1399.08it/s]
 56%|█████▌    | 4916/8810 [00:03<00:02, 1389.41it/s]
 57%|█████▋    | 5059/8810 [00:03<00:02, 1273.22it/s]
 60%|█████▉    | 5251/8810 [00:03<00:02, 1437.26it/s]
 61%|██████▏   | 5401/8810 [00:03<00:02, 1350.30it/s]
 64%|██████▎   | 5609/8810 [00:03<00:02, 1537.03it/s]
 65%|██████▌   | 5769/8810 [00:03<00:02, 1430.39it/s]
 67%|██████▋   | 5917/8810 [00:03<00:02, 1321.65it/s]
 69%|██████▊   | 6054/8810 [00:04<00:02, 1197.54it/s]
 71%|███████   | 6224/8810 [00:04<00:01, 1319.44it/s]
 73%|███████▎  | 6399/8810 [00:04<00:01, 1429.19it/s]
 74%|███████▍  | 6548/8810 [00:04<00:01, 1350.51it/s]
 77%|███████▋  | 6789/8810 [00:04<00:01, 1625.30it/s]
 79%|███████▉  | 6972/8810 [00:04<00:01, 1529.19it/s]
 81%|████████  | 7153/8810 [00:04<00:01, 1595.00it/s]
 83%|████████▎ | 7332/8810 [00:04<00:00, 1643.99it/s]
 85%|████████▌ | 7501/8810 [00:05<00:00, 1447.79it/s]
 87%|████████▋ | 7664/8810 [00:05<00:00, 1494.40it/s]
 89%|████████▉ | 7819/8810 [00:05<00:00, 1343.14it/s]
 91%|█████████ | 7974/8810 [00:05<00:00, 1393.62it/s]
 92%|█████████▏| 8119/8810 [00:05<00:00, 1231.87it/s]
 94%|█████████▎| 8258/8810 [00:05<00:00, 1268.36it/s]
 95%|█████████▌| 8390/8810 [00:05<00:00, 1211.21it/s]
 97%|█████████▋| 8565/8810 [00:05<00:00, 1349.01it/s]
 99%|█████████▉| 8705/8810 [00:05<00:00, 1302.80it/s]
100%|██████████| 8810/8810 [00:06<00:00, 1461.52it/s]
