
  0%|          | 0/8810 [00:00<?, ?it/s]
  2%|▏         | 181/8810 [00:00<00:06, 1314.69it/s]
  4%|▍         | 396/8810 [00:00<00:04, 1739.13it/s]
  7%|▋         | 592/8810 [00:00<00:04, 1831.43it/s]
  9%|▉         | 780/8810 [00:00<00:05, 1542.63it/s]
 11%|█         | 956/8810 [00:00<00:04, 1605.46it/s]
 13%|█▎        | 1123/8810 [00:00<00:05, 1481.40it/s]
 15%|█▍        | 1291/8810 [00:00<00:04, 1536.18it/s]
 17%|█▋        | 1457/8810 [00:00<00:05, 1448.65it/s]
 19%|█▊        | 1634/8810 [00:01<00:04, 1535.69it/s]
 21%|██        | 1810/8810 [00:01<00:04, 1598.17it/s]
 22%|██▏       | 1973/8810 [00:01<00:04, 1431.41it/s]
 25%|██▍       | 2194/8810 [00:01<00:04, 1630.49it/s]
 27%|██▋       | 2363/8810 [00:01<00:04, 1443.95it/s]
 29%|██▉       | 2590/8810 [00:01<00:03, 1655.10it/s]
 31%|███▏      | 2765/8810 [00:01<00:04, 1494.93it/s]
 33%|███▎      | 2923/8810 [00:01<00:03, 1496.38it/s]
 35%|███▍      | 3079/8810 [00:02<00:04, 1403.11it/s]
 37%|███▋      | 3234/8810 [00:02<00:03, 1440.40it/s]
 39%|███▊      | 3397/8810 [00:02<00:03, 1485.56it/s]
 40%|████      | 3549/8810 [00:02<00:03, 1323.61it/s]
 42%|████▏     | 3729/8810 [00:02<00:03, 1445.33it/s]
 44%|████▍     | 3879/8810 [00:02<00:03, 1363.27it/s]
 46%|████▋     | 4083/8810 [00:02<00:03, 1538.79it/s]
 48%|████▊     | 4242/8810 [00:02<00:03, 1433.97it/s]
 51%|█████     | 4452/8810 [00:02<00:02, 1608.60it/s]
 52%|█████▏    | 4619/8810 [00:03<00:02, 1612.85it/s]
 54%|█████▍    | 4785/8810 [00:03<00:02, 1359.29it/s]
 56%|█████▌    | 4930/8810 [00:03<00:02, 1322.39it/s]
 58%|█████▊    | 5069/8810 [00:03<00:02, 1271.51it/s]
 59%|█████▉    | 5214/8810 [00:03<00:02, 1317.06it/s]
 61%|██████    | 5372/8810 [00:03<00:02, 1284.93it/s]
 63%|██████▎   | 5523/8810 [00:03<00:02, 1332.77it/s]
 65%|██████▍   | 5693/8810 [00:03<00:02, 1430.61it/s]
 66%|██████▋   | 5839/8810 [00:04<00:02, 1304.16it/s]
 68%|██████▊   | 5974/8810 [00:04<00:02, 1226.52it/s]
 69%|██████▉   | 6100/8810 [00:04<00:02, 1162.39it/s]
 71%|███████   | 6219/8810 [00:04<00:02, 1156.81it/s]
 72%|███████▏  | 6359/8810 [00:04<00:02, 1219.06it/s]
 74%|███████▎  | 6483/8810 [00:04<00:02, 1117.43it/s]
 75%|███████▌  | 6648/8810 [00:04<00:01, 1257.56it/s]
 77%|███████▋  | 6820/8810 [00:04<00:01, 1383.60it/s]
 79%|███████▉  | 6972/8810 [00:04<00:01, 1299.77it/s]
 81%|████████  | 7106/8810 [00:05<00:01, 1279.13it/s]
 82%|████████▏ | 7237/8810 [00:05<00:01, 1256.69it/s]
 84%|████████▎ | 7365/8810 [00:05<00:01, 1143.31it/s]
 85%|████████▍ | 7482/8810 [00:05<00:01, 1118.75it/s]
 86%|████████▋ | 7601/8810 [00:05<00:01, 1136.61it/s]
 88%|████████▊ | 7717/8810 [00:05<00:01, 1064.56it/s]
 89%|████████▉ | 7848/8810 [00:05<00:00, 1126.71it/s]
 91%|█████████ | 7979/8810 [00:05<00:00, 1176.85it/s]
 92%|█████████▏| 8099/8810 [00:06<00:00, 1008.05it/s]
 93%|█████████▎| 8234/8810 [00:06<00:00, 1090.20it/s]
 95%|█████████▍| 8361/8810 [00:06<00:00, 1084.22it/s]
 96%|█████████▋| 8490/8810 [00:06<00:00, 1131.29it/s]
 98%|█████████▊| 8631/8810 [00:06<00:00, 1207.64it/s]
 99%|█████████▉| 8755/8810 [00:06<00:00, 1093.38it/s]
100%|██████████| 8810/8810 [00:06<00:00, 1334.79it/s]
