
  0%|          | 0/8810 [00:00<?, ?it/s]
  0%|          | 14/8810 [00:00<01:06, 131.74it/s]
  0%|          | 43/8810 [00:00<00:40, 218.50it/s]
  1%|          | 102/8810 [00:00<00:23, 377.23it/s]
  2%|▏         | 143/8810 [00:00<00:24, 351.64it/s]
  2%|▏         | 179/8810 [00:00<00:25, 340.25it/s]
  2%|▏         | 214/8810 [00:00<00:45, 190.72it/s]
  3%|▎         | 245/8810 [00:01<00:40, 213.78it/s]
  3%|▎         | 283/8810 [00:01<00:34, 246.94it/s]
  4%|▎         | 314/8810 [00:01<00:33, 256.60it/s]
  4%|▍         | 344/8810 [00:01<00:38, 217.99it/s]
  4%|▍         | 371/8810 [00:01<00:37, 226.37it/s]
  5%|▍         | 407/8810 [00:01<00:32, 257.02it/s]
  5%|▍         | 436/8810 [00:01<00:40, 208.65it/s]
  5%|▌         | 460/8810 [00:01<00:39, 212.58it/s]
  6%|▌         | 489/8810 [00:02<00:36, 227.48it/s]
  6%|▌         | 534/8810 [00:02<00:29, 281.09it/s]
  6%|▋         | 570/8810 [00:02<00:27, 294.72it/s]
  7%|▋         | 602/8810 [00:02<00:29, 281.11it/s]
  7%|▋         | 636/8810 [00:02<00:28, 287.03it/s]
  8%|▊         | 666/8810 [00:02<00:39, 208.40it/s]
  8%|▊         | 696/8810 [00:02<00:36, 224.03it/s]
  8%|▊         | 722/8810 [00:02<00:35, 224.70it/s]
  8%|▊         | 747/8810 [00:03<00:35, 224.97it/s]
  9%|▉         | 778/8810 [00:03<00:33, 242.49it/s]
  9%|▉         | 816/8810 [00:03<00:28, 277.49it/s]
 10%|▉         | 846/8810 [00:03<00:29, 265.67it/s]
 10%|▉         | 874/8810 [00:03<00:30, 256.64it/s]
 10%|█         | 902/8810 [00:03<00:30, 260.99it/s]
 11%|█         | 941/8810 [00:03<00:26, 293.76it/s]
 11%|█         | 971/8810 [00:03<00:27, 286.16it/s]
 11%|█▏        | 1001/8810 [00:04<00:32, 236.94it/s]
 12%|█▏        | 1045/8810 [00:04<00:27, 285.98it/s]
 12%|█▏        | 1086/8810 [00:04<00:24, 309.81it/s]
 13%|█▎        | 1122/8810 [00:04<00:24, 320.02it/s]
 13%|█▎        | 1156/8810 [00:04<00:23, 324.09it/s]
 14%|█▎        | 1190/8810 [00:04<00:23, 324.37it/s]
 14%|█▍        | 1226/8810 [00:04<00:23, 329.46it/s]
 14%|█▍        | 1260/8810 [00:04<00:25, 297.33it/s]
 15%|█▍        | 1291/8810 [00:04<00:25, 291.05it/s]
 15%|█▌        | 1329/8810 [00:05<00:23, 311.89it/s]
 15%|█▌        | 1361/8810 [00:05<00:25, 297.03it/s]
 16%|█▌        | 1397/8810 [00:05<00:23, 309.42it/s]
 16%|█▋        | 1446/8810 [00:05<00:20, 357.18it/s]
 17%|█▋        | 1483/8810 [00:05<00:28, 260.55it/s]
 17%|█▋        | 1525/8810 [00:05<00:24, 294.27it/s]
 18%|█▊        | 1559/8810 [00:05<00:26, 277.33it/s]
 18%|█▊        | 1590/8810 [00:05<00:25, 279.03it/s]
 19%|█▊        | 1635/8810 [00:06<00:22, 318.46it/s]
 19%|█▉        | 1669/8810 [00:06<00:24, 296.50it/s]
 19%|█▉        | 1710/8810 [00:06<00:21, 325.38it/s]
 20%|█▉        | 1751/8810 [00:06<00:20, 344.90it/s]
 20%|██        | 1792/8810 [00:06<00:19, 353.13it/s]
 21%|██        | 1829/8810 [00:06<00:29, 236.36it/s]
 21%|██        | 1859/8810 [00:06<00:33, 207.68it/s]
 21%|██▏       | 1891/8810 [00:07<00:30, 229.48it/s]
 22%|██▏       | 1926/8810 [00:07<00:27, 254.14it/s]
 22%|██▏       | 1972/8810 [00:07<00:22, 299.79it/s]
 23%|██▎       | 2018/8810 [00:07<00:20, 337.89it/s]
 23%|██▎       | 2066/8810 [00:07<00:17, 374.75it/s]
 24%|██▍       | 2107/8810 [00:07<00:17, 382.10it/s]
 24%|██▍       | 2156/8810 [00:07<00:16, 412.13it/s]
 25%|██▍       | 2199/8810 [00:07<00:16, 411.94it/s]
 25%|██▌       | 2242/8810 [00:07<00:17, 370.03it/s]
 26%|██▌       | 2281/8810 [00:08<00:24, 269.49it/s]
 26%|██▋       | 2314/8810 [00:08<00:23, 279.48it/s]
 27%|██▋       | 2358/8810 [00:08<00:20, 313.34it/s]
 27%|██▋       | 2393/8810 [00:08<00:20, 313.06it/s]
 28%|██▊       | 2456/8810 [00:08<00:16, 389.76it/s]
 28%|██▊       | 2498/8810 [00:08<00:16, 381.66it/s]
 29%|██▉       | 2539/8810 [00:08<00:16, 372.68it/s]
 29%|██▉       | 2593/8810 [00:08<00:15, 414.19it/s]
 30%|██▉       | 2636/8810 [00:09<00:14, 416.21it/s]
 30%|███       | 2679/8810 [00:09<00:16, 365.33it/s]
 31%|███       | 2731/8810 [00:09<00:15, 399.76it/s]
 31%|███▏      | 2773/8810 [00:09<00:19, 310.29it/s]
 32%|███▏      | 2808/8810 [00:09<00:21, 273.52it/s]
 32%|███▏      | 2859/8810 [00:09<00:18, 323.22it/s]
 33%|███▎      | 2897/8810 [00:09<00:17, 331.92it/s]
 33%|███▎      | 2934/8810 [00:10<00:17, 333.09it/s]
 34%|███▍      | 2986/8810 [00:10<00:15, 372.89it/s]
 34%|███▍      | 3026/8810 [00:10<00:15, 379.11it/s]
 35%|███▍      | 3066/8810 [00:10<00:18, 303.52it/s]
 35%|███▌      | 3118/8810 [00:10<00:16, 351.78it/s]
 36%|███▌      | 3158/8810 [00:10<00:15, 362.75it/s]
 36%|███▋      | 3197/8810 [00:10<00:16, 341.06it/s]
 37%|███▋      | 3235/8810 [00:10<00:16, 346.30it/s]
 37%|███▋      | 3278/8810 [00:10<00:15, 358.20it/s]
 38%|███▊      | 3324/8810 [00:11<00:14, 383.67it/s]
 38%|███▊      | 3373/8810 [00:11<00:13, 412.87it/s]
 39%|███▉      | 3416/8810 [00:11<00:19, 275.86it/s]
 39%|███▉      | 3451/8810 [00:11<00:18, 283.40it/s]
 40%|███▉      | 3485/8810 [00:11<00:19, 274.68it/s]
 40%|████      | 3525/8810 [00:11<00:17, 299.38it/s]
 40%|████      | 3559/8810 [00:11<00:17, 307.28it/s]
 41%|████      | 3615/8810 [00:12<00:13, 372.10it/s]
 41%|████▏     | 3655/8810 [00:12<00:17, 294.25it/s]
 42%|████▏     | 3689/8810 [00:12<00:17, 300.24it/s]
 42%|████▏     | 3723/8810 [00:12<00:19, 255.01it/s]
 43%|████▎     | 3760/8810 [00:12<00:18, 279.12it/s]
 43%|████▎     | 3791/8810 [00:12<00:23, 215.07it/s]
 43%|████▎     | 3817/8810 [00:12<00:23, 213.41it/s]
 44%|████▎     | 3847/8810 [00:13<00:21, 229.07it/s]
 44%|████▍     | 3873/8810 [00:13<00:21, 230.84it/s]
 44%|████▍     | 3905/8810 [00:13<00:19, 252.53it/s]
 45%|████▍     | 3942/8810 [00:13<00:17, 279.24it/s]
 45%|████▌     | 3996/8810 [00:13<00:13, 344.15it/s]
 46%|████▌     | 4054/8810 [00:13<00:11, 401.51it/s]
 46%|████▋     | 4096/8810 [00:13<00:12, 387.16it/s]
 47%|████▋     | 4146/8810 [00:13<00:11, 408.54it/s]
 48%|████▊     | 4188/8810 [00:14<00:16, 284.70it/s]
 48%|████▊     | 4236/8810 [00:14<00:14, 324.68it/s]
 49%|████▊     | 4280/8810 [00:14<00:12, 350.69it/s]
 49%|████▉     | 4320/8810 [00:14<00:13, 334.12it/s]
 50%|████▉     | 4362/8810 [00:14<00:12, 352.86it/s]
 50%|████▉     | 4400/8810 [00:14<00:12, 349.95it/s]
 50%|█████     | 4437/8810 [00:14<00:13, 314.58it/s]
 51%|█████     | 4471/8810 [00:15<00:17, 252.99it/s]
 51%|█████     | 4500/8810 [00:15<00:22, 194.01it/s]
 51%|█████▏    | 4524/8810 [00:15<00:21, 201.01it/s]
 52%|█████▏    | 4548/8810 [00:15<00:26, 161.72it/s]
 52%|█████▏    | 4569/8810 [00:15<00:25, 169.10it/s]
 52%|█████▏    | 4589/8810 [00:15<00:25, 165.06it/s]
 52%|█████▏    | 4625/8810 [00:16<00:26, 159.87it/s]
 53%|█████▎    | 4663/8810 [00:16<00:20, 199.21it/s]
 53%|█████▎    | 4686/8810 [00:16<00:24, 169.61it/s]
 53%|█████▎    | 4713/8810 [00:16<00:21, 188.97it/s]
 54%|█████▍    | 4739/8810 [00:16<00:20, 202.50it/s]
 54%|█████▍    | 4788/8810 [00:16<00:15, 254.71it/s]
 55%|█████▍    | 4816/8810 [00:16<00:15, 257.36it/s]
 55%|█████▍    | 4844/8810 [00:16<00:16, 238.41it/s]
 55%|█████▌    | 4872/8810 [00:17<00:16, 242.47it/s]
 56%|█████▌    | 4908/8810 [00:17<00:14, 268.92it/s]
 56%|█████▌    | 4936/8810 [00:17<00:21, 183.07it/s]
 56%|█████▋    | 4972/8810 [00:17<00:17, 215.67it/s]
 57%|█████▋    | 5020/8810 [00:17<00:14, 268.12it/s]
 57%|█████▋    | 5053/8810 [00:17<00:13, 278.61it/s]
 58%|█████▊    | 5085/8810 [00:17<00:13, 274.89it/s]
 58%|█████▊    | 5121/8810 [00:18<00:12, 295.64it/s]
 59%|█████▊    | 5166/8810 [00:18<00:10, 332.62it/s]
 59%|█████▉    | 5201/8810 [00:18<00:11, 303.99it/s]
 59%|█████▉    | 5233/8810 [00:18<00:12, 295.14it/s]
 60%|█████▉    | 5269/8810 [00:18<00:11, 303.52it/s]
 60%|██████    | 5306/8810 [00:18<00:11, 314.20it/s]
 61%|██████    | 5339/8810 [00:18<00:13, 262.91it/s]
 61%|██████    | 5372/8810 [00:19<00:16, 208.45it/s]
 61%|██████    | 5396/8810 [00:19<00:16, 208.60it/s]
 62%|██████▏   | 5419/8810 [00:19<00:16, 210.50it/s]
 62%|██████▏   | 5466/8810 [00:19<00:12, 261.51it/s]
 62%|██████▏   | 5503/8810 [00:19<00:12, 266.63it/s]
 63%|██████▎   | 5537/8810 [00:19<00:11, 280.04it/s]
 63%|██████▎   | 5567/8810 [00:19<00:13, 245.45it/s]
 64%|██████▎   | 5597/8810 [00:19<00:12, 254.56it/s]
 64%|██████▍   | 5628/8810 [00:19<00:11, 268.40it/s]
 64%|██████▍   | 5656/8810 [00:20<00:12, 260.92it/s]
 65%|██████▍   | 5687/8810 [00:20<00:11, 272.54it/s]
 65%|██████▍   | 5715/8810 [00:20<00:11, 262.24it/s]
 65%|██████▌   | 5746/8810 [00:20<00:11, 265.10it/s]
 66%|██████▌   | 5773/8810 [00:20<00:19, 156.41it/s]
 66%|██████▌   | 5795/8810 [00:20<00:18, 161.85it/s]
 66%|██████▌   | 5823/8810 [00:20<00:16, 185.82it/s]
 66%|██████▋   | 5846/8810 [00:21<00:16, 181.69it/s]
 67%|██████▋   | 5867/8810 [00:21<00:16, 174.51it/s]
 67%|██████▋   | 5887/8810 [00:21<00:17, 167.24it/s]
 67%|██████▋   | 5906/8810 [00:21<00:18, 155.02it/s]
 67%|██████▋   | 5923/8810 [00:21<00:20, 143.40it/s]
 68%|██████▊   | 5952/8810 [00:21<00:16, 176.03it/s]
 68%|██████▊   | 5982/8810 [00:21<00:13, 203.88it/s]
 68%|██████▊   | 6012/8810 [00:22<00:12, 222.82it/s]
 69%|██████▊   | 6036/8810 [00:22<00:18, 152.89it/s]
 69%|██████▉   | 6076/8810 [00:22<00:13, 199.76it/s]
 69%|██████▉   | 6101/8810 [00:22<00:14, 181.84it/s]
 70%|██████▉   | 6128/8810 [00:22<00:13, 200.59it/s]
 70%|██████▉   | 6152/8810 [00:22<00:13, 201.10it/s]
 70%|███████   | 6181/8810 [00:22<00:11, 222.26it/s]
 71%|███████   | 6222/8810 [00:22<00:09, 267.78it/s]
 71%|███████   | 6253/8810 [00:23<00:09, 276.13it/s]
 71%|███████▏  | 6288/8810 [00:23<00:08, 296.28it/s]
 72%|███████▏  | 6319/8810 [00:23<00:09, 269.06it/s]
 72%|███████▏  | 6348/8810 [00:23<00:09, 261.17it/s]
 72%|███████▏  | 6382/8810 [00:23<00:08, 276.95it/s]
 73%|███████▎  | 6411/8810 [00:23<00:13, 178.47it/s]
 73%|███████▎  | 6446/8810 [00:23<00:11, 212.32it/s]
 73%|███████▎  | 6473/8810 [00:24<00:10, 212.61it/s]
 74%|███████▍  | 6498/8810 [00:24<00:10, 214.46it/s]
 74%|███████▍  | 6547/8810 [00:24<00:08, 271.46it/s]
 75%|███████▍  | 6580/8810 [00:24<00:07, 285.52it/s]
 75%|███████▌  | 6620/8810 [00:24<00:06, 313.48it/s]
 76%|███████▌  | 6654/8810 [00:24<00:06, 313.08it/s]
 76%|███████▌  | 6713/8810 [00:24<00:05, 385.91it/s]
 77%|███████▋  | 6753/8810 [00:24<00:05, 386.94it/s]
 77%|███████▋  | 6793/8810 [00:24<00:05, 376.07it/s]
 78%|███████▊  | 6846/8810 [00:25<00:04, 414.61it/s]
 78%|███████▊  | 6893/8810 [00:25<00:04, 427.43it/s]
 79%|███████▊  | 6937/8810 [00:25<00:04, 423.20it/s]
 79%|███████▉  | 6980/8810 [00:25<00:05, 318.09it/s]
 80%|███████▉  | 7016/8810 [00:25<00:05, 324.67it/s]
 80%|████████  | 7052/8810 [00:25<00:05, 327.76it/s]
 81%|████████  | 7093/8810 [00:25<00:04, 348.34it/s]
 81%|████████  | 7131/8810 [00:25<00:04, 354.38it/s]
 81%|████████▏ | 7168/8810 [00:26<00:04, 339.36it/s]
 82%|████████▏ | 7203/8810 [00:26<00:04, 326.78it/s]
 82%|████████▏ | 7240/8810 [00:26<00:04, 337.23it/s]
 83%|████████▎ | 7282/8810 [00:26<00:04, 357.18it/s]
 83%|████████▎ | 7334/8810 [00:26<00:03, 390.12it/s]
 84%|████████▎ | 7374/8810 [00:26<00:05, 284.92it/s]
 84%|████████▍ | 7419/8810 [00:26<00:04, 318.48it/s]
 85%|████████▍ | 7455/8810 [00:26<00:04, 297.69it/s]
 85%|████████▍ | 7488/8810 [00:27<00:04, 281.04it/s]
 85%|████████▌ | 7519/8810 [00:27<00:04, 261.86it/s]
 86%|████████▌ | 7547/8810 [00:27<00:04, 265.91it/s]
 86%|████████▋ | 7603/8810 [00:27<00:03, 338.21it/s]
 87%|████████▋ | 7645/8810 [00:27<00:03, 359.10it/s]
 87%|████████▋ | 7683/8810 [00:27<00:03, 335.67it/s]
 88%|████████▊ | 7718/8810 [00:27<00:04, 249.55it/s]
 88%|████████▊ | 7754/8810 [00:27<00:03, 270.80it/s]
 88%|████████▊ | 7785/8810 [00:28<00:03, 266.63it/s]
 89%|████████▉ | 7822/8810 [00:28<00:03, 290.31it/s]
 89%|████████▉ | 7854/8810 [00:28<00:03, 288.88it/s]
 90%|████████▉ | 7909/8810 [00:28<00:02, 345.46it/s]
 90%|█████████ | 7945/8810 [00:28<00:02, 338.98it/s]
 91%|█████████ | 7980/8810 [00:28<00:02, 318.88it/s]
 91%|█████████ | 8013/8810 [00:28<00:02, 299.50it/s]
 91%|█████████▏| 8044/8810 [00:29<00:03, 228.63it/s]
 92%|█████████▏| 8087/8810 [00:29<00:02, 271.60it/s]
 92%|█████████▏| 8118/8810 [00:29<00:02, 272.98it/s]
 93%|█████████▎| 8152/8810 [00:29<00:02, 285.27it/s]
 93%|█████████▎| 8189/8810 [00:29<00:02, 302.16it/s]
 93%|█████████▎| 8221/8810 [00:29<00:02, 282.47it/s]
 94%|█████████▍| 8275/8810 [00:29<00:01, 344.83it/s]
 94%|█████████▍| 8314/8810 [00:29<00:01, 355.20it/s]
 95%|█████████▍| 8351/8810 [00:29<00:01, 356.28it/s]
 95%|█████████▌| 8388/8810 [00:30<00:01, 249.00it/s]
 96%|█████████▌| 8424/8810 [00:30<00:01, 266.63it/s]
 96%|█████████▌| 8461/8810 [00:30<00:01, 289.42it/s]
 96%|█████████▋| 8498/8810 [00:30<00:01, 297.50it/s]
 97%|█████████▋| 8544/8810 [00:30<00:00, 336.75it/s]
 97%|█████████▋| 8587/8810 [00:30<00:00, 356.33it/s]
 98%|█████████▊| 8625/8810 [00:30<00:00, 328.43it/s]
 98%|█████████▊| 8660/8810 [00:30<00:00, 320.19it/s]
 99%|█████████▉| 8702/8810 [00:31<00:00, 272.85it/s]
 99%|█████████▉| 8739/8810 [00:31<00:00, 291.11it/s]
100%|█████████▉| 8787/8810 [00:31<00:00, 336.89it/s]
100%|██████████| 8810/8810 [00:31<00:00, 280.24it/s]
