
  0%|          | 0/8810 [00:00<?, ?it/s]
  1%|          | 82/8810 [00:00<00:10, 798.65it/s]
  2%|▏         | 181/8810 [00:00<00:10, 833.98it/s]
  4%|▎         | 314/8810 [00:00<00:08, 1046.57it/s]
  5%|▍         | 420/8810 [00:00<00:08, 965.23it/s] 
  6%|▌         | 518/8810 [00:00<00:08, 958.25it/s]
  7%|▋         | 618/8810 [00:00<00:08, 959.66it/s]
  8%|▊         | 715/8810 [00:00<00:09, 815.14it/s]
  9%|▉         | 827/8810 [00:00<00:08, 894.74it/s]
 11%|█         | 927/8810 [00:01<00:08, 923.82it/s]
 12%|█▏        | 1023/8810 [00:01<00:09, 811.71it/s]
 13%|█▎        | 1124/8810 [00:01<00:08, 860.59it/s]
 14%|█▍        | 1226/8810 [00:01<00:08, 902.60it/s]
 15%|█▌        | 1332/8810 [00:01<00:07, 943.76it/s]
 16%|█▋        | 1433/8810 [00:01<00:07, 959.87it/s]
 17%|█▋        | 1531/8810 [00:01<00:08, 840.55it/s]
 19%|█▊        | 1648/8810 [00:01<00:07, 925.40it/s]
 20%|██        | 1762/8810 [00:01<00:07, 983.79it/s]
 21%|██        | 1864/8810 [00:02<00:09, 738.88it/s]
 22%|██▏       | 1970/8810 [00:02<00:08, 809.50it/s]
 23%|██▎       | 2068/8810 [00:02<00:07, 849.52it/s]
 25%|██▍       | 2179/8810 [00:02<00:07, 916.61it/s]
 26%|██▌       | 2278/8810 [00:02<00:09, 713.74it/s]
 27%|██▋       | 2382/8810 [00:02<00:08, 781.07it/s]
 29%|██▊       | 2516/8810 [00:02<00:06, 916.75it/s]
 30%|███       | 2643/8810 [00:02<00:06, 1002.09it/s]
 31%|███       | 2752/8810 [00:03<00:07, 864.05it/s] 
 32%|███▏      | 2848/8810 [00:03<00:06, 862.46it/s]
 33%|███▎      | 2941/8810 [00:03<00:06, 841.62it/s]
 35%|███▍      | 3045/8810 [00:03<00:06, 890.48it/s]
 36%|███▌      | 3138/8810 [00:03<00:08, 644.14it/s]
 36%|███▋      | 3215/8810 [00:03<00:09, 591.35it/s]
 37%|███▋      | 3283/8810 [00:04<00:09, 563.59it/s]
 38%|███▊      | 3381/8810 [00:04<00:08, 653.74it/s]
 39%|███▉      | 3454/8810 [00:04<00:08, 629.99it/s]
 40%|████      | 3554/8810 [00:04<00:07, 715.51it/s]
 41%|████▏     | 3640/8810 [00:04<00:06, 752.19it/s]
 43%|████▎     | 3760/8810 [00:04<00:05, 868.14it/s]
 44%|████▎     | 3852/8810 [00:04<00:06, 764.31it/s]
 45%|████▍     | 3951/8810 [00:04<00:05, 811.26it/s]
 46%|████▋     | 4096/8810 [00:04<00:04, 977.90it/s]
 48%|████▊     | 4199/8810 [00:05<00:05, 862.06it/s]
 49%|████▉     | 4308/8810 [00:05<00:04, 915.39it/s]
 50%|█████     | 4436/8810 [00:05<00:04, 1008.82it/s]
 52%|█████▏    | 4542/8810 [00:05<00:04, 1020.10it/s]
 53%|█████▎    | 4648/8810 [00:05<00:04, 908.40it/s] 
 54%|█████▍    | 4744/8810 [00:05<00:04, 849.75it/s]
 55%|█████▍    | 4844/8810 [00:05<00:04, 888.00it/s]
 56%|█████▌    | 4936/8810 [00:05<00:04, 777.22it/s]
 57%|█████▋    | 5052/8810 [00:06<00:04, 866.75it/s]
 59%|█████▊    | 5168/8810 [00:06<00:03, 942.57it/s]
 60%|█████▉    | 5277/8810 [00:06<00:03, 981.24it/s]
 61%|██████    | 5379/8810 [00:06<00:04, 822.89it/s]
 62%|██████▏   | 5469/8810 [00:06<00:03, 839.49it/s]
 63%|██████▎   | 5577/8810 [00:06<00:03, 899.31it/s]
 65%|██████▍   | 5704/8810 [00:06<00:03, 999.48it/s]
 66%|██████▌   | 5808/8810 [00:06<00:03, 937.02it/s]
 67%|██████▋   | 5906/8810 [00:06<00:03, 851.86it/s]
 68%|██████▊   | 5995/8810 [00:07<00:03, 841.99it/s]
 69%|██████▉   | 6082/8810 [00:07<00:03, 791.61it/s]
 70%|███████   | 6173/8810 [00:07<00:03, 821.74it/s]
 71%|███████▏  | 6280/8810 [00:07<00:02, 886.09it/s]
 72%|███████▏  | 6371/8810 [00:07<00:02, 867.28it/s]
 73%|███████▎  | 6460/8810 [00:07<00:03, 698.97it/s]
 74%|███████▍  | 6560/8810 [00:07<00:02, 770.51it/s]
 76%|███████▌  | 6700/8810 [00:07<00:02, 928.53it/s]
 77%|███████▋  | 6800/8810 [00:08<00:02, 907.93it/s]
 79%|███████▊  | 6920/8810 [00:08<00:01, 967.35it/s]
 80%|███████▉  | 7021/8810 [00:08<00:02, 825.40it/s]
 81%|████████  | 7130/8810 [00:08<00:01, 885.44it/s]
 82%|████████▏ | 7224/8810 [00:08<00:01, 861.10it/s]
 83%|████████▎ | 7334/8810 [00:08<00:01, 916.88it/s]
 84%|████████▍ | 7429/8810 [00:08<00:01, 851.94it/s]
 85%|████████▌ | 7517/8810 [00:08<00:01, 767.70it/s]
 86%|████████▋ | 7610/8810 [00:08<00:01, 806.37it/s]
 87%|████████▋ | 7694/8810 [00:09<00:01, 807.24it/s]
 88%|████████▊ | 7777/8810 [00:09<00:01, 693.14it/s]
 89%|████████▉ | 7860/8810 [00:09<00:01, 725.42it/s]
 90%|█████████ | 7957/8810 [00:09<00:01, 782.10it/s]
 91%|█████████ | 8039/8810 [00:09<00:01, 688.06it/s]
 92%|█████████▏| 8144/8810 [00:09<00:00, 778.21it/s]
 93%|█████████▎| 8227/8810 [00:09<00:00, 772.13it/s]
 95%|█████████▍| 8336/8810 [00:09<00:00, 854.13it/s]
 96%|█████████▌| 8425/8810 [00:10<00:00, 705.09it/s]
 97%|█████████▋| 8539/8810 [00:10<00:00, 808.39it/s]
 98%|█████████▊| 8627/8810 [00:10<00:00, 803.73it/s]
 99%|█████████▉| 8712/8810 [00:10<00:00, 704.07it/s]
100%|██████████| 8810/8810 [00:10<00:00, 833.17it/s]
