
  0%|          | 0/8810 [00:00<?, ?it/s]
  2%|▏         | 179/8810 [00:00<00:04, 1773.05it/s]
  4%|▍         | 357/8810 [00:00<00:06, 1395.25it/s]
  6%|▋         | 568/8810 [00:00<00:04, 1673.90it/s]
  8%|▊         | 743/8810 [00:00<00:06, 1336.60it/s]
 10%|█         | 905/8810 [00:00<00:05, 1414.72it/s]
 12%|█▏        | 1056/8810 [00:00<00:05, 1316.07it/s]
 14%|█▍        | 1233/8810 [00:00<00:05, 1434.31it/s]
 16%|█▌        | 1383/8810 [00:00<00:05, 1451.01it/s]
 17%|█▋        | 1533/8810 [00:01<00:05, 1291.33it/s]
 19%|█▉        | 1713/8810 [00:01<00:04, 1422.66it/s]
 21%|██        | 1862/8810 [00:01<00:05, 1192.59it/s]
 23%|██▎       | 2028/8810 [00:01<00:05, 1306.56it/s]
 25%|██▌       | 2205/8810 [00:01<00:04, 1425.16it/s]
 27%|██▋       | 2357/8810 [00:01<00:05, 1235.76it/s]
 29%|██▊       | 2518/8810 [00:01<00:04, 1324.84it/s]
 30%|███       | 2676/8810 [00:01<00:04, 1387.00it/s]
 32%|███▏      | 2822/8810 [00:02<00:04, 1212.11it/s]
 34%|███▎      | 2970/8810 [00:02<00:04, 1278.28it/s]
 35%|███▌      | 3105/8810 [00:02<00:04, 1151.88it/s]
 37%|███▋      | 3230/8810 [00:02<00:04, 1174.01it/s]
 38%|███▊      | 3353/8810 [00:02<00:04, 1125.36it/s]
 39%|███▉      | 3470/8810 [00:02<00:05, 970.23it/s] 
 41%|████      | 3589/8810 [00:02<00:05, 1020.57it/s]
 42%|████▏     | 3724/8810 [00:02<00:04, 1101.65it/s]
 44%|████▎     | 3839/8810 [00:03<00:04, 1030.46it/s]
 45%|████▌     | 3973/8810 [00:03<00:04, 1109.25it/s]
 47%|████▋     | 4154/8810 [00:03<00:03, 1296.93it/s]
 49%|████▊     | 4289/8810 [00:03<00:03, 1216.43it/s]
 50%|█████     | 4444/8810 [00:03<00:03, 1304.33it/s]
 52%|█████▏    | 4579/8810 [00:03<00:03, 1226.25it/s]
 53%|█████▎    | 4705/8810 [00:03<00:03, 1116.69it/s]
 55%|█████▍    | 4844/8810 [00:03<00:03, 1186.01it/s]
 56%|█████▋    | 4967/8810 [00:04<00:03, 1050.35it/s]
 58%|█████▊    | 5105/8810 [00:04<00:03, 1133.23it/s]
 60%|█████▉    | 5244/8810 [00:04<00:02, 1200.38it/s]
 61%|██████    | 5372/8810 [00:04<00:03, 1098.20it/s]
 62%|██████▏   | 5489/8810 [00:04<00:02, 1115.28it/s]
 64%|██████▍   | 5637/8810 [00:04<00:02, 1212.62it/s]
 65%|██████▌   | 5762/8810 [00:04<00:02, 1166.35it/s]
 67%|██████▋   | 5882/8810 [00:04<00:02, 1164.69it/s]
 68%|██████▊   | 6001/8810 [00:04<00:02, 1086.52it/s]
 69%|██████▉   | 6112/8810 [00:05<00:02, 1004.25it/s]
 71%|███████   | 6249/8810 [00:05<00:02, 1098.43it/s]
 72%|███████▏  | 6365/8810 [00:05<00:02, 1110.83it/s]
 74%|███████▎  | 6479/8810 [00:05<00:02, 998.69it/s] 
 76%|███████▌  | 6652/8810 [00:05<00:01, 1187.64it/s]
 77%|███████▋  | 6817/8810 [00:05<00:01, 1313.26it/s]
 79%|███████▉  | 6972/8810 [00:05<00:01, 1234.04it/s]
 81%|████████  | 7111/8810 [00:05<00:01, 1271.07it/s]
 82%|████████▏ | 7244/8810 [00:05<00:01, 1283.76it/s]
 84%|████████▎ | 7376/8810 [00:06<00:01, 1230.12it/s]
 85%|████████▌ | 7502/8810 [00:06<00:01, 1220.03it/s]
 87%|████████▋ | 7669/8810 [00:06<00:00, 1325.57it/s]
 89%|████████▊ | 7803/8810 [00:06<00:00, 1194.47it/s]
 90%|█████████ | 7948/8810 [00:06<00:00, 1262.02it/s]
 92%|█████████▏| 8078/8810 [00:06<00:00, 1114.01it/s]
 93%|█████████▎| 8215/8810 [00:06<00:00, 1177.61it/s]
 95%|█████████▍| 8361/8810 [00:06<00:00, 1165.77it/s]
 97%|█████████▋| 8505/8810 [00:06<00:00, 1234.68it/s]
 99%|█████████▊| 8692/8810 [00:07<00:00, 1402.93it/s]
100%|██████████| 8810/8810 [00:07<00:00, 1220.72it/s]
