
  0%|          | 0/8810 [00:00<?, ?it/s]
  2%|▏         | 181/8810 [00:00<00:06, 1339.72it/s]
  5%|▍         | 412/8810 [00:00<00:04, 1829.50it/s]
  7%|▋         | 652/8810 [00:00<00:03, 2062.71it/s]
 10%|▉         | 864/8810 [00:00<00:04, 1754.57it/s]
 12%|█▏        | 1048/8810 [00:00<00:04, 1633.33it/s]
 14%|█▍        | 1251/8810 [00:00<00:04, 1748.12it/s]
 16%|█▋        | 1444/8810 [00:00<00:04, 1801.29it/s]
 18%|█▊        | 1629/8810 [00:00<00:04, 1610.74it/s]
 20%|██        | 1805/8810 [00:01<00:04, 1647.39it/s]
 22%|██▏       | 1975/8810 [00:01<00:05, 1335.28it/s]
 25%|██▍       | 2175/8810 [00:01<00:04, 1493.89it/s]
 27%|██▋       | 2337/8810 [00:01<00:04, 1348.83it/s]
 29%|██▉       | 2552/8810 [00:01<00:04, 1544.72it/s]
 31%|███       | 2744/8810 [00:01<00:04, 1504.30it/s]
 33%|███▎      | 2922/8810 [00:01<00:03, 1570.43it/s]
 35%|███▌      | 3087/8810 [00:01<00:03, 1502.85it/s]
 37%|███▋      | 3269/8810 [00:02<00:03, 1583.25it/s]
 39%|███▉      | 3432/8810 [00:02<00:03, 1534.41it/s]
 41%|████      | 3618/8810 [00:02<00:03, 1620.12it/s]
 43%|████▎     | 3784/8810 [00:02<00:03, 1572.51it/s]
 45%|████▌     | 3973/8810 [00:02<00:02, 1658.52it/s]
 47%|████▋     | 4180/8810 [00:02<00:02, 1638.42it/s]
 50%|████▉     | 4402/8810 [00:02<00:02, 1791.36it/s]
 52%|█████▏    | 4584/8810 [00:02<00:02, 1781.29it/s]
 54%|█████▍    | 4764/8810 [00:02<00:02, 1645.68it/s]
 56%|█████▌    | 4932/8810 [00:03<00:02, 1477.38it/s]
 59%|█████▊    | 5170/8810 [00:03<00:02, 1707.58it/s]
 61%|██████    | 5372/8810 [00:03<00:02, 1637.00it/s]
 63%|██████▎   | 5581/8810 [00:03<00:01, 1753.20it/s]
 65%|██████▌   | 5762/8810 [00:03<00:01, 1674.41it/s]
 67%|██████▋   | 5934/8810 [00:03<00:01, 1558.76it/s]
 69%|██████▉   | 6094/8810 [00:03<00:01, 1459.77it/s]
 71%|███████   | 6243/8810 [00:03<00:01, 1466.69it/s]
 73%|███████▎  | 6392/8810 [00:04<00:01, 1467.73it/s]
 74%|███████▍  | 6541/8810 [00:04<00:01, 1302.94it/s]
 76%|███████▋  | 6727/8810 [00:04<00:01, 1446.49it/s]
 78%|███████▊  | 6895/8810 [00:04<00:01, 1508.78it/s]
 80%|████████  | 7051/8810 [00:04<00:01, 1347.27it/s]
 82%|████████▏ | 7198/8810 [00:04<00:01, 1376.03it/s]
 83%|████████▎ | 7351/8810 [00:04<00:01, 1411.18it/s]
 85%|████████▌ | 7496/8810 [00:04<00:01, 1239.83it/s]
 87%|████████▋ | 7668/8810 [00:04<00:00, 1355.65it/s]
 89%|████████▊ | 7810/8810 [00:05<00:00, 1212.76it/s]
 90%|█████████ | 7938/8810 [00:05<00:00, 1190.57it/s]
 92%|█████████▏| 8062/8810 [00:05<00:00, 1011.92it/s]
 93%|█████████▎| 8197/8810 [00:05<00:00, 1089.28it/s]
 95%|█████████▍| 8339/8810 [00:05<00:00, 1170.27it/s]
 96%|█████████▌| 8463/8810 [00:05<00:00, 1075.66it/s]
 98%|█████████▊| 8624/8810 [00:05<00:00, 1206.53it/s]
 99%|█████████▉| 8751/8810 [00:05<00:00, 1131.02it/s]
100%|██████████| 8810/8810 [00:06<00:00, 1463.64it/s]
