
  0%|          | 0/8810 [00:00<?, ?it/s]
  2%|▏         | 181/8810 [00:00<00:06, 1364.03it/s]
  5%|▍         | 412/8810 [00:00<00:04, 1849.21it/s]
  7%|▋         | 656/8810 [00:00<00:04, 1848.82it/s]
 10%|▉         | 845/8810 [00:00<00:04, 1824.59it/s]
 12%|█▏        | 1030/8810 [00:00<00:04, 1726.64it/s]
 14%|█▍        | 1254/8810 [00:00<00:04, 1880.91it/s]
 17%|█▋        | 1457/8810 [00:00<00:04, 1760.30it/s]
 19%|█▉        | 1659/8810 [00:00<00:03, 1832.48it/s]
 21%|██        | 1846/8810 [00:01<00:04, 1695.13it/s]
 23%|██▎       | 2053/8810 [00:01<00:03, 1795.06it/s]
 25%|██▌       | 2240/8810 [00:01<00:03, 1804.06it/s]
 28%|██▊       | 2423/8810 [00:01<00:03, 1711.73it/s]
 30%|███       | 2653/8810 [00:01<00:03, 1867.66it/s]
 32%|███▏      | 2843/8810 [00:01<00:03, 1585.02it/s]
 34%|███▍      | 3011/8810 [00:01<00:03, 1563.37it/s]
 36%|███▌      | 3174/8810 [00:01<00:03, 1439.71it/s]
 38%|███▊      | 3336/8810 [00:01<00:03, 1479.70it/s]
 40%|███▉      | 3489/8810 [00:02<00:03, 1374.98it/s]
 42%|████▏     | 3688/8810 [00:02<00:03, 1530.54it/s]
 44%|████▎     | 3847/8810 [00:02<00:03, 1394.39it/s]
 46%|████▌     | 4027/8810 [00:02<00:03, 1496.22it/s]
 47%|████▋     | 4182/8810 [00:02<00:03, 1426.48it/s]
 49%|████▉     | 4360/8810 [00:02<00:02, 1516.25it/s]
 51%|█████▏    | 4522/8810 [00:02<00:02, 1536.35it/s]
 53%|█████▎    | 4679/8810 [00:02<00:02, 1388.38it/s]
 55%|█████▍    | 4823/8810 [00:03<00:02, 1399.57it/s]
 56%|█████▋    | 4967/8810 [00:03<00:03, 1224.07it/s]
 59%|█████▊    | 5156/8810 [00:03<00:02, 1391.63it/s]
 60%|██████    | 5323/8810 [00:03<00:02, 1462.80it/s]
 62%|██████▏   | 5475/8810 [00:03<00:02, 1403.24it/s]
 64%|██████▍   | 5652/8810 [00:03<00:02, 1500.55it/s]
 66%|██████▌   | 5806/8810 [00:03<00:02, 1384.76it/s]
 68%|██████▊   | 5949/8810 [00:03<00:02, 1298.09it/s]
 69%|██████▉   | 6083/8810 [00:03<00:02, 1287.83it/s]
 71%|███████   | 6223/8810 [00:04<00:01, 1311.00it/s]
 72%|███████▏  | 6366/8810 [00:04<00:01, 1343.63it/s]
 74%|███████▍  | 6502/8810 [00:04<00:01, 1258.53it/s]
 76%|███████▌  | 6717/8810 [00:04<00:01, 1501.56it/s]
 78%|███████▊  | 6887/8810 [00:04<00:01, 1554.49it/s]
 80%|███████▉  | 7046/8810 [00:04<00:01, 1474.28it/s]
 82%|████████▏ | 7213/8810 [00:04<00:01, 1525.46it/s]
 84%|████████▎ | 7368/8810 [00:04<00:00, 1463.83it/s]
 85%|████████▌ | 7517/8810 [00:04<00:00, 1456.61it/s]
 88%|████████▊ | 7715/8810 [00:05<00:00, 1522.44it/s]
 90%|████████▉ | 7921/8810 [00:05<00:00, 1670.46it/s]
 92%|█████████▏| 8090/8810 [00:05<00:00, 1463.64it/s]
 94%|█████████▎| 8242/8810 [00:05<00:00, 1467.59it/s]
 95%|█████████▌| 8393/8810 [00:05<00:00, 1381.16it/s]
 97%|█████████▋| 8575/8810 [00:05<00:00, 1494.99it/s]
 99%|█████████▉| 8729/8810 [00:05<00:00, 1369.93it/s]
100%|██████████| 8810/8810 [00:05<00:00, 1512.78it/s]
