
  0%|          | 0/8810 [00:00<?, ?it/s]
  1%|          | 102/8810 [00:00<00:08, 1017.41it/s]
  2%|▏         | 204/8810 [00:00<00:10, 824.66it/s] 
  4%|▎         | 329/8810 [00:00<00:08, 994.43it/s]
  5%|▍         | 432/8810 [00:00<00:08, 994.06it/s]
  7%|▋         | 584/8810 [00:00<00:07, 1172.93it/s]
  8%|▊         | 704/8810 [00:00<00:08, 976.92it/s] 
  9%|▉         | 820/8810 [00:00<00:07, 1019.66it/s]
 11%|█         | 927/8810 [00:00<00:07, 1022.90it/s]
 12%|█▏        | 1033/8810 [00:01<00:08, 934.00it/s]
 13%|█▎        | 1130/8810 [00:01<00:08, 936.36it/s]
 14%|█▍        | 1250/8810 [00:01<00:07, 1005.56it/s]
 15%|█▌        | 1353/8810 [00:01<00:07, 970.35it/s] 
 17%|█▋        | 1457/8810 [00:01<00:07, 921.70it/s]
 18%|█▊        | 1562/8810 [00:01<00:07, 953.11it/s]
 19%|█▉        | 1698/8810 [00:01<00:06, 1058.23it/s]
 21%|██        | 1821/8810 [00:01<00:07, 953.38it/s] 
 22%|██▏       | 1920/8810 [00:01<00:07, 952.60it/s]
 23%|██▎       | 2049/8810 [00:02<00:06, 1040.86it/s]
 25%|██▍       | 2176/8810 [00:02<00:06, 1102.69it/s]
 26%|██▌       | 2289/8810 [00:02<00:07, 919.45it/s] 
 27%|██▋       | 2388/8810 [00:02<00:07, 864.69it/s]
 28%|██▊       | 2501/8810 [00:02<00:06, 927.68it/s]
 30%|██▉       | 2627/8810 [00:02<00:06, 1001.00it/s]
 31%|███       | 2733/8810 [00:02<00:06, 1010.77it/s]
 32%|███▏      | 2837/8810 [00:02<00:07, 809.06it/s] 
 33%|███▎      | 2936/8810 [00:03<00:06, 848.23it/s]
 35%|███▍      | 3041/8810 [00:03<00:06, 898.80it/s]
 36%|███▌      | 3137/8810 [00:03<00:07, 756.97it/s]
 37%|███▋      | 3220/8810 [00:03<00:07, 724.06it/s]
 38%|███▊      | 3318/8810 [00:03<00:07, 781.75it/s]
 39%|███▊      | 3410/8810 [00:03<00:07, 709.95it/s]
 40%|████      | 3525/8810 [00:03<00:06, 812.47it/s]
 41%|████▏     | 3648/8810 [00:03<00:05, 918.37it/s]
 43%|████▎     | 3772/8810 [00:04<00:05, 1001.53it/s]
 44%|████▍     | 3878/8810 [00:04<00:06, 752.52it/s] 
 45%|████▌     | 3966/8810 [00:04<00:06, 736.23it/s]
 46%|████▌     | 4055/8810 [00:04<00:06, 771.93it/s]
 47%|████▋     | 4140/8810 [00:04<00:05, 783.87it/s]
 48%|████▊     | 4224/8810 [00:04<00:08, 522.70it/s]
 49%|████▊     | 4291/8810 [00:05<00:08, 521.89it/s]
 49%|████▉     | 4357/8810 [00:05<00:08, 544.87it/s]
 50%|█████     | 4420/8810 [00:05<00:08, 532.90it/s]
 51%|█████     | 4479/8810 [00:05<00:08, 537.17it/s]
 52%|█████▏    | 4549/8810 [00:05<00:07, 572.78it/s]
 52%|█████▏    | 4610/8810 [00:05<00:07, 551.49it/s]
 53%|█████▎    | 4668/8810 [00:05<00:07, 556.04it/s]
 54%|█████▎    | 4726/8810 [00:05<00:07, 540.41it/s]
 55%|█████▍    | 4839/8810 [00:05<00:05, 698.33it/s]
 56%|█████▌    | 4912/8810 [00:06<00:05, 683.88it/s]
 57%|█████▋    | 4983/8810 [00:06<00:07, 513.87it/s]
 57%|█████▋    | 5042/8810 [00:06<00:07, 495.63it/s]
 58%|█████▊    | 5114/8810 [00:06<00:06, 547.57it/s]
 59%|█████▉    | 5182/8810 [00:06<00:06, 572.83it/s]
 60%|█████▉    | 5244/8810 [00:06<00:06, 578.19it/s]
 61%|██████    | 5372/8810 [00:06<00:05, 656.05it/s]
 62%|██████▏   | 5444/8810 [00:06<00:05, 666.68it/s]
 63%|██████▎   | 5549/8810 [00:07<00:04, 765.99it/s]
 64%|██████▍   | 5628/8810 [00:07<00:04, 763.86it/s]
 65%|██████▍   | 5706/8810 [00:07<00:04, 710.98it/s]
 66%|██████▌   | 5779/8810 [00:07<00:05, 527.94it/s]
 66%|██████▋   | 5848/8810 [00:07<00:05, 562.88it/s]
 67%|██████▋   | 5911/8810 [00:07<00:06, 440.44it/s]
 68%|██████▊   | 5964/8810 [00:07<00:06, 446.39it/s]
 68%|██████▊   | 6031/8810 [00:08<00:05, 493.07it/s]
 69%|██████▉   | 6086/8810 [00:08<00:06, 405.17it/s]
 70%|██████▉   | 6133/8810 [00:08<00:06, 405.18it/s]
 70%|███████   | 6181/8810 [00:08<00:06, 422.01it/s]
 71%|███████   | 6231/8810 [00:08<00:05, 441.16it/s]
 72%|███████▏  | 6301/8810 [00:08<00:04, 506.01it/s]
 72%|███████▏  | 6359/8810 [00:08<00:04, 522.22it/s]
 73%|███████▎  | 6414/8810 [00:09<00:05, 406.93it/s]
 73%|███████▎  | 6460/8810 [00:09<00:05, 403.09it/s]
 74%|███████▍  | 6504/8810 [00:09<00:05, 393.21it/s]
 75%|███████▍  | 6576/8810 [00:09<00:04, 474.39it/s]
 75%|███████▌  | 6637/8810 [00:09<00:04, 508.33it/s]
 76%|███████▋  | 6724/8810 [00:09<00:03, 598.98it/s]
 77%|███████▋  | 6787/8810 [00:09<00:04, 469.96it/s]
 78%|███████▊  | 6840/8810 [00:09<00:04, 431.84it/s]
 78%|███████▊  | 6888/8810 [00:10<00:04, 427.28it/s]
 79%|███████▊  | 6937/8810 [00:10<00:04, 431.78it/s]
 79%|███████▉  | 6983/8810 [00:10<00:06, 279.58it/s]
 80%|███████▉  | 7019/8810 [00:10<00:08, 212.74it/s]
 80%|████████  | 7048/8810 [00:10<00:08, 214.95it/s]
 80%|████████  | 7075/8810 [00:11<00:08, 210.95it/s]
 81%|████████  | 7100/8810 [00:11<00:07, 217.31it/s]
 81%|████████  | 7125/8810 [00:11<00:08, 202.46it/s]
 81%|████████  | 7152/8810 [00:11<00:07, 213.18it/s]
 81%|████████▏ | 7175/8810 [00:11<00:08, 204.21it/s]
 82%|████████▏ | 7201/8810 [00:11<00:07, 214.75it/s]
 82%|████████▏ | 7237/8810 [00:11<00:06, 250.03it/s]
 83%|████████▎ | 7281/8810 [00:11<00:05, 297.06it/s]
 83%|████████▎ | 7331/8810 [00:11<00:04, 351.27it/s]
 84%|████████▎ | 7368/8810 [00:12<00:05, 258.82it/s]
 84%|████████▍ | 7416/8810 [00:12<00:04, 301.08it/s]
 85%|████████▍ | 7451/8810 [00:12<00:04, 291.49it/s]
 85%|████████▍ | 7484/8810 [00:12<00:04, 271.61it/s]
 85%|████████▌ | 7514/8810 [00:12<00:05, 254.32it/s]
 86%|████████▌ | 7542/8810 [00:12<00:04, 259.19it/s]
 86%|████████▌ | 7596/8810 [00:12<00:03, 327.31it/s]
 87%|████████▋ | 7644/8810 [00:13<00:03, 364.26it/s]
 87%|████████▋ | 7683/8810 [00:13<00:03, 361.55it/s]
 88%|████████▊ | 7721/8810 [00:13<00:03, 295.56it/s]
 88%|████████▊ | 7761/8810 [00:13<00:03, 318.21it/s]
 89%|████████▊ | 7806/8810 [00:13<00:02, 350.98it/s]
 89%|████████▉ | 7852/8810 [00:13<00:02, 378.41it/s]
 90%|█████████ | 7930/8810 [00:13<00:01, 479.60it/s]
 91%|█████████ | 7980/8810 [00:13<00:01, 453.01it/s]
 91%|█████████ | 8031/8810 [00:13<00:01, 466.75it/s]
 92%|█████████▏| 8079/8810 [00:14<00:02, 349.33it/s]
 92%|█████████▏| 8120/8810 [00:14<00:01, 362.51it/s]
 93%|█████████▎| 8175/8810 [00:14<00:01, 407.90it/s]
 93%|█████████▎| 8220/8810 [00:14<00:01, 368.12it/s]
 94%|█████████▍| 8297/8810 [00:14<00:01, 466.66it/s]
 95%|█████████▍| 8354/8810 [00:14<00:00, 491.77it/s]
 95%|█████████▌| 8407/8810 [00:14<00:01, 349.02it/s]
 96%|█████████▌| 8468/8810 [00:15<00:00, 402.85it/s]
 97%|█████████▋| 8539/8810 [00:15<00:00, 464.85it/s]
 98%|█████████▊| 8627/8810 [00:15<00:00, 564.75it/s]
 99%|█████████▉| 8702/8810 [00:15<00:00, 553.84it/s]
100%|██████████| 8810/8810 [00:15<00:00, 566.95it/s]
