
  0%|          | 0/8810 [00:00<?, ?it/s]
  1%|          | 70/8810 [00:00<00:12, 685.56it/s]
  2%|▏         | 181/8810 [00:00<00:12, 716.36it/s]
  3%|▎         | 283/8810 [00:00<00:10, 831.10it/s]
  5%|▍         | 407/8810 [00:00<00:08, 967.26it/s]
  6%|▌         | 506/8810 [00:00<00:08, 964.36it/s]
  7%|▋         | 611/8810 [00:00<00:08, 988.83it/s]
  8%|▊         | 711/8810 [00:00<00:09, 855.59it/s]
  9%|▉         | 807/8810 [00:00<00:09, 881.81it/s]
 10%|█         | 898/8810 [00:01<00:09, 846.73it/s]
 11%|█         | 987/8810 [00:01<00:09, 853.82it/s]
 12%|█▏        | 1074/8810 [00:01<00:09, 795.41it/s]
 13%|█▎        | 1181/8810 [00:01<00:08, 868.70it/s]
 15%|█▍        | 1288/8810 [00:01<00:08, 923.78it/s]
 16%|█▌        | 1383/8810 [00:01<00:08, 888.94it/s]
 17%|█▋        | 1474/8810 [00:01<00:09, 759.30it/s]
 18%|█▊        | 1564/8810 [00:01<00:09, 788.98it/s]
 19%|█▉        | 1671/8810 [00:01<00:08, 860.40it/s]
 20%|██        | 1785/8810 [00:02<00:07, 936.37it/s]
 21%|██▏       | 1882/8810 [00:02<00:09, 737.51it/s]
 23%|██▎       | 1985/8810 [00:02<00:08, 806.60it/s]
 24%|██▎       | 2092/8810 [00:02<00:07, 872.39it/s]
 25%|██▌       | 2212/8810 [00:02<00:06, 958.26it/s]
 26%|██▋       | 2314/8810 [00:02<00:08, 784.84it/s]
 28%|██▊       | 2443/8810 [00:02<00:07, 901.69it/s]
 29%|██▉       | 2562/8810 [00:02<00:06, 973.19it/s]
 30%|███       | 2668/8810 [00:03<00:06, 994.95it/s]
 31%|███▏      | 2773/8810 [00:03<00:06, 916.66it/s]
 33%|███▎      | 2882/8810 [00:03<00:06, 960.61it/s]
 34%|███▍      | 2983/8810 [00:03<00:06, 930.43it/s]
 35%|███▍      | 3079/8810 [00:03<00:07, 798.72it/s]
 36%|███▌      | 3176/8810 [00:03<00:06, 837.55it/s]
 37%|███▋      | 3264/8810 [00:03<00:06, 822.87it/s]
 38%|███▊      | 3379/8810 [00:03<00:06, 903.92it/s]
 39%|███▉      | 3473/8810 [00:04<00:07, 761.62it/s]
 40%|████      | 3566/8810 [00:04<00:06, 802.97it/s]
 42%|████▏     | 3694/8810 [00:04<00:05, 925.67it/s]
 43%|████▎     | 3792/8810 [00:04<00:06, 827.31it/s]
 44%|████▍     | 3880/8810 [00:04<00:06, 799.31it/s]
 45%|████▌     | 3986/8810 [00:04<00:05, 863.56it/s]
 47%|████▋     | 4098/8810 [00:04<00:05, 927.88it/s]
 48%|████▊     | 4194/8810 [00:04<00:05, 775.07it/s]
 49%|████▉     | 4303/8810 [00:05<00:05, 850.36it/s]
 50%|████▉     | 4397/8810 [00:05<00:05, 871.87it/s]
 51%|█████     | 4495/8810 [00:05<00:04, 900.91it/s]
 52%|█████▏    | 4589/8810 [00:05<00:04, 853.21it/s]
 53%|█████▎    | 4678/8810 [00:05<00:05, 740.27it/s]
 54%|█████▍    | 4757/8810 [00:05<00:05, 720.40it/s]
 55%|█████▌    | 4858/8810 [00:05<00:05, 787.04it/s]
 56%|█████▌    | 4940/8810 [00:05<00:05, 650.25it/s]
 57%|█████▋    | 5056/8810 [00:05<00:04, 764.05it/s]
 59%|█████▊    | 5173/8810 [00:06<00:04, 861.99it/s]
 60%|█████▉    | 5277/8810 [00:06<00:03, 905.57it/s]
 61%|██████    | 5373/8810 [00:06<00:05, 668.81it/s]
 62%|██████▏   | 5452/8810 [00:06<00:04, 678.47it/s]
 63%|██████▎   | 5529/8810 [00:06<00:04, 689.67it/s]
 64%|██████▍   | 5632/8810 [00:06<00:04, 769.52it/s]
 65%|██████▌   | 5746/8810 [00:06<00:03, 863.54it/s]
 66%|██████▋   | 5838/8810 [00:07<00:03, 747.48it/s]
 67%|██████▋   | 5920/8810 [00:07<00:04, 667.89it/s]
 68%|██████▊   | 6013/8810 [00:07<00:03, 728.42it/s]
 69%|██████▉   | 6092/8810 [00:07<00:03, 703.24it/s]
 70%|███████   | 6183/8810 [00:07<00:03, 751.05it/s]
 71%|███████▏  | 6298/8810 [00:07<00:02, 855.27it/s]
 73%|███████▎  | 6400/8810 [00:07<00:03, 792.44it/s]
 74%|███████▎  | 6483/8810 [00:07<00:02, 779.93it/s]
 75%|███████▍  | 6603/8810 [00:07<00:02, 886.79it/s]
 76%|███████▋  | 6721/8810 [00:08<00:02, 964.60it/s]
 77%|███████▋  | 6821/8810 [00:08<00:02, 968.37it/s]
 79%|███████▉  | 6939/8810 [00:08<00:01, 1028.29it/s]
 80%|███████▉  | 7044/8810 [00:08<00:02, 852.25it/s] 
 81%|████████  | 7136/8810 [00:08<00:01, 863.02it/s]
 82%|████████▏ | 7227/8810 [00:08<00:01, 857.64it/s]
 83%|████████▎ | 7335/8810 [00:08<00:01, 907.02it/s]
 84%|████████▍ | 7429/8810 [00:08<00:01, 851.08it/s]
 85%|████████▌ | 7517/8810 [00:09<00:01, 743.92it/s]
 87%|████████▋ | 7633/8810 [00:09<00:01, 846.04it/s]
 88%|████████▊ | 7723/8810 [00:09<00:01, 756.24it/s]
 89%|████████▊ | 7815/8810 [00:09<00:01, 793.00it/s]
 90%|████████▉ | 7918/8810 [00:09<00:01, 853.16it/s]
 91%|█████████ | 8007/8810 [00:09<00:01, 727.26it/s]
 92%|█████████▏| 8086/8810 [00:09<00:01, 564.32it/s]
 93%|█████████▎| 8175/8810 [00:10<00:01, 631.96it/s]
 94%|█████████▎| 8247/8810 [00:10<00:00, 608.54it/s]
 95%|█████████▍| 8341/8810 [00:10<00:00, 681.82it/s]
 96%|█████████▌| 8416/8810 [00:10<00:00, 505.72it/s]
 96%|█████████▋| 8489/8810 [00:10<00:00, 550.53it/s]
 98%|█████████▊| 8591/8810 [00:10<00:00, 655.47it/s]
 98%|█████████▊| 8667/8810 [00:10<00:00, 671.99it/s]
 99%|█████████▉| 8742/8810 [00:10<00:00, 614.14it/s]
100%|██████████| 8810/8810 [00:11<00:00, 799.80it/s]
