
  0%|          | 0/8810 [00:00<?, ?it/s]
  2%|▏         | 144/8810 [00:00<00:06, 1436.12it/s]
  3%|▎         | 288/8810 [00:00<00:07, 1144.86it/s]
  5%|▍         | 440/8810 [00:00<00:06, 1290.58it/s]
  7%|▋         | 617/8810 [00:00<00:05, 1462.67it/s]
  9%|▊         | 768/8810 [00:00<00:06, 1269.72it/s]
 10%|█         | 905/8810 [00:00<00:06, 1291.96it/s]
 12%|█▏        | 1039/8810 [00:00<00:06, 1182.72it/s]
 13%|█▎        | 1181/8810 [00:00<00:06, 1245.70it/s]
 15%|█▌        | 1326/8810 [00:01<00:05, 1301.91it/s]
 17%|█▋        | 1460/8810 [00:01<00:06, 1155.09it/s]
 18%|█▊        | 1581/8810 [00:01<00:06, 1133.42it/s]
 20%|██        | 1765/8810 [00:01<00:05, 1323.18it/s]
 22%|██▏       | 1902/8810 [00:01<00:05, 1170.35it/s]
 23%|██▎       | 2068/8810 [00:01<00:05, 1295.48it/s]
 26%|██▌       | 2259/8810 [00:01<00:04, 1459.34it/s]
 27%|██▋       | 2412/8810 [00:01<00:05, 1271.87it/s]
 30%|██▉       | 2620/8810 [00:02<00:04, 1470.20it/s]
 32%|███▏      | 2777/8810 [00:02<00:04, 1228.53it/s]
 33%|███▎      | 2913/8810 [00:02<00:04, 1204.19it/s]
 35%|███▍      | 3057/8810 [00:02<00:04, 1150.89it/s]
 36%|███▌      | 3179/8810 [00:02<00:05, 1112.03it/s]
 38%|███▊      | 3312/8810 [00:02<00:04, 1164.50it/s]
 39%|███▉      | 3433/8810 [00:02<00:05, 1071.02it/s]
 40%|████      | 3560/8810 [00:02<00:04, 1121.37it/s]
 42%|████▏     | 3729/8810 [00:03<00:04, 1267.85it/s]
 44%|████▍     | 3860/8810 [00:03<00:04, 1130.39it/s]
 45%|████▌     | 3979/8810 [00:03<00:04, 1042.46it/s]
 47%|████▋     | 4146/8810 [00:03<00:03, 1198.57it/s]
 48%|████▊     | 4272/8810 [00:03<00:04, 1106.45it/s]
 50%|█████     | 4413/8810 [00:03<00:03, 1180.97it/s]
 52%|█████▏    | 4556/8810 [00:03<00:03, 1247.20it/s]
 53%|█████▎    | 4685/8810 [00:03<00:03, 1120.26it/s]
 55%|█████▍    | 4804/8810 [00:03<00:03, 1128.99it/s]
 56%|█████▌    | 4921/8810 [00:04<00:03, 994.82it/s] 
 57%|█████▋    | 5026/8810 [00:04<00:03, 954.18it/s]
 59%|█████▊    | 5174/8810 [00:04<00:03, 1086.12it/s]
 60%|██████    | 5326/8810 [00:04<00:02, 1197.92it/s]
 62%|██████▏   | 5451/8810 [00:04<00:02, 1125.52it/s]
 64%|██████▍   | 5633/8810 [00:04<00:02, 1309.04it/s]
 65%|██████▌   | 5769/8810 [00:04<00:02, 1236.98it/s]
 67%|██████▋   | 5897/8810 [00:04<00:02, 1242.66it/s]
 68%|██████▊   | 6032/8810 [00:05<00:02, 1270.18it/s]
 70%|██████▉   | 6162/8810 [00:05<00:02, 1198.00it/s]
 72%|███████▏  | 6316/8810 [00:05<00:01, 1288.57it/s]
 73%|███████▎  | 6448/8810 [00:05<00:02, 1167.58it/s]
 75%|███████▍  | 6604/8810 [00:05<00:01, 1271.80it/s]
 77%|███████▋  | 6781/8810 [00:05<00:01, 1406.66it/s]
 79%|███████▉  | 6943/8810 [00:05<00:01, 1466.71it/s]
 81%|████████  | 7093/8810 [00:05<00:01, 1210.74it/s]
 82%|████████▏ | 7224/8810 [00:05<00:01, 1216.75it/s]
 84%|████████▎ | 7360/8810 [00:06<00:01, 1169.98it/s]
 85%|████████▍ | 7485/8810 [00:06<00:01, 1189.27it/s]
 86%|████████▋ | 7608/8810 [00:06<00:01, 1172.03it/s]
 88%|████████▊ | 7728/8810 [00:06<00:01, 1078.96it/s]
 89%|████████▉ | 7839/8810 [00:06<00:00, 1004.03it/s]
 91%|█████████ | 7993/8810 [00:06<00:00, 1140.71it/s]
 92%|█████████▏| 8111/8810 [00:06<00:00, 992.88it/s] 
 93%|█████████▎| 8221/8810 [00:06<00:00, 1017.76it/s]
 95%|█████████▍| 8354/8810 [00:07<00:00, 1096.69it/s]
 96%|█████████▌| 8468/8810 [00:07<00:00, 931.71it/s] 
 98%|█████████▊| 8622/8810 [00:07<00:00, 1077.52it/s]
 99%|█████████▉| 8738/8810 [00:07<00:00, 1000.19it/s]
100%|██████████| 8810/8810 [00:07<00:00, 1178.86it/s]
