
  0%|          | 0/8810 [00:00<?, ?it/s]
  2%|▏         | 181/8810 [00:00<00:05, 1600.75it/s]
  5%|▍         | 414/8810 [00:00<00:04, 2007.69it/s]
  7%|▋         | 656/8810 [00:00<00:04, 1927.48it/s]
 10%|▉         | 869/8810 [00:00<00:03, 1997.28it/s]
 12%|█▏        | 1071/8810 [00:00<00:04, 1831.13it/s]
 14%|█▍        | 1276/8810 [00:00<00:03, 1895.66it/s]
 17%|█▋        | 1469/8810 [00:00<00:04, 1758.09it/s]
 19%|█▉        | 1698/8810 [00:00<00:03, 1909.51it/s]
 21%|██▏       | 1893/8810 [00:01<00:04, 1728.27it/s]
 25%|██▍       | 2176/8810 [00:01<00:03, 2023.35it/s]
 27%|██▋       | 2386/8810 [00:01<00:03, 1834.80it/s]
 30%|███       | 2670/8810 [00:01<00:02, 2098.62it/s]
 33%|███▎      | 2890/8810 [00:01<00:03, 1933.93it/s]
 35%|███▌      | 3092/8810 [00:01<00:03, 1828.58it/s]
 37%|███▋      | 3288/8810 [00:01<00:02, 1860.67it/s]
 39%|███▉      | 3479/8810 [00:01<00:02, 1787.82it/s]
 42%|████▏     | 3726/8810 [00:01<00:02, 1966.26it/s]
 45%|████▍     | 3927/8810 [00:02<00:02, 1838.43it/s]
 47%|████▋     | 4168/8810 [00:02<00:02, 1989.59it/s]
 50%|████▉     | 4372/8810 [00:02<00:02, 1910.34it/s]
 52%|█████▏    | 4575/8810 [00:02<00:02, 1938.36it/s]
 54%|█████▍    | 4772/8810 [00:02<00:02, 1736.89it/s]
 56%|█████▌    | 4951/8810 [00:02<00:02, 1588.32it/s]
 59%|█████▊    | 5174/8810 [00:02<00:02, 1745.64it/s]
 61%|██████    | 5372/8810 [00:02<00:01, 1729.25it/s]
 64%|██████▎   | 5597/8810 [00:03<00:01, 1862.69it/s]
 66%|██████▌   | 5788/8810 [00:03<00:01, 1733.59it/s]
 68%|██████▊   | 5966/8810 [00:03<00:01, 1741.17it/s]
 70%|██████▉   | 6144/8810 [00:03<00:01, 1651.51it/s]
 72%|███████▏  | 6344/8810 [00:03<00:01, 1745.49it/s]
 74%|███████▍  | 6522/8810 [00:03<00:01, 1643.15it/s]
 77%|███████▋  | 6777/8810 [00:03<00:01, 1888.50it/s]
 79%|███████▉  | 6972/8810 [00:03<00:00, 1838.22it/s]
 81%|████████▏ | 7166/8810 [00:03<00:00, 1864.86it/s]
 84%|████████▎ | 7360/8810 [00:04<00:00, 1760.24it/s]
 86%|████████▌ | 7539/8810 [00:04<00:00, 1766.07it/s]
 88%|████████▊ | 7718/8810 [00:04<00:00, 1720.08it/s]
 90%|█████████ | 7930/8810 [00:04<00:00, 1830.76it/s]
 92%|█████████▏| 8115/8810 [00:04<00:00, 1571.64it/s]
 94%|█████████▍| 8286/8810 [00:04<00:00, 1606.85it/s]
 96%|█████████▌| 8453/8810 [00:04<00:00, 1492.89it/s]
 98%|█████████▊| 8648/8810 [00:04<00:00, 1610.22it/s]
100%|██████████| 8810/8810 [00:04<00:00, 1779.25it/s]
