
  0%|          | 0/8810 [00:00<?, ?it/s]
  2%|▏         | 181/8810 [00:00<00:06, 1374.77it/s]
  4%|▍         | 383/8810 [00:00<00:04, 1703.97it/s]
  7%|▋         | 594/8810 [00:00<00:04, 1874.22it/s]
  9%|▉         | 785/8810 [00:00<00:05, 1578.71it/s]
 11%|█         | 951/8810 [00:00<00:04, 1596.75it/s]
 13%|█▎        | 1116/8810 [00:00<00:05, 1462.92it/s]
 15%|█▍        | 1309/8810 [00:00<00:04, 1595.31it/s]
 17%|█▋        | 1474/8810 [00:00<00:05, 1426.52it/s]
 19%|█▉        | 1653/8810 [00:01<00:04, 1523.53it/s]
 21%|██        | 1821/8810 [00:01<00:04, 1455.46it/s]
 23%|██▎       | 1985/8810 [00:01<00:04, 1503.17it/s]
 25%|██▌       | 2211/8810 [00:01<00:03, 1709.97it/s]
 27%|██▋       | 2387/8810 [00:01<00:04, 1495.40it/s]
 30%|██▉       | 2626/8810 [00:01<00:03, 1717.31it/s]
 32%|███▏      | 2807/8810 [00:01<00:03, 1538.67it/s]
 34%|███▍      | 2976/8810 [00:01<00:03, 1577.01it/s]
 36%|███▌      | 3141/8810 [00:02<00:03, 1516.36it/s]
 37%|███▋      | 3298/8810 [00:02<00:03, 1455.09it/s]
 39%|███▉      | 3447/8810 [00:02<00:03, 1383.67it/s]
 41%|████      | 3618/8810 [00:02<00:03, 1462.03it/s]
 43%|████▎     | 3774/8810 [00:02<00:03, 1369.60it/s]
 45%|████▍     | 3940/8810 [00:02<00:03, 1444.05it/s]
 47%|████▋     | 4153/8810 [00:02<00:02, 1627.73it/s]
 49%|████▉     | 4320/8810 [00:02<00:03, 1452.47it/s]
 51%|█████▏    | 4522/8810 [00:02<00:02, 1593.39it/s]
 53%|█████▎    | 4688/8810 [00:03<00:02, 1422.27it/s]
 55%|█████▌    | 4852/8810 [00:03<00:02, 1472.10it/s]
 57%|█████▋    | 5005/8810 [00:03<00:02, 1344.87it/s]
 59%|█████▊    | 5156/8810 [00:03<00:02, 1384.64it/s]
 60%|██████    | 5315/8810 [00:03<00:02, 1433.55it/s]
 62%|██████▏   | 5462/8810 [00:03<00:02, 1362.00it/s]
 64%|██████▍   | 5624/8810 [00:03<00:02, 1431.34it/s]
 65%|██████▌   | 5770/8810 [00:03<00:02, 1301.85it/s]
 67%|██████▋   | 5904/8810 [00:04<00:02, 1258.17it/s]
 68%|██████▊   | 6034/8810 [00:04<00:02, 1267.35it/s]
 70%|██████▉   | 6163/8810 [00:04<00:02, 1173.74it/s]
 72%|███████▏  | 6300/8810 [00:04<00:02, 1221.33it/s]
 73%|███████▎  | 6425/8810 [00:04<00:02, 1138.54it/s]
 75%|███████▍  | 6571/8810 [00:04<00:01, 1223.95it/s]
 77%|███████▋  | 6757/8810 [00:04<00:01, 1398.59it/s]
 79%|███████▊  | 6921/8810 [00:04<00:01, 1464.33it/s]
 80%|████████  | 7071/8810 [00:04<00:01, 1295.01it/s]
 82%|████████▏ | 7206/8810 [00:05<00:01, 1226.22it/s]
 84%|████████▎ | 7360/8810 [00:05<00:01, 1159.97it/s]
 85%|████████▍ | 7480/8810 [00:05<00:01, 1124.88it/s]
 86%|████████▌ | 7595/8810 [00:05<00:01, 1122.07it/s]
 88%|████████▊ | 7715/8810 [00:05<00:01, 1063.30it/s]
 89%|████████▉ | 7835/8810 [00:05<00:00, 1096.56it/s]
 91%|█████████ | 7999/8810 [00:05<00:00, 1243.11it/s]
 92%|█████████▏| 8126/8810 [00:05<00:00, 1020.96it/s]
 94%|█████████▎| 8241/8810 [00:06<00:00, 1050.39it/s]
 95%|█████████▍| 8361/8810 [00:06<00:00, 998.29it/s] 
 96%|█████████▌| 8478/8810 [00:06<00:00, 1037.69it/s]
 98%|█████████▊| 8601/8810 [00:06<00:00, 1087.84it/s]
 99%|█████████▉| 8714/8810 [00:06<00:00, 982.90it/s] 
100%|██████████| 8810/8810 [00:06<00:00, 1340.04it/s]
