
  0%|          | 0/8810 [00:00<?, ?it/s]
  2%|▏         | 181/8810 [00:00<00:05, 1534.57it/s]
  5%|▍         | 426/8810 [00:00<00:04, 2026.66it/s]
  7%|▋         | 656/8810 [00:00<00:04, 1872.82it/s]
 10%|█         | 889/8810 [00:00<00:03, 2033.45it/s]
 12%|█▏        | 1097/8810 [00:00<00:04, 1815.94it/s]
 15%|█▍        | 1288/8810 [00:00<00:04, 1837.84it/s]
 17%|█▋        | 1476/8810 [00:00<00:04, 1680.42it/s]
 19%|█▉        | 1699/8810 [00:00<00:03, 1832.20it/s]
 21%|██▏       | 1888/8810 [00:01<00:04, 1671.03it/s]
 24%|██▍       | 2153/8810 [00:01<00:03, 1925.20it/s]
 27%|██▋       | 2353/8810 [00:01<00:03, 1787.98it/s]
 29%|██▉       | 2594/8810 [00:01<00:03, 1949.65it/s]
 32%|███▏      | 2796/8810 [00:01<00:03, 1779.00it/s]
 34%|███▍      | 3010/8810 [00:01<00:03, 1873.19it/s]
 36%|███▋      | 3204/8810 [00:01<00:03, 1734.22it/s]
 39%|███▊      | 3394/8810 [00:01<00:03, 1775.52it/s]
 41%|████      | 3576/8810 [00:01<00:03, 1725.77it/s]
 43%|████▎     | 3774/8810 [00:02<00:02, 1703.13it/s]
 45%|████▌     | 3986/8810 [00:02<00:02, 1815.40it/s]
 47%|████▋     | 4180/8810 [00:02<00:02, 1755.38it/s]
 50%|████▉     | 4382/8810 [00:02<00:02, 1827.81it/s]
 52%|█████▏    | 4568/8810 [00:02<00:02, 1775.98it/s]
 54%|█████▍    | 4748/8810 [00:02<00:02, 1611.83it/s]
 56%|█████▌    | 4932/8810 [00:02<00:02, 1522.93it/s]
 58%|█████▊    | 5152/8810 [00:02<00:02, 1695.64it/s]
 61%|██████    | 5372/8810 [00:03<00:02, 1699.21it/s]
 63%|██████▎   | 5552/8810 [00:03<00:01, 1723.12it/s]
 65%|██████▌   | 5754/8810 [00:03<00:01, 1629.78it/s]
 67%|██████▋   | 5921/8810 [00:03<00:01, 1508.16it/s]
 69%|██████▉   | 6075/8810 [00:03<00:01, 1392.45it/s]
 71%|███████   | 6217/8810 [00:03<00:01, 1351.47it/s]
 72%|███████▏  | 6367/8810 [00:03<00:01, 1384.14it/s]
 74%|███████▍  | 6507/8810 [00:03<00:01, 1239.83it/s]
 76%|███████▋  | 6719/8810 [00:04<00:01, 1462.55it/s]
 78%|███████▊  | 6910/8810 [00:04<00:01, 1579.81it/s]
 80%|████████  | 7074/8810 [00:04<00:01, 1460.63it/s]
 82%|████████▏ | 7226/8810 [00:04<00:01, 1455.38it/s]
 84%|████████▎ | 7376/8810 [00:04<00:01, 1377.26it/s]
 85%|████████▌ | 7517/8810 [00:04<00:00, 1328.62it/s]
 87%|████████▋ | 7702/8810 [00:04<00:00, 1467.11it/s]
 89%|████████▉ | 7852/8810 [00:04<00:00, 1319.88it/s]
 91%|█████████ | 8006/8810 [00:04<00:00, 1372.03it/s]
 92%|█████████▏| 8147/8810 [00:05<00:00, 1238.27it/s]
 94%|█████████▍| 8290/8810 [00:05<00:00, 1285.46it/s]
 96%|█████████▌| 8423/8810 [00:05<00:00, 1228.16it/s]
 98%|█████████▊| 8602/8810 [00:05<00:00, 1375.66it/s]
 99%|█████████▉| 8744/8810 [00:05<00:00, 1237.28it/s]
100%|██████████| 8810/8810 [00:05<00:00, 1580.86it/s]
