
  0%|          | 0/8810 [00:00<?, ?it/s]
  2%|▏         | 181/8810 [00:00<00:05, 1565.10it/s]
  5%|▍         | 430/8810 [00:00<00:04, 2073.48it/s]
  7%|▋         | 656/8810 [00:00<00:04, 1888.09it/s]
 10%|▉         | 862/8810 [00:00<00:04, 1948.07it/s]
 12%|█▏        | 1060/8810 [00:00<00:04, 1803.22it/s]
 14%|█▍        | 1269/8810 [00:00<00:03, 1889.78it/s]
 17%|█▋        | 1461/8810 [00:00<00:04, 1743.14it/s]
 19%|█▊        | 1651/8810 [00:00<00:04, 1785.44it/s]
 21%|██        | 1833/8810 [00:01<00:04, 1661.05it/s]
 24%|██▎       | 2074/8810 [00:01<00:03, 1865.06it/s]
 26%|██▌       | 2265/8810 [00:01<00:04, 1565.54it/s]
 28%|██▊       | 2477/8810 [00:01<00:03, 1704.60it/s]
 30%|███       | 2658/8810 [00:01<00:03, 1594.09it/s]
 32%|███▏      | 2826/8810 [00:01<00:04, 1461.80it/s]
 34%|███▍      | 2979/8810 [00:01<00:05, 1163.10it/s]
 35%|███▌      | 3108/8810 [00:02<00:09, 629.27it/s] 
 36%|███▋      | 3206/8810 [00:02<00:09, 572.84it/s]
 37%|███▋      | 3289/8810 [00:02<00:09, 610.09it/s]
 39%|███▊      | 3410/8810 [00:02<00:07, 707.98it/s]
 41%|████      | 3619/8810 [00:02<00:05, 976.34it/s]
 43%|████▎     | 3774/8810 [00:03<00:04, 1042.82it/s]
 45%|████▍     | 3926/8810 [00:03<00:04, 1151.61it/s]
 47%|████▋     | 4111/8810 [00:03<00:03, 1323.16it/s]
 48%|████▊     | 4260/8810 [00:03<00:03, 1219.75it/s]
 50%|████▉     | 4401/8810 [00:03<00:03, 1266.75it/s]
 52%|█████▏    | 4548/8810 [00:03<00:03, 1314.15it/s]
 53%|█████▎    | 4687/8810 [00:03<00:03, 1127.62it/s]
 55%|█████▍    | 4833/8810 [00:03<00:03, 1207.42it/s]
 56%|█████▋    | 4962/8810 [00:04<00:03, 998.49it/s] 
 58%|█████▊    | 5089/8810 [00:04<00:03, 1061.27it/s]
 59%|█████▉    | 5221/8810 [00:04<00:03, 1120.74it/s]
 61%|██████    | 5364/8810 [00:04<00:02, 1200.20it/s]
 62%|██████▏   | 5491/8810 [00:04<00:03, 1092.09it/s]
 64%|██████▍   | 5653/8810 [00:04<00:02, 1226.44it/s]
 66%|██████▌   | 5783/8810 [00:04<00:02, 1172.92it/s]
 67%|██████▋   | 5905/8810 [00:04<00:03, 940.53it/s] 
 68%|██████▊   | 6009/8810 [00:05<00:02, 962.94it/s]
 69%|██████▉   | 6113/8810 [00:05<00:03, 888.73it/s]
 71%|███████   | 6224/8810 [00:05<00:02, 940.97it/s]
 72%|███████▏  | 6350/8810 [00:05<00:02, 1018.08it/s]
 73%|███████▎  | 6457/8810 [00:05<00:02, 965.40it/s] 
 75%|███████▌  | 6623/8810 [00:05<00:01, 1148.28it/s]
 77%|███████▋  | 6770/8810 [00:05<00:01, 1235.08it/s]
 78%|███████▊  | 6898/8810 [00:05<00:01, 1241.02it/s]
 80%|███████▉  | 7026/8810 [00:05<00:01, 1062.36it/s]
 81%|████████  | 7152/8810 [00:06<00:01, 1102.38it/s]
 82%|████████▏ | 7268/8810 [00:06<00:01, 1111.95it/s]
 84%|████████▍ | 7383/8810 [00:06<00:01, 1086.26it/s]
 85%|████████▌ | 7495/8810 [00:06<00:01, 1040.06it/s]
 86%|████████▋ | 7601/8810 [00:06<00:01, 1029.88it/s]
 88%|████████▊ | 7715/8810 [00:06<00:01, 948.68it/s] 
 89%|████████▊ | 7815/8810 [00:06<00:01, 956.88it/s]
 90%|█████████ | 7942/8810 [00:06<00:00, 1040.22it/s]
 91%|█████████▏| 8049/8810 [00:07<00:00, 866.19it/s] 
 92%|█████████▏| 8142/8810 [00:07<00:00, 874.29it/s]
 93%|█████████▎| 8234/8810 [00:07<00:00, 872.51it/s]
 95%|█████████▍| 8338/8810 [00:07<00:00, 914.95it/s]
 96%|█████████▌| 8433/8810 [00:07<00:00, 811.77it/s]
 97%|█████████▋| 8548/8810 [00:07<00:00, 883.06it/s]
 98%|█████████▊| 8655/8810 [00:07<00:00, 926.02it/s]
 99%|█████████▉| 8751/8810 [00:07<00:00, 883.85it/s]
100%|██████████| 8810/8810 [00:07<00:00, 1119.16it/s]
