
  0%|          | 0/8810 [00:00<?, ?it/s]
  2%|▏         | 172/8810 [00:00<00:05, 1712.17it/s]
  4%|▍         | 344/8810 [00:00<00:05, 1536.39it/s]
  7%|▋         | 576/8810 [00:00<00:04, 1863.92it/s]
  9%|▊         | 765/8810 [00:00<00:04, 1629.36it/s]
 11%|█         | 947/8810 [00:00<00:04, 1689.39it/s]
 13%|█▎        | 1120/8810 [00:00<00:04, 1634.00it/s]
 15%|█▍        | 1298/8810 [00:00<00:04, 1677.05it/s]
 17%|█▋        | 1468/8810 [00:00<00:04, 1539.68it/s]
 19%|█▊        | 1648/8810 [00:01<00:04, 1609.38it/s]
 21%|██        | 1821/8810 [00:01<00:04, 1542.08it/s]
 22%|██▏       | 1978/8810 [00:01<00:04, 1549.12it/s]
 25%|██▍       | 2198/8810 [00:01<00:03, 1733.24it/s]
 27%|██▋       | 2374/8810 [00:01<00:04, 1572.54it/s]
 29%|██▉       | 2589/8810 [00:01<00:03, 1728.36it/s]
 31%|███▏      | 2767/8810 [00:01<00:03, 1561.09it/s]
 33%|███▎      | 2932/8810 [00:01<00:03, 1583.52it/s]
 35%|███▌      | 3095/8810 [00:01<00:03, 1538.49it/s]
 37%|███▋      | 3256/8810 [00:02<00:03, 1557.43it/s]
 39%|███▉      | 3415/8810 [00:02<00:03, 1427.96it/s]
 41%|████      | 3584/8810 [00:02<00:03, 1491.25it/s]
 43%|████▎     | 3759/8810 [00:02<00:03, 1561.47it/s]
 44%|████▍     | 3918/8810 [00:02<00:03, 1421.32it/s]
 47%|████▋     | 4146/8810 [00:02<00:02, 1643.93it/s]
 49%|████▉     | 4316/8810 [00:02<00:02, 1530.46it/s]
 51%|█████     | 4506/8810 [00:02<00:02, 1628.24it/s]
 53%|█████▎    | 4674/8810 [00:02<00:02, 1507.24it/s]
 55%|█████▍    | 4830/8810 [00:03<00:02, 1506.62it/s]
 57%|█████▋    | 4984/8810 [00:03<00:02, 1366.05it/s]
 59%|█████▊    | 5169/8810 [00:03<00:02, 1489.71it/s]
 61%|██████    | 5356/8810 [00:03<00:02, 1588.56it/s]
 63%|██████▎   | 5520/8810 [00:03<00:02, 1462.99it/s]
 65%|██████▍   | 5724/8810 [00:03<00:01, 1614.17it/s]
 67%|██████▋   | 5891/8810 [00:03<00:01, 1463.71it/s]
 69%|██████▊   | 6043/8810 [00:03<00:01, 1385.00it/s]
 71%|███████   | 6232/8810 [00:04<00:01, 1511.70it/s]
 73%|███████▎  | 6400/8810 [00:04<00:01, 1470.35it/s]
 75%|███████▍  | 6592/8810 [00:04<00:01, 1589.53it/s]
 77%|███████▋  | 6821/8810 [00:04<00:01, 1768.21it/s]
 79%|███████▉  | 7002/8810 [00:04<00:01, 1683.46it/s]
 81%|████████▏ | 7174/8810 [00:04<00:01, 1618.85it/s]
 84%|████████▎ | 7360/8810 [00:04<00:00, 1549.29it/s]
 85%|████████▌ | 7518/8810 [00:04<00:00, 1551.61it/s]
 88%|████████▊ | 7715/8810 [00:04<00:00, 1533.47it/s]
 89%|████████▉ | 7884/8810 [00:05<00:00, 1572.17it/s]
 91%|█████████▏| 8043/8810 [00:05<00:00, 1357.41it/s]
 93%|█████████▎| 8201/8810 [00:05<00:00, 1411.50it/s]
 95%|█████████▍| 8361/8810 [00:05<00:00, 1368.58it/s]
 97%|█████████▋| 8544/8810 [00:05<00:00, 1485.98it/s]
 99%|█████████▉| 8702/8810 [00:05<00:00, 1413.09it/s]
100%|██████████| 8810/8810 [00:05<00:00, 1541.57it/s]
