
  0%|          | 0/8810 [00:00<?, ?it/s]
  0%|          | 22/8810 [00:00<00:43, 199.74it/s]
  1%|          | 69/8810 [00:00<00:25, 346.21it/s]
  2%|▏         | 165/8810 [00:00<00:14, 606.11it/s]
  3%|▎         | 227/8810 [00:00<00:22, 389.61it/s]
  4%|▎         | 321/8810 [00:00<00:16, 524.45it/s]
  4%|▍         | 384/8810 [00:00<00:15, 540.46it/s]
  5%|▌         | 445/8810 [00:00<00:17, 473.74it/s]
  6%|▌         | 529/8810 [00:01<00:14, 562.94it/s]
  7%|▋         | 592/8810 [00:01<00:14, 560.62it/s]
  7%|▋         | 653/8810 [00:01<00:15, 539.15it/s]
  8%|▊         | 710/8810 [00:01<00:20, 400.46it/s]
  9%|▊         | 758/8810 [00:01<00:19, 411.13it/s]
  9%|▉         | 828/8810 [00:01<00:16, 474.10it/s]
 10%|█         | 881/8810 [00:01<00:16, 475.97it/s]
 11%|█         | 933/8810 [00:01<00:16, 466.03it/s]
 11%|█         | 983/8810 [00:02<00:18, 424.65it/s]
 12%|█▏        | 1028/8810 [00:02<00:21, 369.80it/s]
 12%|█▏        | 1087/8810 [00:02<00:18, 413.89it/s]
 13%|█▎        | 1150/8810 [00:02<00:16, 467.25it/s]
 14%|█▍        | 1217/8810 [00:02<00:14, 519.65it/s]
 14%|█▍        | 1272/8810 [00:02<00:14, 503.62it/s]
 15%|█▌        | 1325/8810 [00:02<00:15, 495.81it/s]
 16%|█▌        | 1376/8810 [00:02<00:17, 422.59it/s]
 17%|█▋        | 1455/8810 [00:03<00:14, 513.24it/s]
 17%|█▋        | 1511/8810 [00:03<00:18, 399.28it/s]
 18%|█▊        | 1562/8810 [00:03<00:17, 422.78it/s]
 18%|█▊        | 1625/8810 [00:03<00:15, 465.54it/s]
 19%|█▉        | 1690/8810 [00:03<00:13, 511.73it/s]
 20%|█▉        | 1747/8810 [00:03<00:13, 512.38it/s]
 20%|██        | 1802/8810 [00:03<00:14, 494.55it/s]
 21%|██        | 1854/8810 [00:04<00:22, 303.83it/s]
 22%|██▏       | 1895/8810 [00:04<00:21, 314.58it/s]
 22%|██▏       | 1935/8810 [00:04<00:21, 314.56it/s]
 22%|██▏       | 1972/8810 [00:04<00:21, 317.23it/s]
 23%|██▎       | 2014/8810 [00:04<00:20, 333.80it/s]
 23%|██▎       | 2051/8810 [00:04<00:20, 337.09it/s]
 24%|██▎       | 2090/8810 [00:04<00:19, 343.55it/s]
 24%|██▍       | 2144/8810 [00:04<00:16, 393.06it/s]
 25%|██▍       | 2186/8810 [00:05<00:16, 400.23it/s]
 25%|██▌       | 2228/8810 [00:05<00:16, 397.36it/s]
 26%|██▌       | 2269/8810 [00:05<00:24, 271.80it/s]
 26%|██▋       | 2332/8810 [00:05<00:18, 345.37it/s]
 27%|██▋       | 2377/8810 [00:05<00:17, 369.39it/s]
 28%|██▊       | 2455/8810 [00:05<00:13, 470.67it/s]
 28%|██▊       | 2508/8810 [00:05<00:14, 424.30it/s]
 29%|██▉       | 2592/8810 [00:06<00:11, 522.30it/s]
 30%|███       | 2654/8810 [00:06<00:11, 543.71it/s]
 31%|███       | 2713/8810 [00:06<00:11, 546.80it/s]
 31%|███▏      | 2771/8810 [00:06<00:15, 383.20it/s]
 32%|███▏      | 2818/8810 [00:06<00:19, 299.75it/s]
 33%|███▎      | 2887/8810 [00:06<00:16, 369.07it/s]
 33%|███▎      | 2934/8810 [00:07<00:17, 332.16it/s]
 34%|███▍      | 2975/8810 [00:07<00:16, 346.73it/s]
 34%|███▍      | 3016/8810 [00:07<00:17, 338.99it/s]
 35%|███▍      | 3057/8810 [00:07<00:21, 268.76it/s]
 35%|███▌      | 3106/8810 [00:07<00:18, 310.54it/s]
 36%|███▌      | 3143/8810 [00:07<00:18, 314.49it/s]
 36%|███▌      | 3179/8810 [00:07<00:20, 279.57it/s]
 36%|███▋      | 3211/8810 [00:08<00:21, 265.72it/s]
 37%|███▋      | 3240/8810 [00:08<00:21, 264.61it/s]
 37%|███▋      | 3276/8810 [00:08<00:19, 283.25it/s]
 38%|███▊      | 3320/8810 [00:08<00:17, 317.30it/s]
 38%|███▊      | 3357/8810 [00:08<00:16, 330.85it/s]
 39%|███▊      | 3392/8810 [00:08<00:17, 301.57it/s]
 39%|███▉      | 3424/8810 [00:08<00:25, 213.63it/s]
 39%|███▉      | 3461/8810 [00:08<00:22, 240.44it/s]
 40%|███▉      | 3489/8810 [00:09<00:23, 227.63it/s]
 40%|████      | 3525/8810 [00:09<00:21, 247.77it/s]
 40%|████      | 3554/8810 [00:09<00:22, 238.80it/s]
 41%|████      | 3610/8810 [00:09<00:16, 312.55it/s]
 41%|████▏     | 3644/8810 [00:09<00:17, 300.60it/s]
 42%|████▏     | 3690/8810 [00:09<00:15, 328.02it/s]
 43%|████▎     | 3752/8810 [00:09<00:12, 403.03it/s]
 43%|████▎     | 3795/8810 [00:10<00:18, 272.27it/s]
 44%|████▎     | 3845/8810 [00:10<00:15, 317.40it/s]
 44%|████▍     | 3884/8810 [00:10<00:16, 293.41it/s]
 44%|████▍     | 3919/8810 [00:10<00:18, 268.30it/s]
 45%|████▍     | 3959/8810 [00:10<00:16, 291.23it/s]
 46%|████▌     | 4025/8810 [00:10<00:13, 357.93it/s]
 46%|████▌     | 4070/8810 [00:10<00:12, 374.71it/s]
 47%|████▋     | 4115/8810 [00:10<00:12, 386.85it/s]
 47%|████▋     | 4156/8810 [00:11<00:11, 388.09it/s]
 48%|████▊     | 4197/8810 [00:11<00:16, 275.09it/s]
 48%|████▊     | 4241/8810 [00:11<00:14, 309.78it/s]
 49%|████▊     | 4286/8810 [00:11<00:13, 341.04it/s]
 49%|████▉     | 4350/8810 [00:11<00:11, 403.06it/s]
 50%|████▉     | 4397/8810 [00:11<00:10, 412.03it/s]
 50%|█████     | 4441/8810 [00:11<00:10, 408.19it/s]
 51%|█████     | 4484/8810 [00:11<00:10, 395.48it/s]
 51%|█████▏    | 4525/8810 [00:12<00:11, 372.63it/s]
 52%|█████▏    | 4564/8810 [00:12<00:12, 348.10it/s]
 52%|█████▏    | 4601/8810 [00:12<00:11, 352.41it/s]
 53%|█████▎    | 4637/8810 [00:12<00:17, 239.92it/s]
 53%|█████▎    | 4679/8810 [00:12<00:14, 276.29it/s]
 54%|█████▎    | 4714/8810 [00:12<00:14, 292.16it/s]
 54%|█████▍    | 4748/8810 [00:12<00:13, 300.48it/s]
 54%|█████▍    | 4793/8810 [00:13<00:11, 336.88it/s]
 55%|█████▍    | 4843/8810 [00:13<00:10, 370.61it/s]
 55%|█████▌    | 4883/8810 [00:13<00:10, 369.32it/s]
 56%|█████▌    | 4932/8810 [00:13<00:14, 271.73it/s]
 56%|█████▋    | 4965/8810 [00:13<00:15, 255.91it/s]
 57%|█████▋    | 5005/8810 [00:13<00:13, 275.45it/s]
 57%|█████▋    | 5036/8810 [00:13<00:14, 253.50it/s]
 58%|█████▊    | 5075/8810 [00:14<00:14, 265.69it/s]
 58%|█████▊    | 5104/8810 [00:14<00:13, 265.18it/s]
 58%|█████▊    | 5142/8810 [00:14<00:12, 287.93it/s]
 59%|█████▉    | 5180/8810 [00:14<00:11, 307.53it/s]
 59%|█████▉    | 5212/8810 [00:14<00:14, 243.62it/s]
 60%|█████▉    | 5261/8810 [00:14<00:11, 299.26it/s]
 60%|██████    | 5295/8810 [00:14<00:12, 288.02it/s]
 60%|██████    | 5327/8810 [00:14<00:13, 267.01it/s]
 61%|██████    | 5365/8810 [00:15<00:11, 291.84it/s]
 61%|██████▏   | 5397/8810 [00:15<00:19, 171.12it/s]
 62%|██████▏   | 5431/8810 [00:15<00:17, 195.31it/s]
 62%|██████▏   | 5457/8810 [00:15<00:16, 207.23it/s]
 62%|██████▏   | 5483/8810 [00:15<00:16, 198.15it/s]
 63%|██████▎   | 5512/8810 [00:15<00:15, 213.53it/s]
 63%|██████▎   | 5547/8810 [00:16<00:13, 240.95it/s]
 63%|██████▎   | 5575/8810 [00:16<00:13, 247.79it/s]
 64%|██████▎   | 5609/8810 [00:16<00:12, 266.54it/s]
 64%|██████▍   | 5646/8810 [00:16<00:10, 292.99it/s]
 65%|██████▍   | 5683/8810 [00:16<00:09, 313.45it/s]
 65%|██████▍   | 5716/8810 [00:16<00:10, 305.25it/s]
 65%|██████▌   | 5751/8810 [00:16<00:09, 310.26it/s]
 66%|██████▌   | 5783/8810 [00:17<00:16, 186.87it/s]
 66%|██████▌   | 5830/8810 [00:17<00:12, 239.06it/s]
 67%|██████▋   | 5861/8810 [00:17<00:14, 205.47it/s]
 67%|██████▋   | 5888/8810 [00:17<00:14, 206.44it/s]
 67%|██████▋   | 5913/8810 [00:17<00:14, 197.24it/s]
 67%|██████▋   | 5936/8810 [00:17<00:14, 197.55it/s]
 68%|██████▊   | 5967/8810 [00:17<00:12, 222.97it/s]
 68%|██████▊   | 6005/8810 [00:17<00:10, 255.23it/s]
 69%|██████▊   | 6036/8810 [00:18<00:15, 176.74it/s]
 69%|██████▉   | 6077/8810 [00:18<00:12, 221.28it/s]
 69%|██████▉   | 6105/8810 [00:18<00:13, 195.06it/s]
 70%|██████▉   | 6131/8810 [00:18<00:12, 206.99it/s]
 70%|██████▉   | 6156/8810 [00:18<00:12, 211.35it/s]
 70%|███████   | 6193/8810 [00:18<00:10, 246.47it/s]
 71%|███████   | 6221/8810 [00:19<00:11, 234.31it/s]
 71%|███████   | 6247/8810 [00:19<00:10, 236.21it/s]
 71%|███████▏  | 6280/8810 [00:19<00:09, 258.53it/s]
 72%|███████▏  | 6308/8810 [00:19<00:14, 175.63it/s]
 72%|███████▏  | 6343/8810 [00:19<00:11, 210.36it/s]
 72%|███████▏  | 6377/8810 [00:19<00:10, 234.73it/s]
 73%|███████▎  | 6405/8810 [00:20<00:15, 154.31it/s]
 73%|███████▎  | 6441/8810 [00:20<00:12, 186.60it/s]
 73%|███████▎  | 6466/8810 [00:20<00:12, 191.40it/s]
 74%|███████▎  | 6490/8810 [00:20<00:12, 189.30it/s]
 74%|███████▍  | 6522/8810 [00:20<00:10, 214.01it/s]
 75%|███████▍  | 6574/8810 [00:20<00:08, 266.67it/s]
 75%|███████▌  | 6633/8810 [00:20<00:06, 325.55it/s]
 76%|███████▌  | 6668/8810 [00:20<00:06, 318.66it/s]
 76%|███████▋  | 6718/8810 [00:21<00:05, 362.69it/s]
 77%|███████▋  | 6756/8810 [00:21<00:07, 290.14it/s]
 77%|███████▋  | 6790/8810 [00:21<00:06, 298.88it/s]
 78%|███████▊  | 6830/8810 [00:21<00:06, 310.83it/s]
 78%|███████▊  | 6883/8810 [00:21<00:05, 342.23it/s]
 79%|███████▊  | 6919/8810 [00:21<00:05, 334.71it/s]
 79%|███████▉  | 6959/8810 [00:21<00:05, 350.20it/s]
 79%|███████▉  | 6995/8810 [00:21<00:06, 265.37it/s]
 80%|████████  | 7081/8810 [00:22<00:04, 390.28it/s]
 81%|████████  | 7126/8810 [00:22<00:04, 399.59it/s]
 81%|████████▏ | 7171/8810 [00:22<00:04, 400.41it/s]
 82%|████████▏ | 7233/8810 [00:22<00:03, 452.91it/s]
 83%|████████▎ | 7295/8810 [00:22<00:03, 487.64it/s]
 84%|████████▎ | 7360/8810 [00:22<00:03, 410.55it/s]
 84%|████████▍ | 7440/8810 [00:22<00:02, 497.32it/s]
 85%|████████▌ | 7495/8810 [00:23<00:03, 433.86it/s]
 86%|████████▌ | 7543/8810 [00:23<00:02, 425.32it/s]
 86%|████████▋ | 7610/8810 [00:23<00:02, 477.29it/s]
 87%|████████▋ | 7665/8810 [00:23<00:02, 495.06it/s]
 88%|████████▊ | 7718/8810 [00:23<00:02, 365.85it/s]
 88%|████████▊ | 7761/8810 [00:23<00:03, 337.69it/s]
 89%|████████▊ | 7800/8810 [00:23<00:03, 315.90it/s]
 89%|████████▉ | 7835/8810 [00:24<00:03, 302.05it/s]
 89%|████████▉ | 7877/8810 [00:24<00:02, 327.61it/s]
 90%|████████▉ | 7917/8810 [00:24<00:02, 336.24it/s]
 90%|█████████ | 7953/8810 [00:24<00:03, 270.12it/s]
 91%|█████████ | 7983/8810 [00:24<00:02, 276.17it/s]
 91%|█████████ | 8013/8810 [00:24<00:02, 267.08it/s]
 91%|█████████▏| 8042/8810 [00:24<00:04, 179.39it/s]
 92%|█████████▏| 8079/8810 [00:25<00:03, 212.40it/s]
 92%|█████████▏| 8117/8810 [00:25<00:02, 241.85it/s]
 92%|█████████▏| 8146/8810 [00:25<00:02, 238.54it/s]
 93%|█████████▎| 8185/8810 [00:25<00:02, 269.28it/s]
 93%|█████████▎| 8215/8810 [00:25<00:02, 245.47it/s]
 94%|█████████▎| 8258/8810 [00:25<00:01, 285.27it/s]
 94%|█████████▍| 8298/8810 [00:25<00:01, 314.08it/s]
 95%|█████████▍| 8332/8810 [00:25<00:01, 287.52it/s]
 95%|█████████▍| 8363/8810 [00:26<00:02, 202.86it/s]
 95%|█████████▌| 8388/8810 [00:26<00:02, 209.80it/s]
 96%|█████████▌| 8424/8810 [00:26<00:01, 238.18it/s]
 96%|█████████▌| 8452/8810 [00:26<00:01, 238.81it/s]
 96%|█████████▌| 8479/8810 [00:26<00:01, 219.36it/s]
 97%|█████████▋| 8512/8810 [00:26<00:01, 231.98it/s]
 97%|█████████▋| 8540/8810 [00:26<00:01, 238.27it/s]
 97%|█████████▋| 8565/8810 [00:27<00:01, 238.16it/s]
 98%|█████████▊| 8598/8810 [00:27<00:00, 257.54it/s]
 98%|█████████▊| 8625/8810 [00:27<00:00, 259.03it/s]
 98%|█████████▊| 8652/8810 [00:27<00:00, 246.43it/s]
 99%|█████████▊| 8697/8810 [00:27<00:00, 297.61it/s]
 99%|█████████▉| 8728/8810 [00:27<00:00, 181.28it/s]
100%|█████████▉| 8779/8810 [00:27<00:00, 232.42it/s]
100%|█████████▉| 8808/8810 [00:28<00:00, 238.81it/s]
100%|██████████| 8810/8810 [00:28<00:00, 314.13it/s]
