
  0%|          | 0/8810 [00:00<?, ?it/s]
  1%|          | 69/8810 [00:00<00:12, 684.06it/s]
  2%|▏         | 181/8810 [00:00<00:12, 710.91it/s]
  3%|▎         | 252/8810 [00:00<00:12, 676.93it/s]
  4%|▍         | 383/8810 [00:00<00:09, 891.84it/s]
  6%|▌         | 487/8810 [00:00<00:08, 935.02it/s]
  7%|▋         | 628/8810 [00:00<00:07, 1084.18it/s]
  8%|▊         | 739/8810 [00:00<00:09, 848.23it/s] 
 10%|▉         | 843/8810 [00:00<00:08, 886.53it/s]
 11%|█         | 939/8810 [00:01<00:08, 876.39it/s]
 12%|█▏        | 1032/8810 [00:01<00:09, 828.52it/s]
 13%|█▎        | 1124/8810 [00:01<00:09, 852.36it/s]
 14%|█▍        | 1226/8810 [00:01<00:08, 894.61it/s]
 15%|█▌        | 1322/8810 [00:01<00:08, 907.64it/s]
 16%|█▌        | 1415/8810 [00:01<00:08, 884.14it/s]
 17%|█▋        | 1505/8810 [00:01<00:09, 752.90it/s]
 18%|█▊        | 1585/8810 [00:01<00:09, 762.78it/s]
 19%|█▉        | 1697/8810 [00:01<00:08, 857.11it/s]
 21%|██        | 1809/8810 [00:02<00:07, 926.06it/s]
 22%|██▏       | 1905/8810 [00:02<00:09, 713.19it/s]
 23%|██▎       | 1995/8810 [00:02<00:09, 755.60it/s]
 24%|██▍       | 2113/8810 [00:02<00:07, 861.97it/s]
 25%|██▌       | 2215/8810 [00:02<00:07, 900.45it/s]
 26%|██▌       | 2311/8810 [00:02<00:08, 735.05it/s]
 27%|██▋       | 2407/8810 [00:02<00:08, 786.81it/s]
 29%|██▊       | 2519/8810 [00:02<00:07, 866.01it/s]
 30%|██▉       | 2639/8810 [00:03<00:06, 952.59it/s]
 31%|███       | 2744/8810 [00:03<00:07, 859.65it/s]
 32%|███▏      | 2836/8810 [00:03<00:07, 816.87it/s]
 34%|███▎      | 2957/8810 [00:03<00:06, 915.10it/s]
 35%|███▍      | 3053/8810 [00:03<00:06, 913.86it/s]
 36%|███▌      | 3148/8810 [00:03<00:06, 822.52it/s]
 37%|███▋      | 3234/8810 [00:03<00:07, 774.08it/s]
 38%|███▊      | 3357/8810 [00:03<00:06, 889.89it/s]
 39%|███▉      | 3450/8810 [00:04<00:07, 752.68it/s]
 40%|████      | 3532/8810 [00:04<00:06, 761.68it/s]
 41%|████▏     | 3648/8810 [00:04<00:05, 862.69it/s]
 43%|████▎     | 3766/8810 [00:04<00:05, 946.73it/s]
 44%|████▍     | 3866/8810 [00:04<00:07, 666.69it/s]
 45%|████▍     | 3953/8810 [00:04<00:06, 703.42it/s]
 46%|████▌     | 4072/8810 [00:04<00:05, 814.37it/s]
 47%|████▋     | 4178/8810 [00:05<00:05, 872.33it/s]
 49%|████▊     | 4274/8810 [00:05<00:06, 699.25it/s]
 50%|████▉     | 4388/8810 [00:05<00:05, 798.00it/s]
 51%|█████     | 4500/8810 [00:05<00:04, 874.53it/s]
 52%|█████▏    | 4597/8810 [00:05<00:05, 818.44it/s]
 53%|█████▎    | 4686/8810 [00:05<00:05, 700.85it/s]
 54%|█████▍    | 4785/8810 [00:05<00:05, 764.24it/s]
 55%|█████▌    | 4872/8810 [00:05<00:04, 788.18it/s]
 56%|█████▋    | 4957/8810 [00:06<00:05, 744.43it/s]
 58%|█████▊    | 5076/8810 [00:06<00:04, 856.00it/s]
 59%|█████▉    | 5184/8810 [00:06<00:03, 915.82it/s]
 60%|██████    | 5311/8810 [00:06<00:03, 985.53it/s]
 61%|██████▏   | 5413/8810 [00:06<00:05, 674.16it/s]
 62%|██████▏   | 5502/8810 [00:06<00:04, 719.64it/s]
 64%|██████▎   | 5610/8810 [00:06<00:04, 792.15it/s]
 65%|██████▌   | 5746/8810 [00:06<00:03, 929.77it/s]
 66%|██████▋   | 5850/8810 [00:07<00:03, 842.57it/s]
 67%|██████▋   | 5943/8810 [00:07<00:03, 728.22it/s]
 69%|██████▊   | 6036/8810 [00:07<00:04, 674.69it/s]
 70%|██████▉   | 6145/8810 [00:07<00:03, 766.38it/s]
 71%|███████▏  | 6278/8810 [00:07<00:02, 901.22it/s]
 72%|███████▏  | 6377/8810 [00:07<00:02, 901.89it/s]
 73%|███████▎  | 6474/8810 [00:07<00:02, 816.10it/s]
 75%|███████▍  | 6581/8810 [00:08<00:02, 879.08it/s]
 76%|███████▌  | 6689/8810 [00:08<00:02, 928.86it/s]
 77%|███████▋  | 6790/8810 [00:08<00:02, 947.42it/s]
 78%|███████▊  | 6910/8810 [00:08<00:01, 1015.30it/s]
 80%|███████▉  | 7015/8810 [00:08<00:02, 857.14it/s] 
 81%|████████  | 7120/8810 [00:08<00:01, 905.69it/s]
 82%|████████▏ | 7216/8810 [00:08<00:01, 837.64it/s]
 83%|████████▎ | 7312/8810 [00:08<00:01, 863.06it/s]
 84%|████████▍ | 7402/8810 [00:08<00:01, 728.67it/s]
 85%|████████▍ | 7481/8810 [00:09<00:02, 659.46it/s]
 86%|████████▌ | 7552/8810 [00:09<00:02, 584.85it/s]
 87%|████████▋ | 7641/8810 [00:09<00:01, 648.61it/s]
 88%|████████▊ | 7715/8810 [00:09<00:01, 550.74it/s]
 88%|████████▊ | 7776/8810 [00:09<00:01, 531.38it/s]
 89%|████████▉ | 7833/8810 [00:09<00:02, 413.16it/s]
 89%|████████▉ | 7880/8810 [00:10<00:02, 415.09it/s]
 90%|████████▉ | 7926/8810 [00:10<00:02, 418.58it/s]
 90%|█████████ | 7971/8810 [00:10<00:02, 400.69it/s]
 91%|█████████ | 8037/8810 [00:10<00:01, 406.82it/s]
 92%|█████████▏| 8144/8810 [00:10<00:01, 558.08it/s]
 93%|█████████▎| 8217/8810 [00:10<00:00, 599.90it/s]
 95%|█████████▍| 8336/8810 [00:10<00:00, 753.90it/s]
 96%|█████████▌| 8417/8810 [00:10<00:00, 671.75it/s]
 97%|█████████▋| 8515/8810 [00:11<00:00, 749.19it/s]
 98%|█████████▊| 8606/8810 [00:11<00:00, 788.16it/s]
 99%|█████████▊| 8696/8810 [00:11<00:00, 818.19it/s]
100%|█████████▉| 8781/8810 [00:11<00:00, 708.70it/s]
100%|██████████| 8810/8810 [00:11<00:00, 772.36it/s]
