
  0%|          | 0/8810 [00:00<?, ?it/s]
  1%|          | 69/8810 [00:00<00:12, 684.41it/s]
  2%|▏         | 166/8810 [00:00<00:10, 850.07it/s]
  3%|▎         | 252/8810 [00:00<00:12, 676.72it/s]
  4%|▍         | 341/8810 [00:00<00:11, 747.89it/s]
  5%|▍         | 419/8810 [00:00<00:11, 758.10it/s]
  6%|▌         | 497/8810 [00:00<00:11, 746.83it/s]
  7%|▋         | 601/8810 [00:00<00:09, 833.49it/s]
  8%|▊         | 686/8810 [00:00<00:11, 720.43it/s]
  9%|▊         | 762/8810 [00:01<00:11, 696.71it/s]
  9%|▉         | 834/8810 [00:01<00:11, 693.55it/s]
 10%|█         | 905/8810 [00:01<00:12, 644.93it/s]
 11%|█         | 971/8810 [00:01<00:12, 646.97it/s]
 12%|█▏        | 1037/8810 [00:01<00:12, 640.54it/s]
 13%|█▎        | 1104/8810 [00:01<00:11, 646.75it/s]
 13%|█▎        | 1183/8810 [00:01<00:11, 682.50it/s]
 14%|█▍        | 1256/8810 [00:01<00:10, 694.14it/s]
 15%|█▌        | 1329/8810 [00:01<00:10, 701.49it/s]
 16%|█▌        | 1400/8810 [00:01<00:10, 682.57it/s]
 17%|█▋        | 1469/8810 [00:02<00:11, 617.26it/s]
 18%|█▊        | 1543/8810 [00:02<00:11, 642.66it/s]
 19%|█▊        | 1642/8810 [00:02<00:09, 738.33it/s]
 20%|█▉        | 1718/8810 [00:02<00:09, 733.05it/s]
 21%|██        | 1814/8810 [00:02<00:08, 795.16it/s]
 22%|██▏       | 1895/8810 [00:02<00:10, 643.49it/s]
 22%|██▏       | 1976/8810 [00:02<00:10, 681.69it/s]
 23%|██▎       | 2066/8810 [00:02<00:09, 734.11it/s]
 24%|██▍       | 2150/8810 [00:03<00:08, 762.15it/s]
 25%|██▌       | 2230/8810 [00:03<00:08, 767.23it/s]
 26%|██▌       | 2309/8810 [00:03<00:10, 646.88it/s]
 27%|██▋       | 2380/8810 [00:03<00:09, 662.80it/s]
 28%|██▊       | 2492/8810 [00:03<00:08, 781.77it/s]
 30%|██▉       | 2615/8810 [00:03<00:06, 902.01it/s]
 31%|███       | 2709/8810 [00:03<00:06, 895.70it/s]
 32%|███▏      | 2802/8810 [00:03<00:08, 744.55it/s]
 33%|███▎      | 2891/8810 [00:03<00:07, 779.94it/s]
 34%|███▍      | 2974/8810 [00:04<00:08, 705.46it/s]
 35%|███▍      | 3049/8810 [00:04<00:08, 711.38it/s]
 35%|███▌      | 3124/8810 [00:04<00:08, 667.86it/s]
 36%|███▋      | 3194/8810 [00:04<00:08, 649.96it/s]
 37%|███▋      | 3261/8810 [00:04<00:08, 638.63it/s]
 38%|███▊      | 3359/8810 [00:04<00:07, 728.15it/s]
 39%|███▉      | 3434/8810 [00:04<00:08, 655.16it/s]
 40%|███▉      | 3521/8810 [00:04<00:07, 709.28it/s]
 41%|████      | 3619/8810 [00:05<00:06, 779.04it/s]
 42%|████▏     | 3722/8810 [00:05<00:06, 846.00it/s]
 43%|████▎     | 3809/8810 [00:05<00:06, 762.67it/s]
 44%|████▍     | 3889/8810 [00:05<00:06, 755.12it/s]
 46%|████▌     | 4015/8810 [00:05<00:05, 886.53it/s]
 47%|████▋     | 4107/8810 [00:05<00:05, 870.46it/s]
 48%|████▊     | 4196/8810 [00:05<00:06, 768.28it/s]
 49%|████▊     | 4294/8810 [00:05<00:05, 820.32it/s]
 50%|████▉     | 4393/8810 [00:05<00:05, 858.98it/s]
 51%|█████     | 4482/8810 [00:06<00:05, 817.65it/s]
 52%|█████▏    | 4566/8810 [00:06<00:05, 750.50it/s]
 53%|█████▎    | 4644/8810 [00:06<00:06, 655.93it/s]
 53%|█████▎    | 4713/8810 [00:06<00:06, 638.97it/s]
 54%|█████▍    | 4785/8810 [00:06<00:06, 658.73it/s]
 55%|█████▌    | 4853/8810 [00:06<00:06, 633.30it/s]
 56%|█████▌    | 4919/8810 [00:06<00:06, 640.20it/s]
 57%|█████▋    | 4984/8810 [00:06<00:06, 573.45it/s]
 57%|█████▋    | 5057/8810 [00:07<00:06, 609.19it/s]
 58%|█████▊    | 5141/8810 [00:07<00:05, 667.77it/s]
 59%|█████▉    | 5210/8810 [00:07<00:05, 643.50it/s]
 60%|██████    | 5304/8810 [00:07<00:04, 718.30it/s]
 61%|██████    | 5378/8810 [00:07<00:05, 645.98it/s]
 62%|██████▏   | 5445/8810 [00:07<00:05, 638.64it/s]
 63%|██████▎   | 5537/8810 [00:07<00:04, 709.12it/s]
 64%|██████▎   | 5613/8810 [00:07<00:04, 719.74it/s]
 65%|██████▍   | 5699/8810 [00:07<00:04, 757.28it/s]
 66%|██████▌   | 5776/8810 [00:08<00:04, 666.23it/s]
 66%|██████▋   | 5851/8810 [00:08<00:04, 686.00it/s]
 67%|██████▋   | 5922/8810 [00:08<00:04, 633.82it/s]
 68%|██████▊   | 6004/8810 [00:08<00:04, 680.69it/s]
 69%|██████▉   | 6075/8810 [00:08<00:04, 666.29it/s]
 70%|██████▉   | 6144/8810 [00:08<00:04, 644.84it/s]
 71%|███████   | 6243/8810 [00:08<00:03, 736.85it/s]
 72%|███████▏  | 6332/8810 [00:08<00:03, 776.21it/s]
 73%|███████▎  | 6411/8810 [00:09<00:03, 693.85it/s]
 74%|███████▎  | 6483/8810 [00:09<00:03, 641.81it/s]
 74%|███████▍  | 6560/8810 [00:09<00:03, 671.22it/s]
 75%|███████▌  | 6635/8810 [00:09<00:03, 690.38it/s]
 76%|███████▋  | 6728/8810 [00:09<00:02, 753.98it/s]
 77%|███████▋  | 6821/8810 [00:09<00:02, 796.84it/s]
 78%|███████▊  | 6911/8810 [00:09<00:02, 823.68it/s]
 79%|███████▉  | 6995/8810 [00:09<00:02, 767.17it/s]
 80%|████████  | 7086/8810 [00:09<00:02, 805.52it/s]
 81%|████████▏ | 7168/8810 [00:10<00:02, 709.30it/s]
 82%|████████▏ | 7242/8810 [00:10<00:02, 714.90it/s]
 83%|████████▎ | 7335/8810 [00:10<00:01, 769.48it/s]
 84%|████████▍ | 7414/8810 [00:10<00:01, 729.48it/s]
 85%|████████▌ | 7489/8810 [00:10<00:02, 627.54it/s]
 86%|████████▌ | 7555/8810 [00:10<00:02, 611.74it/s]
 87%|████████▋ | 7646/8810 [00:10<00:01, 684.55it/s]
 88%|████████▊ | 7718/8810 [00:10<00:01, 615.27it/s]
 88%|████████▊ | 7783/8810 [00:10<00:01, 616.52it/s]
 89%|████████▉ | 7852/8810 [00:11<00:01, 633.99it/s]
 90%|█████████ | 7945/8810 [00:11<00:01, 713.34it/s]
 91%|█████████ | 8023/8810 [00:11<00:01, 731.16it/s]
 92%|█████████▏| 8098/8810 [00:11<00:01, 634.33it/s]
 93%|█████████▎| 8174/8810 [00:11<00:00, 664.67it/s]
 94%|█████████▎| 8244/8810 [00:11<00:00, 631.05it/s]
 94%|█████████▍| 8320/8810 [00:11<00:00, 661.34it/s]
 95%|█████████▌| 8388/8810 [00:11<00:00, 612.86it/s]
 96%|█████████▋| 8493/8810 [00:12<00:00, 726.38it/s]
 97%|█████████▋| 8588/8810 [00:12<00:00, 787.56it/s]
 98%|█████████▊| 8670/8810 [00:12<00:00, 764.07it/s]
 99%|█████████▉| 8749/8810 [00:12<00:00, 721.09it/s]
100%|██████████| 8810/8810 [00:12<00:00, 709.97it/s]
