
  0%|          | 0/8810 [00:00<?, ?it/s]
  2%|▏         | 181/8810 [00:00<00:05, 1538.13it/s]
  5%|▍         | 429/8810 [00:00<00:04, 2053.09it/s]
  7%|▋         | 656/8810 [00:00<00:04, 1961.34it/s]
 10%|▉         | 880/8810 [00:00<00:03, 2056.29it/s]
 12%|█▏        | 1088/8810 [00:00<00:04, 1865.52it/s]
 15%|█▌        | 1329/8810 [00:00<00:03, 2028.38it/s]
 17%|█▋        | 1536/8810 [00:00<00:03, 1896.96it/s]
 20%|██        | 1784/8810 [00:00<00:03, 2061.53it/s]
 23%|██▎       | 1995/8810 [00:01<00:03, 1877.87it/s]
 26%|██▌       | 2262/8810 [00:01<00:03, 2090.39it/s]
 28%|██▊       | 2478/8810 [00:01<00:03, 1952.59it/s]
 31%|███       | 2744/8810 [00:01<00:03, 1931.23it/s]
 33%|███▎      | 2942/8810 [00:01<00:03, 1939.99it/s]
 36%|███▌      | 3139/8810 [00:01<00:03, 1847.62it/s]
 38%|███▊      | 3363/8810 [00:01<00:02, 1952.41it/s]
 40%|████      | 3562/8810 [00:01<00:02, 1796.54it/s]
 43%|████▎     | 3774/8810 [00:01<00:02, 1766.45it/s]
 45%|████▌     | 3969/8810 [00:02<00:02, 1812.67it/s]
 47%|████▋     | 4180/8810 [00:02<00:02, 1838.41it/s]
 51%|█████     | 4467/8810 [00:02<00:02, 2117.36it/s]
 53%|█████▎    | 4683/8810 [00:02<00:02, 1862.19it/s]
 55%|█████▌    | 4885/8810 [00:02<00:02, 1902.42it/s]
 58%|█████▊    | 5082/8810 [00:02<00:02, 1723.52it/s]
 60%|██████    | 5319/8810 [00:02<00:01, 1886.04it/s]
 63%|██████▎   | 5515/8810 [00:02<00:01, 1825.42it/s]
 65%|██████▌   | 5754/8810 [00:03<00:01, 1806.22it/s]
 67%|██████▋   | 5939/8810 [00:03<00:01, 1775.53it/s]
 69%|██████▉   | 6119/8810 [00:03<00:01, 1754.76it/s]
 72%|███████▏  | 6370/8810 [00:03<00:01, 1960.05it/s]
 75%|███████▍  | 6570/8810 [00:03<00:01, 1865.76it/s]
 78%|███████▊  | 6883/8810 [00:03<00:00, 2210.69it/s]
 81%|████████  | 7110/8810 [00:03<00:00, 1956.77it/s]
 83%|████████▎ | 7343/8810 [00:03<00:00, 2050.89it/s]
 86%|████████▌ | 7556/8810 [00:03<00:00, 1841.38it/s]
 88%|████████▊ | 7749/8810 [00:04<00:00, 1800.41it/s]
 90%|█████████ | 7951/8810 [00:04<00:00, 1856.27it/s]
 92%|█████████▏| 8142/8810 [00:04<00:00, 1730.70it/s]
 95%|█████████▍| 8361/8810 [00:04<00:00, 1695.44it/s]
 97%|█████████▋| 8587/8810 [00:04<00:00, 1838.44it/s]
100%|█████████▉| 8776/8810 [00:04<00:00, 1701.18it/s]
100%|██████████| 8810/8810 [00:04<00:00, 1876.25it/s]
