
  0%|          | 0/8810 [00:00<?, ?it/s]
  2%|▏         | 181/8810 [00:00<00:05, 1518.98it/s]
  5%|▍         | 430/8810 [00:00<00:04, 2044.73it/s]
  7%|▋         | 656/8810 [00:00<00:04, 1916.25it/s]
 10%|▉         | 851/8810 [00:00<00:04, 1873.13it/s]
 12%|█▏        | 1041/8810 [00:00<00:04, 1715.57it/s]
 14%|█▍        | 1250/8810 [00:00<00:04, 1828.12it/s]
 17%|█▋        | 1457/8810 [00:00<00:04, 1728.23it/s]
 19%|█▉        | 1659/8810 [00:00<00:03, 1804.72it/s]
 21%|██        | 1843/8810 [00:01<00:04, 1627.07it/s]
 23%|██▎       | 2062/8810 [00:01<00:03, 1777.45it/s]
 26%|██▌       | 2263/8810 [00:01<00:03, 1720.71it/s]
 28%|██▊       | 2494/8810 [00:01<00:03, 1878.87it/s]
 30%|███       | 2687/8810 [00:01<00:03, 1867.86it/s]
 33%|███▎      | 2878/8810 [00:01<00:03, 1692.92it/s]
 35%|███▍      | 3057/8810 [00:01<00:03, 1604.14it/s]
 37%|███▋      | 3238/8810 [00:01<00:03, 1651.91it/s]
 39%|███▊      | 3410/8810 [00:01<00:03, 1601.65it/s]
 41%|████      | 3610/8810 [00:02<00:03, 1707.26it/s]
 43%|████▎     | 3784/8810 [00:02<00:03, 1631.08it/s]
 45%|████▌     | 3992/8810 [00:02<00:02, 1751.57it/s]
 47%|████▋     | 4180/8810 [00:02<00:02, 1777.62it/s]
 50%|█████     | 4418/8810 [00:02<00:02, 1945.92it/s]
 52%|█████▏    | 4625/8810 [00:02<00:02, 1796.86it/s]
 55%|█████▍    | 4809/8810 [00:02<00:02, 1775.47it/s]
 57%|█████▋    | 4990/8810 [00:02<00:02, 1577.84it/s]
 59%|█████▉    | 5204/8810 [00:02<00:02, 1723.17it/s]
 61%|██████    | 5383/8810 [00:03<00:02, 1649.44it/s]
 64%|██████▍   | 5628/8810 [00:03<00:01, 1862.64it/s]
 66%|██████▌   | 5820/8810 [00:03<00:01, 1847.13it/s]
 68%|██████▊   | 6009/8810 [00:03<00:01, 1686.70it/s]
 70%|███████   | 6183/8810 [00:03<00:01, 1527.17it/s]
 72%|███████▏  | 6376/8810 [00:03<00:01, 1628.63it/s]
 74%|███████▍  | 6545/8810 [00:03<00:01, 1571.85it/s]
 77%|███████▋  | 6763/8810 [00:03<00:01, 1729.92it/s]
 79%|███████▉  | 6941/8810 [00:04<00:01, 1732.95it/s]
 81%|████████  | 7118/8810 [00:04<00:01, 1566.92it/s]
 83%|████████▎ | 7295/8810 [00:04<00:00, 1619.45it/s]
 85%|████████▍ | 7461/8810 [00:04<00:00, 1538.09it/s]
 86%|████████▋ | 7619/8810 [00:04<00:00, 1536.71it/s]
 88%|████████▊ | 7775/8810 [00:04<00:00, 1433.51it/s]
 90%|█████████ | 7951/8810 [00:04<00:00, 1517.25it/s]
 92%|█████████▏| 8106/8810 [00:04<00:00, 1436.94it/s]
 94%|█████████▍| 8268/8810 [00:04<00:00, 1485.82it/s]
 96%|█████████▌| 8419/8810 [00:05<00:00, 1407.61it/s]
 98%|█████████▊| 8604/8810 [00:05<00:00, 1523.70it/s]
 99%|█████████▉| 8759/8810 [00:05<00:00, 1398.89it/s]
100%|██████████| 8810/8810 [00:05<00:00, 1659.93it/s]
