
  0%|          | 0/8810 [00:00<?, ?it/s]
  2%|▏         | 162/8810 [00:00<00:05, 1605.19it/s]
  4%|▎         | 323/8810 [00:00<00:05, 1443.14it/s]
  6%|▌         | 541/8810 [00:00<00:04, 1754.29it/s]
  8%|▊         | 719/8810 [00:00<00:04, 1668.18it/s]
 10%|█         | 909/8810 [00:00<00:04, 1742.18it/s]
 12%|█▏        | 1085/8810 [00:00<00:04, 1672.23it/s]
 15%|█▍        | 1279/8810 [00:00<00:04, 1750.65it/s]
 17%|█▋        | 1457/8810 [00:00<00:04, 1631.48it/s]
 19%|█▊        | 1631/8810 [00:00<00:04, 1661.80it/s]
 21%|██        | 1821/8810 [00:01<00:04, 1642.35it/s]
 23%|██▎       | 2002/8810 [00:01<00:04, 1688.54it/s]
 25%|██▌       | 2218/8810 [00:01<00:03, 1819.21it/s]
 27%|██▋       | 2402/8810 [00:01<00:03, 1627.85it/s]
 30%|███       | 2653/8810 [00:01<00:03, 1852.96it/s]
 32%|███▏      | 2844/8810 [00:01<00:03, 1685.86it/s]
 35%|███▍      | 3052/8810 [00:01<00:03, 1787.39it/s]
 37%|███▋      | 3237/8810 [00:01<00:03, 1704.47it/s]
 39%|███▊      | 3412/8810 [00:02<00:03, 1635.69it/s]
 42%|████▏     | 3662/8810 [00:02<00:02, 1865.13it/s]
 44%|████▎     | 3854/8810 [00:02<00:02, 1769.41it/s]
 47%|████▋     | 4098/8810 [00:02<00:02, 1945.82it/s]
 49%|████▉     | 4298/8810 [00:02<00:02, 1847.80it/s]
 51%|█████▏    | 4534/8810 [00:02<00:02, 1984.49it/s]
 54%|█████▍    | 4737/8810 [00:02<00:02, 1702.50it/s]
 56%|█████▌    | 4932/8810 [00:02<00:02, 1619.11it/s]
 58%|█████▊    | 5142/8810 [00:02<00:02, 1737.09it/s]
 60%|██████    | 5323/8810 [00:03<00:01, 1749.83it/s]
 62%|██████▏   | 5504/8810 [00:03<00:01, 1694.48it/s]
 65%|██████▌   | 5754/8810 [00:03<00:01, 1747.88it/s]
 67%|██████▋   | 5931/8810 [00:03<00:01, 1720.32it/s]
 69%|██████▉   | 6105/8810 [00:03<00:01, 1640.73it/s]
 72%|███████▏  | 6314/8810 [00:03<00:01, 1758.36it/s]
 74%|███████▎  | 6492/8810 [00:03<00:01, 1653.24it/s]
 77%|███████▋  | 6753/8810 [00:03<00:01, 1908.01it/s]
 79%|███████▉  | 6972/8810 [00:03<00:00, 1886.87it/s]
 81%|████████▏ | 7164/8810 [00:04<00:00, 1876.00it/s]
 83%|████████▎ | 7354/8810 [00:04<00:00, 1860.95it/s]
 86%|████████▌ | 7542/8810 [00:04<00:00, 1621.39it/s]
 88%|████████▊ | 7715/8810 [00:04<00:00, 1617.56it/s]
 89%|████████▉ | 7884/8810 [00:04<00:00, 1630.43it/s]
 91%|█████████▏| 8051/8810 [00:04<00:00, 1512.11it/s]
 93%|█████████▎| 8213/8810 [00:04<00:00, 1537.99it/s]
 95%|█████████▌| 8370/8810 [00:04<00:00, 1461.90it/s]
 97%|█████████▋| 8545/8810 [00:05<00:00, 1534.55it/s]
 99%|█████████▉| 8702/8810 [00:05<00:00, 1463.62it/s]
100%|██████████| 8810/8810 [00:05<00:00, 1699.23it/s]
