
  0%|          | 0/8810 [00:00<?, ?it/s]
  2%|▏         | 181/8810 [00:00<00:06, 1381.15it/s]
  5%|▍         | 409/8810 [00:00<00:04, 1842.26it/s]
  7%|▋         | 601/8810 [00:00<00:04, 1874.84it/s]
  9%|▉         | 792/8810 [00:00<00:05, 1490.88it/s]
 11%|█         | 954/8810 [00:00<00:05, 1527.10it/s]
 13%|█▎        | 1115/8810 [00:00<00:05, 1424.13it/s]
 15%|█▍        | 1282/8810 [00:00<00:05, 1492.79it/s]
 16%|█▋        | 1446/8810 [00:00<00:04, 1528.43it/s]
 18%|█▊        | 1603/8810 [00:01<00:05, 1307.30it/s]
 20%|██        | 1780/8810 [00:01<00:04, 1427.38it/s]
 22%|██▏       | 1930/8810 [00:01<00:05, 1230.67it/s]
 24%|██▍       | 2119/8810 [00:01<00:04, 1392.42it/s]
 26%|██▌       | 2269/8810 [00:01<00:05, 1281.25it/s]
 28%|██▊       | 2445/8810 [00:01<00:04, 1400.53it/s]
 30%|██▉       | 2620/8810 [00:01<00:04, 1486.41it/s]
 32%|███▏      | 2776/8810 [00:01<00:04, 1263.51it/s]
 33%|███▎      | 2913/8810 [00:02<00:04, 1228.97it/s]
 35%|███▍      | 3057/8810 [00:02<00:04, 1164.72it/s]
 36%|███▋      | 3200/8810 [00:02<00:04, 1229.28it/s]
 38%|███▊      | 3374/8810 [00:02<00:04, 1358.41it/s]
 40%|███▉      | 3516/8810 [00:02<00:04, 1261.22it/s]
 42%|████▏     | 3709/8810 [00:02<00:03, 1425.12it/s]
 44%|████▍     | 3857/8810 [00:02<00:03, 1313.09it/s]
 46%|████▌     | 4065/8810 [00:02<00:03, 1507.09it/s]
 48%|████▊     | 4222/8810 [00:03<00:03, 1393.69it/s]
 50%|█████     | 4415/8810 [00:03<00:02, 1530.35it/s]
 52%|█████▏    | 4574/8810 [00:03<00:02, 1525.15it/s]
 54%|█████▎    | 4731/8810 [00:03<00:02, 1366.55it/s]
 55%|█████▌    | 4874/8810 [00:03<00:02, 1377.63it/s]
 57%|█████▋    | 5016/8810 [00:03<00:03, 1219.99it/s]
 59%|█████▊    | 5174/8810 [00:03<00:02, 1303.11it/s]
 61%|██████    | 5333/8810 [00:03<00:02, 1376.70it/s]
 62%|██████▏   | 5476/8810 [00:03<00:02, 1278.33it/s]
 64%|██████▍   | 5672/8810 [00:04<00:02, 1455.82it/s]
 66%|██████▌   | 5823/8810 [00:04<00:02, 1335.14it/s]
 68%|██████▊   | 5962/8810 [00:04<00:02, 1245.17it/s]
 69%|██████▉   | 6091/8810 [00:04<00:02, 1141.21it/s]
 71%|███████   | 6230/8810 [00:04<00:02, 1201.64it/s]
 73%|███████▎  | 6399/8810 [00:04<00:01, 1328.37it/s]
 74%|███████▍  | 6537/8810 [00:04<00:01, 1264.18it/s]
 76%|███████▋  | 6739/8810 [00:04<00:01, 1464.99it/s]
 79%|███████▊  | 6936/8810 [00:05<00:01, 1604.30it/s]
 81%|████████  | 7101/8810 [00:05<00:01, 1414.81it/s]
 82%|████████▏ | 7250/8810 [00:05<00:01, 1425.93it/s]
 84%|████████▍ | 7398/8810 [00:05<00:00, 1422.47it/s]
 86%|████████▌ | 7544/8810 [00:05<00:00, 1409.24it/s]
 88%|████████▊ | 7715/8810 [00:05<00:00, 1385.92it/s]
 89%|████████▉ | 7860/8810 [00:05<00:00, 1402.29it/s]
 91%|█████████ | 8029/8810 [00:05<00:00, 1476.33it/s]
 93%|█████████▎| 8179/8810 [00:05<00:00, 1390.15it/s]
 94%|█████████▍| 8320/8810 [00:06<00:00, 1382.67it/s]
 96%|█████████▌| 8460/8810 [00:06<00:00, 1281.96it/s]
 98%|█████████▊| 8643/8810 [00:06<00:00, 1428.27it/s]
100%|█████████▉| 8789/8810 [00:06<00:00, 1363.74it/s]
100%|██████████| 8810/8810 [00:06<00:00, 1376.83it/s]
