
  0%|          | 0/8810 [00:00<?, ?it/s]
  2%|▏         | 136/8810 [00:00<00:06, 1354.99it/s]
  3%|▎         | 272/8810 [00:00<00:06, 1238.02it/s]
  5%|▍         | 427/8810 [00:00<00:06, 1365.84it/s]
  7%|▋         | 651/8810 [00:00<00:04, 1695.59it/s]
  9%|▉         | 823/8810 [00:00<00:05, 1482.43it/s]
 11%|█         | 976/8810 [00:00<00:05, 1444.87it/s]
 13%|█▎        | 1124/8810 [00:00<00:05, 1345.92it/s]
 15%|█▍        | 1312/8810 [00:00<00:05, 1489.30it/s]
 17%|█▋        | 1465/8810 [00:01<00:05, 1369.86it/s]
 19%|█▊        | 1651/8810 [00:01<00:04, 1502.17it/s]
 21%|██        | 1821/8810 [00:01<00:04, 1421.89it/s]
 22%|██▏       | 1968/8810 [00:01<00:04, 1398.66it/s]
 24%|██▍       | 2142/8810 [00:01<00:04, 1490.55it/s]
 26%|██▌       | 2294/8810 [00:01<00:04, 1306.16it/s]
 28%|██▊       | 2478/8810 [00:01<00:04, 1439.62it/s]
 30%|███       | 2657/8810 [00:01<00:04, 1530.30it/s]
 32%|███▏      | 2816/8810 [00:01<00:04, 1418.42it/s]
 34%|███▍      | 2998/8810 [00:02<00:03, 1524.20it/s]
 36%|███▌      | 3156/8810 [00:02<00:04, 1406.07it/s]
 37%|███▋      | 3302/8810 [00:02<00:03, 1383.34it/s]
 39%|███▉      | 3444/8810 [00:02<00:04, 1330.81it/s]
 41%|████      | 3622/8810 [00:02<00:03, 1447.08it/s]
 43%|████▎     | 3774/8810 [00:02<00:03, 1432.49it/s]
 45%|████▍     | 3958/8810 [00:02<00:03, 1543.12it/s]
 47%|████▋     | 4166/8810 [00:02<00:02, 1695.39it/s]
 49%|████▉     | 4338/8810 [00:02<00:02, 1533.76it/s]
 51%|█████▏    | 4520/8810 [00:03<00:02, 1604.70it/s]
 53%|█████▎    | 4685/8810 [00:03<00:03, 1341.56it/s]
 55%|█████▍    | 4829/8810 [00:03<00:02, 1351.80it/s]
 56%|█████▋    | 4971/8810 [00:03<00:03, 1202.96it/s]
 58%|█████▊    | 5144/8810 [00:03<00:02, 1331.79it/s]
 60%|██████    | 5304/8810 [00:03<00:02, 1400.06it/s]
 62%|██████▏   | 5451/8810 [00:03<00:02, 1215.11it/s]
 64%|██████▍   | 5637/8810 [00:03<00:02, 1373.93it/s]
 66%|██████▌   | 5784/8810 [00:04<00:02, 1294.76it/s]
 67%|██████▋   | 5921/8810 [00:04<00:02, 1251.76it/s]
 69%|██████▊   | 6051/8810 [00:04<00:02, 1181.66it/s]
 70%|███████   | 6200/8810 [00:04<00:02, 1259.25it/s]
 72%|███████▏  | 6350/8810 [00:04<00:01, 1319.39it/s]
 74%|███████▎  | 6486/8810 [00:04<00:01, 1271.52it/s]
 75%|███████▌  | 6642/8810 [00:04<00:01, 1348.91it/s]
 77%|███████▋  | 6821/8810 [00:04<00:01, 1469.41it/s]
 79%|███████▉  | 6972/8810 [00:04<00:01, 1415.05it/s]
 81%|████████  | 7126/8810 [00:05<00:01, 1448.55it/s]
 83%|████████▎ | 7273/8810 [00:05<00:01, 1443.25it/s]
 84%|████████▍ | 7419/8810 [00:05<00:00, 1406.01it/s]
 86%|████████▌ | 7561/8810 [00:05<00:00, 1306.17it/s]
 88%|████████▊ | 7715/8810 [00:05<00:00, 1305.71it/s]
 89%|████████▉ | 7847/8810 [00:05<00:00, 1290.61it/s]
 91%|█████████ | 7977/8810 [00:05<00:00, 1209.92it/s]
 92%|█████████▏| 8100/8810 [00:05<00:00, 1022.85it/s]
 93%|█████████▎| 8208/8810 [00:06<00:00, 1031.72it/s]
 95%|█████████▍| 8355/8810 [00:06<00:00, 1141.58it/s]
 96%|█████████▌| 8474/8810 [00:06<00:00, 1047.60it/s]
 98%|█████████▊| 8623/8810 [00:06<00:00, 1148.49it/s]
 99%|█████████▉| 8742/8810 [00:06<00:00, 1047.88it/s]
100%|██████████| 8810/8810 [00:06<00:00, 1336.50it/s]
