
  0%|          | 0/8810 [00:00<?, ?it/s]
  2%|▏         | 181/8810 [00:00<00:06, 1308.79it/s]
  4%|▍         | 383/8810 [00:00<00:05, 1668.53it/s]
  7%|▋         | 590/8810 [00:00<00:04, 1833.63it/s]
  9%|▉         | 778/8810 [00:00<00:05, 1460.47it/s]
 11%|█         | 935/8810 [00:00<00:05, 1425.77it/s]
 12%|█▏        | 1085/8810 [00:00<00:05, 1356.47it/s]
 14%|█▍        | 1265/8810 [00:00<00:05, 1475.63it/s]
 16%|█▌        | 1418/8810 [00:00<00:04, 1487.92it/s]
 18%|█▊        | 1571/8810 [00:01<00:05, 1357.72it/s]
 20%|█▉        | 1752/8810 [00:01<00:04, 1478.51it/s]
 22%|██▏       | 1905/8810 [00:01<00:05, 1225.52it/s]
 23%|██▎       | 2066/8810 [00:01<00:05, 1316.67it/s]
 25%|██▌       | 2218/8810 [00:01<00:04, 1369.27it/s]
 27%|██▋       | 2362/8810 [00:01<00:05, 1218.13it/s]
 29%|██▉       | 2554/8810 [00:01<00:04, 1394.98it/s]
 31%|███       | 2731/8810 [00:01<00:04, 1493.72it/s]
 33%|███▎      | 2888/8810 [00:02<00:04, 1352.43it/s]
 35%|███▍      | 3057/8810 [00:02<00:04, 1296.72it/s]
 36%|███▋      | 3207/8810 [00:02<00:04, 1344.19it/s]
 38%|███▊      | 3370/8810 [00:02<00:03, 1417.23it/s]
 40%|███▉      | 3517/8810 [00:02<00:04, 1309.33it/s]
 42%|████▏     | 3708/8810 [00:02<00:03, 1463.95it/s]
 44%|████▍     | 3860/8810 [00:02<00:03, 1353.56it/s]
 46%|████▌     | 4057/8810 [00:02<00:03, 1511.56it/s]
 48%|████▊     | 4214/8810 [00:03<00:03, 1435.55it/s]
 50%|████▉     | 4402/8810 [00:03<00:02, 1552.21it/s]
 52%|█████▏    | 4562/8810 [00:03<00:02, 1532.71it/s]
 54%|█████▎    | 4719/8810 [00:03<00:03, 1356.09it/s]
 55%|█████▌    | 4874/8810 [00:03<00:02, 1403.65it/s]
 57%|█████▋    | 5019/8810 [00:03<00:02, 1332.62it/s]
 59%|█████▉    | 5180/8810 [00:03<00:02, 1405.30it/s]
 61%|██████    | 5349/8810 [00:03<00:02, 1483.60it/s]
 62%|██████▏   | 5501/8810 [00:03<00:02, 1382.06it/s]
 65%|██████▍   | 5700/8810 [00:04<00:02, 1544.47it/s]
 67%|██████▋   | 5859/8810 [00:04<00:02, 1424.73it/s]
 68%|██████▊   | 6006/8810 [00:04<00:02, 1387.57it/s]
 70%|██████▉   | 6148/8810 [00:04<00:02, 1317.65it/s]
 72%|███████▏  | 6330/8810 [00:04<00:01, 1451.08it/s]
 74%|███████▎  | 6479/8810 [00:04<00:01, 1320.11it/s]
 76%|███████▌  | 6674/8810 [00:04<00:01, 1483.07it/s]
 78%|███████▊  | 6874/8810 [00:04<00:01, 1621.09it/s]
 80%|███████▉  | 7041/8810 [00:04<00:01, 1431.99it/s]
 82%|████████▏ | 7192/8810 [00:05<00:01, 1369.98it/s]
 84%|████████▎ | 7358/8810 [00:05<00:01, 1442.25it/s]
 85%|████████▌ | 7507/8810 [00:05<00:00, 1315.65it/s]
 87%|████████▋ | 7675/8810 [00:05<00:00, 1406.66it/s]
 89%|████████▉ | 7821/8810 [00:05<00:00, 1232.30it/s]
 90%|█████████ | 7956/8810 [00:05<00:00, 1260.85it/s]
 92%|█████████▏| 8088/8810 [00:05<00:00, 1157.24it/s]
 93%|█████████▎| 8209/8810 [00:05<00:00, 1167.55it/s]
 95%|█████████▍| 8361/8810 [00:06<00:00, 1138.71it/s]
 97%|█████████▋| 8515/8810 [00:06<00:00, 1238.41it/s]
 99%|█████████▊| 8693/8810 [00:06<00:00, 1372.93it/s]
100%|██████████| 8810/8810 [00:06<00:00, 1380.84it/s]
