
  0%|          | 0/8810 [00:00<?, ?it/s]
  2%|▏         | 181/8810 [00:00<00:06, 1400.06it/s]
  4%|▍         | 382/8810 [00:00<00:04, 1708.60it/s]
  6%|▋         | 570/8810 [00:00<00:04, 1774.62it/s]
  9%|▊         | 750/8810 [00:00<00:05, 1439.04it/s]
 10%|█         | 905/8810 [00:00<00:05, 1466.78it/s]
 12%|█▏        | 1058/8810 [00:00<00:05, 1402.71it/s]
 14%|█▍        | 1225/8810 [00:00<00:05, 1475.27it/s]
 16%|█▌        | 1377/8810 [00:00<00:05, 1428.94it/s]
 17%|█▋        | 1523/8810 [00:01<00:05, 1359.59it/s]
 19%|█▉        | 1705/8810 [00:01<00:04, 1482.10it/s]
 21%|██        | 1856/8810 [00:01<00:05, 1337.66it/s]
 23%|██▎       | 2038/8810 [00:01<00:04, 1465.94it/s]
 25%|██▌       | 2217/8810 [00:01<00:04, 1546.18it/s]
 27%|██▋       | 2376/8810 [00:01<00:04, 1369.12it/s]
 29%|██▉       | 2580/8810 [00:01<00:04, 1535.98it/s]
 31%|███       | 2744/8810 [00:01<00:04, 1446.77it/s]
 33%|███▎      | 2896/8810 [00:01<00:04, 1465.36it/s]
 35%|███▍      | 3057/8810 [00:02<00:04, 1362.05it/s]
 37%|███▋      | 3225/8810 [00:02<00:03, 1439.50it/s]
 38%|███▊      | 3389/8810 [00:02<00:03, 1492.87it/s]
 40%|████      | 3542/8810 [00:02<00:03, 1392.83it/s]
 43%|████▎     | 3752/8810 [00:02<00:03, 1582.77it/s]
 44%|████▍     | 3915/8810 [00:02<00:03, 1393.81it/s]
 47%|████▋     | 4123/8810 [00:02<00:02, 1568.95it/s]
 49%|████▊     | 4288/8810 [00:02<00:03, 1497.82it/s]
 51%|█████     | 4493/8810 [00:03<00:02, 1643.51it/s]
 53%|█████▎    | 4664/8810 [00:03<00:02, 1522.01it/s]
 55%|█████▍    | 4822/8810 [00:03<00:02, 1502.39it/s]
 56%|█████▋    | 4976/8810 [00:03<00:02, 1348.54it/s]
 58%|█████▊    | 5141/8810 [00:03<00:02, 1423.83it/s]
 60%|██████    | 5318/8810 [00:03<00:02, 1513.26it/s]
 62%|██████▏   | 5474/8810 [00:03<00:02, 1414.66it/s]
 64%|██████▍   | 5681/8810 [00:03<00:01, 1589.59it/s]
 66%|██████▋   | 5845/8810 [00:03<00:01, 1504.15it/s]
 68%|██████▊   | 6000/8810 [00:04<00:01, 1449.20it/s]
 70%|██████▉   | 6148/8810 [00:04<00:01, 1368.43it/s]
 72%|███████▏  | 6334/8810 [00:04<00:01, 1490.72it/s]
 74%|███████▎  | 6487/8810 [00:04<00:01, 1395.45it/s]
 76%|███████▌  | 6689/8810 [00:04<00:01, 1556.26it/s]
 78%|███████▊  | 6858/8810 [00:04<00:01, 1591.82it/s]
 80%|███████▉  | 7021/8810 [00:04<00:01, 1429.98it/s]
 81%|████████▏ | 7169/8810 [00:04<00:01, 1405.68it/s]
 83%|████████▎ | 7349/8810 [00:04<00:00, 1510.69it/s]
 85%|████████▌ | 7504/8810 [00:05<00:00, 1354.19it/s]
 87%|████████▋ | 7673/8810 [00:05<00:00, 1436.17it/s]
 89%|████████▉ | 7822/8810 [00:05<00:00, 1333.53it/s]
 91%|█████████ | 7982/8810 [00:05<00:00, 1403.13it/s]
 92%|█████████▏| 8127/8810 [00:05<00:00, 1273.47it/s]
 94%|█████████▍| 8290/8810 [00:05<00:00, 1364.72it/s]
 96%|█████████▌| 8431/8810 [00:05<00:00, 1296.21it/s]
 98%|█████████▊| 8630/8810 [00:05<00:00, 1479.41it/s]
100%|█████████▉| 8783/8810 [00:06<00:00, 1427.75it/s]
100%|██████████| 8810/8810 [00:06<00:00, 1454.19it/s]
