
  0%|          | 0/8810 [00:00<?, ?it/s]
  1%|          | 83/8810 [00:00<00:10, 825.07it/s]
  2%|▏         | 181/8810 [00:00<00:11, 755.38it/s]
  3%|▎         | 286/8810 [00:00<00:09, 873.42it/s]
  4%|▍         | 376/8810 [00:00<00:09, 860.80it/s]
  5%|▌         | 464/8810 [00:00<00:09, 856.43it/s]
  7%|▋         | 591/8810 [00:00<00:08, 987.38it/s]
  8%|▊         | 691/8810 [00:00<00:10, 802.11it/s]
  9%|▉         | 777/8810 [00:00<00:10, 739.10it/s]
 10%|▉         | 856/8810 [00:01<00:10, 729.77it/s]
 11%|█         | 934/8810 [00:01<00:10, 740.23it/s]
 11%|█▏        | 1011/8810 [00:01<00:11, 650.48it/s]
 12%|█▏        | 1099/8810 [00:01<00:10, 707.69it/s]
 13%|█▎        | 1181/8810 [00:01<00:10, 736.98it/s]
 14%|█▍        | 1266/8810 [00:01<00:09, 764.99it/s]
 15%|█▌        | 1345/8810 [00:01<00:10, 700.33it/s]
 16%|█▌        | 1418/8810 [00:01<00:10, 688.02it/s]
 17%|█▋        | 1489/8810 [00:02<00:12, 577.65it/s]
 18%|█▊        | 1551/8810 [00:02<00:12, 564.30it/s]
 19%|█▊        | 1634/8810 [00:02<00:11, 626.33it/s]
 19%|█▉        | 1700/8810 [00:02<00:11, 624.67it/s]
 20%|██        | 1771/8810 [00:02<00:10, 643.59it/s]
 21%|██        | 1837/8810 [00:02<00:13, 505.99it/s]
 21%|██▏       | 1893/8810 [00:02<00:14, 483.97it/s]
 22%|██▏       | 1956/8810 [00:02<00:13, 516.76it/s]
 23%|██▎       | 2012/8810 [00:03<00:13, 498.61it/s]
 23%|██▎       | 2066/8810 [00:03<00:13, 503.77it/s]
 24%|██▍       | 2136/8810 [00:03<00:12, 555.09it/s]
 25%|██▍       | 2194/8810 [00:03<00:11, 554.29it/s]
 26%|██▌       | 2251/8810 [00:03<00:12, 536.78it/s]
 26%|██▌       | 2306/8810 [00:03<00:13, 492.75it/s]
 27%|██▋       | 2371/8810 [00:03<00:12, 530.21it/s]
 28%|██▊       | 2445/8810 [00:03<00:10, 585.37it/s]
 29%|██▊       | 2516/8810 [00:03<00:10, 617.43it/s]
 30%|██▉       | 2618/8810 [00:04<00:08, 728.00it/s]
 31%|███       | 2709/8810 [00:04<00:07, 777.49it/s]
 32%|███▏      | 2788/8810 [00:04<00:09, 664.84it/s]
 33%|███▎      | 2882/8810 [00:04<00:08, 735.78it/s]
 34%|███▎      | 2960/8810 [00:04<00:08, 717.32it/s]
 34%|███▍      | 3035/8810 [00:04<00:08, 695.31it/s]
 35%|███▌      | 3107/8810 [00:04<00:08, 668.20it/s]
 36%|███▌      | 3176/8810 [00:04<00:08, 653.06it/s]
 37%|███▋      | 3243/8810 [00:04<00:09, 568.46it/s]
 38%|███▊      | 3317/8810 [00:05<00:09, 607.25it/s]
 38%|███▊      | 3383/8810 [00:05<00:08, 617.47it/s]
 39%|███▉      | 3447/8810 [00:05<00:09, 570.30it/s]
 40%|████      | 3524/8810 [00:05<00:08, 618.47it/s]
 41%|████      | 3618/8810 [00:05<00:07, 700.92it/s]
 42%|████▏     | 3695/8810 [00:05<00:07, 719.16it/s]
 43%|████▎     | 3769/8810 [00:05<00:06, 721.49it/s]
 44%|████▎     | 3843/8810 [00:05<00:07, 630.02it/s]
 44%|████▍     | 3909/8810 [00:05<00:07, 636.78it/s]
 46%|████▌     | 4023/8810 [00:06<00:06, 768.35it/s]
 47%|████▋     | 4108/8810 [00:06<00:05, 785.31it/s]
 48%|████▊     | 4189/8810 [00:06<00:06, 711.29it/s]
 49%|████▊     | 4290/8810 [00:06<00:05, 787.72it/s]
 50%|████▉     | 4382/8810 [00:06<00:05, 819.09it/s]
 51%|█████     | 4466/8810 [00:06<00:05, 778.61it/s]
 52%|█████▏    | 4546/8810 [00:06<00:05, 726.43it/s]
 52%|█████▏    | 4622/8810 [00:06<00:05, 732.04it/s]
 53%|█████▎    | 4697/8810 [00:07<00:06, 589.46it/s]
 54%|█████▍    | 4766/8810 [00:07<00:06, 609.91it/s]
 55%|█████▍    | 4831/8810 [00:07<00:06, 601.73it/s]
 56%|█████▌    | 4894/8810 [00:07<00:06, 565.37it/s]
 56%|█████▌    | 4953/8810 [00:07<00:07, 522.48it/s]
 57%|█████▋    | 5025/8810 [00:07<00:06, 569.32it/s]
 58%|█████▊    | 5085/8810 [00:07<00:06, 572.35it/s]
 58%|█████▊    | 5153/8810 [00:07<00:06, 594.06it/s]
 59%|█████▉    | 5214/8810 [00:07<00:06, 585.54it/s]
 60%|█████▉    | 5284/8810 [00:08<00:05, 614.48it/s]
 61%|██████    | 5347/8810 [00:08<00:05, 611.24it/s]
 61%|██████▏   | 5409/8810 [00:08<00:06, 547.82it/s]
 62%|██████▏   | 5488/8810 [00:08<00:05, 611.18it/s]
 63%|██████▎   | 5562/8810 [00:08<00:05, 644.81it/s]
 64%|██████▍   | 5634/8810 [00:08<00:04, 663.61it/s]
 65%|██████▍   | 5702/8810 [00:08<00:04, 655.98it/s]
 65%|██████▌   | 5769/8810 [00:08<00:05, 541.23it/s]
 66%|██████▌   | 5827/8810 [00:09<00:05, 545.32it/s]
 67%|██████▋   | 5885/8810 [00:09<00:06, 469.73it/s]
 67%|██████▋   | 5936/8810 [00:09<00:06, 420.15it/s]
 68%|██████▊   | 5993/8810 [00:09<00:06, 454.48it/s]
 69%|██████▊   | 6042/8810 [00:09<00:06, 454.12it/s]
 69%|██████▉   | 6117/8810 [00:09<00:05, 530.28it/s]
 70%|███████   | 6177/8810 [00:09<00:04, 545.66it/s]
 71%|███████   | 6256/8810 [00:09<00:04, 608.76it/s]
 72%|███████▏  | 6334/8810 [00:09<00:03, 655.54it/s]
 73%|███████▎  | 6402/8810 [00:10<00:03, 626.91it/s]
 74%|███████▎  | 6483/8810 [00:10<00:03, 676.97it/s]
 75%|███████▍  | 6580/8810 [00:10<00:02, 757.51it/s]
 76%|███████▌  | 6689/8810 [00:10<00:02, 852.87it/s]
 77%|███████▋  | 6776/8810 [00:10<00:02, 836.44it/s]
 78%|███████▊  | 6875/8810 [00:10<00:02, 879.75it/s]
 79%|███████▉  | 6964/8810 [00:10<00:02, 871.16it/s]
 80%|████████  | 7052/8810 [00:10<00:02, 751.73it/s]
 81%|████████  | 7133/8810 [00:10<00:02, 764.67it/s]
 82%|████████▏ | 7212/8810 [00:11<00:02, 751.43it/s]
 83%|████████▎ | 7307/8810 [00:11<00:01, 805.64it/s]
 84%|████████▍ | 7390/8810 [00:11<00:01, 750.37it/s]
 85%|████████▍ | 7467/8810 [00:11<00:01, 690.83it/s]
 86%|████████▌ | 7538/8810 [00:11<00:02, 588.25it/s]
 87%|████████▋ | 7636/8810 [00:11<00:01, 678.91it/s]
 88%|████████▊ | 7709/8810 [00:11<00:01, 627.48it/s]
 88%|████████▊ | 7776/8810 [00:11<00:01, 559.67it/s]
 89%|████████▉ | 7860/8810 [00:12<00:01, 625.04it/s]
 90%|█████████ | 7953/8810 [00:12<00:01, 701.06it/s]
 91%|█████████ | 8028/8810 [00:12<00:01, 643.61it/s]
 92%|█████████▏| 8096/8810 [00:12<00:01, 531.49it/s]
 93%|█████████▎| 8155/8810 [00:12<00:01, 516.65it/s]
 93%|█████████▎| 8211/8810 [00:12<00:01, 483.20it/s]
 94%|█████████▍| 8284/8810 [00:12<00:00, 539.78it/s]
 95%|█████████▍| 8354/8810 [00:12<00:00, 576.50it/s]
 96%|█████████▌| 8415/8810 [00:13<00:00, 531.56it/s]
 96%|█████████▋| 8488/8810 [00:13<00:00, 577.34it/s]
 97%|█████████▋| 8574/8810 [00:13<00:00, 649.60it/s]
 98%|█████████▊| 8648/8810 [00:13<00:00, 670.35it/s]
 99%|█████████▉| 8717/8810 [00:13<00:00, 598.07it/s]
100%|██████████| 8810/8810 [00:13<00:00, 643.59it/s]
