
  0%|          | 0/8810 [00:00<?, ?it/s]
  2%|▏         | 181/8810 [00:00<00:06, 1418.76it/s]
  5%|▍         | 412/8810 [00:00<00:04, 1880.83it/s]
  7%|▋         | 653/8810 [00:00<00:03, 2102.76it/s]
 10%|▉         | 868/8810 [00:00<00:04, 1724.21it/s]
 12%|█▏        | 1051/8810 [00:00<00:05, 1497.79it/s]
 14%|█▍        | 1220/8810 [00:00<00:04, 1548.46it/s]
 16%|█▌        | 1383/8810 [00:00<00:04, 1492.50it/s]
 17%|█▋        | 1537/8810 [00:01<00:05, 1324.08it/s]
 19%|█▉        | 1675/8810 [00:01<00:05, 1327.28it/s]
 21%|██        | 1821/8810 [00:01<00:05, 1276.20it/s]
 22%|██▏       | 1959/8810 [00:01<00:05, 1301.25it/s]
 25%|██▍       | 2167/8810 [00:01<00:04, 1510.43it/s]
 26%|██▋       | 2322/8810 [00:01<00:04, 1307.79it/s]
 28%|██▊       | 2501/8810 [00:01<00:04, 1424.11it/s]
 30%|███       | 2677/8810 [00:01<00:04, 1512.41it/s]
 32%|███▏      | 2835/8810 [00:01<00:04, 1326.97it/s]
 34%|███▍      | 2976/8810 [00:02<00:04, 1339.44it/s]
 35%|███▌      | 3116/8810 [00:02<00:04, 1242.75it/s]
 37%|███▋      | 3245/8810 [00:02<00:04, 1233.43it/s]
 39%|███▊      | 3401/8810 [00:02<00:04, 1319.18it/s]
 40%|████      | 3537/8810 [00:02<00:04, 1230.95it/s]
 42%|████▏     | 3709/8810 [00:02<00:03, 1354.64it/s]
 44%|████▎     | 3848/8810 [00:02<00:04, 1230.38it/s]
 46%|████▌     | 4028/8810 [00:02<00:03, 1376.86it/s]
 47%|████▋     | 4180/8810 [00:03<00:03, 1274.40it/s]
 49%|████▉     | 4325/8810 [00:03<00:03, 1319.78it/s]
 51%|█████     | 4508/8810 [00:03<00:02, 1456.26it/s]
 53%|█████▎    | 4658/8810 [00:03<00:03, 1333.77it/s]
 54%|█████▍    | 4796/8810 [00:03<00:03, 1289.40it/s]
 56%|█████▌    | 4932/8810 [00:03<00:03, 1188.56it/s]
 58%|█████▊    | 5114/8810 [00:03<00:02, 1347.68it/s]
 60%|█████▉    | 5274/8810 [00:03<00:02, 1412.06it/s]
 62%|██████▏   | 5420/8810 [00:03<00:02, 1225.93it/s]
 63%|██████▎   | 5575/8810 [00:04<00:02, 1306.06it/s]
 65%|██████▌   | 5754/8810 [00:04<00:02, 1303.01it/s]
 67%|██████▋   | 5897/8810 [00:04<00:02, 1330.65it/s]
 69%|██████▊   | 6036/8810 [00:04<00:02, 1238.08it/s]
 71%|███████   | 6222/8810 [00:04<00:01, 1394.49it/s]
 73%|███████▎  | 6400/8810 [00:04<00:01, 1377.74it/s]
 75%|███████▍  | 6573/8810 [00:04<00:01, 1469.83it/s]
 77%|███████▋  | 6780/8810 [00:04<00:01, 1630.66it/s]
 79%|███████▉  | 6949/8810 [00:04<00:01, 1642.36it/s]
 81%|████████  | 7117/8810 [00:05<00:01, 1432.37it/s]
 82%|████████▏ | 7267/8810 [00:05<00:01, 1440.74it/s]
 84%|████████▍ | 7416/8810 [00:05<00:00, 1447.14it/s]
 86%|████████▌ | 7565/8810 [00:05<00:00, 1402.05it/s]
 88%|████████▊ | 7715/8810 [00:05<00:00, 1385.73it/s]
 89%|████████▉ | 7856/8810 [00:05<00:00, 1388.31it/s]
 91%|█████████ | 8011/8810 [00:05<00:00, 1433.55it/s]
 93%|█████████▎| 8156/8810 [00:05<00:00, 1320.73it/s]
 94%|█████████▍| 8307/8810 [00:05<00:00, 1369.25it/s]
 96%|█████████▌| 8446/8810 [00:06<00:00, 1274.83it/s]
 98%|█████████▊| 8624/8810 [00:06<00:00, 1408.67it/s]
100%|█████████▉| 8768/8810 [00:06<00:00, 1379.11it/s]
100%|██████████| 8810/8810 [00:06<00:00, 1385.71it/s]
