
  0%|          | 0/8810 [00:00<?, ?it/s]
  0%|          | 24/8810 [00:00<00:38, 230.43it/s]
  1%|          | 71/8810 [00:00<00:25, 341.77it/s]
  1%|▏         | 117/8810 [00:00<00:22, 392.12it/s]
  2%|▏         | 181/8810 [00:00<00:25, 335.74it/s]
  2%|▏         | 217/8810 [00:00<00:25, 333.98it/s]
  3%|▎         | 289/8810 [00:00<00:19, 439.65it/s]
  4%|▍         | 338/8810 [00:00<00:18, 452.94it/s]
  4%|▍         | 386/8810 [00:00<00:18, 449.43it/s]
  5%|▍         | 433/8810 [00:01<00:20, 412.24it/s]
  6%|▌         | 514/8810 [00:01<00:16, 516.69it/s]
  7%|▋         | 574/8810 [00:01<00:15, 534.85it/s]
  7%|▋         | 630/8810 [00:01<00:17, 459.48it/s]
  8%|▊         | 679/8810 [00:01<00:23, 350.71it/s]
  8%|▊         | 723/8810 [00:01<00:22, 361.36it/s]
  9%|▉         | 771/8810 [00:01<00:20, 385.77it/s]
  9%|▉         | 825/8810 [00:02<00:19, 415.34it/s]
 10%|▉         | 870/8810 [00:02<00:19, 397.51it/s]
 10%|█         | 914/8810 [00:02<00:19, 402.16it/s]
 11%|█         | 963/8810 [00:02<00:18, 424.95it/s]
 11%|█▏        | 1007/8810 [00:02<00:25, 305.02it/s]
 12%|█▏        | 1073/8810 [00:02<00:20, 381.78it/s]
 13%|█▎        | 1122/8810 [00:02<00:18, 406.27it/s]
 13%|█▎        | 1170/8810 [00:02<00:18, 422.85it/s]
 14%|█▍        | 1239/8810 [00:03<00:15, 484.38it/s]
 15%|█▍        | 1291/8810 [00:03<00:15, 478.90it/s]
 15%|█▌        | 1342/8810 [00:03<00:17, 434.73it/s]
 16%|█▌        | 1388/8810 [00:03<00:17, 428.55it/s]
 16%|█▋        | 1441/8810 [00:03<00:16, 445.04it/s]
 17%|█▋        | 1487/8810 [00:03<00:24, 299.27it/s]
 17%|█▋        | 1534/8810 [00:03<00:22, 330.12it/s]
 18%|█▊        | 1574/8810 [00:03<00:21, 335.49it/s]
 19%|█▊        | 1636/8810 [00:04<00:17, 400.98it/s]
 19%|█▉        | 1681/8810 [00:04<00:19, 374.68it/s]
 20%|█▉        | 1751/8810 [00:04<00:15, 450.57it/s]
 20%|██        | 1800/8810 [00:04<00:16, 437.23it/s]
 21%|██        | 1847/8810 [00:04<00:23, 300.90it/s]
 21%|██▏       | 1885/8810 [00:04<00:23, 292.43it/s]
 22%|██▏       | 1944/8810 [00:04<00:19, 349.16it/s]
 23%|██▎       | 1989/8810 [00:05<00:18, 371.31it/s]
 23%|██▎       | 2062/8810 [00:05<00:14, 454.09it/s]
 24%|██▍       | 2113/8810 [00:05<00:16, 416.76it/s]
 25%|██▍       | 2159/8810 [00:05<00:15, 426.32it/s]
 25%|██▌       | 2205/8810 [00:05<00:15, 414.67it/s]
 26%|██▌       | 2249/8810 [00:05<00:16, 401.99it/s]
 26%|██▌       | 2291/8810 [00:05<00:24, 269.79it/s]
 27%|██▋       | 2340/8810 [00:06<00:21, 306.99it/s]
 27%|██▋       | 2380/8810 [00:06<00:19, 323.56it/s]
 28%|██▊       | 2447/8810 [00:06<00:15, 404.36it/s]
 28%|██▊       | 2493/8810 [00:06<00:15, 406.46it/s]
 29%|██▉       | 2538/8810 [00:06<00:16, 370.33it/s]
 29%|██▉       | 2594/8810 [00:06<00:15, 411.00it/s]
 30%|██▉       | 2638/8810 [00:06<00:14, 412.84it/s]
 30%|███       | 2682/8810 [00:06<00:14, 410.57it/s]
 31%|███       | 2744/8810 [00:07<00:17, 344.08it/s]
 32%|███▏      | 2782/8810 [00:07<00:18, 319.76it/s]
 32%|███▏      | 2817/8810 [00:07<00:19, 312.22it/s]
 33%|███▎      | 2878/8810 [00:07<00:15, 370.91it/s]
 33%|███▎      | 2918/8810 [00:07<00:16, 352.85it/s]
 34%|███▎      | 2965/8810 [00:07<00:15, 381.39it/s]
 34%|███▍      | 3005/8810 [00:07<00:15, 368.76it/s]
 35%|███▍      | 3043/8810 [00:07<00:17, 338.48it/s]
 35%|███▍      | 3078/8810 [00:08<00:21, 262.27it/s]
 35%|███▌      | 3126/8810 [00:08<00:18, 305.24it/s]
 36%|███▌      | 3174/8810 [00:08<00:16, 340.00it/s]
 36%|███▋      | 3212/8810 [00:08<00:16, 345.06it/s]
 37%|███▋      | 3258/8810 [00:08<00:14, 370.18it/s]
 37%|███▋      | 3297/8810 [00:08<00:15, 358.40it/s]
 38%|███▊      | 3357/8810 [00:08<00:12, 421.09it/s]
 39%|███▊      | 3401/8810 [00:09<00:15, 357.75it/s]
 39%|███▉      | 3440/8810 [00:09<00:19, 276.96it/s]
 39%|███▉      | 3472/8810 [00:09<00:20, 258.22it/s]
 40%|███▉      | 3507/8810 [00:09<00:19, 273.56it/s]
 40%|████      | 3556/8810 [00:09<00:16, 319.94it/s]
 41%|████      | 3629/8810 [00:09<00:12, 417.33it/s]
 42%|████▏     | 3692/8810 [00:09<00:11, 463.29it/s]
 43%|████▎     | 3766/8810 [00:09<00:09, 536.72it/s]
 43%|████▎     | 3823/8810 [00:10<00:11, 425.01it/s]
 44%|████▍     | 3872/8810 [00:10<00:13, 360.71it/s]
 44%|████▍     | 3914/8810 [00:10<00:14, 337.86it/s]
 45%|████▍     | 3952/8810 [00:10<00:14, 341.72it/s]
 45%|████▌     | 3992/8810 [00:10<00:13, 349.65it/s]
 46%|████▌     | 4029/8810 [00:10<00:13, 352.53it/s]
 46%|████▌     | 4069/8810 [00:10<00:13, 356.21it/s]
 47%|████▋     | 4106/8810 [00:11<00:14, 316.08it/s]
 47%|████▋     | 4144/8810 [00:11<00:14, 328.95it/s]
 47%|████▋     | 4179/8810 [00:11<00:15, 296.47it/s]
 48%|████▊     | 4210/8810 [00:11<00:22, 203.07it/s]
 48%|████▊     | 4235/8810 [00:11<00:21, 210.63it/s]
 49%|████▊     | 4276/8810 [00:11<00:18, 247.50it/s]
 49%|████▉     | 4315/8810 [00:11<00:16, 277.06it/s]
 50%|████▉     | 4362/8810 [00:12<00:14, 317.02it/s]
 50%|█████     | 4405/8810 [00:12<00:13, 338.11it/s]
 51%|█████     | 4451/8810 [00:12<00:11, 365.64it/s]
 51%|█████     | 4504/8810 [00:12<00:10, 409.52it/s]
 52%|█████▏    | 4557/8810 [00:12<00:09, 439.64it/s]
 52%|█████▏    | 4603/8810 [00:12<00:10, 415.39it/s]
 53%|█████▎    | 4646/8810 [00:12<00:15, 267.27it/s]
 53%|█████▎    | 4681/8810 [00:13<00:16, 249.89it/s]
 53%|█████▎    | 4712/8810 [00:13<00:16, 243.67it/s]
 54%|█████▍    | 4740/8810 [00:13<00:16, 245.22it/s]
 54%|█████▍    | 4782/8810 [00:13<00:14, 281.17it/s]
 55%|█████▍    | 4822/8810 [00:13<00:13, 301.25it/s]
 55%|█████▌    | 4855/8810 [00:13<00:13, 286.33it/s]
 55%|█████▌    | 4886/8810 [00:13<00:16, 233.95it/s]
 56%|█████▌    | 4912/8810 [00:13<00:18, 214.16it/s]
 56%|█████▌    | 4936/8810 [00:14<00:27, 138.51it/s]
 56%|█████▋    | 4970/8810 [00:14<00:22, 167.84it/s]
 57%|█████▋    | 5013/8810 [00:14<00:17, 214.11it/s]
 57%|█████▋    | 5041/8810 [00:14<00:16, 222.29it/s]
 58%|█████▊    | 5079/8810 [00:14<00:14, 252.85it/s]
 58%|█████▊    | 5109/8810 [00:14<00:14, 249.76it/s]
 58%|█████▊    | 5152/8810 [00:15<00:12, 286.33it/s]
 59%|█████▉    | 5196/8810 [00:15<00:11, 320.20it/s]
 60%|█████▉    | 5250/8810 [00:15<00:09, 375.77it/s]
 60%|██████    | 5293/8810 [00:15<00:09, 390.04it/s]
 61%|██████    | 5334/8810 [00:15<00:09, 382.65it/s]
 61%|██████    | 5374/8810 [00:15<00:11, 308.26it/s]
 61%|██████▏   | 5408/8810 [00:15<00:11, 297.85it/s]
 62%|██████▏   | 5461/8810 [00:15<00:09, 349.28it/s]
 62%|██████▏   | 5499/8810 [00:15<00:09, 351.58it/s]
 63%|██████▎   | 5538/8810 [00:16<00:09, 352.78it/s]
 63%|██████▎   | 5575/8810 [00:16<00:10, 316.99it/s]
 64%|██████▎   | 5613/8810 [00:16<00:09, 321.81it/s]
 64%|██████▍   | 5647/8810 [00:16<00:09, 320.23it/s]
 65%|██████▍   | 5697/8810 [00:16<00:08, 367.59it/s]
 65%|██████▌   | 5735/8810 [00:16<00:08, 356.09it/s]
 66%|██████▌   | 5772/8810 [00:16<00:11, 262.21it/s]
 66%|██████▌   | 5815/8810 [00:17<00:10, 294.40it/s]
 66%|██████▋   | 5849/8810 [00:17<00:10, 284.63it/s]
 67%|██████▋   | 5880/8810 [00:17<00:10, 271.87it/s]
 67%|██████▋   | 5909/8810 [00:17<00:12, 232.74it/s]
 67%|██████▋   | 5935/8810 [00:17<00:12, 237.63it/s]
 68%|██████▊   | 5978/8810 [00:17<00:10, 278.52it/s]
 68%|██████▊   | 6012/8810 [00:17<00:09, 293.77it/s]
 69%|██████▊   | 6043/8810 [00:18<00:15, 179.95it/s]
 69%|██████▉   | 6091/8810 [00:18<00:11, 230.49it/s]
 69%|██████▉   | 6121/8810 [00:18<00:11, 232.48it/s]
 70%|██████▉   | 6164/8810 [00:18<00:09, 269.30it/s]
 71%|███████   | 6222/8810 [00:18<00:07, 338.74it/s]
 71%|███████   | 6261/8810 [00:18<00:07, 350.26it/s]
 72%|███████▏  | 6300/8810 [00:18<00:07, 338.60it/s]
 72%|███████▏  | 6337/8810 [00:18<00:08, 280.53it/s]
 72%|███████▏  | 6370/8810 [00:19<00:08, 290.14it/s]
 73%|███████▎  | 6402/8810 [00:19<00:13, 183.48it/s]
 73%|███████▎  | 6444/8810 [00:19<00:10, 225.35it/s]
 73%|███████▎  | 6474/8810 [00:19<00:10, 220.81it/s]
 74%|███████▍  | 6502/8810 [00:19<00:10, 227.75it/s]
 75%|███████▍  | 6570/8810 [00:19<00:06, 325.98it/s]
 75%|███████▌  | 6608/8810 [00:20<00:06, 324.42it/s]
 76%|███████▌  | 6652/8810 [00:20<00:06, 345.09it/s]
 76%|███████▋  | 6719/8810 [00:20<00:04, 427.66it/s]
 77%|███████▋  | 6766/8810 [00:20<00:05, 391.00it/s]
 77%|███████▋  | 6808/8810 [00:20<00:05, 377.68it/s]
 78%|███████▊  | 6853/8810 [00:20<00:05, 387.71it/s]
 78%|███████▊  | 6898/8810 [00:20<00:04, 390.80it/s]
 79%|███████▉  | 6939/8810 [00:20<00:05, 323.53it/s]
 79%|███████▉  | 6974/8810 [00:21<00:08, 226.25it/s]
 80%|███████▉  | 7010/8810 [00:21<00:07, 251.35it/s]
 80%|███████▉  | 7047/8810 [00:21<00:06, 271.78it/s]
 80%|████████  | 7083/8810 [00:21<00:06, 287.39it/s]
 81%|████████  | 7130/8810 [00:21<00:05, 328.71it/s]
 81%|████████▏ | 7167/8810 [00:21<00:05, 323.67it/s]
 82%|████████▏ | 7212/8810 [00:21<00:04, 355.85it/s]
 82%|████████▏ | 7266/8810 [00:21<00:03, 404.89it/s]
 83%|████████▎ | 7342/8810 [00:22<00:02, 503.08it/s]
 84%|████████▍ | 7395/8810 [00:22<00:03, 411.12it/s]
 85%|████████▍ | 7477/8810 [00:22<00:02, 511.22it/s]
 86%|████████▌ | 7534/8810 [00:22<00:02, 499.99it/s]
 87%|████████▋ | 7654/8810 [00:22<00:01, 680.65it/s]
 88%|████████▊ | 7728/8810 [00:22<00:01, 610.15it/s]
 88%|████████▊ | 7794/8810 [00:22<00:01, 582.39it/s]
 89%|████████▉ | 7856/8810 [00:22<00:01, 548.76it/s]
 90%|████████▉ | 7917/8810 [00:23<00:01, 558.30it/s]
 91%|█████████ | 7979/8810 [00:23<00:01, 573.34it/s]
 91%|█████████ | 8038/8810 [00:23<00:01, 417.11it/s]
 92%|█████████▏| 8117/8810 [00:23<00:01, 494.55it/s]
 93%|█████████▎| 8174/8810 [00:23<00:01, 472.16it/s]
 93%|█████████▎| 8227/8810 [00:23<00:01, 354.17it/s]
 94%|█████████▍| 8280/8810 [00:23<00:01, 389.03it/s]
 95%|█████████▍| 8327/8810 [00:24<00:01, 400.68it/s]
 95%|█████████▌| 8373/8810 [00:24<00:01, 294.99it/s]
 95%|█████████▌| 8411/8810 [00:24<00:01, 311.30it/s]
 96%|█████████▌| 8449/8810 [00:24<00:01, 324.23it/s]
 97%|█████████▋| 8505/8810 [00:24<00:00, 375.88it/s]
 97%|█████████▋| 8548/8810 [00:24<00:00, 375.50it/s]
 97%|█████████▋| 8589/8810 [00:24<00:00, 364.00it/s]
 98%|█████████▊| 8628/8810 [00:25<00:00, 327.92it/s]
 98%|█████████▊| 8663/8810 [00:25<00:00, 327.23it/s]
 99%|█████████▊| 8698/8810 [00:25<00:00, 322.10it/s]
 99%|█████████▉| 8732/8810 [00:25<00:00, 248.68it/s]
 99%|█████████▉| 8764/8810 [00:25<00:00, 255.71it/s]
100%|█████████▉| 8792/8810 [00:25<00:00, 259.58it/s]
100%|██████████| 8810/8810 [00:25<00:00, 342.06it/s]
