
  0%|          | 0/8810 [00:00<?, ?it/s]
  2%|▏         | 181/8810 [00:00<00:05, 1659.48it/s]
  5%|▍         | 433/8810 [00:00<00:03, 2144.59it/s]
  7%|▋         | 656/8810 [00:00<00:04, 1958.53it/s]
 10%|▉         | 856/8810 [00:00<00:04, 1968.31it/s]
 12%|█▏        | 1055/8810 [00:00<00:04, 1779.93it/s]
 14%|█▍        | 1255/8810 [00:00<00:04, 1845.57it/s]
 17%|█▋        | 1457/8810 [00:00<00:04, 1763.38it/s]
 19%|█▉        | 1659/8810 [00:00<00:03, 1835.37it/s]
 21%|██        | 1846/8810 [00:01<00:04, 1668.34it/s]
 23%|██▎       | 2035/8810 [00:01<00:03, 1726.95it/s]
 25%|██▌       | 2240/8810 [00:01<00:03, 1810.59it/s]
 28%|██▊       | 2425/8810 [00:01<00:03, 1738.27it/s]
 30%|███       | 2655/8810 [00:01<00:03, 1887.30it/s]
 32%|███▏      | 2847/8810 [00:01<00:03, 1612.43it/s]
 35%|███▍      | 3057/8810 [00:01<00:03, 1615.31it/s]
 37%|███▋      | 3253/8810 [00:01<00:03, 1702.01it/s]
 39%|███▉      | 3429/8810 [00:01<00:03, 1629.09it/s]
 41%|████      | 3631/8810 [00:02<00:02, 1730.35it/s]
 43%|████▎     | 3809/8810 [00:02<00:02, 1683.35it/s]
 46%|████▌     | 4036/8810 [00:02<00:02, 1843.56it/s]
 48%|████▊     | 4224/8810 [00:02<00:02, 1815.60it/s]
 51%|█████     | 4467/8810 [00:02<00:02, 1988.21it/s]
 53%|█████▎    | 4669/8810 [00:02<00:02, 1829.04it/s]
 55%|█████▌    | 4856/8810 [00:02<00:02, 1807.77it/s]
 57%|█████▋    | 5040/8810 [00:02<00:02, 1646.60it/s]
 60%|█████▉    | 5268/8810 [00:02<00:01, 1810.84it/s]
 62%|██████▏   | 5455/8810 [00:03<00:01, 1719.21it/s]
 65%|██████▍   | 5694/8810 [00:03<00:01, 1896.20it/s]
 67%|██████▋   | 5889/8810 [00:03<00:01, 1758.44it/s]
 69%|██████▉   | 6070/8810 [00:03<00:01, 1587.86it/s]
 71%|███████   | 6235/8810 [00:03<00:01, 1577.57it/s]
 73%|███████▎  | 6400/8810 [00:03<00:01, 1474.76it/s]
 75%|███████▌  | 6633/8810 [00:03<00:01, 1692.70it/s]
 78%|███████▊  | 6869/8810 [00:03<00:01, 1869.50it/s]
 80%|████████  | 7062/8810 [00:04<00:01, 1679.08it/s]
 82%|████████▏ | 7238/8810 [00:04<00:00, 1616.06it/s]
 84%|████████▍ | 7405/8810 [00:04<00:00, 1578.22it/s]
 86%|████████▌ | 7567/8810 [00:04<00:00, 1548.06it/s]
 88%|████████▊ | 7724/8810 [00:04<00:00, 1486.05it/s]
 90%|████████▉ | 7886/8810 [00:04<00:00, 1519.28it/s]
 91%|█████████▏| 8040/8810 [00:04<00:00, 1388.34it/s]
 93%|█████████▎| 8213/8810 [00:04<00:00, 1477.77it/s]
 95%|█████████▍| 8364/8810 [00:04<00:00, 1388.32it/s]
 97%|█████████▋| 8540/8810 [00:05<00:00, 1483.87it/s]
 99%|█████████▉| 8702/8810 [00:05<00:00, 1381.29it/s]
100%|██████████| 8810/8810 [00:05<00:00, 1676.32it/s]
