
  0%|          | 0/8810 [00:00<?, ?it/s]
  2%|▏         | 173/8810 [00:00<00:05, 1725.19it/s]
  4%|▍         | 346/8810 [00:00<00:05, 1550.76it/s]
  7%|▋         | 574/8810 [00:00<00:04, 1853.73it/s]
  9%|▊         | 762/8810 [00:00<00:04, 1625.44it/s]
 11%|█         | 941/8810 [00:00<00:04, 1676.42it/s]
 13%|█▎        | 1113/8810 [00:00<00:04, 1587.21it/s]
 15%|█▍        | 1312/8810 [00:00<00:04, 1696.59it/s]
 17%|█▋        | 1485/8810 [00:00<00:04, 1546.54it/s]
 19%|█▉        | 1671/8810 [00:01<00:04, 1630.11it/s]
 21%|██        | 1838/8810 [00:01<00:04, 1525.16it/s]
 23%|██▎       | 2018/8810 [00:01<00:04, 1598.96it/s]
 25%|██▌       | 2226/8810 [00:01<00:03, 1730.57it/s]
 27%|██▋       | 2403/8810 [00:01<00:04, 1592.15it/s]
 30%|██▉       | 2624/8810 [00:01<00:03, 1758.86it/s]
 32%|███▏      | 2805/8810 [00:01<00:03, 1539.47it/s]
 34%|███▍      | 2982/8810 [00:01<00:03, 1598.65it/s]
 36%|███▌      | 3149/8810 [00:01<00:03, 1541.97it/s]
 38%|███▊      | 3308/8810 [00:02<00:03, 1497.83it/s]
 39%|███▉      | 3461/8810 [00:02<00:03, 1401.17it/s]
 41%|████▏     | 3642/8810 [00:02<00:03, 1506.88it/s]
 43%|████▎     | 3797/8810 [00:02<00:03, 1449.24it/s]
 45%|████▌     | 3973/8810 [00:02<00:03, 1533.27it/s]
 47%|████▋     | 4180/8810 [00:02<00:02, 1576.33it/s]
 50%|████▉     | 4362/8810 [00:02<00:02, 1638.38it/s]
 51%|█████▏    | 4535/8810 [00:02<00:02, 1661.54it/s]
 53%|█████▎    | 4703/8810 [00:02<00:02, 1465.61it/s]
 55%|█████▌    | 4867/8810 [00:03<00:02, 1511.17it/s]
 57%|█████▋    | 5023/8810 [00:03<00:02, 1407.82it/s]
 59%|█████▉    | 5194/8810 [00:03<00:02, 1486.69it/s]
 61%|██████    | 5372/8810 [00:03<00:02, 1455.64it/s]
 63%|██████▎   | 5562/8810 [00:03<00:02, 1572.88it/s]
 65%|██████▌   | 5754/8810 [00:03<00:01, 1553.74it/s]
 67%|██████▋   | 5912/8810 [00:03<00:01, 1519.02it/s]
 69%|██████▉   | 6066/8810 [00:03<00:01, 1482.18it/s]
 71%|███████   | 6262/8810 [00:03<00:01, 1613.08it/s]
 73%|███████▎  | 6426/8810 [00:04<00:01, 1510.71it/s]
 75%|███████▌  | 6633/8810 [00:04<00:01, 1662.38it/s]
 78%|███████▊  | 6854/8810 [00:04<00:01, 1815.74it/s]
 80%|███████▉  | 7039/8810 [00:04<00:01, 1686.78it/s]
 82%|████████▏ | 7212/8810 [00:04<00:00, 1656.88it/s]
 84%|████████▍ | 7381/8810 [00:04<00:00, 1608.09it/s]
 86%|████████▌ | 7544/8810 [00:04<00:00, 1534.90it/s]
 88%|████████▊ | 7715/8810 [00:04<00:00, 1497.56it/s]
 90%|████████▉ | 7886/8810 [00:05<00:00, 1550.19it/s]
 91%|█████████▏| 8043/8810 [00:05<00:00, 1383.96it/s]
 93%|█████████▎| 8193/8810 [00:05<00:00, 1407.60it/s]
 95%|█████████▍| 8341/8810 [00:05<00:00, 1426.35it/s]
 96%|█████████▋| 8486/8810 [00:05<00:00, 1375.59it/s]
 98%|█████████▊| 8652/8810 [00:05<00:00, 1453.58it/s]
100%|█████████▉| 8800/8810 [00:05<00:00, 1399.56it/s]
100%|██████████| 8810/8810 [00:05<00:00, 1547.59it/s]
