
  0%|          | 0/8810 [00:00<?, ?it/s]
  2%|▏         | 181/8810 [00:00<00:06, 1424.98it/s]
  5%|▍         | 429/8810 [00:00<00:04, 1978.93it/s]
  7%|▋         | 656/8810 [00:00<00:04, 1870.73it/s]
 10%|▉         | 848/8810 [00:00<00:04, 1748.73it/s]
 12%|█▏        | 1026/8810 [00:00<00:04, 1612.83it/s]
 14%|█▍        | 1216/8810 [00:00<00:04, 1695.72it/s]
 16%|█▌        | 1417/8810 [00:00<00:04, 1787.78it/s]
 18%|█▊        | 1599/8810 [00:00<00:04, 1648.09it/s]
 21%|██        | 1821/8810 [00:01<00:04, 1663.50it/s]
 23%|██▎       | 2005/8810 [00:01<00:03, 1707.91it/s]
 25%|██▌       | 2233/8810 [00:01<00:03, 1864.10it/s]
 28%|██▊       | 2423/8810 [00:01<00:03, 1675.09it/s]
 31%|███       | 2690/8810 [00:01<00:03, 1938.90it/s]
 33%|███▎      | 2892/8810 [00:01<00:03, 1798.43it/s]
 35%|███▍      | 3079/8810 [00:01<00:03, 1677.18it/s]
 37%|███▋      | 3252/8810 [00:01<00:03, 1662.17it/s]
 39%|███▉      | 3422/8810 [00:01<00:03, 1612.09it/s]
 41%|████▏     | 3648/8810 [00:02<00:02, 1785.48it/s]
 43%|████▎     | 3831/8810 [00:02<00:02, 1661.49it/s]
 46%|████▋     | 4083/8810 [00:02<00:02, 1887.64it/s]
 49%|████▊     | 4277/8810 [00:02<00:02, 1791.22it/s]
 51%|█████     | 4492/8810 [00:02<00:02, 1888.11it/s]
 53%|█████▎    | 4685/8810 [00:02<00:02, 1601.75it/s]
 55%|█████▌    | 4871/8810 [00:02<00:02, 1662.89it/s]
 57%|█████▋    | 5046/8810 [00:02<00:02, 1521.16it/s]
 59%|█████▉    | 5240/8810 [00:03<00:02, 1625.27it/s]
 61%|██████▏   | 5410/8810 [00:03<00:02, 1528.95it/s]
 64%|██████▍   | 5624/8810 [00:03<00:01, 1684.08it/s]
 66%|██████▌   | 5799/8810 [00:03<00:01, 1604.63it/s]
 68%|██████▊   | 5964/8810 [00:03<00:01, 1563.59it/s]
 70%|██████▉   | 6124/8810 [00:03<00:01, 1456.51it/s]
 72%|███████▏  | 6332/8810 [00:03<00:01, 1617.90it/s]
 74%|███████▍  | 6498/8810 [00:03<00:01, 1488.95it/s]
 77%|███████▋  | 6774/8810 [00:03<00:01, 1820.90it/s]
 79%|███████▉  | 6972/8810 [00:04<00:01, 1758.33it/s]
 81%|████████▏ | 7159/8810 [00:04<00:00, 1784.69it/s]
 84%|████████▎ | 7360/8810 [00:04<00:00, 1657.79it/s]
 85%|████████▌ | 7531/8810 [00:04<00:00, 1600.85it/s]
 88%|████████▊ | 7715/8810 [00:04<00:00, 1609.80it/s]
 90%|████████▉ | 7885/8810 [00:04<00:00, 1632.76it/s]
 91%|█████████▏| 8051/8810 [00:04<00:00, 1457.13it/s]
 93%|█████████▎| 8201/8810 [00:04<00:00, 1463.02it/s]
 95%|█████████▍| 8361/8810 [00:05<00:00, 1465.96it/s]
 97%|█████████▋| 8545/8810 [00:05<00:00, 1564.86it/s]
 99%|█████████▉| 8704/8810 [00:05<00:00, 1512.41it/s]
100%|██████████| 8810/8810 [00:05<00:00, 1660.94it/s]
