
  0%|          | 0/8810 [00:00<?, ?it/s]
  0%|          | 28/8810 [00:00<00:34, 256.78it/s]
  1%|          | 95/8810 [00:00<00:17, 486.37it/s]
  2%|▏         | 173/8810 [00:00<00:14, 615.49it/s]
  3%|▎         | 236/8810 [00:00<00:18, 462.08it/s]
  4%|▍         | 339/8810 [00:00<00:13, 625.85it/s]
  5%|▍         | 412/8810 [00:00<00:12, 650.28it/s]
  5%|▌         | 482/8810 [00:00<00:12, 664.51it/s]
  7%|▋         | 587/8810 [00:00<00:10, 777.78it/s]
  8%|▊         | 668/8810 [00:01<00:12, 636.72it/s]
  8%|▊         | 738/8810 [00:01<00:12, 640.43it/s]
  9%|▉         | 807/8810 [00:01<00:12, 648.50it/s]
 10%|▉         | 875/8810 [00:01<00:12, 616.22it/s]
 11%|█         | 939/8810 [00:01<00:12, 608.43it/s]
 11%|█▏        | 1002/8810 [00:01<00:15, 505.81it/s]
 12%|█▏        | 1086/8810 [00:01<00:13, 583.05it/s]
 13%|█▎        | 1150/8810 [00:01<00:12, 590.04it/s]
 14%|█▍        | 1232/8810 [00:02<00:11, 641.03it/s]
 15%|█▍        | 1299/8810 [00:02<00:12, 619.62it/s]
 16%|█▌        | 1402/8810 [00:02<00:10, 727.40it/s]
 17%|█▋        | 1478/8810 [00:02<00:10, 694.33it/s]
 18%|█▊        | 1580/8810 [00:02<00:09, 780.57it/s]
 19%|█▉        | 1669/8810 [00:02<00:08, 808.98it/s]
 20%|█▉        | 1752/8810 [00:02<00:09, 753.30it/s]
 21%|██        | 1830/8810 [00:02<00:11, 609.65it/s]
 22%|██▏       | 1897/8810 [00:03<00:11, 577.25it/s]
 22%|██▏       | 1963/8810 [00:03<00:11, 592.74it/s]
 23%|██▎       | 2028/8810 [00:03<00:11, 597.53it/s]
 24%|██▎       | 2090/8810 [00:03<00:11, 596.00it/s]
 25%|██▍       | 2175/8810 [00:03<00:10, 657.94it/s]
 25%|██▌       | 2243/8810 [00:03<00:11, 559.90it/s]
 26%|██▌       | 2303/8810 [00:03<00:14, 444.62it/s]
 27%|██▋       | 2376/8810 [00:03<00:12, 504.18it/s]
 28%|██▊       | 2459/8810 [00:04<00:10, 580.70it/s]
 30%|██▉       | 2619/8810 [00:04<00:07, 826.70it/s]
 31%|███       | 2725/8810 [00:04<00:06, 886.32it/s]
 32%|███▏      | 2820/8810 [00:04<00:08, 720.82it/s]
 33%|███▎      | 2902/8810 [00:04<00:08, 716.10it/s]
 34%|███▍      | 2980/8810 [00:04<00:09, 618.18it/s]
 35%|███▍      | 3048/8810 [00:04<00:10, 552.35it/s]
 35%|███▌      | 3109/8810 [00:05<00:13, 431.74it/s]
 36%|███▌      | 3159/8810 [00:05<00:13, 417.53it/s]
 36%|███▋      | 3205/8810 [00:05<00:14, 389.02it/s]
 37%|███▋      | 3247/8810 [00:05<00:15, 367.99it/s]
 37%|███▋      | 3293/8810 [00:05<00:14, 384.42it/s]
 38%|███▊      | 3357/8810 [00:05<00:12, 440.13it/s]
 39%|███▊      | 3404/8810 [00:05<00:14, 374.81it/s]
 39%|███▉      | 3445/8810 [00:06<00:18, 284.18it/s]
 39%|███▉      | 3479/8810 [00:06<00:19, 274.31it/s]
 40%|████      | 3525/8810 [00:06<00:17, 307.58it/s]
 40%|████      | 3560/8810 [00:06<00:17, 307.38it/s]
 41%|████      | 3614/8810 [00:06<00:14, 360.62it/s]
 41%|████▏     | 3654/8810 [00:06<00:19, 264.49it/s]
 42%|████▏     | 3691/8810 [00:06<00:18, 280.93it/s]
 42%|████▏     | 3724/8810 [00:07<00:18, 268.56it/s]
 43%|████▎     | 3766/8810 [00:07<00:16, 299.61it/s]
 43%|████▎     | 3799/8810 [00:07<00:23, 213.16it/s]
 43%|████▎     | 3828/8810 [00:07<00:21, 226.91it/s]
 44%|████▍     | 3856/8810 [00:07<00:20, 235.94it/s]
 44%|████▍     | 3883/8810 [00:07<00:20, 243.87it/s]
 44%|████▍     | 3910/8810 [00:07<00:19, 245.93it/s]
 45%|████▍     | 3955/8810 [00:08<00:16, 295.46it/s]
 46%|████▌     | 4015/8810 [00:08<00:12, 373.94it/s]
 46%|████▌     | 4063/8810 [00:08<00:12, 382.12it/s]
 47%|████▋     | 4103/8810 [00:08<00:13, 358.36it/s]
 47%|████▋     | 4145/8810 [00:08<00:12, 374.37it/s]
 47%|████▋     | 4184/8810 [00:08<00:16, 278.81it/s]
 48%|████▊     | 4222/8810 [00:08<00:15, 298.34it/s]
 49%|████▊     | 4274/8810 [00:08<00:13, 347.98it/s]
 49%|████▉     | 4313/8810 [00:09<00:12, 351.68it/s]
 49%|████▉     | 4358/8810 [00:09<00:11, 374.64it/s]
 50%|████▉     | 4398/8810 [00:09<00:12, 360.24it/s]
 50%|█████     | 4436/8810 [00:09<00:13, 315.16it/s]
 51%|█████     | 4470/8810 [00:09<00:16, 257.82it/s]
 51%|█████     | 4499/8810 [00:09<00:21, 198.89it/s]
 51%|█████▏    | 4523/8810 [00:09<00:21, 196.94it/s]
 52%|█████▏    | 4546/8810 [00:10<00:24, 173.87it/s]
 52%|█████▏    | 4566/8810 [00:10<00:24, 175.95it/s]
 52%|█████▏    | 4585/8810 [00:10<00:26, 161.89it/s]
 52%|█████▏    | 4625/8810 [00:10<00:28, 146.17it/s]
 53%|█████▎    | 4641/8810 [00:10<00:28, 146.69it/s]
 53%|█████▎    | 4674/8810 [00:10<00:22, 181.56it/s]
 53%|█████▎    | 4695/8810 [00:11<00:27, 149.55it/s]
 54%|█████▎    | 4725/8810 [00:11<00:22, 178.43it/s]
 54%|█████▍    | 4747/8810 [00:11<00:22, 181.46it/s]
 54%|█████▍    | 4785/8810 [00:11<00:17, 225.84it/s]
 55%|█████▍    | 4821/8810 [00:11<00:15, 258.95it/s]
 55%|█████▌    | 4850/8810 [00:11<00:15, 261.77it/s]
 55%|█████▌    | 4878/8810 [00:11<00:15, 253.22it/s]
 56%|█████▌    | 4911/8810 [00:11<00:14, 266.66it/s]
 56%|█████▌    | 4939/8810 [00:12<00:23, 167.13it/s]
 56%|█████▋    | 4971/8810 [00:12<00:19, 195.72it/s]
 57%|█████▋    | 5024/8810 [00:12<00:14, 257.69it/s]
 57%|█████▋    | 5058/8810 [00:12<00:13, 269.54it/s]
 58%|█████▊    | 5100/8810 [00:12<00:12, 304.14it/s]
 58%|█████▊    | 5142/8810 [00:12<00:10, 333.56it/s]
 59%|█████▉    | 5185/8810 [00:12<00:10, 357.50it/s]
 59%|█████▉    | 5224/8810 [00:13<00:10, 332.58it/s]
 60%|█████▉    | 5268/8810 [00:13<00:09, 358.74it/s]
 60%|██████    | 5306/8810 [00:13<00:09, 355.00it/s]
 61%|██████    | 5343/8810 [00:13<00:10, 315.54it/s]
 61%|██████    | 5377/8810 [00:13<00:14, 232.26it/s]
 61%|██████▏   | 5405/8810 [00:13<00:14, 235.01it/s]
 62%|██████▏   | 5440/8810 [00:13<00:13, 257.61it/s]
 62%|██████▏   | 5478/8810 [00:13<00:11, 281.31it/s]
 63%|██████▎   | 5509/8810 [00:14<00:12, 272.52it/s]
 63%|██████▎   | 5538/8810 [00:14<00:12, 262.38it/s]
 63%|██████▎   | 5566/8810 [00:14<00:13, 244.56it/s]
 63%|██████▎   | 5592/8810 [00:14<00:12, 248.40it/s]
 64%|██████▍   | 5625/8810 [00:14<00:12, 260.34it/s]
 64%|██████▍   | 5653/8810 [00:14<00:12, 260.96it/s]
 64%|██████▍   | 5681/8810 [00:14<00:11, 262.82it/s]
 65%|██████▍   | 5712/8810 [00:14<00:11, 267.17it/s]
 65%|██████▌   | 5739/8810 [00:15<00:11, 266.47it/s]
 65%|██████▌   | 5766/8810 [00:15<00:24, 125.61it/s]
 66%|██████▌   | 5787/8810 [00:15<00:24, 125.87it/s]
 66%|██████▌   | 5819/8810 [00:15<00:19, 152.14it/s]
 66%|██████▋   | 5840/8810 [00:15<00:19, 155.39it/s]
 67%|██████▋   | 5860/8810 [00:16<00:20, 141.04it/s]
 67%|██████▋   | 5877/8810 [00:16<00:20, 140.69it/s]
 67%|██████▋   | 5893/8810 [00:16<00:20, 141.09it/s]
 67%|██████▋   | 5909/8810 [00:16<00:23, 121.35it/s]
 67%|██████▋   | 5933/8810 [00:16<00:20, 140.42it/s]
 68%|██████▊   | 5949/8810 [00:16<00:20, 142.82it/s]
 68%|██████▊   | 5976/8810 [00:16<00:16, 171.96it/s]
 68%|██████▊   | 6013/8810 [00:16<00:12, 219.79it/s]
 69%|██████▊   | 6037/8810 [00:17<00:19, 141.02it/s]
 69%|██████▉   | 6082/8810 [00:17<00:13, 194.88it/s]
 69%|██████▉   | 6107/8810 [00:17<00:14, 192.48it/s]
 70%|██████▉   | 6132/8810 [00:17<00:13, 197.58it/s]
 70%|██████▉   | 6155/8810 [00:17<00:13, 200.55it/s]
 70%|███████   | 6178/8810 [00:17<00:13, 199.20it/s]
 70%|███████   | 6207/8810 [00:17<00:11, 221.49it/s]
 71%|███████   | 6231/8810 [00:18<00:13, 197.71it/s]
 71%|███████▏  | 6279/8810 [00:18<00:09, 256.04it/s]
 72%|███████▏  | 6306/8810 [00:18<00:13, 187.99it/s]
 72%|███████▏  | 6329/8810 [00:18<00:13, 185.84it/s]
 72%|███████▏  | 6351/8810 [00:18<00:12, 190.25it/s]
 72%|███████▏  | 6376/8810 [00:18<00:12, 195.91it/s]
 73%|███████▎  | 6400/8810 [00:19<00:14, 163.66it/s]
 73%|███████▎  | 6465/8810 [00:19<00:08, 268.32it/s]
 74%|███████▍  | 6498/8810 [00:19<00:09, 252.97it/s]
 74%|███████▍  | 6559/8810 [00:19<00:06, 333.20it/s]
 75%|███████▌  | 6616/8810 [00:19<00:05, 388.06it/s]
 76%|███████▌  | 6673/8810 [00:19<00:04, 430.19it/s]
 77%|███████▋  | 6750/8810 [00:19<00:03, 520.63it/s]
 77%|███████▋  | 6806/8810 [00:19<00:03, 516.62it/s]
 78%|███████▊  | 6885/8810 [00:19<00:03, 581.87it/s]
 79%|███████▉  | 6947/8810 [00:20<00:03, 589.93it/s]
 80%|███████▉  | 7008/8810 [00:20<00:04, 429.22it/s]
 80%|████████  | 7059/8810 [00:20<00:04, 412.59it/s]
 81%|████████  | 7106/8810 [00:20<00:04, 414.27it/s]
 81%|████████  | 7152/8810 [00:20<00:03, 416.93it/s]
 82%|████████▏ | 7197/8810 [00:20<00:04, 393.85it/s]
 82%|████████▏ | 7244/8810 [00:20<00:03, 405.62it/s]
 83%|████████▎ | 7293/8810 [00:20<00:03, 422.14it/s]
 83%|████████▎ | 7343/8810 [00:21<00:03, 430.42it/s]
 84%|████████▍ | 7387/8810 [00:21<00:04, 321.26it/s]
 84%|████████▍ | 7424/8810 [00:21<00:04, 316.31it/s]
 85%|████████▍ | 7459/8810 [00:21<00:05, 263.80it/s]
 85%|████████▌ | 7493/8810 [00:21<00:04, 276.94it/s]
 85%|████████▌ | 7525/8810 [00:21<00:04, 285.15it/s]
 86%|████████▌ | 7556/8810 [00:21<00:04, 263.58it/s]
 87%|████████▋ | 7631/8810 [00:22<00:03, 376.76it/s]
 87%|████████▋ | 7672/8810 [00:22<00:03, 366.88it/s]
 88%|████████▊ | 7711/8810 [00:22<00:03, 350.70it/s]
 88%|████████▊ | 7748/8810 [00:22<00:04, 260.29it/s]
 88%|████████▊ | 7779/8810 [00:22<00:04, 251.12it/s]
 89%|████████▊ | 7815/8810 [00:22<00:03, 272.34it/s]
 89%|████████▉ | 7850/8810 [00:22<00:03, 285.31it/s]
 90%|████████▉ | 7892/8810 [00:23<00:02, 318.76it/s]
 90%|█████████ | 7938/8810 [00:23<00:02, 354.42it/s]
 91%|█████████ | 7976/8810 [00:23<00:02, 315.39it/s]
 91%|█████████ | 8010/8810 [00:23<00:02, 296.55it/s]
 91%|█████████▏| 8042/8810 [00:23<00:03, 217.05it/s]
 92%|█████████▏| 8092/8810 [00:23<00:02, 271.64it/s]
 92%|█████████▏| 8125/8810 [00:23<00:02, 271.44it/s]
 93%|█████████▎| 8173/8810 [00:24<00:02, 318.29it/s]
 93%|█████████▎| 8209/8810 [00:24<00:02, 288.96it/s]
 94%|█████████▎| 8241/8810 [00:24<00:02, 284.15it/s]
 94%|█████████▍| 8302/8810 [00:24<00:01, 361.33it/s]
 95%|█████████▍| 8341/8810 [00:24<00:01, 343.31it/s]
 95%|█████████▌| 8378/8810 [00:24<00:01, 255.84it/s]
 96%|█████████▌| 8416/8810 [00:24<00:01, 278.17it/s]
 96%|█████████▌| 8448/8810 [00:24<00:01, 284.15it/s]
 96%|█████████▋| 8489/8810 [00:25<00:01, 314.72it/s]
 97%|█████████▋| 8535/8810 [00:25<00:00, 346.40it/s]
 97%|█████████▋| 8574/8810 [00:25<00:00, 346.75it/s]
 98%|█████████▊| 8611/8810 [00:25<00:00, 345.52it/s]
 98%|█████████▊| 8647/8810 [00:25<00:00, 323.66it/s]
 99%|█████████▊| 8693/8810 [00:25<00:00, 350.13it/s]
 99%|█████████▉| 8729/8810 [00:25<00:00, 263.08it/s]
100%|█████████▉| 8774/8810 [00:25<00:00, 302.81it/s]
100%|██████████| 8810/8810 [00:26<00:00, 338.26it/s]
