
  0%|          | 0/8810 [00:00<?, ?it/s]
  0%|          | 31/8810 [00:00<00:30, 285.62it/s]
  1%|          | 71/8810 [00:00<00:25, 348.65it/s]
  2%|▏         | 155/8810 [00:00<00:15, 566.89it/s]
  2%|▏         | 213/8810 [00:00<00:23, 360.60it/s]
  3%|▎         | 279/8810 [00:00<00:19, 437.60it/s]
  4%|▍         | 341/8810 [00:00<00:17, 476.69it/s]
  5%|▍         | 407/8810 [00:00<00:15, 525.72it/s]
  5%|▌         | 484/8810 [00:00<00:14, 590.97it/s]
  7%|▋         | 582/8810 [00:01<00:11, 700.13it/s]
  7%|▋         | 656/8810 [00:01<00:15, 533.70it/s]
  8%|▊         | 721/8810 [00:01<00:14, 560.14it/s]
 10%|▉         | 837/8810 [00:01<00:11, 708.26it/s]
 11%|█         | 927/8810 [00:01<00:10, 758.06it/s]
 11%|█▏        | 1009/8810 [00:01<00:12, 637.91it/s]
 12%|█▏        | 1085/8810 [00:01<00:11, 663.72it/s]
 14%|█▎        | 1197/8810 [00:01<00:09, 779.28it/s]
 15%|█▍        | 1281/8810 [00:02<00:10, 685.39it/s]
 15%|█▌        | 1356/8810 [00:02<00:12, 590.86it/s]
 16%|█▋        | 1443/8810 [00:02<00:11, 647.30it/s]
 17%|█▋        | 1514/8810 [00:02<00:14, 492.06it/s]
 18%|█▊        | 1572/8810 [00:02<00:14, 493.77it/s]
 19%|█▉        | 1670/8810 [00:02<00:11, 601.34it/s]
 20%|█▉        | 1743/8810 [00:02<00:11, 623.73it/s]
 21%|██        | 1821/8810 [00:03<00:11, 594.81it/s]
 21%|██▏       | 1886/8810 [00:03<00:11, 595.44it/s]
 23%|██▎       | 2028/8810 [00:03<00:08, 805.78it/s]
 24%|██▍       | 2129/8810 [00:03<00:07, 860.03it/s]
 25%|██▌       | 2220/8810 [00:03<00:07, 832.25it/s]
 26%|██▌       | 2307/8810 [00:03<00:10, 629.87it/s]
 27%|██▋       | 2417/8810 [00:03<00:08, 731.36it/s]
 29%|██▊       | 2515/8810 [00:03<00:07, 791.25it/s]
 30%|██▉       | 2638/8810 [00:04<00:06, 899.15it/s]
 31%|███       | 2736/8810 [00:04<00:06, 874.09it/s]
 32%|███▏      | 2829/8810 [00:04<00:07, 759.02it/s]
 33%|███▎      | 2918/8810 [00:04<00:07, 790.43it/s]
 34%|███▍      | 3002/8810 [00:04<00:07, 779.28it/s]
 35%|███▌      | 3084/8810 [00:04<00:10, 526.42it/s]
 36%|███▌      | 3150/8810 [00:04<00:10, 518.87it/s]
 36%|███▋      | 3211/8810 [00:05<00:11, 474.81it/s]
 37%|███▋      | 3269/8810 [00:05<00:11, 488.67it/s]
 38%|███▊      | 3323/8810 [00:05<00:11, 486.08it/s]
 39%|███▊      | 3410/8810 [00:05<00:10, 526.06it/s]
 40%|███▉      | 3521/8810 [00:05<00:07, 662.91it/s]
 41%|████      | 3593/8810 [00:05<00:07, 671.96it/s]
 42%|████▏     | 3664/8810 [00:05<00:07, 669.39it/s]
 42%|████▏     | 3734/8810 [00:05<00:08, 609.05it/s]
 43%|████▎     | 3798/8810 [00:06<00:08, 591.97it/s]
 44%|████▍     | 3865/8810 [00:06<00:08, 611.34it/s]
 45%|████▍     | 3928/8810 [00:06<00:08, 579.69it/s]
 46%|████▌     | 4017/8810 [00:06<00:07, 662.36it/s]
 47%|████▋     | 4145/8810 [00:06<00:05, 823.51it/s]
 48%|████▊     | 4230/8810 [00:06<00:06, 684.95it/s]
 49%|████▉     | 4308/8810 [00:06<00:06, 702.82it/s]
 50%|████▉     | 4383/8810 [00:06<00:06, 705.27it/s]
 51%|█████     | 4457/8810 [00:07<00:06, 713.41it/s]
 52%|█████▏    | 4548/8810 [00:07<00:05, 759.72it/s]
 53%|█████▎    | 4626/8810 [00:07<00:07, 558.42it/s]
 53%|█████▎    | 4691/8810 [00:07<00:07, 547.57it/s]
 54%|█████▍    | 4752/8810 [00:07<00:07, 522.88it/s]
 55%|█████▍    | 4809/8810 [00:07<00:07, 501.39it/s]
 55%|█████▌    | 4862/8810 [00:07<00:08, 484.62it/s]
 56%|█████▌    | 4913/8810 [00:07<00:08, 474.95it/s]
 56%|█████▋    | 4962/8810 [00:08<00:10, 378.64it/s]
 57%|█████▋    | 5025/8810 [00:08<00:08, 434.39it/s]
 58%|█████▊    | 5089/8810 [00:08<00:07, 483.37it/s]
 59%|█████▉    | 5214/8810 [00:08<00:05, 675.87it/s]
 60%|██████    | 5308/8810 [00:08<00:04, 737.56it/s]
 61%|██████    | 5387/8810 [00:08<00:06, 550.72it/s]
 62%|██████▏   | 5496/8810 [00:08<00:04, 670.46it/s]
 63%|██████▎   | 5575/8810 [00:09<00:04, 661.91it/s]
 64%|██████▍   | 5649/8810 [00:09<00:04, 659.27it/s]
 65%|██████▍   | 5721/8810 [00:09<00:04, 637.78it/s]
 66%|██████▌   | 5789/8810 [00:09<00:06, 446.87it/s]
 66%|██████▋   | 5845/8810 [00:09<00:06, 467.43it/s]
 67%|██████▋   | 5900/8810 [00:09<00:06, 425.01it/s]
 68%|██████▊   | 5989/8810 [00:09<00:05, 523.77it/s]
 69%|██████▊   | 6049/8810 [00:10<00:05, 514.14it/s]
 69%|██████▉   | 6114/8810 [00:10<00:04, 543.67it/s]
 70%|███████   | 6173/8810 [00:10<00:04, 530.93it/s]
 71%|███████▏  | 6280/8810 [00:10<00:03, 669.03it/s]
 72%|███████▏  | 6377/8810 [00:10<00:03, 749.90it/s]
 73%|███████▎  | 6456/8810 [00:10<00:04, 537.53it/s]
 74%|███████▍  | 6521/8810 [00:10<00:04, 464.52it/s]
 75%|███████▍  | 6584/8810 [00:11<00:04, 498.19it/s]
 75%|███████▌  | 6650/8810 [00:11<00:04, 522.82it/s]
 76%|███████▋  | 6724/8810 [00:11<00:03, 568.71it/s]
 77%|███████▋  | 6786/8810 [00:11<00:03, 549.06it/s]
 78%|███████▊  | 6845/8810 [00:11<00:03, 540.89it/s]
 78%|███████▊  | 6902/8810 [00:11<00:03, 534.86it/s]
 79%|███████▉  | 6961/8810 [00:11<00:03, 546.25it/s]
 80%|███████▉  | 7017/8810 [00:11<00:04, 400.17it/s]
 80%|████████  | 7072/8810 [00:12<00:04, 429.85it/s]
 81%|████████  | 7121/8810 [00:12<00:04, 419.96it/s]
 81%|████████▏ | 7167/8810 [00:12<00:03, 418.90it/s]
 82%|████████▏ | 7212/8810 [00:12<00:03, 420.31it/s]
 82%|████████▏ | 7267/8810 [00:12<00:03, 450.64it/s]
 83%|████████▎ | 7334/8810 [00:12<00:02, 509.65it/s]
 84%|████████▍ | 7387/8810 [00:12<00:03, 409.21it/s]
 84%|████████▍ | 7439/8810 [00:12<00:03, 435.84it/s]
 85%|████████▍ | 7487/8810 [00:12<00:03, 392.35it/s]
 85%|████████▌ | 7530/8810 [00:13<00:03, 394.19it/s]
 86%|████████▌ | 7588/8810 [00:13<00:02, 439.22it/s]
 87%|████████▋ | 7645/8810 [00:13<00:02, 468.59it/s]
 87%|████████▋ | 7699/8810 [00:13<00:02, 487.24it/s]
 88%|████████▊ | 7750/8810 [00:13<00:02, 372.66it/s]
 88%|████████▊ | 7793/8810 [00:13<00:02, 375.87it/s]
 89%|████████▉ | 7835/8810 [00:13<00:02, 374.68it/s]
 90%|████████▉ | 7894/8810 [00:13<00:02, 427.55it/s]
 90%|█████████ | 7940/8810 [00:14<00:02, 430.37it/s]
 91%|█████████ | 7985/8810 [00:14<00:01, 418.39it/s]
 91%|█████████ | 8031/8810 [00:14<00:01, 427.11it/s]
 92%|█████████▏| 8075/8810 [00:14<00:02, 338.59it/s]
 92%|█████████▏| 8117/8810 [00:14<00:01, 356.24it/s]
 93%|█████████▎| 8156/8810 [00:14<00:01, 363.13it/s]
 93%|█████████▎| 8195/8810 [00:14<00:01, 352.48it/s]
 93%|█████████▎| 8234/8810 [00:14<00:01, 362.36it/s]
 94%|█████████▍| 8305/8810 [00:14<00:01, 456.54it/s]
 95%|█████████▍| 8353/8810 [00:15<00:01, 448.71it/s]
 95%|█████████▌| 8400/8810 [00:15<00:01, 360.57it/s]
 96%|█████████▌| 8447/8810 [00:15<00:00, 386.63it/s]
 96%|█████████▋| 8496/8810 [00:15<00:00, 412.98it/s]
 97%|█████████▋| 8551/8810 [00:15<00:00, 448.43it/s]
 98%|█████████▊| 8606/8810 [00:15<00:00, 463.32it/s]
 98%|█████████▊| 8654/8810 [00:15<00:00, 459.08it/s]
 99%|█████████▉| 8702/8810 [00:16<00:00, 358.15it/s]
 99%|█████████▉| 8752/8810 [00:16<00:00, 385.74it/s]
100%|█████████▉| 8799/8810 [00:16<00:00, 402.87it/s]
100%|██████████| 8810/8810 [00:16<00:00, 541.97it/s]
