
  0%|          | 0/8810 [00:00<?, ?it/s]
  1%|          | 51/8810 [00:00<00:17, 503.95it/s]
  2%|▏         | 148/8810 [00:00<00:11, 765.87it/s]
  3%|▎         | 225/8810 [00:00<00:13, 625.77it/s]
  4%|▎         | 316/8810 [00:00<00:11, 720.47it/s]
  4%|▍         | 393/8810 [00:00<00:11, 733.67it/s]
  5%|▌         | 469/8810 [00:00<00:11, 702.62it/s]
  7%|▋         | 591/8810 [00:00<00:09, 853.40it/s]
  8%|▊         | 679/8810 [00:00<00:11, 714.53it/s]
  9%|▊         | 757/8810 [00:01<00:11, 729.11it/s]
 10%|▉         | 837/8810 [00:01<00:10, 746.48it/s]
 10%|█         | 915/8810 [00:01<00:11, 693.12it/s]
 11%|█         | 987/8810 [00:01<00:11, 679.65it/s]
 12%|█▏        | 1057/8810 [00:01<00:12, 642.61it/s]
 13%|█▎        | 1131/8810 [00:01<00:11, 665.37it/s]
 14%|█▍        | 1220/8810 [00:01<00:10, 726.70it/s]
 15%|█▍        | 1298/8810 [00:01<00:10, 733.79it/s]
 16%|█▌        | 1373/8810 [00:01<00:10, 720.83it/s]
 17%|█▋        | 1457/8810 [00:02<00:11, 640.34it/s]
 17%|█▋        | 1526/8810 [00:02<00:11, 648.94it/s]
 18%|█▊        | 1593/8810 [00:02<00:11, 644.73it/s]
 19%|█▉        | 1690/8810 [00:02<00:09, 730.66it/s]
 20%|██        | 1781/8810 [00:02<00:09, 774.87it/s]
 21%|██        | 1860/8810 [00:02<00:12, 560.46it/s]
 22%|██▏       | 1926/8810 [00:02<00:11, 577.97it/s]
 23%|██▎       | 2026/8810 [00:02<00:10, 675.93it/s]
 24%|██▍       | 2125/8810 [00:03<00:08, 756.02it/s]
 25%|██▌       | 2217/8810 [00:03<00:08, 799.62it/s]
 26%|██▌       | 2302/8810 [00:03<00:10, 645.24it/s]
 27%|██▋       | 2375/8810 [00:03<00:09, 664.39it/s]
 28%|██▊       | 2463/8810 [00:03<00:08, 718.96it/s]
 29%|██▉       | 2580/8810 [00:03<00:07, 823.71it/s]
 30%|███       | 2667/8810 [00:03<00:07, 831.50it/s]
 31%|███▏      | 2754/8810 [00:03<00:08, 737.62it/s]
 32%|███▏      | 2832/8810 [00:04<00:08, 733.70it/s]
 33%|███▎      | 2914/8810 [00:04<00:07, 755.82it/s]
 34%|███▍      | 3001/8810 [00:04<00:07, 783.23it/s]
 35%|███▍      | 3082/8810 [00:04<00:07, 766.22it/s]
 36%|███▌      | 3180/8810 [00:04<00:06, 820.98it/s]
 37%|███▋      | 3264/8810 [00:04<00:07, 784.54it/s]
 38%|███▊      | 3344/8810 [00:04<00:07, 751.17it/s]
 39%|███▉      | 3420/8810 [00:04<00:09, 573.82it/s]
 40%|███▉      | 3493/8810 [00:04<00:08, 599.02it/s]
 41%|████      | 3585/8810 [00:05<00:07, 673.40it/s]
 42%|████▏     | 3662/8810 [00:05<00:07, 696.87it/s]
 43%|████▎     | 3755/8810 [00:05<00:06, 754.62it/s]
 44%|████▎     | 3834/8810 [00:05<00:07, 636.25it/s]
 44%|████▍     | 3903/8810 [00:05<00:07, 634.35it/s]
 45%|████▌     | 3996/8810 [00:05<00:06, 709.17it/s]
 46%|████▋     | 4084/8810 [00:05<00:06, 741.64it/s]
 47%|████▋     | 4162/8810 [00:05<00:06, 732.60it/s]
 48%|████▊     | 4238/8810 [00:06<00:08, 547.91it/s]
 49%|████▉     | 4307/8810 [00:06<00:07, 568.33it/s]
 50%|████▉     | 4396/8810 [00:06<00:06, 640.78it/s]
 51%|█████     | 4466/8810 [00:06<00:07, 609.07it/s]
 51%|█████▏    | 4532/8810 [00:06<00:07, 599.83it/s]
 52%|█████▏    | 4595/8810 [00:06<00:08, 491.12it/s]
 53%|█████▎    | 4649/8810 [00:06<00:09, 453.04it/s]
 53%|█████▎    | 4707/8810 [00:07<00:08, 481.23it/s]
 54%|█████▍    | 4785/8810 [00:07<00:07, 545.85it/s]
 55%|█████▌    | 4852/8810 [00:07<00:06, 577.40it/s]
 56%|█████▌    | 4926/8810 [00:07<00:06, 619.83it/s]
 57%|█████▋    | 4991/8810 [00:07<00:06, 600.17it/s]
 58%|█████▊    | 5070/8810 [00:07<00:05, 648.87it/s]
 59%|█████▊    | 5168/8810 [00:07<00:04, 738.91it/s]
 60%|█████▉    | 5284/8810 [00:07<00:04, 851.50it/s]
 61%|██████    | 5372/8810 [00:07<00:04, 743.63it/s]
 62%|██████▏   | 5463/8810 [00:08<00:04, 783.91it/s]
 63%|██████▎   | 5549/8810 [00:08<00:04, 802.37it/s]
 64%|██████▍   | 5672/8810 [00:08<00:03, 900.63it/s]
 65%|██████▌   | 5764/8810 [00:08<00:04, 760.61it/s]
 66%|██████▋   | 5856/8810 [00:08<00:03, 799.22it/s]
 67%|██████▋   | 5940/8810 [00:08<00:04, 695.63it/s]
 68%|██████▊   | 6015/8810 [00:08<00:03, 704.02it/s]
 69%|██████▉   | 6089/8810 [00:08<00:04, 669.86it/s]
 70%|██████▉   | 6159/8810 [00:08<00:03, 675.86it/s]
 71%|███████   | 6232/8810 [00:09<00:03, 689.58it/s]
 72%|███████▏  | 6322/8810 [00:09<00:03, 747.23it/s]
 73%|███████▎  | 6399/8810 [00:09<00:03, 719.03it/s]
 73%|███████▎  | 6473/8810 [00:09<00:03, 657.66it/s]
 74%|███████▍  | 6561/8810 [00:09<00:03, 715.21it/s]
 76%|███████▌  | 6672/8810 [00:09<00:02, 820.32it/s]
 77%|███████▋  | 6773/8810 [00:09<00:02, 873.32it/s]
 78%|███████▊  | 6863/8810 [00:09<00:02, 862.92it/s]
 79%|███████▉  | 6969/8810 [00:09<00:02, 899.65it/s]
 80%|████████  | 7060/8810 [00:10<00:02, 765.46it/s]
 81%|████████  | 7141/8810 [00:10<00:02, 763.54it/s]
 82%|████████▏ | 7221/8810 [00:10<00:02, 720.29it/s]
 83%|████████▎ | 7324/8810 [00:10<00:01, 801.07it/s]
 84%|████████▍ | 7407/8810 [00:10<00:01, 761.83it/s]
 85%|████████▍ | 7486/8810 [00:10<00:01, 693.50it/s]
 86%|████████▌ | 7558/8810 [00:10<00:01, 667.43it/s]
 87%|████████▋ | 7669/8810 [00:10<00:01, 779.83it/s]
 88%|████████▊ | 7750/8810 [00:11<00:01, 734.83it/s]
 89%|████████▉ | 7842/8810 [00:11<00:01, 782.40it/s]
 90%|█████████ | 7951/8810 [00:11<00:00, 859.87it/s]
 91%|█████████▏| 8040/8810 [00:11<00:01, 654.87it/s]
 92%|█████████▏| 8114/8810 [00:11<00:01, 658.71it/s]
 93%|█████████▎| 8186/8810 [00:11<00:00, 661.70it/s]
 94%|█████████▎| 8257/8810 [00:11<00:00, 666.69it/s]
 95%|█████████▍| 8327/8810 [00:11<00:00, 656.93it/s]
 95%|█████████▌| 8395/8810 [00:12<00:00, 559.27it/s]
 96%|█████████▋| 8488/8810 [00:12<00:00, 641.65it/s]
 97%|█████████▋| 8576/8810 [00:12<00:00, 693.39it/s]
 98%|█████████▊| 8649/8810 [00:12<00:00, 692.23it/s]
 99%|█████████▉| 8721/8810 [00:12<00:00, 647.99it/s]
100%|██████████| 8810/8810 [00:12<00:00, 698.78it/s]
