
  0%|          | 0/8810 [00:00<?, ?it/s]
  2%|▏         | 181/8810 [00:00<00:06, 1388.44it/s]
  4%|▍         | 384/8810 [00:00<00:04, 1721.51it/s]
  7%|▋         | 575/8810 [00:00<00:04, 1799.60it/s]
  9%|▊         | 758/8810 [00:00<00:05, 1533.71it/s]
 11%|█         | 932/8810 [00:00<00:04, 1594.38it/s]
 12%|█▏        | 1097/8810 [00:00<00:05, 1526.01it/s]
 15%|█▍        | 1280/8810 [00:00<00:04, 1615.02it/s]
 17%|█▋        | 1457/8810 [00:00<00:04, 1502.49it/s]
 19%|█▊        | 1632/8810 [00:01<00:04, 1570.81it/s]
 21%|██        | 1821/8810 [00:01<00:04, 1536.57it/s]
 23%|██▎       | 1988/8810 [00:01<00:04, 1572.58it/s]
 25%|██▍       | 2199/8810 [00:01<00:03, 1716.89it/s]
 27%|██▋       | 2374/8810 [00:01<00:04, 1578.99it/s]
 30%|██▉       | 2616/8810 [00:01<00:03, 1806.96it/s]
 32%|███▏      | 2802/8810 [00:01<00:03, 1587.53it/s]
 34%|███▍      | 2998/8810 [00:01<00:03, 1681.53it/s]
 36%|███▌      | 3174/8810 [00:01<00:03, 1504.88it/s]
 38%|███▊      | 3357/8810 [00:02<00:03, 1584.47it/s]
 40%|███▉      | 3523/8810 [00:02<00:03, 1445.22it/s]
 42%|████▏     | 3722/8810 [00:02<00:03, 1582.59it/s]
 44%|████▍     | 3888/8810 [00:02<00:03, 1379.69it/s]
 46%|████▋     | 4094/8810 [00:02<00:03, 1546.78it/s]
 48%|████▊     | 4259/8810 [00:02<00:03, 1473.29it/s]
 50%|█████     | 4436/8810 [00:02<00:02, 1546.45it/s]
 52%|█████▏    | 4621/8810 [00:02<00:02, 1624.15it/s]
 54%|█████▍    | 4789/8810 [00:03<00:02, 1421.52it/s]
 56%|█████▌    | 4939/8810 [00:03<00:02, 1340.43it/s]
 58%|█████▊    | 5126/8810 [00:03<00:02, 1474.64it/s]
 60%|██████    | 5318/8810 [00:03<00:02, 1591.34it/s]
 62%|██████▏   | 5483/8810 [00:03<00:02, 1482.79it/s]
 65%|██████▍   | 5721/8810 [00:03<00:01, 1720.88it/s]
 67%|██████▋   | 5900/8810 [00:03<00:01, 1513.46it/s]
 69%|██████▉   | 6060/8810 [00:03<00:01, 1444.02it/s]
 71%|███████   | 6249/8810 [00:04<00:01, 1557.69it/s]
 73%|███████▎  | 6411/8810 [00:04<00:01, 1455.30it/s]
 75%|███████▍  | 6604/8810 [00:04<00:01, 1574.48it/s]
 78%|███████▊  | 6837/8810 [00:04<00:01, 1777.51it/s]
 80%|███████▉  | 7021/8810 [00:04<00:01, 1710.74it/s]
 82%|████████▏ | 7197/8810 [00:04<00:00, 1654.66it/s]
 84%|████████▎ | 7366/8810 [00:04<00:00, 1570.38it/s]
 85%|████████▌ | 7526/8810 [00:04<00:00, 1501.12it/s]
 87%|████████▋ | 7703/8810 [00:04<00:00, 1572.49it/s]
 89%|████████▉ | 7863/8810 [00:05<00:00, 1381.18it/s]
 91%|█████████ | 8029/8810 [00:05<00:00, 1448.50it/s]
 93%|█████████▎| 8179/8810 [00:05<00:00, 1348.08it/s]
 95%|█████████▍| 8331/8810 [00:05<00:00, 1392.70it/s]
 96%|█████████▌| 8474/8810 [00:05<00:00, 1314.14it/s]
 98%|█████████▊| 8645/8810 [00:05<00:00, 1418.86it/s]
100%|█████████▉| 8791/8810 [00:05<00:00, 1353.84it/s]
100%|██████████| 8810/8810 [00:05<00:00, 1526.81it/s]
