
  0%|          | 0/8810 [00:00<?, ?it/s]
  1%|▏         | 128/8810 [00:00<00:06, 1270.91it/s]
  3%|▎         | 256/8810 [00:00<00:07, 1091.09it/s]
  5%|▍         | 412/8810 [00:00<00:06, 1279.05it/s]
  6%|▋         | 568/8810 [00:00<00:05, 1379.38it/s]
  8%|▊         | 708/8810 [00:00<00:06, 1195.93it/s]
 10%|▉         | 843/8810 [00:00<00:06, 1241.31it/s]
 11%|█         | 971/8810 [00:00<00:06, 1221.17it/s]
 12%|█▏        | 1096/8810 [00:00<00:06, 1144.64it/s]
 14%|█▍        | 1233/8810 [00:01<00:06, 1200.32it/s]
 15%|█▌        | 1356/8810 [00:01<00:06, 1144.84it/s]
 17%|█▋        | 1473/8810 [00:01<00:06, 1069.48it/s]
 18%|█▊        | 1592/8810 [00:01<00:06, 1101.71it/s]
 20%|█▉        | 1743/8810 [00:01<00:05, 1213.58it/s]
 21%|██        | 1867/8810 [00:01<00:06, 1046.90it/s]
 23%|██▎       | 2014/8810 [00:01<00:05, 1153.99it/s]
 25%|██▍       | 2185/8810 [00:01<00:05, 1297.54it/s]
 26%|██▋       | 2320/8810 [00:01<00:05, 1146.24it/s]
 28%|██▊       | 2470/8810 [00:02<00:05, 1234.53it/s]
 30%|██▉       | 2628/8810 [00:02<00:04, 1317.85it/s]
 31%|███▏      | 2765/8810 [00:02<00:04, 1218.18it/s]
 33%|███▎      | 2899/8810 [00:02<00:04, 1246.31it/s]
 34%|███▍      | 3028/8810 [00:02<00:04, 1248.75it/s]
 36%|███▌      | 3156/8810 [00:02<00:04, 1168.96it/s]
 37%|███▋      | 3276/8810 [00:02<00:04, 1138.16it/s]
 39%|███▊      | 3401/8810 [00:02<00:04, 1167.35it/s]
 40%|███▉      | 3520/8810 [00:02<00:04, 1100.10it/s]
 42%|████▏     | 3680/8810 [00:03<00:04, 1232.49it/s]
 43%|████▎     | 3806/8810 [00:03<00:04, 1175.56it/s]
 45%|████▍     | 3951/8810 [00:03<00:03, 1249.90it/s]
 47%|████▋     | 4116/8810 [00:03<00:03, 1359.65it/s]
 48%|████▊     | 4255/8810 [00:03<00:03, 1233.06it/s]
 50%|█████     | 4408/8810 [00:03<00:03, 1308.08it/s]
 52%|█████▏    | 4542/8810 [00:03<00:03, 1300.26it/s]
 53%|█████▎    | 4675/8810 [00:03<00:03, 1149.06it/s]
 54%|█████▍    | 4795/8810 [00:04<00:03, 1097.69it/s]
 56%|█████▌    | 4911/8810 [00:04<00:03, 1110.80it/s]
 57%|█████▋    | 5025/8810 [00:04<00:03, 1022.85it/s]
 59%|█████▊    | 5172/8810 [00:04<00:03, 1134.89it/s]
 60%|██████    | 5310/8810 [00:04<00:02, 1200.76it/s]
 62%|██████▏   | 5434/8810 [00:04<00:03, 1054.06it/s]
 63%|██████▎   | 5558/8810 [00:04<00:02, 1101.87it/s]
 64%|██████▍   | 5673/8810 [00:04<00:02, 1068.24it/s]
 66%|██████▌   | 5783/8810 [00:04<00:03, 1008.79it/s]
 67%|██████▋   | 5887/8810 [00:05<00:02, 1004.34it/s]
 68%|██████▊   | 5990/8810 [00:05<00:02, 1009.12it/s]
 69%|██████▉   | 6093/8810 [00:05<00:02, 975.50it/s] 
 71%|███████   | 6222/8810 [00:05<00:02, 1061.08it/s]
 72%|███████▏  | 6359/8810 [00:05<00:02, 1147.56it/s]
 74%|███████▎  | 6476/8810 [00:05<00:02, 1062.65it/s]
 75%|███████▌  | 6638/8810 [00:05<00:01, 1212.61it/s]
 77%|███████▋  | 6822/8810 [00:05<00:01, 1386.04it/s]
 79%|███████▉  | 6972/8810 [00:05<00:01, 1288.21it/s]
 81%|████████  | 7105/8810 [00:06<00:01, 1206.50it/s]
 82%|████████▏ | 7229/8810 [00:06<00:01, 1139.89it/s]
 84%|████████▎ | 7360/8810 [00:06<00:01, 1121.38it/s]
 85%|████████▍ | 7482/8810 [00:06<00:01, 1146.61it/s]
 86%|████████▋ | 7612/8810 [00:06<00:01, 1187.27it/s]
 88%|████████▊ | 7733/8810 [00:06<00:00, 1097.69it/s]
 89%|████████▉ | 7849/8810 [00:06<00:00, 1110.35it/s]
 91%|█████████ | 7982/8810 [00:06<00:00, 1165.53it/s]
 92%|█████████▏| 8101/8810 [00:06<00:00, 1059.26it/s]
 93%|█████████▎| 8210/8810 [00:07<00:00, 1064.29it/s]
 95%|█████████▍| 8341/8810 [00:07<00:00, 1131.50it/s]
 96%|█████████▌| 8457/8810 [00:07<00:00, 1030.37it/s]
 98%|█████████▊| 8598/8810 [00:07<00:00, 1131.79it/s]
 99%|█████████▉| 8715/8810 [00:07<00:00, 1071.21it/s]
100%|██████████| 8810/8810 [00:07<00:00, 1157.67it/s]
