
  0%|          | 0/8810 [00:00<?, ?it/s]
  2%|▏         | 164/8810 [00:00<00:05, 1637.48it/s]
  4%|▎         | 328/8810 [00:00<00:06, 1406.11it/s]
  5%|▌         | 472/8810 [00:00<00:05, 1417.55it/s]
  7%|▋         | 656/8810 [00:00<00:05, 1381.82it/s]
  9%|▉         | 828/8810 [00:00<00:05, 1485.33it/s]
 11%|█         | 979/8810 [00:00<00:05, 1459.39it/s]
 13%|█▎        | 1127/8810 [00:00<00:05, 1375.22it/s]
 15%|█▍        | 1312/8810 [00:00<00:04, 1501.98it/s]
 17%|█▋        | 1465/8810 [00:01<00:05, 1384.18it/s]
 19%|█▊        | 1648/8810 [00:01<00:04, 1502.87it/s]
 21%|██        | 1818/8810 [00:01<00:04, 1558.35it/s]
 22%|██▏       | 1977/8810 [00:01<00:04, 1428.66it/s]
 25%|██▍       | 2186/8810 [00:01<00:04, 1606.70it/s]
 27%|██▋       | 2352/8810 [00:01<00:04, 1499.95it/s]
 29%|██▉       | 2562/8810 [00:01<00:03, 1657.95it/s]
 31%|███       | 2744/8810 [00:01<00:03, 1587.82it/s]
 33%|███▎      | 2910/8810 [00:01<00:03, 1607.02it/s]
 35%|███▍      | 3074/8810 [00:02<00:03, 1554.65it/s]
 37%|███▋      | 3241/8810 [00:02<00:03, 1585.00it/s]
 39%|███▊      | 3410/8810 [00:02<00:03, 1525.97it/s]
 41%|████      | 3586/8810 [00:02<00:03, 1585.88it/s]
 43%|████▎     | 3774/8810 [00:02<00:03, 1557.57it/s]
 45%|████▌     | 3970/8810 [00:02<00:02, 1665.39it/s]
 47%|████▋     | 4180/8810 [00:02<00:02, 1638.94it/s]
 50%|████▉     | 4394/8810 [00:02<00:02, 1771.23it/s]
 52%|█████▏    | 4574/8810 [00:02<00:02, 1769.44it/s]
 54%|█████▍    | 4753/8810 [00:03<00:02, 1597.43it/s]
 56%|█████▌    | 4925/8810 [00:03<00:02, 1625.02it/s]
 58%|█████▊    | 5091/8810 [00:03<00:02, 1556.65it/s]
 60%|██████    | 5295/8810 [00:03<00:02, 1687.63it/s]
 62%|██████▏   | 5467/8810 [00:03<00:02, 1549.66it/s]
 64%|██████▍   | 5671/8810 [00:03<00:01, 1676.23it/s]
 66%|██████▋   | 5843/8810 [00:03<00:01, 1621.52it/s]
 68%|██████▊   | 6009/8810 [00:03<00:01, 1553.14it/s]
 70%|███████   | 6167/8810 [00:03<00:01, 1452.51it/s]
 72%|███████▏  | 6376/8810 [00:04<00:01, 1619.43it/s]
 74%|███████▍  | 6542/8810 [00:04<00:01, 1536.12it/s]
 77%|███████▋  | 6777/8810 [00:04<00:01, 1750.94it/s]
 79%|███████▉  | 6972/8810 [00:04<00:01, 1734.04it/s]
 81%|████████▏ | 7163/8810 [00:04<00:00, 1778.85it/s]
 84%|████████▎ | 7360/8810 [00:04<00:00, 1710.47it/s]
 86%|████████▌ | 7534/8810 [00:04<00:00, 1706.37it/s]
 88%|████████▊ | 7715/8810 [00:04<00:00, 1639.69it/s]
 89%|████████▉ | 7881/8810 [00:04<00:00, 1628.93it/s]
 91%|█████████▏| 8045/8810 [00:05<00:00, 1396.80it/s]
 93%|█████████▎| 8217/8810 [00:05<00:00, 1476.63it/s]
 95%|█████████▌| 8371/8810 [00:05<00:00, 1410.41it/s]
 97%|█████████▋| 8584/8810 [00:05<00:00, 1598.51it/s]
 99%|█████████▉| 8750/8810 [00:05<00:00, 1458.99it/s]
100%|██████████| 8810/8810 [00:05<00:00, 1568.38it/s]
