
  0%|          | 0/8810 [00:00<?, ?it/s]
  2%|▏         | 181/8810 [00:00<00:05, 1574.14it/s]
  5%|▍         | 426/8810 [00:00<00:04, 2047.86it/s]
  7%|▋         | 656/8810 [00:00<00:04, 1931.82it/s]
 10%|▉         | 852/8810 [00:00<00:04, 1902.62it/s]
 12%|█▏        | 1044/8810 [00:00<00:04, 1821.91it/s]
 15%|█▍        | 1282/8810 [00:00<00:03, 1995.34it/s]
 17%|█▋        | 1484/8810 [00:00<00:03, 1836.62it/s]
 20%|█▉        | 1742/8810 [00:00<00:03, 2045.35it/s]
 22%|██▏       | 1951/8810 [00:01<00:03, 1812.49it/s]
 25%|██▍       | 2198/8810 [00:01<00:03, 1985.35it/s]
 27%|██▋       | 2404/8810 [00:01<00:03, 1818.37it/s]
 30%|███       | 2674/8810 [00:01<00:02, 2049.92it/s]
 33%|███▎      | 2888/8810 [00:01<00:03, 1930.23it/s]
 35%|███▌      | 3088/8810 [00:01<00:03, 1751.52it/s]
 37%|███▋      | 3278/8810 [00:01<00:03, 1786.19it/s]
 39%|███▉      | 3462/8810 [00:01<00:03, 1673.54it/s]
 42%|████▏     | 3709/8810 [00:01<00:02, 1873.96it/s]
 44%|████▍     | 3903/8810 [00:02<00:02, 1738.17it/s]
 47%|████▋     | 4179/8810 [00:02<00:02, 2005.65it/s]
 50%|████▉     | 4388/8810 [00:02<00:02, 1824.76it/s]
 52%|█████▏    | 4579/8810 [00:02<00:02, 1818.62it/s]
 54%|█████▍    | 4767/8810 [00:02<00:02, 1692.62it/s]
 56%|█████▌    | 4941/8810 [00:02<00:02, 1569.81it/s]
 59%|█████▊    | 5169/8810 [00:02<00:02, 1747.01it/s]
 61%|██████    | 5372/8810 [00:02<00:02, 1698.98it/s]
 63%|██████▎   | 5588/8810 [00:03<00:01, 1819.36it/s]
 66%|██████▌   | 5775/8810 [00:03<00:01, 1744.96it/s]
 68%|██████▊   | 5953/8810 [00:03<00:01, 1722.20it/s]
 70%|██████▉   | 6128/8810 [00:03<00:01, 1668.18it/s]
 72%|███████▏  | 6333/8810 [00:03<00:01, 1761.25it/s]
 74%|███████▍  | 6511/8810 [00:03<00:01, 1602.92it/s]
 77%|███████▋  | 6773/8810 [00:03<00:01, 1873.30it/s]
 79%|███████▉  | 6972/8810 [00:03<00:01, 1822.83it/s]
 81%|████████▏ | 7168/8810 [00:03<00:00, 1856.03it/s]
 84%|████████▎ | 7360/8810 [00:04<00:00, 1711.15it/s]
 86%|████████▌ | 7536/8810 [00:04<00:00, 1577.28it/s]
 88%|████████▊ | 7715/8810 [00:04<00:00, 1524.60it/s]
 89%|████████▉ | 7871/8810 [00:04<00:00, 1520.58it/s]
 91%|█████████ | 8031/8810 [00:04<00:00, 1538.83it/s]
 93%|█████████▎| 8187/8810 [00:04<00:00, 1380.50it/s]
 95%|█████████▍| 8361/8810 [00:04<00:00, 1325.18it/s]
 97%|█████████▋| 8519/8810 [00:04<00:00, 1388.20it/s]
 99%|█████████▊| 8690/8810 [00:05<00:00, 1471.09it/s]
100%|██████████| 8810/8810 [00:05<00:00, 1713.08it/s]
