
  0%|          | 0/8810 [00:00<?, ?it/s]
  2%|▏         | 144/8810 [00:00<00:06, 1426.36it/s]
  3%|▎         | 287/8810 [00:00<00:06, 1273.70it/s]
  5%|▌         | 448/8810 [00:00<00:05, 1414.91it/s]
  7%|▋         | 651/8810 [00:00<00:04, 1641.40it/s]
  9%|▉         | 817/8810 [00:00<00:06, 1299.16it/s]
 11%|█         | 957/8810 [00:00<00:06, 1280.97it/s]
 12%|█▏        | 1092/8810 [00:00<00:06, 1213.64it/s]
 14%|█▍        | 1234/8810 [00:00<00:05, 1267.05it/s]
 15%|█▌        | 1365/8810 [00:01<00:06, 1238.63it/s]
 17%|█▋        | 1492/8810 [00:01<00:06, 1083.02it/s]
 18%|█▊        | 1624/8810 [00:01<00:06, 1139.56it/s]
 20%|██        | 1780/8810 [00:01<00:05, 1246.60it/s]
 22%|██▏       | 1909/8810 [00:01<00:06, 1025.33it/s]
 23%|██▎       | 2049/8810 [00:01<00:06, 1109.65it/s]
 25%|██▍       | 2187/8810 [00:01<00:05, 1177.12it/s]
 26%|██▌       | 2312/8810 [00:01<00:06, 1011.96it/s]
 28%|██▊       | 2478/8810 [00:02<00:05, 1165.34it/s]
 30%|██▉       | 2642/8810 [00:02<00:04, 1284.60it/s]
 32%|███▏      | 2779/8810 [00:02<00:05, 1104.71it/s]
 33%|███▎      | 2903/8810 [00:02<00:05, 1136.26it/s]
 34%|███▍      | 3033/8810 [00:02<00:04, 1176.14it/s]
 36%|███▌      | 3157/8810 [00:02<00:05, 1128.38it/s]
 37%|███▋      | 3275/8810 [00:02<00:04, 1138.12it/s]
 39%|███▊      | 3399/8810 [00:02<00:04, 1162.18it/s]
 40%|███▉      | 3518/8810 [00:02<00:04, 1097.07it/s]
 42%|████▏     | 3695/8810 [00:03<00:03, 1281.24it/s]
 43%|████▎     | 3827/8810 [00:03<00:04, 1210.89it/s]
 45%|████▌     | 3987/8810 [00:03<00:03, 1314.72it/s]
 47%|████▋     | 4175/8810 [00:03<00:03, 1472.77it/s]
 49%|████▉     | 4326/8810 [00:03<00:03, 1339.12it/s]
 51%|█████     | 4496/8810 [00:03<00:03, 1435.00it/s]
 53%|█████▎    | 4644/8810 [00:03<00:03, 1217.17it/s]
 54%|█████▍    | 4774/8810 [00:03<00:03, 1237.58it/s]
 56%|█████▌    | 4912/8810 [00:04<00:03, 1270.55it/s]
 57%|█████▋    | 5044/8810 [00:04<00:03, 1183.08it/s]
 59%|█████▉    | 5199/8810 [00:04<00:02, 1276.03it/s]
 61%|██████    | 5350/8810 [00:04<00:02, 1337.98it/s]
 62%|██████▏   | 5488/8810 [00:04<00:02, 1224.91it/s]
 64%|██████▍   | 5680/8810 [00:04<00:02, 1406.34it/s]
 66%|██████▌   | 5826/8810 [00:04<00:02, 1317.27it/s]
 68%|██████▊   | 5962/8810 [00:04<00:02, 1176.65it/s]
 69%|██████▉   | 6085/8810 [00:04<00:02, 1153.26it/s]
 71%|███████   | 6260/8810 [00:05<00:01, 1307.31it/s]
 73%|███████▎  | 6400/8810 [00:05<00:01, 1213.00it/s]
 74%|███████▍  | 6552/8810 [00:05<00:01, 1290.45it/s]
 77%|███████▋  | 6745/8810 [00:05<00:01, 1460.48it/s]
 78%|███████▊  | 6901/8810 [00:05<00:01, 1486.08it/s]
 80%|████████  | 7054/8810 [00:05<00:01, 1335.72it/s]
 82%|████████▏ | 7193/8810 [00:05<00:01, 1295.84it/s]
 83%|████████▎ | 7349/8810 [00:05<00:01, 1363.02it/s]
 85%|████████▌ | 7489/8810 [00:06<00:01, 1179.01it/s]
 87%|████████▋ | 7621/8810 [00:06<00:00, 1212.82it/s]
 88%|████████▊ | 7748/8810 [00:06<00:00, 1111.38it/s]
 89%|████████▉ | 7870/8810 [00:06<00:00, 1136.05it/s]
 91%|█████████ | 7997/8810 [00:06<00:00, 1169.36it/s]
 92%|█████████▏| 8117/8810 [00:06<00:00, 1026.20it/s]
 93%|█████████▎| 8225/8810 [00:06<00:00, 988.53it/s] 
 95%|█████████▍| 8342/8810 [00:06<00:00, 1034.69it/s]
 96%|█████████▌| 8449/8810 [00:06<00:00, 926.36it/s] 
 98%|█████████▊| 8601/8810 [00:07<00:00, 1075.66it/s]
 99%|█████████▉| 8714/8810 [00:07<00:00, 1009.15it/s]
100%|██████████| 8810/8810 [00:07<00:00, 1207.51it/s]
