
  0%|          | 0/8810 [00:00<?, ?it/s]
  1%|          | 71/8810 [00:00<00:12, 708.99it/s]
  2%|▏         | 178/8810 [00:00<00:09, 919.89it/s]
  3%|▎         | 270/8810 [00:00<00:10, 781.32it/s]
  4%|▍         | 362/8810 [00:00<00:10, 818.86it/s]
  5%|▌         | 446/8810 [00:00<00:10, 820.64it/s]
  7%|▋         | 575/8810 [00:00<00:08, 970.95it/s]
  8%|▊         | 674/8810 [00:00<00:10, 798.17it/s]
  9%|▊         | 760/8810 [00:00<00:10, 748.94it/s]
 10%|▉         | 839/8810 [00:01<00:10, 735.39it/s]
 10%|█         | 916/8810 [00:01<00:11, 709.85it/s]
 11%|█         | 989/8810 [00:01<00:11, 710.95it/s]
 12%|█▏        | 1062/8810 [00:01<00:11, 687.20it/s]
 13%|█▎        | 1136/8810 [00:01<00:11, 697.09it/s]
 14%|█▍        | 1236/8810 [00:01<00:09, 777.57it/s]
 15%|█▍        | 1315/8810 [00:01<00:10, 736.03it/s]
 16%|█▌        | 1390/8810 [00:01<00:10, 690.15it/s]
 17%|█▋        | 1461/8810 [00:02<00:12, 605.12it/s]
 17%|█▋        | 1524/8810 [00:02<00:12, 595.42it/s]
 18%|█▊        | 1585/8810 [00:02<00:12, 565.11it/s]
 19%|█▉        | 1659/8810 [00:02<00:11, 606.63it/s]
 20%|█▉        | 1732/8810 [00:02<00:11, 638.57it/s]
 20%|██        | 1798/8810 [00:02<00:11, 632.54it/s]
 21%|██        | 1863/8810 [00:02<00:15, 460.39it/s]
 22%|██▏       | 1926/8810 [00:02<00:13, 496.88it/s]
 22%|██▏       | 1982/8810 [00:02<00:13, 499.03it/s]
 23%|██▎       | 2037/8810 [00:03<00:13, 503.12it/s]
 24%|██▍       | 2093/8810 [00:03<00:13, 515.21it/s]
 24%|██▍       | 2155/8810 [00:03<00:12, 539.57it/s]
 25%|██▌       | 2215/8810 [00:03<00:11, 555.44it/s]
 26%|██▌       | 2272/8810 [00:03<00:13, 479.27it/s]
 27%|██▋       | 2348/8810 [00:03<00:11, 550.97it/s]
 27%|██▋       | 2407/8810 [00:03<00:11, 551.34it/s]
 28%|██▊       | 2478/8810 [00:03<00:10, 587.33it/s]
 29%|██▉       | 2582/8810 [00:03<00:08, 707.45it/s]
 30%|███       | 2672/8810 [00:04<00:08, 760.83it/s]
 31%|███       | 2750/8810 [00:04<00:08, 711.68it/s]
 32%|███▏      | 2823/8810 [00:04<00:08, 672.44it/s]
 33%|███▎      | 2907/8810 [00:04<00:08, 713.22it/s]
 34%|███▍      | 2982/8810 [00:04<00:08, 721.92it/s]
 35%|███▍      | 3056/8810 [00:04<00:08, 718.09it/s]
 36%|███▌      | 3129/8810 [00:04<00:08, 675.27it/s]
 36%|███▋      | 3198/8810 [00:04<00:08, 626.13it/s]
 37%|███▋      | 3262/8810 [00:05<00:09, 582.40it/s]
 38%|███▊      | 3330/8810 [00:05<00:09, 604.96it/s]
 39%|███▊      | 3393/8810 [00:05<00:08, 607.49it/s]
 39%|███▉      | 3455/8810 [00:05<00:09, 575.11it/s]
 40%|████      | 3529/8810 [00:05<00:08, 614.48it/s]
 41%|████      | 3623/8810 [00:05<00:07, 703.63it/s]
 42%|████▏     | 3706/8810 [00:05<00:06, 732.12it/s]
 43%|████▎     | 3781/8810 [00:05<00:07, 637.55it/s]
 44%|████▎     | 3850/8810 [00:05<00:07, 647.57it/s]
 45%|████▍     | 3927/8810 [00:06<00:07, 680.14it/s]
 46%|████▌     | 4028/8810 [00:06<00:06, 766.57it/s]
 47%|████▋     | 4115/8810 [00:06<00:05, 788.73it/s]
 48%|████▊     | 4196/8810 [00:06<00:06, 727.64it/s]
 49%|████▊     | 4294/8810 [00:06<00:05, 792.57it/s]
 50%|████▉     | 4389/8810 [00:06<00:05, 832.88it/s]
 51%|█████     | 4474/8810 [00:06<00:05, 769.79it/s]
 52%|█████▏    | 4553/8810 [00:06<00:05, 729.18it/s]
 53%|█████▎    | 4628/8810 [00:06<00:06, 646.03it/s]
 53%|█████▎    | 4695/8810 [00:07<00:06, 608.23it/s]
 54%|█████▍    | 4760/8810 [00:07<00:06, 618.47it/s]
 55%|█████▍    | 4824/8810 [00:07<00:06, 621.16it/s]
 55%|█████▌    | 4888/8810 [00:07<00:06, 587.83it/s]
 56%|█████▌    | 4948/8810 [00:07<00:07, 519.04it/s]
 57%|█████▋    | 5024/8810 [00:07<00:06, 576.14it/s]
 58%|█████▊    | 5084/8810 [00:07<00:06, 575.29it/s]
 58%|█████▊    | 5152/8810 [00:07<00:06, 598.09it/s]
 59%|█████▉    | 5214/8810 [00:07<00:06, 583.49it/s]
 60%|█████▉    | 5284/8810 [00:08<00:05, 612.83it/s]
 61%|██████    | 5347/8810 [00:08<00:05, 609.88it/s]
 61%|██████▏   | 5409/8810 [00:08<00:06, 547.30it/s]
 62%|██████▏   | 5488/8810 [00:08<00:05, 610.68it/s]
 63%|██████▎   | 5562/8810 [00:08<00:05, 644.47it/s]
 64%|██████▍   | 5634/8810 [00:08<00:04, 663.12it/s]
 65%|██████▍   | 5702/8810 [00:08<00:04, 655.75it/s]
 65%|██████▌   | 5769/8810 [00:08<00:05, 540.60it/s]
 66%|██████▌   | 5827/8810 [00:09<00:05, 546.11it/s]
 67%|██████▋   | 5885/8810 [00:09<00:06, 472.14it/s]
 67%|██████▋   | 5936/8810 [00:09<00:06, 419.53it/s]
 68%|██████▊   | 5993/8810 [00:09<00:06, 453.89it/s]
 69%|██████▊   | 6042/8810 [00:09<00:06, 452.00it/s]
 69%|██████▉   | 6119/8810 [00:09<00:05, 533.42it/s]
 70%|███████   | 6177/8810 [00:09<00:04, 545.24it/s]
 71%|███████   | 6256/8810 [00:09<00:04, 608.47it/s]
 72%|███████▏  | 6334/8810 [00:09<00:03, 655.07it/s]
 73%|███████▎  | 6402/8810 [00:10<00:03, 622.82it/s]
 74%|███████▎  | 6484/8810 [00:10<00:03, 675.85it/s]
 75%|███████▍  | 6581/8810 [00:10<00:02, 758.03it/s]
 76%|███████▌  | 6699/8810 [00:10<00:02, 878.98it/s]
 77%|███████▋  | 6789/8810 [00:10<00:02, 840.43it/s]
 78%|███████▊  | 6886/8810 [00:10<00:02, 873.31it/s]
 79%|███████▉  | 6975/8810 [00:10<00:02, 743.94it/s]
 80%|████████  | 7071/8810 [00:10<00:02, 797.63it/s]
 81%|████████  | 7155/8810 [00:11<00:02, 769.38it/s]
 82%|████████▏ | 7235/8810 [00:11<00:02, 774.31it/s]
 83%|████████▎ | 7332/8810 [00:11<00:01, 823.80it/s]
 84%|████████▍ | 7417/8810 [00:11<00:01, 778.28it/s]
 85%|████████▌ | 7497/8810 [00:11<00:02, 641.23it/s]
 86%|████████▌ | 7566/8810 [00:11<00:02, 616.44it/s]
 87%|████████▋ | 7646/8810 [00:11<00:01, 661.41it/s]
 88%|████████▊ | 7716/8810 [00:11<00:01, 566.86it/s]
 88%|████████▊ | 7777/8810 [00:12<00:01, 569.20it/s]
 89%|████████▉ | 7862/8810 [00:12<00:01, 636.34it/s]
 90%|█████████ | 7955/8810 [00:12<00:01, 712.00it/s]
 91%|█████████ | 8030/8810 [00:12<00:01, 650.06it/s]
 92%|█████████▏| 8099/8810 [00:12<00:01, 533.97it/s]
 93%|█████████▎| 8158/8810 [00:12<00:01, 517.88it/s]
 93%|█████████▎| 8214/8810 [00:12<00:01, 479.08it/s]
 94%|█████████▍| 8291/8810 [00:12<00:00, 547.05it/s]
 95%|█████████▍| 8361/8810 [00:13<00:00, 524.70it/s]
 96%|█████████▌| 8424/8810 [00:13<00:00, 545.11it/s]
 96%|█████████▋| 8497/8810 [00:13<00:00, 591.61it/s]
 98%|█████████▊| 8591/8810 [00:13<00:00, 681.82it/s]
 98%|█████████▊| 8662/8810 [00:13<00:00, 671.24it/s]
 99%|█████████▉| 8731/8810 [00:13<00:00, 608.25it/s]
100%|██████████| 8810/8810 [00:13<00:00, 642.95it/s]
