
  0%|          | 0/8810 [00:00<?, ?it/s]
  2%|▏         | 181/8810 [00:00<00:05, 1626.96it/s]
  5%|▌         | 445/8810 [00:00<00:03, 2195.91it/s]
  8%|▊         | 668/8810 [00:00<00:03, 2142.24it/s]
 10%|█         | 884/8810 [00:00<00:03, 2074.24it/s]
 12%|█▏        | 1093/8810 [00:00<00:04, 1853.85it/s]
 15%|█▍        | 1319/8810 [00:00<00:03, 1977.71it/s]
 17%|█▋        | 1521/8810 [00:00<00:03, 1882.12it/s]
 20%|██        | 1763/8810 [00:00<00:03, 2037.11it/s]
 22%|██▏       | 1971/8810 [00:01<00:03, 1815.46it/s]
 25%|██▌       | 2225/8810 [00:01<00:03, 2008.82it/s]
 28%|██▊       | 2433/8810 [00:01<00:03, 1925.21it/s]
 30%|███       | 2677/8810 [00:01<00:02, 2065.72it/s]
 33%|███▎      | 2889/8810 [00:01<00:03, 1920.01it/s]
 35%|███▌      | 3086/8810 [00:01<00:03, 1839.50it/s]
 37%|███▋      | 3284/8810 [00:01<00:02, 1872.32it/s]
 39%|███▉      | 3475/8810 [00:01<00:03, 1757.54it/s]
 42%|████▏     | 3712/8810 [00:01<00:02, 1921.47it/s]
 44%|████▍     | 3908/8810 [00:02<00:02, 1844.24it/s]
 47%|████▋     | 4180/8810 [00:02<00:02, 1936.51it/s]
 50%|█████     | 4428/8810 [00:02<00:02, 2080.95it/s]
 53%|█████▎    | 4639/8810 [00:02<00:02, 1925.21it/s]
 55%|█████▍    | 4836/8810 [00:02<00:02, 1929.41it/s]
 57%|█████▋    | 5032/8810 [00:02<00:02, 1724.04it/s]
 60%|█████▉    | 5274/8810 [00:02<00:01, 1901.42it/s]
 62%|██████▏   | 5471/8810 [00:02<00:01, 1794.98it/s]
 65%|██████▍   | 5722/8810 [00:02<00:01, 1976.71it/s]
 67%|██████▋   | 5926/8810 [00:03<00:01, 1719.15it/s]
 69%|██████▉   | 6107/8810 [00:03<00:01, 1645.62it/s]
 72%|███████▏  | 6333/8810 [00:03<00:01, 1795.43it/s]
 74%|███████▍  | 6520/8810 [00:03<00:01, 1732.48it/s]
 77%|███████▋  | 6789/8810 [00:03<00:01, 1981.95it/s]
 79%|███████▉  | 6994/8810 [00:03<00:00, 1912.65it/s]
 82%|████████▏ | 7194/8810 [00:03<00:00, 1932.60it/s]
 84%|████████▍ | 7391/8810 [00:03<00:00, 1855.00it/s]
 86%|████████▌ | 7580/8810 [00:04<00:00, 1843.96it/s]
 88%|████████▊ | 7767/8810 [00:04<00:00, 1763.69it/s]
 91%|█████████ | 7975/8810 [00:04<00:00, 1849.78it/s]
 93%|█████████▎| 8162/8810 [00:04<00:00, 1676.33it/s]
 95%|█████████▍| 8355/8810 [00:04<00:00, 1741.20it/s]
 97%|█████████▋| 8533/8810 [00:04<00:00, 1654.08it/s]
 99%|█████████▉| 8702/8810 [00:04<00:00, 1592.79it/s]
100%|██████████| 8810/8810 [00:04<00:00, 1852.56it/s]
