
  0%|          | 0/8810 [00:00<?, ?it/s]
  2%|▏         | 181/8810 [00:00<00:05, 1539.13it/s]
  5%|▍         | 412/8810 [00:00<00:04, 1945.43it/s]
  7%|▋         | 656/8810 [00:00<00:04, 1851.84it/s]
 10%|▉         | 872/8810 [00:00<00:04, 1955.52it/s]
 12%|█▏        | 1071/8810 [00:00<00:04, 1837.35it/s]
 15%|█▍        | 1297/8810 [00:00<00:03, 1962.44it/s]
 17%|█▋        | 1497/8810 [00:00<00:04, 1759.61it/s]
 20%|█▉        | 1751/8810 [00:00<00:03, 1975.06it/s]
 22%|██▏       | 1955/8810 [00:01<00:03, 1844.48it/s]
 25%|██▌       | 2214/8810 [00:01<00:03, 2045.98it/s]
 28%|██▊       | 2425/8810 [00:01<00:03, 1842.35it/s]
 31%|███       | 2703/8810 [00:01<00:02, 2089.28it/s]
 33%|███▎      | 2921/8810 [00:01<00:03, 1930.46it/s]
 35%|███▌      | 3122/8810 [00:01<00:03, 1842.18it/s]
 38%|███▊      | 3330/8810 [00:01<00:02, 1901.67it/s]
 40%|████      | 3525/8810 [00:01<00:03, 1737.37it/s]
 43%|████▎     | 3774/8810 [00:02<00:02, 1771.80it/s]
 46%|████▌     | 4027/8810 [00:02<00:02, 1959.07it/s]
 48%|████▊     | 4229/8810 [00:02<00:02, 1911.81it/s]
 51%|█████     | 4470/8810 [00:02<00:02, 2040.83it/s]
 53%|█████▎    | 4679/8810 [00:02<00:02, 1763.02it/s]
 55%|█████▌    | 4864/8810 [00:02<00:02, 1723.47it/s]
 57%|█████▋    | 5043/8810 [00:02<00:02, 1574.31it/s]
 60%|█████▉    | 5265/8810 [00:02<00:02, 1735.46it/s]
 62%|██████▏   | 5446/8810 [00:02<00:01, 1691.82it/s]
 65%|██████▍   | 5700/8810 [00:03<00:01, 1915.96it/s]
 67%|██████▋   | 5898/8810 [00:03<00:01, 1726.99it/s]
 69%|██████▉   | 6078/8810 [00:03<00:01, 1677.54it/s]
 71%|███████   | 6262/8810 [00:03<00:01, 1717.62it/s]
 73%|███████▎  | 6438/8810 [00:03<00:01, 1688.59it/s]
 76%|███████▌  | 6665/8810 [00:03<00:01, 1848.09it/s]
 79%|███████▊  | 6931/8810 [00:03<00:00, 2071.79it/s]
 81%|████████  | 7142/8810 [00:03<00:00, 1865.84it/s]
 84%|████████▎ | 7360/8810 [00:04<00:00, 1790.32it/s]
 86%|████████▌ | 7544/8810 [00:04<00:00, 1766.22it/s]
 88%|████████▊ | 7724/8810 [00:04<00:00, 1742.01it/s]
 90%|█████████ | 7929/8810 [00:04<00:00, 1824.54it/s]
 92%|█████████▏| 8114/8810 [00:04<00:00, 1610.50it/s]
 94%|█████████▍| 8314/8810 [00:04<00:00, 1711.60it/s]
 96%|█████████▋| 8491/8810 [00:04<00:00, 1595.10it/s]
 99%|█████████▉| 8702/8810 [00:04<00:00, 1579.34it/s]
100%|██████████| 8810/8810 [00:04<00:00, 1804.03it/s]
