
  0%|          | 0/8810 [00:00<?, ?it/s]
  2%|▏         | 181/8810 [00:00<00:05, 1611.70it/s]
  5%|▍         | 430/8810 [00:00<00:03, 2099.29it/s]
  7%|▋         | 656/8810 [00:00<00:04, 1904.03it/s]
 10%|▉         | 862/8810 [00:00<00:04, 1954.06it/s]
 12%|█▏        | 1060/8810 [00:00<00:04, 1817.54it/s]
 15%|█▍        | 1298/8810 [00:00<00:03, 1986.04it/s]
 17%|█▋        | 1500/8810 [00:00<00:04, 1810.17it/s]
 20%|█▉        | 1718/8810 [00:00<00:03, 1912.69it/s]
 22%|██▏       | 1914/8810 [00:01<00:03, 1763.74it/s]
 25%|██▍       | 2185/8810 [00:01<00:03, 2017.94it/s]
 27%|██▋       | 2393/8810 [00:01<00:04, 1583.76it/s]
 29%|██▉       | 2594/8810 [00:01<00:03, 1683.64it/s]
 32%|███▏      | 2778/8810 [00:01<00:04, 1458.22it/s]
 33%|███▎      | 2939/8810 [00:01<00:04, 1458.19it/s]
 35%|███▌      | 3095/8810 [00:01<00:04, 1253.08it/s]
 37%|███▋      | 3231/8810 [00:02<00:04, 1219.67it/s]
 38%|███▊      | 3377/8810 [00:02<00:04, 1270.86it/s]
 40%|███▉      | 3511/8810 [00:02<00:05, 1044.97it/s]
 41%|████▏     | 3645/8810 [00:02<00:04, 1111.29it/s]
 43%|████▎     | 3774/8810 [00:02<00:04, 1130.90it/s]
 45%|████▍     | 3951/8810 [00:02<00:03, 1292.42it/s]
 47%|████▋     | 4164/8810 [00:02<00:03, 1512.40it/s]
 49%|████▉     | 4323/8810 [00:02<00:03, 1460.39it/s]
 51%|█████     | 4515/8810 [00:02<00:02, 1584.64it/s]
 53%|█████▎    | 4679/8810 [00:03<00:03, 1360.01it/s]
 55%|█████▍    | 4834/8810 [00:03<00:02, 1406.80it/s]
 57%|█████▋    | 4982/8810 [00:03<00:03, 1176.05it/s]
 58%|█████▊    | 5115/8810 [00:03<00:03, 1208.63it/s]
 60%|█████▉    | 5277/8810 [00:03<00:02, 1311.62it/s]
 61%|██████▏   | 5416/8810 [00:03<00:02, 1201.59it/s]
 63%|██████▎   | 5567/8810 [00:03<00:02, 1278.25it/s]
 65%|██████▌   | 5746/8810 [00:03<00:02, 1409.12it/s]
 67%|██████▋   | 5893/8810 [00:04<00:02, 1103.51it/s]
 68%|██████▊   | 6017/8810 [00:04<00:02, 1063.60it/s]
 70%|██████▉   | 6133/8810 [00:04<00:02, 1011.39it/s]
 71%|███████▏  | 6290/8810 [00:04<00:02, 1144.31it/s]
 73%|███████▎  | 6413/8810 [00:04<00:02, 1072.52it/s]
 75%|███████▍  | 6582/8810 [00:04<00:01, 1226.11it/s]
 76%|███████▋  | 6727/8810 [00:04<00:01, 1266.29it/s]
 78%|███████▊  | 6859/8810 [00:04<00:01, 1166.45it/s]
 79%|███████▉  | 6981/8810 [00:05<00:01, 1025.55it/s]
 80%|████████  | 7090/8810 [00:05<00:01, 995.96it/s] 
 82%|████████▏ | 7194/8810 [00:05<00:01, 973.29it/s]
 83%|████████▎ | 7350/8810 [00:05<00:01, 1121.03it/s]
 85%|████████▍ | 7467/8810 [00:05<00:01, 1010.90it/s]
 86%|████████▌ | 7586/8810 [00:05<00:01, 1056.40it/s]
 87%|████████▋ | 7700/8810 [00:05<00:01, 1078.20it/s]
 89%|████████▊ | 7811/8810 [00:06<00:01, 797.56it/s] 
 90%|████████▉ | 7903/8810 [00:06<00:01, 784.18it/s]
 91%|█████████ | 7990/8810 [00:06<00:01, 735.06it/s]
 92%|█████████▏| 8070/8810 [00:06<00:01, 659.57it/s]
 93%|█████████▎| 8188/8810 [00:06<00:00, 765.50it/s]
 94%|█████████▍| 8283/8810 [00:06<00:00, 808.85it/s]
 95%|█████████▌| 8370/8810 [00:06<00:00, 736.10it/s]
 96%|█████████▋| 8501/8810 [00:06<00:00, 876.70it/s]
 98%|█████████▊| 8624/8810 [00:07<00:00, 964.46it/s]
 99%|█████████▉| 8726/8810 [00:07<00:00, 823.48it/s]
100%|██████████| 8810/8810 [00:07<00:00, 1216.57it/s]
