
  0%|          | 0/8810 [00:00<?, ?it/s]
  2%|▏         | 181/8810 [00:00<00:04, 1776.61it/s]
  5%|▌         | 442/8810 [00:00<00:03, 2257.86it/s]
  8%|▊         | 669/8810 [00:00<00:03, 2203.99it/s]
 10%|█         | 890/8810 [00:00<00:03, 2194.65it/s]
 13%|█▎        | 1110/8810 [00:00<00:03, 1995.39it/s]
 15%|█▌        | 1332/8810 [00:00<00:03, 2062.00it/s]
 17%|█▋        | 1541/8810 [00:00<00:03, 1868.89it/s]
 20%|██        | 1792/8810 [00:00<00:03, 2049.54it/s]
 23%|██▎       | 2002/8810 [00:00<00:03, 1925.10it/s]
 26%|██▌       | 2263/8810 [00:01<00:03, 1951.49it/s]
 29%|██▊       | 2515/8810 [00:01<00:02, 2102.23it/s]
 31%|███       | 2744/8810 [00:01<00:02, 2032.95it/s]
 34%|███▎      | 2961/8810 [00:01<00:02, 2069.83it/s]
 36%|███▌      | 3171/8810 [00:01<00:03, 1873.15it/s]
 38%|███▊      | 3363/8810 [00:01<00:03, 1793.79it/s]
 40%|████      | 3546/8810 [00:01<00:03, 1602.03it/s]
 43%|████▎     | 3756/8810 [00:01<00:02, 1722.51it/s]
 45%|████▍     | 3934/8810 [00:02<00:03, 1583.66it/s]
 47%|████▋     | 4164/8810 [00:02<00:02, 1765.60it/s]
 49%|████▉     | 4348/8810 [00:02<00:02, 1708.27it/s]
 52%|█████▏    | 4542/8810 [00:02<00:02, 1768.33it/s]
 54%|█████▎    | 4723/8810 [00:02<00:02, 1557.62it/s]
 55%|█████▌    | 4886/8810 [00:02<00:02, 1542.36it/s]
 57%|█████▋    | 5045/8810 [00:02<00:02, 1466.87it/s]
 59%|█████▉    | 5219/8810 [00:02<00:02, 1536.59it/s]
 61%|██████    | 5376/8810 [00:03<00:02, 1488.31it/s]
 63%|██████▎   | 5541/8810 [00:03<00:02, 1528.64it/s]
 65%|██████▌   | 5736/8810 [00:03<00:01, 1644.53it/s]
 67%|██████▋   | 5903/8810 [00:03<00:02, 1383.01it/s]
 69%|██████▊   | 6050/8810 [00:03<00:02, 1218.02it/s]
 70%|███████   | 6193/8810 [00:03<00:02, 1266.81it/s]
 72%|███████▏  | 6358/8810 [00:03<00:01, 1359.05it/s]
 74%|███████▍  | 6501/8810 [00:03<00:01, 1264.32it/s]
 76%|███████▋  | 6728/8810 [00:03<00:01, 1521.83it/s]
 78%|███████▊  | 6901/8810 [00:04<00:01, 1574.90it/s]
 80%|████████  | 7065/8810 [00:04<00:01, 1447.41it/s]
 82%|████████▏ | 7216/8810 [00:04<00:01, 1445.44it/s]
 84%|████████▎ | 7365/8810 [00:04<00:01, 1410.39it/s]
 85%|████████▌ | 7509/8810 [00:04<00:00, 1384.86it/s]
 87%|████████▋ | 7695/8810 [00:04<00:00, 1512.75it/s]
 89%|████████▉ | 7849/8810 [00:04<00:00, 1322.06it/s]
 91%|█████████ | 7987/8810 [00:04<00:00, 1332.91it/s]
 92%|█████████▏| 8125/8810 [00:05<00:00, 1219.42it/s]
 94%|█████████▍| 8318/8810 [00:05<00:00, 1400.47it/s]
 96%|█████████▌| 8464/8810 [00:05<00:00, 1331.10it/s]
 98%|█████████▊| 8634/8810 [00:05<00:00, 1423.68it/s]
100%|█████████▉| 8781/8810 [00:05<00:00, 1348.29it/s]
100%|██████████| 8810/8810 [00:05<00:00, 1602.07it/s]
