
  0%|          | 0/8810 [00:00<?, ?it/s]
  1%|          | 106/8810 [00:00<00:08, 1049.19it/s]
  2%|▏         | 211/8810 [00:00<00:08, 989.03it/s] 
  4%|▍         | 383/8810 [00:00<00:06, 1300.34it/s]
  6%|▌         | 529/8810 [00:00<00:06, 1360.15it/s]
  8%|▊         | 666/8810 [00:00<00:06, 1207.34it/s]
  9%|▉         | 790/8810 [00:00<00:06, 1216.07it/s]
 11%|█         | 927/8810 [00:00<00:06, 1262.26it/s]
 12%|█▏        | 1055/8810 [00:00<00:06, 1154.65it/s]
 14%|█▎        | 1198/8810 [00:00<00:06, 1228.30it/s]
 15%|█▌        | 1332/8810 [00:01<00:05, 1255.63it/s]
 17%|█▋        | 1460/8810 [00:01<00:06, 1089.82it/s]
 18%|█▊        | 1580/8810 [00:01<00:06, 1115.81it/s]
 20%|█▉        | 1744/8810 [00:01<00:05, 1258.63it/s]
 21%|██▏       | 1874/8810 [00:01<00:06, 1061.94it/s]
 23%|██▎       | 2031/8810 [00:01<00:05, 1187.46it/s]
 25%|██▍       | 2194/8810 [00:01<00:05, 1295.97it/s]
 26%|██▋       | 2331/8810 [00:01<00:05, 1182.72it/s]
 28%|██▊       | 2479/8810 [00:02<00:05, 1251.80it/s]
 30%|███       | 2654/8810 [00:02<00:04, 1377.25it/s]
 32%|███▏      | 2797/8810 [00:02<00:05, 1185.89it/s]
 33%|███▎      | 2930/8810 [00:02<00:04, 1217.69it/s]
 35%|███▍      | 3058/8810 [00:02<00:05, 1149.61it/s]
 36%|███▋      | 3198/8810 [00:02<00:04, 1213.07it/s]
 38%|███▊      | 3325/8810 [00:02<00:04, 1226.33it/s]
 39%|███▉      | 3451/8810 [00:02<00:04, 1125.77it/s]
 41%|████      | 3586/8810 [00:02<00:04, 1177.24it/s]
 42%|████▏     | 3729/8810 [00:03<00:04, 1237.84it/s]
 44%|████▍     | 3856/8810 [00:03<00:04, 1156.54it/s]
 46%|████▌     | 4036/8810 [00:03<00:03, 1328.75it/s]
 47%|████▋     | 4180/8810 [00:03<00:03, 1216.84it/s]
 49%|████▉     | 4324/8810 [00:03<00:03, 1275.22it/s]
 51%|█████     | 4475/8810 [00:03<00:03, 1337.76it/s]
 52%|█████▏    | 4613/8810 [00:03<00:03, 1313.83it/s]
 54%|█████▍    | 4747/8810 [00:03<00:03, 1115.49it/s]
 55%|█████▌    | 4865/8810 [00:04<00:03, 1119.24it/s]
 57%|█████▋    | 4982/8810 [00:04<00:03, 1024.70it/s]
 58%|█████▊    | 5105/8810 [00:04<00:03, 1074.90it/s]
 60%|█████▉    | 5253/8810 [00:04<00:03, 1180.75it/s]
 61%|██████    | 5375/8810 [00:04<00:03, 1097.15it/s]
 62%|██████▏   | 5489/8810 [00:04<00:03, 1084.48it/s]
 64%|██████▍   | 5628/8810 [00:04<00:02, 1164.13it/s]
 65%|██████▌   | 5747/8810 [00:04<00:02, 1097.07it/s]
 67%|██████▋   | 5859/8810 [00:04<00:03, 976.85it/s] 
 68%|██████▊   | 5961/8810 [00:05<00:03, 928.50it/s]
 69%|██████▉   | 6057/8810 [00:05<00:02, 918.07it/s]
 70%|███████   | 6193/8810 [00:05<00:02, 1029.55it/s]
 72%|███████▏  | 6334/8810 [00:05<00:02, 1126.34it/s]
 73%|███████▎  | 6450/8810 [00:05<00:02, 1074.64it/s]
 75%|███████▍  | 6605/8810 [00:05<00:01, 1199.02it/s]
 77%|███████▋  | 6781/8810 [00:05<00:01, 1354.80it/s]
 79%|███████▉  | 6969/8810 [00:05<00:01, 1499.35it/s]
 81%|████████  | 7122/8810 [00:06<00:01, 1224.65it/s]
 82%|████████▏ | 7255/8810 [00:06<00:01, 1159.70it/s]
 84%|████████▎ | 7378/8810 [00:06<00:01, 1130.74it/s]
 85%|████████▌ | 7496/8810 [00:06<00:01, 1126.15it/s]
 87%|████████▋ | 7636/8810 [00:06<00:00, 1195.78it/s]
 88%|████████▊ | 7759/8810 [00:06<00:00, 1077.00it/s]
 90%|████████▉ | 7886/8810 [00:06<00:00, 1126.07it/s]
 91%|█████████ | 8012/8810 [00:06<00:00, 1159.21it/s]
 92%|█████████▏| 8131/8810 [00:06<00:00, 1048.60it/s]
 94%|█████████▍| 8261/8810 [00:07<00:00, 1113.47it/s]
 95%|█████████▌| 8376/8810 [00:07<00:00, 1013.42it/s]
 97%|█████████▋| 8519/8810 [00:07<00:00, 1118.67it/s]
 98%|█████████▊| 8656/8810 [00:07<00:00, 1185.98it/s]
100%|█████████▉| 8779/8810 [00:07<00:00, 1132.26it/s]
100%|██████████| 8810/8810 [00:07<00:00, 1165.49it/s]
