
  0%|          | 0/8810 [00:00<?, ?it/s]
  2%|▏         | 178/8810 [00:00<00:04, 1770.89it/s]
  4%|▍         | 356/8810 [00:00<00:05, 1513.81it/s]
  6%|▋         | 567/8810 [00:00<00:04, 1759.48it/s]
  8%|▊         | 747/8810 [00:00<00:05, 1492.37it/s]
 10%|█         | 909/8810 [00:00<00:05, 1526.68it/s]
 12%|█▏        | 1067/8810 [00:00<00:05, 1453.49it/s]
 14%|█▍        | 1246/8810 [00:00<00:04, 1547.55it/s]
 16%|█▌        | 1405/8810 [00:00<00:04, 1528.36it/s]
 18%|█▊        | 1560/8810 [00:01<00:05, 1316.88it/s]
 20%|█▉        | 1738/8810 [00:01<00:04, 1436.30it/s]
 21%|██▏       | 1888/8810 [00:01<00:05, 1298.72it/s]
 24%|██▍       | 2113/8810 [00:01<00:04, 1542.62it/s]
 26%|██▌       | 2276/8810 [00:01<00:04, 1429.92it/s]
 28%|██▊       | 2479/8810 [00:01<00:04, 1577.03it/s]
 31%|███       | 2692/8810 [00:01<00:03, 1724.40it/s]
 33%|███▎      | 2871/8810 [00:01<00:03, 1523.86it/s]
 34%|███▍      | 3032/8810 [00:02<00:03, 1487.37it/s]
 36%|███▌      | 3187/8810 [00:02<00:04, 1355.17it/s]
 38%|███▊      | 3330/8810 [00:02<00:03, 1370.54it/s]
 39%|███▉      | 3471/8810 [00:02<00:04, 1215.75it/s]
 41%|████▏     | 3635/8810 [00:02<00:03, 1320.87it/s]
 43%|████▎     | 3774/8810 [00:02<00:03, 1303.03it/s]
 44%|████▍     | 3909/8810 [00:02<00:03, 1289.60it/s]
 47%|████▋     | 4111/8810 [00:02<00:03, 1488.10it/s]
 48%|████▊     | 4264/8810 [00:02<00:03, 1394.89it/s]
 50%|█████     | 4419/8810 [00:03<00:03, 1436.85it/s]
 52%|█████▏    | 4566/8810 [00:03<00:02, 1434.21it/s]
 53%|█████▎    | 4712/8810 [00:03<00:03, 1307.52it/s]
 55%|█████▌    | 4875/8810 [00:03<00:02, 1394.10it/s]
 57%|█████▋    | 5018/8810 [00:03<00:02, 1331.46it/s]
 59%|█████▉    | 5185/8810 [00:03<00:02, 1420.22it/s]
 61%|██████    | 5372/8810 [00:03<00:02, 1374.68it/s]
 63%|██████▎   | 5539/8810 [00:03<00:02, 1446.86it/s]
 65%|██████▍   | 5725/8810 [00:03<00:01, 1558.05it/s]
 67%|██████▋   | 5884/8810 [00:04<00:02, 1427.06it/s]
 68%|██████▊   | 6031/8810 [00:04<00:01, 1428.70it/s]
 70%|███████   | 6177/8810 [00:04<00:01, 1360.07it/s]
 72%|███████▏  | 6359/8810 [00:04<00:01, 1478.87it/s]
 74%|███████▍  | 6510/8810 [00:04<00:01, 1360.88it/s]
 76%|███████▋  | 6729/8810 [00:04<00:01, 1581.86it/s]
 78%|███████▊  | 6904/8810 [00:04<00:01, 1621.83it/s]
 80%|████████  | 7071/8810 [00:04<00:01, 1528.52it/s]
 82%|████████▏ | 7228/8810 [00:04<00:01, 1524.74it/s]
 84%|████████▍ | 7383/8810 [00:05<00:00, 1459.71it/s]
 85%|████████▌ | 7531/8810 [00:05<00:00, 1401.33it/s]
 88%|████████▊ | 7715/8810 [00:05<00:00, 1417.58it/s]
 89%|████████▉ | 7868/8810 [00:05<00:00, 1444.70it/s]
 91%|█████████ | 8025/8810 [00:05<00:00, 1476.87it/s]
 93%|█████████▎| 8174/8810 [00:05<00:00, 1318.80it/s]
 94%|█████████▍| 8310/8810 [00:05<00:00, 1311.42it/s]
 96%|█████████▌| 8444/8810 [00:05<00:00, 1185.11it/s]
 98%|█████████▊| 8624/8810 [00:06<00:00, 1337.71it/s]
 99%|█████████▉| 8763/8810 [00:06<00:00, 1265.55it/s]
100%|██████████| 8810/8810 [00:06<00:00, 1423.97it/s]
