
  0%|          | 0/8810 [00:00<?, ?it/s]
  2%|▏         | 181/8810 [00:00<00:05, 1469.83it/s]
  5%|▍         | 411/8810 [00:00<00:04, 1912.22it/s]
  7%|▋         | 637/8810 [00:00<00:03, 2056.88it/s]
 10%|▉         | 846/8810 [00:00<00:04, 1683.80it/s]
 12%|█▏        | 1024/8810 [00:00<00:04, 1582.23it/s]
 14%|█▍        | 1219/8810 [00:00<00:04, 1683.50it/s]
 16%|█▌        | 1409/8810 [00:00<00:04, 1745.56it/s]
 18%|█▊        | 1589/8810 [00:00<00:04, 1556.03it/s]
 21%|██        | 1810/8810 [00:01<00:04, 1732.21it/s]
 23%|██▎       | 1991/8810 [00:01<00:04, 1502.90it/s]
 25%|██▍       | 2199/8810 [00:01<00:04, 1646.08it/s]
 27%|██▋       | 2373/8810 [00:01<00:04, 1469.77it/s]
 30%|██▉       | 2604/8810 [00:01<00:03, 1678.77it/s]
 32%|███▏      | 2783/8810 [00:01<00:03, 1534.25it/s]
 34%|███▍      | 2982/8810 [00:01<00:03, 1649.21it/s]
 36%|███▌      | 3156/8810 [00:01<00:03, 1572.08it/s]
 38%|███▊      | 3328/8810 [00:02<00:03, 1609.58it/s]
 40%|███▉      | 3494/8810 [00:02<00:03, 1450.30it/s]
 42%|████▏     | 3708/8810 [00:02<00:03, 1623.65it/s]
 44%|████▍     | 3877/8810 [00:02<00:03, 1411.07it/s]
 46%|████▌     | 4072/8810 [00:02<00:03, 1543.25it/s]
 48%|████▊     | 4236/8810 [00:02<00:03, 1483.02it/s]
 51%|█████     | 4459/8810 [00:02<00:02, 1676.45it/s]
 53%|█████▎    | 4634/8810 [00:02<00:02, 1465.16it/s]
 54%|█████▍    | 4790/8810 [00:03<00:02, 1443.55it/s]
 56%|█████▌    | 4941/8810 [00:03<00:02, 1310.60it/s]
 58%|█████▊    | 5122/8810 [00:03<00:02, 1434.48it/s]
 60%|██████    | 5300/8810 [00:03<00:02, 1524.66it/s]
 62%|██████▏   | 5459/8810 [00:03<00:02, 1346.95it/s]
 64%|██████▍   | 5634/8810 [00:03<00:02, 1448.49it/s]
 66%|██████▌   | 5786/8810 [00:03<00:02, 1403.07it/s]
 67%|██████▋   | 5932/8810 [00:03<00:02, 1385.34it/s]
 69%|██████▉   | 6074/8810 [00:03<00:02, 1356.65it/s]
 71%|███████   | 6262/8810 [00:04<00:01, 1499.31it/s]
 73%|███████▎  | 6415/8810 [00:04<00:01, 1395.70it/s]
 75%|███████▌  | 6624/8810 [00:04<00:01, 1581.70it/s]
 78%|███████▊  | 6875/8810 [00:04<00:01, 1837.96it/s]
 80%|████████  | 7064/8810 [00:04<00:01, 1704.57it/s]
 82%|████████▏ | 7240/8810 [00:04<00:00, 1702.17it/s]
 84%|████████▍ | 7414/8810 [00:04<00:00, 1650.92it/s]
 86%|████████▌ | 7582/8810 [00:04<00:00, 1590.13it/s]
 88%|████████▊ | 7743/8810 [00:04<00:00, 1529.51it/s]
 90%|█████████ | 7930/8810 [00:05<00:00, 1618.21it/s]
 92%|█████████▏| 8094/8810 [00:05<00:00, 1363.32it/s]
 94%|█████████▎| 8238/8810 [00:05<00:00, 1361.79it/s]
 95%|█████████▌| 8380/8810 [00:05<00:00, 1272.65it/s]
 97%|█████████▋| 8574/8810 [00:05<00:00, 1441.87it/s]
 99%|█████████▉| 8724/8810 [00:05<00:00, 1355.44it/s]
100%|██████████| 8810/8810 [00:05<00:00, 1529.92it/s]
