
  0%|          | 0/8810 [00:00<?, ?it/s]
  2%|▏         | 181/8810 [00:00<00:05, 1456.86it/s]
  5%|▍         | 427/8810 [00:00<00:04, 1985.02it/s]
  7%|▋         | 656/8810 [00:00<00:04, 1912.23it/s]
 10%|▉         | 851/8810 [00:00<00:04, 1913.66it/s]
 12%|█▏        | 1045/8810 [00:00<00:04, 1679.52it/s]
 14%|█▍        | 1265/8810 [00:00<00:04, 1830.67it/s]
 17%|█▋        | 1457/8810 [00:00<00:04, 1682.14it/s]
 19%|█▉        | 1656/8810 [00:00<00:04, 1763.23it/s]
 21%|██        | 1837/8810 [00:01<00:04, 1589.63it/s]
 23%|██▎       | 2035/8810 [00:01<00:04, 1692.05it/s]
 25%|██▌       | 2233/8810 [00:01<00:03, 1768.21it/s]
 27%|██▋       | 2415/8810 [00:01<00:03, 1653.32it/s]
 30%|███       | 2661/8810 [00:01<00:03, 1869.72it/s]
 32%|███▏      | 2854/8810 [00:01<00:03, 1725.65it/s]
 34%|███▍      | 3039/8810 [00:01<00:03, 1751.45it/s]
 37%|███▋      | 3219/8810 [00:01<00:03, 1527.70it/s]
 39%|███▊      | 3407/8810 [00:01<00:03, 1616.94it/s]
 41%|████      | 3576/8810 [00:02<00:03, 1555.63it/s]
 43%|████▎     | 3774/8810 [00:02<00:03, 1543.98it/s]
 45%|████▌     | 3980/8810 [00:02<00:02, 1677.01it/s]
 47%|████▋     | 4180/8810 [00:02<00:02, 1694.63it/s]
 50%|█████     | 4422/8810 [00:02<00:02, 1888.85it/s]
 52%|█████▏    | 4625/8810 [00:02<00:02, 1793.54it/s]
 55%|█████▍    | 4809/8810 [00:02<00:02, 1778.88it/s]
 57%|█████▋    | 4990/8810 [00:02<00:02, 1627.23it/s]
 59%|█████▉    | 5203/8810 [00:03<00:02, 1757.31it/s]
 61%|██████    | 5383/8810 [00:03<00:02, 1673.53it/s]
 64%|██████▍   | 5625/8810 [00:03<00:01, 1870.25it/s]
 66%|██████▌   | 5817/8810 [00:03<00:01, 1750.92it/s]
 68%|██████▊   | 5997/8810 [00:03<00:01, 1720.15it/s]
 70%|███████   | 6172/8810 [00:03<00:01, 1607.40it/s]
 72%|███████▏  | 6351/8810 [00:03<00:01, 1653.45it/s]
 74%|███████▍  | 6519/8810 [00:03<00:01, 1511.07it/s]
 77%|███████▋  | 6764/8810 [00:03<00:01, 1758.03it/s]
 79%|███████▉  | 6972/8810 [00:04<00:01, 1702.33it/s]
 81%|████████  | 7156/8810 [00:04<00:00, 1738.70it/s]
 83%|████████▎ | 7350/8810 [00:04<00:00, 1788.90it/s]
 85%|████████▌ | 7532/8810 [00:04<00:00, 1590.86it/s]
 88%|████████▊ | 7715/8810 [00:04<00:00, 1567.95it/s]
 90%|████████▉ | 7917/8810 [00:04<00:00, 1685.91it/s]
 92%|█████████▏| 8091/8810 [00:04<00:00, 1478.95it/s]
 94%|█████████▍| 8276/8810 [00:04<00:00, 1566.71it/s]
 96%|█████████▌| 8440/8810 [00:05<00:00, 1495.71it/s]
 98%|█████████▊| 8653/8810 [00:05<00:00, 1657.73it/s]
100%|██████████| 8810/8810 [00:05<00:00, 1683.45it/s]
