
  0%|          | 0/8810 [00:00<?, ?it/s]
  2%|▏         | 181/8810 [00:00<00:05, 1638.47it/s]
  5%|▍         | 411/8810 [00:00<00:04, 1994.82it/s]
  7%|▋         | 625/8810 [00:00<00:03, 2058.10it/s]
  9%|▉         | 832/8810 [00:00<00:04, 1745.65it/s]
 11%|█▏        | 1013/8810 [00:00<00:04, 1588.72it/s]
 14%|█▍        | 1225/8810 [00:00<00:04, 1737.07it/s]
 16%|█▋        | 1433/8810 [00:00<00:04, 1834.23it/s]
 18%|█▊        | 1622/8810 [00:00<00:04, 1674.83it/s]
 21%|██        | 1821/8810 [00:01<00:04, 1589.42it/s]
 23%|██▎       | 2005/8810 [00:01<00:04, 1654.73it/s]
 25%|██▌       | 2236/8810 [00:01<00:03, 1831.98it/s]
 28%|██▊       | 2425/8810 [00:01<00:03, 1740.77it/s]
 30%|███       | 2672/8810 [00:01<00:03, 1940.06it/s]
 33%|███▎      | 2871/8810 [00:01<00:03, 1820.32it/s]
 35%|███▍      | 3058/8810 [00:01<00:03, 1565.24it/s]
 37%|███▋      | 3239/8810 [00:01<00:03, 1619.93it/s]
 39%|███▊      | 3410/8810 [00:02<00:03, 1570.96it/s]
 41%|████      | 3618/8810 [00:02<00:03, 1699.12it/s]
 43%|████▎     | 3793/8810 [00:02<00:03, 1611.11it/s]
 45%|████▌     | 3987/8810 [00:02<00:02, 1694.26it/s]
 47%|████▋     | 4180/8810 [00:02<00:02, 1694.88it/s]
 50%|█████     | 4429/8810 [00:02<00:02, 1911.38it/s]
 52%|█████▏    | 4625/8810 [00:02<00:02, 1824.54it/s]
 55%|█████▍    | 4811/8810 [00:02<00:02, 1815.25it/s]
 57%|█████▋    | 4995/8810 [00:02<00:02, 1684.42it/s]
 59%|█████▉    | 5181/8810 [00:02<00:02, 1729.03it/s]
 61%|██████    | 5372/8810 [00:03<00:02, 1705.41it/s]
 63%|██████▎   | 5582/8810 [00:03<00:01, 1813.56it/s]
 65%|██████▌   | 5766/8810 [00:03<00:01, 1731.95it/s]
 67%|██████▋   | 5942/8810 [00:03<00:01, 1679.41it/s]
 69%|██████▉   | 6112/8810 [00:03<00:01, 1586.70it/s]
 72%|███████▏  | 6314/8810 [00:03<00:01, 1703.77it/s]
 74%|███████▎  | 6487/8810 [00:03<00:01, 1580.33it/s]
 77%|███████▋  | 6746/8810 [00:03<00:01, 1851.21it/s]
 79%|███████▊  | 6937/8810 [00:03<00:01, 1848.41it/s]
 81%|████████  | 7126/8810 [00:04<00:00, 1747.50it/s]
 83%|████████▎ | 7320/8810 [00:04<00:00, 1794.80it/s]
 85%|████████▌ | 7503/8810 [00:04<00:00, 1658.62it/s]
 88%|████████▊ | 7709/8810 [00:04<00:00, 1765.53it/s]
 90%|████████▉ | 7890/8810 [00:04<00:00, 1633.78it/s]
 91%|█████████▏| 8058/8810 [00:04<00:00, 1459.78it/s]
 94%|█████████▎| 8259/8810 [00:04<00:00, 1597.54it/s]
 96%|█████████▌| 8425/8810 [00:04<00:00, 1536.79it/s]
 98%|█████████▊| 8643/8810 [00:05<00:00, 1703.77it/s]
100%|██████████| 8810/8810 [00:05<00:00, 1705.42it/s]
