
  0%|          | 0/8810 [00:00<?, ?it/s]
  2%|▏         | 181/8810 [00:00<00:05, 1612.79it/s]
  5%|▍         | 433/8810 [00:00<00:03, 2115.75it/s]
  7%|▋         | 656/8810 [00:00<00:04, 1941.32it/s]
 10%|▉         | 873/8810 [00:00<00:03, 2020.68it/s]
 12%|█▏        | 1078/8810 [00:00<00:04, 1777.49it/s]
 14%|█▍        | 1261/8810 [00:00<00:04, 1770.74it/s]
 16%|█▋        | 1442/8810 [00:00<00:04, 1737.65it/s]
 18%|█▊        | 1618/8810 [00:00<00:04, 1472.23it/s]
 20%|██        | 1800/8810 [00:01<00:04, 1559.10it/s]
 22%|██▏       | 1963/8810 [00:01<00:05, 1348.43it/s]
 25%|██▍       | 2186/8810 [00:01<00:04, 1556.80it/s]
 27%|██▋       | 2352/8810 [00:01<00:04, 1457.85it/s]
 29%|██▉       | 2552/8810 [00:01<00:03, 1593.05it/s]
 31%|███       | 2744/8810 [00:01<00:03, 1548.95it/s]
 33%|███▎      | 2906/8810 [00:01<00:03, 1561.01it/s]
 35%|███▍      | 3067/8810 [00:01<00:03, 1473.13it/s]
 37%|███▋      | 3218/8810 [00:02<00:03, 1456.71it/s]
 38%|███▊      | 3366/8810 [00:02<00:03, 1462.26it/s]
 40%|███▉      | 3514/8810 [00:02<00:03, 1344.25it/s]
 42%|████▏     | 3688/8810 [00:02<00:03, 1449.02it/s]
 44%|████▎     | 3836/8810 [00:02<00:03, 1335.68it/s]
 45%|████▌     | 3988/8810 [00:02<00:03, 1379.99it/s]
 47%|████▋     | 4168/8810 [00:02<00:03, 1491.41it/s]
 49%|████▉     | 4321/8810 [00:02<00:03, 1404.04it/s]
 51%|█████▏    | 4521/8810 [00:02<00:02, 1564.35it/s]
 53%|█████▎    | 4681/8810 [00:03<00:03, 1370.08it/s]
 55%|█████▍    | 4828/8810 [00:03<00:02, 1393.49it/s]
 56%|█████▋    | 4973/8810 [00:03<00:02, 1297.57it/s]
 58%|█████▊    | 5152/8810 [00:03<00:02, 1420.63it/s]
 60%|██████    | 5316/8810 [00:03<00:02, 1474.71it/s]
 62%|██████▏   | 5468/8810 [00:03<00:02, 1381.60it/s]
 64%|██████▍   | 5645/8810 [00:03<00:02, 1484.99it/s]
 66%|██████▌   | 5798/8810 [00:03<00:02, 1391.90it/s]
 67%|██████▋   | 5941/8810 [00:03<00:02, 1382.25it/s]
 69%|██████▉   | 6082/8810 [00:04<00:02, 1333.99it/s]
 71%|███████▏  | 6280/8810 [00:04<00:01, 1508.62it/s]
 73%|███████▎  | 6434/8810 [00:04<00:01, 1433.04it/s]
 76%|███████▌  | 6663/8810 [00:04<00:01, 1668.42it/s]
 79%|███████▊  | 6920/8810 [00:04<00:00, 1920.71it/s]
 81%|████████  | 7117/8810 [00:04<00:00, 1740.46it/s]
 83%|████████▎ | 7306/8810 [00:04<00:00, 1776.57it/s]
 85%|████████▌ | 7489/8810 [00:04<00:00, 1631.29it/s]
 87%|████████▋ | 7698/8810 [00:04<00:00, 1749.74it/s]
 89%|████████▉ | 7878/8810 [00:05<00:00, 1577.85it/s]
 91%|█████████▏| 8042/8810 [00:05<00:00, 1450.19it/s]
 93%|█████████▎| 8204/8810 [00:05<00:00, 1488.63it/s]
 95%|█████████▍| 8361/8810 [00:05<00:00, 1395.71it/s]
 97%|█████████▋| 8541/8810 [00:05<00:00, 1499.84it/s]
 99%|█████████▉| 8702/8810 [00:05<00:00, 1433.76it/s]
100%|██████████| 8810/8810 [00:05<00:00, 1524.03it/s]
