
  0%|          | 0/8810 [00:00<?, ?it/s]
  2%|▏         | 146/8810 [00:00<00:06, 1442.95it/s]
  3%|▎         | 291/8810 [00:00<00:07, 1144.07it/s]
  5%|▌         | 442/8810 [00:00<00:06, 1287.47it/s]
  7%|▋         | 619/8810 [00:00<00:05, 1459.02it/s]
  9%|▊         | 769/8810 [00:00<00:06, 1273.28it/s]
 10%|█         | 905/8810 [00:00<00:06, 1293.90it/s]
 12%|█▏        | 1039/8810 [00:00<00:06, 1183.56it/s]
 13%|█▎        | 1181/8810 [00:00<00:06, 1246.97it/s]
 15%|█▌        | 1326/8810 [00:01<00:05, 1302.71it/s]
 17%|█▋        | 1460/8810 [00:01<00:06, 1156.29it/s]
 18%|█▊        | 1581/8810 [00:01<00:06, 1133.68it/s]
 20%|██        | 1765/8810 [00:01<00:05, 1323.02it/s]
 22%|██▏       | 1902/8810 [00:01<00:05, 1170.43it/s]
 23%|██▎       | 2068/8810 [00:01<00:05, 1294.13it/s]
 26%|██▌       | 2260/8810 [00:01<00:04, 1457.18it/s]
 27%|██▋       | 2412/8810 [00:01<00:05, 1272.51it/s]
 30%|██▉       | 2620/8810 [00:02<00:04, 1471.32it/s]
 32%|███▏      | 2777/8810 [00:02<00:04, 1229.71it/s]
 33%|███▎      | 2913/8810 [00:02<00:04, 1204.50it/s]
 35%|███▍      | 3057/8810 [00:02<00:05, 1149.33it/s]
 36%|███▌      | 3178/8810 [00:02<00:05, 1109.88it/s]
 38%|███▊      | 3312/8810 [00:02<00:04, 1165.51it/s]
 39%|███▉      | 3433/8810 [00:02<00:05, 1073.51it/s]
 40%|████      | 3560/8810 [00:02<00:04, 1121.42it/s]
 42%|████▏     | 3729/8810 [00:03<00:03, 1271.32it/s]
 44%|████▍     | 3861/8810 [00:03<00:04, 1127.47it/s]
 45%|████▌     | 3980/8810 [00:03<00:04, 1022.28it/s]
 47%|████▋     | 4154/8810 [00:03<00:03, 1197.32it/s]
 49%|████▊     | 4281/8810 [00:03<00:04, 1106.36it/s]
 50%|█████     | 4428/8810 [00:03<00:03, 1198.22it/s]
 52%|█████▏    | 4567/8810 [00:03<00:03, 1248.79it/s]
 53%|█████▎    | 4697/8810 [00:03<00:03, 1108.14it/s]
 55%|█████▍    | 4814/8810 [00:04<00:03, 1096.10it/s]
 56%|█████▌    | 4928/8810 [00:04<00:03, 995.28it/s] 
 57%|█████▋    | 5032/8810 [00:04<00:03, 962.61it/s]
 59%|█████▉    | 5182/8810 [00:04<00:03, 1100.39it/s]
 61%|██████    | 5334/8810 [00:04<00:02, 1211.53it/s]
 62%|██████▏   | 5460/8810 [00:04<00:02, 1141.65it/s]
 64%|██████▍   | 5637/8810 [00:04<00:02, 1310.66it/s]
 66%|██████▌   | 5773/8810 [00:04<00:02, 1229.29it/s]
 67%|██████▋   | 5901/8810 [00:04<00:02, 1241.50it/s]
 69%|██████▊   | 6036/8810 [00:05<00:02, 1134.18it/s]
 70%|███████   | 6193/8810 [00:05<00:02, 1247.75it/s]
 72%|███████▏  | 6344/8810 [00:05<00:01, 1318.96it/s]
 74%|███████▎  | 6480/8810 [00:05<00:01, 1170.79it/s]
 76%|███████▌  | 6669/8810 [00:05<00:01, 1351.69it/s]
 78%|███████▊  | 6834/8810 [00:05<00:01, 1430.53it/s]
 79%|███████▉  | 6983/8810 [00:05<00:01, 1296.69it/s]
 81%|████████  | 7119/8810 [00:05<00:01, 1249.63it/s]
 82%|████████▏ | 7248/8810 [00:05<00:01, 1229.59it/s]
 84%|████████▎ | 7374/8810 [00:06<00:01, 1209.29it/s]
 85%|████████▌ | 7497/8810 [00:06<00:01, 1175.55it/s]
 86%|████████▋ | 7616/8810 [00:06<00:01, 1179.32it/s]
 88%|████████▊ | 7735/8810 [00:06<00:01, 1052.66it/s]
 89%|████████▉ | 7843/8810 [00:06<00:00, 1013.86it/s]
 91%|█████████ | 7995/8810 [00:06<00:00, 1142.78it/s]
 92%|█████████▏| 8113/8810 [00:06<00:00, 994.53it/s] 
 93%|█████████▎| 8223/8810 [00:06<00:00, 1019.24it/s]
 95%|█████████▍| 8355/8810 [00:07<00:00, 1089.21it/s]
 96%|█████████▌| 8468/8810 [00:07<00:00, 932.77it/s] 
 98%|█████████▊| 8622/8810 [00:07<00:00, 1078.82it/s]
 99%|█████████▉| 8737/8810 [00:07<00:00, 1001.55it/s]
100%|██████████| 8810/8810 [00:07<00:00, 1178.95it/s]
