
  0%|          | 0/8810 [00:00<?, ?it/s]
  2%|▏         | 155/8810 [00:00<00:05, 1546.60it/s]
  4%|▎         | 310/8810 [00:00<00:06, 1251.51it/s]
  5%|▍         | 439/8810 [00:00<00:06, 1235.24it/s]
  7%|▋         | 598/8810 [00:00<00:06, 1358.39it/s]
  8%|▊         | 736/8810 [00:00<00:07, 1134.21it/s]
 10%|▉         | 872/8810 [00:00<00:06, 1194.20it/s]
 11%|█▏        | 997/8810 [00:00<00:07, 1064.91it/s]
 13%|█▎        | 1158/8810 [00:00<00:06, 1208.75it/s]
 15%|█▍        | 1306/8810 [00:01<00:05, 1282.94it/s]
 16%|█▋        | 1441/8810 [00:01<00:05, 1300.58it/s]
 18%|█▊        | 1575/8810 [00:01<00:06, 1177.96it/s]
 20%|██        | 1766/8810 [00:01<00:05, 1374.57it/s]
 22%|██▏       | 1910/8810 [00:01<00:05, 1196.64it/s]
 24%|██▎       | 2081/8810 [00:01<00:05, 1327.10it/s]
 25%|██▌       | 2240/8810 [00:01<00:04, 1395.39it/s]
 27%|██▋       | 2386/8810 [00:01<00:05, 1223.94it/s]
 29%|██▉       | 2562/8810 [00:02<00:04, 1356.13it/s]
 31%|███       | 2721/8810 [00:02<00:04, 1416.64it/s]
 33%|███▎      | 2869/8810 [00:02<00:04, 1269.68it/s]
 34%|███▍      | 3003/8810 [00:02<00:04, 1266.85it/s]
 36%|███▌      | 3135/8810 [00:02<00:04, 1190.76it/s]
 37%|███▋      | 3270/8810 [00:02<00:04, 1229.45it/s]
 39%|███▊      | 3410/8810 [00:02<00:04, 1154.11it/s]
 40%|████      | 3559/8810 [00:02<00:04, 1238.43it/s]
 42%|████▏     | 3712/8810 [00:02<00:03, 1315.84it/s]
 44%|████▎     | 3847/8810 [00:03<00:04, 1205.70it/s]
 46%|████▌     | 4025/8810 [00:03<00:03, 1356.40it/s]
 47%|████▋     | 4180/8810 [00:03<00:03, 1297.32it/s]
 49%|████▉     | 4329/8810 [00:03<00:03, 1343.53it/s]
 51%|█████     | 4496/8810 [00:03<00:03, 1431.98it/s]
 53%|█████▎    | 4643/8810 [00:03<00:03, 1248.11it/s]
 54%|█████▍    | 4774/8810 [00:03<00:03, 1244.23it/s]
 56%|█████▌    | 4903/8810 [00:03<00:03, 1205.22it/s]
 57%|█████▋    | 5027/8810 [00:04<00:03, 1048.92it/s]
 58%|█████▊    | 5153/8810 [00:04<00:03, 1100.72it/s]
 60%|██████    | 5304/8810 [00:04<00:02, 1206.94it/s]
 62%|██████▏   | 5430/8810 [00:04<00:03, 1088.05it/s]
 63%|██████▎   | 5563/8810 [00:04<00:02, 1148.67it/s]
 65%|██████▍   | 5726/8810 [00:04<00:02, 1275.61it/s]
 67%|██████▋   | 5859/8810 [00:04<00:02, 1133.84it/s]
 68%|██████▊   | 5979/8810 [00:04<00:02, 1129.23it/s]
 69%|██████▉   | 6096/8810 [00:04<00:02, 1066.83it/s]
 71%|███████   | 6252/8810 [00:05<00:02, 1193.43it/s]
 73%|███████▎  | 6400/8810 [00:05<00:02, 1157.20it/s]
 75%|███████▍  | 6570/8810 [00:05<00:01, 1297.61it/s]
 77%|███████▋  | 6757/8810 [00:05<00:01, 1450.76it/s]
 79%|███████▊  | 6935/8810 [00:05<00:01, 1541.13it/s]
 81%|████████  | 7093/8810 [00:05<00:01, 1370.29it/s]
 82%|████████▏ | 7239/8810 [00:05<00:01, 1392.27it/s]
 84%|████████▍ | 7383/8810 [00:05<00:01, 1352.11it/s]
 85%|████████▌ | 7522/8810 [00:06<00:01, 1257.18it/s]
 87%|████████▋ | 7696/8810 [00:06<00:00, 1382.44it/s]
 89%|████████▉ | 7838/8810 [00:06<00:00, 1198.12it/s]
 91%|█████████ | 8001/8810 [00:06<00:00, 1301.95it/s]
 92%|█████████▏| 8138/8810 [00:06<00:00, 1232.37it/s]
 94%|█████████▍| 8297/8810 [00:06<00:00, 1323.95it/s]
 96%|█████████▌| 8435/8810 [00:06<00:00, 1194.17it/s]
 98%|█████████▊| 8605/8810 [00:06<00:00, 1320.58it/s]
 99%|█████████▉| 8743/8810 [00:06<00:00, 1246.56it/s]
100%|██████████| 8810/8810 [00:07<00:00, 1258.44it/s]
