
  0%|          | 0/8810 [00:00<?, ?it/s]
  1%|          | 51/8810 [00:00<00:17, 509.65it/s]
  2%|▏         | 173/8810 [00:00<00:09, 924.53it/s]
  3%|▎         | 266/8810 [00:00<00:14, 588.54it/s]
  4%|▍         | 360/8810 [00:00<00:12, 680.43it/s]
  5%|▍         | 437/8810 [00:00<00:12, 688.27it/s]
  6%|▌         | 533/8810 [00:00<00:10, 763.78it/s]
  7%|▋         | 615/8810 [00:00<00:10, 765.35it/s]
  8%|▊         | 695/8810 [00:01<00:13, 608.69it/s]
  9%|▊         | 763/8810 [00:01<00:14, 548.14it/s]
  9%|▉         | 827/8810 [00:01<00:14, 562.23it/s]
 10%|█         | 892/8810 [00:01<00:13, 583.90it/s]
 11%|█         | 958/8810 [00:01<00:13, 597.56it/s]
 12%|█▏        | 1021/8810 [00:01<00:14, 534.34it/s]
 13%|█▎        | 1104/8810 [00:01<00:12, 608.28it/s]
 13%|█▎        | 1189/8810 [00:01<00:11, 672.41it/s]
 14%|█▍        | 1265/8810 [00:01<00:10, 690.31it/s]
 15%|█▌        | 1341/8810 [00:02<00:10, 704.19it/s]
 16%|█▋        | 1436/8810 [00:02<00:09, 773.88it/s]
 17%|█▋        | 1515/8810 [00:02<00:10, 675.14it/s]
 18%|█▊        | 1595/8810 [00:02<00:10, 701.58it/s]
 19%|█▉        | 1706/8810 [00:02<00:08, 805.30it/s]
 20%|██        | 1790/8810 [00:02<00:08, 805.10it/s]
 21%|██▏       | 1873/8810 [00:02<00:12, 555.15it/s]
 22%|██▏       | 1945/8810 [00:03<00:11, 579.35it/s]
 23%|██▎       | 2038/8810 [00:03<00:10, 660.08it/s]
 24%|██▍       | 2140/8810 [00:03<00:08, 748.11it/s]
 25%|██▌       | 2223/8810 [00:03<00:08, 768.67it/s]
 26%|██▌       | 2306/8810 [00:03<00:09, 674.10it/s]
 27%|██▋       | 2380/8810 [00:03<00:10, 617.88it/s]
 28%|██▊       | 2463/8810 [00:03<00:09, 661.79it/s]
 29%|██▉       | 2534/8810 [00:03<00:09, 646.98it/s]
 30%|██▉       | 2611/8810 [00:03<00:09, 677.98it/s]
 30%|███       | 2682/8810 [00:04<00:09, 632.70it/s]
 31%|███       | 2748/8810 [00:04<00:11, 536.82it/s]
 32%|███▏      | 2806/8810 [00:04<00:12, 483.56it/s]
 33%|███▎      | 2878/8810 [00:04<00:11, 533.94it/s]
 33%|███▎      | 2935/8810 [00:04<00:12, 463.98it/s]
 34%|███▍      | 2996/8810 [00:04<00:11, 492.89it/s]
 35%|███▍      | 3057/8810 [00:04<00:12, 458.82it/s]
 36%|███▌      | 3149/8810 [00:05<00:10, 562.51it/s]
 37%|███▋      | 3223/8810 [00:05<00:09, 605.80it/s]
 38%|███▊      | 3317/8810 [00:05<00:07, 692.88it/s]
 39%|███▊      | 3394/8810 [00:05<00:07, 703.18it/s]
 39%|███▉      | 3468/8810 [00:05<00:11, 450.01it/s]
 40%|████      | 3536/8810 [00:05<00:10, 494.74it/s]
 41%|████      | 3630/8810 [00:05<00:08, 591.77it/s]
 42%|████▏     | 3710/8810 [00:05<00:08, 631.98it/s]
 43%|████▎     | 3782/8810 [00:06<00:08, 575.07it/s]
 44%|████▍     | 3869/8810 [00:06<00:07, 644.28it/s]
 45%|████▍     | 3942/8810 [00:06<00:07, 664.57it/s]
 46%|████▌     | 4024/8810 [00:06<00:06, 704.71it/s]
 47%|████▋     | 4138/8810 [00:06<00:05, 823.34it/s]
 48%|████▊     | 4225/8810 [00:06<00:07, 627.99it/s]
 49%|████▉     | 4302/8810 [00:06<00:06, 659.65it/s]
 50%|████▉     | 4376/8810 [00:06<00:06, 644.62it/s]
 50%|█████     | 4446/8810 [00:07<00:06, 648.35it/s]
 52%|█████▏    | 4539/8810 [00:07<00:05, 720.94it/s]
 52%|█████▏    | 4625/8810 [00:07<00:06, 690.83it/s]
 53%|█████▎    | 4713/8810 [00:07<00:05, 738.98it/s]
 55%|█████▍    | 4804/8810 [00:07<00:05, 781.12it/s]
 56%|█████▌    | 4893/8810 [00:07<00:04, 810.59it/s]
 56%|█████▋    | 4976/8810 [00:07<00:05, 697.03it/s]
 58%|█████▊    | 5076/8810 [00:07<00:04, 773.15it/s]
 59%|█████▉    | 5185/8810 [00:07<00:04, 856.33it/s]
 60%|██████    | 5300/8810 [00:08<00:03, 934.55it/s]
 61%|██████▏   | 5397/8810 [00:08<00:04, 801.63it/s]
 62%|██████▏   | 5496/8810 [00:08<00:03, 849.51it/s]
 64%|██████▎   | 5612/8810 [00:08<00:03, 924.93it/s]
 65%|██████▍   | 5711/8810 [00:08<00:03, 938.75it/s]
 66%|██████▌   | 5808/8810 [00:08<00:03, 864.19it/s]
 67%|██████▋   | 5898/8810 [00:08<00:03, 809.56it/s]
 68%|██████▊   | 5982/8810 [00:08<00:04, 697.35it/s]
 69%|██████▊   | 6056/8810 [00:09<00:04, 600.71it/s]
 70%|██████▉   | 6148/8810 [00:09<00:03, 671.06it/s]
 71%|███████   | 6221/8810 [00:09<00:03, 654.73it/s]
 72%|███████▏  | 6302/8810 [00:09<00:03, 692.48it/s]
 72%|███████▏  | 6375/8810 [00:09<00:03, 667.80it/s]
 73%|███████▎  | 6444/8810 [00:09<00:03, 619.83it/s]
 74%|███████▍  | 6508/8810 [00:09<00:03, 623.35it/s]
 75%|███████▍  | 6589/8810 [00:09<00:03, 671.86it/s]
 76%|███████▋  | 6727/8810 [00:10<00:02, 867.15it/s]
 77%|███████▋  | 6817/8810 [00:10<00:02, 793.01it/s]
 78%|███████▊  | 6900/8810 [00:10<00:02, 799.02it/s]
 79%|███████▉  | 6983/8810 [00:10<00:02, 629.10it/s]
 80%|████████  | 7065/8810 [00:10<00:02, 670.08it/s]
 81%|████████  | 7138/8810 [00:10<00:02, 639.85it/s]
 82%|████████▏ | 7207/8810 [00:10<00:02, 597.25it/s]
 83%|████████▎ | 7297/8810 [00:10<00:02, 670.00it/s]
 84%|████████▎ | 7368/8810 [00:11<00:02, 630.57it/s]
 85%|████████▍ | 7459/8810 [00:11<00:01, 699.56it/s]
 85%|████████▌ | 7532/8810 [00:11<00:01, 652.28it/s]
 87%|████████▋ | 7649/8810 [00:11<00:01, 783.19it/s]
 88%|████████▊ | 7731/8810 [00:11<00:01, 694.27it/s]
 89%|████████▊ | 7805/8810 [00:11<00:01, 703.56it/s]
 90%|████████▉ | 7885/8810 [00:11<00:01, 726.07it/s]
 90%|█████████ | 7960/8810 [00:11<00:01, 636.23it/s]
 91%|█████████ | 8032/8810 [00:12<00:01, 657.25it/s]
 92%|█████████▏| 8101/8810 [00:12<00:01, 549.27it/s]
 93%|█████████▎| 8174/8810 [00:12<00:01, 592.06it/s]
 94%|█████████▎| 8238/8810 [00:12<00:00, 593.69it/s]
 94%|█████████▍| 8311/8810 [00:12<00:00, 624.93it/s]
 95%|█████████▌| 8376/8810 [00:12<00:00, 517.32it/s]
 96%|█████████▌| 8468/8810 [00:12<00:00, 609.61it/s]
 97%|█████████▋| 8541/8810 [00:12<00:00, 636.78it/s]
 98%|█████████▊| 8622/8810 [00:12<00:00, 672.75it/s]
 99%|█████████▊| 8696/8810 [00:13<00:00, 690.17it/s]
100%|█████████▉| 8768/8810 [00:13<00:00, 656.95it/s]
100%|██████████| 8810/8810 [00:13<00:00, 664.90it/s]
